Copyright 1986-2022 Xilinx, Inc. All Rights Reserved. Copyright 2022-2025 Advanced Micro Devices, Inc. All Rights Reserved.
--------------------------------------------------------------------------------------------------------------------------------------------------
| Tool Version      : Vivado v.2025.2 (lin64) Build 6299465 Fri Nov 14 12:34:56 MST 2025
| Date              : Mon Sep 28 23:17:13 2026
| Host              : alen-HP-Pavilion-Laptop-14-ec0xxx running 64-bit Ubuntu 24.04.5 LTS
| Command           : report_timing_summary -file ./report/autowhitebalance_accel_timing_synth.rpt
| Design            : bd_0_wrapper
| Device            : xck26-sfvc784
| Speed File        : -2LV  PRODUCTION 1.30 05-15-2022
| Design State      : Synthesized
| Temperature Grade : C
--------------------------------------------------------------------------------------------------------------------------------------------------

Timing Summary Report

------------------------------------------------------------------------------------------------
| Timer Settings
| --------------
------------------------------------------------------------------------------------------------

  Enable Multi Corner Analysis               :  Yes
  Enable Pessimism Removal                   :  Yes
  Pessimism Removal Resolution               :  Nearest Common Node
  Enable Input Delay Default Clock           :  No
  Enable Preset / Clear Arcs                 :  No
  Disable Flight Delays                      :  No
  Ignore I/O Paths                           :  No
  Timing Early Launch at Borrowing Latches   :  No
  Borrow Time for Max Delay Exceptions       :  Yes
  Merge Timing Exceptions                    :  Yes
  Inter-SLR Compensation                     :  Conservative

  Corner  Analyze    Analyze    
  Name    Max Paths  Min Paths  
  ------  ---------  ---------  
  Slow    Yes        Yes        
  Fast    Yes        Yes        


------------------------------------------------------------------------------------------------
| Report Methodology
| ------------------
------------------------------------------------------------------------------------------------

No report available as report_methodology has not been run prior. Run report_methodology on the current design for the summary of methodology violations.



check_timing report

Table of Contents
-----------------
1. checking no_clock (0)
2. checking constant_clock (0)
3. checking pulse_width_clock (0)
4. checking unconstrained_internal_endpoints (0)
5. checking no_input_delay (88)
6. checking no_output_delay (82)
7. checking multiple_clock (0)
8. checking generated_clocks (0)
9. checking loops (0)
10. checking partial_input_delay (0)
11. checking partial_output_delay (0)
12. checking latch_loops (0)

1. checking no_clock (0)
------------------------
 There are 0 register/latch pins with no clock.


2. checking constant_clock (0)
------------------------------
 There are 0 register/latch pins with constant_clock.


3. checking pulse_width_clock (0)
---------------------------------
 There are 0 register/latch pins which need pulse_width check


4. checking unconstrained_internal_endpoints (0)
------------------------------------------------
 There are 0 pins that are not constrained for maximum delay.

 There are 0 pins that are not constrained for maximum delay due to constant clock.


5. checking no_input_delay (88)
-------------------------------
 There are 88 input ports with no input delay specified. (HIGH)

 There are 0 input ports with no input delay but user has a false path constraint.


6. checking no_output_delay (82)
--------------------------------
 There are 82 ports with no output delay specified. (HIGH)

 There are 0 ports with no output delay but user has a false path constraint

 There are 0 ports with no output delay but with a timing clock defined on it or propagating through it


7. checking multiple_clock (0)
------------------------------
 There are 0 register/latch pins with multiple clocks.


8. checking generated_clocks (0)
--------------------------------
 There are 0 generated clocks that are not connected to a clock source.


9. checking loops (0)
---------------------
 There are 0 combinational loops in the design.


10. checking partial_input_delay (0)
------------------------------------
 There are 0 input ports with partial input delay specified.


11. checking partial_output_delay (0)
-------------------------------------
 There are 0 ports with partial output delay specified.


12. checking latch_loops (0)
----------------------------
 There are 0 combinational latch loops in the design through latch input



------------------------------------------------------------------------------------------------
| Design Timing Summary
| ---------------------
------------------------------------------------------------------------------------------------

    WNS(ns)      TNS(ns)  TNS Failing Endpoints  TNS Total Endpoints      WHS(ns)      THS(ns)  THS Failing Endpoints  THS Total Endpoints     WPWS(ns)     TPWS(ns)  TPWS Failing Endpoints  TPWS Total Endpoints  
    -------      -------  ---------------------  -------------------      -------      -------  ---------------------  -------------------     --------     --------  ----------------------  --------------------  
      4.090        0.000                      0                 8915        0.107        0.000                      0                 8915        4.238        0.000                       0                  5179  


All user specified timing constraints are met.


------------------------------------------------------------------------------------------------
| Clock Summary
| -------------
------------------------------------------------------------------------------------------------

Clock   Waveform(ns)       Period(ns)      Frequency(MHz)
-----   ------------       ----------      --------------
ap_clk  {0.000 5.000}      10.000          100.000         


------------------------------------------------------------------------------------------------
| Intra Clock Table
| -----------------
------------------------------------------------------------------------------------------------

Clock             WNS(ns)      TNS(ns)  TNS Failing Endpoints  TNS Total Endpoints      WHS(ns)      THS(ns)  THS Failing Endpoints  THS Total Endpoints     WPWS(ns)     TPWS(ns)  TPWS Failing Endpoints  TPWS Total Endpoints  
-----             -------      -------  ---------------------  -------------------      -------      -------  ---------------------  -------------------     --------     --------  ----------------------  --------------------  
ap_clk              4.090        0.000                      0                 8915        0.107        0.000                      0                 8915        4.238        0.000                       0                  5179  


------------------------------------------------------------------------------------------------
| Inter Clock Table
| -----------------
------------------------------------------------------------------------------------------------

From Clock    To Clock          WNS(ns)      TNS(ns)  TNS Failing Endpoints  TNS Total Endpoints      WHS(ns)      THS(ns)  THS Failing Endpoints  THS Total Endpoints  
----------    --------          -------      -------  ---------------------  -------------------      -------      -------  ---------------------  -------------------  


------------------------------------------------------------------------------------------------
| Other Path Groups Table
| -----------------------
------------------------------------------------------------------------------------------------

Path Group    From Clock    To Clock          WNS(ns)      TNS(ns)  TNS Failing Endpoints  TNS Total Endpoints      WHS(ns)      THS(ns)  THS Failing Endpoints  THS Total Endpoints  
----------    ----------    --------          -------      -------  ---------------------  -------------------      -------      -------  ---------------------  -------------------  


------------------------------------------------------------------------------------------------
| Timing Details
| --------------
------------------------------------------------------------------------------------------------


---------------------------------------------------------------------------------------------------
From Clock:  ap_clk
  To Clock:  ap_clk

Setup :            0  Failing Endpoints,  Worst Slack        4.090ns,  Total Violation        0.000ns
Hold  :            0  Failing Endpoints,  Worst Slack        0.107ns,  Total Violation        0.000ns
PW    :            0  Failing Endpoints,  Worst Slack        4.238ns,  Total Violation        0.000ns
---------------------------------------------------------------------------------------------------


Max Delay Paths
--------------------------------------------------------------------------------------
Slack (MET) :             4.090ns  (required time - arrival time)
  Source:                 bd_0_i/hls_inst/inst/grp_AWBKernel_fu_167/AWBChannelGain_20_20_2160_3840_1_0_2_2_U0/grp_AWBChannelGainKernel_20_20_2160_3840_1_2_2_3_23_23_13_13_3840_s_fu_79/grp_AWBChannelGainKernel_Pipeline_Col_Loop_fu_258/val1_reg_347_reg[0]/C
                            (rising edge-triggered cell FDRE clocked by ap_clk  {rise@0.000ns fall@5.000ns period=10.000ns})
  Destination:            bd_0_i/hls_inst/inst/grp_AWBKernel_fu_167/AWBChannelGain_20_20_2160_3840_1_0_2_2_U0/grp_AWBChannelGainKernel_20_20_2160_3840_1_2_2_3_23_23_13_13_3840_s_fu_79/tmpsum_vals_1_fu_154_reg[11]/D
                            (rising edge-triggered cell FDRE clocked by ap_clk  {rise@0.000ns fall@5.000ns period=10.000ns})
  Path Group:             ap_clk
  Path Type:              Setup (Max at Slow Process Corner)
  Requirement:            10.000ns  (ap_clk rise@10.000ns - ap_clk rise@0.000ns)
  Data Path Delay:        5.907ns  (logic 4.210ns (71.271%)  route 1.697ns (28.729%))
  Logic Levels:           15  (CARRY8=3 DSP_A_B_DATA=1 DSP_ALU=2 DSP_M_DATA=1 DSP_MULTIPLIER=1 DSP_OUTPUT=2 DSP_PREADD_DATA=1 LUT3=1 LUT4=2 LUT6=1)
  Clock Path Skew:        -0.012ns (DCD - SCD + CPR)
    Destination Clock Delay (DCD):    0.029ns = ( 10.029 - 10.000 ) 
    Source Clock Delay      (SCD):    0.041ns
    Clock Pessimism Removal (CPR):    0.000ns
  Clock Uncertainty:      0.035ns  ((TSJ^2 + TIJ^2)^1/2 + DJ) / 2 + PE
    Total System Jitter     (TSJ):    0.071ns
    Total Input Jitter      (TIJ):    0.000ns
    Discrete Jitter          (DJ):    0.000ns
    Phase Error              (PE):    0.000ns

    Location             Delay type                Incr(ns)  Path(ns)    Netlist Resource(s)
  -------------------------------------------------------------------    -------------------
                         (clock ap_clk rise edge)     0.000     0.000 r  
                                                      0.000     0.000 r  ap_clk (IN)
                         net (fo=5236, unset)         0.041     0.041    bd_0_i/hls_inst/inst/grp_AWBKernel_fu_167/AWBChannelGain_20_20_2160_3840_1_0_2_2_U0/grp_AWBChannelGainKernel_20_20_2160_3840_1_2_2_3_23_23_13_13_3840_s_fu_79/grp_AWBChannelGainKernel_Pipeline_Col_Loop_fu_258/ap_clk
                         FDRE                                         r  bd_0_i/hls_inst/inst/grp_AWBKernel_fu_167/AWBChannelGain_20_20_2160_3840_1_0_2_2_U0/grp_AWBChannelGainKernel_20_20_2160_3840_1_2_2_3_23_23_13_13_3840_s_fu_79/grp_AWBChannelGainKernel_Pipeline_Col_Loop_fu_258/val1_reg_347_reg[0]/C
  -------------------------------------------------------------------    -------------------
                         FDRE (Prop_FDRE_C_Q)         0.114     0.155 r  bd_0_i/hls_inst/inst/grp_AWBKernel_fu_167/AWBChannelGain_20_20_2160_3840_1_0_2_2_U0/grp_AWBChannelGainKernel_20_20_2160_3840_1_2_2_3_23_23_13_13_3840_s_fu_79/grp_AWBChannelGainKernel_Pipeline_Col_Loop_fu_258/val1_reg_347_reg[0]/Q
                         net (fo=11, unplaced)        0.142     0.297    bd_0_i/hls_inst/inst/grp_AWBKernel_fu_167/AWBChannelGain_20_20_2160_3840_1_0_2_2_U0/grp_AWBChannelGainKernel_20_20_2160_3840_1_2_2_3_23_23_13_13_3840_s_fu_79/grp_AWBChannelGainKernel_Pipeline_Col_Loop_fu_258/mul_32ns_10ns_42_1_1_U49/tmpsum_vals_fu_158_reg[39]_i_35[0]
                         LUT4 (Prop_LUT4_I0_O)        0.194     0.491 r  bd_0_i/hls_inst/inst/grp_AWBKernel_fu_167/AWBChannelGain_20_20_2160_3840_1_0_2_2_U0/grp_AWBChannelGainKernel_20_20_2160_3840_1_2_2_3_23_23_13_13_3840_s_fu_79/grp_AWBChannelGainKernel_Pipeline_Col_Loop_fu_258/mul_32ns_10ns_42_1_1_U49/tmp_product_i_47/O
                         net (fo=1, unplaced)         0.276     0.767    bd_0_i/hls_inst/inst/grp_AWBKernel_fu_167/AWBChannelGain_20_20_2160_3840_1_0_2_2_U0/grp_AWBChannelGainKernel_20_20_2160_3840_1_2_2_3_23_23_13_13_3840_s_fu_79/grp_AWBChannelGainKernel_Pipeline_Col_Loop_fu_258/mul_32ns_10ns_42_1_1_U49/tmp_product_i_47_n_9
                         CARRY8 (Prop_CARRY8_DI[0]_CO[4])
                                                      0.266     1.033 r  bd_0_i/hls_inst/inst/grp_AWBKernel_fu_167/AWBChannelGain_20_20_2160_3840_1_0_2_2_U0/grp_AWBChannelGainKernel_20_20_2160_3840_1_2_2_3_23_23_13_13_3840_s_fu_79/grp_AWBChannelGainKernel_Pipeline_Col_Loop_fu_258/mul_32ns_10ns_42_1_1_U49/tmp_product_i_15/CO[4]
                         net (fo=10, unplaced)        0.245     1.278    bd_0_i/hls_inst/inst/grp_AWBKernel_fu_167/AWBChannelGain_20_20_2160_3840_1_0_2_2_U0/grp_AWBChannelGainKernel_20_20_2160_3840_1_2_2_3_23_23_13_13_3840_s_fu_79/grp_AWBChannelGainKernel_Pipeline_Col_Loop_fu_258/mul_32ns_10ns_42_1_1_U49/p_1_in
                         LUT6 (Prop_LUT6_I0_O)        0.137     1.415 f  bd_0_i/hls_inst/inst/grp_AWBKernel_fu_167/AWBChannelGain_20_20_2160_3840_1_0_2_2_U0/grp_AWBChannelGainKernel_20_20_2160_3840_1_2_2_3_23_23_13_13_3840_s_fu_79/grp_AWBChannelGainKernel_Pipeline_Col_Loop_fu_258/mul_32ns_10ns_42_1_1_U49/tmp_product_i_11/O
                         net (fo=4, unplaced)         0.269     1.684    bd_0_i/hls_inst/inst/grp_AWBKernel_fu_167/AWBChannelGain_20_20_2160_3840_1_0_2_2_U0/grp_AWBChannelGainKernel_20_20_2160_3840_1_2_2_3_23_23_13_13_3840_s_fu_79/grp_AWBChannelGainKernel_Pipeline_Col_Loop_fu_258/mul_32ns_10ns_42_1_1_U49/tmp_product/B[0]
                         DSP_A_B_DATA (Prop_DSP_A_B_DATA_B[0]_B2_DATA[0])
                                                      0.216     1.900 r  bd_0_i/hls_inst/inst/grp_AWBKernel_fu_167/AWBChannelGain_20_20_2160_3840_1_0_2_2_U0/grp_AWBChannelGainKernel_20_20_2160_3840_1_2_2_3_23_23_13_13_3840_s_fu_79/grp_AWBChannelGainKernel_Pipeline_Col_Loop_fu_258/mul_32ns_10ns_42_1_1_U49/tmp_product/DSP_A_B_DATA_INST/B2_DATA[0]
                         net (fo=1, unplaced)         0.000     1.900    bd_0_i/hls_inst/inst/grp_AWBKernel_fu_167/AWBChannelGain_20_20_2160_3840_1_0_2_2_U0/grp_AWBChannelGainKernel_20_20_2160_3840_1_2_2_3_23_23_13_13_3840_s_fu_79/grp_AWBChannelGainKernel_Pipeline_Col_Loop_fu_258/mul_32ns_10ns_42_1_1_U49/tmp_product/DSP_A_B_DATA.B2_DATA<0>
                         DSP_PREADD_DATA (Prop_DSP_PREADD_DATA_B2_DATA[0]_B2B1[0])
                                                      0.097     1.997 r  bd_0_i/hls_inst/inst/grp_AWBKernel_fu_167/AWBChannelGain_20_20_2160_3840_1_0_2_2_U0/grp_AWBChannelGainKernel_20_20_2160_3840_1_2_2_3_23_23_13_13_3840_s_fu_79/grp_AWBChannelGainKernel_Pipeline_Col_Loop_fu_258/mul_32ns_10ns_42_1_1_U49/tmp_product/DSP_PREADD_DATA_INST/B2B1[0]
                         net (fo=1, unplaced)         0.000     1.997    bd_0_i/hls_inst/inst/grp_AWBKernel_fu_167/AWBChannelGain_20_20_2160_3840_1_0_2_2_U0/grp_AWBChannelGainKernel_20_20_2160_3840_1_2_2_3_23_23_13_13_3840_s_fu_79/grp_AWBChannelGainKernel_Pipeline_Col_Loop_fu_258/mul_32ns_10ns_42_1_1_U49/tmp_product/DSP_PREADD_DATA.B2B1<0>
                         DSP_MULTIPLIER (Prop_DSP_MULTIPLIER_B2B1[0]_U[31])
                                                      0.773     2.770 f  bd_0_i/hls_inst/inst/grp_AWBKernel_fu_167/AWBChannelGain_20_20_2160_3840_1_0_2_2_U0/grp_AWBChannelGainKernel_20_20_2160_3840_1_2_2_3_23_23_13_13_3840_s_fu_79/grp_AWBChannelGainKernel_Pipeline_Col_Loop_fu_258/mul_32ns_10ns_42_1_1_U49/tmp_product/DSP_MULTIPLIER_INST/U[31]
                         net (fo=1, unplaced)         0.000     2.770    bd_0_i/hls_inst/inst/grp_AWBKernel_fu_167/AWBChannelGain_20_20_2160_3840_1_0_2_2_U0/grp_AWBChannelGainKernel_20_20_2160_3840_1_2_2_3_23_23_13_13_3840_s_fu_79/grp_AWBChannelGainKernel_Pipeline_Col_Loop_fu_258/mul_32ns_10ns_42_1_1_U49/tmp_product/DSP_MULTIPLIER.U<31>
                         DSP_M_DATA (Prop_DSP_M_DATA_U[31]_U_DATA[31])
                                                      0.067     2.837 r  bd_0_i/hls_inst/inst/grp_AWBKernel_fu_167/AWBChannelGain_20_20_2160_3840_1_0_2_2_U0/grp_AWBChannelGainKernel_20_20_2160_3840_1_2_2_3_23_23_13_13_3840_s_fu_79/grp_AWBChannelGainKernel_Pipeline_Col_Loop_fu_258/mul_32ns_10ns_42_1_1_U49/tmp_product/DSP_M_DATA_INST/U_DATA[31]
                         net (fo=1, unplaced)         0.000     2.837    bd_0_i/hls_inst/inst/grp_AWBKernel_fu_167/AWBChannelGain_20_20_2160_3840_1_0_2_2_U0/grp_AWBChannelGainKernel_20_20_2160_3840_1_2_2_3_23_23_13_13_3840_s_fu_79/grp_AWBChannelGainKernel_Pipeline_Col_Loop_fu_258/mul_32ns_10ns_42_1_1_U49/tmp_product/DSP_M_DATA.U_DATA<31>
                         DSP_ALU (Prop_DSP_ALU_U_DATA[31]_ALU_OUT[47])
                                                      0.727     3.564 f  bd_0_i/hls_inst/inst/grp_AWBKernel_fu_167/AWBChannelGain_20_20_2160_3840_1_0_2_2_U0/grp_AWBChannelGainKernel_20_20_2160_3840_1_2_2_3_23_23_13_13_3840_s_fu_79/grp_AWBChannelGainKernel_Pipeline_Col_Loop_fu_258/mul_32ns_10ns_42_1_1_U49/tmp_product/DSP_ALU_INST/ALU_OUT[47]
                         net (fo=1, unplaced)         0.000     3.564    bd_0_i/hls_inst/inst/grp_AWBKernel_fu_167/AWBChannelGain_20_20_2160_3840_1_0_2_2_U0/grp_AWBChannelGainKernel_20_20_2160_3840_1_2_2_3_23_23_13_13_3840_s_fu_79/grp_AWBChannelGainKernel_Pipeline_Col_Loop_fu_258/mul_32ns_10ns_42_1_1_U49/tmp_product/DSP_ALU.ALU_OUT<47>
                         DSP_OUTPUT (Prop_DSP_OUTPUT_ALU_OUT[47]_PCOUT[47])
                                                      0.167     3.731 r  bd_0_i/hls_inst/inst/grp_AWBKernel_fu_167/AWBChannelGain_20_20_2160_3840_1_0_2_2_U0/grp_AWBChannelGainKernel_20_20_2160_3840_1_2_2_3_23_23_13_13_3840_s_fu_79/grp_AWBChannelGainKernel_Pipeline_Col_Loop_fu_258/mul_32ns_10ns_42_1_1_U49/tmp_product/DSP_OUTPUT_INST/PCOUT[47]
                         net (fo=1, unplaced)         0.014     3.745    bd_0_i/hls_inst/inst/grp_AWBKernel_fu_167/AWBChannelGain_20_20_2160_3840_1_0_2_2_U0/grp_AWBChannelGainKernel_20_20_2160_3840_1_2_2_3_23_23_13_13_3840_s_fu_79/grp_AWBChannelGainKernel_Pipeline_Col_Loop_fu_258/mul_32ns_10ns_42_1_1_U49/tmp_product__0/PCIN[47]
                         DSP_ALU (Prop_DSP_ALU_PCIN[47]_ALU_OUT[3])
                                                      0.739     4.484 r  bd_0_i/hls_inst/inst/grp_AWBKernel_fu_167/AWBChannelGain_20_20_2160_3840_1_0_2_2_U0/grp_AWBChannelGainKernel_20_20_2160_3840_1_2_2_3_23_23_13_13_3840_s_fu_79/grp_AWBChannelGainKernel_Pipeline_Col_Loop_fu_258/mul_32ns_10ns_42_1_1_U49/tmp_product__0/DSP_ALU_INST/ALU_OUT[3]
                         net (fo=1, unplaced)         0.000     4.484    bd_0_i/hls_inst/inst/grp_AWBKernel_fu_167/AWBChannelGain_20_20_2160_3840_1_0_2_2_U0/grp_AWBChannelGainKernel_20_20_2160_3840_1_2_2_3_23_23_13_13_3840_s_fu_79/grp_AWBChannelGainKernel_Pipeline_Col_Loop_fu_258/mul_32ns_10ns_42_1_1_U49/tmp_product__0/DSP_ALU.ALU_OUT<3>
                         DSP_OUTPUT (Prop_DSP_OUTPUT_ALU_OUT[3]_P[3])
                                                      0.146     4.630 f  bd_0_i/hls_inst/inst/grp_AWBKernel_fu_167/AWBChannelGain_20_20_2160_3840_1_0_2_2_U0/grp_AWBChannelGainKernel_20_20_2160_3840_1_2_2_3_23_23_13_13_3840_s_fu_79/grp_AWBChannelGainKernel_Pipeline_Col_Loop_fu_258/mul_32ns_10ns_42_1_1_U49/tmp_product__0/DSP_OUTPUT_INST/P[3]
                         net (fo=2, unplaced)         0.207     4.837    bd_0_i/hls_inst/inst/grp_AWBKernel_fu_167/AWBChannelGain_20_20_2160_3840_1_0_2_2_U0/grp_AWBChannelGainKernel_20_20_2160_3840_1_2_2_3_23_23_13_13_3840_s_fu_79/grp_AWBChannelGainKernel_Pipeline_Col_Loop_fu_258/mul_32ns_10ns_42_1_1_U49/tmp_product[20]
                         LUT4 (Prop_LUT4_I1_O)        0.193     5.030 r  bd_0_i/hls_inst/inst/grp_AWBKernel_fu_167/AWBChannelGain_20_20_2160_3840_1_0_2_2_U0/grp_AWBChannelGainKernel_20_20_2160_3840_1_2_2_3_23_23_13_13_3840_s_fu_79/grp_AWBChannelGainKernel_Pipeline_Col_Loop_fu_258/mul_32ns_10ns_42_1_1_U49/tmpsum_vals_fu_158[39]_i_23/O
                         net (fo=1, unplaced)         0.277     5.307    bd_0_i/hls_inst/inst/grp_AWBKernel_fu_167/AWBChannelGain_20_20_2160_3840_1_0_2_2_U0/grp_AWBChannelGainKernel_20_20_2160_3840_1_2_2_3_23_23_13_13_3840_s_fu_79/grp_AWBChannelGainKernel_Pipeline_Col_Loop_fu_258/mul_32ns_10ns_42_1_1_U49/tmpsum_vals_fu_158[39]_i_23_n_9
                         CARRY8 (Prop_CARRY8_DI[2]_CO[7])
                                                      0.172     5.479 r  bd_0_i/hls_inst/inst/grp_AWBKernel_fu_167/AWBChannelGain_20_20_2160_3840_1_0_2_2_U0/grp_AWBChannelGainKernel_20_20_2160_3840_1_2_2_3_23_23_13_13_3840_s_fu_79/grp_AWBChannelGainKernel_Pipeline_Col_Loop_fu_258/mul_32ns_10ns_42_1_1_U49/tmpsum_vals_fu_158_reg[39]_i_5/CO[7]
                         net (fo=1, unplaced)         0.006     5.485    bd_0_i/hls_inst/inst/grp_AWBKernel_fu_167/AWBChannelGain_20_20_2160_3840_1_0_2_2_U0/grp_AWBChannelGainKernel_20_20_2160_3840_1_2_2_3_23_23_13_13_3840_s_fu_79/grp_AWBChannelGainKernel_Pipeline_Col_Loop_fu_258/mul_32ns_10ns_42_1_1_U49/tmpsum_vals_fu_158_reg[39]_i_5_n_9
                         CARRY8 (Prop_CARRY8_CI_CO[5])
                                                      0.107     5.592 r  bd_0_i/hls_inst/inst/grp_AWBKernel_fu_167/AWBChannelGain_20_20_2160_3840_1_0_2_2_U0/grp_AWBChannelGainKernel_20_20_2160_3840_1_2_2_3_23_23_13_13_3840_s_fu_79/grp_AWBChannelGainKernel_Pipeline_Col_Loop_fu_258/mul_32ns_10ns_42_1_1_U49/tmpsum_vals_fu_158_reg[39]_i_3/CO[5]
                         net (fo=120, unplaced)       0.194     5.786    bd_0_i/hls_inst/inst/grp_AWBKernel_fu_167/AWBChannelGain_20_20_2160_3840_1_0_2_2_U0/grp_AWBChannelGainKernel_20_20_2160_3840_1_2_2_3_23_23_13_13_3840_s_fu_79/grp_AWBChannelGainKernel_Pipeline_Col_Loop_fu_258/mul_32ns_10ns_42_1_1_U49/p_0_in
                         LUT3 (Prop_LUT3_I0_O)        0.095     5.881 r  bd_0_i/hls_inst/inst/grp_AWBKernel_fu_167/AWBChannelGain_20_20_2160_3840_1_0_2_2_U0/grp_AWBChannelGainKernel_20_20_2160_3840_1_2_2_3_23_23_13_13_3840_s_fu_79/grp_AWBChannelGainKernel_Pipeline_Col_Loop_fu_258/mul_32ns_10ns_42_1_1_U49/tmpsum_vals_1_fu_154[11]_i_1/O
                         net (fo=1, unplaced)         0.067     5.948    bd_0_i/hls_inst/inst/grp_AWBKernel_fu_167/AWBChannelGain_20_20_2160_3840_1_0_2_2_U0/grp_AWBChannelGainKernel_20_20_2160_3840_1_2_2_3_23_23_13_13_3840_s_fu_79/grp_AWBChannelGainKernel_Pipeline_Col_Loop_fu_258_add_i_i85735_out_o[11]
                         FDRE                                         r  bd_0_i/hls_inst/inst/grp_AWBKernel_fu_167/AWBChannelGain_20_20_2160_3840_1_0_2_2_U0/grp_AWBChannelGainKernel_20_20_2160_3840_1_2_2_3_23_23_13_13_3840_s_fu_79/tmpsum_vals_1_fu_154_reg[11]/D
  -------------------------------------------------------------------    -------------------

                         (clock ap_clk rise edge)    10.000    10.000 r  
                                                      0.000    10.000 r  ap_clk (IN)
                         net (fo=5236, unset)         0.029    10.029    bd_0_i/hls_inst/inst/grp_AWBKernel_fu_167/AWBChannelGain_20_20_2160_3840_1_0_2_2_U0/grp_AWBChannelGainKernel_20_20_2160_3840_1_2_2_3_23_23_13_13_3840_s_fu_79/ap_clk
                         FDRE                                         r  bd_0_i/hls_inst/inst/grp_AWBKernel_fu_167/AWBChannelGain_20_20_2160_3840_1_0_2_2_U0/grp_AWBChannelGainKernel_20_20_2160_3840_1_2_2_3_23_23_13_13_3840_s_fu_79/tmpsum_vals_1_fu_154_reg[11]/C
                         clock pessimism              0.000    10.029    
                         clock uncertainty           -0.035     9.994    
                         FDRE (Setup_FDRE_C_D)        0.044    10.038    bd_0_i/hls_inst/inst/grp_AWBKernel_fu_167/AWBChannelGain_20_20_2160_3840_1_0_2_2_U0/grp_AWBChannelGainKernel_20_20_2160_3840_1_2_2_3_23_23_13_13_3840_s_fu_79/tmpsum_vals_1_fu_154_reg[11]
  -------------------------------------------------------------------
                         required time                         10.038    
                         arrival time                          -5.948    
  -------------------------------------------------------------------
                         slack                                  4.090    





Min Delay Paths
--------------------------------------------------------------------------------------
Slack (MET) :             0.107ns  (arrival time - required time)
  Source:                 bd_0_wrapper/bd_0/bd_0_hls_inst_0/bd_0_hls_inst_0_autowhitebalance_accel/bd_0_hls_inst_0_autowhitebalance_accel_AWBKernel/bd_0_hls_inst_0_autowhitebalance_accel_AWBChannelGain_20_20_2160_3840_1_0_2_2_s/bd_0_hls_inst_0_autowhitebalance_accel_AWBChannelGainKernel_20_20_2160_3840_1_2_2_3_23_23_13_13_3840_s/bd_0_hls_inst_0_autowhitebalance_accel_sitofp_32ns_32_4_no_dsp_1/bd_0_hls_inst_0_autowhitebalance_accel_sitofp_32ns_32_4_no_dsp_1_ip/<hidden>/<hidden>/<hidden>/<hidden>
                            (rising edge-triggered cell FDRE clocked by ap_clk  {rise@0.000ns fall@5.000ns period=10.000ns})
  Destination:            bd_0_i/hls_inst/inst/grp_AWBKernel_fu_167/AWBChannelGain_20_20_2160_3840_1_0_2_2_U0/grp_AWBChannelGainKernel_20_20_2160_3840_1_2_2_3_23_23_13_13_3840_s_fu_79/conv_reg_1007_reg[10]/D
                            (rising edge-triggered cell FDRE clocked by ap_clk  {rise@0.000ns fall@5.000ns period=10.000ns})
  Path Group:             ap_clk
  Path Type:              Hold (Min at Fast Process Corner)
  Requirement:            0.000ns  (ap_clk rise@0.000ns - ap_clk rise@0.000ns)
  Data Path Delay:        0.156ns  (logic 0.082ns (52.564%)  route 0.074ns (47.436%))
  Logic Levels:           0  
  Clock Path Skew:        0.005ns (DCD - SCD - CPR)
    Destination Clock Delay (DCD):    0.019ns
    Source Clock Delay      (SCD):    0.014ns
    Clock Pessimism Removal (CPR):    -0.000ns

    Location             Delay type                Incr(ns)  Path(ns)    Netlist Resource(s)
  -------------------------------------------------------------------    -------------------
                         (clock ap_clk rise edge)     0.000     0.000 r  
                                                      0.000     0.000 r  ap_clk (IN)
                         net (fo=5236, unset)         0.014     0.014    bd_0_wrapper/bd_0/bd_0_hls_inst_0/bd_0_hls_inst_0_autowhitebalance_accel/bd_0_hls_inst_0_autowhitebalance_accel_AWBKernel/bd_0_hls_inst_0_autowhitebalance_accel_AWBChannelGain_20_20_2160_3840_1_0_2_2_s/bd_0_hls_inst_0_autowhitebalance_accel_AWBChannelGainKernel_20_20_2160_3840_1_2_2_3_23_23_13_13_3840_s/bd_0_hls_inst_0_autowhitebalance_accel_sitofp_32ns_32_4_no_dsp_1/bd_0_hls_inst_0_autowhitebalance_accel_sitofp_32ns_32_4_no_dsp_1_ip/<hidden>/<hidden>/<hidden>/<hidden>
                         FDRE                                         r  bd_0_wrapper/bd_0/bd_0_hls_inst_0/bd_0_hls_inst_0_autowhitebalance_accel/bd_0_hls_inst_0_autowhitebalance_accel_AWBKernel/bd_0_hls_inst_0_autowhitebalance_accel_AWBChannelGain_20_20_2160_3840_1_0_2_2_s/bd_0_hls_inst_0_autowhitebalance_accel_AWBChannelGainKernel_20_20_2160_3840_1_2_2_3_23_23_13_13_3840_s/bd_0_hls_inst_0_autowhitebalance_accel_sitofp_32ns_32_4_no_dsp_1/bd_0_hls_inst_0_autowhitebalance_accel_sitofp_32ns_32_4_no_dsp_1_ip/<hidden>/<hidden>/<hidden>/<hidden>
  -------------------------------------------------------------------    -------------------
                         FDRE (Prop_FDRE_C_Q)         0.082     0.096 r  bd_0_wrapper/bd_0/bd_0_hls_inst_0/bd_0_hls_inst_0_autowhitebalance_accel/bd_0_hls_inst_0_autowhitebalance_accel_AWBKernel/bd_0_hls_inst_0_autowhitebalance_accel_AWBChannelGain_20_20_2160_3840_1_0_2_2_s/bd_0_hls_inst_0_autowhitebalance_accel_AWBChannelGainKernel_20_20_2160_3840_1_2_2_3_23_23_13_13_3840_s/bd_0_hls_inst_0_autowhitebalance_accel_sitofp_32ns_32_4_no_dsp_1/bd_0_hls_inst_0_autowhitebalance_accel_sitofp_32ns_32_4_no_dsp_1_ip/<hidden>/<hidden>/<hidden>/<hidden>
                         net (fo=1, unplaced)         0.074     0.170    bd_0_i/hls_inst/inst/grp_AWBKernel_fu_167/AWBChannelGain_20_20_2160_3840_1_0_2_2_U0/grp_AWBChannelGainKernel_20_20_2160_3840_1_2_2_3_23_23_13_13_3840_s_fu_79/grp_fu_281_p1[10]
                         FDRE                                         r  bd_0_i/hls_inst/inst/grp_AWBKernel_fu_167/AWBChannelGain_20_20_2160_3840_1_0_2_2_U0/grp_AWBChannelGainKernel_20_20_2160_3840_1_2_2_3_23_23_13_13_3840_s_fu_79/conv_reg_1007_reg[10]/D
  -------------------------------------------------------------------    -------------------

                         (clock ap_clk rise edge)     0.000     0.000 r  
                                                      0.000     0.000 r  ap_clk (IN)
                         net (fo=5236, unset)         0.019     0.019    bd_0_i/hls_inst/inst/grp_AWBKernel_fu_167/AWBChannelGain_20_20_2160_3840_1_0_2_2_U0/grp_AWBChannelGainKernel_20_20_2160_3840_1_2_2_3_23_23_13_13_3840_s_fu_79/ap_clk
                         FDRE                                         r  bd_0_i/hls_inst/inst/grp_AWBKernel_fu_167/AWBChannelGain_20_20_2160_3840_1_0_2_2_U0/grp_AWBChannelGainKernel_20_20_2160_3840_1_2_2_3_23_23_13_13_3840_s_fu_79/conv_reg_1007_reg[10]/C
                         clock pessimism              0.000     0.019    
                         FDRE (Hold_FDRE_C_D)         0.044     0.063    bd_0_i/hls_inst/inst/grp_AWBKernel_fu_167/AWBChannelGain_20_20_2160_3840_1_0_2_2_U0/grp_AWBChannelGainKernel_20_20_2160_3840_1_2_2_3_23_23_13_13_3840_s_fu_79/conv_reg_1007_reg[10]
  -------------------------------------------------------------------
                         required time                         -0.063    
                         arrival time                           0.170    
  -------------------------------------------------------------------
                         slack                                  0.107    





Pulse Width Checks
--------------------------------------------------------------------------------------
Clock Name:         ap_clk
Waveform(ns):       { 0.000 5.000 }
Period(ns):         10.000
Sources:            { ap_clk }

Check Type        Corner  Lib Pin      Reference Pin  Required(ns)  Actual(ns)  Slack(ns)  Location  Pin
Min Period        n/a     SRLC32E/CLK  n/a            1.524         10.000      8.476                bd_0_i/hls_inst/inst/grp_AWBKernel_fu_167/AWBChannelGain_20_20_2160_3840_1_0_2_2_U0/grp_AWBChannelGainKernel_20_20_2160_3840_1_2_2_3_23_23_13_13_3840_s_fu_79/udiv_102ns_56ns_56_106_seq_1_U76/autowhitebalance_accel_udiv_102ns_56ns_56_106_seq_1_divseq_u/r_stage_reg[100]_srl4___grp_AWBKernel_fu_167_AWBChannelGain_20_20_2160_3840_1_0_2_2_U0_grp_AWBChannelGainKernel_20_20_2160_3840_1_2_2_3_23_23_13_13_3840_s_fu_79_udiv_102ns_56ns_56_106_seq_1_U76_autowhitebalance_accel_udiv_102ns_56ns_56_106_seq_1_divseq_u_r_stage_reg_r_98/CLK
Low Pulse Width   Slow    SRLC32E/CLK  n/a            0.762         5.000       4.238                bd_0_i/hls_inst/inst/grp_AWBKernel_fu_167/AWBChannelGain_20_20_2160_3840_1_0_2_2_U0/grp_AWBChannelGainKernel_20_20_2160_3840_1_2_2_3_23_23_13_13_3840_s_fu_79/udiv_102ns_56ns_56_106_seq_1_U76/autowhitebalance_accel_udiv_102ns_56ns_56_106_seq_1_divseq_u/r_stage_reg[100]_srl4___grp_AWBKernel_fu_167_AWBChannelGain_20_20_2160_3840_1_0_2_2_U0_grp_AWBChannelGainKernel_20_20_2160_3840_1_2_2_3_23_23_13_13_3840_s_fu_79_udiv_102ns_56ns_56_106_seq_1_U76_autowhitebalance_accel_udiv_102ns_56ns_56_106_seq_1_divseq_u_r_stage_reg_r_98/CLK
High Pulse Width  Slow    SRLC32E/CLK  n/a            0.762         5.000       4.238                bd_0_i/hls_inst/inst/grp_AWBKernel_fu_167/AWBChannelGain_20_20_2160_3840_1_0_2_2_U0/grp_AWBChannelGainKernel_20_20_2160_3840_1_2_2_3_23_23_13_13_3840_s_fu_79/udiv_102ns_56ns_56_106_seq_1_U76/autowhitebalance_accel_udiv_102ns_56ns_56_106_seq_1_divseq_u/r_stage_reg[100]_srl4___grp_AWBKernel_fu_167_AWBChannelGain_20_20_2160_3840_1_0_2_2_U0_grp_AWBChannelGainKernel_20_20_2160_3840_1_2_2_3_23_23_13_13_3840_s_fu_79_udiv_102ns_56ns_56_106_seq_1_U76_autowhitebalance_accel_udiv_102ns_56ns_56_106_seq_1_divseq_u_r_stage_reg_r_98/CLK



