Copyright 1986-2022 Xilinx, Inc. All Rights Reserved. Copyright 2022-2025 Advanced Micro Devices, Inc. All Rights Reserved.
---------------------------------------------------------------------------------------------------------------------------------------------
| Tool Version : Vivado v.2025.2 (lin64) Build 6299465 Fri Nov 14 12:34:56 MST 2025
| Date         : Mon Sep 28 23:19:59 2026
| Host         : alen-HP-Pavilion-Laptop-14-ec0xxx running 64-bit Ubuntu 24.04.5 LTS
| Command      : report_design_analysis -file ./report/autowhitebalance_accel_design_analysis_routed.rpt
| Design       : bd_0_wrapper
| Device       : xck26
| Design State : Routed
---------------------------------------------------------------------------------------------------------------------------------------------

Report Design Analysis

Table of Contents
-----------------
1. Setup Path Characteristics 1-1
2. Logic Level Distribution
3. Placer Final Level Congestion Reporting
4. Router Initial Congestion

1. Setup Path Characteristics 1-1
---------------------------------

+---------------------------+-------------------------------------------------------------------------------------------------------------------------------------------------------------------+
|      Characteristics      |                                                                              Path #1                                                                              |
+---------------------------+-------------------------------------------------------------------------------------------------------------------------------------------------------------------+
| Requirement               | 10.000                                                                                                                                                            |
| Path Delay                | 7.046                                                                                                                                                             |
| Logic Delay               | 3.752(54%)                                                                                                                                                        |
| Net Delay                 | 3.294(46%)                                                                                                                                                        |
| Clock Skew                | -0.012                                                                                                                                                            |
| Slack                     | 2.787                                                                                                                                                             |
| Clock Uncertainty         | 0.035                                                                                                                                                             |
| Clock Pair Classification | Timed                                                                                                                                                             |
| Clock Delay Group         | Same Clock                                                                                                                                                        |
| Logic Levels              | 13                                                                                                                                                                |
| Routes                    | 7                                                                                                                                                                 |
| Logical Path              | FDRE/C-(31)-LUT3-(1)-DSP_A_B_DATA-(1)-DSP_PREADD_DATA-DSP_MULTIPLIER-DSP_M_DATA-DSP_ALU-DSP_OUTPUT-DSP_ALU-DSP_OUTPUT-LUT2-(1)-CARRY8-(1)-CARRY8-LUT5-(10)-FDSE/S |
| Start Point Clock         | ap_clk                                                                                                                                                            |
| End Point Clock           | ap_clk                                                                                                                                                            |
| DSP Block                 | Comb                                                                                                                                                              |
| RAM Registers             | None-None                                                                                                                                                         |
| IO Crossings              | 2                                                                                                                                                                 |
| SLR Crossings             | 0                                                                                                                                                                 |
| PBlocks                   | 0                                                                                                                                                                 |
| High Fanout               | 31                                                                                                                                                                |
| ASYNC REG                 | 0                                                                                                                                                                 |
| Dont Touch                | 0                                                                                                                                                                 |
| Mark Debug                | 0                                                                                                                                                                 |
| Start Point Pin Primitive | FDRE/C                                                                                                                                                            |
| End Point Pin Primitive   | FDSE/S                                                                                                                                                            |
| Start Point Pin           | addr_reg[0]/C                                                                                                                                                     |
| End Point Pin             | select_ln45_1_reg_338_reg[9]/S                                                                                                                                    |
+---------------------------+-------------------------------------------------------------------------------------------------------------------------------------------------------------------+
* Bounding box calculated as % of dimensions for the target device (2818, 498)


2. Logic Level Distribution
---------------------------

+-----------------+-------------+-----+----+-----+----+----+----+----+----+-----+----+----+----+----+-----+
| End Point Clock | Requirement |  1  |  2 |  3  |  5 |  6 |  7 |  8 |  9 |  10 | 11 | 12 | 13 | 14 |  15 |
+-----------------+-------------+-----+----+-----+----+----+----+----+----+-----+----+----+----+----+-----+
| ap_clk          | 10.000ns    | 165 | 81 | 125 | 75 | 60 | 34 | 25 | 47 | 123 | 35 | 33 | 53 | 14 | 130 |
+-----------------+-------------+-----+----+-----+----+----+----+----+----+-----+----+----+----+----+-----+
* Columns represent the logic levels per end point clock
** Distribution is for top worst 1000 paths


3. Placer Final Level Congestion Reporting
------------------------------------------

+-----------+------+-------+--------+---------------+----------------+-----+--------+------+------+------+------+-----+-------+-----+------------+
| Direction | Type | Level | Window | Combined LUTs | Avg LUT Inputs | LUT | LUTRAM | Flop | MUXF | RAMB | URAM | DSP | CARRY | SRL | Cell Names |
+-----------+------+-------+--------+---------------+----------------+-----+--------+------+------+------+------+-----+-------+-----+------------+
* No congestion windows are found above level 5


4. Router Initial Congestion
----------------------------

+-----------+------+-------+--------+---------------+----------------+-----+--------+------+------+------+------+-----+-------+-----+------------+-------------+
| Direction | Type | Level | Window | Combined LUTs | Avg LUT Inputs | LUT | LUTRAM | Flop | MUXF | RAMB | URAM | DSP | CARRY | SRL | Cell Names | Sub Windows |
+-----------+------+-------+--------+---------------+----------------+-----+--------+------+------+------+------+-----+-------+-----+------------+-------------+
* No effective congestion windows are found above level 5


