Copyright 1986-2022 Xilinx, Inc. All Rights Reserved. Copyright 2022-2025 Advanced Micro Devices, Inc. All Rights Reserved.
---------------------------------------------------------------------------------------------------------------------------------------------
| Tool Version : Vivado v.2025.2 (lin64) Build 6299465 Fri Nov 14 12:34:56 MST 2025
| Date         : Mon Sep 28 23:17:16 2026
| Host         : alen-HP-Pavilion-Laptop-14-ec0xxx running 64-bit Ubuntu 24.04.5 LTS
| Command      : report_design_analysis -file ./report/autowhitebalance_accel_design_analysis_synth.rpt
| Design       : bd_0_wrapper
| Device       : xck26
| Design State : Synthesized
---------------------------------------------------------------------------------------------------------------------------------------------

Report Design Analysis

Table of Contents
-----------------
1. Setup Path Characteristics 1-1
2. Logic Level Distribution
3. Placer Final Level Congestion Reporting

1. Setup Path Characteristics 1-1
---------------------------------

+---------------------------+------------------------------------------------------------------------------------------------------------------------------------------------------------------------------+
|      Characteristics      |                                                                                    Path #1                                                                                   |
+---------------------------+------------------------------------------------------------------------------------------------------------------------------------------------------------------------------+
| Requirement               | 10.000                                                                                                                                                                       |
| Path Delay                | 5.907                                                                                                                                                                        |
| Logic Delay               | 4.210(72%)                                                                                                                                                                   |
| Net Delay                 | 1.697(28%)                                                                                                                                                                   |
| Clock Skew                | -0.012                                                                                                                                                                       |
| Slack                     | 4.090                                                                                                                                                                        |
| Clock Uncertainty         | 0.035                                                                                                                                                                        |
| Clock Pair Classification | Timed                                                                                                                                                                        |
| Clock Delay Group         | Same Clock                                                                                                                                                                   |
| Logic Levels              | 15                                                                                                                                                                           |
| Routes                    | NA                                                                                                                                                                           |
| Logical Path              | FDRE/C-(11)-LUT4-(1)-CARRY8-LUT6-(4)-DSP_A_B_DATA-(1)-DSP_PREADD_DATA-DSP_MULTIPLIER-DSP_M_DATA-DSP_ALU-DSP_OUTPUT-DSP_ALU-DSP_OUTPUT-LUT4-(1)-CARRY8-CARRY8-LUT3-(1)-FDRE/D |
| Start Point Clock         | ap_clk                                                                                                                                                                       |
| End Point Clock           | ap_clk                                                                                                                                                                       |
| DSP Block                 | Comb                                                                                                                                                                         |
| RAM Registers             | None-None                                                                                                                                                                    |
| IO Crossings              | 0                                                                                                                                                                            |
| SLR Crossings             | 0                                                                                                                                                                            |
| PBlocks                   | 0                                                                                                                                                                            |
| High Fanout               | 11                                                                                                                                                                           |
| ASYNC REG                 | 0                                                                                                                                                                            |
| Dont Touch                | 0                                                                                                                                                                            |
| Mark Debug                | 0                                                                                                                                                                            |
| Start Point Pin Primitive | FDRE/C                                                                                                                                                                       |
| End Point Pin Primitive   | FDRE/D                                                                                                                                                                       |
| Start Point Pin           | val1_reg_347_reg[0]/C                                                                                                                                                        |
| End Point Pin             | tmpsum_vals_1_fu_154_reg[11]/D                                                                                                                                               |
+---------------------------+------------------------------------------------------------------------------------------------------------------------------------------------------------------------------+
* Bounding box calculated as % of dimensions for the target device (2818, 498)


2. Logic Level Distribution
---------------------------

+-----------------+-------------+-----+---+----+----+----+-----+----+----+----+----+-----+
| End Point Clock | Requirement |  5  | 6 |  7 |  8 |  9 |  10 | 11 | 12 | 13 | 14 |  15 |
+-----------------+-------------+-----+---+----+----+----+-----+----+----+----+----+-----+
| ap_clk          | 10.000ns    | 101 | 6 | 23 | 12 | 29 | 237 | 99 | 33 | 34 |  3 | 423 |
+-----------------+-------------+-----+---+----+----+----+-----+----+----+----+----+-----+
* Columns represent the logic levels per end point clock
** Distribution is for top worst 1000 paths


3. Placer Final Level Congestion Reporting
------------------------------------------

+-----------+------+-------+--------+---------------+----------------+-----+--------+------+------+------+------+-----+-------+-----+------------+
| Direction | Type | Level | Window | Combined LUTs | Avg LUT Inputs | LUT | LUTRAM | Flop | MUXF | RAMB | URAM | DSP | CARRY | SRL | Cell Names |
+-----------+------+-------+--------+---------------+----------------+-----+--------+------+------+------+------+-----+-------+-----+------------+
* The design has not been placed, hence congestion data is not available. The command report_design_analysis -congestion should be run only after place_design has completed.


