

================================================================
== Vitis HLS Report for 'v_hcresampler_core_1_Pipeline_VITIS_LOOP_1681_2'
================================================================
* Date:           Wed Dec 20 16:40:57 2023

* Version:        2023.2 (Build 4023990 on Oct 11 2023)
* Project:        prj
* Solution:       sol (Vivado IP Flow Target)
* Product family: zynq
* Target device:  xc7z020-clg484-1


================================================================
== Performance Estimates
================================================================
+ Timing: 
    * Summary: 
    +--------+---------+----------+------------+
    |  Clock |  Target | Estimated| Uncertainty|
    +--------+---------+----------+------------+
    |ap_clk  |  7.00 ns|  5.253 ns|     1.89 ns|
    +--------+---------+----------+------------+

+ Latency: 
    * Summary: 
    +---------+---------+-----------+----------+-----+-------+---------+
    |  Latency (cycles) |  Latency (absolute)  |   Interval  | Pipeline|
    |   min   |   max   |    min    |    max   | min |  max  |   Type  |
    +---------+---------+-----------+----------+-----+-------+---------+
    |        4|    32771|  28.000 ns|  0.229 ms|    4|  32771|       no|
    +---------+---------+-----------+----------+-----+-------+---------+

    + Detail: 
        * Instance: 
        N/A

        * Loop: 
        +---------------------+---------+---------+----------+-----------+-----------+-----------+----------+
        |                     |  Latency (cycles) | Iteration|  Initiation Interval  |    Trip   |          |
        |      Loop Name      |   min   |   max   |  Latency |  achieved |   target  |   Count   | Pipelined|
        +---------------------+---------+---------+----------+-----------+-----------+-----------+----------+
        |- VITIS_LOOP_1681_2  |        2|    32769|         4|          1|          1|  0 ~ 32767|       yes|
        +---------------------+---------+---------+----------+-----------+-----------+-----------+----------+



================================================================
== Utilization Estimates
================================================================
* Summary: 
+-----------------+---------+-----+--------+-------+-----+
|       Name      | BRAM_18K| DSP |   FF   |  LUT  | URAM|
+-----------------+---------+-----+--------+-------+-----+
|DSP              |        -|    -|       -|      -|    -|
|Expression       |        -|    -|       0|    331|    -|
|FIFO             |        -|    -|       -|      -|    -|
|Instance         |        -|    -|       -|      -|    -|
|Memory           |        -|    -|       -|      -|    -|
|Multiplexer      |        -|    -|       -|    221|    -|
|Register         |        -|    -|     259|     64|    -|
+-----------------+---------+-----+--------+-------+-----+
|Total            |        0|    0|     259|    616|    0|
+-----------------+---------+-----+--------+-------+-----+
|Available        |      280|  220|  106400|  53200|    0|
+-----------------+---------+-----+--------+-------+-----+
|Utilization (%)  |        0|    0|      ~0|      1|    0|
+-----------------+---------+-----+--------+-------+-----+

+ Detail: 
    * Instance: 
    N/A

    * DSP: 
    N/A

    * Memory: 
    N/A

    * FIFO: 
    N/A

    * Expression: 
    +----------------------------------+----------+----+---+----+------------+------------+
    |           Variable Name          | Operation| DSP| FF| LUT| Bitwidth P0| Bitwidth P1|
    +----------------------------------+----------+----+---+----+------------+------------+
    |add_ln1681_fu_261_p2              |         +|   0|  0|  20|          15|           1|
    |add_ln1814_1_fu_530_p2            |         +|   0|  0|  11|          11|          11|
    |add_ln1814_fu_524_p2              |         +|   0|  0|  11|          11|           1|
    |add_ln1816_1_fu_560_p2            |         +|   0|  0|  11|          11|          11|
    |add_ln1816_fu_554_p2              |         +|   0|  0|  11|          11|           1|
    |out_x_fu_271_p2                   |         -|   0|  0|  23|          16|          16|
    |ap_block_state2_pp0_stage0_iter1  |       and|   0|  0|   2|           1|           1|
    |ap_block_state3_pp0_stage0_iter2  |       and|   0|  0|   2|           1|           1|
    |ap_block_state4_pp0_stage0_iter3  |       and|   0|  0|   2|           1|           1|
    |ap_condition_560                  |       and|   0|  0|   2|           1|           1|
    |ap_predicate_op104_write_state3   |       and|   0|  0|   2|           1|           1|
    |ap_predicate_op121_write_state4   |       and|   0|  0|   2|           1|           1|
    |ap_predicate_op52_read_state2     |       and|   0|  0|   2|           1|           1|
    |cmp150_fu_287_p2                  |      icmp|   0|  0|  20|          15|           1|
    |icmp_ln1681_fu_255_p2             |      icmp|   0|  0|  23|          16|          16|
    |icmp_ln1688_fu_281_p2             |      icmp|   0|  0|  23|          16|          16|
    |ap_block_pp0_stage0_01001         |        or|   0|  0|   2|           1|           1|
    |select_ln1643_1_fu_663_p3         |    select|   0|  0|  10|           1|          10|
    |select_ln1643_fu_658_p3           |    select|   0|  0|  10|           1|          10|
    |select_ln1703_1_fu_345_p3         |    select|   0|  0|  10|           1|          10|
    |select_ln1703_fu_338_p3           |    select|   0|  0|  10|           1|          10|
    |select_ln1745_1_fu_439_p3         |    select|   0|  0|  10|           1|          10|
    |select_ln1745_2_fu_446_p3         |    select|   0|  0|  10|           1|          10|
    |select_ln1745_3_fu_453_p3         |    select|   0|  0|  10|           1|          10|
    |select_ln1745_4_fu_460_p3         |    select|   0|  0|  10|           1|          10|
    |select_ln1745_5_fu_467_p3         |    select|   0|  0|  10|           1|          10|
    |select_ln1745_fu_432_p3           |    select|   0|  0|  10|           1|          10|
    |select_ln1767_1_fu_481_p3         |    select|   0|  0|  10|           1|          10|
    |select_ln1767_2_fu_488_p3         |    select|   0|  0|  10|           1|          10|
    |select_ln1767_3_fu_495_p3         |    select|   0|  0|  10|           1|          10|
    |select_ln1767_4_fu_502_p3         |    select|   0|  0|  10|           1|          10|
    |select_ln1767_5_fu_509_p3         |    select|   0|  0|  10|           1|          10|
    |select_ln1767_fu_474_p3           |    select|   0|  0|  10|           1|          10|
    |ap_enable_pp0                     |       xor|   0|  0|   2|           1|           2|
    +----------------------------------+----------+----+---+----+------------+------------+
    |Total                             |          |   0|  0| 331|         147|         244|
    +----------------------------------+----------+----+---+----+------------+------------+

    * Multiplexer: 
    +-------------------------------+----+-----------+-----+-----------+
    |              Name             | LUT| Input Size| Bits| Total Bits|
    +-------------------------------+----+-----------+-----+-----------+
    |ap_done_int                    |   9|          2|    1|          2|
    |ap_enable_reg_pp0_iter3        |   9|          2|    1|          2|
    |ap_sig_allocacmp_x_2           |   9|          2|   15|         30|
    |inpix_0_0_0_0_0_load680_out_o  |   9|          2|   10|         20|
    |inpix_0_1_0_0_0_load682_out_o  |   9|          2|   10|         20|
    |inpix_0_2_0_0_0_load684_out_o  |   9|          2|   10|         20|
    |p_0_0_0_0_0487_1697_out_o      |   9|          2|   10|         20|
    |p_0_0_0_0_0487_2709_out_o      |   9|          2|   10|         20|
    |p_0_0_0_0_0495686_fu_120       |   9|          2|   10|         20|
    |p_0_0_0_0_0_1703_out_o         |   9|          2|   10|         20|
    |p_0_0_0_0_0_2712_out_o         |   9|          2|   10|         20|
    |p_0_1_0_0_0687715_out_o        |   9|          2|   10|         20|
    |p_0_1_0_0_0690_out_o           |   9|          2|   10|         20|
    |p_0_2_0_0_0691719_out_o        |   9|          2|   10|         20|
    |p_0_2_0_0_0694_out_o           |   9|          2|   10|         20|
    |pixbuf_y_5_out_o               |   9|          2|   10|         20|
    |pixbuf_y_6_fu_124              |   9|          2|   10|         20|
    |pixbuf_y_7_fu_128              |   9|          2|   10|         20|
    |pixbuf_y_8_fu_136              |   9|          2|   10|         20|
    |pixbuf_y_fu_132                |   9|          2|   10|         20|
    |stream_in_blk_n                |   9|          2|    1|          2|
    |stream_upsampled_blk_n         |   9|          2|    1|          2|
    |stream_upsampled_din           |  14|          3|   30|         90|
    |x_fu_116                       |   9|          2|   15|         30|
    +-------------------------------+----+-----------+-----+-----------+
    |Total                          | 221|         49|  234|        498|
    +-------------------------------+----+-----------+-----+-----------+

    * Register: 
    +-----------------------------------+----+----+-----+-----------+
    |                Name               | FF | LUT| Bits| Const Bits|
    +-----------------------------------+----+----+-----+-----------+
    |CRpix_reg_756                      |   1|   0|    1|          0|
    |CRpix_reg_756_pp0_iter1_reg        |   1|   0|    1|          0|
    |ap_CS_fsm                          |   1|   0|    1|          0|
    |ap_done_reg                        |   1|   0|    1|          0|
    |ap_enable_reg_pp0_iter1            |   1|   0|    1|          0|
    |ap_enable_reg_pp0_iter2            |   1|   0|    1|          0|
    |ap_enable_reg_pp0_iter3            |   1|   0|    1|          0|
    |ap_loop_exit_ready_pp0_iter1_reg   |   1|   0|    1|          0|
    |ap_loop_exit_ready_pp0_iter2_reg   |   1|   0|    1|          0|
    |cmp150_reg_778                     |   1|   0|    1|          0|
    |cmp150_reg_778_pp0_iter1_reg       |   1|   0|    1|          0|
    |icmp_ln1681_reg_752                |   1|   0|    1|          0|
    |icmp_ln1681_reg_752_pp0_iter1_reg  |   1|   0|    1|          0|
    |icmp_ln1688_reg_774                |   1|   0|    1|          0|
    |odd_col_reg_768                    |   1|   0|    1|          0|
    |p_0_0_0_0_0495686_fu_120           |  10|   0|   10|          0|
    |pixbuf_y_6_fu_124                  |  10|   0|   10|          0|
    |pixbuf_y_7_fu_128                  |  10|   0|   10|          0|
    |pixbuf_y_8_fu_136                  |  10|   0|   10|          0|
    |pixbuf_y_9_reg_792                 |  10|   0|   10|          0|
    |pixbuf_y_fu_132                    |  10|   0|   10|          0|
    |select_ln1767_4_reg_797            |  10|   0|   10|          0|
    |select_ln1767_5_reg_802            |  10|   0|   10|          0|
    |tmp_reg_788                        |   1|   0|    1|          0|
    |trunc_ln2_reg_807                  |  10|   0|   10|          0|
    |trunc_ln3_reg_812                  |  10|   0|   10|          0|
    |x_fu_116                           |  15|   0|   15|          0|
    |odd_col_reg_768                    |  64|  32|    1|          0|
    |tmp_reg_788                        |  64|  32|    1|          0|
    +-----------------------------------+----+----+-----+-----------+
    |Total                              | 259|  64|  133|          0|
    +-----------------------------------+----+----+-----+-----------+



================================================================
== Interface
================================================================
* Summary: 
+--------------------------------------+-----+-----+------------+-------------------------------------------------+--------------+
|               RTL Ports              | Dir | Bits|  Protocol  |                  Source Object                  |    C Type    |
+--------------------------------------+-----+-----+------------+-------------------------------------------------+--------------+
|ap_clk                                |   in|    1|  ap_ctrl_hs|  v_hcresampler_core.1_Pipeline_VITIS_LOOP_1681_2|  return value|
|ap_rst                                |   in|    1|  ap_ctrl_hs|  v_hcresampler_core.1_Pipeline_VITIS_LOOP_1681_2|  return value|
|ap_start                              |   in|    1|  ap_ctrl_hs|  v_hcresampler_core.1_Pipeline_VITIS_LOOP_1681_2|  return value|
|ap_done                               |  out|    1|  ap_ctrl_hs|  v_hcresampler_core.1_Pipeline_VITIS_LOOP_1681_2|  return value|
|ap_idle                               |  out|    1|  ap_ctrl_hs|  v_hcresampler_core.1_Pipeline_VITIS_LOOP_1681_2|  return value|
|ap_ready                              |  out|    1|  ap_ctrl_hs|  v_hcresampler_core.1_Pipeline_VITIS_LOOP_1681_2|  return value|
|stream_in_dout                        |   in|   30|     ap_fifo|                                        stream_in|       pointer|
|stream_in_num_data_valid              |   in|    5|     ap_fifo|                                        stream_in|       pointer|
|stream_in_fifo_cap                    |   in|    5|     ap_fifo|                                        stream_in|       pointer|
|stream_in_empty_n                     |   in|    1|     ap_fifo|                                        stream_in|       pointer|
|stream_in_read                        |  out|    1|     ap_fifo|                                        stream_in|       pointer|
|stream_upsampled_din                  |  out|   30|     ap_fifo|                                 stream_upsampled|       pointer|
|stream_upsampled_num_data_valid       |   in|    5|     ap_fifo|                                 stream_upsampled|       pointer|
|stream_upsampled_fifo_cap             |   in|    5|     ap_fifo|                                 stream_upsampled|       pointer|
|stream_upsampled_full_n               |   in|    1|     ap_fifo|                                 stream_upsampled|       pointer|
|stream_upsampled_write                |  out|    1|     ap_fifo|                                 stream_upsampled|       pointer|
|pixbuf_y_4                            |   in|   10|     ap_none|                                       pixbuf_y_4|        scalar|
|pixbuf_y_3                            |   in|   10|     ap_none|                                       pixbuf_y_3|        scalar|
|pixbuf_y_2                            |   in|   10|     ap_none|                                       pixbuf_y_2|        scalar|
|pixbuf_y_1                            |   in|   10|     ap_none|                                       pixbuf_y_1|        scalar|
|p_0_0_0_0_0495685_lcssa734            |   in|   10|     ap_none|                       p_0_0_0_0_0495685_lcssa734|        scalar|
|loopWidth                             |   in|   16|     ap_none|                                        loopWidth|        scalar|
|p_read                                |   in|    1|     ap_none|                                           p_read|        scalar|
|select_ln1677                         |   in|    3|     ap_none|                                    select_ln1677|        scalar|
|WidthIn_load                          |   in|   16|   ap_stable|                                     WidthIn_load|        scalar|
|pixbuf_y_9_out                        |  out|   10|      ap_vld|                                   pixbuf_y_9_out|       pointer|
|pixbuf_y_9_out_ap_vld                 |  out|    1|      ap_vld|                                   pixbuf_y_9_out|       pointer|
|pixbuf_y_8_out                        |  out|   10|      ap_vld|                                   pixbuf_y_8_out|       pointer|
|pixbuf_y_8_out_ap_vld                 |  out|    1|      ap_vld|                                   pixbuf_y_8_out|       pointer|
|pixbuf_y_7_out                        |  out|   10|      ap_vld|                                   pixbuf_y_7_out|       pointer|
|pixbuf_y_7_out_ap_vld                 |  out|    1|      ap_vld|                                   pixbuf_y_7_out|       pointer|
|pixbuf_y_6_out                        |  out|   10|      ap_vld|                                   pixbuf_y_6_out|       pointer|
|pixbuf_y_6_out_ap_vld                 |  out|    1|      ap_vld|                                   pixbuf_y_6_out|       pointer|
|pixbuf_y_5_out_i                      |   in|   10|     ap_ovld|                                   pixbuf_y_5_out|       pointer|
|pixbuf_y_5_out_o                      |  out|   10|     ap_ovld|                                   pixbuf_y_5_out|       pointer|
|pixbuf_y_5_out_o_ap_vld               |  out|    1|     ap_ovld|                                   pixbuf_y_5_out|       pointer|
|p_0_2_0_0_0691719_out_i               |   in|   10|     ap_ovld|                            p_0_2_0_0_0691719_out|       pointer|
|p_0_2_0_0_0691719_out_o               |  out|   10|     ap_ovld|                            p_0_2_0_0_0691719_out|       pointer|
|p_0_2_0_0_0691719_out_o_ap_vld        |  out|    1|     ap_ovld|                            p_0_2_0_0_0691719_out|       pointer|
|p_0_1_0_0_0687715_out_i               |   in|   10|     ap_ovld|                            p_0_1_0_0_0687715_out|       pointer|
|p_0_1_0_0_0687715_out_o               |  out|   10|     ap_ovld|                            p_0_1_0_0_0687715_out|       pointer|
|p_0_1_0_0_0687715_out_o_ap_vld        |  out|    1|     ap_ovld|                            p_0_1_0_0_0687715_out|       pointer|
|p_0_0_0_0_0_2712_out_i                |   in|   10|     ap_ovld|                             p_0_0_0_0_0_2712_out|       pointer|
|p_0_0_0_0_0_2712_out_o                |  out|   10|     ap_ovld|                             p_0_0_0_0_0_2712_out|       pointer|
|p_0_0_0_0_0_2712_out_o_ap_vld         |  out|    1|     ap_ovld|                             p_0_0_0_0_0_2712_out|       pointer|
|p_0_0_0_0_0487_2709_out_i             |   in|   10|     ap_ovld|                          p_0_0_0_0_0487_2709_out|       pointer|
|p_0_0_0_0_0487_2709_out_o             |  out|   10|     ap_ovld|                          p_0_0_0_0_0487_2709_out|       pointer|
|p_0_0_0_0_0487_2709_out_o_ap_vld      |  out|    1|     ap_ovld|                          p_0_0_0_0_0487_2709_out|       pointer|
|p_0_0_0_0_0_1703_out_i                |   in|   10|     ap_ovld|                             p_0_0_0_0_0_1703_out|       pointer|
|p_0_0_0_0_0_1703_out_o                |  out|   10|     ap_ovld|                             p_0_0_0_0_0_1703_out|       pointer|
|p_0_0_0_0_0_1703_out_o_ap_vld         |  out|    1|     ap_ovld|                             p_0_0_0_0_0_1703_out|       pointer|
|p_0_0_0_0_0487_1697_out_i             |   in|   10|     ap_ovld|                          p_0_0_0_0_0487_1697_out|       pointer|
|p_0_0_0_0_0487_1697_out_o             |  out|   10|     ap_ovld|                          p_0_0_0_0_0487_1697_out|       pointer|
|p_0_0_0_0_0487_1697_out_o_ap_vld      |  out|    1|     ap_ovld|                          p_0_0_0_0_0487_1697_out|       pointer|
|p_0_2_0_0_0694_out_i                  |   in|   10|     ap_ovld|                               p_0_2_0_0_0694_out|       pointer|
|p_0_2_0_0_0694_out_o                  |  out|   10|     ap_ovld|                               p_0_2_0_0_0694_out|       pointer|
|p_0_2_0_0_0694_out_o_ap_vld           |  out|    1|     ap_ovld|                               p_0_2_0_0_0694_out|       pointer|
|p_0_1_0_0_0690_out_i                  |   in|   10|     ap_ovld|                               p_0_1_0_0_0690_out|       pointer|
|p_0_1_0_0_0690_out_o                  |  out|   10|     ap_ovld|                               p_0_1_0_0_0690_out|       pointer|
|p_0_1_0_0_0690_out_o_ap_vld           |  out|    1|     ap_ovld|                               p_0_1_0_0_0690_out|       pointer|
|inpix_0_2_0_0_0_load684_out_i         |   in|   10|     ap_ovld|                      inpix_0_2_0_0_0_load684_out|       pointer|
|inpix_0_2_0_0_0_load684_out_o         |  out|   10|     ap_ovld|                      inpix_0_2_0_0_0_load684_out|       pointer|
|inpix_0_2_0_0_0_load684_out_o_ap_vld  |  out|    1|     ap_ovld|                      inpix_0_2_0_0_0_load684_out|       pointer|
|inpix_0_1_0_0_0_load682_out_i         |   in|   10|     ap_ovld|                      inpix_0_1_0_0_0_load682_out|       pointer|
|inpix_0_1_0_0_0_load682_out_o         |  out|   10|     ap_ovld|                      inpix_0_1_0_0_0_load682_out|       pointer|
|inpix_0_1_0_0_0_load682_out_o_ap_vld  |  out|    1|     ap_ovld|                      inpix_0_1_0_0_0_load682_out|       pointer|
|inpix_0_0_0_0_0_load680_out_i         |   in|   10|     ap_ovld|                      inpix_0_0_0_0_0_load680_out|       pointer|
|inpix_0_0_0_0_0_load680_out_o         |  out|   10|     ap_ovld|                      inpix_0_0_0_0_0_load680_out|       pointer|
|inpix_0_0_0_0_0_load680_out_o_ap_vld  |  out|    1|     ap_ovld|                      inpix_0_0_0_0_0_load680_out|       pointer|
+--------------------------------------+-----+-----+------------+-------------------------------------------------+--------------+

