

================================================================
== Vitis HLS Report for 'v_vcresampler_core'
================================================================
* Date:           Wed Dec 20 16:41:04 2023

* Version:        2023.2 (Build 4023990 on Oct 11 2023)
* Project:        prj
* Solution:       sol (Vivado IP Flow Target)
* Product family: zynq
* Target device:  xc7z020-clg484-1


================================================================
== Performance Estimates
================================================================
+ Timing: 
    * Summary: 
    +--------+---------+----------+------------+
    |  Clock |  Target | Estimated| Uncertainty|
    +--------+---------+----------+------------+
    |ap_clk  |  7.00 ns|  5.253 ns|     1.89 ns|
    +--------+---------+----------+------------+

+ Latency: 
    * Summary: 
    +---------+------------+-----------+-----------+-----+------------+---------+
    |   Latency (cycles)   |   Latency (absolute)  |     Interval     | Pipeline|
    |   min   |     max    |    min    |    max    | min |     max    |   Type  |
    +---------+------------+-----------+-----------+-----+------------+---------+
    |        2|  1073938427|  14.000 ns|  7.518 sec|    2|  1073938427|       no|
    +---------+------------+-----------+-----------+-----+------------+---------+

    + Detail: 
        * Instance: 
        +----------------------------------------------------------+-----------------------------------------------+---------+---------+-----------+----------+-----+-------+---------+
        |                                                          |                                               |  Latency (cycles) |  Latency (absolute)  |   Interval  | Pipeline|
        |                         Instance                         |                     Module                    |   min   |   max   |    min    |    max   | min |  max  |   Type  |
        +----------------------------------------------------------+-----------------------------------------------+---------+---------+-----------+----------+-----+-------+---------+
        |grp_v_vcresampler_core_Pipeline_VITIS_LOOP_1898_2_fu_138  |v_vcresampler_core_Pipeline_VITIS_LOOP_1898_2  |        2|    32772|  14.000 ns|  0.229 ms|    2|  32772|       no|
        +----------------------------------------------------------+-----------------------------------------------+---------+---------+-----------+----------+-----+-------+---------+

        * Loop: 
        +---------------------+---------+------------+-----------+-----------+-----------+-----------+----------+
        |                     |   Latency (cycles)   | Iteration |  Initiation Interval  |    Trip   |          |
        |      Loop Name      |   min   |     max    |  Latency  |  achieved |   target  |   Count   | Pipelined|
        +---------------------+---------+------------+-----------+-----------+-----------+-----------+----------+
        |- VITIS_LOOP_1896_1  |        0|  1073938425|  5 ~ 32775|          -|          -|  0 ~ 32767|        no|
        +---------------------+---------+------------+-----------+-----------+-----------+-----------+----------+



================================================================
== Utilization Estimates
================================================================
* Summary: 
+-----------------+---------+-----+--------+-------+-----+
|       Name      | BRAM_18K| DSP |   FF   |  LUT  | URAM|
+-----------------+---------+-----+--------+-------+-----+
|DSP              |        -|    -|       -|      -|    -|
|Expression       |        -|    -|       0|    138|    -|
|FIFO             |        -|    -|       -|      -|    -|
|Instance         |        -|    -|     254|    283|    -|
|Memory           |        6|    -|       0|      0|    0|
|Multiplexer      |        -|    -|       -|    103|    -|
|Register         |        -|    -|     115|      -|    -|
+-----------------+---------+-----+--------+-------+-----+
|Total            |        6|    0|     369|    524|    0|
+-----------------+---------+-----+--------+-------+-----+
|Available        |      280|  220|  106400|  53200|    0|
+-----------------+---------+-----+--------+-------+-----+
|Utilization (%)  |        2|    0|      ~0|     ~0|    0|
+-----------------+---------+-----+--------+-------+-----+

+ Detail: 
    * Instance: 
    +----------------------------------------------------------+-----------------------------------------------+---------+----+-----+-----+-----+
    |                         Instance                         |                     Module                    | BRAM_18K| DSP|  FF | LUT | URAM|
    +----------------------------------------------------------+-----------------------------------------------+---------+----+-----+-----+-----+
    |grp_v_vcresampler_core_Pipeline_VITIS_LOOP_1898_2_fu_138  |v_vcresampler_core_Pipeline_VITIS_LOOP_1898_2  |        0|   0|  254|  283|    0|
    +----------------------------------------------------------+-----------------------------------------------+---------+----+-----+-----+-----+
    |Total                                                     |                                               |        0|   0|  254|  283|    0|
    +----------------------------------------------------------+-----------------------------------------------+---------+----+-----+-----+-----+

    * DSP: 
    N/A

    * Memory: 
    +---------------+--------------------------------------------+---------+---+----+-----+------+-----+------+-------------+
    |     Memory    |                   Module                   | BRAM_18K| FF| LUT| URAM| Words| Bits| Banks| W*Bits*Banks|
    +---------------+--------------------------------------------+---------+---+----+-----+------+-----+------+-------------+
    |linebuf_c_U    |v_vcresampler_core_linebuf_c_RAM_AUTO_1R1W  |        2|  0|   0|    0|  1920|   10|     1|        19200|
    |linebuf_c_1_U  |v_vcresampler_core_linebuf_c_RAM_AUTO_1R1W  |        2|  0|   0|    0|  1920|   10|     1|        19200|
    |linebuf_y_U    |v_vcresampler_core_linebuf_y_RAM_AUTO_1R1W  |        2|  0|   0|    0|  1920|   10|     1|        19200|
    +---------------+--------------------------------------------+---------+---+----+-----+------+-----+------+-------------+
    |Total          |                                            |        6|  0|   0|    0|  5760|   30|     3|        57600|
    +---------------+--------------------------------------------+---------+---+----+-----+------+-----+------+-------------+

    * FIFO: 
    N/A

    * Expression: 
    +-----------------------+----------+----+---+----+------------+------------+
    |     Variable Name     | Operation| DSP| FF| LUT| Bitwidth P0| Bitwidth P1|
    +-----------------------+----------+----+---+----+------------+------------+
    |add_ln1896_fu_191_p2   |         +|   0|  0|  20|          15|           1|
    |loopHeight_fu_173_p2   |         +|   0|  0|  23|          16|          16|
    |out_y_fu_197_p2        |         -|   0|  0|  23|          16|          16|
    |cmp100_fu_211_p2       |      icmp|   0|  0|  20|          15|           1|
    |cmp33_fu_206_p2        |      icmp|   0|  0|  23|          16|          16|
    |icmp_ln1896_fu_186_p2  |      icmp|   0|  0|  23|          16|          16|
    |ap_block_state1        |        or|   0|  0|   2|           1|           1|
    |ap_block_state2        |        or|   0|  0|   2|           1|           1|
    |yOffset_fu_164_p2      |       xor|   0|  0|   2|           1|           2|
    +-----------------------+----------+----+---+----+------------+------------+
    |Total                  |          |   0|  0| 138|          97|          70|
    +-----------------------+----------+----+---+----+------------+------------+

    * Multiplexer: 
    +----------------------+----+-----------+-----+-----------+
    |         Name         | LUT| Input Size| Bits| Total Bits|
    +----------------------+----+-----------+-----+-----------+
    |Height_blk_n          |   9|          2|    1|          2|
    |Height_c_blk_n        |   9|          2|    1|          2|
    |WidthOut_blk_n        |   9|          2|    1|          2|
    |WidthOut_c_blk_n      |   9|          2|    1|          2|
    |ap_NS_fsm             |  31|          6|    1|          6|
    |ap_done               |   9|          2|    1|          2|
    |stream_out_420_write  |   9|          2|    1|          2|
    |stream_out_422_read   |   9|          2|    1|          2|
    |y_fu_88               |   9|          2|   15|         30|
    +----------------------+----+-----------+-----+-----------+
    |Total                 | 103|         22|   23|         50|
    +----------------------+----+-----------+-----+-----------+

    * Register: 
    +-----------------------------------------------------------------------+----+----+-----+-----------+
    |                                  Name                                 | FF | LUT| Bits| Const Bits|
    +-----------------------------------------------------------------------+----+----+-----+-----------+
    |Height_read_reg_268                                                    |  16|   0|   16|          0|
    |ap_CS_fsm                                                              |   5|   0|    5|          0|
    |ap_done_reg                                                            |   1|   0|    1|          0|
    |cmp100_reg_296                                                         |   1|   0|    1|          0|
    |cmp33_reg_291                                                          |   1|   0|    1|          0|
    |empty_reg_286                                                          |   1|   0|    1|          0|
    |grp_v_vcresampler_core_Pipeline_VITIS_LOOP_1898_2_fu_138_ap_start_reg  |   1|   0|    1|          0|
    |loopHeight_reg_278                                                     |  16|   0|   16|          0|
    |loopWidth_reg_263                                                      |  16|   0|   16|          0|
    |p_0_0344505_lcssa530_fu_84                                             |  10|   0|   10|          0|
    |pix_0_0_0_0_0_load499_lcssa521_fu_72                                   |  10|   0|   10|          0|
    |pix_0_1_0_0_0_load501_lcssa524_fu_76                                   |  10|   0|   10|          0|
    |pix_0_2_0_0_0_load503_lcssa527_fu_80                                   |  10|   0|   10|          0|
    |tmp_reg_301                                                            |   1|   0|    1|          0|
    |y_fu_88                                                                |  15|   0|   15|          0|
    |zext_ln1859_reg_273                                                    |   1|   0|   16|         15|
    +-----------------------------------------------------------------------+----+----+-----+-----------+
    |Total                                                                  | 115|   0|  130|         15|
    +-----------------------------------------------------------------------+----+----+-----+-----------+



================================================================
== Interface
================================================================
* Summary: 
+-------------------------------+-----+-----+------------+--------------------+--------------+
|           RTL Ports           | Dir | Bits|  Protocol  |    Source Object   |    C Type    |
+-------------------------------+-----+-----+------------+--------------------+--------------+
|ap_clk                         |   in|    1|  ap_ctrl_hs|  v_vcresampler_core|  return value|
|ap_rst                         |   in|    1|  ap_ctrl_hs|  v_vcresampler_core|  return value|
|ap_start                       |   in|    1|  ap_ctrl_hs|  v_vcresampler_core|  return value|
|ap_done                        |  out|    1|  ap_ctrl_hs|  v_vcresampler_core|  return value|
|ap_continue                    |   in|    1|  ap_ctrl_hs|  v_vcresampler_core|  return value|
|ap_idle                        |  out|    1|  ap_ctrl_hs|  v_vcresampler_core|  return value|
|ap_ready                       |  out|    1|  ap_ctrl_hs|  v_vcresampler_core|  return value|
|stream_out_422_dout            |   in|   30|     ap_fifo|      stream_out_422|       pointer|
|stream_out_422_num_data_valid  |   in|    5|     ap_fifo|      stream_out_422|       pointer|
|stream_out_422_fifo_cap        |   in|    5|     ap_fifo|      stream_out_422|       pointer|
|stream_out_422_empty_n         |   in|    1|     ap_fifo|      stream_out_422|       pointer|
|stream_out_422_read            |  out|    1|     ap_fifo|      stream_out_422|       pointer|
|Height_dout                    |   in|   16|     ap_fifo|              Height|       pointer|
|Height_num_data_valid          |   in|    3|     ap_fifo|              Height|       pointer|
|Height_fifo_cap                |   in|    3|     ap_fifo|              Height|       pointer|
|Height_empty_n                 |   in|    1|     ap_fifo|              Height|       pointer|
|Height_read                    |  out|    1|     ap_fifo|              Height|       pointer|
|WidthOut_dout                  |   in|   16|     ap_fifo|            WidthOut|       pointer|
|WidthOut_num_data_valid        |   in|    3|     ap_fifo|            WidthOut|       pointer|
|WidthOut_fifo_cap              |   in|    3|     ap_fifo|            WidthOut|       pointer|
|WidthOut_empty_n               |   in|    1|     ap_fifo|            WidthOut|       pointer|
|WidthOut_read                  |  out|    1|     ap_fifo|            WidthOut|       pointer|
|p_read                         |   in|    1|     ap_none|              p_read|        scalar|
|stream_out_420_din             |  out|   30|     ap_fifo|      stream_out_420|       pointer|
|stream_out_420_num_data_valid  |   in|    5|     ap_fifo|      stream_out_420|       pointer|
|stream_out_420_fifo_cap        |   in|    5|     ap_fifo|      stream_out_420|       pointer|
|stream_out_420_full_n          |   in|    1|     ap_fifo|      stream_out_420|       pointer|
|stream_out_420_write           |  out|    1|     ap_fifo|      stream_out_420|       pointer|
|Height_c_din                   |  out|   16|     ap_fifo|            Height_c|       pointer|
|Height_c_num_data_valid        |   in|    3|     ap_fifo|            Height_c|       pointer|
|Height_c_fifo_cap              |   in|    3|     ap_fifo|            Height_c|       pointer|
|Height_c_full_n                |   in|    1|     ap_fifo|            Height_c|       pointer|
|Height_c_write                 |  out|    1|     ap_fifo|            Height_c|       pointer|
|WidthOut_c_din                 |  out|   16|     ap_fifo|          WidthOut_c|       pointer|
|WidthOut_c_num_data_valid      |   in|    3|     ap_fifo|          WidthOut_c|       pointer|
|WidthOut_c_fifo_cap            |   in|    3|     ap_fifo|          WidthOut_c|       pointer|
|WidthOut_c_full_n              |   in|    1|     ap_fifo|          WidthOut_c|       pointer|
|WidthOut_c_write               |  out|    1|     ap_fifo|          WidthOut_c|       pointer|
+-------------------------------+-----+-----+------------+--------------------+--------------+

