#-----------------------------------------------------------
# Vivado v2025.2 (64-bit)
# SW Build 6299465 on Fri Nov 14 12:34:56 MST 2025
# IP Build 6300035 on Fri Nov 14 10:48:45 MST 2025
# SharedData Build 6298862 on Thu Nov 13 04:50:51 MST 2025
# Start of session at: Mon Sep 28 23:13:21 2026
# Process ID         : 17825
# Current directory  : /home/alen/git/AMD-FPGA-Practice/kv260-imx219-video/sw/video-pipe-sw-v4/awb-hls-L1/autowhitebalance_accel/hls/impl/ip
# Command line       : vivado -notrace -mode batch -source run_ippack.tcl
# Log file           : /home/alen/git/AMD-FPGA-Practice/kv260-imx219-video/sw/video-pipe-sw-v4/awb-hls-L1/autowhitebalance_accel/hls/impl/ip/vivado.log
# Journal file       : /home/alen/git/AMD-FPGA-Practice/kv260-imx219-video/sw/video-pipe-sw-v4/awb-hls-L1/autowhitebalance_accel/hls/impl/ip/vivado.jou
# Running On         : alen-HP-Pavilion-Laptop-14-ec0xxx
# Platform           : Ubuntu
# Operating System   : Ubuntu 24.04.5 LTS
# Processor Detail   : AMD Ryzen 5 5500U with Radeon Graphics
# CPU Frequency      : 4038.735 MHz
# CPU Physical cores : 6
# CPU Logical cores  : 12
# Host memory        : 32934 MB
# Swap memory        : 8000 MB
# Total Virtual      : 40934 MB
# Available Virtual  : 30999 MB
#-----------------------------------------------------------
source run_ippack.tcl -notrace
INFO: calling package_hls_ip ip_types=vitis sysgen json_file=/home/alen/git/AMD-FPGA-Practice/kv260-imx219-video/sw/video-pipe-sw-v4/awb-hls-L1/autowhitebalance_accel/hls/hls_data.json outdir=/home/alen/git/AMD-FPGA-Practice/kv260-imx219-video/sw/video-pipe-sw-v4/awb-hls-L1/autowhitebalance_accel/hls/impl/ip srcdir=/home/alen/git/AMD-FPGA-Practice/kv260-imx219-video/sw/video-pipe-sw-v4/awb-hls-L1/autowhitebalance_accel/hls ippack_options_dict= ippack_options_dict=
INFO: Copied 1 ipmisc file(s) to /home/alen/git/AMD-FPGA-Practice/kv260-imx219-video/sw/video-pipe-sw-v4/awb-hls-L1/autowhitebalance_accel/hls/impl/ip/misc
INFO: Copied 40 verilog file(s) to /home/alen/git/AMD-FPGA-Practice/kv260-imx219-video/sw/video-pipe-sw-v4/awb-hls-L1/autowhitebalance_accel/hls/impl/ip/hdl/verilog
INFO: Copied 33 vhdl file(s) to /home/alen/git/AMD-FPGA-Practice/kv260-imx219-video/sw/video-pipe-sw-v4/awb-hls-L1/autowhitebalance_accel/hls/impl/ip/hdl/vhdl
INFO: Copied 10 swdriver file(s) to /home/alen/git/AMD-FPGA-Practice/kv260-imx219-video/sw/video-pipe-sw-v4/awb-hls-L1/autowhitebalance_accel/hls/impl/ip/drivers
Generating 3 subcores in /home/alen/git/AMD-FPGA-Practice/kv260-imx219-video/sw/video-pipe-sw-v4/awb-hls-L1/autowhitebalance_accel/hls/impl/ip/subcore_prj:
impl/misc/autowhitebalance_accel_fmul_32ns_32ns_32_3_max_dsp_1_ip.tcl
impl/misc/autowhitebalance_accel_fpext_32ns_64_2_no_dsp_1_ip.tcl
impl/misc/autowhitebalance_accel_sitofp_32ns_32_4_no_dsp_1_ip.tcl
create_project: Time (s): cpu = 00:00:43 ; elapsed = 00:00:07 . Memory (MB): peak = 1878.969 ; gain = 392.059 ; free physical = 15536 ; free virtual = 28956
INFO: Using COE_DIR=/home/alen/git/AMD-FPGA-Practice/kv260-imx219-video/sw/video-pipe-sw-v4/awb-hls-L1/autowhitebalance_accel/hls/impl/ip/hdl/verilog
INFO: Generating autowhitebalance_accel_fmul_32ns_32ns_32_3_max_dsp_1_ip via file impl/misc/autowhitebalance_accel_fmul_32ns_32ns_32_3_max_dsp_1_ip.tcl
INFO: [IP_Flow 19-234] Refreshing IP repositories
INFO: [IP_Flow 19-1704] No user IP repositories specified
INFO: [IP_Flow 19-2313] Loaded Vivado IP repository '/home/alen/AMD-Xilinx/2025.2/data/ip'.
INFO: [IP_Flow 19-1686] Generating 'Synthesis' target for IP 'autowhitebalance_accel_fmul_32ns_32ns_32_3_max_dsp_1_ip'...
INFO: [IP_Flow 19-1686] Generating 'Simulation' target for IP 'autowhitebalance_accel_fmul_32ns_32ns_32_3_max_dsp_1_ip'...
INFO: Done generating autowhitebalance_accel_fmul_32ns_32ns_32_3_max_dsp_1_ip via file impl/misc/autowhitebalance_accel_fmul_32ns_32ns_32_3_max_dsp_1_ip.tcl
INFO: Generating autowhitebalance_accel_fpext_32ns_64_2_no_dsp_1_ip via file impl/misc/autowhitebalance_accel_fpext_32ns_64_2_no_dsp_1_ip.tcl
INFO: [IP_Flow 19-1686] Generating 'Synthesis' target for IP 'autowhitebalance_accel_fpext_32ns_64_2_no_dsp_1_ip'...
INFO: [IP_Flow 19-1686] Generating 'Simulation' target for IP 'autowhitebalance_accel_fpext_32ns_64_2_no_dsp_1_ip'...
INFO: Done generating autowhitebalance_accel_fpext_32ns_64_2_no_dsp_1_ip via file impl/misc/autowhitebalance_accel_fpext_32ns_64_2_no_dsp_1_ip.tcl
INFO: Generating autowhitebalance_accel_sitofp_32ns_32_4_no_dsp_1_ip via file impl/misc/autowhitebalance_accel_sitofp_32ns_32_4_no_dsp_1_ip.tcl
INFO: [IP_Flow 19-1686] Generating 'Synthesis' target for IP 'autowhitebalance_accel_sitofp_32ns_32_4_no_dsp_1_ip'...
INFO: [IP_Flow 19-1686] Generating 'Simulation' target for IP 'autowhitebalance_accel_sitofp_32ns_32_4_no_dsp_1_ip'...
INFO: Done generating autowhitebalance_accel_sitofp_32ns_32_4_no_dsp_1_ip via file impl/misc/autowhitebalance_accel_sitofp_32ns_32_4_no_dsp_1_ip.tcl
INFO: Found 1 unique subcore IP: xilinx.com:ip:floating_point:7.1
INFO: Copied 3 subcore files: /home/alen/git/AMD-FPGA-Practice/kv260-imx219-video/sw/video-pipe-sw-v4/awb-hls-L1/autowhitebalance_accel/hls/impl/ip/hdl/ip/autowhitebalance_accel_fmul_32ns_32ns_32_3_max_dsp_1_ip/autowhitebalance_accel_fmul_32ns_32ns_32_3_max_dsp_1_ip.xci /home/alen/git/AMD-FPGA-Practice/kv260-imx219-video/sw/video-pipe-sw-v4/awb-hls-L1/autowhitebalance_accel/hls/impl/ip/hdl/ip/autowhitebalance_accel_sitofp_32ns_32_4_no_dsp_1_ip/autowhitebalance_accel_sitofp_32ns_32_4_no_dsp_1_ip.xci /home/alen/git/AMD-FPGA-Practice/kv260-imx219-video/sw/video-pipe-sw-v4/awb-hls-L1/autowhitebalance_accel/hls/impl/ip/hdl/ip/autowhitebalance_accel_fpext_32ns_64_2_no_dsp_1_ip/autowhitebalance_accel_fpext_32ns_64_2_no_dsp_1_ip.xci
INFO: Import ports from HDL: /home/alen/git/AMD-FPGA-Practice/kv260-imx219-video/sw/video-pipe-sw-v4/awb-hls-L1/autowhitebalance_accel/hls/impl/ip/hdl/vhdl/autowhitebalance_accel.vhd (autowhitebalance_accel)
INFO: Add axi4lite interface s_axi_control
INFO: Add clock interface ap_clk
INFO: Add reset interface ap_rst_n
INFO: Add interrupt interface interrupt
INFO: [IP_Flow 19-234] Refreshing IP repositories
INFO: [IP_Flow 19-1704] No user IP repositories specified
INFO: [IP_Flow 19-2313] Loaded Vivado IP repository '/home/alen/AMD-Xilinx/2025.2/data/ip'.
INFO: Add axi4stream interface s_axis_video
INFO: Add axi4stream interface m_axis_video
INFO: Calling post_process_vitis to specialize IP
INFO: Calling post_process_sysgen to specialize IP
Generating sysgen info xml from json file
INFO: Created IP /home/alen/git/AMD-FPGA-Practice/kv260-imx219-video/sw/video-pipe-sw-v4/awb-hls-L1/autowhitebalance_accel/hls/impl/ip/component.xml
INFO: Created IP archive /home/alen/git/AMD-FPGA-Practice/kv260-imx219-video/sw/video-pipe-sw-v4/awb-hls-L1/autowhitebalance_accel/hls/impl/ip/xilinx_com_video_autowhitebalance_accel_1_0.zip
INFO: [Common 17-206] Exiting Vivado at Mon Sep 28 23:13:32 2026...
