

================================================================
== Vitis HLS Report for 'DebayerRandBatG'
================================================================
* Date:           Thu Dec 28 17:19:13 2023

* Version:        2023.2 (Build 4023990 on Oct 11 2023)
* Project:        prj
* Solution:       sol (Vivado IP Flow Target)
* Product family: zynq
* Target device:  xc7z020-clg484-1


================================================================
== Performance Estimates
================================================================
+ Timing: 
    * Summary: 
    +--------+---------+----------+------------+
    |  Clock |  Target | Estimated| Uncertainty|
    +--------+---------+----------+------------+
    |ap_clk  |  7.00 ns|  6.665 ns|     1.89 ns|
    +--------+---------+----------+------------+

+ Latency: 
    * Summary: 
    +---------+---------+-----------+----------+-----+--------+---------+
    |  Latency (cycles) |  Latency (absolute)  |   Interval   | Pipeline|
    |   min   |   max   |    min    |    max   | min |   max  |   Type  |
    +---------+---------+-----------+----------+-----+--------+---------+
    |       11|   164411|  77.000 ns|  1.151 ms|   11|  164411|       no|
    +---------+---------+-----------+----------+-----+--------+---------+

    + Detail: 
        * Instance: 
        +------------------------------------------------------+-------------------------------------------+---------+---------+-----------+----------+-----+-----+---------+
        |                                                      |                                           |  Latency (cycles) |  Latency (absolute)  |  Interval | Pipeline|
        |                       Instance                       |                   Module                  |   min   |   max   |    min    |    max   | min | max |   Type  |
        +------------------------------------------------------+-------------------------------------------+---------+---------+-----------+----------+-----+-----+---------+
        |grp_DebayerRandBatG_Pipeline_VITIS_LOOP_881_2_fu_142  |DebayerRandBatG_Pipeline_VITIS_LOOP_881_2  |        7|      407|  49.000 ns|  2.849 us|    7|  407|       no|
        +------------------------------------------------------+-------------------------------------------+---------+---------+-----------+----------+-----+-----+---------+

        * Loop: 
        +--------------------+---------+---------+----------+-----------+-----------+---------+----------+
        |                    |  Latency (cycles) | Iteration|  Initiation Interval  |   Trip  |          |
        |      Loop Name     |   min   |   max   |  Latency |  achieved |   target  |  Count  | Pipelined|
        +--------------------+---------+---------+----------+-----------+-----------+---------+----------+
        |- VITIS_LOOP_878_1  |       10|   164410|  10 ~ 410|          -|          -|  1 ~ 401|        no|
        +--------------------+---------+---------+----------+-----------+-----------+---------+----------+



================================================================
== Utilization Estimates
================================================================
* Summary: 
+-----------------+---------+-----+--------+-------+-----+
|       Name      | BRAM_18K| DSP |   FF   |  LUT  | URAM|
+-----------------+---------+-----+--------+-------+-----+
|DSP              |        -|    -|       -|      -|    -|
|Expression       |        -|    -|       0|    103|    -|
|FIFO             |        -|    -|       -|      -|    -|
|Instance         |        -|    -|    1528|   1700|    -|
|Memory           |        2|    -|       0|      0|    0|
|Multiplexer      |        -|    -|       -|     70|    -|
|Register         |        -|    -|     306|      -|    -|
+-----------------+---------+-----+--------+-------+-----+
|Total            |        2|    0|    1834|   1873|    0|
+-----------------+---------+-----+--------+-------+-----+
|Available        |      280|  220|  106400|  53200|    0|
+-----------------+---------+-----+--------+-------+-----+
|Utilization (%)  |       ~0|    0|       1|      3|    0|
+-----------------+---------+-----+--------+-------+-----+

+ Detail: 
    * Instance: 
    +------------------------------------------------------+-------------------------------------------+---------+----+------+------+-----+
    |                       Instance                       |                   Module                  | BRAM_18K| DSP|  FF  |  LUT | URAM|
    +------------------------------------------------------+-------------------------------------------+---------+----+------+------+-----+
    |grp_DebayerRandBatG_Pipeline_VITIS_LOOP_881_2_fu_142  |DebayerRandBatG_Pipeline_VITIS_LOOP_881_2  |        0|   0|  1528|  1700|    0|
    +------------------------------------------------------+-------------------------------------------+---------+----+------+------+-----+
    |Total                                                 |                                           |        0|   0|  1528|  1700|    0|
    +------------------------------------------------------+-------------------------------------------+---------+----+------+------+-----+

    * DSP: 
    N/A

    * Memory: 
    +----------------+------------------------------------------+---------+---+----+-----+------+-----+------+-------------+
    |     Memory     |                  Module                  | BRAM_18K| FF| LUT| URAM| Words| Bits| Banks| W*Bits*Banks|
    +----------------+------------------------------------------+---------+---+----+-----+------+-----+------+-------------+
    |lineBuffer_U    |DebayerRandBatG_lineBuffer_RAM_AUTO_1R1W  |        1|  0|   0|    0|   401|   30|     1|        12030|
    |lineBuffer_2_U  |DebayerRandBatG_lineBuffer_RAM_AUTO_1R1W  |        1|  0|   0|    0|   401|   30|     1|        12030|
    +----------------+------------------------------------------+---------+---+----+-----+------+-----+------+-------------+
    |Total           |                                          |        2|  0|   0|    0|   802|   60|     2|        24060|
    +----------------+------------------------------------------+---------+---+----+-----+------+-----+------+-------------+

    * FIFO: 
    N/A

    * Expression: 
    +----------------------+----------+----+---+----+------------+------------+
    |     Variable Name    | Operation| DSP| FF| LUT| Bitwidth P0| Bitwidth P1|
    +----------------------+----------+----+---+----+------------+------------+
    |loopHeight_fu_182_p2  |         +|   0|  0|  14|           9|           1|
    |loopWidth_fu_188_p2   |         +|   0|  0|  14|           9|           1|
    |y_6_fu_221_p2         |         +|   0|  0|  14|           9|           1|
    |cmp478_i_fu_282_p2    |      icmp|   0|  0|  14|           9|           1|
    |cmp59_i_fu_288_p2     |      icmp|   0|  0|  14|           9|           9|
    |icmp_ln878_fu_216_p2  |      icmp|   0|  0|  14|           9|           9|
    |ap_block_state1       |        or|   0|  0|   2|           1|           1|
    |tmp4_i_fu_267_p2      |       xor|   0|  0|   2|           1|           2|
    |xor_i_fu_277_p2       |       xor|   0|  0|  15|          15|          15|
    +----------------------+----------+----+---+----+------------+------------+
    |Total                 |          |   0|  0| 103|          71|          40|
    +----------------------+----------+----+---+----+------------+------------+

    * Multiplexer: 
    +--------------------+----+-----------+-----+-----------+
    |        Name        | LUT| Input Size| Bits| Total Bits|
    +--------------------+----+-----------+-----+-----------+
    |ap_NS_fsm           |  25|          5|    1|          5|
    |ap_done             |   9|          2|    1|          2|
    |bayerPhase_c_blk_n  |   9|          2|    1|          2|
    |imgRB_read          |   9|          2|    1|          2|
    |imgRgb_write        |   9|          2|    1|          2|
    |y_fu_64             |   9|          2|    9|         18|
    +--------------------+----+-----------+-----+-----------+
    |Total               |  70|         15|   14|         31|
    +--------------------+----+-----------+-----+-----------+

    * Register: 
    +-------------------------------------------------------------------+----+----+-----+-----------+
    |                                Name                               | FF | LUT| Bits| Const Bits|
    +-------------------------------------------------------------------+----+----+-----+-----------+
    |ap_CS_fsm                                                          |   4|   0|    4|          0|
    |ap_done_reg                                                        |   1|   0|    1|          0|
    |cmp478_i_reg_475                                                   |   1|   0|    1|          0|
    |cmp59_i_reg_480                                                    |   1|   0|    1|          0|
    |grp_DebayerRandBatG_Pipeline_VITIS_LOOP_881_2_fu_142_ap_start_reg  |   1|   0|    1|          0|
    |loopHeight_reg_387                                                 |   9|   0|    9|          0|
    |loopWidth_reg_392                                                  |   9|   0|    9|          0|
    |p_0_0_0117217961808_lcssa1844_i_fu_88                              |  10|   0|   10|          0|
    |p_0_0_0117217961808_lcssa1844_i_load_reg_435                       |  10|   0|   10|          0|
    |p_0_0_0117317941806_lcssa1842_i_fu_84                              |  10|   0|   10|          0|
    |p_0_0_0117317941806_lcssa1842_i_load_reg_430                       |  10|   0|   10|          0|
    |p_0_0_0117417921804_lcssa1840_i_fu_80                              |  10|   0|   10|          0|
    |p_0_0_0117417921804_lcssa1840_i_load_reg_425                       |  10|   0|   10|          0|
    |p_0_0_01194_217901820_lcssa1856_i_fu_112                           |  10|   0|   10|          0|
    |p_0_0_01194_217901820_lcssa1856_i_load_reg_465                     |  10|   0|   10|          0|
    |p_0_0_01195_217881818_lcssa1854_i_fu_108                           |  10|   0|   10|          0|
    |p_0_0_01195_217881818_lcssa1854_i_load_reg_460                     |  10|   0|   10|          0|
    |p_0_0_01196_217861816_lcssa1852_i_fu_104                           |  10|   0|   10|          0|
    |p_0_0_01196_217861816_lcssa1852_i_load_reg_455                     |  10|   0|   10|          0|
    |p_0_0_0_0_011601809_lcssa1846_i_fu_92                              |  10|   0|   10|          0|
    |p_0_0_0_0_011601809_lcssa1846_i_load_reg_440                       |  10|   0|   10|          0|
    |p_0_0_0_0_011661715_lcssa1758_i_fu_68                              |  10|   0|   10|          0|
    |p_0_0_0_0_011661715_lcssa1758_i_load_reg_410                       |  10|   0|   10|          0|
    |p_0_1_0_0_011611811_lcssa1848_i_fu_96                              |  10|   0|   10|          0|
    |p_0_1_0_0_011611811_lcssa1848_i_load_reg_445                       |  10|   0|   10|          0|
    |p_0_1_0_0_011671718_lcssa1760_i_fu_72                              |  10|   0|   10|          0|
    |p_0_1_0_0_011671718_lcssa1760_i_load_reg_415                       |  10|   0|   10|          0|
    |p_0_2_0_0_011621813_lcssa1850_i_fu_100                             |  10|   0|   10|          0|
    |p_0_2_0_0_011621813_lcssa1850_i_load_reg_450                       |  10|   0|   10|          0|
    |p_0_2_0_0_011681721_lcssa1762_i_fu_76                              |  10|   0|   10|          0|
    |p_0_2_0_0_011681721_lcssa1762_i_load_reg_420                       |  10|   0|   10|          0|
    |trunc_ln870_1_i_reg_402                                            |  15|   0|   15|          0|
    |x_phase_reg_397                                                    |   1|   0|    1|          0|
    |xor_i_reg_470                                                      |  15|   0|   15|          0|
    |y_fu_64                                                            |   9|   0|    9|          0|
    +-------------------------------------------------------------------+----+----+-----+-----------+
    |Total                                                              | 306|   0|  306|          0|
    +-------------------------------------------------------------------+----+----+-----+-----------+



================================================================
== Interface
================================================================
* Summary: 
+-----------------------------+-----+-----+------------+-----------------+--------------+
|          RTL Ports          | Dir | Bits|  Protocol  |  Source Object  |    C Type    |
+-----------------------------+-----+-----+------------+-----------------+--------------+
|ap_clk                       |   in|    1|  ap_ctrl_hs|  DebayerRandBatG|  return value|
|ap_rst                       |   in|    1|  ap_ctrl_hs|  DebayerRandBatG|  return value|
|ap_start                     |   in|    1|  ap_ctrl_hs|  DebayerRandBatG|  return value|
|ap_done                      |  out|    1|  ap_ctrl_hs|  DebayerRandBatG|  return value|
|ap_continue                  |   in|    1|  ap_ctrl_hs|  DebayerRandBatG|  return value|
|ap_idle                      |  out|    1|  ap_ctrl_hs|  DebayerRandBatG|  return value|
|ap_ready                     |  out|    1|  ap_ctrl_hs|  DebayerRandBatG|  return value|
|imgRB_dout                   |   in|   30|     ap_fifo|            imgRB|       pointer|
|imgRB_num_data_valid         |   in|    3|     ap_fifo|            imgRB|       pointer|
|imgRB_fifo_cap               |   in|    3|     ap_fifo|            imgRB|       pointer|
|imgRB_empty_n                |   in|    1|     ap_fifo|            imgRB|       pointer|
|imgRB_read                   |  out|    1|     ap_fifo|            imgRB|       pointer|
|imgRgb_din                   |  out|   30|     ap_fifo|           imgRgb|       pointer|
|imgRgb_num_data_valid        |   in|    3|     ap_fifo|           imgRgb|       pointer|
|imgRgb_fifo_cap              |   in|    3|     ap_fifo|           imgRgb|       pointer|
|imgRgb_full_n                |   in|    1|     ap_fifo|           imgRgb|       pointer|
|imgRgb_write                 |  out|    1|     ap_fifo|           imgRgb|       pointer|
|height                       |   in|    9|   ap_stable|           height|        scalar|
|width                        |   in|    9|   ap_stable|            width|        scalar|
|bayerPhase_c_dout            |   in|   16|     ap_fifo|     bayerPhase_c|       pointer|
|bayerPhase_c_num_data_valid  |   in|    3|     ap_fifo|     bayerPhase_c|       pointer|
|bayerPhase_c_fifo_cap        |   in|    3|     ap_fifo|     bayerPhase_c|       pointer|
|bayerPhase_c_empty_n         |   in|    1|     ap_fifo|     bayerPhase_c|       pointer|
|bayerPhase_c_read            |  out|    1|     ap_fifo|     bayerPhase_c|       pointer|
+-----------------------------+-----+-----+------------+-----------------+--------------+

