

================================================================
== Vitis HLS Report for 'DebayerG'
================================================================
* Date:           Thu Dec 28 17:19:12 2023

* Version:        2023.2 (Build 4023990 on Oct 11 2023)
* Project:        prj
* Solution:       sol (Vivado IP Flow Target)
* Product family: zynq
* Target device:  xc7z020-clg484-1


================================================================
== Performance Estimates
================================================================
+ Timing: 
    * Summary: 
    +--------+---------+----------+------------+
    |  Clock |  Target | Estimated| Uncertainty|
    +--------+---------+----------+------------+
    |ap_clk  |  7.00 ns|  5.639 ns|     1.89 ns|
    +--------+---------+----------+------------+

+ Latency: 
    * Summary: 
    +---------+------------+----------+------------+-----+------------+---------+
    |   Latency (cycles)   |   Latency (absolute)  |     Interval     | Pipeline|
    |   min   |     max    |    min   |     max    | min |     max    |   Type  |
    +---------+------------+----------+------------+-----+------------+---------+
    |       55|  4296736795|  0.385 us|  30.077 sec|   55|  4296736795|       no|
    +---------+------------+----------+------------+-----+------------+---------+

    + Detail: 
        * Instance: 
        +-----------------------------------------------+------------------------------------+---------+---------+----------+----------+-----+-------+---------+
        |                                               |                                    |  Latency (cycles) |  Latency (absolute) |   Interval  | Pipeline|
        |                    Instance                   |               Module               |   min   |   max   |    min   |    max   | min |  max  |   Type  |
        +-----------------------------------------------+------------------------------------+---------+---------+----------+----------+-----+-------+---------+
        |grp_DebayerG_Pipeline_VITIS_LOOP_318_4_fu_202  |DebayerG_Pipeline_VITIS_LOOP_318_4  |       24|    65559|  0.168 us|  0.459 ms|   24|  65559|       no|
        +-----------------------------------------------+------------------------------------+---------+---------+----------+----------+-----+-------+---------+

        * Loop: 
        +--------------------+---------+------------+------------+-----------+-----------+-----------+----------+
        |                    |   Latency (cycles)   |  Iteration |  Initiation Interval  |    Trip   |          |
        |      Loop Name     |   min   |     max    |   Latency  |  achieved |   target  |   Count   | Pipelined|
        +--------------------+---------+------------+------------+-----------+-----------+-----------+----------+
        |- VITIS_LOOP_315_3  |       54|  4296736794|  27 ~ 65562|          -|          -|  2 ~ 65537|        no|
        +--------------------+---------+------------+------------+-----------+-----------+-----------+----------+



================================================================
== Utilization Estimates
================================================================
* Summary: 
+-----------------+---------+-----+--------+-------+-----+
|       Name      | BRAM_18K| DSP |   FF   |  LUT  | URAM|
+-----------------+---------+-----+--------+-------+-----+
|DSP              |        -|    -|       -|      -|    -|
|Expression       |        -|    -|       0|    205|    -|
|FIFO             |        -|    -|       -|      -|    -|
|Instance         |        6|    8|    4808|   4196|    -|
|Memory           |        4|    -|       0|      0|    0|
|Multiplexer      |        -|    -|       -|     79|    -|
|Register         |        -|    -|     525|      -|    -|
+-----------------+---------+-----+--------+-------+-----+
|Total            |       10|    8|    5333|   4480|    0|
+-----------------+---------+-----+--------+-------+-----+
|Available        |      280|  220|  106400|  53200|    0|
+-----------------+---------+-----+--------+-------+-----+
|Utilization (%)  |        3|    3|       5|      8|    0|
+-----------------+---------+-----+--------+-------+-----+

+ Detail: 
    * Instance: 
    +-----------------------------------------------+------------------------------------+---------+----+------+------+-----+
    |                    Instance                   |               Module               | BRAM_18K| DSP|  FF  |  LUT | URAM|
    +-----------------------------------------------+------------------------------------+---------+----+------+------+-----+
    |grp_DebayerG_Pipeline_VITIS_LOOP_318_4_fu_202  |DebayerG_Pipeline_VITIS_LOOP_318_4  |        6|   8|  4808|  4196|    0|
    +-----------------------------------------------+------------------------------------+---------+----+------+------+-----+
    |Total                                          |                                    |        6|   8|  4808|  4196|    0|
    +-----------------------------------------------+------------------------------------+---------+----+------+------+-----+

    * DSP: 
    N/A

    * Memory: 
    +-----------------+------------------------------------+---------+---+----+-----+------+-----+------+-------------+
    |      Memory     |               Module               | BRAM_18K| FF| LUT| URAM| Words| Bits| Banks| W*Bits*Banks|
    +-----------------+------------------------------------+---------+---+----+-----+------+-----+------+-------------+
    |linebuf_yuv_U    |DebayerG_linebuf_yuv_RAM_AUTO_1R1W  |        1|  0|   0|    0|   401|   10|     1|         4010|
    |linebuf_yuv_1_U  |DebayerG_linebuf_yuv_RAM_AUTO_1R1W  |        1|  0|   0|    0|   401|   10|     1|         4010|
    |linebuf_yuv_2_U  |DebayerG_linebuf_yuv_RAM_AUTO_1R1W  |        1|  0|   0|    0|   401|   10|     1|         4010|
    |linebuf_yuv_3_U  |DebayerG_linebuf_yuv_RAM_AUTO_1R1W  |        1|  0|   0|    0|   401|   10|     1|         4010|
    +-----------------+------------------------------------+---------+---+----+-----+------+-----+------+-------------+
    |Total            |                                    |        4|  0|   0|    0|  1604|   40|     4|        16040|
    +-----------------+------------------------------------+---------+---+----+-----+------+-----+------+-------------+

    * FIFO: 
    N/A

    * Expression: 
    +----------------------+----------+----+---+----+------------+------------+
    |     Variable Name    | Operation| DSP| FF| LUT| Bitwidth P0| Bitwidth P1|
    +----------------------+----------+----+---+----+------------+------------+
    |loopHeight_fu_270_p2  |         +|   0|  0|  24|          17|           2|
    |loopWidth_fu_280_p2   |         +|   0|  0|  24|          17|           2|
    |out_y_fu_379_p2       |         +|   0|  0|  24|          17|           3|
    |y_8_fu_313_p2         |         +|   0|  0|  24|          17|           1|
    |cmp170_fu_408_p2      |      icmp|   0|  0|  24|          17|           1|
    |cmp689_fu_398_p2      |      icmp|   0|  0|  20|          15|          15|
    |cmp84_fu_403_p2       |      icmp|   0|  0|  24|          17|          17|
    |icmp_ln315_fu_308_p2  |      icmp|   0|  0|  24|          17|          17|
    |ap_block_state1       |        or|   0|  0|   2|           1|           1|
    |xor_fu_393_p2         |       xor|   0|  0|  15|          15|          15|
    +----------------------+----------+----+---+----+------------+------------+
    |Total                 |          |   0|  0| 205|         150|          74|
    +----------------------+----------+----+---+----+------------+------------+

    * Multiplexer: 
    +---------------------+----+-----------+-----+-----------+
    |         Name        | LUT| Input Size| Bits| Total Bits|
    +---------------------+----+-----------+-----+-----------+
    |ap_NS_fsm            |  25|          5|    1|          5|
    |ap_done              |   9|          2|    1|          2|
    |bayerPhase_c9_blk_n  |   9|          2|    1|          2|
    |imgBayer_read        |   9|          2|    1|          2|
    |imgG_write           |   9|          2|    1|          2|
    |real_start           |   9|          2|    1|          2|
    |y_fu_76              |   9|          2|   17|         34|
    +---------------------+----+-----------+-----+-----------+
    |Total                |  79|         17|   23|         49|
    +---------------------+----+-----------+-----+-----------+

    * Register: 
    +------------------------------------------------------------+----+----+-----+-----------+
    |                            Name                            | FF | LUT| Bits| Const Bits|
    +------------------------------------------------------------+----+----+-----+-----------+
    |ap_CS_fsm                                                   |   4|   0|    4|          0|
    |ap_done_reg                                                 |   1|   0|    1|          0|
    |cmp170_reg_700                                              |   1|   0|    1|          0|
    |cmp689_reg_690                                              |   1|   0|    1|          0|
    |cmp84_reg_695                                               |   1|   0|    1|          0|
    |grp_DebayerG_Pipeline_VITIS_LOOP_318_4_fu_202_ap_start_reg  |   1|   0|    1|          0|
    |loopHeight_reg_556                                          |  17|   0|   17|          0|
    |loopWidth_reg_561                                           |  17|   0|   17|          0|
    |out_y_reg_680                                               |  17|   0|   17|          0|
    |p_lcssa49695002_fu_80                                       |  10|   0|   10|          0|
    |p_lcssa49695002_load_reg_580                                |  10|   0|   10|          0|
    |p_lcssa49715004_fu_84                                       |  10|   0|   10|          0|
    |p_lcssa49715004_load_reg_585                                |  10|   0|   10|          0|
    |p_lcssa49725006_fu_88                                       |  10|   0|   10|          0|
    |p_lcssa49725006_load_reg_590                                |  10|   0|   10|          0|
    |p_lcssa49735008_fu_92                                       |  10|   0|   10|          0|
    |p_lcssa49735008_load_reg_595                                |  10|   0|   10|          0|
    |p_lcssa49755010_fu_96                                       |  10|   0|   10|          0|
    |p_lcssa49755010_load_reg_600                                |  10|   0|   10|          0|
    |p_lcssa49765012_fu_100                                      |  10|   0|   10|          0|
    |p_lcssa49765012_load_reg_605                                |  10|   0|   10|          0|
    |p_lcssa49775014_fu_104                                      |  10|   0|   10|          0|
    |p_lcssa49775014_load_reg_610                                |  10|   0|   10|          0|
    |p_lcssa49795016_fu_108                                      |  10|   0|   10|          0|
    |p_lcssa49795016_load_reg_615                                |  10|   0|   10|          0|
    |p_lcssa49805018_fu_112                                      |  10|   0|   10|          0|
    |p_lcssa49805018_load_reg_620                                |  10|   0|   10|          0|
    |p_lcssa49815020_fu_116                                      |  10|   0|   10|          0|
    |p_lcssa49815020_load_reg_625                                |  10|   0|   10|          0|
    |p_lcssa49835022_fu_120                                      |  10|   0|   10|          0|
    |p_lcssa49835022_load_reg_630                                |  10|   0|   10|          0|
    |p_lcssa49845024_fu_124                                      |  10|   0|   10|          0|
    |p_lcssa49845024_load_reg_635                                |  10|   0|   10|          0|
    |p_lcssa49855026_fu_128                                      |  10|   0|   10|          0|
    |p_lcssa49855026_load_reg_640                                |  10|   0|   10|          0|
    |p_lcssa49875028_fu_132                                      |  10|   0|   10|          0|
    |p_lcssa49875028_load_reg_645                                |  10|   0|   10|          0|
    |p_lcssa49885030_fu_136                                      |  10|   0|   10|          0|
    |p_lcssa49885030_load_reg_650                                |  10|   0|   10|          0|
    |p_lcssa51615167_fu_140                                      |  10|   0|   10|          0|
    |p_lcssa51615167_load_reg_655                                |  10|   0|   10|          0|
    |p_lcssa51625169_fu_144                                      |  10|   0|   10|          0|
    |p_lcssa51625169_load_reg_660                                |  10|   0|   10|          0|
    |p_lcssa51635171_fu_148                                      |  10|   0|   10|          0|
    |p_lcssa51635171_load_reg_665                                |  10|   0|   10|          0|
    |p_lcssa51645173_fu_152                                      |  10|   0|   10|          0|
    |p_lcssa51645173_load_reg_670                                |  10|   0|   10|          0|
    |p_lcssa51655175_fu_156                                      |  10|   0|   10|          0|
    |p_lcssa51655175_load_reg_675                                |  10|   0|   10|          0|
    |start_once_reg                                              |   1|   0|    1|          0|
    |trunc_ln293_1_reg_571                                       |  15|   0|   15|          0|
    |x_phase_reg_566                                             |   1|   0|    1|          0|
    |xor_reg_685                                                 |  15|   0|   15|          0|
    |y_fu_76                                                     |  17|   0|   17|          0|
    |zext_ln274_reg_551                                          |  16|   0|   17|          1|
    +------------------------------------------------------------+----+----+-----+-----------+
    |Total                                                       | 525|   0|  526|          1|
    +------------------------------------------------------------+----+----+-----+-----------+



================================================================
== Interface
================================================================
* Summary: 
+------------------------------+-----+-----+------------+-----------------+--------------+
|           RTL Ports          | Dir | Bits|  Protocol  |  Source Object  |    C Type    |
+------------------------------+-----+-----+------------+-----------------+--------------+
|ap_clk                        |   in|    1|  ap_ctrl_hs|         DebayerG|  return value|
|ap_rst                        |   in|    1|  ap_ctrl_hs|         DebayerG|  return value|
|ap_start                      |   in|    1|  ap_ctrl_hs|         DebayerG|  return value|
|start_full_n                  |   in|    1|  ap_ctrl_hs|         DebayerG|  return value|
|ap_done                       |  out|    1|  ap_ctrl_hs|         DebayerG|  return value|
|ap_continue                   |   in|    1|  ap_ctrl_hs|         DebayerG|  return value|
|ap_idle                       |  out|    1|  ap_ctrl_hs|         DebayerG|  return value|
|ap_ready                      |  out|    1|  ap_ctrl_hs|         DebayerG|  return value|
|start_out                     |  out|    1|  ap_ctrl_hs|         DebayerG|  return value|
|start_write                   |  out|    1|  ap_ctrl_hs|         DebayerG|  return value|
|imgBayer_dout                 |   in|   10|     ap_fifo|         imgBayer|       pointer|
|imgBayer_num_data_valid       |   in|    3|     ap_fifo|         imgBayer|       pointer|
|imgBayer_fifo_cap             |   in|    3|     ap_fifo|         imgBayer|       pointer|
|imgBayer_empty_n              |   in|    1|     ap_fifo|         imgBayer|       pointer|
|imgBayer_read                 |  out|    1|     ap_fifo|         imgBayer|       pointer|
|imgG_din                      |  out|   30|     ap_fifo|             imgG|       pointer|
|imgG_num_data_valid           |   in|    3|     ap_fifo|             imgG|       pointer|
|imgG_fifo_cap                 |   in|    3|     ap_fifo|             imgG|       pointer|
|imgG_full_n                   |   in|    1|     ap_fifo|             imgG|       pointer|
|imgG_write                    |  out|    1|     ap_fifo|             imgG|       pointer|
|height                        |   in|   16|   ap_stable|           height|        scalar|
|width                         |   in|   16|   ap_stable|            width|        scalar|
|bayerPhase_read               |   in|   16|     ap_none|  bayerPhase_read|        scalar|
|bayerPhase_c9_din             |  out|   16|     ap_fifo|    bayerPhase_c9|       pointer|
|bayerPhase_c9_num_data_valid  |   in|    3|     ap_fifo|    bayerPhase_c9|       pointer|
|bayerPhase_c9_fifo_cap        |   in|    3|     ap_fifo|    bayerPhase_c9|       pointer|
|bayerPhase_c9_full_n          |   in|    1|     ap_fifo|    bayerPhase_c9|       pointer|
|bayerPhase_c9_write           |  out|    1|     ap_fifo|    bayerPhase_c9|       pointer|
+------------------------------+-----+-----+------------+-----------------+--------------+

