Copyright 1986-2022 Xilinx, Inc. All Rights Reserved. Copyright 2022-2023 Advanced Micro Devices, Inc. All Rights Reserved.
-------------------------------------------------------------------------------------------------------------------------------------------------------------------------------------
| Tool Version     : Vivado v.2023.2 (win64) Build 4029153 Fri Oct 13 20:14:34 MDT 2023
| Date             : Wed Dec 20 18:43:07 2023
| Host             : DESKTOP-1T2E61L running 64-bit major release  (build 9200)
| Command          : report_power -file broncho_video_wrapper_power_routed.rpt -pb broncho_video_wrapper_power_summary_routed.pb -rpx broncho_video_wrapper_power_routed.rpx
| Design           : broncho_video_wrapper
| Device           : xc7z020clg484-1
| Design State     : routed
| Grade            : commercial
| Process          : typical
| Characterization : Production
-------------------------------------------------------------------------------------------------------------------------------------------------------------------------------------

Power Report

Table of Contents
-----------------
1. Summary
1.1 On-Chip Components
1.2 Power Supply Summary
1.3 Confidence Level
2. Settings
2.1 Environment
2.2 Clock Constraints
3. Detailed Reports
3.1 By Hierarchy

1. Summary
----------

+--------------------------+--------------+
| Total On-Chip Power (W)  | 2.336        |
| Design Power Budget (W)  | Unspecified* |
| Power Budget Margin (W)  | NA           |
| Dynamic (W)              | 2.163        |
| Device Static (W)        | 0.173        |
| Effective TJA (C/W)      | 11.5         |
| Max Ambient (C)          | 58.1         |
| Junction Temperature (C) | 51.9         |
| Confidence Level         | Low          |
| Setting File             | ---          |
| Simulation Activity File | ---          |
| Design Nets Matched      | NA           |
+--------------------------+--------------+
* Specify Design Power Budget using, set_operating_conditions -design_power_budget <value in Watts>


1.1 On-Chip Components
----------------------

+--------------------------+-----------+----------+-----------+-----------------+
| On-Chip                  | Power (W) | Used     | Available | Utilization (%) |
+--------------------------+-----------+----------+-----------+-----------------+
| Clocks                   |     0.167 |        8 |       --- |             --- |
| Slice Logic              |     0.072 |    73688 |       --- |             --- |
|   LUT as Logic           |     0.058 |    22227 |     53200 |           41.78 |
|   Register               |     0.006 |    37046 |    106400 |           34.82 |
|   CARRY4                 |     0.005 |     1339 |     13300 |           10.07 |
|   LUT as Distributed RAM |     0.002 |      974 |     17400 |            5.60 |
|   LUT as Shift Register  |     0.001 |     1577 |     17400 |            9.06 |
|   F7/F8 Muxes            |    <0.001 |      449 |     53200 |            0.84 |
|   BUFG                   |    <0.001 |        1 |        32 |            3.13 |
|   Others                 |     0.000 |     3155 |       --- |             --- |
| Signals                  |     0.104 |    54994 |       --- |             --- |
| Block RAM                |     0.040 |       85 |       140 |           60.71 |
| MMCM                     |     0.117 |        1 |         4 |           25.00 |
| DSPs                     |     0.067 |       52 |       220 |           23.64 |
| I/O                      |     0.026 |       41 |       200 |           20.50 |
| PS7                      |     1.570 |        1 |       --- |             --- |
| Static Power             |     0.173 |          |           |                 |
| Total                    |     2.336 |          |           |                 |
+--------------------------+-----------+----------+-----------+-----------------+


1.2 Power Supply Summary
------------------------

+-----------+-------------+-----------+-------------+------------+-------------+-------------+------------+
| Source    | Voltage (V) | Total (A) | Dynamic (A) | Static (A) | Powerup (A) | Budget (A)  | Margin (A) |
+-----------+-------------+-----------+-------------+------------+-------------+-------------+------------+
| Vccint    |       1.000 |     0.473 |       0.449 |      0.024 |       NA    | Unspecified | NA         |
| Vccaux    |       1.800 |     0.084 |       0.067 |      0.018 |       NA    | Unspecified | NA         |
| Vcco33    |       3.300 |     0.008 |       0.007 |      0.001 |       NA    | Unspecified | NA         |
| Vcco25    |       2.500 |     0.000 |       0.000 |      0.000 |       NA    | Unspecified | NA         |
| Vcco18    |       1.800 |     0.000 |       0.000 |      0.000 |       NA    | Unspecified | NA         |
| Vcco15    |       1.500 |     0.000 |       0.000 |      0.000 |       NA    | Unspecified | NA         |
| Vcco135   |       1.350 |     0.000 |       0.000 |      0.000 |       NA    | Unspecified | NA         |
| Vcco12    |       1.200 |     0.000 |       0.000 |      0.000 |       NA    | Unspecified | NA         |
| Vccaux_io |       1.800 |     0.000 |       0.000 |      0.000 |       NA    | Unspecified | NA         |
| Vccbram   |       1.000 |     0.011 |       0.003 |      0.008 |       NA    | Unspecified | NA         |
| MGTAVcc   |       1.000 |     0.000 |       0.000 |      0.000 |       NA    | Unspecified | NA         |
| MGTAVtt   |       1.200 |     0.000 |       0.000 |      0.000 |       NA    | Unspecified | NA         |
| MGTVccaux |       1.800 |     0.000 |       0.000 |      0.000 |       NA    | Unspecified | NA         |
| Vccpint   |       1.000 |     0.761 |       0.723 |      0.039 |       NA    | Unspecified | NA         |
| Vccpaux   |       1.800 |     0.084 |       0.074 |      0.010 |       NA    | Unspecified | NA         |
| Vccpll    |       1.800 |     0.017 |       0.014 |      0.003 |       NA    | Unspecified | NA         |
| Vcco_ddr  |       1.500 |     0.459 |       0.457 |      0.002 |       NA    | Unspecified | NA         |
| Vcco_mio0 |       1.800 |     0.003 |       0.002 |      0.001 |       NA    | Unspecified | NA         |
| Vcco_mio1 |       1.800 |     0.002 |       0.001 |      0.001 |       NA    | Unspecified | NA         |
| Vccadc    |       1.800 |     0.020 |       0.000 |      0.020 |       NA    | Unspecified | NA         |
+-----------+-------------+-----------+-------------+------------+-------------+-------------+------------+


1.3 Confidence Level
--------------------

+-----------------------------+------------+--------------------------------------------------------+------------------------------------------------------------------------------------------------------------+
| User Input Data             | Confidence | Details                                                | Action                                                                                                     |
+-----------------------------+------------+--------------------------------------------------------+------------------------------------------------------------------------------------------------------------+
| Design implementation state | High       | Design is routed                                       |                                                                                                            |
| Clock nodes activity        | High       | User specified more than 95% of clocks                 |                                                                                                            |
| I/O nodes activity          | Low        | More than 75% of inputs are missing user specification | Provide missing input activity with simulation results or by editing the "By Resource Type -> I/Os" view   |
| Internal nodes activity     | Medium     | User specified less than 25% of internal nodes         | Provide missing internal nodes activity with simulation results or by editing the "By Resource Type" views |
| Device models               | High       | Device models are Production                           |                                                                                                            |
|                             |            |                                                        |                                                                                                            |
| Overall confidence level    | Low        |                                                        |                                                                                                            |
+-----------------------------+------------+--------------------------------------------------------+------------------------------------------------------------------------------------------------------------+


2. Settings
-----------

2.1 Environment
---------------

+-----------------------+------------------------+
| Ambient Temp (C)      | 25.0                   |
| ThetaJA (C/W)         | 11.5                   |
| Airflow (LFM)         | 250                    |
| Heat Sink             | none                   |
| ThetaSA (C/W)         | 0.0                    |
| Board Selection       | medium (10"x10")       |
| # of Board Layers     | 8to11 (8 to 11 Layers) |
| Board Temperature (C) | 25.0                   |
+-----------------------+------------------------+


2.2 Clock Constraints
---------------------

+--------------------------------------------------------------------------------------------+-------------------------------------------------------------------------------------------+-----------------+
| Clock                                                                                      | Domain                                                                                    | Constraint (ns) |
+--------------------------------------------------------------------------------------------+-------------------------------------------------------------------------------------------+-----------------+
| clk_fpga_0                                                                                 | broncho_video_i/processing_system7_0/inst/FCLK_CLK_unbuffered[0]                          |             7.0 |
| clk_fpga_1                                                                                 | broncho_video_i/processing_system7_0/inst/FCLK_CLK_unbuffered[1]                          |            20.0 |
| clk_out1_broncho_video_clk_wiz_0_0                                                         | broncho_video_i/clk_wiz_0/inst/CLK_CORE_DRP_I/clk_inst/clk_out1_broncho_video_clk_wiz_0_0 |             6.7 |
| clkfbout_broncho_video_clk_wiz_0_0                                                         | broncho_video_i/clk_wiz_0/inst/CLK_CORE_DRP_I/clk_inst/clkfbout_broncho_video_clk_wiz_0_0 |            40.0 |
| dbg_hub/inst/BSCANID.u_xsdbm_id/SWITCH_N_EXT_BSCAN.bscan_inst/SERIES7_BSCAN.bscan_inst/TCK | dbg_hub/inst/BSCANID.u_xsdbm_id/SWITCH_N_EXT_BSCAN.bscan_inst/TCK                         |            33.0 |
| sys_diff_clock_clk_p                                                                       | sys_diff_clock_clk_p                                                                      |             5.0 |
+--------------------------------------------------------------------------------------------+-------------------------------------------------------------------------------------------+-----------------+


3. Detailed Reports
-------------------

3.1 By Hierarchy
----------------

+--------------------------+-----------+
| Name                     | Power (W) |
+--------------------------+-----------+
| broncho_video_wrapper    |     2.163 |
|   IIC_0_0_scl_iobuf      |     0.001 |
|   IIC_0_0_sda_iobuf      |     0.001 |
|   IIC_1_0_scl_iobuf      |     0.002 |
|   IIC_1_0_sda_iobuf      |     0.002 |
|   broncho_video_i        |     2.135 |
|     axi_smc              |     0.034 |
|       inst               |     0.034 |
|     axi_vdma_0           |     0.021 |
|       U0                 |     0.021 |
|     clk_wiz_0            |     0.128 |
|       inst               |     0.128 |
|     ila_0                |     0.012 |
|       inst               |     0.012 |
|     ila_1                |     0.012 |
|       inst               |     0.012 |
|     ila_2                |     0.013 |
|       inst               |     0.013 |
|     ila_3                |     0.012 |
|       inst               |     0.012 |
|     processing_system7_0 |     1.571 |
|       inst               |     1.571 |
|     ps7_0_axi_periph     |     0.036 |
|       m00_couplers       |     0.011 |
|       m01_couplers       |     0.002 |
|       m02_couplers       |     0.014 |
|       m03_couplers       |     0.002 |
|       m04_couplers       |     0.002 |
|       xbar               |     0.004 |
|     v_axi4s_vid_out_0    |     0.007 |
|       inst               |     0.007 |
|     v_demosaic_0         |     0.117 |
|       inst               |     0.117 |
|     v_proc_ss_0          |     0.143 |
|       inst               |     0.143 |
|     v_tc_0               |     0.015 |
|       U0                 |     0.015 |
|     v_vid_in_axi4s_0     |     0.003 |
|       inst               |     0.003 |
|     vfpne_0              |     0.004 |
|       inst               |     0.004 |
|     vio_0                |     0.003 |
|       inst               |     0.003 |
|     vio_1                |     0.003 |
|       inst               |     0.003 |
|   dbg_hub                |     0.004 |
|     inst                 |     0.004 |
|       BSCANID.u_xsdbm_id |     0.004 |
+--------------------------+-----------+


