Copyright 1986-2022 Xilinx, Inc. All Rights Reserved. Copyright 2022-2023 Advanced Micro Devices, Inc. All Rights Reserved.
---------------------------------------------------------------------------------------------------------------------------------------------------------
| Tool Version : Vivado v.2023.2 (win64) Build 4029153 Fri Oct 13 20:14:34 MDT 2023
| Date         : Wed Dec 20 18:42:26 2023
| Host         : DESKTOP-1T2E61L running 64-bit major release  (build 9200)
| Command      : report_drc -file broncho_video_wrapper_drc_routed.rpt -pb broncho_video_wrapper_drc_routed.pb -rpx broncho_video_wrapper_drc_routed.rpx
| Design       : broncho_video_wrapper
| Device       : xc7z020clg484-1
| Speed File   : -1
| Design State : Fully Routed
---------------------------------------------------------------------------------------------------------------------------------------------------------

Report DRC

Table of Contents
-----------------
1. REPORT SUMMARY
2. REPORT DETAILS

1. REPORT SUMMARY
-----------------
            Netlist: netlist
          Floorplan: design_1
      Design limits: <entire design considered>
           Ruledeck: default
             Max violations: <unlimited>
             Violations found: 81
+-----------+----------+----------------------------+------------+
| Rule      | Severity | Description                | Violations |
+-----------+----------+----------------------------+------------+
| CHECK-3   | Warning  | Report rule limit reached  | 2          |
| DPIP-1    | Warning  | Input pipelining           | 24         |
| DPOP-2    | Warning  | MREG Output pipelining     | 7          |
| PDCN-1569 | Warning  | LUT equation term check    | 5          |
| REQP-1839 | Warning  | RAMB36 async control check | 20         |
| REQP-1840 | Warning  | RAMB18 async control check | 20         |
| RTSTAT-10 | Warning  | No routable loads          | 1          |
| REQP-181  | Advisory | writefirst                 | 2          |
+-----------+----------+----------------------------+------------+

2. REPORT DETAILS
-----------------
CHECK-3#1 Warning
Report rule limit reached  
REQP-1839 rule limit reached: 20 violations have been found.
Related violations: <none>

CHECK-3#2 Warning
Report rule limit reached  
REQP-1840 rule limit reached: 20 violations have been found.
Related violations: <none>

DPIP-1#1 Warning
Input pipelining  
DSP broncho_video_i/v_demosaic_0/inst/Debayer_U0/DebayerG_U0/grp_DebayerG_Pipeline_VITIS_LOOP_318_4_fu_202/mac_muladd_14s_10ns_24s_25_4_1_U61/broncho_video_v_demosaic_0_0_mac_muladd_14s_10ns_24s_25_4_1_DSP48_0_U/p_reg_reg input broncho_video_i/v_demosaic_0/inst/Debayer_U0/DebayerG_U0/grp_DebayerG_Pipeline_VITIS_LOOP_318_4_fu_202/mac_muladd_14s_10ns_24s_25_4_1_U61/broncho_video_v_demosaic_0_0_mac_muladd_14s_10ns_24s_25_4_1_DSP48_0_U/p_reg_reg/C[47:0] is not pipelined. Pipelining DSP48 input will improve performance.
Related violations: <none>

DPIP-1#2 Warning
Input pipelining  
DSP broncho_video_i/v_demosaic_0/inst/Debayer_U0/DebayerG_U0/grp_DebayerG_Pipeline_VITIS_LOOP_318_4_fu_202/mac_muladd_14s_10ns_24s_25_4_1_U62/broncho_video_v_demosaic_0_0_mac_muladd_14s_10ns_24s_25_4_1_DSP48_0_U/p_reg_reg input broncho_video_i/v_demosaic_0/inst/Debayer_U0/DebayerG_U0/grp_DebayerG_Pipeline_VITIS_LOOP_318_4_fu_202/mac_muladd_14s_10ns_24s_25_4_1_U62/broncho_video_v_demosaic_0_0_mac_muladd_14s_10ns_24s_25_4_1_DSP48_0_U/p_reg_reg/C[47:0] is not pipelined. Pipelining DSP48 input will improve performance.
Related violations: <none>

DPIP-1#3 Warning
Input pipelining  
DSP broncho_video_i/v_proc_ss_0/inst/hsc/inst/hscale_core_polyphase_U0/grp_hscale_core_polyphase_Pipeline_loop_width_fu_264/grp_hscale_polyphase_fu_228/mac_muladd_10ns_16s_26s_27_4_1_U120/bd_8126_hsc_0_mac_muladd_10ns_16s_26s_27_4_1_DSP48_1_U/p_reg_reg input broncho_video_i/v_proc_ss_0/inst/hsc/inst/hscale_core_polyphase_U0/grp_hscale_core_polyphase_Pipeline_loop_width_fu_264/grp_hscale_polyphase_fu_228/mac_muladd_10ns_16s_26s_27_4_1_U120/bd_8126_hsc_0_mac_muladd_10ns_16s_26s_27_4_1_DSP48_1_U/p_reg_reg/C[47:0] is not pipelined. Pipelining DSP48 input will improve performance.
Related violations: <none>

DPIP-1#4 Warning
Input pipelining  
DSP broncho_video_i/v_proc_ss_0/inst/hsc/inst/hscale_core_polyphase_U0/grp_hscale_core_polyphase_Pipeline_loop_width_fu_264/grp_hscale_polyphase_fu_228/mac_muladd_10ns_16s_26s_27_4_1_U121/bd_8126_hsc_0_mac_muladd_10ns_16s_26s_27_4_1_DSP48_1_U/p_reg_reg input broncho_video_i/v_proc_ss_0/inst/hsc/inst/hscale_core_polyphase_U0/grp_hscale_core_polyphase_Pipeline_loop_width_fu_264/grp_hscale_polyphase_fu_228/mac_muladd_10ns_16s_26s_27_4_1_U121/bd_8126_hsc_0_mac_muladd_10ns_16s_26s_27_4_1_DSP48_1_U/p_reg_reg/C[47:0] is not pipelined. Pipelining DSP48 input will improve performance.
Related violations: <none>

DPIP-1#5 Warning
Input pipelining  
DSP broncho_video_i/v_proc_ss_0/inst/hsc/inst/hscale_core_polyphase_U0/grp_hscale_core_polyphase_Pipeline_loop_width_fu_264/grp_hscale_polyphase_fu_228/mac_muladd_10ns_16s_26s_27_4_1_U122/bd_8126_hsc_0_mac_muladd_10ns_16s_26s_27_4_1_DSP48_1_U/p_reg_reg input broncho_video_i/v_proc_ss_0/inst/hsc/inst/hscale_core_polyphase_U0/grp_hscale_core_polyphase_Pipeline_loop_width_fu_264/grp_hscale_polyphase_fu_228/mac_muladd_10ns_16s_26s_27_4_1_U122/bd_8126_hsc_0_mac_muladd_10ns_16s_26s_27_4_1_DSP48_1_U/p_reg_reg/C[47:0] is not pipelined. Pipelining DSP48 input will improve performance.
Related violations: <none>

DPIP-1#6 Warning
Input pipelining  
DSP broncho_video_i/v_proc_ss_0/inst/hsc/inst/hscale_core_polyphase_U0/grp_hscale_core_polyphase_Pipeline_loop_width_fu_264/grp_hscale_polyphase_fu_228/mac_muladd_10ns_16s_27s_28_4_1_U123/bd_8126_hsc_0_mac_muladd_10ns_16s_27s_28_4_1_DSP48_2_U/p_reg_reg input broncho_video_i/v_proc_ss_0/inst/hsc/inst/hscale_core_polyphase_U0/grp_hscale_core_polyphase_Pipeline_loop_width_fu_264/grp_hscale_polyphase_fu_228/mac_muladd_10ns_16s_27s_28_4_1_U123/bd_8126_hsc_0_mac_muladd_10ns_16s_27s_28_4_1_DSP48_2_U/p_reg_reg/C[47:0] is not pipelined. Pipelining DSP48 input will improve performance.
Related violations: <none>

DPIP-1#7 Warning
Input pipelining  
DSP broncho_video_i/v_proc_ss_0/inst/hsc/inst/hscale_core_polyphase_U0/grp_hscale_core_polyphase_Pipeline_loop_width_fu_264/grp_hscale_polyphase_fu_228/mac_muladd_10ns_16s_27s_28_4_1_U124/bd_8126_hsc_0_mac_muladd_10ns_16s_27s_28_4_1_DSP48_2_U/p_reg_reg input broncho_video_i/v_proc_ss_0/inst/hsc/inst/hscale_core_polyphase_U0/grp_hscale_core_polyphase_Pipeline_loop_width_fu_264/grp_hscale_polyphase_fu_228/mac_muladd_10ns_16s_27s_28_4_1_U124/bd_8126_hsc_0_mac_muladd_10ns_16s_27s_28_4_1_DSP48_2_U/p_reg_reg/C[47:0] is not pipelined. Pipelining DSP48 input will improve performance.
Related violations: <none>

DPIP-1#8 Warning
Input pipelining  
DSP broncho_video_i/v_proc_ss_0/inst/hsc/inst/hscale_core_polyphase_U0/grp_hscale_core_polyphase_Pipeline_loop_width_fu_264/grp_hscale_polyphase_fu_228/mac_muladd_10ns_16s_27s_28_4_1_U125/bd_8126_hsc_0_mac_muladd_10ns_16s_27s_28_4_1_DSP48_2_U/p_reg_reg input broncho_video_i/v_proc_ss_0/inst/hsc/inst/hscale_core_polyphase_U0/grp_hscale_core_polyphase_Pipeline_loop_width_fu_264/grp_hscale_polyphase_fu_228/mac_muladd_10ns_16s_27s_28_4_1_U125/bd_8126_hsc_0_mac_muladd_10ns_16s_27s_28_4_1_DSP48_2_U/p_reg_reg/C[47:0] is not pipelined. Pipelining DSP48 input will improve performance.
Related violations: <none>

DPIP-1#9 Warning
Input pipelining  
DSP broncho_video_i/v_proc_ss_0/inst/hsc/inst/hscale_core_polyphase_U0/grp_hscale_core_polyphase_Pipeline_loop_width_fu_264/grp_hscale_polyphase_fu_228/mac_muladd_10ns_16s_28s_29_4_1_U129/bd_8126_hsc_0_mac_muladd_10ns_16s_28s_29_4_1_DSP48_4_U/p_reg_reg input broncho_video_i/v_proc_ss_0/inst/hsc/inst/hscale_core_polyphase_U0/grp_hscale_core_polyphase_Pipeline_loop_width_fu_264/grp_hscale_polyphase_fu_228/mac_muladd_10ns_16s_28s_29_4_1_U129/bd_8126_hsc_0_mac_muladd_10ns_16s_28s_29_4_1_DSP48_4_U/p_reg_reg/C[47:0] is not pipelined. Pipelining DSP48 input will improve performance.
Related violations: <none>

DPIP-1#10 Warning
Input pipelining  
DSP broncho_video_i/v_proc_ss_0/inst/hsc/inst/hscale_core_polyphase_U0/grp_hscale_core_polyphase_Pipeline_loop_width_fu_264/grp_hscale_polyphase_fu_228/mac_muladd_10ns_16s_28s_29_4_1_U130/bd_8126_hsc_0_mac_muladd_10ns_16s_28s_29_4_1_DSP48_4_U/p_reg_reg input broncho_video_i/v_proc_ss_0/inst/hsc/inst/hscale_core_polyphase_U0/grp_hscale_core_polyphase_Pipeline_loop_width_fu_264/grp_hscale_polyphase_fu_228/mac_muladd_10ns_16s_28s_29_4_1_U130/bd_8126_hsc_0_mac_muladd_10ns_16s_28s_29_4_1_DSP48_4_U/p_reg_reg/C[47:0] is not pipelined. Pipelining DSP48 input will improve performance.
Related violations: <none>

DPIP-1#11 Warning
Input pipelining  
DSP broncho_video_i/v_proc_ss_0/inst/hsc/inst/hscale_core_polyphase_U0/grp_hscale_core_polyphase_Pipeline_loop_width_fu_264/grp_hscale_polyphase_fu_228/mac_muladd_10ns_16s_28s_29_4_1_U131/bd_8126_hsc_0_mac_muladd_10ns_16s_28s_29_4_1_DSP48_4_U/p_reg_reg input broncho_video_i/v_proc_ss_0/inst/hsc/inst/hscale_core_polyphase_U0/grp_hscale_core_polyphase_Pipeline_loop_width_fu_264/grp_hscale_polyphase_fu_228/mac_muladd_10ns_16s_28s_29_4_1_U131/bd_8126_hsc_0_mac_muladd_10ns_16s_28s_29_4_1_DSP48_4_U/p_reg_reg/C[47:0] is not pipelined. Pipelining DSP48 input will improve performance.
Related violations: <none>

DPIP-1#12 Warning
Input pipelining  
DSP broncho_video_i/v_proc_ss_0/inst/hsc/inst/v_csc_core_U0/grp_v_csc_core_Pipeline_VITIS_LOOP_2080_2_fu_114/mac_muladd_10ns_10ns_19ns_20_4_1_U228/bd_8126_hsc_0_mac_muladd_10ns_10ns_19ns_20_4_1_DSP48_7_U/p_reg_reg input broncho_video_i/v_proc_ss_0/inst/hsc/inst/v_csc_core_U0/grp_v_csc_core_Pipeline_VITIS_LOOP_2080_2_fu_114/mac_muladd_10ns_10ns_19ns_20_4_1_U228/bd_8126_hsc_0_mac_muladd_10ns_10ns_19ns_20_4_1_DSP48_7_U/p_reg_reg/C[47:0] is not pipelined. Pipelining DSP48 input will improve performance.
Related violations: <none>

DPIP-1#13 Warning
Input pipelining  
DSP broncho_video_i/v_proc_ss_0/inst/hsc/inst/v_csc_core_U0/grp_v_csc_core_Pipeline_VITIS_LOOP_2080_2_fu_114/mul_10s_12ns_22_2_1_U223/buff0_reg input broncho_video_i/v_proc_ss_0/inst/hsc/inst/v_csc_core_U0/grp_v_csc_core_Pipeline_VITIS_LOOP_2080_2_fu_114/mul_10s_12ns_22_2_1_U223/buff0_reg/A[29:0] is not pipelined. Pipelining DSP48 input will improve performance.
Related violations: <none>

DPIP-1#14 Warning
Input pipelining  
DSP broncho_video_i/v_proc_ss_0/inst/hsc/inst/v_csc_core_U0/grp_v_csc_core_Pipeline_VITIS_LOOP_2080_2_fu_114/mul_11s_11ns_22_2_1_U226/buff0_reg input broncho_video_i/v_proc_ss_0/inst/hsc/inst/v_csc_core_U0/grp_v_csc_core_Pipeline_VITIS_LOOP_2080_2_fu_114/mul_11s_11ns_22_2_1_U226/buff0_reg/A[29:0] is not pipelined. Pipelining DSP48 input will improve performance.
Related violations: <none>

DPIP-1#15 Warning
Input pipelining  
DSP broncho_video_i/v_proc_ss_0/inst/hsc/inst/v_csc_core_U0/grp_v_csc_core_Pipeline_VITIS_LOOP_2080_2_fu_114/mul_ln2097_1_reg_686_reg input broncho_video_i/v_proc_ss_0/inst/hsc/inst/v_csc_core_U0/grp_v_csc_core_Pipeline_VITIS_LOOP_2080_2_fu_114/mul_ln2097_1_reg_686_reg/A[29:0] is not pipelined. Pipelining DSP48 input will improve performance.
Related violations: <none>

DPIP-1#16 Warning
Input pipelining  
DSP broncho_video_i/v_proc_ss_0/inst/vsc/inst/vscale_core_polyphase_U0/grp_vscale_core_polyphase_Pipeline_loop_width_for_procpix_fu_247/mac_muladd_16s_10ns_26s_27_4_1_U113/bd_8126_vsc_0_mac_muladd_16s_10ns_26s_27_4_1_DSP48_1_U/p_reg_reg input broncho_video_i/v_proc_ss_0/inst/vsc/inst/vscale_core_polyphase_U0/grp_vscale_core_polyphase_Pipeline_loop_width_for_procpix_fu_247/mac_muladd_16s_10ns_26s_27_4_1_U113/bd_8126_vsc_0_mac_muladd_16s_10ns_26s_27_4_1_DSP48_1_U/p_reg_reg/C[47:0] is not pipelined. Pipelining DSP48 input will improve performance.
Related violations: <none>

DPIP-1#17 Warning
Input pipelining  
DSP broncho_video_i/v_proc_ss_0/inst/vsc/inst/vscale_core_polyphase_U0/grp_vscale_core_polyphase_Pipeline_loop_width_for_procpix_fu_247/mac_muladd_16s_10ns_26s_27_4_1_U114/bd_8126_vsc_0_mac_muladd_16s_10ns_26s_27_4_1_DSP48_1_U/p_reg_reg input broncho_video_i/v_proc_ss_0/inst/vsc/inst/vscale_core_polyphase_U0/grp_vscale_core_polyphase_Pipeline_loop_width_for_procpix_fu_247/mac_muladd_16s_10ns_26s_27_4_1_U114/bd_8126_vsc_0_mac_muladd_16s_10ns_26s_27_4_1_DSP48_1_U/p_reg_reg/C[47:0] is not pipelined. Pipelining DSP48 input will improve performance.
Related violations: <none>

DPIP-1#18 Warning
Input pipelining  
DSP broncho_video_i/v_proc_ss_0/inst/vsc/inst/vscale_core_polyphase_U0/grp_vscale_core_polyphase_Pipeline_loop_width_for_procpix_fu_247/mac_muladd_16s_10ns_26s_27_4_1_U115/bd_8126_vsc_0_mac_muladd_16s_10ns_26s_27_4_1_DSP48_1_U/p_reg_reg input broncho_video_i/v_proc_ss_0/inst/vsc/inst/vscale_core_polyphase_U0/grp_vscale_core_polyphase_Pipeline_loop_width_for_procpix_fu_247/mac_muladd_16s_10ns_26s_27_4_1_U115/bd_8126_vsc_0_mac_muladd_16s_10ns_26s_27_4_1_DSP48_1_U/p_reg_reg/C[47:0] is not pipelined. Pipelining DSP48 input will improve performance.
Related violations: <none>

DPIP-1#19 Warning
Input pipelining  
DSP broncho_video_i/v_proc_ss_0/inst/vsc/inst/vscale_core_polyphase_U0/grp_vscale_core_polyphase_Pipeline_loop_width_for_procpix_fu_247/mac_muladd_16s_10ns_27s_28_4_1_U116/bd_8126_vsc_0_mac_muladd_16s_10ns_27s_28_4_1_DSP48_2_U/p_reg_reg input broncho_video_i/v_proc_ss_0/inst/vsc/inst/vscale_core_polyphase_U0/grp_vscale_core_polyphase_Pipeline_loop_width_for_procpix_fu_247/mac_muladd_16s_10ns_27s_28_4_1_U116/bd_8126_vsc_0_mac_muladd_16s_10ns_27s_28_4_1_DSP48_2_U/p_reg_reg/C[47:0] is not pipelined. Pipelining DSP48 input will improve performance.
Related violations: <none>

DPIP-1#20 Warning
Input pipelining  
DSP broncho_video_i/v_proc_ss_0/inst/vsc/inst/vscale_core_polyphase_U0/grp_vscale_core_polyphase_Pipeline_loop_width_for_procpix_fu_247/mac_muladd_16s_10ns_27s_28_4_1_U117/bd_8126_vsc_0_mac_muladd_16s_10ns_27s_28_4_1_DSP48_2_U/p_reg_reg input broncho_video_i/v_proc_ss_0/inst/vsc/inst/vscale_core_polyphase_U0/grp_vscale_core_polyphase_Pipeline_loop_width_for_procpix_fu_247/mac_muladd_16s_10ns_27s_28_4_1_U117/bd_8126_vsc_0_mac_muladd_16s_10ns_27s_28_4_1_DSP48_2_U/p_reg_reg/C[47:0] is not pipelined. Pipelining DSP48 input will improve performance.
Related violations: <none>

DPIP-1#21 Warning
Input pipelining  
DSP broncho_video_i/v_proc_ss_0/inst/vsc/inst/vscale_core_polyphase_U0/grp_vscale_core_polyphase_Pipeline_loop_width_for_procpix_fu_247/mac_muladd_16s_10ns_27s_28_4_1_U118/bd_8126_vsc_0_mac_muladd_16s_10ns_27s_28_4_1_DSP48_2_U/p_reg_reg input broncho_video_i/v_proc_ss_0/inst/vsc/inst/vscale_core_polyphase_U0/grp_vscale_core_polyphase_Pipeline_loop_width_for_procpix_fu_247/mac_muladd_16s_10ns_27s_28_4_1_U118/bd_8126_vsc_0_mac_muladd_16s_10ns_27s_28_4_1_DSP48_2_U/p_reg_reg/C[47:0] is not pipelined. Pipelining DSP48 input will improve performance.
Related violations: <none>

DPIP-1#22 Warning
Input pipelining  
DSP broncho_video_i/v_proc_ss_0/inst/vsc/inst/vscale_core_polyphase_U0/grp_vscale_core_polyphase_Pipeline_loop_width_for_procpix_fu_247/mac_muladd_16s_10ns_28s_29_4_1_U122/bd_8126_vsc_0_mac_muladd_16s_10ns_28s_29_4_1_DSP48_4_U/p_reg_reg input broncho_video_i/v_proc_ss_0/inst/vsc/inst/vscale_core_polyphase_U0/grp_vscale_core_polyphase_Pipeline_loop_width_for_procpix_fu_247/mac_muladd_16s_10ns_28s_29_4_1_U122/bd_8126_vsc_0_mac_muladd_16s_10ns_28s_29_4_1_DSP48_4_U/p_reg_reg/C[47:0] is not pipelined. Pipelining DSP48 input will improve performance.
Related violations: <none>

DPIP-1#23 Warning
Input pipelining  
DSP broncho_video_i/v_proc_ss_0/inst/vsc/inst/vscale_core_polyphase_U0/grp_vscale_core_polyphase_Pipeline_loop_width_for_procpix_fu_247/mac_muladd_16s_10ns_28s_29_4_1_U123/bd_8126_vsc_0_mac_muladd_16s_10ns_28s_29_4_1_DSP48_4_U/p_reg_reg input broncho_video_i/v_proc_ss_0/inst/vsc/inst/vscale_core_polyphase_U0/grp_vscale_core_polyphase_Pipeline_loop_width_for_procpix_fu_247/mac_muladd_16s_10ns_28s_29_4_1_U123/bd_8126_vsc_0_mac_muladd_16s_10ns_28s_29_4_1_DSP48_4_U/p_reg_reg/C[47:0] is not pipelined. Pipelining DSP48 input will improve performance.
Related violations: <none>

DPIP-1#24 Warning
Input pipelining  
DSP broncho_video_i/v_proc_ss_0/inst/vsc/inst/vscale_core_polyphase_U0/grp_vscale_core_polyphase_Pipeline_loop_width_for_procpix_fu_247/mac_muladd_16s_10ns_28s_29_4_1_U124/bd_8126_vsc_0_mac_muladd_16s_10ns_28s_29_4_1_DSP48_4_U/p_reg_reg input broncho_video_i/v_proc_ss_0/inst/vsc/inst/vscale_core_polyphase_U0/grp_vscale_core_polyphase_Pipeline_loop_width_for_procpix_fu_247/mac_muladd_16s_10ns_28s_29_4_1_U124/bd_8126_vsc_0_mac_muladd_16s_10ns_28s_29_4_1_DSP48_4_U/p_reg_reg/C[47:0] is not pipelined. Pipelining DSP48 input will improve performance.
Related violations: <none>

DPOP-2#1 Warning
MREG Output pipelining  
DSP broncho_video_i/v_demosaic_0/inst/Debayer_U0/DebayerG_U0/grp_DebayerG_Pipeline_VITIS_LOOP_318_4_fu_202/mul_18s_8ns_18_2_1_U56/buff0_reg multiplier stage broncho_video_i/v_demosaic_0/inst/Debayer_U0/DebayerG_U0/grp_DebayerG_Pipeline_VITIS_LOOP_318_4_fu_202/mul_18s_8ns_18_2_1_U56/buff0_reg/P[47:0] is not pipelined (MREG=0). Pipelining the multiplier function will improve performance and will save significant power so it is suggested whenever possible to fully pipeline this function.  If this multiplier was inferred, it is suggested to describe an additional register stage after this function.  If there is no registered adder/accumulator following the multiply function, two pipeline stages are suggested to allow both the MREG and PREG registers to be used.  If the DSP48 was instantiated in the design, it is suggested to set both the MREG and PREG attributes to 1 when performing multiply functions.
Related violations: <none>

DPOP-2#2 Warning
MREG Output pipelining  
DSP broncho_video_i/v_demosaic_0/inst/Debayer_U0/DebayerG_U0/grp_DebayerG_Pipeline_VITIS_LOOP_318_4_fu_202/mul_18s_8ns_18_2_1_U57/buff0_reg multiplier stage broncho_video_i/v_demosaic_0/inst/Debayer_U0/DebayerG_U0/grp_DebayerG_Pipeline_VITIS_LOOP_318_4_fu_202/mul_18s_8ns_18_2_1_U57/buff0_reg/P[47:0] is not pipelined (MREG=0). Pipelining the multiplier function will improve performance and will save significant power so it is suggested whenever possible to fully pipeline this function.  If this multiplier was inferred, it is suggested to describe an additional register stage after this function.  If there is no registered adder/accumulator following the multiply function, two pipeline stages are suggested to allow both the MREG and PREG registers to be used.  If the DSP48 was instantiated in the design, it is suggested to set both the MREG and PREG attributes to 1 when performing multiply functions.
Related violations: <none>

DPOP-2#3 Warning
MREG Output pipelining  
DSP broncho_video_i/v_demosaic_0/inst/Debayer_U0/DebayerG_U0/grp_DebayerG_Pipeline_VITIS_LOOP_318_4_fu_202/mul_18s_9ns_18_2_1_U55/buff0_reg multiplier stage broncho_video_i/v_demosaic_0/inst/Debayer_U0/DebayerG_U0/grp_DebayerG_Pipeline_VITIS_LOOP_318_4_fu_202/mul_18s_9ns_18_2_1_U55/buff0_reg/P[47:0] is not pipelined (MREG=0). Pipelining the multiplier function will improve performance and will save significant power so it is suggested whenever possible to fully pipeline this function.  If this multiplier was inferred, it is suggested to describe an additional register stage after this function.  If there is no registered adder/accumulator following the multiply function, two pipeline stages are suggested to allow both the MREG and PREG registers to be used.  If the DSP48 was instantiated in the design, it is suggested to set both the MREG and PREG attributes to 1 when performing multiply functions.
Related violations: <none>

DPOP-2#4 Warning
MREG Output pipelining  
DSP broncho_video_i/v_demosaic_0/inst/Debayer_U0/DebayerG_U0/grp_DebayerG_Pipeline_VITIS_LOOP_318_4_fu_202/mul_18s_9ns_18_2_1_U58/buff0_reg multiplier stage broncho_video_i/v_demosaic_0/inst/Debayer_U0/DebayerG_U0/grp_DebayerG_Pipeline_VITIS_LOOP_318_4_fu_202/mul_18s_9ns_18_2_1_U58/buff0_reg/P[47:0] is not pipelined (MREG=0). Pipelining the multiplier function will improve performance and will save significant power so it is suggested whenever possible to fully pipeline this function.  If this multiplier was inferred, it is suggested to describe an additional register stage after this function.  If there is no registered adder/accumulator following the multiply function, two pipeline stages are suggested to allow both the MREG and PREG registers to be used.  If the DSP48 was instantiated in the design, it is suggested to set both the MREG and PREG attributes to 1 when performing multiply functions.
Related violations: <none>

DPOP-2#5 Warning
MREG Output pipelining  
DSP broncho_video_i/v_proc_ss_0/inst/hsc/inst/v_csc_core_U0/grp_v_csc_core_Pipeline_VITIS_LOOP_2080_2_fu_114/mul_10s_12ns_22_2_1_U223/buff0_reg multiplier stage broncho_video_i/v_proc_ss_0/inst/hsc/inst/v_csc_core_U0/grp_v_csc_core_Pipeline_VITIS_LOOP_2080_2_fu_114/mul_10s_12ns_22_2_1_U223/buff0_reg/P[47:0] is not pipelined (MREG=0). Pipelining the multiplier function will improve performance and will save significant power so it is suggested whenever possible to fully pipeline this function.  If this multiplier was inferred, it is suggested to describe an additional register stage after this function.  If there is no registered adder/accumulator following the multiply function, two pipeline stages are suggested to allow both the MREG and PREG registers to be used.  If the DSP48 was instantiated in the design, it is suggested to set both the MREG and PREG attributes to 1 when performing multiply functions.
Related violations: <none>

DPOP-2#6 Warning
MREG Output pipelining  
DSP broncho_video_i/v_proc_ss_0/inst/hsc/inst/v_csc_core_U0/grp_v_csc_core_Pipeline_VITIS_LOOP_2080_2_fu_114/mul_10s_13ns_23_2_1_U225/buff0_reg multiplier stage broncho_video_i/v_proc_ss_0/inst/hsc/inst/v_csc_core_U0/grp_v_csc_core_Pipeline_VITIS_LOOP_2080_2_fu_114/mul_10s_13ns_23_2_1_U225/buff0_reg/P[47:0] is not pipelined (MREG=0). Pipelining the multiplier function will improve performance and will save significant power so it is suggested whenever possible to fully pipeline this function.  If this multiplier was inferred, it is suggested to describe an additional register stage after this function.  If there is no registered adder/accumulator following the multiply function, two pipeline stages are suggested to allow both the MREG and PREG registers to be used.  If the DSP48 was instantiated in the design, it is suggested to set both the MREG and PREG attributes to 1 when performing multiply functions.
Related violations: <none>

DPOP-2#7 Warning
MREG Output pipelining  
DSP broncho_video_i/v_proc_ss_0/inst/hsc/inst/v_csc_core_U0/grp_v_csc_core_Pipeline_VITIS_LOOP_2080_2_fu_114/mul_11s_11ns_22_2_1_U226/buff0_reg multiplier stage broncho_video_i/v_proc_ss_0/inst/hsc/inst/v_csc_core_U0/grp_v_csc_core_Pipeline_VITIS_LOOP_2080_2_fu_114/mul_11s_11ns_22_2_1_U226/buff0_reg/P[47:0] is not pipelined (MREG=0). Pipelining the multiplier function will improve performance and will save significant power so it is suggested whenever possible to fully pipeline this function.  If this multiplier was inferred, it is suggested to describe an additional register stage after this function.  If there is no registered adder/accumulator following the multiply function, two pipeline stages are suggested to allow both the MREG and PREG registers to be used.  If the DSP48 was instantiated in the design, it is suggested to set both the MREG and PREG attributes to 1 when performing multiply functions.
Related violations: <none>

PDCN-1569#1 Warning
LUT equation term check  
Used physical LUT pin 'A1' of cell broncho_video_i/ps7_0_axi_periph/s00_couplers/s00_data_fifo/inst/gen_fifo.fifo_gen_inst/inst_fifo_gen/gaxi_full_lite.gread_ch.grdch2.axi_rdch/grf.rf/gntv_or_sync_fifo.gl0.rd/gr1.gr1_int.rfwft/gpregsm1.user_valid_i_1__0 (pin broncho_video_i/ps7_0_axi_periph/s00_couplers/s00_data_fifo/inst/gen_fifo.fifo_gen_inst/inst_fifo_gen/gaxi_full_lite.gread_ch.grdch2.axi_rdch/grf.rf/gntv_or_sync_fifo.gl0.rd/gr1.gr1_int.rfwft/gpregsm1.user_valid_i_1__0/I1) is not included in the LUT equation: 'O6=(A3)+((~A3)*A6*A4*A2)+((~A3)*(~A6)*A2)'. If this cell is a user instantiated LUT in the design, please remove connectivity to the pin or change the equation and/or INIT string of the LUT to prevent this issue. If the cell is inferred or IP created LUT, please regenerate the IP and/or resynthesize the design to attempt to correct the issue.
Related violations: <none>

PDCN-1569#2 Warning
LUT equation term check  
Used physical LUT pin 'A2' of cell dbg_hub/inst/BSCANID.u_xsdbm_id/SWITCH_N_EXT_BSCAN.bscan_switch/temp_curid[31]_i_1 (pin dbg_hub/inst/BSCANID.u_xsdbm_id/SWITCH_N_EXT_BSCAN.bscan_switch/temp_curid[31]_i_1/I0) is not included in the LUT equation: 'O5=(A1*A5)+(A1*(~A5)*(~A3))+((~A1))'. If this cell is a user instantiated LUT in the design, please remove connectivity to the pin or change the equation and/or INIT string of the LUT to prevent this issue. If the cell is inferred or IP created LUT, please regenerate the IP and/or resynthesize the design to attempt to correct the issue.
Related violations: <none>

PDCN-1569#3 Warning
LUT equation term check  
Used physical LUT pin 'A3' of cell dbg_hub/inst/BSCANID.u_xsdbm_id/SWITCH_N_EXT_BSCAN.id_state[0]_i_1 (pin dbg_hub/inst/BSCANID.u_xsdbm_id/SWITCH_N_EXT_BSCAN.id_state[0]_i_1/I0) is not included in the LUT equation: 'O6=(A6+~A6)*((A1))'. If this cell is a user instantiated LUT in the design, please remove connectivity to the pin or change the equation and/or INIT string of the LUT to prevent this issue. If the cell is inferred or IP created LUT, please regenerate the IP and/or resynthesize the design to attempt to correct the issue.
Related violations: <none>

PDCN-1569#4 Warning
LUT equation term check  
Used physical LUT pin 'A4' of cell dbg_hub/inst/BSCANID.u_xsdbm_id/SWITCH_N_EXT_BSCAN.bscan_switch/temp_curid[31]_i_1 (pin dbg_hub/inst/BSCANID.u_xsdbm_id/SWITCH_N_EXT_BSCAN.bscan_switch/temp_curid[31]_i_1/I1) is not included in the LUT equation: 'O5=(A1*A5)+(A1*(~A5)*(~A3))+((~A1))'. If this cell is a user instantiated LUT in the design, please remove connectivity to the pin or change the equation and/or INIT string of the LUT to prevent this issue. If the cell is inferred or IP created LUT, please regenerate the IP and/or resynthesize the design to attempt to correct the issue.
Related violations: <none>

PDCN-1569#5 Warning
LUT equation term check  
Used physical LUT pin 'A5' of cell broncho_video_i/ps7_0_axi_periph/s00_couplers/s00_data_fifo/inst/gen_fifo.fifo_gen_inst/inst_fifo_gen/gaxi_full_lite.gwrite_ch.gwdch2.axi_wdch/grf.rf/gntv_or_sync_fifo.gl0.rd/gr1.gr1_int.rfwft/gpregsm1.user_valid_i_1 (pin broncho_video_i/ps7_0_axi_periph/s00_couplers/s00_data_fifo/inst/gen_fifo.fifo_gen_inst/inst_fifo_gen/gaxi_full_lite.gwrite_ch.gwdch2.axi_wdch/grf.rf/gntv_or_sync_fifo.gl0.rd/gr1.gr1_int.rfwft/gpregsm1.user_valid_i_1/I1) is not included in the LUT equation: 'O6=(A2)+((~A2)*A1*A4*A3)+((~A2)*(~A1)*A3)'. If this cell is a user instantiated LUT in the design, please remove connectivity to the pin or change the equation and/or INIT string of the LUT to prevent this issue. If the cell is inferred or IP created LUT, please regenerate the IP and/or resynthesize the design to attempt to correct the issue.
Related violations: <none>

REQP-1839#1 Warning
RAMB36 async control check  
The RAMB36E1 broncho_video_i/vfpne_0/inst/LRAM_INST1/U0/inst_blk_mem_gen/gnbram.gnativebmg.native_blk_mem_gen/valid.cstr/ramloop[0].ram.r/prim_noinit.ram/DEVICE_7SERIES.NO_BMM_INFO.SDP.SIMPLE_PRIM36.ram has an input control pin broncho_video_i/vfpne_0/inst/LRAM_INST1/U0/inst_blk_mem_gen/gnbram.gnativebmg.native_blk_mem_gen/valid.cstr/ramloop[0].ram.r/prim_noinit.ram/DEVICE_7SERIES.NO_BMM_INFO.SDP.SIMPLE_PRIM36.ram/ADDRARDADDR[10] (net: broncho_video_i/vfpne_0/inst/LRAM_INST1/U0/inst_blk_mem_gen/gnbram.gnativebmg.native_blk_mem_gen/valid.cstr/ramloop[0].ram.r/prim_noinit.ram/addra[7]) which is driven by a register (broncho_video_i/vfpne_0/inst/input_wr_reg) that has an active asychronous set or reset. This may cause corruption of the memory contents and/or read values when the set/reset is asserted and is not analyzed by the default static timing analysis. It is suggested to eliminate the use of a set/reset to registers driving this RAMB pin or else use a synchronous reset in which the assertion of the reset is timed by default.
Related violations: <none>

REQP-1839#2 Warning
RAMB36 async control check  
The RAMB36E1 broncho_video_i/vfpne_0/inst/LRAM_INST1/U0/inst_blk_mem_gen/gnbram.gnativebmg.native_blk_mem_gen/valid.cstr/ramloop[0].ram.r/prim_noinit.ram/DEVICE_7SERIES.NO_BMM_INFO.SDP.SIMPLE_PRIM36.ram has an input control pin broncho_video_i/vfpne_0/inst/LRAM_INST1/U0/inst_blk_mem_gen/gnbram.gnativebmg.native_blk_mem_gen/valid.cstr/ramloop[0].ram.r/prim_noinit.ram/DEVICE_7SERIES.NO_BMM_INFO.SDP.SIMPLE_PRIM36.ram/ADDRARDADDR[10] (net: broncho_video_i/vfpne_0/inst/LRAM_INST1/U0/inst_blk_mem_gen/gnbram.gnativebmg.native_blk_mem_gen/valid.cstr/ramloop[0].ram.r/prim_noinit.ram/addra[7]) which is driven by a register (broncho_video_i/vfpne_0/inst/pattern_wr_reg) that has an active asychronous set or reset. This may cause corruption of the memory contents and/or read values when the set/reset is asserted and is not analyzed by the default static timing analysis. It is suggested to eliminate the use of a set/reset to registers driving this RAMB pin or else use a synchronous reset in which the assertion of the reset is timed by default.
Related violations: <none>

REQP-1839#3 Warning
RAMB36 async control check  
The RAMB36E1 broncho_video_i/vfpne_0/inst/LRAM_INST1/U0/inst_blk_mem_gen/gnbram.gnativebmg.native_blk_mem_gen/valid.cstr/ramloop[0].ram.r/prim_noinit.ram/DEVICE_7SERIES.NO_BMM_INFO.SDP.SIMPLE_PRIM36.ram has an input control pin broncho_video_i/vfpne_0/inst/LRAM_INST1/U0/inst_blk_mem_gen/gnbram.gnativebmg.native_blk_mem_gen/valid.cstr/ramloop[0].ram.r/prim_noinit.ram/DEVICE_7SERIES.NO_BMM_INFO.SDP.SIMPLE_PRIM36.ram/ADDRARDADDR[10] (net: broncho_video_i/vfpne_0/inst/LRAM_INST1/U0/inst_blk_mem_gen/gnbram.gnativebmg.native_blk_mem_gen/valid.cstr/ramloop[0].ram.r/prim_noinit.ram/addra[7]) which is driven by a register (broncho_video_i/vfpne_0/inst/pix_cnt_reg[7]) that has an active asychronous set or reset. This may cause corruption of the memory contents and/or read values when the set/reset is asserted and is not analyzed by the default static timing analysis. It is suggested to eliminate the use of a set/reset to registers driving this RAMB pin or else use a synchronous reset in which the assertion of the reset is timed by default.
Related violations: <none>

REQP-1839#4 Warning
RAMB36 async control check  
The RAMB36E1 broncho_video_i/vfpne_0/inst/LRAM_INST1/U0/inst_blk_mem_gen/gnbram.gnativebmg.native_blk_mem_gen/valid.cstr/ramloop[0].ram.r/prim_noinit.ram/DEVICE_7SERIES.NO_BMM_INFO.SDP.SIMPLE_PRIM36.ram has an input control pin broncho_video_i/vfpne_0/inst/LRAM_INST1/U0/inst_blk_mem_gen/gnbram.gnativebmg.native_blk_mem_gen/valid.cstr/ramloop[0].ram.r/prim_noinit.ram/DEVICE_7SERIES.NO_BMM_INFO.SDP.SIMPLE_PRIM36.ram/ADDRARDADDR[10] (net: broncho_video_i/vfpne_0/inst/LRAM_INST1/U0/inst_blk_mem_gen/gnbram.gnativebmg.native_blk_mem_gen/valid.cstr/ramloop[0].ram.r/prim_noinit.ram/addra[7]) which is driven by a register (broncho_video_i/vfpne_0/inst/zero_wr_reg) that has an active asychronous set or reset. This may cause corruption of the memory contents and/or read values when the set/reset is asserted and is not analyzed by the default static timing analysis. It is suggested to eliminate the use of a set/reset to registers driving this RAMB pin or else use a synchronous reset in which the assertion of the reset is timed by default.
Related violations: <none>

REQP-1839#5 Warning
RAMB36 async control check  
The RAMB36E1 broncho_video_i/vfpne_0/inst/LRAM_INST1/U0/inst_blk_mem_gen/gnbram.gnativebmg.native_blk_mem_gen/valid.cstr/ramloop[0].ram.r/prim_noinit.ram/DEVICE_7SERIES.NO_BMM_INFO.SDP.SIMPLE_PRIM36.ram has an input control pin broncho_video_i/vfpne_0/inst/LRAM_INST1/U0/inst_blk_mem_gen/gnbram.gnativebmg.native_blk_mem_gen/valid.cstr/ramloop[0].ram.r/prim_noinit.ram/DEVICE_7SERIES.NO_BMM_INFO.SDP.SIMPLE_PRIM36.ram/ADDRARDADDR[11] (net: broncho_video_i/vfpne_0/inst/LRAM_INST1/U0/inst_blk_mem_gen/gnbram.gnativebmg.native_blk_mem_gen/valid.cstr/ramloop[0].ram.r/prim_noinit.ram/addra[8]) which is driven by a register (broncho_video_i/vfpne_0/inst/input_wr_reg) that has an active asychronous set or reset. This may cause corruption of the memory contents and/or read values when the set/reset is asserted and is not analyzed by the default static timing analysis. It is suggested to eliminate the use of a set/reset to registers driving this RAMB pin or else use a synchronous reset in which the assertion of the reset is timed by default.
Related violations: <none>

REQP-1839#6 Warning
RAMB36 async control check  
The RAMB36E1 broncho_video_i/vfpne_0/inst/LRAM_INST1/U0/inst_blk_mem_gen/gnbram.gnativebmg.native_blk_mem_gen/valid.cstr/ramloop[0].ram.r/prim_noinit.ram/DEVICE_7SERIES.NO_BMM_INFO.SDP.SIMPLE_PRIM36.ram has an input control pin broncho_video_i/vfpne_0/inst/LRAM_INST1/U0/inst_blk_mem_gen/gnbram.gnativebmg.native_blk_mem_gen/valid.cstr/ramloop[0].ram.r/prim_noinit.ram/DEVICE_7SERIES.NO_BMM_INFO.SDP.SIMPLE_PRIM36.ram/ADDRARDADDR[11] (net: broncho_video_i/vfpne_0/inst/LRAM_INST1/U0/inst_blk_mem_gen/gnbram.gnativebmg.native_blk_mem_gen/valid.cstr/ramloop[0].ram.r/prim_noinit.ram/addra[8]) which is driven by a register (broncho_video_i/vfpne_0/inst/pattern_wr_reg) that has an active asychronous set or reset. This may cause corruption of the memory contents and/or read values when the set/reset is asserted and is not analyzed by the default static timing analysis. It is suggested to eliminate the use of a set/reset to registers driving this RAMB pin or else use a synchronous reset in which the assertion of the reset is timed by default.
Related violations: <none>

REQP-1839#7 Warning
RAMB36 async control check  
The RAMB36E1 broncho_video_i/vfpne_0/inst/LRAM_INST1/U0/inst_blk_mem_gen/gnbram.gnativebmg.native_blk_mem_gen/valid.cstr/ramloop[0].ram.r/prim_noinit.ram/DEVICE_7SERIES.NO_BMM_INFO.SDP.SIMPLE_PRIM36.ram has an input control pin broncho_video_i/vfpne_0/inst/LRAM_INST1/U0/inst_blk_mem_gen/gnbram.gnativebmg.native_blk_mem_gen/valid.cstr/ramloop[0].ram.r/prim_noinit.ram/DEVICE_7SERIES.NO_BMM_INFO.SDP.SIMPLE_PRIM36.ram/ADDRARDADDR[11] (net: broncho_video_i/vfpne_0/inst/LRAM_INST1/U0/inst_blk_mem_gen/gnbram.gnativebmg.native_blk_mem_gen/valid.cstr/ramloop[0].ram.r/prim_noinit.ram/addra[8]) which is driven by a register (broncho_video_i/vfpne_0/inst/pix_cnt_reg[8]) that has an active asychronous set or reset. This may cause corruption of the memory contents and/or read values when the set/reset is asserted and is not analyzed by the default static timing analysis. It is suggested to eliminate the use of a set/reset to registers driving this RAMB pin or else use a synchronous reset in which the assertion of the reset is timed by default.
Related violations: <none>

REQP-1839#8 Warning
RAMB36 async control check  
The RAMB36E1 broncho_video_i/vfpne_0/inst/LRAM_INST1/U0/inst_blk_mem_gen/gnbram.gnativebmg.native_blk_mem_gen/valid.cstr/ramloop[0].ram.r/prim_noinit.ram/DEVICE_7SERIES.NO_BMM_INFO.SDP.SIMPLE_PRIM36.ram has an input control pin broncho_video_i/vfpne_0/inst/LRAM_INST1/U0/inst_blk_mem_gen/gnbram.gnativebmg.native_blk_mem_gen/valid.cstr/ramloop[0].ram.r/prim_noinit.ram/DEVICE_7SERIES.NO_BMM_INFO.SDP.SIMPLE_PRIM36.ram/ADDRARDADDR[11] (net: broncho_video_i/vfpne_0/inst/LRAM_INST1/U0/inst_blk_mem_gen/gnbram.gnativebmg.native_blk_mem_gen/valid.cstr/ramloop[0].ram.r/prim_noinit.ram/addra[8]) which is driven by a register (broncho_video_i/vfpne_0/inst/zero_wr_reg) that has an active asychronous set or reset. This may cause corruption of the memory contents and/or read values when the set/reset is asserted and is not analyzed by the default static timing analysis. It is suggested to eliminate the use of a set/reset to registers driving this RAMB pin or else use a synchronous reset in which the assertion of the reset is timed by default.
Related violations: <none>

REQP-1839#9 Warning
RAMB36 async control check  
The RAMB36E1 broncho_video_i/vfpne_0/inst/LRAM_INST1/U0/inst_blk_mem_gen/gnbram.gnativebmg.native_blk_mem_gen/valid.cstr/ramloop[0].ram.r/prim_noinit.ram/DEVICE_7SERIES.NO_BMM_INFO.SDP.SIMPLE_PRIM36.ram has an input control pin broncho_video_i/vfpne_0/inst/LRAM_INST1/U0/inst_blk_mem_gen/gnbram.gnativebmg.native_blk_mem_gen/valid.cstr/ramloop[0].ram.r/prim_noinit.ram/DEVICE_7SERIES.NO_BMM_INFO.SDP.SIMPLE_PRIM36.ram/ADDRARDADDR[12] (net: broncho_video_i/vfpne_0/inst/LRAM_INST1/U0/inst_blk_mem_gen/gnbram.gnativebmg.native_blk_mem_gen/valid.cstr/ramloop[0].ram.r/prim_noinit.ram/addra[9]) which is driven by a register (broncho_video_i/vfpne_0/inst/input_wr_reg) that has an active asychronous set or reset. This may cause corruption of the memory contents and/or read values when the set/reset is asserted and is not analyzed by the default static timing analysis. It is suggested to eliminate the use of a set/reset to registers driving this RAMB pin or else use a synchronous reset in which the assertion of the reset is timed by default.
Related violations: <none>

REQP-1839#10 Warning
RAMB36 async control check  
The RAMB36E1 broncho_video_i/vfpne_0/inst/LRAM_INST1/U0/inst_blk_mem_gen/gnbram.gnativebmg.native_blk_mem_gen/valid.cstr/ramloop[0].ram.r/prim_noinit.ram/DEVICE_7SERIES.NO_BMM_INFO.SDP.SIMPLE_PRIM36.ram has an input control pin broncho_video_i/vfpne_0/inst/LRAM_INST1/U0/inst_blk_mem_gen/gnbram.gnativebmg.native_blk_mem_gen/valid.cstr/ramloop[0].ram.r/prim_noinit.ram/DEVICE_7SERIES.NO_BMM_INFO.SDP.SIMPLE_PRIM36.ram/ADDRARDADDR[12] (net: broncho_video_i/vfpne_0/inst/LRAM_INST1/U0/inst_blk_mem_gen/gnbram.gnativebmg.native_blk_mem_gen/valid.cstr/ramloop[0].ram.r/prim_noinit.ram/addra[9]) which is driven by a register (broncho_video_i/vfpne_0/inst/pattern_wr_reg) that has an active asychronous set or reset. This may cause corruption of the memory contents and/or read values when the set/reset is asserted and is not analyzed by the default static timing analysis. It is suggested to eliminate the use of a set/reset to registers driving this RAMB pin or else use a synchronous reset in which the assertion of the reset is timed by default.
Related violations: <none>

REQP-1839#11 Warning
RAMB36 async control check  
The RAMB36E1 broncho_video_i/vfpne_0/inst/LRAM_INST1/U0/inst_blk_mem_gen/gnbram.gnativebmg.native_blk_mem_gen/valid.cstr/ramloop[0].ram.r/prim_noinit.ram/DEVICE_7SERIES.NO_BMM_INFO.SDP.SIMPLE_PRIM36.ram has an input control pin broncho_video_i/vfpne_0/inst/LRAM_INST1/U0/inst_blk_mem_gen/gnbram.gnativebmg.native_blk_mem_gen/valid.cstr/ramloop[0].ram.r/prim_noinit.ram/DEVICE_7SERIES.NO_BMM_INFO.SDP.SIMPLE_PRIM36.ram/ADDRARDADDR[12] (net: broncho_video_i/vfpne_0/inst/LRAM_INST1/U0/inst_blk_mem_gen/gnbram.gnativebmg.native_blk_mem_gen/valid.cstr/ramloop[0].ram.r/prim_noinit.ram/addra[9]) which is driven by a register (broncho_video_i/vfpne_0/inst/pix_cnt_reg[9]) that has an active asychronous set or reset. This may cause corruption of the memory contents and/or read values when the set/reset is asserted and is not analyzed by the default static timing analysis. It is suggested to eliminate the use of a set/reset to registers driving this RAMB pin or else use a synchronous reset in which the assertion of the reset is timed by default.
Related violations: <none>

REQP-1839#12 Warning
RAMB36 async control check  
The RAMB36E1 broncho_video_i/vfpne_0/inst/LRAM_INST1/U0/inst_blk_mem_gen/gnbram.gnativebmg.native_blk_mem_gen/valid.cstr/ramloop[0].ram.r/prim_noinit.ram/DEVICE_7SERIES.NO_BMM_INFO.SDP.SIMPLE_PRIM36.ram has an input control pin broncho_video_i/vfpne_0/inst/LRAM_INST1/U0/inst_blk_mem_gen/gnbram.gnativebmg.native_blk_mem_gen/valid.cstr/ramloop[0].ram.r/prim_noinit.ram/DEVICE_7SERIES.NO_BMM_INFO.SDP.SIMPLE_PRIM36.ram/ADDRARDADDR[12] (net: broncho_video_i/vfpne_0/inst/LRAM_INST1/U0/inst_blk_mem_gen/gnbram.gnativebmg.native_blk_mem_gen/valid.cstr/ramloop[0].ram.r/prim_noinit.ram/addra[9]) which is driven by a register (broncho_video_i/vfpne_0/inst/zero_wr_reg) that has an active asychronous set or reset. This may cause corruption of the memory contents and/or read values when the set/reset is asserted and is not analyzed by the default static timing analysis. It is suggested to eliminate the use of a set/reset to registers driving this RAMB pin or else use a synchronous reset in which the assertion of the reset is timed by default.
Related violations: <none>

REQP-1839#13 Warning
RAMB36 async control check  
The RAMB36E1 broncho_video_i/vfpne_0/inst/LRAM_INST1/U0/inst_blk_mem_gen/gnbram.gnativebmg.native_blk_mem_gen/valid.cstr/ramloop[0].ram.r/prim_noinit.ram/DEVICE_7SERIES.NO_BMM_INFO.SDP.SIMPLE_PRIM36.ram has an input control pin broncho_video_i/vfpne_0/inst/LRAM_INST1/U0/inst_blk_mem_gen/gnbram.gnativebmg.native_blk_mem_gen/valid.cstr/ramloop[0].ram.r/prim_noinit.ram/DEVICE_7SERIES.NO_BMM_INFO.SDP.SIMPLE_PRIM36.ram/ADDRARDADDR[13] (net: broncho_video_i/vfpne_0/inst/LRAM_INST1/U0/inst_blk_mem_gen/gnbram.gnativebmg.native_blk_mem_gen/valid.cstr/ramloop[0].ram.r/prim_noinit.ram/addra[10]) which is driven by a register (broncho_video_i/vfpne_0/inst/input_wr_reg) that has an active asychronous set or reset. This may cause corruption of the memory contents and/or read values when the set/reset is asserted and is not analyzed by the default static timing analysis. It is suggested to eliminate the use of a set/reset to registers driving this RAMB pin or else use a synchronous reset in which the assertion of the reset is timed by default.
Related violations: <none>

REQP-1839#14 Warning
RAMB36 async control check  
The RAMB36E1 broncho_video_i/vfpne_0/inst/LRAM_INST1/U0/inst_blk_mem_gen/gnbram.gnativebmg.native_blk_mem_gen/valid.cstr/ramloop[0].ram.r/prim_noinit.ram/DEVICE_7SERIES.NO_BMM_INFO.SDP.SIMPLE_PRIM36.ram has an input control pin broncho_video_i/vfpne_0/inst/LRAM_INST1/U0/inst_blk_mem_gen/gnbram.gnativebmg.native_blk_mem_gen/valid.cstr/ramloop[0].ram.r/prim_noinit.ram/DEVICE_7SERIES.NO_BMM_INFO.SDP.SIMPLE_PRIM36.ram/ADDRARDADDR[13] (net: broncho_video_i/vfpne_0/inst/LRAM_INST1/U0/inst_blk_mem_gen/gnbram.gnativebmg.native_blk_mem_gen/valid.cstr/ramloop[0].ram.r/prim_noinit.ram/addra[10]) which is driven by a register (broncho_video_i/vfpne_0/inst/pattern_wr_reg) that has an active asychronous set or reset. This may cause corruption of the memory contents and/or read values when the set/reset is asserted and is not analyzed by the default static timing analysis. It is suggested to eliminate the use of a set/reset to registers driving this RAMB pin or else use a synchronous reset in which the assertion of the reset is timed by default.
Related violations: <none>

REQP-1839#15 Warning
RAMB36 async control check  
The RAMB36E1 broncho_video_i/vfpne_0/inst/LRAM_INST1/U0/inst_blk_mem_gen/gnbram.gnativebmg.native_blk_mem_gen/valid.cstr/ramloop[0].ram.r/prim_noinit.ram/DEVICE_7SERIES.NO_BMM_INFO.SDP.SIMPLE_PRIM36.ram has an input control pin broncho_video_i/vfpne_0/inst/LRAM_INST1/U0/inst_blk_mem_gen/gnbram.gnativebmg.native_blk_mem_gen/valid.cstr/ramloop[0].ram.r/prim_noinit.ram/DEVICE_7SERIES.NO_BMM_INFO.SDP.SIMPLE_PRIM36.ram/ADDRARDADDR[13] (net: broncho_video_i/vfpne_0/inst/LRAM_INST1/U0/inst_blk_mem_gen/gnbram.gnativebmg.native_blk_mem_gen/valid.cstr/ramloop[0].ram.r/prim_noinit.ram/addra[10]) which is driven by a register (broncho_video_i/vfpne_0/inst/pix_cnt_reg[10]) that has an active asychronous set or reset. This may cause corruption of the memory contents and/or read values when the set/reset is asserted and is not analyzed by the default static timing analysis. It is suggested to eliminate the use of a set/reset to registers driving this RAMB pin or else use a synchronous reset in which the assertion of the reset is timed by default.
Related violations: <none>

REQP-1839#16 Warning
RAMB36 async control check  
The RAMB36E1 broncho_video_i/vfpne_0/inst/LRAM_INST1/U0/inst_blk_mem_gen/gnbram.gnativebmg.native_blk_mem_gen/valid.cstr/ramloop[0].ram.r/prim_noinit.ram/DEVICE_7SERIES.NO_BMM_INFO.SDP.SIMPLE_PRIM36.ram has an input control pin broncho_video_i/vfpne_0/inst/LRAM_INST1/U0/inst_blk_mem_gen/gnbram.gnativebmg.native_blk_mem_gen/valid.cstr/ramloop[0].ram.r/prim_noinit.ram/DEVICE_7SERIES.NO_BMM_INFO.SDP.SIMPLE_PRIM36.ram/ADDRARDADDR[13] (net: broncho_video_i/vfpne_0/inst/LRAM_INST1/U0/inst_blk_mem_gen/gnbram.gnativebmg.native_blk_mem_gen/valid.cstr/ramloop[0].ram.r/prim_noinit.ram/addra[10]) which is driven by a register (broncho_video_i/vfpne_0/inst/zero_wr_reg) that has an active asychronous set or reset. This may cause corruption of the memory contents and/or read values when the set/reset is asserted and is not analyzed by the default static timing analysis. It is suggested to eliminate the use of a set/reset to registers driving this RAMB pin or else use a synchronous reset in which the assertion of the reset is timed by default.
Related violations: <none>

REQP-1839#17 Warning
RAMB36 async control check  
The RAMB36E1 broncho_video_i/vfpne_0/inst/LRAM_INST1/U0/inst_blk_mem_gen/gnbram.gnativebmg.native_blk_mem_gen/valid.cstr/ramloop[0].ram.r/prim_noinit.ram/DEVICE_7SERIES.NO_BMM_INFO.SDP.SIMPLE_PRIM36.ram has an input control pin broncho_video_i/vfpne_0/inst/LRAM_INST1/U0/inst_blk_mem_gen/gnbram.gnativebmg.native_blk_mem_gen/valid.cstr/ramloop[0].ram.r/prim_noinit.ram/DEVICE_7SERIES.NO_BMM_INFO.SDP.SIMPLE_PRIM36.ram/ADDRARDADDR[14] (net: broncho_video_i/vfpne_0/inst/LRAM_INST1/U0/inst_blk_mem_gen/gnbram.gnativebmg.native_blk_mem_gen/valid.cstr/ramloop[0].ram.r/prim_noinit.ram/addra[11]) which is driven by a register (broncho_video_i/vfpne_0/inst/input_wr_reg) that has an active asychronous set or reset. This may cause corruption of the memory contents and/or read values when the set/reset is asserted and is not analyzed by the default static timing analysis. It is suggested to eliminate the use of a set/reset to registers driving this RAMB pin or else use a synchronous reset in which the assertion of the reset is timed by default.
Related violations: <none>

REQP-1839#18 Warning
RAMB36 async control check  
The RAMB36E1 broncho_video_i/vfpne_0/inst/LRAM_INST1/U0/inst_blk_mem_gen/gnbram.gnativebmg.native_blk_mem_gen/valid.cstr/ramloop[0].ram.r/prim_noinit.ram/DEVICE_7SERIES.NO_BMM_INFO.SDP.SIMPLE_PRIM36.ram has an input control pin broncho_video_i/vfpne_0/inst/LRAM_INST1/U0/inst_blk_mem_gen/gnbram.gnativebmg.native_blk_mem_gen/valid.cstr/ramloop[0].ram.r/prim_noinit.ram/DEVICE_7SERIES.NO_BMM_INFO.SDP.SIMPLE_PRIM36.ram/ADDRARDADDR[14] (net: broncho_video_i/vfpne_0/inst/LRAM_INST1/U0/inst_blk_mem_gen/gnbram.gnativebmg.native_blk_mem_gen/valid.cstr/ramloop[0].ram.r/prim_noinit.ram/addra[11]) which is driven by a register (broncho_video_i/vfpne_0/inst/pattern_wr_reg) that has an active asychronous set or reset. This may cause corruption of the memory contents and/or read values when the set/reset is asserted and is not analyzed by the default static timing analysis. It is suggested to eliminate the use of a set/reset to registers driving this RAMB pin or else use a synchronous reset in which the assertion of the reset is timed by default.
Related violations: <none>

REQP-1839#19 Warning
RAMB36 async control check  
The RAMB36E1 broncho_video_i/vfpne_0/inst/LRAM_INST1/U0/inst_blk_mem_gen/gnbram.gnativebmg.native_blk_mem_gen/valid.cstr/ramloop[0].ram.r/prim_noinit.ram/DEVICE_7SERIES.NO_BMM_INFO.SDP.SIMPLE_PRIM36.ram has an input control pin broncho_video_i/vfpne_0/inst/LRAM_INST1/U0/inst_blk_mem_gen/gnbram.gnativebmg.native_blk_mem_gen/valid.cstr/ramloop[0].ram.r/prim_noinit.ram/DEVICE_7SERIES.NO_BMM_INFO.SDP.SIMPLE_PRIM36.ram/ADDRARDADDR[14] (net: broncho_video_i/vfpne_0/inst/LRAM_INST1/U0/inst_blk_mem_gen/gnbram.gnativebmg.native_blk_mem_gen/valid.cstr/ramloop[0].ram.r/prim_noinit.ram/addra[11]) which is driven by a register (broncho_video_i/vfpne_0/inst/pix_cnt_reg[11]) that has an active asychronous set or reset. This may cause corruption of the memory contents and/or read values when the set/reset is asserted and is not analyzed by the default static timing analysis. It is suggested to eliminate the use of a set/reset to registers driving this RAMB pin or else use a synchronous reset in which the assertion of the reset is timed by default.
Related violations: <none>

REQP-1839#20 Warning
RAMB36 async control check  
The RAMB36E1 broncho_video_i/vfpne_0/inst/LRAM_INST1/U0/inst_blk_mem_gen/gnbram.gnativebmg.native_blk_mem_gen/valid.cstr/ramloop[0].ram.r/prim_noinit.ram/DEVICE_7SERIES.NO_BMM_INFO.SDP.SIMPLE_PRIM36.ram has an input control pin broncho_video_i/vfpne_0/inst/LRAM_INST1/U0/inst_blk_mem_gen/gnbram.gnativebmg.native_blk_mem_gen/valid.cstr/ramloop[0].ram.r/prim_noinit.ram/DEVICE_7SERIES.NO_BMM_INFO.SDP.SIMPLE_PRIM36.ram/ADDRARDADDR[14] (net: broncho_video_i/vfpne_0/inst/LRAM_INST1/U0/inst_blk_mem_gen/gnbram.gnativebmg.native_blk_mem_gen/valid.cstr/ramloop[0].ram.r/prim_noinit.ram/addra[11]) which is driven by a register (broncho_video_i/vfpne_0/inst/zero_wr_reg) that has an active asychronous set or reset. This may cause corruption of the memory contents and/or read values when the set/reset is asserted and is not analyzed by the default static timing analysis. It is suggested to eliminate the use of a set/reset to registers driving this RAMB pin or else use a synchronous reset in which the assertion of the reset is timed by default.
Related violations: <none>

REQP-1840#1 Warning
RAMB18 async control check  
The RAMB18E1 broncho_video_i/vfpne_0/inst/LRAM_INST1/U0/inst_blk_mem_gen/gnbram.gnativebmg.native_blk_mem_gen/valid.cstr/ramloop[19].ram.r/prim_noinit.ram/DEVICE_7SERIES.NO_BMM_INFO.SDP.SIMPLE_PRIM18.ram has an input control pin broncho_video_i/vfpne_0/inst/LRAM_INST1/U0/inst_blk_mem_gen/gnbram.gnativebmg.native_blk_mem_gen/valid.cstr/ramloop[19].ram.r/prim_noinit.ram/DEVICE_7SERIES.NO_BMM_INFO.SDP.SIMPLE_PRIM18.ram/ADDRARDADDR[10] (net: broncho_video_i/vfpne_0/inst/LRAM_INST1/U0/inst_blk_mem_gen/gnbram.gnativebmg.native_blk_mem_gen/valid.cstr/ramloop[19].ram.r/prim_noinit.ram/addra[7]) which is driven by a register (broncho_video_i/vfpne_0/inst/input_wr_reg) that has an active asychronous set or reset. This may cause corruption of the memory contents and/or read values when the set/reset is asserted and is not analyzed by the default static timing analysis. It is suggested to eliminate the use of a set/reset to registers driving this RAMB pin or else use a synchronous reset in which the assertion of the reset is timed by default.
Related violations: <none>

REQP-1840#2 Warning
RAMB18 async control check  
The RAMB18E1 broncho_video_i/vfpne_0/inst/LRAM_INST1/U0/inst_blk_mem_gen/gnbram.gnativebmg.native_blk_mem_gen/valid.cstr/ramloop[19].ram.r/prim_noinit.ram/DEVICE_7SERIES.NO_BMM_INFO.SDP.SIMPLE_PRIM18.ram has an input control pin broncho_video_i/vfpne_0/inst/LRAM_INST1/U0/inst_blk_mem_gen/gnbram.gnativebmg.native_blk_mem_gen/valid.cstr/ramloop[19].ram.r/prim_noinit.ram/DEVICE_7SERIES.NO_BMM_INFO.SDP.SIMPLE_PRIM18.ram/ADDRARDADDR[10] (net: broncho_video_i/vfpne_0/inst/LRAM_INST1/U0/inst_blk_mem_gen/gnbram.gnativebmg.native_blk_mem_gen/valid.cstr/ramloop[19].ram.r/prim_noinit.ram/addra[7]) which is driven by a register (broncho_video_i/vfpne_0/inst/pattern_wr_reg) that has an active asychronous set or reset. This may cause corruption of the memory contents and/or read values when the set/reset is asserted and is not analyzed by the default static timing analysis. It is suggested to eliminate the use of a set/reset to registers driving this RAMB pin or else use a synchronous reset in which the assertion of the reset is timed by default.
Related violations: <none>

REQP-1840#3 Warning
RAMB18 async control check  
The RAMB18E1 broncho_video_i/vfpne_0/inst/LRAM_INST1/U0/inst_blk_mem_gen/gnbram.gnativebmg.native_blk_mem_gen/valid.cstr/ramloop[19].ram.r/prim_noinit.ram/DEVICE_7SERIES.NO_BMM_INFO.SDP.SIMPLE_PRIM18.ram has an input control pin broncho_video_i/vfpne_0/inst/LRAM_INST1/U0/inst_blk_mem_gen/gnbram.gnativebmg.native_blk_mem_gen/valid.cstr/ramloop[19].ram.r/prim_noinit.ram/DEVICE_7SERIES.NO_BMM_INFO.SDP.SIMPLE_PRIM18.ram/ADDRARDADDR[10] (net: broncho_video_i/vfpne_0/inst/LRAM_INST1/U0/inst_blk_mem_gen/gnbram.gnativebmg.native_blk_mem_gen/valid.cstr/ramloop[19].ram.r/prim_noinit.ram/addra[7]) which is driven by a register (broncho_video_i/vfpne_0/inst/pix_cnt_reg[7]) that has an active asychronous set or reset. This may cause corruption of the memory contents and/or read values when the set/reset is asserted and is not analyzed by the default static timing analysis. It is suggested to eliminate the use of a set/reset to registers driving this RAMB pin or else use a synchronous reset in which the assertion of the reset is timed by default.
Related violations: <none>

REQP-1840#4 Warning
RAMB18 async control check  
The RAMB18E1 broncho_video_i/vfpne_0/inst/LRAM_INST1/U0/inst_blk_mem_gen/gnbram.gnativebmg.native_blk_mem_gen/valid.cstr/ramloop[19].ram.r/prim_noinit.ram/DEVICE_7SERIES.NO_BMM_INFO.SDP.SIMPLE_PRIM18.ram has an input control pin broncho_video_i/vfpne_0/inst/LRAM_INST1/U0/inst_blk_mem_gen/gnbram.gnativebmg.native_blk_mem_gen/valid.cstr/ramloop[19].ram.r/prim_noinit.ram/DEVICE_7SERIES.NO_BMM_INFO.SDP.SIMPLE_PRIM18.ram/ADDRARDADDR[10] (net: broncho_video_i/vfpne_0/inst/LRAM_INST1/U0/inst_blk_mem_gen/gnbram.gnativebmg.native_blk_mem_gen/valid.cstr/ramloop[19].ram.r/prim_noinit.ram/addra[7]) which is driven by a register (broncho_video_i/vfpne_0/inst/zero_wr_reg) that has an active asychronous set or reset. This may cause corruption of the memory contents and/or read values when the set/reset is asserted and is not analyzed by the default static timing analysis. It is suggested to eliminate the use of a set/reset to registers driving this RAMB pin or else use a synchronous reset in which the assertion of the reset is timed by default.
Related violations: <none>

REQP-1840#5 Warning
RAMB18 async control check  
The RAMB18E1 broncho_video_i/vfpne_0/inst/LRAM_INST1/U0/inst_blk_mem_gen/gnbram.gnativebmg.native_blk_mem_gen/valid.cstr/ramloop[19].ram.r/prim_noinit.ram/DEVICE_7SERIES.NO_BMM_INFO.SDP.SIMPLE_PRIM18.ram has an input control pin broncho_video_i/vfpne_0/inst/LRAM_INST1/U0/inst_blk_mem_gen/gnbram.gnativebmg.native_blk_mem_gen/valid.cstr/ramloop[19].ram.r/prim_noinit.ram/DEVICE_7SERIES.NO_BMM_INFO.SDP.SIMPLE_PRIM18.ram/ADDRARDADDR[11] (net: broncho_video_i/vfpne_0/inst/LRAM_INST1/U0/inst_blk_mem_gen/gnbram.gnativebmg.native_blk_mem_gen/valid.cstr/ramloop[19].ram.r/prim_noinit.ram/addra[8]) which is driven by a register (broncho_video_i/vfpne_0/inst/input_wr_reg) that has an active asychronous set or reset. This may cause corruption of the memory contents and/or read values when the set/reset is asserted and is not analyzed by the default static timing analysis. It is suggested to eliminate the use of a set/reset to registers driving this RAMB pin or else use a synchronous reset in which the assertion of the reset is timed by default.
Related violations: <none>

REQP-1840#6 Warning
RAMB18 async control check  
The RAMB18E1 broncho_video_i/vfpne_0/inst/LRAM_INST1/U0/inst_blk_mem_gen/gnbram.gnativebmg.native_blk_mem_gen/valid.cstr/ramloop[19].ram.r/prim_noinit.ram/DEVICE_7SERIES.NO_BMM_INFO.SDP.SIMPLE_PRIM18.ram has an input control pin broncho_video_i/vfpne_0/inst/LRAM_INST1/U0/inst_blk_mem_gen/gnbram.gnativebmg.native_blk_mem_gen/valid.cstr/ramloop[19].ram.r/prim_noinit.ram/DEVICE_7SERIES.NO_BMM_INFO.SDP.SIMPLE_PRIM18.ram/ADDRARDADDR[11] (net: broncho_video_i/vfpne_0/inst/LRAM_INST1/U0/inst_blk_mem_gen/gnbram.gnativebmg.native_blk_mem_gen/valid.cstr/ramloop[19].ram.r/prim_noinit.ram/addra[8]) which is driven by a register (broncho_video_i/vfpne_0/inst/pattern_wr_reg) that has an active asychronous set or reset. This may cause corruption of the memory contents and/or read values when the set/reset is asserted and is not analyzed by the default static timing analysis. It is suggested to eliminate the use of a set/reset to registers driving this RAMB pin or else use a synchronous reset in which the assertion of the reset is timed by default.
Related violations: <none>

REQP-1840#7 Warning
RAMB18 async control check  
The RAMB18E1 broncho_video_i/vfpne_0/inst/LRAM_INST1/U0/inst_blk_mem_gen/gnbram.gnativebmg.native_blk_mem_gen/valid.cstr/ramloop[19].ram.r/prim_noinit.ram/DEVICE_7SERIES.NO_BMM_INFO.SDP.SIMPLE_PRIM18.ram has an input control pin broncho_video_i/vfpne_0/inst/LRAM_INST1/U0/inst_blk_mem_gen/gnbram.gnativebmg.native_blk_mem_gen/valid.cstr/ramloop[19].ram.r/prim_noinit.ram/DEVICE_7SERIES.NO_BMM_INFO.SDP.SIMPLE_PRIM18.ram/ADDRARDADDR[11] (net: broncho_video_i/vfpne_0/inst/LRAM_INST1/U0/inst_blk_mem_gen/gnbram.gnativebmg.native_blk_mem_gen/valid.cstr/ramloop[19].ram.r/prim_noinit.ram/addra[8]) which is driven by a register (broncho_video_i/vfpne_0/inst/pix_cnt_reg[8]) that has an active asychronous set or reset. This may cause corruption of the memory contents and/or read values when the set/reset is asserted and is not analyzed by the default static timing analysis. It is suggested to eliminate the use of a set/reset to registers driving this RAMB pin or else use a synchronous reset in which the assertion of the reset is timed by default.
Related violations: <none>

REQP-1840#8 Warning
RAMB18 async control check  
The RAMB18E1 broncho_video_i/vfpne_0/inst/LRAM_INST1/U0/inst_blk_mem_gen/gnbram.gnativebmg.native_blk_mem_gen/valid.cstr/ramloop[19].ram.r/prim_noinit.ram/DEVICE_7SERIES.NO_BMM_INFO.SDP.SIMPLE_PRIM18.ram has an input control pin broncho_video_i/vfpne_0/inst/LRAM_INST1/U0/inst_blk_mem_gen/gnbram.gnativebmg.native_blk_mem_gen/valid.cstr/ramloop[19].ram.r/prim_noinit.ram/DEVICE_7SERIES.NO_BMM_INFO.SDP.SIMPLE_PRIM18.ram/ADDRARDADDR[11] (net: broncho_video_i/vfpne_0/inst/LRAM_INST1/U0/inst_blk_mem_gen/gnbram.gnativebmg.native_blk_mem_gen/valid.cstr/ramloop[19].ram.r/prim_noinit.ram/addra[8]) which is driven by a register (broncho_video_i/vfpne_0/inst/zero_wr_reg) that has an active asychronous set or reset. This may cause corruption of the memory contents and/or read values when the set/reset is asserted and is not analyzed by the default static timing analysis. It is suggested to eliminate the use of a set/reset to registers driving this RAMB pin or else use a synchronous reset in which the assertion of the reset is timed by default.
Related violations: <none>

REQP-1840#9 Warning
RAMB18 async control check  
The RAMB18E1 broncho_video_i/vfpne_0/inst/LRAM_INST1/U0/inst_blk_mem_gen/gnbram.gnativebmg.native_blk_mem_gen/valid.cstr/ramloop[19].ram.r/prim_noinit.ram/DEVICE_7SERIES.NO_BMM_INFO.SDP.SIMPLE_PRIM18.ram has an input control pin broncho_video_i/vfpne_0/inst/LRAM_INST1/U0/inst_blk_mem_gen/gnbram.gnativebmg.native_blk_mem_gen/valid.cstr/ramloop[19].ram.r/prim_noinit.ram/DEVICE_7SERIES.NO_BMM_INFO.SDP.SIMPLE_PRIM18.ram/ADDRARDADDR[12] (net: broncho_video_i/vfpne_0/inst/LRAM_INST1/U0/inst_blk_mem_gen/gnbram.gnativebmg.native_blk_mem_gen/valid.cstr/ramloop[19].ram.r/prim_noinit.ram/addra[9]) which is driven by a register (broncho_video_i/vfpne_0/inst/input_wr_reg) that has an active asychronous set or reset. This may cause corruption of the memory contents and/or read values when the set/reset is asserted and is not analyzed by the default static timing analysis. It is suggested to eliminate the use of a set/reset to registers driving this RAMB pin or else use a synchronous reset in which the assertion of the reset is timed by default.
Related violations: <none>

REQP-1840#10 Warning
RAMB18 async control check  
The RAMB18E1 broncho_video_i/vfpne_0/inst/LRAM_INST1/U0/inst_blk_mem_gen/gnbram.gnativebmg.native_blk_mem_gen/valid.cstr/ramloop[19].ram.r/prim_noinit.ram/DEVICE_7SERIES.NO_BMM_INFO.SDP.SIMPLE_PRIM18.ram has an input control pin broncho_video_i/vfpne_0/inst/LRAM_INST1/U0/inst_blk_mem_gen/gnbram.gnativebmg.native_blk_mem_gen/valid.cstr/ramloop[19].ram.r/prim_noinit.ram/DEVICE_7SERIES.NO_BMM_INFO.SDP.SIMPLE_PRIM18.ram/ADDRARDADDR[12] (net: broncho_video_i/vfpne_0/inst/LRAM_INST1/U0/inst_blk_mem_gen/gnbram.gnativebmg.native_blk_mem_gen/valid.cstr/ramloop[19].ram.r/prim_noinit.ram/addra[9]) which is driven by a register (broncho_video_i/vfpne_0/inst/pattern_wr_reg) that has an active asychronous set or reset. This may cause corruption of the memory contents and/or read values when the set/reset is asserted and is not analyzed by the default static timing analysis. It is suggested to eliminate the use of a set/reset to registers driving this RAMB pin or else use a synchronous reset in which the assertion of the reset is timed by default.
Related violations: <none>

REQP-1840#11 Warning
RAMB18 async control check  
The RAMB18E1 broncho_video_i/vfpne_0/inst/LRAM_INST1/U0/inst_blk_mem_gen/gnbram.gnativebmg.native_blk_mem_gen/valid.cstr/ramloop[19].ram.r/prim_noinit.ram/DEVICE_7SERIES.NO_BMM_INFO.SDP.SIMPLE_PRIM18.ram has an input control pin broncho_video_i/vfpne_0/inst/LRAM_INST1/U0/inst_blk_mem_gen/gnbram.gnativebmg.native_blk_mem_gen/valid.cstr/ramloop[19].ram.r/prim_noinit.ram/DEVICE_7SERIES.NO_BMM_INFO.SDP.SIMPLE_PRIM18.ram/ADDRARDADDR[12] (net: broncho_video_i/vfpne_0/inst/LRAM_INST1/U0/inst_blk_mem_gen/gnbram.gnativebmg.native_blk_mem_gen/valid.cstr/ramloop[19].ram.r/prim_noinit.ram/addra[9]) which is driven by a register (broncho_video_i/vfpne_0/inst/pix_cnt_reg[9]) that has an active asychronous set or reset. This may cause corruption of the memory contents and/or read values when the set/reset is asserted and is not analyzed by the default static timing analysis. It is suggested to eliminate the use of a set/reset to registers driving this RAMB pin or else use a synchronous reset in which the assertion of the reset is timed by default.
Related violations: <none>

REQP-1840#12 Warning
RAMB18 async control check  
The RAMB18E1 broncho_video_i/vfpne_0/inst/LRAM_INST1/U0/inst_blk_mem_gen/gnbram.gnativebmg.native_blk_mem_gen/valid.cstr/ramloop[19].ram.r/prim_noinit.ram/DEVICE_7SERIES.NO_BMM_INFO.SDP.SIMPLE_PRIM18.ram has an input control pin broncho_video_i/vfpne_0/inst/LRAM_INST1/U0/inst_blk_mem_gen/gnbram.gnativebmg.native_blk_mem_gen/valid.cstr/ramloop[19].ram.r/prim_noinit.ram/DEVICE_7SERIES.NO_BMM_INFO.SDP.SIMPLE_PRIM18.ram/ADDRARDADDR[12] (net: broncho_video_i/vfpne_0/inst/LRAM_INST1/U0/inst_blk_mem_gen/gnbram.gnativebmg.native_blk_mem_gen/valid.cstr/ramloop[19].ram.r/prim_noinit.ram/addra[9]) which is driven by a register (broncho_video_i/vfpne_0/inst/zero_wr_reg) that has an active asychronous set or reset. This may cause corruption of the memory contents and/or read values when the set/reset is asserted and is not analyzed by the default static timing analysis. It is suggested to eliminate the use of a set/reset to registers driving this RAMB pin or else use a synchronous reset in which the assertion of the reset is timed by default.
Related violations: <none>

REQP-1840#13 Warning
RAMB18 async control check  
The RAMB18E1 broncho_video_i/vfpne_0/inst/LRAM_INST1/U0/inst_blk_mem_gen/gnbram.gnativebmg.native_blk_mem_gen/valid.cstr/ramloop[19].ram.r/prim_noinit.ram/DEVICE_7SERIES.NO_BMM_INFO.SDP.SIMPLE_PRIM18.ram has an input control pin broncho_video_i/vfpne_0/inst/LRAM_INST1/U0/inst_blk_mem_gen/gnbram.gnativebmg.native_blk_mem_gen/valid.cstr/ramloop[19].ram.r/prim_noinit.ram/DEVICE_7SERIES.NO_BMM_INFO.SDP.SIMPLE_PRIM18.ram/ADDRARDADDR[13] (net: broncho_video_i/vfpne_0/inst/LRAM_INST1/U0/inst_blk_mem_gen/gnbram.gnativebmg.native_blk_mem_gen/valid.cstr/ramloop[19].ram.r/prim_noinit.ram/addra[10]) which is driven by a register (broncho_video_i/vfpne_0/inst/input_wr_reg) that has an active asychronous set or reset. This may cause corruption of the memory contents and/or read values when the set/reset is asserted and is not analyzed by the default static timing analysis. It is suggested to eliminate the use of a set/reset to registers driving this RAMB pin or else use a synchronous reset in which the assertion of the reset is timed by default.
Related violations: <none>

REQP-1840#14 Warning
RAMB18 async control check  
The RAMB18E1 broncho_video_i/vfpne_0/inst/LRAM_INST1/U0/inst_blk_mem_gen/gnbram.gnativebmg.native_blk_mem_gen/valid.cstr/ramloop[19].ram.r/prim_noinit.ram/DEVICE_7SERIES.NO_BMM_INFO.SDP.SIMPLE_PRIM18.ram has an input control pin broncho_video_i/vfpne_0/inst/LRAM_INST1/U0/inst_blk_mem_gen/gnbram.gnativebmg.native_blk_mem_gen/valid.cstr/ramloop[19].ram.r/prim_noinit.ram/DEVICE_7SERIES.NO_BMM_INFO.SDP.SIMPLE_PRIM18.ram/ADDRARDADDR[13] (net: broncho_video_i/vfpne_0/inst/LRAM_INST1/U0/inst_blk_mem_gen/gnbram.gnativebmg.native_blk_mem_gen/valid.cstr/ramloop[19].ram.r/prim_noinit.ram/addra[10]) which is driven by a register (broncho_video_i/vfpne_0/inst/pattern_wr_reg) that has an active asychronous set or reset. This may cause corruption of the memory contents and/or read values when the set/reset is asserted and is not analyzed by the default static timing analysis. It is suggested to eliminate the use of a set/reset to registers driving this RAMB pin or else use a synchronous reset in which the assertion of the reset is timed by default.
Related violations: <none>

REQP-1840#15 Warning
RAMB18 async control check  
The RAMB18E1 broncho_video_i/vfpne_0/inst/LRAM_INST1/U0/inst_blk_mem_gen/gnbram.gnativebmg.native_blk_mem_gen/valid.cstr/ramloop[19].ram.r/prim_noinit.ram/DEVICE_7SERIES.NO_BMM_INFO.SDP.SIMPLE_PRIM18.ram has an input control pin broncho_video_i/vfpne_0/inst/LRAM_INST1/U0/inst_blk_mem_gen/gnbram.gnativebmg.native_blk_mem_gen/valid.cstr/ramloop[19].ram.r/prim_noinit.ram/DEVICE_7SERIES.NO_BMM_INFO.SDP.SIMPLE_PRIM18.ram/ADDRARDADDR[13] (net: broncho_video_i/vfpne_0/inst/LRAM_INST1/U0/inst_blk_mem_gen/gnbram.gnativebmg.native_blk_mem_gen/valid.cstr/ramloop[19].ram.r/prim_noinit.ram/addra[10]) which is driven by a register (broncho_video_i/vfpne_0/inst/pix_cnt_reg[10]) that has an active asychronous set or reset. This may cause corruption of the memory contents and/or read values when the set/reset is asserted and is not analyzed by the default static timing analysis. It is suggested to eliminate the use of a set/reset to registers driving this RAMB pin or else use a synchronous reset in which the assertion of the reset is timed by default.
Related violations: <none>

REQP-1840#16 Warning
RAMB18 async control check  
The RAMB18E1 broncho_video_i/vfpne_0/inst/LRAM_INST1/U0/inst_blk_mem_gen/gnbram.gnativebmg.native_blk_mem_gen/valid.cstr/ramloop[19].ram.r/prim_noinit.ram/DEVICE_7SERIES.NO_BMM_INFO.SDP.SIMPLE_PRIM18.ram has an input control pin broncho_video_i/vfpne_0/inst/LRAM_INST1/U0/inst_blk_mem_gen/gnbram.gnativebmg.native_blk_mem_gen/valid.cstr/ramloop[19].ram.r/prim_noinit.ram/DEVICE_7SERIES.NO_BMM_INFO.SDP.SIMPLE_PRIM18.ram/ADDRARDADDR[13] (net: broncho_video_i/vfpne_0/inst/LRAM_INST1/U0/inst_blk_mem_gen/gnbram.gnativebmg.native_blk_mem_gen/valid.cstr/ramloop[19].ram.r/prim_noinit.ram/addra[10]) which is driven by a register (broncho_video_i/vfpne_0/inst/zero_wr_reg) that has an active asychronous set or reset. This may cause corruption of the memory contents and/or read values when the set/reset is asserted and is not analyzed by the default static timing analysis. It is suggested to eliminate the use of a set/reset to registers driving this RAMB pin or else use a synchronous reset in which the assertion of the reset is timed by default.
Related violations: <none>

REQP-1840#17 Warning
RAMB18 async control check  
The RAMB18E1 broncho_video_i/vfpne_0/inst/LRAM_INST1/U0/inst_blk_mem_gen/gnbram.gnativebmg.native_blk_mem_gen/valid.cstr/ramloop[19].ram.r/prim_noinit.ram/DEVICE_7SERIES.NO_BMM_INFO.SDP.SIMPLE_PRIM18.ram has an input control pin broncho_video_i/vfpne_0/inst/LRAM_INST1/U0/inst_blk_mem_gen/gnbram.gnativebmg.native_blk_mem_gen/valid.cstr/ramloop[19].ram.r/prim_noinit.ram/DEVICE_7SERIES.NO_BMM_INFO.SDP.SIMPLE_PRIM18.ram/ADDRARDADDR[9] (net: broncho_video_i/vfpne_0/inst/LRAM_INST1/U0/inst_blk_mem_gen/gnbram.gnativebmg.native_blk_mem_gen/valid.cstr/ramloop[19].ram.r/prim_noinit.ram/addra[6]) which is driven by a register (broncho_video_i/vfpne_0/inst/input_wr_reg) that has an active asychronous set or reset. This may cause corruption of the memory contents and/or read values when the set/reset is asserted and is not analyzed by the default static timing analysis. It is suggested to eliminate the use of a set/reset to registers driving this RAMB pin or else use a synchronous reset in which the assertion of the reset is timed by default.
Related violations: <none>

REQP-1840#18 Warning
RAMB18 async control check  
The RAMB18E1 broncho_video_i/vfpne_0/inst/LRAM_INST1/U0/inst_blk_mem_gen/gnbram.gnativebmg.native_blk_mem_gen/valid.cstr/ramloop[19].ram.r/prim_noinit.ram/DEVICE_7SERIES.NO_BMM_INFO.SDP.SIMPLE_PRIM18.ram has an input control pin broncho_video_i/vfpne_0/inst/LRAM_INST1/U0/inst_blk_mem_gen/gnbram.gnativebmg.native_blk_mem_gen/valid.cstr/ramloop[19].ram.r/prim_noinit.ram/DEVICE_7SERIES.NO_BMM_INFO.SDP.SIMPLE_PRIM18.ram/ADDRARDADDR[9] (net: broncho_video_i/vfpne_0/inst/LRAM_INST1/U0/inst_blk_mem_gen/gnbram.gnativebmg.native_blk_mem_gen/valid.cstr/ramloop[19].ram.r/prim_noinit.ram/addra[6]) which is driven by a register (broncho_video_i/vfpne_0/inst/pattern_wr_reg) that has an active asychronous set or reset. This may cause corruption of the memory contents and/or read values when the set/reset is asserted and is not analyzed by the default static timing analysis. It is suggested to eliminate the use of a set/reset to registers driving this RAMB pin or else use a synchronous reset in which the assertion of the reset is timed by default.
Related violations: <none>

REQP-1840#19 Warning
RAMB18 async control check  
The RAMB18E1 broncho_video_i/vfpne_0/inst/LRAM_INST1/U0/inst_blk_mem_gen/gnbram.gnativebmg.native_blk_mem_gen/valid.cstr/ramloop[19].ram.r/prim_noinit.ram/DEVICE_7SERIES.NO_BMM_INFO.SDP.SIMPLE_PRIM18.ram has an input control pin broncho_video_i/vfpne_0/inst/LRAM_INST1/U0/inst_blk_mem_gen/gnbram.gnativebmg.native_blk_mem_gen/valid.cstr/ramloop[19].ram.r/prim_noinit.ram/DEVICE_7SERIES.NO_BMM_INFO.SDP.SIMPLE_PRIM18.ram/ADDRARDADDR[9] (net: broncho_video_i/vfpne_0/inst/LRAM_INST1/U0/inst_blk_mem_gen/gnbram.gnativebmg.native_blk_mem_gen/valid.cstr/ramloop[19].ram.r/prim_noinit.ram/addra[6]) which is driven by a register (broncho_video_i/vfpne_0/inst/pix_cnt_reg[6]) that has an active asychronous set or reset. This may cause corruption of the memory contents and/or read values when the set/reset is asserted and is not analyzed by the default static timing analysis. It is suggested to eliminate the use of a set/reset to registers driving this RAMB pin or else use a synchronous reset in which the assertion of the reset is timed by default.
Related violations: <none>

REQP-1840#20 Warning
RAMB18 async control check  
The RAMB18E1 broncho_video_i/vfpne_0/inst/LRAM_INST1/U0/inst_blk_mem_gen/gnbram.gnativebmg.native_blk_mem_gen/valid.cstr/ramloop[19].ram.r/prim_noinit.ram/DEVICE_7SERIES.NO_BMM_INFO.SDP.SIMPLE_PRIM18.ram has an input control pin broncho_video_i/vfpne_0/inst/LRAM_INST1/U0/inst_blk_mem_gen/gnbram.gnativebmg.native_blk_mem_gen/valid.cstr/ramloop[19].ram.r/prim_noinit.ram/DEVICE_7SERIES.NO_BMM_INFO.SDP.SIMPLE_PRIM18.ram/ADDRARDADDR[9] (net: broncho_video_i/vfpne_0/inst/LRAM_INST1/U0/inst_blk_mem_gen/gnbram.gnativebmg.native_blk_mem_gen/valid.cstr/ramloop[19].ram.r/prim_noinit.ram/addra[6]) which is driven by a register (broncho_video_i/vfpne_0/inst/zero_wr_reg) that has an active asychronous set or reset. This may cause corruption of the memory contents and/or read values when the set/reset is asserted and is not analyzed by the default static timing analysis. It is suggested to eliminate the use of a set/reset to registers driving this RAMB pin or else use a synchronous reset in which the assertion of the reset is timed by default.
Related violations: <none>

RTSTAT-10#1 Warning
No routable loads  
180 net(s) have no routable loads. The problem bus(es) and/or net(s) are broncho_video_i/ps7_0_axi_periph/m00_couplers/auto_cc/inst/gen_clock_conv.gen_async_conv.asyncfifo_axi/inst_fifo_gen/gaxi_full_lite.gread_ch.grach2.axi_rach/grf.rf/gntv_or_sync_fifo.gl0.rd/gr1.gr1_int.rfwft/aempty_fwft_i,
broncho_video_i/ps7_0_axi_periph/m00_couplers/auto_cc/inst/gen_clock_conv.gen_async_conv.asyncfifo_axi/inst_fifo_gen/gaxi_full_lite.gread_ch.grdch2.axi_rdch/grf.rf/gntv_or_sync_fifo.gl0.rd/gr1.gr1_int.rfwft/aempty_fwft_i,
broncho_video_i/ps7_0_axi_periph/m00_couplers/auto_cc/inst/gen_clock_conv.gen_async_conv.asyncfifo_axi/inst_fifo_gen/gaxi_full_lite.gwrite_ch.gwach2.axi_wach/grf.rf/gntv_or_sync_fifo.gl0.rd/gr1.gr1_int.rfwft/aempty_fwft_i,
broncho_video_i/ps7_0_axi_periph/m00_couplers/auto_cc/inst/gen_clock_conv.gen_async_conv.asyncfifo_axi/inst_fifo_gen/gaxi_full_lite.gwrite_ch.gwdch2.axi_wdch/grf.rf/gntv_or_sync_fifo.gl0.rd/gr1.gr1_int.rfwft/aempty_fwft_i,
broncho_video_i/ps7_0_axi_periph/m00_couplers/auto_cc/inst/gen_clock_conv.gen_async_conv.asyncfifo_axi/inst_fifo_gen/gaxi_full_lite.gwrite_ch.gwrch2.axi_wrch/grf.rf/gntv_or_sync_fifo.gl0.rd/gr1.gr1_int.rfwft/aempty_fwft_i,
broncho_video_i/ps7_0_axi_periph/m02_couplers/auto_cc/inst/gen_clock_conv.gen_async_conv.asyncfifo_axi/inst_fifo_gen/gaxi_full_lite.gread_ch.grach2.axi_rach/grf.rf/gntv_or_sync_fifo.gl0.rd/gr1.gr1_int.rfwft/aempty_fwft_i,
broncho_video_i/ps7_0_axi_periph/m02_couplers/auto_cc/inst/gen_clock_conv.gen_async_conv.asyncfifo_axi/inst_fifo_gen/gaxi_full_lite.gread_ch.grdch2.axi_rdch/grf.rf/gntv_or_sync_fifo.gl0.rd/gr1.gr1_int.rfwft/aempty_fwft_i,
broncho_video_i/ps7_0_axi_periph/m02_couplers/auto_cc/inst/gen_clock_conv.gen_async_conv.asyncfifo_axi/inst_fifo_gen/gaxi_full_lite.gwrite_ch.gwach2.axi_wach/grf.rf/gntv_or_sync_fifo.gl0.rd/gr1.gr1_int.rfwft/aempty_fwft_i,
broncho_video_i/ps7_0_axi_periph/m02_couplers/auto_cc/inst/gen_clock_conv.gen_async_conv.asyncfifo_axi/inst_fifo_gen/gaxi_full_lite.gwrite_ch.gwdch2.axi_wdch/grf.rf/gntv_or_sync_fifo.gl0.rd/gr1.gr1_int.rfwft/aempty_fwft_i,
broncho_video_i/ps7_0_axi_periph/m02_couplers/auto_cc/inst/gen_clock_conv.gen_async_conv.asyncfifo_axi/inst_fifo_gen/gaxi_full_lite.gwrite_ch.gwrch2.axi_wrch/grf.rf/gntv_or_sync_fifo.gl0.rd/gr1.gr1_int.rfwft/aempty_fwft_i,
broncho_video_i/ps7_0_axi_periph/s00_couplers/s00_data_fifo/inst/gen_fifo.fifo_gen_inst/inst_fifo_gen/gaxi_full_lite.gread_ch.grdch2.axi_rdch/grf.rf/gntv_or_sync_fifo.gl0.rd/gr1.gr1_int.rfwft/aempty_fwft_i,
broncho_video_i/ps7_0_axi_periph/s00_couplers/s00_data_fifo/inst/gen_fifo.fifo_gen_inst/inst_fifo_gen/gaxi_full_lite.gwrite_ch.gwdch2.axi_wdch/grf.rf/gntv_or_sync_fifo.gl0.rd/gr1.gr1_int.rfwft/aempty_fwft_i,
dbg_hub/inst/BSCANID.u_xsdbm_id/CORE_XSDB.UUT_MASTER/U_ICON_INTERFACE/U_CMD6_RD/U_RD_FIFO/SUBCORE_FIFO.xsdbm_v3_0_0_rdfifo_inst/inst_fifo_gen/gconvfifo.rf/grf.rf/gntv_or_sync_fifo.gl0.rd/gr1.gr1_int.rfwft/aempty_fwft_i,
dbg_hub/inst/BSCANID.u_xsdbm_id/CORE_XSDB.UUT_MASTER/U_ICON_INTERFACE/U_CMD7_CTL/ctl_reg[2:0],
dbg_hub/inst/BSCANID.u_xsdbm_id/SWITCH_N_EXT_BSCAN.bscan_inst/TMS
 (the first 15 of 129 listed).
Related violations: <none>

REQP-181#1 Advisory
writefirst  
Synchronous clocking is detected for BRAM (broncho_video_i/axi_vdma_0/U0/I_PRMRY_DATAMOVER/GEN_MM2S_FULL.I_MM2S_FULL_WRAPPER/GEN_INCLUDE_MM2S_SF.I_RD_SF/I_DATA_FIFO/BLK_MEM.I_SYNC_FIFOGEN_FIFO/xpm_fifo_instance.xpm_fifo_sync_inst/xpm_fifo_base_inst/gen_sdpram.xpm_memory_base_inst/gen_wr_a.gen_word_narrow.mem_reg) in SDP mode with WRITE_FIRST write-mode. This is the preferred mode for best power characteristics, however it may exhibit address collisions if the same address appears on both read and write ports resulting in unknown or corrupted read data. It is suggested to confirm via simulation that an address collision never occurs and if so it is suggested to try and avoid this situation. If address collisions cannot be avoided, the write-mode may be set to READ_FIRST which guarantees that the read data is the prior contents of the memory at the cost of additional power in the design. See the FPGA Memory Resources User Guide for additional information.
Related violations: <none>

REQP-181#2 Advisory
writefirst  
Synchronous clocking is detected for BRAM (broncho_video_i/axi_vdma_0/U0/I_PRMRY_DATAMOVER/GEN_S2MM_FULL.I_S2MM_FULL_WRAPPER/GEN_ENABLE_INDET_BTT_SF.I_INDET_BTT/I_DATA_FIFO/BLK_MEM.I_SYNC_FIFOGEN_FIFO/xpm_fifo_instance.xpm_fifo_sync_inst/xpm_fifo_base_inst/gen_sdpram.xpm_memory_base_inst/gen_wr_a.gen_word_narrow.mem_reg) in SDP mode with WRITE_FIRST write-mode. This is the preferred mode for best power characteristics, however it may exhibit address collisions if the same address appears on both read and write ports resulting in unknown or corrupted read data. It is suggested to confirm via simulation that an address collision never occurs and if so it is suggested to try and avoid this situation. If address collisions cannot be avoided, the write-mode may be set to READ_FIRST which guarantees that the read data is the prior contents of the memory at the cost of additional power in the design. See the FPGA Memory Resources User Guide for additional information.
Related violations: <none>


