#-----------------------------------------------------------
# xsim v2025.2 (64-bit)
# SW Build 6299465 on Fri Nov 14 12:34:56 MST 2025
# IP Build 6300035 on Fri Nov 14 10:48:45 MST 2025
# SharedData Build 6298862 on Thu Nov 13 04:50:51 MST 2025
# Start of session at: Sun Oct  4 18:50:52 2026
# Process ID         : 33990
# Current directory  : /home/alen/git/AMD-FPGA-Practice/kv260-imx219-video/sw/video-pipe-sw-v4/awb-hls-L1/autowhitebalance_accel/hls/sim/verilog
# Command line       : xsim -mode tcl -source {xsim.dir/autowhitebalance_accel/xsim_script.tcl}
# Log file           : /home/alen/git/AMD-FPGA-Practice/kv260-imx219-video/sw/video-pipe-sw-v4/awb-hls-L1/autowhitebalance_accel/hls/sim/verilog/xsim.log
# Journal file       : /home/alen/git/AMD-FPGA-Practice/kv260-imx219-video/sw/video-pipe-sw-v4/awb-hls-L1/autowhitebalance_accel/hls/sim/verilog/xsim.jou
# Running On         : alen-HP-Pavilion-Laptop-14-ec0xxx
# Platform           : Ubuntu
# Operating System   : Ubuntu 24.04.5 LTS
# Processor Detail   : AMD Ryzen 5 5500U with Radeon Graphics
# CPU Frequency      : 3579.110 MHz
# CPU Physical cores : 6
# CPU Logical cores  : 12
# Host memory        : 32934 MB
# Swap memory        : 8000 MB
# Total Virtual      : 40934 MB
# Available Virtual  : 29513 MB
#-----------------------------------------------------------
source xsim.dir/autowhitebalance_accel/xsim_script.tcl
# xsim {autowhitebalance_accel} -testplusarg UVM_VERBOSITY=UVM_NONE -testplusarg UVM_TESTNAME=autowhitebalance_accel_test_lib -testplusarg UVM_TIMEOUT=20000000000000 -autoloadwcfg -tclbatch {autowhitebalance_accel.tcl}
Time resolution is 1 ps
source autowhitebalance_accel.tcl
## run all
UVM_INFO /home/alen/AMD-Xilinx/2025.2/Vivado/data/system_verilog/uvm_1.2/xlnx_uvm_package.sv(18601) @ 0: reporter [UVM/RELNOTES] 
----------------------------------------------------------------
UVM-1.2
(C) 2007-2014 Mentor Graphics Corporation
(C) 2007-2014 Cadence Design Systems, Inc.
(C) 2006-2014 Synopsys, Inc.
(C) 2011-2013 Cypress Semiconductor Corp.
(C) 2013-2014 NVIDIA Corporation
----------------------------------------------------------------

  ***********       IMPORTANT RELEASE NOTES         ************

  You are using a version of the UVM library that has been compiled
  with `UVM_NO_DEPRECATED undefined.

  You are using a version of the UVM library that has been compiled
  with `UVM_OBJECT_DO_NOT_NEED_CONSTRUCTOR undefined.

      (Specify +UVM_NO_RELNOTES to turn off this notice)

UVM_INFO /home/alen/AMD-Xilinx/2025.2/Vivado/data/system_verilog/uvm_1.2/xlnx_uvm_package.sv(18648) @ 0: reporter [NO_DPI_TSTNAME] UVM_NO_DPI defined--getting UVM_TESTNAME directly, without DPI
UVM_INFO /home/alen/AMD-Xilinx/2025.2/Vivado/data/system_verilog/uvm_1.2/xlnx_uvm_package.sv(18752) @ 0: reporter [UVMTOP] UVM testbench topology:
---------------------------------------------------------------------------------------------------------------------------
Name                                                        Type                                      Size  Value          
---------------------------------------------------------------------------------------------------------------------------
uvm_test_top                                                autowhitebalance_accel_test_lib           -     @370           
  top_env                                                   autowhitebalance_accel_env                -     @381           
    autowhitebalance_accel_virtual_sqr                      autowhitebalance_accel_virtual_sequencer  -     @519           
      rsp_export                                            uvm_analysis_export                       -     @528           
      seq_item_export                                       uvm_seq_item_pull_imp                     -     @646           
      arbitration_queue                                     array                                     0     -              
      lock_queue                                            array                                     0     -              
      num_last_reqs                                         integral                                  32    'd1            
      num_last_rsps                                         integral                                  32    'd1            
    axi_lite_control                                        uvm_env                                   -     @428           
      item_rtr_port                                         uvm_analysis_port                         -     @447           
      item_wtr_port                                         uvm_analysis_port                         -     @437           
      master                                                uvm_agent                                 -     @845           
        ardrv                                               uvm_driver #(REQ,RSP)                     -     @1520          
          item_read_imp                                     uvm_analysis_port                         -     @1549          
          rsp_port                                          uvm_analysis_port                         -     @1539          
          seq_item_port                                     uvm_seq_item_pull_port                    -     @1529          
          m_num_sent                                        integral                                  32    'h0            
        arsqr                                               axi_sequencer                             -     @1559          
          rsp_export                                        uvm_analysis_export                       -     @1568          
          seq_item_export                                   uvm_seq_item_pull_imp                     -     @1686          
          arbitration_queue                                 array                                     0     -              
          lock_queue                                        array                                     0     -              
          num_last_reqs                                     integral                                  32    'd1            
          num_last_rsps                                     integral                                  32    'd1            
        awdrv                                               uvm_driver #(REQ,RSP)                     -     @992           
          item_read_imp                                     uvm_analysis_port                         -     @1021          
          rsp_port                                          uvm_analysis_port                         -     @1011          
          seq_item_port                                     uvm_seq_item_pull_port                    -     @1001          
          m_num_sent                                        integral                                  32    'h0            
        awsqr                                               axi_sequencer                             -     @1031          
          rsp_export                                        uvm_analysis_export                       -     @1040          
          seq_item_export                                   uvm_seq_item_pull_imp                     -     @1158          
          arbitration_queue                                 array                                     0     -              
          lock_queue                                        array                                     0     -              
          num_last_reqs                                     integral                                  32    'd1            
          num_last_rsps                                     integral                                  32    'd1            
        bdrv                                                uvm_driver #(REQ,RSP)                     -     @1344          
          item_read_imp                                     uvm_analysis_port                         -     @1373          
          rsp_port                                          uvm_analysis_port                         -     @1363          
          seq_item_port                                     uvm_seq_item_pull_port                    -     @1353          
          m_num_sent                                        integral                                  32    'h0            
        bsqr                                                axi_sequencer                             -     @1383          
          rsp_export                                        uvm_analysis_export                       -     @1392          
          seq_item_export                                   uvm_seq_item_pull_imp                     -     @1510          
          arbitration_queue                                 array                                     0     -              
          lock_queue                                        array                                     0     -              
          num_last_reqs                                     integral                                  32    'd1            
          num_last_rsps                                     integral                                  32    'd1            
        rdrv                                                uvm_driver #(REQ,RSP)                     -     @1696          
          item_read_imp                                     uvm_analysis_port                         -     @1725          
          rsp_port                                          uvm_analysis_port                         -     @1715          
          seq_item_port                                     uvm_seq_item_pull_port                    -     @1705          
          m_num_sent                                        integral                                  32    'h0            
        rsqr                                                axi_sequencer                             -     @1735          
          rsp_export                                        uvm_analysis_export                       -     @1744          
          seq_item_export                                   uvm_seq_item_pull_imp                     -     @1862          
          arbitration_queue                                 array                                     0     -              
          lock_queue                                        array                                     0     -              
          num_last_reqs                                     integral                                  32    'd1            
          num_last_rsps                                     integral                                  32    'd1            
        wdrv                                                uvm_driver #(REQ,RSP)                     -     @1168          
          item_read_imp                                     uvm_analysis_port                         -     @1197          
          rsp_port                                          uvm_analysis_port                         -     @1187          
          seq_item_port                                     uvm_seq_item_pull_port                    -     @1177          
          m_num_sent                                        integral                                  32    'h0            
        wsqr                                                axi_sequencer                             -     @1207          
          rsp_export                                        uvm_analysis_export                       -     @1216          
          seq_item_export                                   uvm_seq_item_pull_imp                     -     @1334          
          arbitration_queue                                 array                                     0     -              
          lock_queue                                        array                                     0     -              
          num_last_reqs                                     integral                                  32    'd1            
          num_last_rsps                                     integral                                  32    'd1            
      monitor                                               uvm_monitor                               -     @667           
        item_ar2r_port                                      uvm_analysis_port                         -     @736           
        item_ar_port                                        uvm_analysis_port                         -     @706           
        item_aw2b_port                                      uvm_analysis_port                         -     @726           
        item_aw_port                                        uvm_analysis_port                         -     @676           
        item_b_port                                         uvm_analysis_port                         -     @696           
        item_r_port                                         uvm_analysis_port                         -     @716           
        item_w_port                                         uvm_analysis_port                         -     @686           
        checks_enable                                       integral                                  1     'h1            
        coverage_enable                                     integral                                  1     'h1            
      state                                                 axi_state                                 -     @746           
        ar2r_imp                                            uvm_analysis_imp_ar2r                     -     @815           
        ar_imp                                              uvm_analysis_imp_ar                       -     @785           
        aw2b_imp                                            uvm_analysis_imp_aw2b                     -     @805           
        aw_imp                                              uvm_analysis_imp_aw                       -     @755           
        b_imp                                               uvm_analysis_imp_b                        -     @775           
        item_rtr_port                                       uvm_analysis_port                         -     @835           
        item_wtr_port                                       uvm_analysis_port                         -     @825           
        r_imp                                               uvm_analysis_imp_r                        -     @795           
        w_imp                                               uvm_analysis_imp_w                        -     @765           
        avg_rate                                            integral                                  32    'h0            
        exp_rate                                            integral                                  32    'h0            
        win_size                                            integral                                  32    'h0            
        bqnum_for_slaseq                                    integral                                  32    'h0            
        rq_from_model_num                                   integral                                  32    'h0            
      vsqr                                                  axi_virtual_sequencer                     -     @854           
        rsp_export                                          uvm_analysis_export                       -     @863           
        seq_item_export                                     uvm_seq_item_pull_imp                     -     @981           
        arbitration_queue                                   array                                     0     -              
        lock_queue                                          array                                     0     -              
        num_last_reqs                                       integral                                  32    'd1            
        num_last_rsps                                       integral                                  32    'd1            
      cfg                                                   axi_cfg                                   -     @400           
        has_checker                                         integral                                  1     'h1            
        has_coverage                                        integral                                  1     'h1            
        id_num                                              integral                                  32    'h1            
        reset_level                                         reset_level_enum                          32    RESET_LEVEL_LOW
        drv_type                                            drv_type_enum                             32    MASTER         
        write_latency_mode                                  latency_mode_enum                         32    CHANNEL_FIRST  
        read_latency_mode                                   latency_mode_enum                         32    CHANNEL_FIRST  
        clatency                                            axi_latency                               -     @424           
          wr_latency                                        integral                                  32    'h0            
          rd_latency                                        integral                                  32    'h0            
    env_master_svr_s_axis_video                             uvm_env                                   -     @401           
      m_agt                                                 uvm_agent                                 -     @1940          
        drv                                                 uvm_driver #(REQ,RSP)                     -     @2088          
          rsp_port                                          uvm_analysis_port                         -     @2107          
          seq_item_port                                     uvm_seq_item_pull_port                    -     @2097          
        mon                                                 uvm_monitor                               -     @2117          
          item_collect_port                                 uvm_analysis_port                         -     @2128          
        sqr                                                 uvm_sequencer                             -     @1951          
          rsp_export                                        uvm_analysis_export                       -     @1960          
          seq_item_export                                   uvm_seq_item_pull_imp                     -     @2078          
          arbitration_queue                                 array                                     0     -              
          lock_queue                                        array                                     0     -              
          num_last_reqs                                     integral                                  32    'd1            
          num_last_rsps                                     integral                                  32    'd1            
    env_slave_svr_m_axis_video                              uvm_env                                   -     @414           
      s_agt                                                 uvm_agent                                 -     @2146          
        drv                                                 uvm_driver #(REQ,RSP)                     -     @2294          
          rsp_port                                          uvm_analysis_port                         -     @2313          
          seq_item_port                                     uvm_seq_item_pull_port                    -     @2303          
        mon                                                 uvm_monitor                               -     @2323          
          item_collect_port                                 uvm_analysis_port                         -     @2334          
        sqr                                                 uvm_sequencer                             -     @2157          
          rsp_export                                        uvm_analysis_export                       -     @2166          
          seq_item_export                                   uvm_seq_item_pull_imp                     -     @2284          
          arbitration_queue                                 array                                     0     -              
          lock_queue                                        array                                     0     -              
          num_last_reqs                                     integral                                  32    'd1            
          num_last_rsps                                     integral                                  32    'd1            
    refm                                                    autowhitebalance_accel_reference_model    -     @457           
      trans_num_idx                                         integral                                  32    'h0            
    subsys_mon                                              autowhitebalance_accel_subsystem_monitor  -     @470           
      control_rtr_imp                                       uvm_analysis_imp_axi_rtr_control          -     @509           
      control_wtr_imp                                       uvm_analysis_imp_axi_wtr_control          -     @499           
      scbd                                                  autowhitebalance_accel_scoreboard         -     @2356          
        refm                                                autowhitebalance_accel_reference_model    -     @457           
          trans_num_idx                                     integral                                  32    'h0            
        file_rd_TVOUT_transaction_size                      <unknown>                                 -     @2366          
          TV_FILE                                           string                                    0     ""             
          fp                                                integral                                  32    'hxxxxxxxx     
          TV_FILE_num                                       integral                                  32    'h0            
          HEX_read                                          integral                                  32    'h0            
          DEC_read                                          integral                                  32    'h0            
          is_binary                                         integral                                  32    'h0            
          TV_FILE_COMPARE                                   string                                    0     ""             
          fp_compare                                        integral                                  32    'hxxxxxxxx     
        TVOUT_transaction_size_queue                        da(integral)                              0     -              
        file_wr_port_m_axis_video_m_axis_video_TDATA        <unknown>                                 -     @2367          
          TV_FILE                                           string                                    0     ""             
          fp                                                integral                                  32    'hxxxxxxxx     
          file_open                                         integral                                  32    'h0            
          write_file_done                                   integral                                  32    'h0            
          write_section_done                                integral                                  32    'h0            
          TRANSACTION_NUM                                   integral                                  32    'h0            
          transaction_num_idx                               integral                                  32    'h0            
          TRANSACTION_DEPTH                                 integral                                  32    'h0            
          TRANSACTION_DEPTH_queue                           da(integral)                              0     -              
          TRANSACTION_DEPTH_queue_for_depth_check           da(integral)                              0     -              
          transaction_depth_idx                             integral                                  32    'h0            
          ap_done_num_idx                                   integral                                  32    'h0            
          is_binary                                         integral                                  32    'h0            
        write_file_done_m_axis_video_m_axis_video_TDATA     integral                                  32    'h0            
        write_section_done_m_axis_video_m_axis_video_TDATA  integral                                  32    'h0            
        file_wr_port_m_axis_video_m_axis_video_TKEEP        <unknown>                                 -     @2368          
          TV_FILE                                           string                                    0     ""             
          fp                                                integral                                  32    'hxxxxxxxx     
          file_open                                         integral                                  32    'h0            
          write_file_done                                   integral                                  32    'h0            
          write_section_done                                integral                                  32    'h0            
          TRANSACTION_NUM                                   integral                                  32    'h0            
          transaction_num_idx                               integral                                  32    'h0            
          TRANSACTION_DEPTH                                 integral                                  32    'h0            
          TRANSACTION_DEPTH_queue                           da(integral)                              0     -              
          TRANSACTION_DEPTH_queue_for_depth_check           da(integral)                              0     -              
          transaction_depth_idx                             integral                                  32    'h0            
          ap_done_num_idx                                   integral                                  32    'h0            
          is_binary                                         integral                                  32    'h0            
        write_file_done_m_axis_video_m_axis_video_TKEEP     integral                                  32    'h0            
        write_section_done_m_axis_video_m_axis_video_TKEEP  integral                                  32    'h0            
        file_wr_port_m_axis_video_m_axis_video_TSTRB        <unknown>                                 -     @2369          
          TV_FILE                                           string                                    0     ""             
          fp                                                integral                                  32    'hxxxxxxxx     
          file_open                                         integral                                  32    'h0            
          write_file_done                                   integral                                  32    'h0            
          write_section_done                                integral                                  32    'h0            
          TRANSACTION_NUM                                   integral                                  32    'h0            
          transaction_num_idx                               integral                                  32    'h0            
          TRANSACTION_DEPTH                                 integral                                  32    'h0            
          TRANSACTION_DEPTH_queue                           da(integral)                              0     -              
          TRANSACTION_DEPTH_queue_for_depth_check           da(integral)                              0     -              
          transaction_depth_idx                             integral                                  32    'h0            
          ap_done_num_idx                                   integral                                  32    'h0            
          is_binary                                         integral                                  32    'h0            
        write_file_done_m_axis_video_m_axis_video_TSTRB     integral                                  32    'h0            
        write_section_done_m_axis_video_m_axis_video_TSTRB  integral                                  32    'h0            
        file_wr_port_m_axis_video_m_axis_video_TUSER        <unknown>                                 -     @2370          
          TV_FILE                                           string                                    0     ""             
          fp                                                integral                                  32    'hxxxxxxxx     
          file_open                                         integral                                  32    'h0            
          write_file_done                                   integral                                  32    'h0            
          write_section_done                                integral                                  32    'h0            
          TRANSACTION_NUM                                   integral                                  32    'h0            
          transaction_num_idx                               integral                                  32    'h0            
          TRANSACTION_DEPTH                                 integral                                  32    'h0            
          TRANSACTION_DEPTH_queue                           da(integral)                              0     -              
          TRANSACTION_DEPTH_queue_for_depth_check           da(integral)                              0     -              
          transaction_depth_idx                             integral                                  32    'h0            
          ap_done_num_idx                                   integral                                  32    'h0            
          is_binary                                         integral                                  32    'h0            
        write_file_done_m_axis_video_m_axis_video_TUSER     integral                                  32    'h0            
        write_section_done_m_axis_video_m_axis_video_TUSER  integral                                  32    'h0            
        file_wr_port_m_axis_video_m_axis_video_TLAST        <unknown>                                 -     @2371          
          TV_FILE                                           string                                    0     ""             
          fp                                                integral                                  32    'hxxxxxxxx     
          file_open                                         integral                                  32    'h0            
          write_file_done                                   integral                                  32    'h0            
          write_section_done                                integral                                  32    'h0            
          TRANSACTION_NUM                                   integral                                  32    'h0            
          transaction_num_idx                               integral                                  32    'h0            
          TRANSACTION_DEPTH                                 integral                                  32    'h0            
          TRANSACTION_DEPTH_queue                           da(integral)                              0     -              
          TRANSACTION_DEPTH_queue_for_depth_check           da(integral)                              0     -              
          transaction_depth_idx                             integral                                  32    'h0            
          ap_done_num_idx                                   integral                                  32    'h0            
          is_binary                                         integral                                  32    'h0            
        write_file_done_m_axis_video_m_axis_video_TLAST     integral                                  32    'h0            
        write_section_done_m_axis_video_m_axis_video_TLAST  integral                                  32    'h0            
        file_wr_port_m_axis_video_m_axis_video_TID          <unknown>                                 -     @2372          
          TV_FILE                                           string                                    0     ""             
          fp                                                integral                                  32    'hxxxxxxxx     
          file_open                                         integral                                  32    'h0            
          write_file_done                                   integral                                  32    'h0            
          write_section_done                                integral                                  32    'h0            
          TRANSACTION_NUM                                   integral                                  32    'h0            
          transaction_num_idx                               integral                                  32    'h0            
          TRANSACTION_DEPTH                                 integral                                  32    'h0            
          TRANSACTION_DEPTH_queue                           da(integral)                              0     -              
          TRANSACTION_DEPTH_queue_for_depth_check           da(integral)                              0     -              
          transaction_depth_idx                             integral                                  32    'h0            
          ap_done_num_idx                                   integral                                  32    'h0            
          is_binary                                         integral                                  32    'h0            
        write_file_done_m_axis_video_m_axis_video_TID       integral                                  32    'h0            
        write_section_done_m_axis_video_m_axis_video_TID    integral                                  32    'h0            
        file_wr_port_m_axis_video_m_axis_video_TDEST        <unknown>                                 -     @2373          
          TV_FILE                                           string                                    0     ""             
          fp                                                integral                                  32    'hxxxxxxxx     
          file_open                                         integral                                  32    'h0            
          write_file_done                                   integral                                  32    'h0            
          write_section_done                                integral                                  32    'h0            
          TRANSACTION_NUM                                   integral                                  32    'h0            
          transaction_num_idx                               integral                                  32    'h0            
          TRANSACTION_DEPTH                                 integral                                  32    'h0            
          TRANSACTION_DEPTH_queue                           da(integral)                              0     -              
          TRANSACTION_DEPTH_queue_for_depth_check           da(integral)                              0     -              
          transaction_depth_idx                             integral                                  32    'h0            
          ap_done_num_idx                                   integral                                  32    'h0            
          is_binary                                         integral                                  32    'h0            
        write_file_done_m_axis_video_m_axis_video_TDEST     integral                                  32    'h0            
        write_section_done_m_axis_video_m_axis_video_TDEST  integral                                  32    'h0            
      svr_master_s_axis_video_imp                           uvm_analysis_imp_svr_master_s_axis_video  -     @479           
      svr_slave_m_axis_video_imp                            uvm_analysis_imp_svr_slave_m_axis_video   -     @489           
    env_master_svr_s_axis_video                             uvm_env                                   -     @401           
    env_slave_svr_m_axis_video                              uvm_env                                   -     @414           
    refm                                                    autowhitebalance_accel_reference_model    -     @457           
    autowhitebalance_accel_virtual_sqr                      autowhitebalance_accel_virtual_sequencer  -     @519           
    autowhitebalance_accel_cfg                              autowhitebalance_accel_config             -     @395           
      port_s_axis_video_cfg                                 svr_config                                -     @396           
        svr_type                                            svr_inst_type                             32    SVR_MASTER     
        prt_type                                            svr_protocol_type                         32    AXIS           
        is_active                                           svr_active_passive_enum                   1     SVR_ACTIVE     
        reset_level                                         svr_reset_level_enum                      1     RESET_LEVEL_LOW
        spec_cfg                                            svr_spec_cfg_enum                         32    NORMAL         
        clatency                                            svr_latency                               -     @397           
          transfer_latency                                  integral                                  32    'h0            
      port_m_axis_video_cfg                                 svr_config                                -     @398           
        svr_type                                            svr_inst_type                             32    SVR_SLAVE      
        prt_type                                            svr_protocol_type                         32    AXIS           
        is_active                                           svr_active_passive_enum                   1     SVR_ACTIVE     
        reset_level                                         svr_reset_level_enum                      1     RESET_LEVEL_LOW
        spec_cfg                                            svr_spec_cfg_enum                         32    NORMAL         
        clatency                                            svr_latency                               -     @399           
          transfer_latency                                  integral                                  32    'h0            
      control_cfg                                           axi_cfg                                   -     @400           
        has_checker                                         integral                                  1     'h1            
        has_coverage                                        integral                                  1     'h1            
        id_num                                              integral                                  32    'h1            
        reset_level                                         reset_level_enum                          32    RESET_LEVEL_LOW
        drv_type                                            drv_type_enum                             32    MASTER         
        write_latency_mode                                  latency_mode_enum                         32    CHANNEL_FIRST  
        read_latency_mode                                   latency_mode_enum                         32    CHANNEL_FIRST  
        clatency                                            axi_latency                               -     @424           
          wr_latency                                        integral                                  32    'h0            
          rd_latency                                        integral                                  32    'h0            
      check_ena                                             integral                                  32    'h0            
      cover_ena                                             integral                                  32    'h0            
---------------------------------------------------------------------------------------------------------------------------

UVM_INFO /home/alen/AMD-Xilinx/2025.2/Vivado/data/system_verilog/uvm_1.2/xlnx_uvm_package.sv(20867) @ 0: reporter [UVM/COMP/NAMECHECK] This implementation of the component name checks requires DPI to be enabled
////////////////////////////////////////////////////////////////////////////////////
// Inter-Transaction Progress: Completed Transaction / Total Transaction
// Intra-Transaction Progress: Measured Latency / Latency Estimation * 100%
//
// RTL Simulation : "Inter-Transaction Progress" ["Intra-Transaction Progress"] @ "Simulation Time"
////////////////////////////////////////////////////////////////////////////////////
// RTL Simulation : 0 / 2 [0.00%] @ "125000"
Command failed: Simulator command interrupted.

Simulation engine not responding
The simulator has terminated in an unexpected manner.  Please review the simulation log (xsim.log) for details.
run: Time (s): cpu = 00:19:16 ; elapsed = 00:20:37 . Memory (MB): peak = 1428.711 ; gain = 64.000 ; free physical = 21696 ; free virtual = 26540
## quit
INFO: [Common 17-206] Exiting xsim at Sun Oct  4 19:24:59 2026...
