Copyright 1986-2022 Xilinx, Inc. All Rights Reserved. Copyright 2022-2025 Advanced Micro Devices, Inc. All Rights Reserved.
------------------------------------------------------------------------------------------------------------------------------------------------------
| Tool Version : Vivado v.2025.2 (lin64) Build 6299465 Fri Nov 14 12:34:56 MST 2025
| Date         : Thu Oct  1 01:06:19 2026
| Host         : alen-HP-Pavilion-Laptop-14-ec0xxx running 64-bit Ubuntu 24.04.5 LTS
| Command      : report_drc -file video_pipe_hw_wrapper_drc_opted.rpt -pb video_pipe_hw_wrapper_drc_opted.pb -rpx video_pipe_hw_wrapper_drc_opted.rpx
| Design       : video_pipe_hw_wrapper
| Device       : xck26-sfvc784-2LV-c
| Speed File   : -2LV
| Design State : Synthesized
------------------------------------------------------------------------------------------------------------------------------------------------------

Report DRC

Table of Contents
-----------------
1. REPORT SUMMARY
2. REPORT DETAILS

1. REPORT SUMMARY
-----------------
            Netlist: netlist
          Floorplan: design_1
      Design limits: <entire design considered>
           Ruledeck: default
             Max checks: <unlimited>
             Checks found: 45
+-----------+----------+---------------------------------------------------------------------+--------+
| Rule      | Severity | Description                                                         | Checks |
+-----------+----------+---------------------------------------------------------------------+--------+
| DPIP-2    | Warning  | Input pipelining                                                    | 7      |
| DPOP-3    | Warning  | PREG Output pipelining                                              | 13     |
| DPOP-4    | Warning  | MREG Output pipelining                                              | 15     |
| REQP-1934 | Warning  | RAMB18E2_nochange_collision_advisory                                | 3      |
| REQP-1935 | Warning  | RAMB36E2_nochange_collision_advisory                                | 3      |
| AVAL-155  | Advisory | enum_AMULTSEL_BMULTSEL_enum_DREG_ADREG_0_connects_CED_CEAD_RSTD_GND | 3      |
| AVAL-156  | Advisory | enum_USE_MULT_NONE__enum_DREG_ADREG_0_connects_CED_CEAD_RSTD_GND    | 1      |
+-----------+----------+---------------------------------------------------------------------+--------+

2. REPORT DETAILS
-----------------
DPIP-2#1 Warning
Input pipelining  
DSP video_pipe_hw_i/autowhitebalance_acc_0/inst/grp_AWBKernel_fu_167/AWBChannelGain_20_20_2160_3840_1_0_2_2_U0/grp_AWBChannelGainKernel_20_20_2160_3840_1_2_2_3_23_23_13_13_3840_s_fu_79/grp_AWBChannelGainKernel_Pipeline_Col_Loop_fu_258/mul_32ns_10ns_42_1_1_U49/tmp_product input video_pipe_hw_i/autowhitebalance_acc_0/inst/grp_AWBKernel_fu_167/AWBChannelGain_20_20_2160_3840_1_0_2_2_U0/grp_AWBChannelGainKernel_20_20_2160_3840_1_2_2_3_23_23_13_13_3840_s_fu_79/grp_AWBChannelGainKernel_Pipeline_Col_Loop_fu_258/mul_32ns_10ns_42_1_1_U49/tmp_product/B[17:0] is not pipelined. Pipelining DSP48 input will improve performance.
Related violations: <none>

DPIP-2#2 Warning
Input pipelining  
DSP video_pipe_hw_i/autowhitebalance_acc_0/inst/grp_AWBKernel_fu_167/AWBChannelGain_20_20_2160_3840_1_0_2_2_U0/grp_AWBChannelGainKernel_20_20_2160_3840_1_2_2_3_23_23_13_13_3840_s_fu_79/grp_AWBChannelGainKernel_Pipeline_Col_Loop_fu_258/mul_32ns_10ns_42_1_1_U49/tmp_product__0 input video_pipe_hw_i/autowhitebalance_acc_0/inst/grp_AWBKernel_fu_167/AWBChannelGain_20_20_2160_3840_1_0_2_2_U0/grp_AWBChannelGainKernel_20_20_2160_3840_1_2_2_3_23_23_13_13_3840_s_fu_79/grp_AWBChannelGainKernel_Pipeline_Col_Loop_fu_258/mul_32ns_10ns_42_1_1_U49/tmp_product__0/B[17:0] is not pipelined. Pipelining DSP48 input will improve performance.
Related violations: <none>

DPIP-2#3 Warning
Input pipelining  
DSP video_pipe_hw_i/autowhitebalance_acc_0/inst/grp_AWBKernel_fu_167/AWBGainUpdate_20_20_2160_3840_1_0_2_2_U0/grp_AWBGainUpdate_20_20_2160_3840_1_0_2_2_Pipeline_ColLoop1_fu_84/mul_32s_10ns_42_1_1_U96/tmp_product input video_pipe_hw_i/autowhitebalance_acc_0/inst/grp_AWBKernel_fu_167/AWBGainUpdate_20_20_2160_3840_1_0_2_2_U0/grp_AWBGainUpdate_20_20_2160_3840_1_0_2_2_Pipeline_ColLoop1_fu_84/mul_32s_10ns_42_1_1_U96/tmp_product/B[17:0] is not pipelined. Pipelining DSP48 input will improve performance.
Related violations: <none>

DPIP-2#4 Warning
Input pipelining  
DSP video_pipe_hw_i/autowhitebalance_acc_0/inst/grp_AWBKernel_fu_167/AWBGainUpdate_20_20_2160_3840_1_0_2_2_U0/grp_AWBGainUpdate_20_20_2160_3840_1_0_2_2_Pipeline_ColLoop1_fu_84/mul_32s_10ns_42_1_1_U97/tmp_product input video_pipe_hw_i/autowhitebalance_acc_0/inst/grp_AWBKernel_fu_167/AWBGainUpdate_20_20_2160_3840_1_0_2_2_U0/grp_AWBGainUpdate_20_20_2160_3840_1_0_2_2_Pipeline_ColLoop1_fu_84/mul_32s_10ns_42_1_1_U97/tmp_product/B[17:0] is not pipelined. Pipelining DSP48 input will improve performance.
Related violations: <none>

DPIP-2#5 Warning
Input pipelining  
DSP video_pipe_hw_i/autowhitebalance_acc_0/inst/grp_AWBKernel_fu_167/AWBGainUpdate_20_20_2160_3840_1_0_2_2_U0/grp_AWBGainUpdate_20_20_2160_3840_1_0_2_2_Pipeline_ColLoop1_fu_84/mul_32s_10ns_42_1_1_U98/tmp_product input video_pipe_hw_i/autowhitebalance_acc_0/inst/grp_AWBKernel_fu_167/AWBGainUpdate_20_20_2160_3840_1_0_2_2_U0/grp_AWBGainUpdate_20_20_2160_3840_1_0_2_2_Pipeline_ColLoop1_fu_84/mul_32s_10ns_42_1_1_U98/tmp_product/B[17:0] is not pipelined. Pipelining DSP48 input will improve performance.
Related violations: <none>

DPIP-2#6 Warning
Input pipelining  
DSP video_pipe_hw_i/autowhitebalance_acc_0/inst/grp_AWBKernel_fu_167/AWBKernel_Block_entry_proc_U0/fmul_32ns_32ns_32_3_max_dsp_1_U1/autowhitebalance_accel_fmul_32ns_32ns_32_3_max_dsp_1_ip_u/U0/i_synth/MULT.OP/i_non_prim.MULT/DSP48E1_SPD_SGL_VARIANT.FIX_MULT/DSP1/i_no_versal_es1_workaround.DSP input video_pipe_hw_i/autowhitebalance_acc_0/inst/grp_AWBKernel_fu_167/AWBKernel_Block_entry_proc_U0/fmul_32ns_32ns_32_3_max_dsp_1_U1/autowhitebalance_accel_fmul_32ns_32ns_32_3_max_dsp_1_ip_u/U0/i_synth/MULT.OP/i_non_prim.MULT/DSP48E1_SPD_SGL_VARIANT.FIX_MULT/DSP1/i_no_versal_es1_workaround.DSP/A[29:0] is not pipelined. Pipelining DSP48 input will improve performance.
Related violations: <none>

DPIP-2#7 Warning
Input pipelining  
DSP video_pipe_hw_i/autowhitebalance_acc_0/inst/grp_AWBKernel_fu_167/AWBKernel_Block_entry_proc_U0/fmul_32ns_32ns_32_3_max_dsp_1_U1/autowhitebalance_accel_fmul_32ns_32ns_32_3_max_dsp_1_ip_u/U0/i_synth/MULT.OP/i_non_prim.R_AND_R/LAT_OPT.FULL.R_AND_R/DSP48E1_SGL_EXP_IP.OLD_ADD.ADD/i_no_versal_es1_workaround.DSP input video_pipe_hw_i/autowhitebalance_acc_0/inst/grp_AWBKernel_fu_167/AWBKernel_Block_entry_proc_U0/fmul_32ns_32ns_32_3_max_dsp_1_U1/autowhitebalance_accel_fmul_32ns_32ns_32_3_max_dsp_1_ip_u/U0/i_synth/MULT.OP/i_non_prim.R_AND_R/LAT_OPT.FULL.R_AND_R/DSP48E1_SGL_EXP_IP.OLD_ADD.ADD/i_no_versal_es1_workaround.DSP/C[47:0] is not pipelined. Pipelining DSP48 input will improve performance.
Related violations: <none>

DPOP-3#1 Warning
PREG Output pipelining  
DSP video_pipe_hw_i/autowhitebalance_acc_0/inst/grp_AWBKernel_fu_167/AWBChannelGain_20_20_2160_3840_1_0_2_2_U0/grp_AWBChannelGainKernel_20_20_2160_3840_1_2_2_3_23_23_13_13_3840_s_fu_79/grp_AWBChannelGainKernel_Pipeline_Col_Loop_fu_258/mul_32ns_10ns_42_1_1_U49/tmp_product output video_pipe_hw_i/autowhitebalance_acc_0/inst/grp_AWBKernel_fu_167/AWBChannelGain_20_20_2160_3840_1_0_2_2_U0/grp_AWBChannelGainKernel_20_20_2160_3840_1_2_2_3_23_23_13_13_3840_s_fu_79/grp_AWBChannelGainKernel_Pipeline_Col_Loop_fu_258/mul_32ns_10ns_42_1_1_U49/tmp_product/P[47:0] is not pipelined (PREG=0). Pipelining the DSP48 output will improve performance and often saves power so it is suggested whenever possible to fully pipeline this function.  If this DSP48 function was inferred, it is suggested to describe an additional register stage after this function.  If the DSP48 was instantiated in the design, it is suggested to set the PREG attribute to 1.
Related violations: <none>

DPOP-3#2 Warning
PREG Output pipelining  
DSP video_pipe_hw_i/autowhitebalance_acc_0/inst/grp_AWBKernel_fu_167/AWBChannelGain_20_20_2160_3840_1_0_2_2_U0/grp_AWBChannelGainKernel_20_20_2160_3840_1_2_2_3_23_23_13_13_3840_s_fu_79/grp_AWBChannelGainKernel_Pipeline_Col_Loop_fu_258/mul_32ns_10ns_42_1_1_U49/tmp_product__0 output video_pipe_hw_i/autowhitebalance_acc_0/inst/grp_AWBKernel_fu_167/AWBChannelGain_20_20_2160_3840_1_0_2_2_U0/grp_AWBChannelGainKernel_20_20_2160_3840_1_2_2_3_23_23_13_13_3840_s_fu_79/grp_AWBChannelGainKernel_Pipeline_Col_Loop_fu_258/mul_32ns_10ns_42_1_1_U49/tmp_product__0/P[47:0] is not pipelined (PREG=0). Pipelining the DSP48 output will improve performance and often saves power so it is suggested whenever possible to fully pipeline this function.  If this DSP48 function was inferred, it is suggested to describe an additional register stage after this function.  If the DSP48 was instantiated in the design, it is suggested to set the PREG attribute to 1.
Related violations: <none>

DPOP-3#3 Warning
PREG Output pipelining  
DSP video_pipe_hw_i/autowhitebalance_acc_0/inst/grp_AWBKernel_fu_167/AWBGainUpdate_20_20_2160_3840_1_0_2_2_U0/grp_AWBGainUpdate_20_20_2160_3840_1_0_2_2_Pipeline_ColLoop1_fu_84/mul_32s_10ns_42_1_1_U96/tmp_product output video_pipe_hw_i/autowhitebalance_acc_0/inst/grp_AWBKernel_fu_167/AWBGainUpdate_20_20_2160_3840_1_0_2_2_U0/grp_AWBGainUpdate_20_20_2160_3840_1_0_2_2_Pipeline_ColLoop1_fu_84/mul_32s_10ns_42_1_1_U96/tmp_product/P[47:0] is not pipelined (PREG=0). Pipelining the DSP48 output will improve performance and often saves power so it is suggested whenever possible to fully pipeline this function.  If this DSP48 function was inferred, it is suggested to describe an additional register stage after this function.  If the DSP48 was instantiated in the design, it is suggested to set the PREG attribute to 1.
Related violations: <none>

DPOP-3#4 Warning
PREG Output pipelining  
DSP video_pipe_hw_i/autowhitebalance_acc_0/inst/grp_AWBKernel_fu_167/AWBGainUpdate_20_20_2160_3840_1_0_2_2_U0/grp_AWBGainUpdate_20_20_2160_3840_1_0_2_2_Pipeline_ColLoop1_fu_84/mul_32s_10ns_42_1_1_U96/tmp_product__0 output video_pipe_hw_i/autowhitebalance_acc_0/inst/grp_AWBKernel_fu_167/AWBGainUpdate_20_20_2160_3840_1_0_2_2_U0/grp_AWBGainUpdate_20_20_2160_3840_1_0_2_2_Pipeline_ColLoop1_fu_84/mul_32s_10ns_42_1_1_U96/tmp_product__0/P[47:0] is not pipelined (PREG=0). Pipelining the DSP48 output will improve performance and often saves power so it is suggested whenever possible to fully pipeline this function.  If this DSP48 function was inferred, it is suggested to describe an additional register stage after this function.  If the DSP48 was instantiated in the design, it is suggested to set the PREG attribute to 1.
Related violations: <none>

DPOP-3#5 Warning
PREG Output pipelining  
DSP video_pipe_hw_i/autowhitebalance_acc_0/inst/grp_AWBKernel_fu_167/AWBGainUpdate_20_20_2160_3840_1_0_2_2_U0/grp_AWBGainUpdate_20_20_2160_3840_1_0_2_2_Pipeline_ColLoop1_fu_84/mul_32s_10ns_42_1_1_U97/tmp_product output video_pipe_hw_i/autowhitebalance_acc_0/inst/grp_AWBKernel_fu_167/AWBGainUpdate_20_20_2160_3840_1_0_2_2_U0/grp_AWBGainUpdate_20_20_2160_3840_1_0_2_2_Pipeline_ColLoop1_fu_84/mul_32s_10ns_42_1_1_U97/tmp_product/P[47:0] is not pipelined (PREG=0). Pipelining the DSP48 output will improve performance and often saves power so it is suggested whenever possible to fully pipeline this function.  If this DSP48 function was inferred, it is suggested to describe an additional register stage after this function.  If the DSP48 was instantiated in the design, it is suggested to set the PREG attribute to 1.
Related violations: <none>

DPOP-3#6 Warning
PREG Output pipelining  
DSP video_pipe_hw_i/autowhitebalance_acc_0/inst/grp_AWBKernel_fu_167/AWBGainUpdate_20_20_2160_3840_1_0_2_2_U0/grp_AWBGainUpdate_20_20_2160_3840_1_0_2_2_Pipeline_ColLoop1_fu_84/mul_32s_10ns_42_1_1_U97/tmp_product__0 output video_pipe_hw_i/autowhitebalance_acc_0/inst/grp_AWBKernel_fu_167/AWBGainUpdate_20_20_2160_3840_1_0_2_2_U0/grp_AWBGainUpdate_20_20_2160_3840_1_0_2_2_Pipeline_ColLoop1_fu_84/mul_32s_10ns_42_1_1_U97/tmp_product__0/P[47:0] is not pipelined (PREG=0). Pipelining the DSP48 output will improve performance and often saves power so it is suggested whenever possible to fully pipeline this function.  If this DSP48 function was inferred, it is suggested to describe an additional register stage after this function.  If the DSP48 was instantiated in the design, it is suggested to set the PREG attribute to 1.
Related violations: <none>

DPOP-3#7 Warning
PREG Output pipelining  
DSP video_pipe_hw_i/autowhitebalance_acc_0/inst/grp_AWBKernel_fu_167/AWBGainUpdate_20_20_2160_3840_1_0_2_2_U0/grp_AWBGainUpdate_20_20_2160_3840_1_0_2_2_Pipeline_ColLoop1_fu_84/mul_32s_10ns_42_1_1_U98/tmp_product output video_pipe_hw_i/autowhitebalance_acc_0/inst/grp_AWBKernel_fu_167/AWBGainUpdate_20_20_2160_3840_1_0_2_2_U0/grp_AWBGainUpdate_20_20_2160_3840_1_0_2_2_Pipeline_ColLoop1_fu_84/mul_32s_10ns_42_1_1_U98/tmp_product/P[47:0] is not pipelined (PREG=0). Pipelining the DSP48 output will improve performance and often saves power so it is suggested whenever possible to fully pipeline this function.  If this DSP48 function was inferred, it is suggested to describe an additional register stage after this function.  If the DSP48 was instantiated in the design, it is suggested to set the PREG attribute to 1.
Related violations: <none>

DPOP-3#8 Warning
PREG Output pipelining  
DSP video_pipe_hw_i/autowhitebalance_acc_0/inst/grp_AWBKernel_fu_167/AWBGainUpdate_20_20_2160_3840_1_0_2_2_U0/grp_AWBGainUpdate_20_20_2160_3840_1_0_2_2_Pipeline_ColLoop1_fu_84/mul_32s_10ns_42_1_1_U98/tmp_product__0 output video_pipe_hw_i/autowhitebalance_acc_0/inst/grp_AWBKernel_fu_167/AWBGainUpdate_20_20_2160_3840_1_0_2_2_U0/grp_AWBGainUpdate_20_20_2160_3840_1_0_2_2_Pipeline_ColLoop1_fu_84/mul_32s_10ns_42_1_1_U98/tmp_product__0/P[47:0] is not pipelined (PREG=0). Pipelining the DSP48 output will improve performance and often saves power so it is suggested whenever possible to fully pipeline this function.  If this DSP48 function was inferred, it is suggested to describe an additional register stage after this function.  If the DSP48 was instantiated in the design, it is suggested to set the PREG attribute to 1.
Related violations: <none>

DPOP-3#9 Warning
PREG Output pipelining  
DSP video_pipe_hw_i/autowhitebalance_acc_0/inst/grp_AWBKernel_fu_167/AWBKernel_Block_entry_proc_U0/fmul_32ns_32ns_32_3_max_dsp_1_U1/autowhitebalance_accel_fmul_32ns_32ns_32_3_max_dsp_1_ip_u/U0/i_synth/MULT.OP/i_non_prim.MULT/DSP48E1_SPD_SGL_VARIANT.FIX_MULT/DSP1/i_no_versal_es1_workaround.DSP output video_pipe_hw_i/autowhitebalance_acc_0/inst/grp_AWBKernel_fu_167/AWBKernel_Block_entry_proc_U0/fmul_32ns_32ns_32_3_max_dsp_1_U1/autowhitebalance_accel_fmul_32ns_32ns_32_3_max_dsp_1_ip_u/U0/i_synth/MULT.OP/i_non_prim.MULT/DSP48E1_SPD_SGL_VARIANT.FIX_MULT/DSP1/i_no_versal_es1_workaround.DSP/PATTERNDETECT is not pipelined (PREG=0). Pipelining the DSP48 output will improve performance and often saves power so it is suggested whenever possible to fully pipeline this function.  If this DSP48 function was inferred, it is suggested to describe an additional register stage after this function.  If the DSP48 was instantiated in the design, it is suggested to set the PREG attribute to 1.
Related violations: <none>

DPOP-3#10 Warning
PREG Output pipelining  
DSP video_pipe_hw_i/autowhitebalance_acc_0/inst/grp_AWBKernel_fu_167/AWBKernel_Block_entry_proc_U0/fmul_32ns_32ns_32_3_max_dsp_1_U1/autowhitebalance_accel_fmul_32ns_32ns_32_3_max_dsp_1_ip_u/U0/i_synth/MULT.OP/i_non_prim.MULT/DSP48E1_SPD_SGL_VARIANT.FIX_MULT/DSP2/i_no_versal_es1_workaround.DSP output video_pipe_hw_i/autowhitebalance_acc_0/inst/grp_AWBKernel_fu_167/AWBKernel_Block_entry_proc_U0/fmul_32ns_32ns_32_3_max_dsp_1_U1/autowhitebalance_accel_fmul_32ns_32ns_32_3_max_dsp_1_ip_u/U0/i_synth/MULT.OP/i_non_prim.MULT/DSP48E1_SPD_SGL_VARIANT.FIX_MULT/DSP2/i_no_versal_es1_workaround.DSP/PATTERNDETECT is not pipelined (PREG=0). Pipelining the DSP48 output will improve performance and often saves power so it is suggested whenever possible to fully pipeline this function.  If this DSP48 function was inferred, it is suggested to describe an additional register stage after this function.  If the DSP48 was instantiated in the design, it is suggested to set the PREG attribute to 1.
Related violations: <none>

DPOP-3#11 Warning
PREG Output pipelining  
DSP video_pipe_hw_i/autowhitebalance_acc_0/inst/grp_AWBKernel_fu_167/AWBKernel_Block_entry_proc_U0/fmul_32ns_32ns_32_3_max_dsp_1_U1/autowhitebalance_accel_fmul_32ns_32ns_32_3_max_dsp_1_ip_u/U0/i_synth/MULT.OP/i_non_prim.MULT/DSP48E1_SPD_SGL_VARIANT.FIX_MULT/DSP2/i_no_versal_es1_workaround.DSP output video_pipe_hw_i/autowhitebalance_acc_0/inst/grp_AWBKernel_fu_167/AWBKernel_Block_entry_proc_U0/fmul_32ns_32ns_32_3_max_dsp_1_U1/autowhitebalance_accel_fmul_32ns_32ns_32_3_max_dsp_1_ip_u/U0/i_synth/MULT.OP/i_non_prim.MULT/DSP48E1_SPD_SGL_VARIANT.FIX_MULT/DSP2/i_no_versal_es1_workaround.DSP/P[47:0] is not pipelined (PREG=0). Pipelining the DSP48 output will improve performance and often saves power so it is suggested whenever possible to fully pipeline this function.  If this DSP48 function was inferred, it is suggested to describe an additional register stage after this function.  If the DSP48 was instantiated in the design, it is suggested to set the PREG attribute to 1.
Related violations: <none>

DPOP-3#12 Warning
PREG Output pipelining  
DSP video_pipe_hw_i/autowhitebalance_acc_0/inst/grp_AWBKernel_fu_167/AWBKernel_Block_entry_proc_U0/fmul_32ns_32ns_32_3_max_dsp_1_U1/autowhitebalance_accel_fmul_32ns_32ns_32_3_max_dsp_1_ip_u/U0/i_synth/MULT.OP/i_non_prim.R_AND_R/LAT_OPT.FULL.R_AND_R/DSP48E1_SGL_EXP_IP.OLD_ADD.ADD/i_no_versal_es1_workaround.DSP output video_pipe_hw_i/autowhitebalance_acc_0/inst/grp_AWBKernel_fu_167/AWBKernel_Block_entry_proc_U0/fmul_32ns_32ns_32_3_max_dsp_1_U1/autowhitebalance_accel_fmul_32ns_32ns_32_3_max_dsp_1_ip_u/U0/i_synth/MULT.OP/i_non_prim.R_AND_R/LAT_OPT.FULL.R_AND_R/DSP48E1_SGL_EXP_IP.OLD_ADD.ADD/i_no_versal_es1_workaround.DSP/CARRYOUT[3:0] is not pipelined (PREG=0). Pipelining the DSP48 output will improve performance and often saves power so it is suggested whenever possible to fully pipeline this function.  If this DSP48 function was inferred, it is suggested to describe an additional register stage after this function.  If the DSP48 was instantiated in the design, it is suggested to set the PREG attribute to 1.
Related violations: <none>

DPOP-3#13 Warning
PREG Output pipelining  
DSP video_pipe_hw_i/autowhitebalance_acc_0/inst/grp_AWBKernel_fu_167/AWBKernel_Block_entry_proc_U0/fmul_32ns_32ns_32_3_max_dsp_1_U1/autowhitebalance_accel_fmul_32ns_32ns_32_3_max_dsp_1_ip_u/U0/i_synth/MULT.OP/i_non_prim.R_AND_R/LAT_OPT.FULL.R_AND_R/DSP48E1_SGL_EXP_IP.OLD_ADD.ADD/i_no_versal_es1_workaround.DSP output video_pipe_hw_i/autowhitebalance_acc_0/inst/grp_AWBKernel_fu_167/AWBKernel_Block_entry_proc_U0/fmul_32ns_32ns_32_3_max_dsp_1_U1/autowhitebalance_accel_fmul_32ns_32ns_32_3_max_dsp_1_ip_u/U0/i_synth/MULT.OP/i_non_prim.R_AND_R/LAT_OPT.FULL.R_AND_R/DSP48E1_SGL_EXP_IP.OLD_ADD.ADD/i_no_versal_es1_workaround.DSP/P[47:0] is not pipelined (PREG=0). Pipelining the DSP48 output will improve performance and often saves power so it is suggested whenever possible to fully pipeline this function.  If this DSP48 function was inferred, it is suggested to describe an additional register stage after this function.  If the DSP48 was instantiated in the design, it is suggested to set the PREG attribute to 1.
Related violations: <none>

DPOP-4#1 Warning
MREG Output pipelining  
DSP video_pipe_hw_i/autowhitebalance_acc_0/inst/grp_AWBKernel_fu_167/AWBChannelGain_20_20_2160_3840_1_0_2_2_U0/grp_AWBChannelGainKernel_20_20_2160_3840_1_2_2_3_23_23_13_13_3840_s_fu_79/grp_AWBChannelGainKernel_Pipeline_Col_Loop_fu_258/mul_32ns_10ns_42_1_1_U49/tmp_product multiplier stage video_pipe_hw_i/autowhitebalance_acc_0/inst/grp_AWBKernel_fu_167/AWBChannelGain_20_20_2160_3840_1_0_2_2_U0/grp_AWBChannelGainKernel_20_20_2160_3840_1_2_2_3_23_23_13_13_3840_s_fu_79/grp_AWBChannelGainKernel_Pipeline_Col_Loop_fu_258/mul_32ns_10ns_42_1_1_U49/tmp_product/P[47:0] is not pipelined (MREG=0). Pipelining the multiplier function will improve performance and will save significant power so it is suggested whenever possible to fully pipeline this function.  If this multiplier was inferred, it is suggested to describe an additional register stage after this function.  If there is no registered adder/accumulator following the multiply function, two pipeline stages are suggested to allow both the MREG and PREG registers to be used.  If the DSP48 was instantiated in the design, it is suggested to set both the MREG and PREG attributes to 1 when performing multiply functions.
Related violations: <none>

DPOP-4#2 Warning
MREG Output pipelining  
DSP video_pipe_hw_i/autowhitebalance_acc_0/inst/grp_AWBKernel_fu_167/AWBChannelGain_20_20_2160_3840_1_0_2_2_U0/grp_AWBChannelGainKernel_20_20_2160_3840_1_2_2_3_23_23_13_13_3840_s_fu_79/grp_AWBChannelGainKernel_Pipeline_Col_Loop_fu_258/mul_32ns_10ns_42_1_1_U49/tmp_product__0 multiplier stage video_pipe_hw_i/autowhitebalance_acc_0/inst/grp_AWBKernel_fu_167/AWBChannelGain_20_20_2160_3840_1_0_2_2_U0/grp_AWBChannelGainKernel_20_20_2160_3840_1_2_2_3_23_23_13_13_3840_s_fu_79/grp_AWBChannelGainKernel_Pipeline_Col_Loop_fu_258/mul_32ns_10ns_42_1_1_U49/tmp_product__0/P[47:0] is not pipelined (MREG=0). Pipelining the multiplier function will improve performance and will save significant power so it is suggested whenever possible to fully pipeline this function.  If this multiplier was inferred, it is suggested to describe an additional register stage after this function.  If there is no registered adder/accumulator following the multiply function, two pipeline stages are suggested to allow both the MREG and PREG registers to be used.  If the DSP48 was instantiated in the design, it is suggested to set both the MREG and PREG attributes to 1 when performing multiply functions.
Related violations: <none>

DPOP-4#3 Warning
MREG Output pipelining  
DSP video_pipe_hw_i/autowhitebalance_acc_0/inst/grp_AWBKernel_fu_167/AWBGainUpdate_20_20_2160_3840_1_0_2_2_U0/grp_AWBGainUpdate_20_20_2160_3840_1_0_2_2_Pipeline_ColLoop1_fu_84/mul_32s_10ns_42_1_1_U96/tmp_product multiplier stage video_pipe_hw_i/autowhitebalance_acc_0/inst/grp_AWBKernel_fu_167/AWBGainUpdate_20_20_2160_3840_1_0_2_2_U0/grp_AWBGainUpdate_20_20_2160_3840_1_0_2_2_Pipeline_ColLoop1_fu_84/mul_32s_10ns_42_1_1_U96/tmp_product/P[47:0] is not pipelined (MREG=0). Pipelining the multiplier function will improve performance and will save significant power so it is suggested whenever possible to fully pipeline this function.  If this multiplier was inferred, it is suggested to describe an additional register stage after this function.  If there is no registered adder/accumulator following the multiply function, two pipeline stages are suggested to allow both the MREG and PREG registers to be used.  If the DSP48 was instantiated in the design, it is suggested to set both the MREG and PREG attributes to 1 when performing multiply functions.
Related violations: <none>

DPOP-4#4 Warning
MREG Output pipelining  
DSP video_pipe_hw_i/autowhitebalance_acc_0/inst/grp_AWBKernel_fu_167/AWBGainUpdate_20_20_2160_3840_1_0_2_2_U0/grp_AWBGainUpdate_20_20_2160_3840_1_0_2_2_Pipeline_ColLoop1_fu_84/mul_32s_10ns_42_1_1_U96/tmp_product__0 multiplier stage video_pipe_hw_i/autowhitebalance_acc_0/inst/grp_AWBKernel_fu_167/AWBGainUpdate_20_20_2160_3840_1_0_2_2_U0/grp_AWBGainUpdate_20_20_2160_3840_1_0_2_2_Pipeline_ColLoop1_fu_84/mul_32s_10ns_42_1_1_U96/tmp_product__0/P[47:0] is not pipelined (MREG=0). Pipelining the multiplier function will improve performance and will save significant power so it is suggested whenever possible to fully pipeline this function.  If this multiplier was inferred, it is suggested to describe an additional register stage after this function.  If there is no registered adder/accumulator following the multiply function, two pipeline stages are suggested to allow both the MREG and PREG registers to be used.  If the DSP48 was instantiated in the design, it is suggested to set both the MREG and PREG attributes to 1 when performing multiply functions.
Related violations: <none>

DPOP-4#5 Warning
MREG Output pipelining  
DSP video_pipe_hw_i/autowhitebalance_acc_0/inst/grp_AWBKernel_fu_167/AWBGainUpdate_20_20_2160_3840_1_0_2_2_U0/grp_AWBGainUpdate_20_20_2160_3840_1_0_2_2_Pipeline_ColLoop1_fu_84/mul_32s_10ns_42_1_1_U97/tmp_product multiplier stage video_pipe_hw_i/autowhitebalance_acc_0/inst/grp_AWBKernel_fu_167/AWBGainUpdate_20_20_2160_3840_1_0_2_2_U0/grp_AWBGainUpdate_20_20_2160_3840_1_0_2_2_Pipeline_ColLoop1_fu_84/mul_32s_10ns_42_1_1_U97/tmp_product/P[47:0] is not pipelined (MREG=0). Pipelining the multiplier function will improve performance and will save significant power so it is suggested whenever possible to fully pipeline this function.  If this multiplier was inferred, it is suggested to describe an additional register stage after this function.  If there is no registered adder/accumulator following the multiply function, two pipeline stages are suggested to allow both the MREG and PREG registers to be used.  If the DSP48 was instantiated in the design, it is suggested to set both the MREG and PREG attributes to 1 when performing multiply functions.
Related violations: <none>

DPOP-4#6 Warning
MREG Output pipelining  
DSP video_pipe_hw_i/autowhitebalance_acc_0/inst/grp_AWBKernel_fu_167/AWBGainUpdate_20_20_2160_3840_1_0_2_2_U0/grp_AWBGainUpdate_20_20_2160_3840_1_0_2_2_Pipeline_ColLoop1_fu_84/mul_32s_10ns_42_1_1_U97/tmp_product__0 multiplier stage video_pipe_hw_i/autowhitebalance_acc_0/inst/grp_AWBKernel_fu_167/AWBGainUpdate_20_20_2160_3840_1_0_2_2_U0/grp_AWBGainUpdate_20_20_2160_3840_1_0_2_2_Pipeline_ColLoop1_fu_84/mul_32s_10ns_42_1_1_U97/tmp_product__0/P[47:0] is not pipelined (MREG=0). Pipelining the multiplier function will improve performance and will save significant power so it is suggested whenever possible to fully pipeline this function.  If this multiplier was inferred, it is suggested to describe an additional register stage after this function.  If there is no registered adder/accumulator following the multiply function, two pipeline stages are suggested to allow both the MREG and PREG registers to be used.  If the DSP48 was instantiated in the design, it is suggested to set both the MREG and PREG attributes to 1 when performing multiply functions.
Related violations: <none>

DPOP-4#7 Warning
MREG Output pipelining  
DSP video_pipe_hw_i/autowhitebalance_acc_0/inst/grp_AWBKernel_fu_167/AWBGainUpdate_20_20_2160_3840_1_0_2_2_U0/grp_AWBGainUpdate_20_20_2160_3840_1_0_2_2_Pipeline_ColLoop1_fu_84/mul_32s_10ns_42_1_1_U98/tmp_product multiplier stage video_pipe_hw_i/autowhitebalance_acc_0/inst/grp_AWBKernel_fu_167/AWBGainUpdate_20_20_2160_3840_1_0_2_2_U0/grp_AWBGainUpdate_20_20_2160_3840_1_0_2_2_Pipeline_ColLoop1_fu_84/mul_32s_10ns_42_1_1_U98/tmp_product/P[47:0] is not pipelined (MREG=0). Pipelining the multiplier function will improve performance and will save significant power so it is suggested whenever possible to fully pipeline this function.  If this multiplier was inferred, it is suggested to describe an additional register stage after this function.  If there is no registered adder/accumulator following the multiply function, two pipeline stages are suggested to allow both the MREG and PREG registers to be used.  If the DSP48 was instantiated in the design, it is suggested to set both the MREG and PREG attributes to 1 when performing multiply functions.
Related violations: <none>

DPOP-4#8 Warning
MREG Output pipelining  
DSP video_pipe_hw_i/autowhitebalance_acc_0/inst/grp_AWBKernel_fu_167/AWBGainUpdate_20_20_2160_3840_1_0_2_2_U0/grp_AWBGainUpdate_20_20_2160_3840_1_0_2_2_Pipeline_ColLoop1_fu_84/mul_32s_10ns_42_1_1_U98/tmp_product__0 multiplier stage video_pipe_hw_i/autowhitebalance_acc_0/inst/grp_AWBKernel_fu_167/AWBGainUpdate_20_20_2160_3840_1_0_2_2_U0/grp_AWBGainUpdate_20_20_2160_3840_1_0_2_2_Pipeline_ColLoop1_fu_84/mul_32s_10ns_42_1_1_U98/tmp_product__0/P[47:0] is not pipelined (MREG=0). Pipelining the multiplier function will improve performance and will save significant power so it is suggested whenever possible to fully pipeline this function.  If this multiplier was inferred, it is suggested to describe an additional register stage after this function.  If there is no registered adder/accumulator following the multiply function, two pipeline stages are suggested to allow both the MREG and PREG registers to be used.  If the DSP48 was instantiated in the design, it is suggested to set both the MREG and PREG attributes to 1 when performing multiply functions.
Related violations: <none>

DPOP-4#9 Warning
MREG Output pipelining  
DSP video_pipe_hw_i/autowhitebalance_acc_0/inst/grp_AWBKernel_fu_167/AWBKernel_Block_entry_proc_U0/fmul_32ns_32ns_32_3_max_dsp_1_U1/autowhitebalance_accel_fmul_32ns_32ns_32_3_max_dsp_1_ip_u/U0/i_synth/MULT.OP/i_non_prim.MULT/DSP48E1_SPD_SGL_VARIANT.FIX_MULT/DSP1/i_no_versal_es1_workaround.DSP multiplier stage video_pipe_hw_i/autowhitebalance_acc_0/inst/grp_AWBKernel_fu_167/AWBKernel_Block_entry_proc_U0/fmul_32ns_32ns_32_3_max_dsp_1_U1/autowhitebalance_accel_fmul_32ns_32ns_32_3_max_dsp_1_ip_u/U0/i_synth/MULT.OP/i_non_prim.MULT/DSP48E1_SPD_SGL_VARIANT.FIX_MULT/DSP1/i_no_versal_es1_workaround.DSP/PATTERNDETECT is not pipelined (MREG=0). Pipelining the multiplier function will improve performance and will save significant power so it is suggested whenever possible to fully pipeline this function.  If this multiplier was inferred, it is suggested to describe an additional register stage after this function.  If there is no registered adder/accumulator following the multiply function, two pipeline stages are suggested to allow both the MREG and PREG registers to be used.  If the DSP48 was instantiated in the design, it is suggested to set both the MREG and PREG attributes to 1 when performing multiply functions.
Related violations: <none>

DPOP-4#10 Warning
MREG Output pipelining  
DSP video_pipe_hw_i/autowhitebalance_acc_0/inst/grp_AWBKernel_fu_167/AWBKernel_Block_entry_proc_U0/fmul_32ns_32ns_32_3_max_dsp_1_U1/autowhitebalance_accel_fmul_32ns_32ns_32_3_max_dsp_1_ip_u/U0/i_synth/MULT.OP/i_non_prim.MULT/DSP48E1_SPD_SGL_VARIANT.FIX_MULT/DSP2/i_no_versal_es1_workaround.DSP multiplier stage video_pipe_hw_i/autowhitebalance_acc_0/inst/grp_AWBKernel_fu_167/AWBKernel_Block_entry_proc_U0/fmul_32ns_32ns_32_3_max_dsp_1_U1/autowhitebalance_accel_fmul_32ns_32ns_32_3_max_dsp_1_ip_u/U0/i_synth/MULT.OP/i_non_prim.MULT/DSP48E1_SPD_SGL_VARIANT.FIX_MULT/DSP2/i_no_versal_es1_workaround.DSP/PATTERNDETECT is not pipelined (MREG=0). Pipelining the multiplier function will improve performance and will save significant power so it is suggested whenever possible to fully pipeline this function.  If this multiplier was inferred, it is suggested to describe an additional register stage after this function.  If there is no registered adder/accumulator following the multiply function, two pipeline stages are suggested to allow both the MREG and PREG registers to be used.  If the DSP48 was instantiated in the design, it is suggested to set both the MREG and PREG attributes to 1 when performing multiply functions.
Related violations: <none>

DPOP-4#11 Warning
MREG Output pipelining  
DSP video_pipe_hw_i/autowhitebalance_acc_0/inst/grp_AWBKernel_fu_167/AWBKernel_Block_entry_proc_U0/fmul_32ns_32ns_32_3_max_dsp_1_U1/autowhitebalance_accel_fmul_32ns_32ns_32_3_max_dsp_1_ip_u/U0/i_synth/MULT.OP/i_non_prim.MULT/DSP48E1_SPD_SGL_VARIANT.FIX_MULT/DSP2/i_no_versal_es1_workaround.DSP multiplier stage video_pipe_hw_i/autowhitebalance_acc_0/inst/grp_AWBKernel_fu_167/AWBKernel_Block_entry_proc_U0/fmul_32ns_32ns_32_3_max_dsp_1_U1/autowhitebalance_accel_fmul_32ns_32ns_32_3_max_dsp_1_ip_u/U0/i_synth/MULT.OP/i_non_prim.MULT/DSP48E1_SPD_SGL_VARIANT.FIX_MULT/DSP2/i_no_versal_es1_workaround.DSP/P[47:0] is not pipelined (MREG=0). Pipelining the multiplier function will improve performance and will save significant power so it is suggested whenever possible to fully pipeline this function.  If this multiplier was inferred, it is suggested to describe an additional register stage after this function.  If there is no registered adder/accumulator following the multiply function, two pipeline stages are suggested to allow both the MREG and PREG registers to be used.  If the DSP48 was instantiated in the design, it is suggested to set both the MREG and PREG attributes to 1 when performing multiply functions.
Related violations: <none>

DPOP-4#12 Warning
MREG Output pipelining  
DSP video_pipe_hw_i/v_demosaic_0/inst/Debayer_U0/DebayerG_U0/grp_DebayerG_Pipeline_VITIS_LOOP_318_4_fu_200/lshr_ln2_reg_4334_reg multiplier stage video_pipe_hw_i/v_demosaic_0/inst/Debayer_U0/DebayerG_U0/grp_DebayerG_Pipeline_VITIS_LOOP_318_4_fu_200/lshr_ln2_reg_4334_reg/P[47:0] is not pipelined (MREG=0). Pipelining the multiplier function will improve performance and will save significant power so it is suggested whenever possible to fully pipeline this function.  If this multiplier was inferred, it is suggested to describe an additional register stage after this function.  If there is no registered adder/accumulator following the multiply function, two pipeline stages are suggested to allow both the MREG and PREG registers to be used.  If the DSP48 was instantiated in the design, it is suggested to set both the MREG and PREG attributes to 1 when performing multiply functions.
Related violations: <none>

DPOP-4#13 Warning
MREG Output pipelining  
DSP video_pipe_hw_i/v_demosaic_0/inst/Debayer_U0/DebayerG_U0/grp_DebayerG_Pipeline_VITIS_LOOP_318_4_fu_200/lshr_ln501_1_reg_4339_reg multiplier stage video_pipe_hw_i/v_demosaic_0/inst/Debayer_U0/DebayerG_U0/grp_DebayerG_Pipeline_VITIS_LOOP_318_4_fu_200/lshr_ln501_1_reg_4339_reg/P[47:0] is not pipelined (MREG=0). Pipelining the multiplier function will improve performance and will save significant power so it is suggested whenever possible to fully pipeline this function.  If this multiplier was inferred, it is suggested to describe an additional register stage after this function.  If there is no registered adder/accumulator following the multiply function, two pipeline stages are suggested to allow both the MREG and PREG registers to be used.  If the DSP48 was instantiated in the design, it is suggested to set both the MREG and PREG attributes to 1 when performing multiply functions.
Related violations: <none>

DPOP-4#14 Warning
MREG Output pipelining  
DSP video_pipe_hw_i/v_demosaic_0/inst/Debayer_U0/DebayerG_U0/grp_DebayerG_Pipeline_VITIS_LOOP_318_4_fu_200/lshr_ln501_2_reg_4344_reg multiplier stage video_pipe_hw_i/v_demosaic_0/inst/Debayer_U0/DebayerG_U0/grp_DebayerG_Pipeline_VITIS_LOOP_318_4_fu_200/lshr_ln501_2_reg_4344_reg/P[47:0] is not pipelined (MREG=0). Pipelining the multiplier function will improve performance and will save significant power so it is suggested whenever possible to fully pipeline this function.  If this multiplier was inferred, it is suggested to describe an additional register stage after this function.  If there is no registered adder/accumulator following the multiply function, two pipeline stages are suggested to allow both the MREG and PREG registers to be used.  If the DSP48 was instantiated in the design, it is suggested to set both the MREG and PREG attributes to 1 when performing multiply functions.
Related violations: <none>

DPOP-4#15 Warning
MREG Output pipelining  
DSP video_pipe_hw_i/v_demosaic_0/inst/Debayer_U0/DebayerG_U0/grp_DebayerG_Pipeline_VITIS_LOOP_318_4_fu_200/lshr_ln501_3_reg_4349_reg multiplier stage video_pipe_hw_i/v_demosaic_0/inst/Debayer_U0/DebayerG_U0/grp_DebayerG_Pipeline_VITIS_LOOP_318_4_fu_200/lshr_ln501_3_reg_4349_reg/P[47:0] is not pipelined (MREG=0). Pipelining the multiplier function will improve performance and will save significant power so it is suggested whenever possible to fully pipeline this function.  If this multiplier was inferred, it is suggested to describe an additional register stage after this function.  If there is no registered adder/accumulator following the multiply function, two pipeline stages are suggested to allow both the MREG and PREG registers to be used.  If the DSP48 was instantiated in the design, it is suggested to set both the MREG and PREG attributes to 1 when performing multiply functions.
Related violations: <none>

REQP-1934#1 Warning
RAMB18E2_nochange_collision_advisory  
Synchronous clocking is detected for BRAM (video_pipe_hw_i/axi_vdma_0/U0/I_PRMRY_DATAMOVER/GEN_MM2S_FULL.I_MM2S_FULL_WRAPPER/GEN_INCLUDE_MM2S_SF.I_RD_SF/I_DATA_FIFO/BLK_MEM.I_SYNC_FIFOGEN_FIFO/xpm_fifo_base_inst/gen_sdpram.xpm_memory_base_inst/gen_wr_a.gen_word_narrow.mem_reg_1) in SDP mode with NO_CHANGE write-mode. This is the preferred mode for best power characteristics. However, NO_CHANGE may exhibit address collisions if the same address appears on both read and write ports resulting in unknown or corrupted read data. It is suggested to confirm via simulation that an address collision never occurs and if so it is suggested to try and avoid this situation. If address collisions cannot be avoided, the write-mode may be set to READ_FIRST which guarantees that the read data is the prior contents of the memory at the cost of additional power in the design. See the FPGA Memory Resources User Guide for additional information.
Related violations: <none>

REQP-1934#2 Warning
RAMB18E2_nochange_collision_advisory  
Synchronous clocking is detected for BRAM (video_pipe_hw_i/axi_vdma_0/U0/I_PRMRY_DATAMOVER/GEN_S2MM_FULL.I_S2MM_FULL_WRAPPER/GEN_ENABLE_INDET_BTT_SF.I_INDET_BTT/I_DATA_FIFO/BLK_MEM.I_SYNC_FIFOGEN_FIFO/xpm_fifo_base_inst/gen_sdpram.xpm_memory_base_inst/gen_wr_a.gen_word_narrow.mem_reg_1) in SDP mode with NO_CHANGE write-mode. This is the preferred mode for best power characteristics. However, NO_CHANGE may exhibit address collisions if the same address appears on both read and write ports resulting in unknown or corrupted read data. It is suggested to confirm via simulation that an address collision never occurs and if so it is suggested to try and avoid this situation. If address collisions cannot be avoided, the write-mode may be set to READ_FIRST which guarantees that the read data is the prior contents of the memory at the cost of additional power in the design. See the FPGA Memory Resources User Guide for additional information.
Related violations: <none>

REQP-1934#3 Warning
RAMB18E2_nochange_collision_advisory  
Synchronous clocking is detected for BRAM (video_pipe_hw_i/axi_vdma_1/U0/I_PRMRY_DATAMOVER/GEN_S2MM_FULL.I_S2MM_FULL_WRAPPER/GEN_ENABLE_INDET_BTT_SF.I_INDET_BTT/I_DATA_FIFO/BLK_MEM.I_SYNC_FIFOGEN_FIFO/xpm_fifo_base_inst/gen_sdpram.xpm_memory_base_inst/gen_wr_a.gen_word_narrow.mem_reg_1) in SDP mode with NO_CHANGE write-mode. This is the preferred mode for best power characteristics. However, NO_CHANGE may exhibit address collisions if the same address appears on both read and write ports resulting in unknown or corrupted read data. It is suggested to confirm via simulation that an address collision never occurs and if so it is suggested to try and avoid this situation. If address collisions cannot be avoided, the write-mode may be set to READ_FIRST which guarantees that the read data is the prior contents of the memory at the cost of additional power in the design. See the FPGA Memory Resources User Guide for additional information.
Related violations: <none>

REQP-1935#1 Warning
RAMB36E2_nochange_collision_advisory  
Synchronous clocking is detected for BRAM (video_pipe_hw_i/axi_vdma_0/U0/I_PRMRY_DATAMOVER/GEN_MM2S_FULL.I_MM2S_FULL_WRAPPER/GEN_INCLUDE_MM2S_SF.I_RD_SF/I_DATA_FIFO/BLK_MEM.I_SYNC_FIFOGEN_FIFO/xpm_fifo_base_inst/gen_sdpram.xpm_memory_base_inst/gen_wr_a.gen_word_narrow.mem_reg_0) in SDP mode with NO_CHANGE write-mode. This is the preferred mode for best power characteristics. However, NO_CHANGE may exhibit address collisions if the same address appears on both read and write ports resulting in unknown or corrupted read data. It is suggested to confirm via simulation that an address collision never occurs and if so it is suggested to try and avoid this situation. If address collisions cannot be avoided, the write-mode may be set to READ_FIRST which guarantees that the read data is the prior contents of the memory at the cost of additional power in the design. See the FPGA Memory Resources User Guide for additional information.
Related violations: <none>

REQP-1935#2 Warning
RAMB36E2_nochange_collision_advisory  
Synchronous clocking is detected for BRAM (video_pipe_hw_i/axi_vdma_0/U0/I_PRMRY_DATAMOVER/GEN_S2MM_FULL.I_S2MM_FULL_WRAPPER/GEN_ENABLE_INDET_BTT_SF.I_INDET_BTT/I_DATA_FIFO/BLK_MEM.I_SYNC_FIFOGEN_FIFO/xpm_fifo_base_inst/gen_sdpram.xpm_memory_base_inst/gen_wr_a.gen_word_narrow.mem_reg_0) in SDP mode with NO_CHANGE write-mode. This is the preferred mode for best power characteristics. However, NO_CHANGE may exhibit address collisions if the same address appears on both read and write ports resulting in unknown or corrupted read data. It is suggested to confirm via simulation that an address collision never occurs and if so it is suggested to try and avoid this situation. If address collisions cannot be avoided, the write-mode may be set to READ_FIRST which guarantees that the read data is the prior contents of the memory at the cost of additional power in the design. See the FPGA Memory Resources User Guide for additional information.
Related violations: <none>

REQP-1935#3 Warning
RAMB36E2_nochange_collision_advisory  
Synchronous clocking is detected for BRAM (video_pipe_hw_i/axi_vdma_1/U0/I_PRMRY_DATAMOVER/GEN_S2MM_FULL.I_S2MM_FULL_WRAPPER/GEN_ENABLE_INDET_BTT_SF.I_INDET_BTT/I_DATA_FIFO/BLK_MEM.I_SYNC_FIFOGEN_FIFO/xpm_fifo_base_inst/gen_sdpram.xpm_memory_base_inst/gen_wr_a.gen_word_narrow.mem_reg_0) in SDP mode with NO_CHANGE write-mode. This is the preferred mode for best power characteristics. However, NO_CHANGE may exhibit address collisions if the same address appears on both read and write ports resulting in unknown or corrupted read data. It is suggested to confirm via simulation that an address collision never occurs and if so it is suggested to try and avoid this situation. If address collisions cannot be avoided, the write-mode may be set to READ_FIRST which guarantees that the read data is the prior contents of the memory at the cost of additional power in the design. See the FPGA Memory Resources User Guide for additional information.
Related violations: <none>

AVAL-155#1 Advisory
enum_AMULTSEL_BMULTSEL_enum_DREG_ADREG_0_connects_CED_CEAD_RSTD_GND  
video_pipe_hw_i/autowhitebalance_acc_0/inst/grp_AWBKernel_fu_167/AWBKernel_Block_entry_proc_U0/fmul_32ns_32ns_32_3_max_dsp_1_U1/autowhitebalance_accel_fmul_32ns_32ns_32_3_max_dsp_1_ip_u/U0/i_synth/MULT.OP/i_non_prim.MULT/DSP48E1_SPD_SGL_VARIANT.FIX_MULT/DSP1/i_no_versal_es1_workaround.DSP: DSP48E2 is not using the D port (AMULTSEL = A and BMULTSEL = B). For improved power characteristics, set DREG and ADREG to '1', tie CED, CEAD, and RSTD to logic '0'.
Related violations: <none>

AVAL-155#2 Advisory
enum_AMULTSEL_BMULTSEL_enum_DREG_ADREG_0_connects_CED_CEAD_RSTD_GND  
video_pipe_hw_i/autowhitebalance_acc_0/inst/grp_AWBKernel_fu_167/AWBKernel_Block_entry_proc_U0/fmul_32ns_32ns_32_3_max_dsp_1_U1/autowhitebalance_accel_fmul_32ns_32ns_32_3_max_dsp_1_ip_u/U0/i_synth/MULT.OP/i_non_prim.MULT/DSP48E1_SPD_SGL_VARIANT.FIX_MULT/DSP2/i_no_versal_es1_workaround.DSP: DSP48E2 is not using the D port (AMULTSEL = A and BMULTSEL = B). For improved power characteristics, set DREG and ADREG to '1', tie CED, CEAD, and RSTD to logic '0'.
Related violations: <none>

AVAL-155#3 Advisory
enum_AMULTSEL_BMULTSEL_enum_DREG_ADREG_0_connects_CED_CEAD_RSTD_GND  
video_pipe_hw_i/autowhitebalance_acc_0/inst/grp_AWBKernel_fu_167/AWBKernel_Block_entry_proc_U0/fmul_32ns_32ns_32_3_max_dsp_1_U1/autowhitebalance_accel_fmul_32ns_32ns_32_3_max_dsp_1_ip_u/U0/i_synth/MULT.OP/i_non_prim.R_AND_R/LAT_OPT.FULL.R_AND_R/DSP48E1_SGL_EXP_IP.OLD_ADD.ADD/i_no_versal_es1_workaround.DSP: DSP48E2 is not using the D port (AMULTSEL = A and BMULTSEL = B). For improved power characteristics, set DREG and ADREG to '1', tie CED, CEAD, and RSTD to logic '0'.
Related violations: <none>

AVAL-156#1 Advisory
enum_USE_MULT_NONE__enum_DREG_ADREG_0_connects_CED_CEAD_RSTD_GND  
video_pipe_hw_i/autowhitebalance_acc_0/inst/grp_AWBKernel_fu_167/AWBKernel_Block_entry_proc_U0/fmul_32ns_32ns_32_3_max_dsp_1_U1/autowhitebalance_accel_fmul_32ns_32ns_32_3_max_dsp_1_ip_u/U0/i_synth/MULT.OP/i_non_prim.R_AND_R/LAT_OPT.FULL.R_AND_R/DSP48E1_SGL_EXP_IP.OLD_ADD.ADD/i_no_versal_es1_workaround.DSP: DSP48E2 is not using the Multiplier (USE_MULT = NONE). For improved power characteristics, set DREG and ADREG to '1', tie CED, CEAD, and RSTD to logic '0'.
Related violations: <none>


