

================================================================
== Vitis HLS Report for 'AWBChannelGainKernel_Pipeline_Col_Loop'
================================================================
* Date:           Sun Oct  4 18:41:39 2026

* Version:        2025.2 (Build 6295257 on Nov 14 2025)
* Project:        autowhitebalance_accel
* Solution:       hls (Vivado IP Flow Target)
* Product family: zynquplus
* Target device:  xck26-sfvc784-2LV-c


================================================================
== Performance Estimates
================================================================
+ Timing: 
    * Summary: 
    +--------+----------+----------+------------+
    |  Clock |  Target  | Estimated| Uncertainty|
    +--------+----------+----------+------------+
    |ap_clk  |  10.00 ns|  7.158 ns|     2.70 ns|
    +--------+----------+----------+------------+

+ Latency: 
    * Summary: 
    +---------+---------+-----------+-----------+-----+-----+-------------------+
    |  Latency (cycles) |   Latency (absolute)  |  Interval |      Pipeline     |
    |   min   |   max   |    min    |    max    | min | max |        Type       |
    +---------+---------+-----------+-----------+-----+-----+-------------------+
    |     3843|     3843|  38.430 us|  38.430 us|    0|    0|  loop pipeline stp|
    +---------+---------+-----------+-----------+-----+-----+-------------------+

    + Detail: 
        * Instance: 
        N/A

        * Loop: 
        +------------+---------+---------+----------+-----------+-----------+------+----------+
        |            |  Latency (cycles) | Iteration|  Initiation Interval  | Trip |          |
        |  Loop Name |   min   |   max   |  Latency |  achieved |   target  | Count| Pipelined|
        +------------+---------+---------+----------+-----------+-----------+------+----------+
        |- Col_Loop  |     3841|     3841|         3|          1|          1|  3840|       yes|
        +------------+---------+---------+----------+-----------+-----------+------+----------+



================================================================
== Utilization Estimates
================================================================
* Summary: 
+-----------------+---------+------+--------+--------+-----+
|       Name      | BRAM_18K|  DSP |   FF   |   LUT  | URAM|
+-----------------+---------+------+--------+--------+-----+
|DSP              |        -|     -|       -|       -|    -|
|Expression       |        -|     -|       0|     498|    -|
|FIFO             |        -|     -|       -|       -|    -|
|Instance         |        -|     2|       0|      20|    -|
|Memory           |        -|     -|       -|       -|    -|
|Multiplexer      |        -|     -|       0|      81|    -|
|Register         |        -|     -|      80|       -|    -|
+-----------------+---------+------+--------+--------+-----+
|Total            |        0|     2|      80|     599|    0|
+-----------------+---------+------+--------+--------+-----+
|Available        |      288|  1248|  234240|  117120|   64|
+-----------------+---------+------+--------+--------+-----+
|Utilization (%)  |        0|    ~0|      ~0|      ~0|    0|
+-----------------+---------+------+--------+--------+-----+

+ Detail: 
    * Instance: 
    +--------------------------+----------------------+---------+----+---+----+-----+
    |         Instance         |        Module        | BRAM_18K| DSP| FF| LUT| URAM|
    +--------------------------+----------------------+---------+----+---+----+-----+
    |mul_32ns_10ns_42_1_1_U49  |mul_32ns_10ns_42_1_1  |        0|   2|  0|  20|    0|
    +--------------------------+----------------------+---------+----+---+----+-----+
    |Total                     |                      |        0|   2|  0|  20|    0|
    +--------------------------+----------------------+---------+----+---+----+-----+

    * DSP: 
    N/A

    * Memory: 
    N/A

    * FIFO: 
    N/A

    * Expression: 
    +---------------------------------------+----------+----+---+----+------------+------------+
    |             Variable Name             | Operation| DSP| FF| LUT| Bitwidth P0| Bitwidth P1|
    +---------------------------------------+----------+----+---+----+------------+------------+
    |add_ln209_fu_265_p2                    |         +|   0|  0|  47|          40|          40|
    |add_ln210_fu_274_p2                    |         +|   0|  0|  47|          40|          40|
    |add_ln211_fu_283_p2                    |         +|   0|  0|  47|          40|          40|
    |j_8_fu_120_p2                          |         +|   0|  0|  19|          12|           1|
    |sub_ln207_1_fu_237_p2                  |         -|   0|  0|  29|          22|          22|
    |sub_ln207_fu_215_p2                    |         -|   0|  0|  18|          11|          11|
    |ap_block_pp0_stage0_01001_grp1         |       and|   0|  0|   2|           1|           1|
    |icmp_ln181_fu_114_p2                   |      icmp|   0|  0|  19|          12|          12|
    |icmp_ln204_1_fu_173_p2                 |      icmp|   0|  0|  17|          10|          10|
    |icmp_ln204_fu_163_p2                   |      icmp|   0|  0|  17|          10|          10|
    |icmp_ln205_1_fu_199_p2                 |      icmp|   0|  0|  17|          10|          10|
    |icmp_ln205_fu_189_p2                   |      icmp|   0|  0|  17|          10|          10|
    |icmp_ln207_fu_256_p2                   |      icmp|   0|  0|  50|          43|          43|
    |ap_block_state2_pp0_stage0_iter1_grp1  |        or|   0|  0|   2|           1|           1|
    |add_i_i76836_fu_289_p3                 |    select|   0|  0|  36|           1|          40|
    |add_i_i85734_fu_297_p3                 |    select|   0|  0|  36|           1|          40|
    |add_i_i94832_fu_305_p3                 |    select|   0|  0|  36|           1|          40|
    |maxRGB_fu_204_p3                       |    select|   0|  0|  10|           1|          10|
    |minRGB_fu_178_p3                       |    select|   0|  0|  10|           1|          10|
    |select_ln204_fu_167_p3                 |    select|   0|  0|  10|           1|          10|
    |select_ln205_fu_193_p3                 |    select|   0|  0|  10|           1|          10|
    |ap_enable_pp0                          |       xor|   0|  0|   2|           1|           2|
    +---------------------------------------+----------+----+---+----+------------+------------+
    |Total                                  |          |   0|  0| 498|         270|         413|
    +---------------------------------------+----------+----+---+----+------------+------------+

    * Multiplexer: 
    +-------------------------+----+-----------+-----+-----------+
    |           Name          | LUT| Input Size| Bits| Total Bits|
    +-------------------------+----+-----------+-----+-----------+
    |add_i_i76837_out_o       |   9|          2|   40|         80|
    |add_i_i85735_out_o       |   9|          2|   40|         80|
    |add_i_i94833_out_o       |   9|          2|   40|         80|
    |ap_done_int              |   9|          2|    1|          2|
    |ap_enable_reg_pp0_iter1  |   9|          2|    1|          2|
    |ap_sig_allocacmp_j_7     |   9|          2|   12|         24|
    |impop_data_blk_n         |   9|          2|    1|          2|
    |in_mat_data_blk_n        |   9|          2|    1|          2|
    |j_fu_64                  |   9|          2|   12|         24|
    +-------------------------+----+-----------+-----+-----------+
    |Total                    |  81|         18|  148|        296|
    +-------------------------+----+-----------+-----+-----------+

    * Register: 
    +-------------------------------------------+----+----+-----+-----------+
    |                    Name                   | FF | LUT| Bits| Const Bits|
    +-------------------------------------------+----+----+-----+-----------+
    |ap_CS_fsm                                  |   1|   0|    1|          0|
    |ap_block_pp0_stage0_subdone_grp0_done_reg  |   1|   0|    1|          0|
    |ap_done_reg                                |   1|   0|    1|          0|
    |ap_enable_reg_pp0_iter1                    |   1|   0|    1|          0|
    |ap_enable_reg_pp0_iter2                    |   1|   0|    1|          0|
    |ap_loop_exit_ready_pp0_iter1_reg           |   1|   0|    1|          0|
    |j_fu_64                                    |  12|   0|   12|          0|
    |val1_reg_347                               |  10|   0|   10|          0|
    |val2_reg_356                               |  10|   0|   10|          0|
    |val3_reg_365                               |  10|   0|   10|          0|
    |zext_ln176_cast_cast_reg_338               |  32|   0|   42|         10|
    +-------------------------------------------+----+----+-----+-----------+
    |Total                                      |  80|   0|   90|         10|
    +-------------------------------------------+----+----+-----+-----------+



================================================================
== Interface
================================================================
* Summary: 
+----------------------------+-----+-----+------------+----------------------------------------+--------------+
|          RTL Ports         | Dir | Bits|  Protocol  |              Source Object             |    C Type    |
+----------------------------+-----+-----+------------+----------------------------------------+--------------+
|ap_clk                      |   in|    1|  ap_ctrl_hs|  AWBChannelGainKernel_Pipeline_Col_Loop|  return value|
|ap_rst                      |   in|    1|  ap_ctrl_hs|  AWBChannelGainKernel_Pipeline_Col_Loop|  return value|
|ap_start                    |   in|    1|  ap_ctrl_hs|  AWBChannelGainKernel_Pipeline_Col_Loop|  return value|
|ap_done                     |  out|    1|  ap_ctrl_hs|  AWBChannelGainKernel_Pipeline_Col_Loop|  return value|
|ap_idle                     |  out|    1|  ap_ctrl_hs|  AWBChannelGainKernel_Pipeline_Col_Loop|  return value|
|ap_ready                    |  out|    1|  ap_ctrl_hs|  AWBChannelGainKernel_Pipeline_Col_Loop|  return value|
|in_mat_data_dout            |   in|   30|     ap_fifo|                             in_mat_data|       pointer|
|in_mat_data_empty_n         |   in|    1|     ap_fifo|                             in_mat_data|       pointer|
|in_mat_data_read            |  out|    1|     ap_fifo|                             in_mat_data|       pointer|
|in_mat_data_num_data_valid  |   in|    3|     ap_fifo|                             in_mat_data|       pointer|
|in_mat_data_fifo_cap        |   in|    3|     ap_fifo|                             in_mat_data|       pointer|
|impop_data_din              |  out|   30|     ap_fifo|                              impop_data|       pointer|
|impop_data_full_n           |   in|    1|     ap_fifo|                              impop_data|       pointer|
|impop_data_write            |  out|    1|     ap_fifo|                              impop_data|       pointer|
|impop_data_num_data_valid   |   in|   32|     ap_fifo|                              impop_data|       pointer|
|impop_data_fifo_cap         |   in|   32|     ap_fifo|                              impop_data|       pointer|
|src1_cols_val               |   in|   12|   ap_stable|                           src1_cols_val|        scalar|
|zext_ln176                  |   in|   19|     ap_none|                              zext_ln176|        scalar|
|add_i_i76837_out_i          |   in|   40|     ap_ovld|                        add_i_i76837_out|       pointer|
|add_i_i76837_out_o          |  out|   40|     ap_ovld|                        add_i_i76837_out|       pointer|
|add_i_i76837_out_o_ap_vld   |  out|    1|     ap_ovld|                        add_i_i76837_out|       pointer|
|add_i_i85735_out_i          |   in|   40|     ap_ovld|                        add_i_i85735_out|       pointer|
|add_i_i85735_out_o          |  out|   40|     ap_ovld|                        add_i_i85735_out|       pointer|
|add_i_i85735_out_o_ap_vld   |  out|    1|     ap_ovld|                        add_i_i85735_out|       pointer|
|add_i_i94833_out_i          |   in|   40|     ap_ovld|                        add_i_i94833_out|       pointer|
|add_i_i94833_out_o          |  out|   40|     ap_ovld|                        add_i_i94833_out|       pointer|
|add_i_i94833_out_o_ap_vld   |  out|    1|     ap_ovld|                        add_i_i94833_out|       pointer|
+----------------------------+-----+-----+------------+----------------------------------------+--------------+

============================================================
+ Verbose Summary: Synthesis Manager
============================================================
InlineROM: 1
ExposeGlobal: 0
============================================================
+ Verbose Summary: CDFG Model
============================================================
IsTopModel: 0
ResetActiveHigh: 1
IsCombinational: 2
IsDatapathOnly: 2
HasWiredReturn: 1
HasMFsm: 2
HasVarLatency: 1
IsPipeline: 0
IsRtlPipelined: 0
IsInstanceOverlapped: 0
IsDontTouch: 0
HasImplIP: 0
IsGatedGlobalClock: 0

+ Individual pipeline summary: 
  * Pipeline-0: initiation interval (II) = 1, depth = 3


============================================================
+ Verbose Summary: Schedule
============================================================
* Number of FSM states : 3
* Pipeline : 1
  Pipeline-0 : II = 1, D = 3, States = { 1 2 3 }
* Dataflow Pipeline: 0

* FSM state transitions: 
1 --> 2 
2 --> 3 
3 --> 

* FSM state operations: 

State 1 <SV = 0> <Delay = 1.66>
ST_1 : Operation 6 [1/1] (0.00ns)   --->   "%j = alloca i32 1" [./xf_autowhitebalance.hpp:135]   --->   Operation 6 'alloca' 'j' <Predicate = true> <Delay = 0.00>
ST_1 : Operation 7 [1/1] (0.00ns)   --->   "%zext_ln176_read = read i19 @_ssdm_op_Read.ap_auto.i19, i19 %zext_ln176"   --->   Operation 7 'read' 'zext_ln176_read' <Predicate = true> <Delay = 0.00>
ST_1 : Operation 8 [1/1] (0.00ns)   --->   "%src1_cols_val_read = read i12 @_ssdm_op_Read.ap_auto.i12, i12 %src1_cols_val"   --->   Operation 8 'read' 'src1_cols_val_read' <Predicate = true> <Delay = 0.00>
ST_1 : Operation 9 [1/1] (0.00ns)   --->   "%zext_ln176_cast = sext i19 %zext_ln176_read"   --->   Operation 9 'sext' 'zext_ln176_cast' <Predicate = true> <Delay = 0.00>
ST_1 : Operation 10 [1/1] (0.00ns)   --->   "%zext_ln176_cast_cast = zext i32 %zext_ln176_cast"   --->   Operation 10 'zext' 'zext_ln176_cast_cast' <Predicate = true> <Delay = 0.00>
ST_1 : Operation 11 [1/1] (0.00ns)   --->   "%specstablecontent_ln0 = specstablecontent void @_ssdm_op_SpecStableContent, i12 %src1_cols_val, i1 1, void @p_str"   --->   Operation 11 'specstablecontent' 'specstablecontent_ln0' <Predicate = true> <Delay = 0.00>
ST_1 : Operation 12 [1/1] (0.00ns)   --->   "%specinterface_ln0 = specinterface void @_ssdm_op_SpecInterface, i30 %impop_data, void @empty_13, i32 0, i32 0, void @empty_25, i32 0, i32 0, void @empty_25, void @empty_25, void @empty_25, i32 0, i32 0, i32 0, i32 0, void @empty_25, void @empty_25, i32 4294967295, i32 0, i32 0, i32 0"   --->   Operation 12 'specinterface' 'specinterface_ln0' <Predicate = true> <Delay = 0.00>
ST_1 : Operation 13 [1/1] (0.00ns)   --->   "%specinterface_ln0 = specinterface void @_ssdm_op_SpecInterface, i30 %in_mat_data, void @empty_13, i32 0, i32 0, void @empty_25, i32 0, i32 0, void @empty_25, void @empty_25, void @empty_25, i32 0, i32 0, i32 0, i32 0, void @empty_25, void @empty_25, i32 4294967295, i32 0, i32 0, i32 0"   --->   Operation 13 'specinterface' 'specinterface_ln0' <Predicate = true> <Delay = 0.00>
ST_1 : Operation 14 [1/1] (0.42ns)   --->   "%store_ln135 = store i12 0, i12 %j" [./xf_autowhitebalance.hpp:135]   --->   Operation 14 'store' 'store_ln135' <Predicate = true> <Delay = 0.42>
ST_1 : Operation 15 [1/1] (0.00ns)   --->   "%br_ln181 = br void %PLANES_LOOP" [./xf_autowhitebalance.hpp:181]   --->   Operation 15 'br' 'br_ln181' <Predicate = true> <Delay = 0.00>
ST_1 : Operation 16 [1/1] (0.00ns)   --->   "%j_7 = load i12 %j" [./xf_autowhitebalance.hpp:181]   --->   Operation 16 'load' 'j_7' <Predicate = true> <Delay = 0.00>
ST_1 : Operation 17 [1/1] (0.80ns)   --->   "%icmp_ln181 = icmp_eq  i12 %j_7, i12 %src1_cols_val_read" [./xf_autowhitebalance.hpp:181]   --->   Operation 17 'icmp' 'icmp_ln181' <Predicate = true> <Delay = 0.80> <CoreInst = "Cmp">   --->   Core 9 'Cmp' <Latency = 0> <II = 1> <Delay = 0.80> <FuncUnit> <Opcode : 'seteq' 'setne' 'setle' 'setge' 'setlt' 'setgt'> <InPorts = 2> <OutPorts = 1>
ST_1 : Operation 18 [1/1] (0.80ns)   --->   "%j_8 = add i12 %j_7, i12 1" [./xf_autowhitebalance.hpp:181]   --->   Operation 18 'add' 'j_8' <Predicate = true> <Delay = 0.80> <CoreInst = "Adder">   --->   Core 1 'Adder' <Latency = 0> <II = 1> <Delay = 0.80> <FuncUnit> <Opcode : 'add' 'sub'> <InPorts = 2> <OutPorts = 1>
ST_1 : Operation 19 [1/1] (0.00ns)   --->   "%br_ln181 = br i1 %icmp_ln181, void %PLANES_LOOP.split_ifconv, void %for.inc114.exitStub" [./xf_autowhitebalance.hpp:181]   --->   Operation 19 'br' 'br_ln181' <Predicate = true> <Delay = 0.00>
ST_1 : Operation 20 [1/1] (0.42ns)   --->   "%store_ln135 = store i12 %j_8, i12 %j" [./xf_autowhitebalance.hpp:135]   --->   Operation 20 'store' 'store_ln135' <Predicate = (!icmp_ln181)> <Delay = 0.42>

State 2 <SV = 1> <Delay = 3.67>
ST_2 : Operation 21 [1/1] ( I:1.83ns O:1.83ns )   --->   "%in_buf = read i30 @_ssdm_op_Read.ap_fifo.volatile.i30P0A, i30 %in_mat_data" [./xf_structs.hpp:543->./xf_autowhitebalance.hpp:188]   --->   Operation 21 'read' 'in_buf' <Predicate = true> <Delay = 1.83> <CoreInst = "FIFO_SRL">   --->   Core 80 'FIFO_SRL' <Latency = 0> <II = 1> <Delay = 1.83> <Storage> <Opcode : 'read' 'write' 'nbread' 'nbwrite'> <Ports = 0> <Width = 30> <Depth = 2> <FIFO>
ST_2 : Operation 22 [1/1] ( I:1.83ns O:1.83ns )   --->   "%write_ln554 = write void @_ssdm_op_Write.ap_fifo.volatile.i30P0A, i30 %impop_data, i30 %in_buf" [./xf_structs.hpp:554->./xf_autowhitebalance.hpp:190]   --->   Operation 22 'write' 'write_ln554' <Predicate = true> <Delay = 1.83> <CoreInst = "FIFO_SRL">   --->   Core 80 'FIFO_SRL' <Latency = 0> <II = 1> <Delay = 1.83> <Storage> <Opcode : 'read' 'write' 'nbread' 'nbwrite'> <Ports = 0> <Width = 30> <Depth = 2> <FIFO>
ST_2 : Operation 23 [1/1] (0.00ns)   --->   "%val1 = trunc i30 %in_buf" [./xf_autowhitebalance.hpp:198]   --->   Operation 23 'trunc' 'val1' <Predicate = true> <Delay = 0.00>
ST_2 : Operation 24 [1/1] (0.00ns)   --->   "%val2 = partselect i10 @_ssdm_op_PartSelect.i10.i30.i32, i30 %in_buf, i32 10" [./xf_autowhitebalance.hpp:200]   --->   Operation 24 'partselect' 'val2' <Predicate = true> <Delay = 0.00>
ST_2 : Operation 25 [1/1] (0.00ns)   --->   "%val3 = partselect i10 @_ssdm_op_PartSelect.i10.i30.i32, i30 %in_buf, i32 20" [./xf_autowhitebalance.hpp:202]   --->   Operation 25 'partselect' 'val3' <Predicate = true> <Delay = 0.00>
ST_2 : Operation 65 [1/1] (0.42ns)   --->   "%ret_ln0 = ret"   --->   Operation 65 'ret' 'ret_ln0' <Predicate = (icmp_ln181)> <Delay = 0.42>

State 3 <SV = 2> <Delay = 7.15>
ST_3 : Operation 26 [1/1] (0.00ns)   --->   "%add_i_i94833_out_load = load i40 %add_i_i94833_out" [./xf_autowhitebalance.hpp:209]   --->   Operation 26 'load' 'add_i_i94833_out_load' <Predicate = true> <Delay = 0.00>
ST_3 : Operation 27 [1/1] (0.00ns)   --->   "%add_i_i85735_out_load = load i40 %add_i_i85735_out" [./xf_autowhitebalance.hpp:210]   --->   Operation 27 'load' 'add_i_i85735_out_load' <Predicate = true> <Delay = 0.00>
ST_3 : Operation 28 [1/1] (0.00ns)   --->   "%add_i_i76837_out_load = load i40 %add_i_i76837_out" [./xf_autowhitebalance.hpp:211]   --->   Operation 28 'load' 'add_i_i76837_out_load' <Predicate = true> <Delay = 0.00>
ST_3 : Operation 29 [1/1] (0.00ns)   --->   "%specpipeline_ln184 = specpipeline void @_ssdm_op_SpecPipeline, i32 1, i32 0, i32 0, i32 0, i32 4294967295, void @empty_25" [./xf_autowhitebalance.hpp:184]   --->   Operation 29 'specpipeline' 'specpipeline_ln184' <Predicate = true> <Delay = 0.00>
ST_3 : Operation 30 [1/1] (0.00ns)   --->   "%speclooptripcount_ln183 = speclooptripcount void @_ssdm_op_SpecLoopTripCount, i64 3840, i64 3840, i64 3840" [./xf_autowhitebalance.hpp:183]   --->   Operation 30 'speclooptripcount' 'speclooptripcount_ln183' <Predicate = true> <Delay = 0.00>
ST_3 : Operation 31 [1/1] (0.00ns)   --->   "%specloopname_ln181 = specloopname void @_ssdm_op_SpecLoopName, void @empty" [./xf_autowhitebalance.hpp:181]   --->   Operation 31 'specloopname' 'specloopname_ln181' <Predicate = true> <Delay = 0.00>
ST_3 : Operation 32 [1/1] (0.78ns)   --->   "%icmp_ln204 = icmp_ult  i10 %val2, i10 %val3" [./xf_autowhitebalance.hpp:204]   --->   Operation 32 'icmp' 'icmp_ln204' <Predicate = true> <Delay = 0.78> <CoreInst = "Cmp">   --->   Core 9 'Cmp' <Latency = 0> <II = 1> <Delay = 0.78> <FuncUnit> <Opcode : 'seteq' 'setne' 'setle' 'setge' 'setlt' 'setgt'> <InPorts = 2> <OutPorts = 1>
ST_3 : Operation 33 [1/1] (0.40ns)   --->   "%select_ln204 = select i1 %icmp_ln204, i10 %val2, i10 %val3" [./xf_autowhitebalance.hpp:204]   --->   Operation 33 'select' 'select_ln204' <Predicate = true> <Delay = 0.40> <CoreInst = "Sel">   --->   Core 73 'Sel' <Latency = 0> <II = 1> <Delay = 0.40> <FuncUnit> <Opcode : 'select'> <InPorts = 3> <OutPorts = 1>
ST_3 : Operation 34 [1/1] (0.78ns)   --->   "%icmp_ln204_1 = icmp_ult  i10 %val1, i10 %select_ln204" [./xf_autowhitebalance.hpp:204]   --->   Operation 34 'icmp' 'icmp_ln204_1' <Predicate = true> <Delay = 0.78> <CoreInst = "Cmp">   --->   Core 9 'Cmp' <Latency = 0> <II = 1> <Delay = 0.78> <FuncUnit> <Opcode : 'seteq' 'setne' 'setle' 'setge' 'setlt' 'setgt'> <InPorts = 2> <OutPorts = 1>
ST_3 : Operation 35 [1/1] (0.00ns) (grouped into LUT with out node sub_ln207)   --->   "%minRGB = select i1 %icmp_ln204_1, i10 %val1, i10 %select_ln204" [./xf_autowhitebalance.hpp:204]   --->   Operation 35 'select' 'minRGB' <Predicate = true> <Delay = 0.00> <CoreInst = "Sel">   --->   Core 73 'Sel' <Latency = 0> <II = 1> <Delay = 0.40> <FuncUnit> <Opcode : 'select'> <InPorts = 3> <OutPorts = 1>
ST_3 : Operation 36 [1/1] (0.00ns) (grouped into LUT with out node sub_ln207)   --->   "%zext_ln150 = zext i10 %minRGB" [./xf_autowhitebalance.hpp:150]   --->   Operation 36 'zext' 'zext_ln150' <Predicate = true> <Delay = 0.00>
ST_3 : Operation 37 [1/1] (0.78ns)   --->   "%icmp_ln205 = icmp_ugt  i10 %val2, i10 %val3" [./xf_autowhitebalance.hpp:205]   --->   Operation 37 'icmp' 'icmp_ln205' <Predicate = true> <Delay = 0.78> <CoreInst = "Cmp">   --->   Core 9 'Cmp' <Latency = 0> <II = 1> <Delay = 0.78> <FuncUnit> <Opcode : 'seteq' 'setne' 'setle' 'setge' 'setlt' 'setgt'> <InPorts = 2> <OutPorts = 1>
ST_3 : Operation 38 [1/1] (0.40ns)   --->   "%select_ln205 = select i1 %icmp_ln205, i10 %val2, i10 %val3" [./xf_autowhitebalance.hpp:205]   --->   Operation 38 'select' 'select_ln205' <Predicate = true> <Delay = 0.40> <CoreInst = "Sel">   --->   Core 73 'Sel' <Latency = 0> <II = 1> <Delay = 0.40> <FuncUnit> <Opcode : 'select'> <InPorts = 3> <OutPorts = 1>
ST_3 : Operation 39 [1/1] (0.78ns)   --->   "%icmp_ln205_1 = icmp_ugt  i10 %val1, i10 %select_ln205" [./xf_autowhitebalance.hpp:205]   --->   Operation 39 'icmp' 'icmp_ln205_1' <Predicate = true> <Delay = 0.78> <CoreInst = "Cmp">   --->   Core 9 'Cmp' <Latency = 0> <II = 1> <Delay = 0.78> <FuncUnit> <Opcode : 'seteq' 'setne' 'setle' 'setge' 'setlt' 'setgt'> <InPorts = 2> <OutPorts = 1>
ST_3 : Operation 40 [1/1] (0.40ns)   --->   "%maxRGB = select i1 %icmp_ln205_1, i10 %val1, i10 %select_ln205" [./xf_autowhitebalance.hpp:205]   --->   Operation 40 'select' 'maxRGB' <Predicate = true> <Delay = 0.40> <CoreInst = "Sel">   --->   Core 73 'Sel' <Latency = 0> <II = 1> <Delay = 0.40> <FuncUnit> <Opcode : 'select'> <InPorts = 3> <OutPorts = 1>
ST_3 : Operation 41 [1/1] (0.00ns) (grouped into LUT with out node sub_ln207)   --->   "%zext_ln150_1 = zext i10 %maxRGB" [./xf_autowhitebalance.hpp:150]   --->   Operation 41 'zext' 'zext_ln150_1' <Predicate = true> <Delay = 0.00>
ST_3 : Operation 42 [1/1] (0.78ns) (out node of the LUT)   --->   "%sub_ln207 = sub i11 %zext_ln150_1, i11 %zext_ln150" [./xf_autowhitebalance.hpp:207]   --->   Operation 42 'sub' 'sub_ln207' <Predicate = true> <Delay = 0.78> <CoreInst = "Adder">   --->   Core 1 'Adder' <Latency = 0> <II = 1> <Delay = 0.79> <FuncUnit> <Opcode : 'add' 'sub'> <InPorts = 2> <OutPorts = 1>
ST_3 : Operation 43 [1/1] (0.00ns)   --->   "%sext_ln207 = sext i11 %sub_ln207" [./xf_autowhitebalance.hpp:207]   --->   Operation 43 'sext' 'sext_ln207' <Predicate = true> <Delay = 0.00>
ST_3 : Operation 44 [1/1] (0.00ns)   --->   "%tmp = bitconcatenate i21 @_ssdm_op_BitConcatenate.i21.i11.i10, i11 %sub_ln207, i10 0" [./xf_autowhitebalance.hpp:207]   --->   Operation 44 'bitconcatenate' 'tmp' <Predicate = true> <Delay = 0.00>
ST_3 : Operation 45 [1/1] (0.00ns)   --->   "%sext_ln207_2 = sext i21 %tmp" [./xf_autowhitebalance.hpp:207]   --->   Operation 45 'sext' 'sext_ln207_2' <Predicate = true> <Delay = 0.00>
ST_3 : Operation 46 [1/1] (0.90ns)   --->   "%sub_ln207_1 = sub i22 %sext_ln207_2, i22 %sext_ln207" [./xf_autowhitebalance.hpp:207]   --->   Operation 46 'sub' 'sub_ln207_1' <Predicate = true> <Delay = 0.90> <CoreInst = "Adder">   --->   Core 1 'Adder' <Latency = 0> <II = 1> <Delay = 0.91> <FuncUnit> <Opcode : 'add' 'sub'> <InPorts = 2> <OutPorts = 1>
ST_3 : Operation 47 [1/1] (0.00ns)   --->   "%zext_ln207 = zext i10 %maxRGB" [./xf_autowhitebalance.hpp:207]   --->   Operation 47 'zext' 'zext_ln207' <Predicate = true> <Delay = 0.00>
ST_3 : Operation 48 [1/1] (3.42ns)   --->   "%mul_ln207 = mul i42 %zext_ln176_cast_cast, i42 %zext_ln207" [./xf_autowhitebalance.hpp:207]   --->   Operation 48 'mul' 'mul_ln207' <Predicate = true> <Delay = 3.42> <CoreInst = "Multiplier">   --->   Core 3 'Multiplier' <Latency = 0> <II = 1> <Delay = 3.42> <FuncUnit> <Opcode : 'mul'> <InPorts = 2> <OutPorts = 1>
ST_3 : Operation 49 [1/1] (0.00ns)   --->   "%zext_ln207_1 = zext i42 %mul_ln207" [./xf_autowhitebalance.hpp:207]   --->   Operation 49 'zext' 'zext_ln207_1' <Predicate = true> <Delay = 0.00>
ST_3 : Operation 50 [1/1] (0.00ns)   --->   "%sext_ln207_1 = sext i22 %sub_ln207_1" [./xf_autowhitebalance.hpp:207]   --->   Operation 50 'sext' 'sext_ln207_1' <Predicate = true> <Delay = 0.00>
ST_3 : Operation 51 [1/1] (1.04ns)   --->   "%icmp_ln207 = icmp_slt  i43 %zext_ln207_1, i43 %sext_ln207_1" [./xf_autowhitebalance.hpp:207]   --->   Operation 51 'icmp' 'icmp_ln207' <Predicate = true> <Delay = 1.04> <CoreInst = "Cmp">   --->   Core 9 'Cmp' <Latency = 0> <II = 1> <Delay = 1.05> <FuncUnit> <Opcode : 'seteq' 'setne' 'setle' 'setge' 'setlt' 'setgt'> <InPorts = 2> <OutPorts = 1>
ST_3 : Operation 52 [1/1] (0.00ns)   --->   "%zext_ln209 = zext i10 %val1" [./xf_autowhitebalance.hpp:209]   --->   Operation 52 'zext' 'zext_ln209' <Predicate = true> <Delay = 0.00>
ST_3 : Operation 53 [1/1] (1.03ns)   --->   "%add_ln209 = add i40 %add_i_i94833_out_load, i40 %zext_ln209" [./xf_autowhitebalance.hpp:209]   --->   Operation 53 'add' 'add_ln209' <Predicate = true> <Delay = 1.03> <CoreInst = "Adder">   --->   Core 1 'Adder' <Latency = 0> <II = 1> <Delay = 1.03> <FuncUnit> <Opcode : 'add' 'sub'> <InPorts = 2> <OutPorts = 1>
ST_3 : Operation 54 [1/1] (0.00ns)   --->   "%zext_ln210 = zext i10 %val2" [./xf_autowhitebalance.hpp:210]   --->   Operation 54 'zext' 'zext_ln210' <Predicate = true> <Delay = 0.00>
ST_3 : Operation 55 [1/1] (1.03ns)   --->   "%add_ln210 = add i40 %add_i_i85735_out_load, i40 %zext_ln210" [./xf_autowhitebalance.hpp:210]   --->   Operation 55 'add' 'add_ln210' <Predicate = true> <Delay = 1.03> <CoreInst = "Adder">   --->   Core 1 'Adder' <Latency = 0> <II = 1> <Delay = 1.03> <FuncUnit> <Opcode : 'add' 'sub'> <InPorts = 2> <OutPorts = 1>
ST_3 : Operation 56 [1/1] (0.00ns)   --->   "%zext_ln211 = zext i10 %val3" [./xf_autowhitebalance.hpp:211]   --->   Operation 56 'zext' 'zext_ln211' <Predicate = true> <Delay = 0.00>
ST_3 : Operation 57 [1/1] (1.03ns)   --->   "%add_ln211 = add i40 %add_i_i76837_out_load, i40 %zext_ln211" [./xf_autowhitebalance.hpp:211]   --->   Operation 57 'add' 'add_ln211' <Predicate = true> <Delay = 1.03> <CoreInst = "Adder">   --->   Core 1 'Adder' <Latency = 0> <II = 1> <Delay = 1.03> <FuncUnit> <Opcode : 'add' 'sub'> <InPorts = 2> <OutPorts = 1>
ST_3 : Operation 58 [1/1] (0.31ns)   --->   "%add_i_i76836 = select i1 %icmp_ln207, i40 %add_i_i76837_out_load, i40 %add_ln211" [./xf_autowhitebalance.hpp:207]   --->   Operation 58 'select' 'add_i_i76836' <Predicate = true> <Delay = 0.31> <CoreInst = "Sel">   --->   Core 73 'Sel' <Latency = 0> <II = 1> <Delay = 0.31> <FuncUnit> <Opcode : 'select'> <InPorts = 3> <OutPorts = 1>
ST_3 : Operation 59 [1/1] (0.31ns)   --->   "%add_i_i85734 = select i1 %icmp_ln207, i40 %add_i_i85735_out_load, i40 %add_ln210" [./xf_autowhitebalance.hpp:207]   --->   Operation 59 'select' 'add_i_i85734' <Predicate = true> <Delay = 0.31> <CoreInst = "Sel">   --->   Core 73 'Sel' <Latency = 0> <II = 1> <Delay = 0.31> <FuncUnit> <Opcode : 'select'> <InPorts = 3> <OutPorts = 1>
ST_3 : Operation 60 [1/1] (0.31ns)   --->   "%add_i_i94832 = select i1 %icmp_ln207, i40 %add_i_i94833_out_load, i40 %add_ln209" [./xf_autowhitebalance.hpp:207]   --->   Operation 60 'select' 'add_i_i94832' <Predicate = true> <Delay = 0.31> <CoreInst = "Sel">   --->   Core 73 'Sel' <Latency = 0> <II = 1> <Delay = 0.31> <FuncUnit> <Opcode : 'select'> <InPorts = 3> <OutPorts = 1>
ST_3 : Operation 61 [1/1] (0.00ns)   --->   "%store_ln207 = store i40 %add_i_i76836, i40 %add_i_i76837_out" [./xf_autowhitebalance.hpp:207]   --->   Operation 61 'store' 'store_ln207' <Predicate = true> <Delay = 0.00>
ST_3 : Operation 62 [1/1] (0.00ns)   --->   "%store_ln207 = store i40 %add_i_i85734, i40 %add_i_i85735_out" [./xf_autowhitebalance.hpp:207]   --->   Operation 62 'store' 'store_ln207' <Predicate = true> <Delay = 0.00>
ST_3 : Operation 63 [1/1] (0.00ns)   --->   "%store_ln207 = store i40 %add_i_i94832, i40 %add_i_i94833_out" [./xf_autowhitebalance.hpp:207]   --->   Operation 63 'store' 'store_ln207' <Predicate = true> <Delay = 0.00>
ST_3 : Operation 64 [1/1] (0.00ns)   --->   "%br_ln181 = br void %PLANES_LOOP" [./xf_autowhitebalance.hpp:181]   --->   Operation 64 'br' 'br_ln181' <Predicate = true> <Delay = 0.00>


============================================================
+ Verbose Summary: Binding
============================================================
STG Binding: 
---------------- STG Properties BEGIN ----------------
- Is combinational: 0
- Is one-state seq: 0
- Is datapath-only: 0
- Is pipelined: 0
- Is top level: 0
Port [ Return ] is wired: 1; IO mode=ap_ctrl_hs:ce=0
Port [ src1_cols_val]:  wired=1; compound=0; hidden=0; nouse=0; global=0; static=0; extern=0; dir=0; type=0; pingpong=0; private_global=0; IO mode=ap_stable:ce=0
Port [ in_mat_data]:  wired=1; compound=1; hidden=0; nouse=0; global=0; static=0; extern=0; dir=0; type=3; pingpong=0; private_global=0; IO mode=ap_fifo:ce=0
Port [ impop_data]:  wired=1; compound=1; hidden=0; nouse=0; global=0; static=0; extern=0; dir=1; type=3; pingpong=0; private_global=0; IO mode=ap_fifo:ce=0
Port [ zext_ln176]:  wired=1; compound=0; hidden=0; nouse=0; global=0; static=0; extern=0; dir=0; type=0; pingpong=0; private_global=0; IO mode=ap_none:ce=0
Port [ add_i_i76837_out]:  wired=1; compound=0; hidden=0; nouse=0; global=0; static=0; extern=0; dir=2; type=0; pingpong=0; private_global=0; IO mode=ap_ovld:ce=0
Port [ add_i_i85735_out]:  wired=1; compound=0; hidden=0; nouse=0; global=0; static=0; extern=0; dir=2; type=0; pingpong=0; private_global=0; IO mode=ap_ovld:ce=0
Port [ add_i_i94833_out]:  wired=1; compound=0; hidden=0; nouse=0; global=0; static=0; extern=0; dir=2; type=0; pingpong=0; private_global=0; IO mode=ap_ovld:ce=0
---------------- STG Properties END ------------------

---------------- Datapath Model BEGIN ----------------

<LifeTime>
<method=bitvector/>
j                       (alloca           ) [ 0100]
zext_ln176_read         (read             ) [ 0000]
src1_cols_val_read      (read             ) [ 0000]
zext_ln176_cast         (sext             ) [ 0000]
zext_ln176_cast_cast    (zext             ) [ 0111]
specstablecontent_ln0   (specstablecontent) [ 0000]
specinterface_ln0       (specinterface    ) [ 0000]
specinterface_ln0       (specinterface    ) [ 0000]
store_ln135             (store            ) [ 0000]
br_ln181                (br               ) [ 0000]
j_7                     (load             ) [ 0000]
icmp_ln181              (icmp             ) [ 0110]
j_8                     (add              ) [ 0000]
br_ln181                (br               ) [ 0000]
store_ln135             (store            ) [ 0000]
in_buf                  (read             ) [ 0000]
write_ln554             (write            ) [ 0000]
val1                    (trunc            ) [ 0101]
val2                    (partselect       ) [ 0101]
val3                    (partselect       ) [ 0101]
add_i_i94833_out_load   (load             ) [ 0000]
add_i_i85735_out_load   (load             ) [ 0000]
add_i_i76837_out_load   (load             ) [ 0000]
specpipeline_ln184      (specpipeline     ) [ 0000]
speclooptripcount_ln183 (speclooptripcount) [ 0000]
specloopname_ln181      (specloopname     ) [ 0000]
icmp_ln204              (icmp             ) [ 0000]
select_ln204            (select           ) [ 0000]
icmp_ln204_1            (icmp             ) [ 0000]
minRGB                  (select           ) [ 0000]
zext_ln150              (zext             ) [ 0000]
icmp_ln205              (icmp             ) [ 0000]
select_ln205            (select           ) [ 0000]
icmp_ln205_1            (icmp             ) [ 0000]
maxRGB                  (select           ) [ 0000]
zext_ln150_1            (zext             ) [ 0000]
sub_ln207               (sub              ) [ 0000]
sext_ln207              (sext             ) [ 0000]
tmp                     (bitconcatenate   ) [ 0000]
sext_ln207_2            (sext             ) [ 0000]
sub_ln207_1             (sub              ) [ 0000]
zext_ln207              (zext             ) [ 0000]
mul_ln207               (mul              ) [ 0000]
zext_ln207_1            (zext             ) [ 0000]
sext_ln207_1            (sext             ) [ 0000]
icmp_ln207              (icmp             ) [ 0000]
zext_ln209              (zext             ) [ 0000]
add_ln209               (add              ) [ 0000]
zext_ln210              (zext             ) [ 0000]
add_ln210               (add              ) [ 0000]
zext_ln211              (zext             ) [ 0000]
add_ln211               (add              ) [ 0000]
add_i_i76836            (select           ) [ 0000]
add_i_i85734            (select           ) [ 0000]
add_i_i94832            (select           ) [ 0000]
store_ln207             (store            ) [ 0000]
store_ln207             (store            ) [ 0000]
store_ln207             (store            ) [ 0000]
br_ln181                (br               ) [ 0000]
ret_ln0                 (ret              ) [ 0000]
</LifeTime>

<model>

<comp_list>
<comp id="0" class="1000" name="src1_cols_val">
<pin_list>
<pin id="1" dir="1" index="0" bw="1" slack="0"/>
</pin_list>
<bind>
<StgValue><ssdm name="src1_cols_val"/></StgValue>
</bind>
</comp>

<comp id="2" class="1000" name="in_mat_data">
<pin_list>
<pin id="3" dir="1" index="0" bw="1" slack="0"/>
</pin_list>
<bind>
<StgValue><ssdm name="in_mat_data"/></StgValue>
</bind>
</comp>

<comp id="4" class="1000" name="impop_data">
<pin_list>
<pin id="5" dir="1" index="0" bw="1" slack="0"/>
</pin_list>
<bind>
<StgValue><ssdm name="impop_data"/></StgValue>
</bind>
</comp>

<comp id="6" class="1000" name="zext_ln176">
<pin_list>
<pin id="7" dir="1" index="0" bw="1" slack="0"/>
</pin_list>
<bind>
<StgValue><ssdm name="zext_ln176"/></StgValue>
</bind>
</comp>

<comp id="8" class="1000" name="add_i_i76837_out">
<pin_list>
<pin id="9" dir="1" index="0" bw="1" slack="0"/>
</pin_list>
<bind>
<StgValue><ssdm name="add_i_i76837_out"/></StgValue>
</bind>
</comp>

<comp id="10" class="1000" name="add_i_i85735_out">
<pin_list>
<pin id="11" dir="1" index="0" bw="1" slack="0"/>
</pin_list>
<bind>
<StgValue><ssdm name="add_i_i85735_out"/></StgValue>
</bind>
</comp>

<comp id="12" class="1000" name="add_i_i94833_out">
<pin_list>
<pin id="13" dir="1" index="0" bw="1" slack="0"/>
</pin_list>
<bind>
<StgValue><ssdm name="add_i_i94833_out"/></StgValue>
</bind>
</comp>

<comp id="14" class="1001" name="const_14">
<pin_list>
<pin id="15" dir="1" index="0" bw="1" slack="0"/>
</pin_list>
<bind>
<StgValue><ssdm name=""/></StgValue>
</bind>
</comp>

<comp id="16" class="1001" name="const_16">
<pin_list>
<pin id="17" dir="1" index="0" bw="1" slack="0"/>
</pin_list>
<bind>
<StgValue><ssdm name="_ssdm_op_Read.ap_auto.i19"/></StgValue>
</bind>
</comp>

<comp id="18" class="1001" name="const_18">
<pin_list>
<pin id="19" dir="1" index="0" bw="1" slack="0"/>
</pin_list>
<bind>
<StgValue><ssdm name="_ssdm_op_Read.ap_auto.i12"/></StgValue>
</bind>
</comp>

<comp id="20" class="1001" name="const_20">
<pin_list>
<pin id="21" dir="1" index="0" bw="1" slack="2147483647"/>
</pin_list>
<bind>
<StgValue><ssdm name="_ssdm_op_SpecStableContent"/></StgValue>
</bind>
</comp>

<comp id="22" class="1001" name="const_22">
<pin_list>
<pin id="23" dir="1" index="0" bw="1" slack="2147483647"/>
</pin_list>
<bind>
<StgValue><ssdm name=""/></StgValue>
</bind>
</comp>

<comp id="24" class="1001" name="const_24">
<pin_list>
<pin id="25" dir="1" index="0" bw="1" slack="2147483647"/>
</pin_list>
<bind>
<StgValue><ssdm name="p_str"/></StgValue>
</bind>
</comp>

<comp id="26" class="1001" name="const_26">
<pin_list>
<pin id="27" dir="1" index="0" bw="1" slack="2147483647"/>
</pin_list>
<bind>
<StgValue><ssdm name="_ssdm_op_SpecInterface"/></StgValue>
</bind>
</comp>

<comp id="28" class="1001" name="const_28">
<pin_list>
<pin id="29" dir="1" index="0" bw="1" slack="2147483647"/>
</pin_list>
<bind>
<StgValue><ssdm name="empty_13"/></StgValue>
</bind>
</comp>

<comp id="30" class="1001" name="const_30">
<pin_list>
<pin id="31" dir="1" index="0" bw="1" slack="2147483647"/>
</pin_list>
<bind>
<StgValue><ssdm name=""/></StgValue>
</bind>
</comp>

<comp id="32" class="1001" name="const_32">
<pin_list>
<pin id="33" dir="1" index="0" bw="1" slack="2147483647"/>
</pin_list>
<bind>
<StgValue><ssdm name="empty_25"/></StgValue>
</bind>
</comp>

<comp id="34" class="1001" name="const_34">
<pin_list>
<pin id="35" dir="1" index="0" bw="1" slack="2147483647"/>
</pin_list>
<bind>
<StgValue><ssdm name=""/></StgValue>
</bind>
</comp>

<comp id="36" class="1001" name="const_36">
<pin_list>
<pin id="37" dir="1" index="0" bw="1" slack="0"/>
</pin_list>
<bind>
<StgValue><ssdm name=""/></StgValue>
</bind>
</comp>

<comp id="38" class="1001" name="const_38">
<pin_list>
<pin id="39" dir="1" index="0" bw="1" slack="0"/>
</pin_list>
<bind>
<StgValue><ssdm name=""/></StgValue>
</bind>
</comp>

<comp id="40" class="1001" name="const_40">
<pin_list>
<pin id="41" dir="1" index="0" bw="1" slack="0"/>
</pin_list>
<bind>
<StgValue><ssdm name="_ssdm_op_Read.ap_fifo.volatile.i30P0A"/></StgValue>
</bind>
</comp>

<comp id="42" class="1001" name="const_42">
<pin_list>
<pin id="43" dir="1" index="0" bw="1" slack="0"/>
</pin_list>
<bind>
<StgValue><ssdm name="_ssdm_op_Write.ap_fifo.volatile.i30P0A"/></StgValue>
</bind>
</comp>

<comp id="44" class="1001" name="const_44">
<pin_list>
<pin id="45" dir="1" index="0" bw="1" slack="0"/>
</pin_list>
<bind>
<StgValue><ssdm name="_ssdm_op_PartSelect.i10.i30.i32"/></StgValue>
</bind>
</comp>

<comp id="46" class="1001" name="const_46">
<pin_list>
<pin id="47" dir="1" index="0" bw="1" slack="0"/>
</pin_list>
<bind>
<StgValue><ssdm name=""/></StgValue>
</bind>
</comp>

<comp id="48" class="1001" name="const_48">
<pin_list>
<pin id="49" dir="1" index="0" bw="1" slack="0"/>
</pin_list>
<bind>
<StgValue><ssdm name=""/></StgValue>
</bind>
</comp>

<comp id="50" class="1001" name="const_50">
<pin_list>
<pin id="51" dir="1" index="0" bw="1" slack="2147483647"/>
</pin_list>
<bind>
<StgValue><ssdm name="_ssdm_op_SpecPipeline"/></StgValue>
</bind>
</comp>

<comp id="52" class="1001" name="const_52">
<pin_list>
<pin id="53" dir="1" index="0" bw="1" slack="2147483647"/>
</pin_list>
<bind>
<StgValue><ssdm name="_ssdm_op_SpecLoopTripCount"/></StgValue>
</bind>
</comp>

<comp id="54" class="1001" name="const_54">
<pin_list>
<pin id="55" dir="1" index="0" bw="1" slack="2147483647"/>
</pin_list>
<bind>
<StgValue><ssdm name=""/></StgValue>
</bind>
</comp>

<comp id="56" class="1001" name="const_56">
<pin_list>
<pin id="57" dir="1" index="0" bw="1" slack="2147483647"/>
</pin_list>
<bind>
<StgValue><ssdm name="_ssdm_op_SpecLoopName"/></StgValue>
</bind>
</comp>

<comp id="58" class="1001" name="const_58">
<pin_list>
<pin id="59" dir="1" index="0" bw="1" slack="2147483647"/>
</pin_list>
<bind>
<StgValue><ssdm name="empty"/></StgValue>
</bind>
</comp>

<comp id="60" class="1001" name="const_60">
<pin_list>
<pin id="61" dir="1" index="0" bw="1" slack="0"/>
</pin_list>
<bind>
<StgValue><ssdm name="_ssdm_op_BitConcatenate.i21.i11.i10"/></StgValue>
</bind>
</comp>

<comp id="62" class="1001" name="const_62">
<pin_list>
<pin id="63" dir="1" index="0" bw="1" slack="0"/>
</pin_list>
<bind>
<StgValue><ssdm name=""/></StgValue>
</bind>
</comp>

<comp id="64" class="1004" name="j_fu_64">
<pin_list>
<pin id="65" dir="0" index="0" bw="1" slack="0"/>
<pin id="66" dir="1" index="1" bw="12" slack="0"/>
</pin_list>
<bind>
<opcode="alloca(26) " fcode="alloca"/>
<opset="j/1 "/>
</bind>
</comp>

<comp id="68" class="1004" name="zext_ln176_read_read_fu_68">
<pin_list>
<pin id="69" dir="0" index="0" bw="19" slack="0"/>
<pin id="70" dir="0" index="1" bw="19" slack="0"/>
<pin id="71" dir="1" index="2" bw="19" slack="0"/>
</pin_list>
<bind>
<opcode="read(1150) " fcode="read"/>
<opset="zext_ln176_read/1 "/>
</bind>
</comp>

<comp id="74" class="1004" name="src1_cols_val_read_read_fu_74">
<pin_list>
<pin id="75" dir="0" index="0" bw="12" slack="0"/>
<pin id="76" dir="0" index="1" bw="12" slack="0"/>
<pin id="77" dir="1" index="2" bw="12" slack="0"/>
</pin_list>
<bind>
<opcode="read(1150) " fcode="read"/>
<opset="src1_cols_val_read/1 "/>
</bind>
</comp>

<comp id="80" class="1004" name="in_buf_read_fu_80">
<pin_list>
<pin id="81" dir="0" index="0" bw="30" slack="0"/>
<pin id="82" dir="0" index="1" bw="30" slack="0"/>
<pin id="83" dir="1" index="2" bw="30" slack="0"/>
</pin_list>
<bind>
<opcode="read(1150) " fcode="read"/>
<opset="in_buf/2 "/>
</bind>
</comp>

<comp id="86" class="1004" name="write_ln554_write_fu_86">
<pin_list>
<pin id="87" dir="0" index="0" bw="0" slack="0"/>
<pin id="88" dir="0" index="1" bw="30" slack="0"/>
<pin id="89" dir="0" index="2" bw="30" slack="0"/>
<pin id="90" dir="1" index="3" bw="0" slack="2147483647"/>
</pin_list>
<bind>
<opcode="write(1151) " fcode="write"/>
<opset="write_ln554/2 "/>
</bind>
</comp>

<comp id="94" class="1004" name="mul_ln207_fu_94">
<pin_list>
<pin id="95" dir="0" index="0" bw="32" slack="2"/>
<pin id="96" dir="0" index="1" bw="10" slack="0"/>
<pin id="97" dir="1" index="2" bw="42" slack="0"/>
</pin_list>
<bind>
<opcode="mul(12) " fcode="mul"/>
<opset="mul_ln207/3 "/>
</bind>
</comp>

<comp id="98" class="1004" name="zext_ln176_cast_fu_98">
<pin_list>
<pin id="99" dir="0" index="0" bw="19" slack="0"/>
<pin id="100" dir="1" index="1" bw="32" slack="0"/>
</pin_list>
<bind>
<opcode="sext(35) " fcode="sext"/>
<opset="zext_ln176_cast/1 "/>
</bind>
</comp>

<comp id="102" class="1004" name="zext_ln176_cast_cast_fu_102">
<pin_list>
<pin id="103" dir="0" index="0" bw="19" slack="0"/>
<pin id="104" dir="1" index="1" bw="42" slack="2"/>
</pin_list>
<bind>
<opcode="zext(34) " fcode="zext"/>
<opset="zext_ln176_cast_cast/1 "/>
</bind>
</comp>

<comp id="106" class="1004" name="store_ln135_store_fu_106">
<pin_list>
<pin id="107" dir="0" index="0" bw="1" slack="0"/>
<pin id="108" dir="0" index="1" bw="12" slack="0"/>
<pin id="109" dir="1" index="2" bw="0" slack="2147483647"/>
</pin_list>
<bind>
<opcode="store(28) " fcode="store"/>
<opset="store_ln135/1 "/>
</bind>
</comp>

<comp id="111" class="1004" name="j_7_load_fu_111">
<pin_list>
<pin id="112" dir="0" index="0" bw="12" slack="0"/>
<pin id="113" dir="1" index="1" bw="12" slack="0"/>
</pin_list>
<bind>
<opcode="load(27) " fcode="load"/>
<opset="j_7/1 "/>
</bind>
</comp>

<comp id="114" class="1004" name="icmp_ln181_fu_114">
<pin_list>
<pin id="115" dir="0" index="0" bw="12" slack="0"/>
<pin id="116" dir="0" index="1" bw="12" slack="0"/>
<pin id="117" dir="1" index="2" bw="1" slack="1"/>
</pin_list>
<bind>
<opcode="icmp(45) " fcode="icmp"/>
<opset="icmp_ln181/1 "/>
</bind>
</comp>

<comp id="120" class="1004" name="j_8_fu_120">
<pin_list>
<pin id="121" dir="0" index="0" bw="12" slack="0"/>
<pin id="122" dir="0" index="1" bw="1" slack="0"/>
<pin id="123" dir="1" index="2" bw="12" slack="0"/>
</pin_list>
<bind>
<opcode="add(8) " fcode="add"/>
<opset="j_8/1 "/>
</bind>
</comp>

<comp id="126" class="1004" name="store_ln135_store_fu_126">
<pin_list>
<pin id="127" dir="0" index="0" bw="12" slack="0"/>
<pin id="128" dir="0" index="1" bw="12" slack="0"/>
<pin id="129" dir="1" index="2" bw="0" slack="2147483647"/>
</pin_list>
<bind>
<opcode="store(28) " fcode="store"/>
<opset="store_ln135/1 "/>
</bind>
</comp>

<comp id="131" class="1004" name="val1_fu_131">
<pin_list>
<pin id="132" dir="0" index="0" bw="30" slack="0"/>
<pin id="133" dir="1" index="1" bw="10" slack="1"/>
</pin_list>
<bind>
<opcode="trunc(33) " fcode="trunc"/>
<opset="val1/2 "/>
</bind>
</comp>

<comp id="135" class="1004" name="val2_fu_135">
<pin_list>
<pin id="136" dir="0" index="0" bw="10" slack="0"/>
<pin id="137" dir="0" index="1" bw="30" slack="0"/>
<pin id="138" dir="0" index="2" bw="5" slack="0"/>
<pin id="139" dir="1" index="3" bw="10" slack="1"/>
</pin_list>
<bind>
<opcode="partselect(1002) " fcode="partselect"/>
<opset="val2/2 "/>
</bind>
</comp>

<comp id="143" class="1004" name="val3_fu_143">
<pin_list>
<pin id="144" dir="0" index="0" bw="10" slack="0"/>
<pin id="145" dir="0" index="1" bw="30" slack="0"/>
<pin id="146" dir="0" index="2" bw="6" slack="0"/>
<pin id="147" dir="1" index="3" bw="10" slack="1"/>
</pin_list>
<bind>
<opcode="partselect(1002) " fcode="partselect"/>
<opset="val3/2 "/>
</bind>
</comp>

<comp id="151" class="1004" name="add_i_i94833_out_load_load_fu_151">
<pin_list>
<pin id="152" dir="0" index="0" bw="40" slack="0"/>
<pin id="153" dir="1" index="1" bw="40" slack="0"/>
</pin_list>
<bind>
<opcode="load(27) " fcode="load"/>
<opset="add_i_i94833_out_load/3 "/>
</bind>
</comp>

<comp id="155" class="1004" name="add_i_i85735_out_load_load_fu_155">
<pin_list>
<pin id="156" dir="0" index="0" bw="40" slack="0"/>
<pin id="157" dir="1" index="1" bw="40" slack="0"/>
</pin_list>
<bind>
<opcode="load(27) " fcode="load"/>
<opset="add_i_i85735_out_load/3 "/>
</bind>
</comp>

<comp id="159" class="1004" name="add_i_i76837_out_load_load_fu_159">
<pin_list>
<pin id="160" dir="0" index="0" bw="40" slack="0"/>
<pin id="161" dir="1" index="1" bw="40" slack="0"/>
</pin_list>
<bind>
<opcode="load(27) " fcode="load"/>
<opset="add_i_i76837_out_load/3 "/>
</bind>
</comp>

<comp id="163" class="1004" name="icmp_ln204_fu_163">
<pin_list>
<pin id="164" dir="0" index="0" bw="10" slack="1"/>
<pin id="165" dir="0" index="1" bw="10" slack="1"/>
<pin id="166" dir="1" index="2" bw="1" slack="0"/>
</pin_list>
<bind>
<opcode="icmp(45) " fcode="icmp"/>
<opset="icmp_ln204/3 "/>
</bind>
</comp>

<comp id="167" class="1004" name="select_ln204_fu_167">
<pin_list>
<pin id="168" dir="0" index="0" bw="1" slack="0"/>
<pin id="169" dir="0" index="1" bw="10" slack="1"/>
<pin id="170" dir="0" index="2" bw="10" slack="1"/>
<pin id="171" dir="1" index="3" bw="10" slack="0"/>
</pin_list>
<bind>
<opcode="select(49) " fcode="select"/>
<opset="select_ln204/3 "/>
</bind>
</comp>

<comp id="173" class="1004" name="icmp_ln204_1_fu_173">
<pin_list>
<pin id="174" dir="0" index="0" bw="10" slack="1"/>
<pin id="175" dir="0" index="1" bw="10" slack="0"/>
<pin id="176" dir="1" index="2" bw="1" slack="0"/>
</pin_list>
<bind>
<opcode="icmp(45) " fcode="icmp"/>
<opset="icmp_ln204_1/3 "/>
</bind>
</comp>

<comp id="178" class="1004" name="minRGB_fu_178">
<pin_list>
<pin id="179" dir="0" index="0" bw="1" slack="0"/>
<pin id="180" dir="0" index="1" bw="10" slack="1"/>
<pin id="181" dir="0" index="2" bw="10" slack="0"/>
<pin id="182" dir="1" index="3" bw="10" slack="0"/>
</pin_list>
<bind>
<opcode="select(49) " fcode="select"/>
<opset="minRGB/3 "/>
</bind>
</comp>

<comp id="185" class="1004" name="zext_ln150_fu_185">
<pin_list>
<pin id="186" dir="0" index="0" bw="10" slack="0"/>
<pin id="187" dir="1" index="1" bw="11" slack="0"/>
</pin_list>
<bind>
<opcode="zext(34) " fcode="zext"/>
<opset="zext_ln150/3 "/>
</bind>
</comp>

<comp id="189" class="1004" name="icmp_ln205_fu_189">
<pin_list>
<pin id="190" dir="0" index="0" bw="10" slack="1"/>
<pin id="191" dir="0" index="1" bw="10" slack="1"/>
<pin id="192" dir="1" index="2" bw="1" slack="0"/>
</pin_list>
<bind>
<opcode="icmp(45) " fcode="icmp"/>
<opset="icmp_ln205/3 "/>
</bind>
</comp>

<comp id="193" class="1004" name="select_ln205_fu_193">
<pin_list>
<pin id="194" dir="0" index="0" bw="1" slack="0"/>
<pin id="195" dir="0" index="1" bw="10" slack="1"/>
<pin id="196" dir="0" index="2" bw="10" slack="1"/>
<pin id="197" dir="1" index="3" bw="10" slack="0"/>
</pin_list>
<bind>
<opcode="select(49) " fcode="select"/>
<opset="select_ln205/3 "/>
</bind>
</comp>

<comp id="199" class="1004" name="icmp_ln205_1_fu_199">
<pin_list>
<pin id="200" dir="0" index="0" bw="10" slack="1"/>
<pin id="201" dir="0" index="1" bw="10" slack="0"/>
<pin id="202" dir="1" index="2" bw="1" slack="0"/>
</pin_list>
<bind>
<opcode="icmp(45) " fcode="icmp"/>
<opset="icmp_ln205_1/3 "/>
</bind>
</comp>

<comp id="204" class="1004" name="maxRGB_fu_204">
<pin_list>
<pin id="205" dir="0" index="0" bw="1" slack="0"/>
<pin id="206" dir="0" index="1" bw="10" slack="1"/>
<pin id="207" dir="0" index="2" bw="10" slack="0"/>
<pin id="208" dir="1" index="3" bw="10" slack="0"/>
</pin_list>
<bind>
<opcode="select(49) " fcode="select"/>
<opset="maxRGB/3 "/>
</bind>
</comp>

<comp id="211" class="1004" name="zext_ln150_1_fu_211">
<pin_list>
<pin id="212" dir="0" index="0" bw="10" slack="0"/>
<pin id="213" dir="1" index="1" bw="11" slack="0"/>
</pin_list>
<bind>
<opcode="zext(34) " fcode="zext"/>
<opset="zext_ln150_1/3 "/>
</bind>
</comp>

<comp id="215" class="1004" name="sub_ln207_fu_215">
<pin_list>
<pin id="216" dir="0" index="0" bw="10" slack="0"/>
<pin id="217" dir="0" index="1" bw="10" slack="0"/>
<pin id="218" dir="1" index="2" bw="11" slack="0"/>
</pin_list>
<bind>
<opcode="sub(10) " fcode="sub"/>
<opset="sub_ln207/3 "/>
</bind>
</comp>

<comp id="221" class="1004" name="sext_ln207_fu_221">
<pin_list>
<pin id="222" dir="0" index="0" bw="11" slack="0"/>
<pin id="223" dir="1" index="1" bw="22" slack="0"/>
</pin_list>
<bind>
<opcode="sext(35) " fcode="sext"/>
<opset="sext_ln207/3 "/>
</bind>
</comp>

<comp id="225" class="1004" name="tmp_fu_225">
<pin_list>
<pin id="226" dir="0" index="0" bw="21" slack="0"/>
<pin id="227" dir="0" index="1" bw="11" slack="0"/>
<pin id="228" dir="0" index="2" bw="1" slack="0"/>
<pin id="229" dir="1" index="3" bw="21" slack="0"/>
</pin_list>
<bind>
<opcode="bitconcatenate(1004) " fcode="bitconcatenate"/>
<opset="tmp/3 "/>
</bind>
</comp>

<comp id="233" class="1004" name="sext_ln207_2_fu_233">
<pin_list>
<pin id="234" dir="0" index="0" bw="21" slack="0"/>
<pin id="235" dir="1" index="1" bw="22" slack="0"/>
</pin_list>
<bind>
<opcode="sext(35) " fcode="sext"/>
<opset="sext_ln207_2/3 "/>
</bind>
</comp>

<comp id="237" class="1004" name="sub_ln207_1_fu_237">
<pin_list>
<pin id="238" dir="0" index="0" bw="21" slack="0"/>
<pin id="239" dir="0" index="1" bw="11" slack="0"/>
<pin id="240" dir="1" index="2" bw="22" slack="0"/>
</pin_list>
<bind>
<opcode="sub(10) " fcode="sub"/>
<opset="sub_ln207_1/3 "/>
</bind>
</comp>

<comp id="243" class="1004" name="zext_ln207_fu_243">
<pin_list>
<pin id="244" dir="0" index="0" bw="10" slack="0"/>
<pin id="245" dir="1" index="1" bw="42" slack="0"/>
</pin_list>
<bind>
<opcode="zext(34) " fcode="zext"/>
<opset="zext_ln207/3 "/>
</bind>
</comp>

<comp id="248" class="1004" name="zext_ln207_1_fu_248">
<pin_list>
<pin id="249" dir="0" index="0" bw="42" slack="0"/>
<pin id="250" dir="1" index="1" bw="43" slack="0"/>
</pin_list>
<bind>
<opcode="zext(34) " fcode="zext"/>
<opset="zext_ln207_1/3 "/>
</bind>
</comp>

<comp id="252" class="1004" name="sext_ln207_1_fu_252">
<pin_list>
<pin id="253" dir="0" index="0" bw="22" slack="0"/>
<pin id="254" dir="1" index="1" bw="43" slack="0"/>
</pin_list>
<bind>
<opcode="sext(35) " fcode="sext"/>
<opset="sext_ln207_1/3 "/>
</bind>
</comp>

<comp id="256" class="1004" name="icmp_ln207_fu_256">
<pin_list>
<pin id="257" dir="0" index="0" bw="42" slack="0"/>
<pin id="258" dir="0" index="1" bw="42" slack="0"/>
<pin id="259" dir="1" index="2" bw="1" slack="0"/>
</pin_list>
<bind>
<opcode="icmp(45) " fcode="icmp"/>
<opset="icmp_ln207/3 "/>
</bind>
</comp>

<comp id="262" class="1004" name="zext_ln209_fu_262">
<pin_list>
<pin id="263" dir="0" index="0" bw="10" slack="1"/>
<pin id="264" dir="1" index="1" bw="40" slack="0"/>
</pin_list>
<bind>
<opcode="zext(34) " fcode="zext"/>
<opset="zext_ln209/3 "/>
</bind>
</comp>

<comp id="265" class="1004" name="add_ln209_fu_265">
<pin_list>
<pin id="266" dir="0" index="0" bw="40" slack="0"/>
<pin id="267" dir="0" index="1" bw="10" slack="0"/>
<pin id="268" dir="1" index="2" bw="40" slack="0"/>
</pin_list>
<bind>
<opcode="add(8) " fcode="add"/>
<opset="add_ln209/3 "/>
</bind>
</comp>

<comp id="271" class="1004" name="zext_ln210_fu_271">
<pin_list>
<pin id="272" dir="0" index="0" bw="10" slack="1"/>
<pin id="273" dir="1" index="1" bw="40" slack="0"/>
</pin_list>
<bind>
<opcode="zext(34) " fcode="zext"/>
<opset="zext_ln210/3 "/>
</bind>
</comp>

<comp id="274" class="1004" name="add_ln210_fu_274">
<pin_list>
<pin id="275" dir="0" index="0" bw="40" slack="0"/>
<pin id="276" dir="0" index="1" bw="10" slack="0"/>
<pin id="277" dir="1" index="2" bw="40" slack="0"/>
</pin_list>
<bind>
<opcode="add(8) " fcode="add"/>
<opset="add_ln210/3 "/>
</bind>
</comp>

<comp id="280" class="1004" name="zext_ln211_fu_280">
<pin_list>
<pin id="281" dir="0" index="0" bw="10" slack="1"/>
<pin id="282" dir="1" index="1" bw="40" slack="0"/>
</pin_list>
<bind>
<opcode="zext(34) " fcode="zext"/>
<opset="zext_ln211/3 "/>
</bind>
</comp>

<comp id="283" class="1004" name="add_ln211_fu_283">
<pin_list>
<pin id="284" dir="0" index="0" bw="40" slack="0"/>
<pin id="285" dir="0" index="1" bw="10" slack="0"/>
<pin id="286" dir="1" index="2" bw="40" slack="0"/>
</pin_list>
<bind>
<opcode="add(8) " fcode="add"/>
<opset="add_ln211/3 "/>
</bind>
</comp>

<comp id="289" class="1004" name="add_i_i76836_fu_289">
<pin_list>
<pin id="290" dir="0" index="0" bw="1" slack="0"/>
<pin id="291" dir="0" index="1" bw="40" slack="0"/>
<pin id="292" dir="0" index="2" bw="40" slack="0"/>
<pin id="293" dir="1" index="3" bw="40" slack="0"/>
</pin_list>
<bind>
<opcode="select(49) " fcode="select"/>
<opset="add_i_i76836/3 "/>
</bind>
</comp>

<comp id="297" class="1004" name="add_i_i85734_fu_297">
<pin_list>
<pin id="298" dir="0" index="0" bw="1" slack="0"/>
<pin id="299" dir="0" index="1" bw="40" slack="0"/>
<pin id="300" dir="0" index="2" bw="40" slack="0"/>
<pin id="301" dir="1" index="3" bw="40" slack="0"/>
</pin_list>
<bind>
<opcode="select(49) " fcode="select"/>
<opset="add_i_i85734/3 "/>
</bind>
</comp>

<comp id="305" class="1004" name="add_i_i94832_fu_305">
<pin_list>
<pin id="306" dir="0" index="0" bw="1" slack="0"/>
<pin id="307" dir="0" index="1" bw="40" slack="0"/>
<pin id="308" dir="0" index="2" bw="40" slack="0"/>
<pin id="309" dir="1" index="3" bw="40" slack="0"/>
</pin_list>
<bind>
<opcode="select(49) " fcode="select"/>
<opset="add_i_i94832/3 "/>
</bind>
</comp>

<comp id="313" class="1004" name="store_ln207_store_fu_313">
<pin_list>
<pin id="314" dir="0" index="0" bw="40" slack="0"/>
<pin id="315" dir="0" index="1" bw="40" slack="0"/>
<pin id="316" dir="1" index="2" bw="0" slack="2147483647"/>
</pin_list>
<bind>
<opcode="store(28) " fcode="store"/>
<opset="store_ln207/3 "/>
</bind>
</comp>

<comp id="319" class="1004" name="store_ln207_store_fu_319">
<pin_list>
<pin id="320" dir="0" index="0" bw="40" slack="0"/>
<pin id="321" dir="0" index="1" bw="40" slack="0"/>
<pin id="322" dir="1" index="2" bw="0" slack="2147483647"/>
</pin_list>
<bind>
<opcode="store(28) " fcode="store"/>
<opset="store_ln207/3 "/>
</bind>
</comp>

<comp id="325" class="1004" name="store_ln207_store_fu_325">
<pin_list>
<pin id="326" dir="0" index="0" bw="40" slack="0"/>
<pin id="327" dir="0" index="1" bw="40" slack="0"/>
<pin id="328" dir="1" index="2" bw="0" slack="2147483647"/>
</pin_list>
<bind>
<opcode="store(28) " fcode="store"/>
<opset="store_ln207/3 "/>
</bind>
</comp>

<comp id="331" class="1005" name="j_reg_331">
<pin_list>
<pin id="332" dir="0" index="0" bw="12" slack="0"/>
<pin id="333" dir="1" index="1" bw="12" slack="0"/>
</pin_list>
<bind>
<opset="j "/>
</bind>
</comp>

<comp id="338" class="1005" name="zext_ln176_cast_cast_reg_338">
<pin_list>
<pin id="339" dir="0" index="0" bw="42" slack="2"/>
<pin id="340" dir="1" index="1" bw="42" slack="2"/>
</pin_list>
<bind>
<opset="zext_ln176_cast_cast "/>
</bind>
</comp>

<comp id="343" class="1005" name="icmp_ln181_reg_343">
<pin_list>
<pin id="344" dir="0" index="0" bw="1" slack="1"/>
<pin id="345" dir="1" index="1" bw="1" slack="2147483647"/>
</pin_list>
<bind>
<opset="icmp_ln181 "/>
</bind>
</comp>

<comp id="347" class="1005" name="val1_reg_347">
<pin_list>
<pin id="348" dir="0" index="0" bw="10" slack="1"/>
<pin id="349" dir="1" index="1" bw="10" slack="1"/>
</pin_list>
<bind>
<opset="val1 "/>
</bind>
</comp>

<comp id="356" class="1005" name="val2_reg_356">
<pin_list>
<pin id="357" dir="0" index="0" bw="10" slack="1"/>
<pin id="358" dir="1" index="1" bw="10" slack="1"/>
</pin_list>
<bind>
<opset="val2 "/>
</bind>
</comp>

<comp id="365" class="1005" name="val3_reg_365">
<pin_list>
<pin id="366" dir="0" index="0" bw="10" slack="1"/>
<pin id="367" dir="1" index="1" bw="10" slack="1"/>
</pin_list>
<bind>
<opset="val3 "/>
</bind>
</comp>

</comp_list>

<net_list>
<net id="67"><net_src comp="14" pin="0"/><net_sink comp="64" pin=0"/></net>

<net id="72"><net_src comp="16" pin="0"/><net_sink comp="68" pin=0"/></net>

<net id="73"><net_src comp="6" pin="0"/><net_sink comp="68" pin=1"/></net>

<net id="78"><net_src comp="18" pin="0"/><net_sink comp="74" pin=0"/></net>

<net id="79"><net_src comp="0" pin="0"/><net_sink comp="74" pin=1"/></net>

<net id="84"><net_src comp="40" pin="0"/><net_sink comp="80" pin=0"/></net>

<net id="85"><net_src comp="2" pin="0"/><net_sink comp="80" pin=1"/></net>

<net id="91"><net_src comp="42" pin="0"/><net_sink comp="86" pin=0"/></net>

<net id="92"><net_src comp="4" pin="0"/><net_sink comp="86" pin=1"/></net>

<net id="93"><net_src comp="80" pin="2"/><net_sink comp="86" pin=2"/></net>

<net id="101"><net_src comp="68" pin="2"/><net_sink comp="98" pin=0"/></net>

<net id="105"><net_src comp="98" pin="1"/><net_sink comp="102" pin=0"/></net>

<net id="110"><net_src comp="36" pin="0"/><net_sink comp="106" pin=0"/></net>

<net id="118"><net_src comp="111" pin="1"/><net_sink comp="114" pin=0"/></net>

<net id="119"><net_src comp="74" pin="2"/><net_sink comp="114" pin=1"/></net>

<net id="124"><net_src comp="111" pin="1"/><net_sink comp="120" pin=0"/></net>

<net id="125"><net_src comp="38" pin="0"/><net_sink comp="120" pin=1"/></net>

<net id="130"><net_src comp="120" pin="2"/><net_sink comp="126" pin=0"/></net>

<net id="134"><net_src comp="80" pin="2"/><net_sink comp="131" pin=0"/></net>

<net id="140"><net_src comp="44" pin="0"/><net_sink comp="135" pin=0"/></net>

<net id="141"><net_src comp="80" pin="2"/><net_sink comp="135" pin=1"/></net>

<net id="142"><net_src comp="46" pin="0"/><net_sink comp="135" pin=2"/></net>

<net id="148"><net_src comp="44" pin="0"/><net_sink comp="143" pin=0"/></net>

<net id="149"><net_src comp="80" pin="2"/><net_sink comp="143" pin=1"/></net>

<net id="150"><net_src comp="48" pin="0"/><net_sink comp="143" pin=2"/></net>

<net id="154"><net_src comp="12" pin="0"/><net_sink comp="151" pin=0"/></net>

<net id="158"><net_src comp="10" pin="0"/><net_sink comp="155" pin=0"/></net>

<net id="162"><net_src comp="8" pin="0"/><net_sink comp="159" pin=0"/></net>

<net id="172"><net_src comp="163" pin="2"/><net_sink comp="167" pin=0"/></net>

<net id="177"><net_src comp="167" pin="3"/><net_sink comp="173" pin=1"/></net>

<net id="183"><net_src comp="173" pin="2"/><net_sink comp="178" pin=0"/></net>

<net id="184"><net_src comp="167" pin="3"/><net_sink comp="178" pin=2"/></net>

<net id="188"><net_src comp="178" pin="3"/><net_sink comp="185" pin=0"/></net>

<net id="198"><net_src comp="189" pin="2"/><net_sink comp="193" pin=0"/></net>

<net id="203"><net_src comp="193" pin="3"/><net_sink comp="199" pin=1"/></net>

<net id="209"><net_src comp="199" pin="2"/><net_sink comp="204" pin=0"/></net>

<net id="210"><net_src comp="193" pin="3"/><net_sink comp="204" pin=2"/></net>

<net id="214"><net_src comp="204" pin="3"/><net_sink comp="211" pin=0"/></net>

<net id="219"><net_src comp="211" pin="1"/><net_sink comp="215" pin=0"/></net>

<net id="220"><net_src comp="185" pin="1"/><net_sink comp="215" pin=1"/></net>

<net id="224"><net_src comp="215" pin="2"/><net_sink comp="221" pin=0"/></net>

<net id="230"><net_src comp="60" pin="0"/><net_sink comp="225" pin=0"/></net>

<net id="231"><net_src comp="215" pin="2"/><net_sink comp="225" pin=1"/></net>

<net id="232"><net_src comp="62" pin="0"/><net_sink comp="225" pin=2"/></net>

<net id="236"><net_src comp="225" pin="3"/><net_sink comp="233" pin=0"/></net>

<net id="241"><net_src comp="233" pin="1"/><net_sink comp="237" pin=0"/></net>

<net id="242"><net_src comp="221" pin="1"/><net_sink comp="237" pin=1"/></net>

<net id="246"><net_src comp="204" pin="3"/><net_sink comp="243" pin=0"/></net>

<net id="247"><net_src comp="243" pin="1"/><net_sink comp="94" pin=1"/></net>

<net id="251"><net_src comp="94" pin="2"/><net_sink comp="248" pin=0"/></net>

<net id="255"><net_src comp="237" pin="2"/><net_sink comp="252" pin=0"/></net>

<net id="260"><net_src comp="248" pin="1"/><net_sink comp="256" pin=0"/></net>

<net id="261"><net_src comp="252" pin="1"/><net_sink comp="256" pin=1"/></net>

<net id="269"><net_src comp="151" pin="1"/><net_sink comp="265" pin=0"/></net>

<net id="270"><net_src comp="262" pin="1"/><net_sink comp="265" pin=1"/></net>

<net id="278"><net_src comp="155" pin="1"/><net_sink comp="274" pin=0"/></net>

<net id="279"><net_src comp="271" pin="1"/><net_sink comp="274" pin=1"/></net>

<net id="287"><net_src comp="159" pin="1"/><net_sink comp="283" pin=0"/></net>

<net id="288"><net_src comp="280" pin="1"/><net_sink comp="283" pin=1"/></net>

<net id="294"><net_src comp="256" pin="2"/><net_sink comp="289" pin=0"/></net>

<net id="295"><net_src comp="159" pin="1"/><net_sink comp="289" pin=1"/></net>

<net id="296"><net_src comp="283" pin="2"/><net_sink comp="289" pin=2"/></net>

<net id="302"><net_src comp="256" pin="2"/><net_sink comp="297" pin=0"/></net>

<net id="303"><net_src comp="155" pin="1"/><net_sink comp="297" pin=1"/></net>

<net id="304"><net_src comp="274" pin="2"/><net_sink comp="297" pin=2"/></net>

<net id="310"><net_src comp="256" pin="2"/><net_sink comp="305" pin=0"/></net>

<net id="311"><net_src comp="151" pin="1"/><net_sink comp="305" pin=1"/></net>

<net id="312"><net_src comp="265" pin="2"/><net_sink comp="305" pin=2"/></net>

<net id="317"><net_src comp="289" pin="3"/><net_sink comp="313" pin=0"/></net>

<net id="318"><net_src comp="8" pin="0"/><net_sink comp="313" pin=1"/></net>

<net id="323"><net_src comp="297" pin="3"/><net_sink comp="319" pin=0"/></net>

<net id="324"><net_src comp="10" pin="0"/><net_sink comp="319" pin=1"/></net>

<net id="329"><net_src comp="305" pin="3"/><net_sink comp="325" pin=0"/></net>

<net id="330"><net_src comp="12" pin="0"/><net_sink comp="325" pin=1"/></net>

<net id="334"><net_src comp="64" pin="1"/><net_sink comp="331" pin=0"/></net>

<net id="335"><net_src comp="331" pin="1"/><net_sink comp="106" pin=1"/></net>

<net id="336"><net_src comp="331" pin="1"/><net_sink comp="111" pin=0"/></net>

<net id="337"><net_src comp="331" pin="1"/><net_sink comp="126" pin=1"/></net>

<net id="341"><net_src comp="102" pin="1"/><net_sink comp="338" pin=0"/></net>

<net id="342"><net_src comp="338" pin="1"/><net_sink comp="94" pin=0"/></net>

<net id="346"><net_src comp="114" pin="2"/><net_sink comp="343" pin=0"/></net>

<net id="350"><net_src comp="131" pin="1"/><net_sink comp="347" pin=0"/></net>

<net id="351"><net_src comp="347" pin="1"/><net_sink comp="173" pin=0"/></net>

<net id="352"><net_src comp="347" pin="1"/><net_sink comp="178" pin=1"/></net>

<net id="353"><net_src comp="347" pin="1"/><net_sink comp="199" pin=0"/></net>

<net id="354"><net_src comp="347" pin="1"/><net_sink comp="204" pin=1"/></net>

<net id="355"><net_src comp="347" pin="1"/><net_sink comp="262" pin=0"/></net>

<net id="359"><net_src comp="135" pin="3"/><net_sink comp="356" pin=0"/></net>

<net id="360"><net_src comp="356" pin="1"/><net_sink comp="163" pin=0"/></net>

<net id="361"><net_src comp="356" pin="1"/><net_sink comp="167" pin=1"/></net>

<net id="362"><net_src comp="356" pin="1"/><net_sink comp="189" pin=0"/></net>

<net id="363"><net_src comp="356" pin="1"/><net_sink comp="193" pin=1"/></net>

<net id="364"><net_src comp="356" pin="1"/><net_sink comp="271" pin=0"/></net>

<net id="368"><net_src comp="143" pin="3"/><net_sink comp="365" pin=0"/></net>

<net id="369"><net_src comp="365" pin="1"/><net_sink comp="163" pin=1"/></net>

<net id="370"><net_src comp="365" pin="1"/><net_sink comp="167" pin=2"/></net>

<net id="371"><net_src comp="365" pin="1"/><net_sink comp="189" pin=1"/></net>

<net id="372"><net_src comp="365" pin="1"/><net_sink comp="193" pin=2"/></net>

<net id="373"><net_src comp="365" pin="1"/><net_sink comp="280" pin=0"/></net>

</net_list>

</model> 
---------------- Datapath Model END ------------------

* FSMD analyzer results:
  - Output states:
	Port: in_mat_data | {}
	Port: impop_data | {2 }
	Port: add_i_i76837_out | {3 }
	Port: add_i_i85735_out | {3 }
	Port: add_i_i94833_out | {3 }
 - Input state : 
	Port: AWBChannelGainKernel_Pipeline_Col_Loop : src1_cols_val | {1 }
	Port: AWBChannelGainKernel_Pipeline_Col_Loop : in_mat_data | {2 }
	Port: AWBChannelGainKernel_Pipeline_Col_Loop : impop_data | {}
	Port: AWBChannelGainKernel_Pipeline_Col_Loop : zext_ln176 | {1 }
	Port: AWBChannelGainKernel_Pipeline_Col_Loop : add_i_i76837_out | {3 }
	Port: AWBChannelGainKernel_Pipeline_Col_Loop : add_i_i85735_out | {3 }
	Port: AWBChannelGainKernel_Pipeline_Col_Loop : add_i_i94833_out | {3 }
  - Chain level:
	State 1
		zext_ln176_cast_cast : 1
		store_ln135 : 1
		j_7 : 1
		icmp_ln181 : 2
		j_8 : 2
		br_ln181 : 3
		store_ln135 : 3
	State 2
	State 3
		select_ln204 : 1
		icmp_ln204_1 : 2
		minRGB : 3
		zext_ln150 : 4
		select_ln205 : 1
		icmp_ln205_1 : 2
		maxRGB : 3
		zext_ln150_1 : 4
		sub_ln207 : 5
		sext_ln207 : 6
		tmp : 6
		sext_ln207_2 : 7
		sub_ln207_1 : 8
		zext_ln207 : 4
		mul_ln207 : 5
		zext_ln207_1 : 6
		sext_ln207_1 : 9
		icmp_ln207 : 10
		add_ln209 : 1
		add_ln210 : 1
		add_ln211 : 1
		add_i_i76836 : 11
		add_i_i85734 : 11
		add_i_i94832 : 11
		store_ln207 : 12
		store_ln207 : 12
		store_ln207 : 12


============================================================
+ Verbose Summary: Datapath Resource usage 
============================================================

* Functional unit list:
|----------|-------------------------------|---------|---------|---------|
| Operation|        Functional Unit        |   DSP   |    FF   |   LUT   |
|----------|-------------------------------|---------|---------|---------|
|          |           j_8_fu_120          |    0    |    0    |    19   |
|    add   |        add_ln209_fu_265       |    0    |    0    |    47   |
|          |        add_ln210_fu_274       |    0    |    0    |    47   |
|          |        add_ln211_fu_283       |    0    |    0    |    47   |
|----------|-------------------------------|---------|---------|---------|
|          |      select_ln204_fu_167      |    0    |    0    |    10   |
|          |         minRGB_fu_178         |    0    |    0    |    10   |
|          |      select_ln205_fu_193      |    0    |    0    |    10   |
|  select  |         maxRGB_fu_204         |    0    |    0    |    10   |
|          |      add_i_i76836_fu_289      |    0    |    0    |    36   |
|          |      add_i_i85734_fu_297      |    0    |    0    |    36   |
|          |      add_i_i94832_fu_305      |    0    |    0    |    36   |
|----------|-------------------------------|---------|---------|---------|
|          |       icmp_ln181_fu_114       |    0    |    0    |    19   |
|          |       icmp_ln204_fu_163       |    0    |    0    |    17   |
|   icmp   |      icmp_ln204_1_fu_173      |    0    |    0    |    17   |
|          |       icmp_ln205_fu_189       |    0    |    0    |    17   |
|          |      icmp_ln205_1_fu_199      |    0    |    0    |    17   |
|          |       icmp_ln207_fu_256       |    0    |    0    |    49   |
|----------|-------------------------------|---------|---------|---------|
|    sub   |        sub_ln207_fu_215       |    0    |    0    |    17   |
|          |       sub_ln207_1_fu_237      |    0    |    0    |    28   |
|----------|-------------------------------|---------|---------|---------|
|    mul   |        mul_ln207_fu_94        |    2    |    0    |    20   |
|----------|-------------------------------|---------|---------|---------|
|          |   zext_ln176_read_read_fu_68  |    0    |    0    |    0    |
|   read   | src1_cols_val_read_read_fu_74 |    0    |    0    |    0    |
|          |       in_buf_read_fu_80       |    0    |    0    |    0    |
|----------|-------------------------------|---------|---------|---------|
|   write  |    write_ln554_write_fu_86    |    0    |    0    |    0    |
|----------|-------------------------------|---------|---------|---------|
|          |     zext_ln176_cast_fu_98     |    0    |    0    |    0    |
|   sext   |       sext_ln207_fu_221       |    0    |    0    |    0    |
|          |      sext_ln207_2_fu_233      |    0    |    0    |    0    |
|          |      sext_ln207_1_fu_252      |    0    |    0    |    0    |
|----------|-------------------------------|---------|---------|---------|
|          |  zext_ln176_cast_cast_fu_102  |    0    |    0    |    0    |
|          |       zext_ln150_fu_185       |    0    |    0    |    0    |
|          |      zext_ln150_1_fu_211      |    0    |    0    |    0    |
|   zext   |       zext_ln207_fu_243       |    0    |    0    |    0    |
|          |      zext_ln207_1_fu_248      |    0    |    0    |    0    |
|          |       zext_ln209_fu_262       |    0    |    0    |    0    |
|          |       zext_ln210_fu_271       |    0    |    0    |    0    |
|          |       zext_ln211_fu_280       |    0    |    0    |    0    |
|----------|-------------------------------|---------|---------|---------|
|   trunc  |          val1_fu_131          |    0    |    0    |    0    |
|----------|-------------------------------|---------|---------|---------|
|partselect|          val2_fu_135          |    0    |    0    |    0    |
|          |          val3_fu_143          |    0    |    0    |    0    |
|----------|-------------------------------|---------|---------|---------|
|bitconcatenate|           tmp_fu_225          |    0    |    0    |    0    |
|----------|-------------------------------|---------|---------|---------|
|   Total  |                               |    2    |    0    |   509   |
|----------|-------------------------------|---------|---------|---------|

Memories:
N/A

* Register list:
+----------------------------+--------+
|                            |   FF   |
+----------------------------+--------+
|     icmp_ln181_reg_343     |    1   |
|          j_reg_331         |   12   |
|        val1_reg_347        |   10   |
|        val2_reg_356        |   10   |
|        val3_reg_365        |   10   |
|zext_ln176_cast_cast_reg_338|   42   |
+----------------------------+--------+
|            Total           |   85   |
+----------------------------+--------+

* Multiplexer (MUX) list: 
|--------|------|------|------|--------|
|  Comp  |  Pin | Size |  BW  | S x BW |
|--------|------|------|------|--------|
|  Total |      |      |      |    0   |
|--------|------|------|------|--------|



* Summary:
+-----------+--------+--------+--------+
|           |   DSP  |   FF   |   LUT  |
+-----------+--------+--------+--------+
|  Function |    2   |    0   |   509  |
|   Memory  |    -   |    -   |    -   |
|Multiplexer|    -   |    -   |    -   |
|  Register |    -   |   85   |    -   |
+-----------+--------+--------+--------+
|   Total   |    2   |   85   |   509  |
+-----------+--------+--------+--------+
