

================================================================
== Vitis HLS Report for 'AWBChannelGainKernel_Pipeline_VITIS_LOOP_216_3'
================================================================
* Date:           Thu Oct  1 01:57:27 2026

* Version:        2025.2 (Build 6295257 on Nov 14 2025)
* Project:        autowhitebalance_accel
* Solution:       hls (Vivado IP Flow Target)
* Product family: zynquplus
* Target device:  xck26-sfvc784-2LV-c


================================================================
== Performance Estimates
================================================================
+ Timing: 
    * Summary: 
    +--------+----------+----------+------------+
    |  Clock |  Target  | Estimated| Uncertainty|
    +--------+----------+----------+------------+
    |ap_clk  |  10.00 ns|  1.888 ns|     2.70 ns|
    +--------+----------+----------+------------+

+ Latency: 
    * Summary: 
    +---------+---------+-----------+-----------+-----+-----+-------------------+
    |  Latency (cycles) |   Latency (absolute)  |  Interval |      Pipeline     |
    |   min   |   max   |    min    |    max    | min | max |        Type       |
    +---------+---------+-----------+-----------+-----+-----+-------------------+
    |        5|        5|  50.000 ns|  50.000 ns|    0|    0|  loop pipeline stp|
    +---------+---------+-----------+-----------+-----+-----+-------------------+

    + Detail: 
        * Instance: 
        N/A

        * Loop: 
        +--------------------+---------+---------+----------+-----------+-----------+------+----------+
        |                    |  Latency (cycles) | Iteration|  Initiation Interval  | Trip |          |
        |      Loop Name     |   min   |   max   |  Latency |  achieved |   target  | Count| Pipelined|
        +--------------------+---------+---------+----------+-----------+-----------+------+----------+
        |- VITIS_LOOP_216_3  |        3|        3|         1|          1|          1|     3|       yes|
        +--------------------+---------+---------+----------+-----------+-----------+------+----------+

============================================================
+ Verbose Summary: Synthesis Manager
============================================================
InlineROM: 1
ExposeGlobal: 0
============================================================
+ Verbose Summary: CDFG Model
============================================================
IsTopModel: 0
ResetActiveHigh: 1
IsCombinational: 0
IsDatapathOnly: 0
HasWiredReturn: 1
HasMFsm: 2
HasVarLatency: 1
IsPipeline: 0
IsRtlPipelined: 0
IsInstanceOverlapped: 0
IsDontTouch: 0
HasImplIP: 0
IsGatedGlobalClock: 0

+ Individual pipeline summary: 
  * Pipeline-0: initiation interval (II) = 1, depth = 2


============================================================
+ Verbose Summary: Schedule
============================================================
* Number of FSM states : 2
* Pipeline : 1
  Pipeline-0 : II = 1, D = 2, States = { 1 2 }
* Dataflow Pipeline: 0

* FSM state transitions: 
1 --> 2 
2 --> 

* FSM state operations: 

State 1 <SV = 0> <Delay = 0.42>
ST_1 : Operation 4 [1/1] (0.00ns)   --->   "%c = alloca i32 1" [./xf_autowhitebalance.hpp:216]   --->   Operation 4 'alloca' 'c' <Predicate = true> <Delay = 0.00>
ST_1 : Operation 5 [1/1] (0.00ns)   --->   "%mux_case_02 = alloca i32 1"   --->   Operation 5 'alloca' 'mux_case_02' <Predicate = true> <Delay = 0.00>
ST_1 : Operation 6 [1/1] (0.00ns)   --->   "%mux_case_14 = alloca i32 1"   --->   Operation 6 'alloca' 'mux_case_14' <Predicate = true> <Delay = 0.00>
ST_1 : Operation 7 [1/1] (0.00ns)   --->   "%mux_case_26 = alloca i32 1"   --->   Operation 7 'alloca' 'mux_case_26' <Predicate = true> <Delay = 0.00>
ST_1 : Operation 8 [1/1] (0.00ns)   --->   "%tmpsum_vals_read = read i40 @_ssdm_op_Read.ap_auto.i40, i40 %tmpsum_vals"   --->   Operation 8 'read' 'tmpsum_vals_read' <Predicate = true> <Delay = 0.00>
ST_1 : Operation 9 [1/1] (0.00ns)   --->   "%tmpsum_vals_1_read = read i40 @_ssdm_op_Read.ap_auto.i40, i40 %tmpsum_vals_1"   --->   Operation 9 'read' 'tmpsum_vals_1_read' <Predicate = true> <Delay = 0.00>
ST_1 : Operation 10 [1/1] (0.00ns)   --->   "%tmpsum_vals_2_read = read i40 @_ssdm_op_Read.ap_auto.i40, i40 %tmpsum_vals_2"   --->   Operation 10 'read' 'tmpsum_vals_2_read' <Predicate = true> <Delay = 0.00>
ST_1 : Operation 11 [1/1] (0.42ns)   --->   "%store_ln0 = store i40 0, i40 %mux_case_26"   --->   Operation 11 'store' 'store_ln0' <Predicate = true> <Delay = 0.42>
ST_1 : Operation 12 [1/1] (0.42ns)   --->   "%store_ln0 = store i40 0, i40 %mux_case_14"   --->   Operation 12 'store' 'store_ln0' <Predicate = true> <Delay = 0.42>
ST_1 : Operation 13 [1/1] (0.42ns)   --->   "%store_ln0 = store i40 0, i40 %mux_case_02"   --->   Operation 13 'store' 'store_ln0' <Predicate = true> <Delay = 0.42>
ST_1 : Operation 14 [1/1] (0.42ns)   --->   "%store_ln216 = store i2 0, i2 %c" [./xf_autowhitebalance.hpp:216]   --->   Operation 14 'store' 'store_ln216' <Predicate = true> <Delay = 0.42>
ST_1 : Operation 15 [1/1] (0.00ns)   --->   "%br_ln0 = br void %VITIS_LOOP_217_4"   --->   Operation 15 'br' 'br_ln0' <Predicate = true> <Delay = 0.00>

State 2 <SV = 1> <Delay = 1.88>
ST_2 : Operation 16 [1/1] (0.00ns)   --->   "%c_1 = load i2 %c" [./xf_autowhitebalance.hpp:216]   --->   Operation 16 'load' 'c_1' <Predicate = true> <Delay = 0.00>
ST_2 : Operation 17 [1/1] (0.54ns)   --->   "%icmp_ln216 = icmp_eq  i2 %c_1, i2 3" [./xf_autowhitebalance.hpp:216]   --->   Operation 17 'icmp' 'icmp_ln216' <Predicate = true> <Delay = 0.54> <CoreInst = "Cmp">   --->   Core 9 'Cmp' <Latency = 0> <II = 1> <Delay = 0.54> <FuncUnit> <Opcode : 'seteq' 'setne' 'setle' 'setge' 'setlt' 'setgt'> <InPorts = 2> <OutPorts = 1>
ST_2 : Operation 18 [1/1] (0.54ns)   --->   "%add_ln216 = add i2 %c_1, i2 1" [./xf_autowhitebalance.hpp:216]   --->   Operation 18 'add' 'add_ln216' <Predicate = true> <Delay = 0.54> <CoreInst = "Adder">   --->   Core 1 'Adder' <Latency = 0> <II = 1> <Delay = 0.54> <FuncUnit> <Opcode : 'add' 'sub'> <InPorts = 2> <OutPorts = 1>
ST_2 : Operation 19 [1/1] (0.00ns)   --->   "%br_ln216 = br i1 %icmp_ln216, void %VITIS_LOOP_217_4.split, void %for.end140.exitStub" [./xf_autowhitebalance.hpp:216]   --->   Operation 19 'br' 'br_ln216' <Predicate = true> <Delay = 0.00>
ST_2 : Operation 20 [1/1] (0.00ns)   --->   "%mux_case_02_load_1 = load i40 %mux_case_02" [./xf_autowhitebalance.hpp:221]   --->   Operation 20 'load' 'mux_case_02_load_1' <Predicate = (!icmp_ln216)> <Delay = 0.00>
ST_2 : Operation 21 [1/1] (0.00ns)   --->   "%mux_case_14_load_1 = load i40 %mux_case_14" [./xf_autowhitebalance.hpp:221]   --->   Operation 21 'load' 'mux_case_14_load_1' <Predicate = (!icmp_ln216)> <Delay = 0.00>
ST_2 : Operation 22 [1/1] (0.00ns)   --->   "%mux_case_26_load_1 = load i40 %mux_case_26" [./xf_autowhitebalance.hpp:221]   --->   Operation 22 'load' 'mux_case_26_load_1' <Predicate = (!icmp_ln216)> <Delay = 0.00>
ST_2 : Operation 23 [1/1] (0.00ns)   --->   "%specpipeline_ln216 = specpipeline void @_ssdm_op_SpecPipeline, i32 4294967295, i32 0, i32 0, i32 0, i32 4294967295, void @empty_25" [./xf_autowhitebalance.hpp:216]   --->   Operation 23 'specpipeline' 'specpipeline_ln216' <Predicate = (!icmp_ln216)> <Delay = 0.00>
ST_2 : Operation 24 [1/1] (0.00ns)   --->   "%speclooptripcount_ln216 = speclooptripcount void @_ssdm_op_SpecLoopTripCount, i64 3, i64 3, i64 3" [./xf_autowhitebalance.hpp:216]   --->   Operation 24 'speclooptripcount' 'speclooptripcount_ln216' <Predicate = (!icmp_ln216)> <Delay = 0.00>
ST_2 : Operation 25 [1/1] (0.00ns)   --->   "%specloopname_ln216 = specloopname void @_ssdm_op_SpecLoopName, void @empty_11" [./xf_autowhitebalance.hpp:216]   --->   Operation 25 'specloopname' 'specloopname_ln216' <Predicate = (!icmp_ln216)> <Delay = 0.00>
ST_2 : Operation 26 [1/1] (0.42ns)   --->   "%tmp_9 = sparsemux i40 @_ssdm_op_SparseMux.ap_auto.3i40.i40.i2, i2 0, i40 %mux_case_02_load_1, i2 1, i40 %mux_case_14_load_1, i2 2, i40 %mux_case_26_load_1, i40 0, i2 %c_1" [./xf_autowhitebalance.hpp:221]   --->   Operation 26 'sparsemux' 'tmp_9' <Predicate = (!icmp_ln216)> <Delay = 0.42> <CoreInst = "OneHotSparseMux_HasDef">   --->   Core 152 'OneHotSparseMux_HasDef' <Latency = 0> <II = 1> <Delay = 0.42> <FuncUnit> <Opcode : 'sparsemux'> <InPorts = 2> <OutPorts = 1>
ST_2 : Operation 27 [1/1] (0.42ns)   --->   "%tmp_s = sparsemux i40 @_ssdm_op_SparseMux.ap_auto.3i40.i40.i2, i2 0, i40 %tmpsum_vals_2_read, i2 1, i40 %tmpsum_vals_1_read, i2 2, i40 %tmpsum_vals_read, i40 0, i2 %c_1" [./xf_autowhitebalance.hpp:221]   --->   Operation 27 'sparsemux' 'tmp_s' <Predicate = (!icmp_ln216)> <Delay = 0.42> <CoreInst = "OneHotSparseMux_HasDef">   --->   Core 152 'OneHotSparseMux_HasDef' <Latency = 0> <II = 1> <Delay = 0.42> <FuncUnit> <Opcode : 'sparsemux'> <InPorts = 2> <OutPorts = 1>
ST_2 : Operation 28 [1/1] (1.03ns)   --->   "%add_ln221 = add i40 %tmp_s, i40 %tmp_9" [./xf_autowhitebalance.hpp:221]   --->   Operation 28 'add' 'add_ln221' <Predicate = (!icmp_ln216)> <Delay = 1.03> <CoreInst = "Adder">   --->   Core 1 'Adder' <Latency = 0> <II = 1> <Delay = 1.03> <FuncUnit> <Opcode : 'add' 'sub'> <InPorts = 2> <OutPorts = 1>
ST_2 : Operation 29 [1/1] (0.54ns)   --->   "%switch_ln221 = switch i2 %c_1, void %V1.i.i.i18.i1441.case.2, i2 0, void %V1.i.i.i18.i1441.case.0, i2 1, void %VITIS_LOOP_217_4.split.V1.i.i.i18.i1441.exit_crit_edge" [./xf_autowhitebalance.hpp:221]   --->   Operation 29 'switch' 'switch_ln221' <Predicate = (!icmp_ln216)> <Delay = 0.54>
ST_2 : Operation 30 [1/1] (0.42ns)   --->   "%store_ln221 = store i40 %add_ln221, i40 %mux_case_14" [./xf_autowhitebalance.hpp:221]   --->   Operation 30 'store' 'store_ln221' <Predicate = (!icmp_ln216 & c_1 == 1)> <Delay = 0.42>
ST_2 : Operation 31 [1/1] (0.00ns)   --->   "%br_ln221 = br void %V1.i.i.i18.i1441.exit" [./xf_autowhitebalance.hpp:221]   --->   Operation 31 'br' 'br_ln221' <Predicate = (!icmp_ln216 & c_1 == 1)> <Delay = 0.00>
ST_2 : Operation 32 [1/1] (0.42ns)   --->   "%store_ln221 = store i40 %add_ln221, i40 %mux_case_02" [./xf_autowhitebalance.hpp:221]   --->   Operation 32 'store' 'store_ln221' <Predicate = (!icmp_ln216 & c_1 == 0)> <Delay = 0.42>
ST_2 : Operation 33 [1/1] (0.00ns)   --->   "%br_ln221 = br void %V1.i.i.i18.i1441.exit" [./xf_autowhitebalance.hpp:221]   --->   Operation 33 'br' 'br_ln221' <Predicate = (!icmp_ln216 & c_1 == 0)> <Delay = 0.00>
ST_2 : Operation 34 [1/1] (0.42ns)   --->   "%store_ln221 = store i40 %add_ln221, i40 %mux_case_26" [./xf_autowhitebalance.hpp:221]   --->   Operation 34 'store' 'store_ln221' <Predicate = (!icmp_ln216 & c_1 != 0 & c_1 != 1)> <Delay = 0.42>
ST_2 : Operation 35 [1/1] (0.00ns)   --->   "%br_ln221 = br void %V1.i.i.i18.i1441.exit" [./xf_autowhitebalance.hpp:221]   --->   Operation 35 'br' 'br_ln221' <Predicate = (!icmp_ln216 & c_1 != 0 & c_1 != 1)> <Delay = 0.00>
ST_2 : Operation 36 [1/1] (0.42ns)   --->   "%store_ln216 = store i2 %add_ln216, i2 %c" [./xf_autowhitebalance.hpp:216]   --->   Operation 36 'store' 'store_ln216' <Predicate = (!icmp_ln216)> <Delay = 0.42>
ST_2 : Operation 37 [1/1] (0.00ns)   --->   "%br_ln216 = br void %VITIS_LOOP_217_4" [./xf_autowhitebalance.hpp:216]   --->   Operation 37 'br' 'br_ln216' <Predicate = (!icmp_ln216)> <Delay = 0.00>
ST_2 : Operation 38 [1/1] (0.00ns)   --->   "%mux_case_02_load = load i40 %mux_case_02"   --->   Operation 38 'load' 'mux_case_02_load' <Predicate = (icmp_ln216)> <Delay = 0.00>
ST_2 : Operation 39 [1/1] (0.00ns)   --->   "%mux_case_14_load = load i40 %mux_case_14"   --->   Operation 39 'load' 'mux_case_14_load' <Predicate = (icmp_ln216)> <Delay = 0.00>
ST_2 : Operation 40 [1/1] (0.00ns)   --->   "%mux_case_26_load = load i40 %mux_case_26"   --->   Operation 40 'load' 'mux_case_26_load' <Predicate = (icmp_ln216)> <Delay = 0.00>
ST_2 : Operation 41 [1/1] (0.00ns)   --->   "%write_ln0 = write void @_ssdm_op_Write.ap_auto.i40P0A, i40 %mux_case_26_out, i40 %mux_case_26_load"   --->   Operation 41 'write' 'write_ln0' <Predicate = (icmp_ln216)> <Delay = 0.00>
ST_2 : Operation 42 [1/1] (0.00ns)   --->   "%write_ln0 = write void @_ssdm_op_Write.ap_auto.i40P0A, i40 %mux_case_14_out, i40 %mux_case_14_load"   --->   Operation 42 'write' 'write_ln0' <Predicate = (icmp_ln216)> <Delay = 0.00>
ST_2 : Operation 43 [1/1] (0.00ns)   --->   "%write_ln0 = write void @_ssdm_op_Write.ap_auto.i40P0A, i40 %mux_case_02_out, i40 %mux_case_02_load"   --->   Operation 43 'write' 'write_ln0' <Predicate = (icmp_ln216)> <Delay = 0.00>
ST_2 : Operation 44 [1/1] (0.42ns)   --->   "%ret_ln0 = ret"   --->   Operation 44 'ret' 'ret_ln0' <Predicate = (icmp_ln216)> <Delay = 0.42>


============================================================
+ Verbose Summary: Binding
============================================================
STG Binding: 
---------------- STG Properties BEGIN ----------------
- Is combinational: 0
- Is one-state seq: 0
- Is datapath-only: 0
- Is pipelined: 0
- Is top level: 0
Port [ Return ] is wired: 1; IO mode=ap_ctrl_hs:ce=0
Port [ tmpsum_vals_2]:  wired=1; compound=0; hidden=0; nouse=0; global=0; static=0; extern=0; dir=0; type=0; pingpong=0; private_global=0; IO mode=ap_none:ce=0
Port [ tmpsum_vals_1]:  wired=1; compound=0; hidden=0; nouse=0; global=0; static=0; extern=0; dir=0; type=0; pingpong=0; private_global=0; IO mode=ap_none:ce=0
Port [ tmpsum_vals]:  wired=1; compound=0; hidden=0; nouse=0; global=0; static=0; extern=0; dir=0; type=0; pingpong=0; private_global=0; IO mode=ap_none:ce=0
Port [ mux_case_26_out]:  wired=1; compound=0; hidden=0; nouse=0; global=0; static=0; extern=0; dir=1; type=0; pingpong=0; private_global=0; IO mode=ap_vld:ce=0
Port [ mux_case_14_out]:  wired=1; compound=0; hidden=0; nouse=0; global=0; static=0; extern=0; dir=1; type=0; pingpong=0; private_global=0; IO mode=ap_vld:ce=0
Port [ mux_case_02_out]:  wired=1; compound=0; hidden=0; nouse=0; global=0; static=0; extern=0; dir=1; type=0; pingpong=0; private_global=0; IO mode=ap_vld:ce=0
---------------- STG Properties END ------------------

---------------- Datapath Model BEGIN ----------------

<LifeTime>
<method=bitvector/>
c                       (alloca           ) [ 011]
mux_case_02             (alloca           ) [ 011]
mux_case_14             (alloca           ) [ 011]
mux_case_26             (alloca           ) [ 011]
tmpsum_vals_read        (read             ) [ 011]
tmpsum_vals_1_read      (read             ) [ 011]
tmpsum_vals_2_read      (read             ) [ 011]
store_ln0               (store            ) [ 000]
store_ln0               (store            ) [ 000]
store_ln0               (store            ) [ 000]
store_ln216             (store            ) [ 000]
br_ln0                  (br               ) [ 000]
c_1                     (load             ) [ 011]
icmp_ln216              (icmp             ) [ 011]
add_ln216               (add              ) [ 000]
br_ln216                (br               ) [ 000]
mux_case_02_load_1      (load             ) [ 000]
mux_case_14_load_1      (load             ) [ 000]
mux_case_26_load_1      (load             ) [ 000]
specpipeline_ln216      (specpipeline     ) [ 000]
speclooptripcount_ln216 (speclooptripcount) [ 000]
specloopname_ln216      (specloopname     ) [ 000]
tmp_9                   (sparsemux        ) [ 000]
tmp_s                   (sparsemux        ) [ 000]
add_ln221               (add              ) [ 000]
switch_ln221            (switch           ) [ 000]
store_ln221             (store            ) [ 000]
br_ln221                (br               ) [ 000]
store_ln221             (store            ) [ 000]
br_ln221                (br               ) [ 000]
store_ln221             (store            ) [ 000]
br_ln221                (br               ) [ 000]
store_ln216             (store            ) [ 000]
br_ln216                (br               ) [ 000]
mux_case_02_load        (load             ) [ 000]
mux_case_14_load        (load             ) [ 000]
mux_case_26_load        (load             ) [ 000]
write_ln0               (write            ) [ 000]
write_ln0               (write            ) [ 000]
write_ln0               (write            ) [ 000]
ret_ln0                 (ret              ) [ 000]
</LifeTime>

<model>

<comp_list>
<comp id="0" class="1000" name="tmpsum_vals_2">
<pin_list>
<pin id="1" dir="1" index="0" bw="1" slack="0"/>
</pin_list>
<bind>
<StgValue><ssdm name="tmpsum_vals_2"/></StgValue>
</bind>
</comp>

<comp id="2" class="1000" name="tmpsum_vals_1">
<pin_list>
<pin id="3" dir="1" index="0" bw="1" slack="0"/>
</pin_list>
<bind>
<StgValue><ssdm name="tmpsum_vals_1"/></StgValue>
</bind>
</comp>

<comp id="4" class="1000" name="tmpsum_vals">
<pin_list>
<pin id="5" dir="1" index="0" bw="1" slack="0"/>
</pin_list>
<bind>
<StgValue><ssdm name="tmpsum_vals"/></StgValue>
</bind>
</comp>

<comp id="6" class="1000" name="mux_case_26_out">
<pin_list>
<pin id="7" dir="1" index="0" bw="1" slack="0"/>
</pin_list>
<bind>
<StgValue><ssdm name="mux_case_26_out"/></StgValue>
</bind>
</comp>

<comp id="8" class="1000" name="mux_case_14_out">
<pin_list>
<pin id="9" dir="1" index="0" bw="1" slack="0"/>
</pin_list>
<bind>
<StgValue><ssdm name="mux_case_14_out"/></StgValue>
</bind>
</comp>

<comp id="10" class="1000" name="mux_case_02_out">
<pin_list>
<pin id="11" dir="1" index="0" bw="1" slack="0"/>
</pin_list>
<bind>
<StgValue><ssdm name="mux_case_02_out"/></StgValue>
</bind>
</comp>

<comp id="12" class="1001" name="const_12">
<pin_list>
<pin id="13" dir="1" index="0" bw="1" slack="0"/>
</pin_list>
<bind>
<StgValue><ssdm name=""/></StgValue>
</bind>
</comp>

<comp id="14" class="1001" name="const_14">
<pin_list>
<pin id="15" dir="1" index="0" bw="1" slack="0"/>
</pin_list>
<bind>
<StgValue><ssdm name="_ssdm_op_Read.ap_auto.i40"/></StgValue>
</bind>
</comp>

<comp id="16" class="1001" name="const_16">
<pin_list>
<pin id="17" dir="1" index="0" bw="1" slack="0"/>
</pin_list>
<bind>
<StgValue><ssdm name=""/></StgValue>
</bind>
</comp>

<comp id="18" class="1001" name="const_18">
<pin_list>
<pin id="19" dir="1" index="0" bw="1" slack="0"/>
</pin_list>
<bind>
<StgValue><ssdm name=""/></StgValue>
</bind>
</comp>

<comp id="20" class="1001" name="const_20">
<pin_list>
<pin id="21" dir="1" index="0" bw="1" slack="0"/>
</pin_list>
<bind>
<StgValue><ssdm name=""/></StgValue>
</bind>
</comp>

<comp id="22" class="1001" name="const_22">
<pin_list>
<pin id="23" dir="1" index="0" bw="1" slack="0"/>
</pin_list>
<bind>
<StgValue><ssdm name=""/></StgValue>
</bind>
</comp>

<comp id="24" class="1001" name="const_24">
<pin_list>
<pin id="25" dir="1" index="0" bw="1" slack="2147483647"/>
</pin_list>
<bind>
<StgValue><ssdm name="_ssdm_op_SpecPipeline"/></StgValue>
</bind>
</comp>

<comp id="26" class="1001" name="const_26">
<pin_list>
<pin id="27" dir="1" index="0" bw="1" slack="2147483647"/>
</pin_list>
<bind>
<StgValue><ssdm name=""/></StgValue>
</bind>
</comp>

<comp id="28" class="1001" name="const_28">
<pin_list>
<pin id="29" dir="1" index="0" bw="1" slack="2147483647"/>
</pin_list>
<bind>
<StgValue><ssdm name=""/></StgValue>
</bind>
</comp>

<comp id="30" class="1001" name="const_30">
<pin_list>
<pin id="31" dir="1" index="0" bw="1" slack="2147483647"/>
</pin_list>
<bind>
<StgValue><ssdm name="empty_25"/></StgValue>
</bind>
</comp>

<comp id="32" class="1001" name="const_32">
<pin_list>
<pin id="33" dir="1" index="0" bw="1" slack="2147483647"/>
</pin_list>
<bind>
<StgValue><ssdm name="_ssdm_op_SpecLoopTripCount"/></StgValue>
</bind>
</comp>

<comp id="34" class="1001" name="const_34">
<pin_list>
<pin id="35" dir="1" index="0" bw="1" slack="2147483647"/>
</pin_list>
<bind>
<StgValue><ssdm name=""/></StgValue>
</bind>
</comp>

<comp id="36" class="1001" name="const_36">
<pin_list>
<pin id="37" dir="1" index="0" bw="1" slack="2147483647"/>
</pin_list>
<bind>
<StgValue><ssdm name="_ssdm_op_SpecLoopName"/></StgValue>
</bind>
</comp>

<comp id="38" class="1001" name="const_38">
<pin_list>
<pin id="39" dir="1" index="0" bw="1" slack="2147483647"/>
</pin_list>
<bind>
<StgValue><ssdm name="empty_11"/></StgValue>
</bind>
</comp>

<comp id="40" class="1001" name="const_40">
<pin_list>
<pin id="41" dir="1" index="0" bw="1" slack="0"/>
</pin_list>
<bind>
<StgValue><ssdm name="_ssdm_op_SparseMux.ap_auto.3i40.i40.i2"/></StgValue>
</bind>
</comp>

<comp id="42" class="1001" name="const_42">
<pin_list>
<pin id="43" dir="1" index="0" bw="1" slack="0"/>
</pin_list>
<bind>
<StgValue><ssdm name=""/></StgValue>
</bind>
</comp>

<comp id="44" class="1001" name="const_44">
<pin_list>
<pin id="45" dir="1" index="0" bw="1" slack="0"/>
</pin_list>
<bind>
<StgValue><ssdm name=""/></StgValue>
</bind>
</comp>

<comp id="46" class="1001" name="const_46">
<pin_list>
<pin id="47" dir="1" index="0" bw="1" slack="0"/>
</pin_list>
<bind>
<StgValue><ssdm name="_ssdm_op_Write.ap_auto.i40P0A"/></StgValue>
</bind>
</comp>

<comp id="48" class="1004" name="c_fu_48">
<pin_list>
<pin id="49" dir="0" index="0" bw="1" slack="0"/>
<pin id="50" dir="1" index="1" bw="2" slack="0"/>
</pin_list>
<bind>
<opcode="alloca(26) " fcode="alloca"/>
<opset="c/1 "/>
</bind>
</comp>

<comp id="52" class="1004" name="mux_case_02_fu_52">
<pin_list>
<pin id="53" dir="0" index="0" bw="1" slack="0"/>
<pin id="54" dir="1" index="1" bw="40" slack="0"/>
</pin_list>
<bind>
<opcode="alloca(26) " fcode="alloca"/>
<opset="mux_case_02/1 "/>
</bind>
</comp>

<comp id="56" class="1004" name="mux_case_14_fu_56">
<pin_list>
<pin id="57" dir="0" index="0" bw="1" slack="0"/>
<pin id="58" dir="1" index="1" bw="40" slack="0"/>
</pin_list>
<bind>
<opcode="alloca(26) " fcode="alloca"/>
<opset="mux_case_14/1 "/>
</bind>
</comp>

<comp id="60" class="1004" name="mux_case_26_fu_60">
<pin_list>
<pin id="61" dir="0" index="0" bw="1" slack="0"/>
<pin id="62" dir="1" index="1" bw="40" slack="0"/>
</pin_list>
<bind>
<opcode="alloca(26) " fcode="alloca"/>
<opset="mux_case_26/1 "/>
</bind>
</comp>

<comp id="64" class="1004" name="tmpsum_vals_read_read_fu_64">
<pin_list>
<pin id="65" dir="0" index="0" bw="40" slack="0"/>
<pin id="66" dir="0" index="1" bw="40" slack="0"/>
<pin id="67" dir="1" index="2" bw="40" slack="1"/>
</pin_list>
<bind>
<opcode="read(1150) " fcode="read"/>
<opset="tmpsum_vals_read/1 "/>
</bind>
</comp>

<comp id="70" class="1004" name="tmpsum_vals_1_read_read_fu_70">
<pin_list>
<pin id="71" dir="0" index="0" bw="40" slack="0"/>
<pin id="72" dir="0" index="1" bw="40" slack="0"/>
<pin id="73" dir="1" index="2" bw="40" slack="1"/>
</pin_list>
<bind>
<opcode="read(1150) " fcode="read"/>
<opset="tmpsum_vals_1_read/1 "/>
</bind>
</comp>

<comp id="76" class="1004" name="tmpsum_vals_2_read_read_fu_76">
<pin_list>
<pin id="77" dir="0" index="0" bw="40" slack="0"/>
<pin id="78" dir="0" index="1" bw="40" slack="0"/>
<pin id="79" dir="1" index="2" bw="40" slack="1"/>
</pin_list>
<bind>
<opcode="read(1150) " fcode="read"/>
<opset="tmpsum_vals_2_read/1 "/>
</bind>
</comp>

<comp id="82" class="1004" name="write_ln0_write_fu_82">
<pin_list>
<pin id="83" dir="0" index="0" bw="0" slack="0"/>
<pin id="84" dir="0" index="1" bw="40" slack="0"/>
<pin id="85" dir="0" index="2" bw="40" slack="0"/>
<pin id="86" dir="1" index="3" bw="0" slack="2147483647"/>
</pin_list>
<bind>
<opcode="write(1151) " fcode="write"/>
<opset="write_ln0/2 "/>
</bind>
</comp>

<comp id="89" class="1004" name="write_ln0_write_fu_89">
<pin_list>
<pin id="90" dir="0" index="0" bw="0" slack="0"/>
<pin id="91" dir="0" index="1" bw="40" slack="0"/>
<pin id="92" dir="0" index="2" bw="40" slack="0"/>
<pin id="93" dir="1" index="3" bw="0" slack="2147483647"/>
</pin_list>
<bind>
<opcode="write(1151) " fcode="write"/>
<opset="write_ln0/2 "/>
</bind>
</comp>

<comp id="96" class="1004" name="write_ln0_write_fu_96">
<pin_list>
<pin id="97" dir="0" index="0" bw="0" slack="0"/>
<pin id="98" dir="0" index="1" bw="40" slack="0"/>
<pin id="99" dir="0" index="2" bw="40" slack="0"/>
<pin id="100" dir="1" index="3" bw="0" slack="2147483647"/>
</pin_list>
<bind>
<opcode="write(1151) " fcode="write"/>
<opset="write_ln0/2 "/>
</bind>
</comp>

<comp id="103" class="1004" name="store_ln0_store_fu_103">
<pin_list>
<pin id="104" dir="0" index="0" bw="1" slack="0"/>
<pin id="105" dir="0" index="1" bw="40" slack="0"/>
<pin id="106" dir="1" index="2" bw="0" slack="2147483647"/>
</pin_list>
<bind>
<opcode="store(28) " fcode="store"/>
<opset="store_ln0/1 "/>
</bind>
</comp>

<comp id="108" class="1004" name="store_ln0_store_fu_108">
<pin_list>
<pin id="109" dir="0" index="0" bw="1" slack="0"/>
<pin id="110" dir="0" index="1" bw="40" slack="0"/>
<pin id="111" dir="1" index="2" bw="0" slack="2147483647"/>
</pin_list>
<bind>
<opcode="store(28) " fcode="store"/>
<opset="store_ln0/1 "/>
</bind>
</comp>

<comp id="113" class="1004" name="store_ln0_store_fu_113">
<pin_list>
<pin id="114" dir="0" index="0" bw="1" slack="0"/>
<pin id="115" dir="0" index="1" bw="40" slack="0"/>
<pin id="116" dir="1" index="2" bw="0" slack="2147483647"/>
</pin_list>
<bind>
<opcode="store(28) " fcode="store"/>
<opset="store_ln0/1 "/>
</bind>
</comp>

<comp id="118" class="1004" name="store_ln216_store_fu_118">
<pin_list>
<pin id="119" dir="0" index="0" bw="1" slack="0"/>
<pin id="120" dir="0" index="1" bw="2" slack="0"/>
<pin id="121" dir="1" index="2" bw="0" slack="2147483647"/>
</pin_list>
<bind>
<opcode="store(28) " fcode="store"/>
<opset="store_ln216/1 "/>
</bind>
</comp>

<comp id="123" class="1004" name="c_1_load_fu_123">
<pin_list>
<pin id="124" dir="0" index="0" bw="2" slack="1"/>
<pin id="125" dir="1" index="1" bw="2" slack="0"/>
</pin_list>
<bind>
<opcode="load(27) " fcode="load"/>
<opset="c_1/2 "/>
</bind>
</comp>

<comp id="126" class="1004" name="icmp_ln216_fu_126">
<pin_list>
<pin id="127" dir="0" index="0" bw="2" slack="0"/>
<pin id="128" dir="0" index="1" bw="1" slack="0"/>
<pin id="129" dir="1" index="2" bw="1" slack="2147483647"/>
</pin_list>
<bind>
<opcode="icmp(45) " fcode="icmp"/>
<opset="icmp_ln216/2 "/>
</bind>
</comp>

<comp id="132" class="1004" name="add_ln216_fu_132">
<pin_list>
<pin id="133" dir="0" index="0" bw="2" slack="0"/>
<pin id="134" dir="0" index="1" bw="1" slack="0"/>
<pin id="135" dir="1" index="2" bw="2" slack="0"/>
</pin_list>
<bind>
<opcode="add(8) " fcode="add"/>
<opset="add_ln216/2 "/>
</bind>
</comp>

<comp id="138" class="1004" name="mux_case_02_load_1_load_fu_138">
<pin_list>
<pin id="139" dir="0" index="0" bw="40" slack="1"/>
<pin id="140" dir="1" index="1" bw="40" slack="0"/>
</pin_list>
<bind>
<opcode="load(27) " fcode="load"/>
<opset="mux_case_02_load_1/2 "/>
</bind>
</comp>

<comp id="141" class="1004" name="mux_case_14_load_1_load_fu_141">
<pin_list>
<pin id="142" dir="0" index="0" bw="40" slack="1"/>
<pin id="143" dir="1" index="1" bw="40" slack="0"/>
</pin_list>
<bind>
<opcode="load(27) " fcode="load"/>
<opset="mux_case_14_load_1/2 "/>
</bind>
</comp>

<comp id="144" class="1004" name="mux_case_26_load_1_load_fu_144">
<pin_list>
<pin id="145" dir="0" index="0" bw="40" slack="1"/>
<pin id="146" dir="1" index="1" bw="40" slack="0"/>
</pin_list>
<bind>
<opcode="load(27) " fcode="load"/>
<opset="mux_case_26_load_1/2 "/>
</bind>
</comp>

<comp id="147" class="1004" name="tmp_9_fu_147">
<pin_list>
<pin id="148" dir="0" index="0" bw="40" slack="0"/>
<pin id="149" dir="0" index="1" bw="2" slack="0"/>
<pin id="150" dir="0" index="2" bw="40" slack="0"/>
<pin id="151" dir="0" index="3" bw="2" slack="0"/>
<pin id="152" dir="0" index="4" bw="40" slack="0"/>
<pin id="153" dir="0" index="5" bw="2" slack="0"/>
<pin id="154" dir="0" index="6" bw="40" slack="0"/>
<pin id="155" dir="0" index="7" bw="40" slack="0"/>
<pin id="156" dir="0" index="8" bw="2" slack="0"/>
<pin id="157" dir="1" index="9" bw="40" slack="0"/>
</pin_list>
<bind>
<opcode="sparsemux(1197) " fcode="sparsemux"/>
<opset="tmp_9/2 "/>
</bind>
</comp>

<comp id="167" class="1004" name="tmp_s_fu_167">
<pin_list>
<pin id="168" dir="0" index="0" bw="40" slack="0"/>
<pin id="169" dir="0" index="1" bw="2" slack="0"/>
<pin id="170" dir="0" index="2" bw="40" slack="1"/>
<pin id="171" dir="0" index="3" bw="2" slack="0"/>
<pin id="172" dir="0" index="4" bw="40" slack="1"/>
<pin id="173" dir="0" index="5" bw="2" slack="0"/>
<pin id="174" dir="0" index="6" bw="40" slack="1"/>
<pin id="175" dir="0" index="7" bw="40" slack="0"/>
<pin id="176" dir="0" index="8" bw="2" slack="0"/>
<pin id="177" dir="1" index="9" bw="40" slack="0"/>
</pin_list>
<bind>
<opcode="sparsemux(1197) " fcode="sparsemux"/>
<opset="tmp_s/2 "/>
</bind>
</comp>

<comp id="184" class="1004" name="add_ln221_fu_184">
<pin_list>
<pin id="185" dir="0" index="0" bw="40" slack="0"/>
<pin id="186" dir="0" index="1" bw="40" slack="0"/>
<pin id="187" dir="1" index="2" bw="40" slack="0"/>
</pin_list>
<bind>
<opcode="add(8) " fcode="add"/>
<opset="add_ln221/2 "/>
</bind>
</comp>

<comp id="190" class="1004" name="switch_ln221_fu_190">
<pin_list>
<pin id="191" dir="0" index="0" bw="2" slack="0"/>
<pin id="192" dir="0" index="1" bw="1" slack="0"/>
<pin id="193" dir="0" index="2" bw="1" slack="0"/>
<pin id="194" dir="1" index="3" bw="0" slack="2147483647"/>
</pin_list>
<bind>
<opcode="switch(3) " fcode="switch"/>
<opset="switch_ln221/2 "/>
</bind>
</comp>

<comp id="198" class="1004" name="store_ln221_store_fu_198">
<pin_list>
<pin id="199" dir="0" index="0" bw="40" slack="0"/>
<pin id="200" dir="0" index="1" bw="40" slack="1"/>
<pin id="201" dir="1" index="2" bw="0" slack="2147483647"/>
</pin_list>
<bind>
<opcode="store(28) " fcode="store"/>
<opset="store_ln221/2 "/>
</bind>
</comp>

<comp id="203" class="1004" name="store_ln221_store_fu_203">
<pin_list>
<pin id="204" dir="0" index="0" bw="40" slack="0"/>
<pin id="205" dir="0" index="1" bw="40" slack="1"/>
<pin id="206" dir="1" index="2" bw="0" slack="2147483647"/>
</pin_list>
<bind>
<opcode="store(28) " fcode="store"/>
<opset="store_ln221/2 "/>
</bind>
</comp>

<comp id="208" class="1004" name="store_ln221_store_fu_208">
<pin_list>
<pin id="209" dir="0" index="0" bw="40" slack="0"/>
<pin id="210" dir="0" index="1" bw="40" slack="1"/>
<pin id="211" dir="1" index="2" bw="0" slack="2147483647"/>
</pin_list>
<bind>
<opcode="store(28) " fcode="store"/>
<opset="store_ln221/2 "/>
</bind>
</comp>

<comp id="213" class="1004" name="store_ln216_store_fu_213">
<pin_list>
<pin id="214" dir="0" index="0" bw="2" slack="0"/>
<pin id="215" dir="0" index="1" bw="2" slack="1"/>
<pin id="216" dir="1" index="2" bw="0" slack="2147483647"/>
</pin_list>
<bind>
<opcode="store(28) " fcode="store"/>
<opset="store_ln216/2 "/>
</bind>
</comp>

<comp id="218" class="1004" name="mux_case_02_load_load_fu_218">
<pin_list>
<pin id="219" dir="0" index="0" bw="40" slack="1"/>
<pin id="220" dir="1" index="1" bw="40" slack="0"/>
</pin_list>
<bind>
<opcode="load(27) " fcode="load"/>
<opset="mux_case_02_load/2 "/>
</bind>
</comp>

<comp id="222" class="1004" name="mux_case_14_load_load_fu_222">
<pin_list>
<pin id="223" dir="0" index="0" bw="40" slack="1"/>
<pin id="224" dir="1" index="1" bw="40" slack="0"/>
</pin_list>
<bind>
<opcode="load(27) " fcode="load"/>
<opset="mux_case_14_load/2 "/>
</bind>
</comp>

<comp id="226" class="1004" name="mux_case_26_load_load_fu_226">
<pin_list>
<pin id="227" dir="0" index="0" bw="40" slack="1"/>
<pin id="228" dir="1" index="1" bw="40" slack="0"/>
</pin_list>
<bind>
<opcode="load(27) " fcode="load"/>
<opset="mux_case_26_load/2 "/>
</bind>
</comp>

<comp id="230" class="1005" name="c_reg_230">
<pin_list>
<pin id="231" dir="0" index="0" bw="2" slack="0"/>
<pin id="232" dir="1" index="1" bw="2" slack="0"/>
</pin_list>
<bind>
<opset="c "/>
</bind>
</comp>

<comp id="237" class="1005" name="mux_case_02_reg_237">
<pin_list>
<pin id="238" dir="0" index="0" bw="40" slack="0"/>
<pin id="239" dir="1" index="1" bw="40" slack="0"/>
</pin_list>
<bind>
<opset="mux_case_02 "/>
</bind>
</comp>

<comp id="245" class="1005" name="mux_case_14_reg_245">
<pin_list>
<pin id="246" dir="0" index="0" bw="40" slack="0"/>
<pin id="247" dir="1" index="1" bw="40" slack="0"/>
</pin_list>
<bind>
<opset="mux_case_14 "/>
</bind>
</comp>

<comp id="253" class="1005" name="mux_case_26_reg_253">
<pin_list>
<pin id="254" dir="0" index="0" bw="40" slack="0"/>
<pin id="255" dir="1" index="1" bw="40" slack="0"/>
</pin_list>
<bind>
<opset="mux_case_26 "/>
</bind>
</comp>

<comp id="261" class="1005" name="tmpsum_vals_read_reg_261">
<pin_list>
<pin id="262" dir="0" index="0" bw="40" slack="1"/>
<pin id="263" dir="1" index="1" bw="40" slack="1"/>
</pin_list>
<bind>
<opset="tmpsum_vals_read "/>
</bind>
</comp>

<comp id="266" class="1005" name="tmpsum_vals_1_read_reg_266">
<pin_list>
<pin id="267" dir="0" index="0" bw="40" slack="1"/>
<pin id="268" dir="1" index="1" bw="40" slack="1"/>
</pin_list>
<bind>
<opset="tmpsum_vals_1_read "/>
</bind>
</comp>

<comp id="271" class="1005" name="tmpsum_vals_2_read_reg_271">
<pin_list>
<pin id="272" dir="0" index="0" bw="40" slack="1"/>
<pin id="273" dir="1" index="1" bw="40" slack="1"/>
</pin_list>
<bind>
<opset="tmpsum_vals_2_read "/>
</bind>
</comp>

</comp_list>

<net_list>
<net id="51"><net_src comp="12" pin="0"/><net_sink comp="48" pin=0"/></net>

<net id="55"><net_src comp="12" pin="0"/><net_sink comp="52" pin=0"/></net>

<net id="59"><net_src comp="12" pin="0"/><net_sink comp="56" pin=0"/></net>

<net id="63"><net_src comp="12" pin="0"/><net_sink comp="60" pin=0"/></net>

<net id="68"><net_src comp="14" pin="0"/><net_sink comp="64" pin=0"/></net>

<net id="69"><net_src comp="4" pin="0"/><net_sink comp="64" pin=1"/></net>

<net id="74"><net_src comp="14" pin="0"/><net_sink comp="70" pin=0"/></net>

<net id="75"><net_src comp="2" pin="0"/><net_sink comp="70" pin=1"/></net>

<net id="80"><net_src comp="14" pin="0"/><net_sink comp="76" pin=0"/></net>

<net id="81"><net_src comp="0" pin="0"/><net_sink comp="76" pin=1"/></net>

<net id="87"><net_src comp="46" pin="0"/><net_sink comp="82" pin=0"/></net>

<net id="88"><net_src comp="6" pin="0"/><net_sink comp="82" pin=1"/></net>

<net id="94"><net_src comp="46" pin="0"/><net_sink comp="89" pin=0"/></net>

<net id="95"><net_src comp="8" pin="0"/><net_sink comp="89" pin=1"/></net>

<net id="101"><net_src comp="46" pin="0"/><net_sink comp="96" pin=0"/></net>

<net id="102"><net_src comp="10" pin="0"/><net_sink comp="96" pin=1"/></net>

<net id="107"><net_src comp="16" pin="0"/><net_sink comp="103" pin=0"/></net>

<net id="112"><net_src comp="16" pin="0"/><net_sink comp="108" pin=0"/></net>

<net id="117"><net_src comp="16" pin="0"/><net_sink comp="113" pin=0"/></net>

<net id="122"><net_src comp="18" pin="0"/><net_sink comp="118" pin=0"/></net>

<net id="130"><net_src comp="123" pin="1"/><net_sink comp="126" pin=0"/></net>

<net id="131"><net_src comp="20" pin="0"/><net_sink comp="126" pin=1"/></net>

<net id="136"><net_src comp="123" pin="1"/><net_sink comp="132" pin=0"/></net>

<net id="137"><net_src comp="22" pin="0"/><net_sink comp="132" pin=1"/></net>

<net id="158"><net_src comp="40" pin="0"/><net_sink comp="147" pin=0"/></net>

<net id="159"><net_src comp="18" pin="0"/><net_sink comp="147" pin=1"/></net>

<net id="160"><net_src comp="138" pin="1"/><net_sink comp="147" pin=2"/></net>

<net id="161"><net_src comp="22" pin="0"/><net_sink comp="147" pin=3"/></net>

<net id="162"><net_src comp="141" pin="1"/><net_sink comp="147" pin=4"/></net>

<net id="163"><net_src comp="42" pin="0"/><net_sink comp="147" pin=5"/></net>

<net id="164"><net_src comp="144" pin="1"/><net_sink comp="147" pin=6"/></net>

<net id="165"><net_src comp="44" pin="0"/><net_sink comp="147" pin=7"/></net>

<net id="166"><net_src comp="123" pin="1"/><net_sink comp="147" pin=8"/></net>

<net id="178"><net_src comp="40" pin="0"/><net_sink comp="167" pin=0"/></net>

<net id="179"><net_src comp="18" pin="0"/><net_sink comp="167" pin=1"/></net>

<net id="180"><net_src comp="22" pin="0"/><net_sink comp="167" pin=3"/></net>

<net id="181"><net_src comp="42" pin="0"/><net_sink comp="167" pin=5"/></net>

<net id="182"><net_src comp="44" pin="0"/><net_sink comp="167" pin=7"/></net>

<net id="183"><net_src comp="123" pin="1"/><net_sink comp="167" pin=8"/></net>

<net id="188"><net_src comp="167" pin="9"/><net_sink comp="184" pin=0"/></net>

<net id="189"><net_src comp="147" pin="9"/><net_sink comp="184" pin=1"/></net>

<net id="195"><net_src comp="123" pin="1"/><net_sink comp="190" pin=0"/></net>

<net id="196"><net_src comp="18" pin="0"/><net_sink comp="190" pin=1"/></net>

<net id="197"><net_src comp="22" pin="0"/><net_sink comp="190" pin=2"/></net>

<net id="202"><net_src comp="184" pin="2"/><net_sink comp="198" pin=0"/></net>

<net id="207"><net_src comp="184" pin="2"/><net_sink comp="203" pin=0"/></net>

<net id="212"><net_src comp="184" pin="2"/><net_sink comp="208" pin=0"/></net>

<net id="217"><net_src comp="132" pin="2"/><net_sink comp="213" pin=0"/></net>

<net id="221"><net_src comp="218" pin="1"/><net_sink comp="96" pin=2"/></net>

<net id="225"><net_src comp="222" pin="1"/><net_sink comp="89" pin=2"/></net>

<net id="229"><net_src comp="226" pin="1"/><net_sink comp="82" pin=2"/></net>

<net id="233"><net_src comp="48" pin="1"/><net_sink comp="230" pin=0"/></net>

<net id="234"><net_src comp="230" pin="1"/><net_sink comp="118" pin=1"/></net>

<net id="235"><net_src comp="230" pin="1"/><net_sink comp="123" pin=0"/></net>

<net id="236"><net_src comp="230" pin="1"/><net_sink comp="213" pin=1"/></net>

<net id="240"><net_src comp="52" pin="1"/><net_sink comp="237" pin=0"/></net>

<net id="241"><net_src comp="237" pin="1"/><net_sink comp="113" pin=1"/></net>

<net id="242"><net_src comp="237" pin="1"/><net_sink comp="138" pin=0"/></net>

<net id="243"><net_src comp="237" pin="1"/><net_sink comp="203" pin=1"/></net>

<net id="244"><net_src comp="237" pin="1"/><net_sink comp="218" pin=0"/></net>

<net id="248"><net_src comp="56" pin="1"/><net_sink comp="245" pin=0"/></net>

<net id="249"><net_src comp="245" pin="1"/><net_sink comp="108" pin=1"/></net>

<net id="250"><net_src comp="245" pin="1"/><net_sink comp="141" pin=0"/></net>

<net id="251"><net_src comp="245" pin="1"/><net_sink comp="198" pin=1"/></net>

<net id="252"><net_src comp="245" pin="1"/><net_sink comp="222" pin=0"/></net>

<net id="256"><net_src comp="60" pin="1"/><net_sink comp="253" pin=0"/></net>

<net id="257"><net_src comp="253" pin="1"/><net_sink comp="103" pin=1"/></net>

<net id="258"><net_src comp="253" pin="1"/><net_sink comp="144" pin=0"/></net>

<net id="259"><net_src comp="253" pin="1"/><net_sink comp="208" pin=1"/></net>

<net id="260"><net_src comp="253" pin="1"/><net_sink comp="226" pin=0"/></net>

<net id="264"><net_src comp="64" pin="2"/><net_sink comp="261" pin=0"/></net>

<net id="265"><net_src comp="261" pin="1"/><net_sink comp="167" pin=6"/></net>

<net id="269"><net_src comp="70" pin="2"/><net_sink comp="266" pin=0"/></net>

<net id="270"><net_src comp="266" pin="1"/><net_sink comp="167" pin=4"/></net>

<net id="274"><net_src comp="76" pin="2"/><net_sink comp="271" pin=0"/></net>

<net id="275"><net_src comp="271" pin="1"/><net_sink comp="167" pin=2"/></net>

</net_list>

</model> 
---------------- Datapath Model END ------------------

* FSMD analyzer results:
  - Output states:
	Port: mux_case_26_out | {2 }
	Port: mux_case_14_out | {2 }
	Port: mux_case_02_out | {2 }
 - Input state : 
	Port: AWBChannelGainKernel_Pipeline_VITIS_LOOP_216_3 : tmpsum_vals_2 | {1 }
	Port: AWBChannelGainKernel_Pipeline_VITIS_LOOP_216_3 : tmpsum_vals_1 | {1 }
	Port: AWBChannelGainKernel_Pipeline_VITIS_LOOP_216_3 : tmpsum_vals | {1 }
  - Chain level:
	State 1
		store_ln0 : 1
		store_ln0 : 1
		store_ln0 : 1
		store_ln216 : 1
	State 2
		icmp_ln216 : 1
		add_ln216 : 1
		br_ln216 : 2
		tmp_9 : 1
		tmp_s : 1
		add_ln221 : 2
		switch_ln221 : 1
		store_ln221 : 3
		store_ln221 : 3
		store_ln221 : 3
		store_ln216 : 2
		write_ln0 : 1
		write_ln0 : 1
		write_ln0 : 1


============================================================
+ Verbose Summary: Datapath Resource usage 
============================================================

* Functional unit list:
|----------|-------------------------------|---------|---------|
| Operation|        Functional Unit        |    FF   |   LUT   |
|----------|-------------------------------|---------|---------|
|    add   |        add_ln216_fu_132       |    0    |    9    |
|          |        add_ln221_fu_184       |    0    |    47   |
|----------|-------------------------------|---------|---------|
| sparsemux|          tmp_9_fu_147         |    0    |    9    |
|          |          tmp_s_fu_167         |    0    |    9    |
|----------|-------------------------------|---------|---------|
|   icmp   |       icmp_ln216_fu_126       |    0    |    9    |
|----------|-------------------------------|---------|---------|
|          |  tmpsum_vals_read_read_fu_64  |    0    |    0    |
|   read   | tmpsum_vals_1_read_read_fu_70 |    0    |    0    |
|          | tmpsum_vals_2_read_read_fu_76 |    0    |    0    |
|----------|-------------------------------|---------|---------|
|          |     write_ln0_write_fu_82     |    0    |    0    |
|   write  |     write_ln0_write_fu_89     |    0    |    0    |
|          |     write_ln0_write_fu_96     |    0    |    0    |
|----------|-------------------------------|---------|---------|
|  switch  |      switch_ln221_fu_190      |    0    |    0    |
|----------|-------------------------------|---------|---------|
|   Total  |                               |    0    |    83   |
|----------|-------------------------------|---------|---------|

Memories:
N/A

* Register list:
+--------------------------+--------+
|                          |   FF   |
+--------------------------+--------+
|         c_reg_230        |    2   |
|    mux_case_02_reg_237   |   40   |
|    mux_case_14_reg_245   |   40   |
|    mux_case_26_reg_253   |   40   |
|tmpsum_vals_1_read_reg_266|   40   |
|tmpsum_vals_2_read_reg_271|   40   |
| tmpsum_vals_read_reg_261 |   40   |
+--------------------------+--------+
|           Total          |   242  |
+--------------------------+--------+

* Multiplexer (MUX) list: 
|--------|------|------|------|--------|
|  Comp  |  Pin | Size |  BW  | S x BW |
|--------|------|------|------|--------|
|  Total |      |      |      |    0   |
|--------|------|------|------|--------|



* Summary:
+-----------+--------+--------+
|           |   FF   |   LUT  |
+-----------+--------+--------+
|  Function |    0   |   83   |
|   Memory  |    -   |    -   |
|Multiplexer|    -   |    -   |
|  Register |   242  |    -   |
+-----------+--------+--------+
|   Total   |   242  |   83   |
+-----------+--------+--------+
