

================================================================
== Vitis HLS Report for 'AWBChannelGainKernel_Pipeline_Col_Loop'
================================================================
* Date:           Mon Sep 28 23:10:25 2026

* Version:        2025.2 (Build 6295257 on Nov 14 2025)
* Project:        autowhitebalance_accel
* Solution:       hls (Vivado IP Flow Target)
* Product family: zynquplus
* Target device:  xck26-sfvc784-2LV-c


================================================================
== Performance Estimates
================================================================
+ Timing: 
    * Summary: 
    +--------+----------+----------+------------+
    |  Clock |  Target  | Estimated| Uncertainty|
    +--------+----------+----------+------------+
    |ap_clk  |  10.00 ns|  7.158 ns|     2.70 ns|
    +--------+----------+----------+------------+

+ Latency: 
    * Summary: 
    +---------+---------+-----------+-----------+-----+-----+-------------------+
    |  Latency (cycles) |   Latency (absolute)  |  Interval |      Pipeline     |
    |   min   |   max   |    min    |    max    | min | max |        Type       |
    +---------+---------+-----------+-----------+-----+-----+-------------------+
    |     3843|     3843|  38.430 us|  38.430 us|    0|    0|  loop pipeline stp|
    +---------+---------+-----------+-----------+-----+-----+-------------------+

    + Detail: 
        * Instance: 
        N/A

        * Loop: 
        +------------+---------+---------+----------+-----------+-----------+------+----------+
        |            |  Latency (cycles) | Iteration|  Initiation Interval  | Trip |          |
        |  Loop Name |   min   |   max   |  Latency |  achieved |   target  | Count| Pipelined|
        +------------+---------+---------+----------+-----------+-----------+------+----------+
        |- Col_Loop  |     3841|     3841|         3|          1|          1|  3840|       yes|
        +------------+---------+---------+----------+-----------+-----------+------+----------+

============================================================
+ Verbose Summary: Synthesis Manager
============================================================
InlineROM: 1
ExposeGlobal: 0
============================================================
+ Verbose Summary: CDFG Model
============================================================
IsTopModel: 0
ResetActiveHigh: 1
IsCombinational: 0
IsDatapathOnly: 0
HasWiredReturn: 1
HasMFsm: 2
HasVarLatency: 1
IsPipeline: 0
IsRtlPipelined: 0
IsInstanceOverlapped: 0
IsDontTouch: 0
HasImplIP: 0
IsGatedGlobalClock: 0

+ Individual pipeline summary: 
  * Pipeline-0: initiation interval (II) = 1, depth = 3


============================================================
+ Verbose Summary: Schedule
============================================================
* Number of FSM states : 3
* Pipeline : 1
  Pipeline-0 : II = 1, D = 3, States = { 1 2 3 }
* Dataflow Pipeline: 0

* FSM state transitions: 
1 --> 2 
2 --> 3 
3 --> 

* FSM state operations: 

State 1 <SV = 0> <Delay = 1.66>
ST_1 : Operation 6 [1/1] (0.00ns)   --->   "%j = alloca i32 1" [./xf_autowhitebalance.hpp:135]   --->   Operation 6 'alloca' 'j' <Predicate = true> <Delay = 0.00>
ST_1 : Operation 7 [1/1] (0.00ns)   --->   "%zext_ln176_read = read i19 @_ssdm_op_Read.ap_auto.i19, i19 %zext_ln176"   --->   Operation 7 'read' 'zext_ln176_read' <Predicate = true> <Delay = 0.00>
ST_1 : Operation 8 [1/1] (0.00ns)   --->   "%src1_cols_val_read = read i12 @_ssdm_op_Read.ap_auto.i12, i12 %src1_cols_val"   --->   Operation 8 'read' 'src1_cols_val_read' <Predicate = true> <Delay = 0.00>
ST_1 : Operation 9 [1/1] (0.00ns)   --->   "%zext_ln176_cast = sext i19 %zext_ln176_read"   --->   Operation 9 'sext' 'zext_ln176_cast' <Predicate = true> <Delay = 0.00>
ST_1 : Operation 10 [1/1] (0.00ns)   --->   "%zext_ln176_cast_cast = zext i32 %zext_ln176_cast"   --->   Operation 10 'zext' 'zext_ln176_cast_cast' <Predicate = true> <Delay = 0.00>
ST_1 : Operation 11 [1/1] (0.00ns)   --->   "%specstablecontent_ln0 = specstablecontent void @_ssdm_op_SpecStableContent, i12 %src1_cols_val, i1 1, void @p_str"   --->   Operation 11 'specstablecontent' 'specstablecontent_ln0' <Predicate = true> <Delay = 0.00>
ST_1 : Operation 12 [1/1] (0.00ns)   --->   "%specinterface_ln0 = specinterface void @_ssdm_op_SpecInterface, i30 %impop_data, void @empty_13, i32 0, i32 0, void @empty_25, i32 0, i32 0, void @empty_25, void @empty_25, void @empty_25, i32 0, i32 0, i32 0, i32 0, void @empty_25, void @empty_25, i32 4294967295, i32 0, i32 0, i32 0"   --->   Operation 12 'specinterface' 'specinterface_ln0' <Predicate = true> <Delay = 0.00>
ST_1 : Operation 13 [1/1] (0.00ns)   --->   "%specinterface_ln0 = specinterface void @_ssdm_op_SpecInterface, i30 %in_mat_data, void @empty_13, i32 0, i32 0, void @empty_25, i32 0, i32 0, void @empty_25, void @empty_25, void @empty_25, i32 0, i32 0, i32 0, i32 0, void @empty_25, void @empty_25, i32 4294967295, i32 0, i32 0, i32 0"   --->   Operation 13 'specinterface' 'specinterface_ln0' <Predicate = true> <Delay = 0.00>
ST_1 : Operation 14 [1/1] (0.42ns)   --->   "%store_ln135 = store i12 0, i12 %j" [./xf_autowhitebalance.hpp:135]   --->   Operation 14 'store' 'store_ln135' <Predicate = true> <Delay = 0.42>
ST_1 : Operation 15 [1/1] (0.00ns)   --->   "%br_ln181 = br void %PLANES_LOOP" [./xf_autowhitebalance.hpp:181]   --->   Operation 15 'br' 'br_ln181' <Predicate = true> <Delay = 0.00>
ST_1 : Operation 16 [1/1] (0.00ns)   --->   "%j_7 = load i12 %j" [./xf_autowhitebalance.hpp:181]   --->   Operation 16 'load' 'j_7' <Predicate = true> <Delay = 0.00>
ST_1 : Operation 17 [1/1] (0.80ns)   --->   "%icmp_ln181 = icmp_eq  i12 %j_7, i12 %src1_cols_val_read" [./xf_autowhitebalance.hpp:181]   --->   Operation 17 'icmp' 'icmp_ln181' <Predicate = true> <Delay = 0.80> <CoreInst = "Cmp">   --->   Core 9 'Cmp' <Latency = 0> <II = 1> <Delay = 0.80> <FuncUnit> <Opcode : 'seteq' 'setne' 'setle' 'setge' 'setlt' 'setgt'> <InPorts = 2> <OutPorts = 1>
ST_1 : Operation 18 [1/1] (0.80ns)   --->   "%j_8 = add i12 %j_7, i12 1" [./xf_autowhitebalance.hpp:181]   --->   Operation 18 'add' 'j_8' <Predicate = true> <Delay = 0.80> <CoreInst = "Adder">   --->   Core 1 'Adder' <Latency = 0> <II = 1> <Delay = 0.80> <FuncUnit> <Opcode : 'add' 'sub'> <InPorts = 2> <OutPorts = 1>
ST_1 : Operation 19 [1/1] (0.00ns)   --->   "%br_ln181 = br i1 %icmp_ln181, void %PLANES_LOOP.split_ifconv, void %for.inc114.exitStub" [./xf_autowhitebalance.hpp:181]   --->   Operation 19 'br' 'br_ln181' <Predicate = true> <Delay = 0.00>
ST_1 : Operation 20 [1/1] (0.42ns)   --->   "%store_ln135 = store i12 %j_8, i12 %j" [./xf_autowhitebalance.hpp:135]   --->   Operation 20 'store' 'store_ln135' <Predicate = (!icmp_ln181)> <Delay = 0.42>

State 2 <SV = 1> <Delay = 3.67>
ST_2 : Operation 21 [1/1] ( I:1.83ns O:1.83ns )   --->   "%in_buf = read i30 @_ssdm_op_Read.ap_fifo.volatile.i30P0A, i30 %in_mat_data" [./xf_structs.hpp:543->./xf_autowhitebalance.hpp:188]   --->   Operation 21 'read' 'in_buf' <Predicate = true> <Delay = 1.83> <CoreInst = "FIFO_SRL">   --->   Core 80 'FIFO_SRL' <Latency = 0> <II = 1> <Delay = 1.83> <Storage> <Opcode : 'read' 'write' 'nbread' 'nbwrite'> <Ports = 0> <Width = 30> <Depth = 2> <FIFO>
ST_2 : Operation 22 [1/1] ( I:1.83ns O:1.83ns )   --->   "%write_ln554 = write void @_ssdm_op_Write.ap_fifo.volatile.i30P0A, i30 %impop_data, i30 %in_buf" [./xf_structs.hpp:554->./xf_autowhitebalance.hpp:190]   --->   Operation 22 'write' 'write_ln554' <Predicate = true> <Delay = 1.83> <CoreInst = "FIFO_SRL">   --->   Core 80 'FIFO_SRL' <Latency = 0> <II = 1> <Delay = 1.83> <Storage> <Opcode : 'read' 'write' 'nbread' 'nbwrite'> <Ports = 0> <Width = 30> <Depth = 2> <FIFO>
ST_2 : Operation 23 [1/1] (0.00ns)   --->   "%val1 = trunc i30 %in_buf" [./xf_autowhitebalance.hpp:198]   --->   Operation 23 'trunc' 'val1' <Predicate = true> <Delay = 0.00>
ST_2 : Operation 24 [1/1] (0.00ns)   --->   "%val2 = partselect i10 @_ssdm_op_PartSelect.i10.i30.i32, i30 %in_buf, i32 10" [./xf_autowhitebalance.hpp:200]   --->   Operation 24 'partselect' 'val2' <Predicate = true> <Delay = 0.00>
ST_2 : Operation 25 [1/1] (0.00ns)   --->   "%val3 = partselect i10 @_ssdm_op_PartSelect.i10.i30.i32, i30 %in_buf, i32 20" [./xf_autowhitebalance.hpp:202]   --->   Operation 25 'partselect' 'val3' <Predicate = true> <Delay = 0.00>
ST_2 : Operation 65 [1/1] (0.42ns)   --->   "%ret_ln0 = ret"   --->   Operation 65 'ret' 'ret_ln0' <Predicate = (icmp_ln181)> <Delay = 0.42>

State 3 <SV = 2> <Delay = 7.15>
ST_3 : Operation 26 [1/1] (0.00ns)   --->   "%add_i_i94833_out_load = load i40 %add_i_i94833_out" [./xf_autowhitebalance.hpp:209]   --->   Operation 26 'load' 'add_i_i94833_out_load' <Predicate = true> <Delay = 0.00>
ST_3 : Operation 27 [1/1] (0.00ns)   --->   "%add_i_i85735_out_load = load i40 %add_i_i85735_out" [./xf_autowhitebalance.hpp:210]   --->   Operation 27 'load' 'add_i_i85735_out_load' <Predicate = true> <Delay = 0.00>
ST_3 : Operation 28 [1/1] (0.00ns)   --->   "%add_i_i76837_out_load = load i40 %add_i_i76837_out" [./xf_autowhitebalance.hpp:211]   --->   Operation 28 'load' 'add_i_i76837_out_load' <Predicate = true> <Delay = 0.00>
ST_3 : Operation 29 [1/1] (0.00ns)   --->   "%specpipeline_ln184 = specpipeline void @_ssdm_op_SpecPipeline, i32 1, i32 0, i32 0, i32 0, i32 4294967295, void @empty_25" [./xf_autowhitebalance.hpp:184]   --->   Operation 29 'specpipeline' 'specpipeline_ln184' <Predicate = true> <Delay = 0.00>
ST_3 : Operation 30 [1/1] (0.00ns)   --->   "%speclooptripcount_ln183 = speclooptripcount void @_ssdm_op_SpecLoopTripCount, i64 3840, i64 3840, i64 3840" [./xf_autowhitebalance.hpp:183]   --->   Operation 30 'speclooptripcount' 'speclooptripcount_ln183' <Predicate = true> <Delay = 0.00>
ST_3 : Operation 31 [1/1] (0.00ns)   --->   "%specloopname_ln181 = specloopname void @_ssdm_op_SpecLoopName, void @empty" [./xf_autowhitebalance.hpp:181]   --->   Operation 31 'specloopname' 'specloopname_ln181' <Predicate = true> <Delay = 0.00>
ST_3 : Operation 32 [1/1] (0.78ns)   --->   "%icmp_ln204 = icmp_ult  i10 %val2, i10 %val3" [./xf_autowhitebalance.hpp:204]   --->   Operation 32 'icmp' 'icmp_ln204' <Predicate = true> <Delay = 0.78> <CoreInst = "Cmp">   --->   Core 9 'Cmp' <Latency = 0> <II = 1> <Delay = 0.78> <FuncUnit> <Opcode : 'seteq' 'setne' 'setle' 'setge' 'setlt' 'setgt'> <InPorts = 2> <OutPorts = 1>
ST_3 : Operation 33 [1/1] (0.40ns)   --->   "%select_ln204 = select i1 %icmp_ln204, i10 %val2, i10 %val3" [./xf_autowhitebalance.hpp:204]   --->   Operation 33 'select' 'select_ln204' <Predicate = true> <Delay = 0.40> <CoreInst = "Sel">   --->   Core 73 'Sel' <Latency = 0> <II = 1> <Delay = 0.40> <FuncUnit> <Opcode : 'select'> <InPorts = 3> <OutPorts = 1>
ST_3 : Operation 34 [1/1] (0.78ns)   --->   "%icmp_ln204_1 = icmp_ult  i10 %val1, i10 %select_ln204" [./xf_autowhitebalance.hpp:204]   --->   Operation 34 'icmp' 'icmp_ln204_1' <Predicate = true> <Delay = 0.78> <CoreInst = "Cmp">   --->   Core 9 'Cmp' <Latency = 0> <II = 1> <Delay = 0.78> <FuncUnit> <Opcode : 'seteq' 'setne' 'setle' 'setge' 'setlt' 'setgt'> <InPorts = 2> <OutPorts = 1>
ST_3 : Operation 35 [1/1] (0.00ns) (grouped into LUT with out node sub_ln207)   --->   "%minRGB = select i1 %icmp_ln204_1, i10 %val1, i10 %select_ln204" [./xf_autowhitebalance.hpp:204]   --->   Operation 35 'select' 'minRGB' <Predicate = true> <Delay = 0.00> <CoreInst = "Sel">   --->   Core 73 'Sel' <Latency = 0> <II = 1> <Delay = 0.40> <FuncUnit> <Opcode : 'select'> <InPorts = 3> <OutPorts = 1>
ST_3 : Operation 36 [1/1] (0.00ns) (grouped into LUT with out node sub_ln207)   --->   "%zext_ln150 = zext i10 %minRGB" [./xf_autowhitebalance.hpp:150]   --->   Operation 36 'zext' 'zext_ln150' <Predicate = true> <Delay = 0.00>
ST_3 : Operation 37 [1/1] (0.78ns)   --->   "%icmp_ln205 = icmp_ugt  i10 %val2, i10 %val3" [./xf_autowhitebalance.hpp:205]   --->   Operation 37 'icmp' 'icmp_ln205' <Predicate = true> <Delay = 0.78> <CoreInst = "Cmp">   --->   Core 9 'Cmp' <Latency = 0> <II = 1> <Delay = 0.78> <FuncUnit> <Opcode : 'seteq' 'setne' 'setle' 'setge' 'setlt' 'setgt'> <InPorts = 2> <OutPorts = 1>
ST_3 : Operation 38 [1/1] (0.40ns)   --->   "%select_ln205 = select i1 %icmp_ln205, i10 %val2, i10 %val3" [./xf_autowhitebalance.hpp:205]   --->   Operation 38 'select' 'select_ln205' <Predicate = true> <Delay = 0.40> <CoreInst = "Sel">   --->   Core 73 'Sel' <Latency = 0> <II = 1> <Delay = 0.40> <FuncUnit> <Opcode : 'select'> <InPorts = 3> <OutPorts = 1>
ST_3 : Operation 39 [1/1] (0.78ns)   --->   "%icmp_ln205_1 = icmp_ugt  i10 %val1, i10 %select_ln205" [./xf_autowhitebalance.hpp:205]   --->   Operation 39 'icmp' 'icmp_ln205_1' <Predicate = true> <Delay = 0.78> <CoreInst = "Cmp">   --->   Core 9 'Cmp' <Latency = 0> <II = 1> <Delay = 0.78> <FuncUnit> <Opcode : 'seteq' 'setne' 'setle' 'setge' 'setlt' 'setgt'> <InPorts = 2> <OutPorts = 1>
ST_3 : Operation 40 [1/1] (0.40ns)   --->   "%maxRGB = select i1 %icmp_ln205_1, i10 %val1, i10 %select_ln205" [./xf_autowhitebalance.hpp:205]   --->   Operation 40 'select' 'maxRGB' <Predicate = true> <Delay = 0.40> <CoreInst = "Sel">   --->   Core 73 'Sel' <Latency = 0> <II = 1> <Delay = 0.40> <FuncUnit> <Opcode : 'select'> <InPorts = 3> <OutPorts = 1>
ST_3 : Operation 41 [1/1] (0.00ns) (grouped into LUT with out node sub_ln207)   --->   "%zext_ln150_1 = zext i10 %maxRGB" [./xf_autowhitebalance.hpp:150]   --->   Operation 41 'zext' 'zext_ln150_1' <Predicate = true> <Delay = 0.00>
ST_3 : Operation 42 [1/1] (0.78ns) (out node of the LUT)   --->   "%sub_ln207 = sub i11 %zext_ln150_1, i11 %zext_ln150" [./xf_autowhitebalance.hpp:207]   --->   Operation 42 'sub' 'sub_ln207' <Predicate = true> <Delay = 0.78> <CoreInst = "Adder">   --->   Core 1 'Adder' <Latency = 0> <II = 1> <Delay = 0.78> <FuncUnit> <Opcode : 'add' 'sub'> <InPorts = 2> <OutPorts = 1>
ST_3 : Operation 43 [1/1] (0.00ns)   --->   "%sext_ln207 = sext i11 %sub_ln207" [./xf_autowhitebalance.hpp:207]   --->   Operation 43 'sext' 'sext_ln207' <Predicate = true> <Delay = 0.00>
ST_3 : Operation 44 [1/1] (0.00ns)   --->   "%tmp = bitconcatenate i21 @_ssdm_op_BitConcatenate.i21.i11.i10, i11 %sub_ln207, i10 0" [./xf_autowhitebalance.hpp:207]   --->   Operation 44 'bitconcatenate' 'tmp' <Predicate = true> <Delay = 0.00>
ST_3 : Operation 45 [1/1] (0.00ns)   --->   "%sext_ln207_2 = sext i21 %tmp" [./xf_autowhitebalance.hpp:207]   --->   Operation 45 'sext' 'sext_ln207_2' <Predicate = true> <Delay = 0.00>
ST_3 : Operation 46 [1/1] (0.90ns)   --->   "%sub_ln207_1 = sub i22 %sext_ln207_2, i22 %sext_ln207" [./xf_autowhitebalance.hpp:207]   --->   Operation 46 'sub' 'sub_ln207_1' <Predicate = true> <Delay = 0.90> <CoreInst = "Adder">   --->   Core 1 'Adder' <Latency = 0> <II = 1> <Delay = 0.90> <FuncUnit> <Opcode : 'add' 'sub'> <InPorts = 2> <OutPorts = 1>
ST_3 : Operation 47 [1/1] (0.00ns)   --->   "%zext_ln207 = zext i10 %maxRGB" [./xf_autowhitebalance.hpp:207]   --->   Operation 47 'zext' 'zext_ln207' <Predicate = true> <Delay = 0.00>
ST_3 : Operation 48 [1/1] (3.42ns)   --->   "%mul_ln207 = mul i42 %zext_ln176_cast_cast, i42 %zext_ln207" [./xf_autowhitebalance.hpp:207]   --->   Operation 48 'mul' 'mul_ln207' <Predicate = true> <Delay = 3.42> <CoreInst = "Multiplier">   --->   Core 3 'Multiplier' <Latency = 0> <II = 1> <Delay = 3.42> <FuncUnit> <Opcode : 'mul'> <InPorts = 2> <OutPorts = 1>
ST_3 : Operation 49 [1/1] (0.00ns)   --->   "%zext_ln207_1 = zext i42 %mul_ln207" [./xf_autowhitebalance.hpp:207]   --->   Operation 49 'zext' 'zext_ln207_1' <Predicate = true> <Delay = 0.00>
ST_3 : Operation 50 [1/1] (0.00ns)   --->   "%sext_ln207_1 = sext i22 %sub_ln207_1" [./xf_autowhitebalance.hpp:207]   --->   Operation 50 'sext' 'sext_ln207_1' <Predicate = true> <Delay = 0.00>
ST_3 : Operation 51 [1/1] (1.04ns)   --->   "%icmp_ln207 = icmp_slt  i43 %zext_ln207_1, i43 %sext_ln207_1" [./xf_autowhitebalance.hpp:207]   --->   Operation 51 'icmp' 'icmp_ln207' <Predicate = true> <Delay = 1.04> <CoreInst = "Cmp">   --->   Core 9 'Cmp' <Latency = 0> <II = 1> <Delay = 1.04> <FuncUnit> <Opcode : 'seteq' 'setne' 'setle' 'setge' 'setlt' 'setgt'> <InPorts = 2> <OutPorts = 1>
ST_3 : Operation 52 [1/1] (0.00ns)   --->   "%zext_ln209 = zext i10 %val1" [./xf_autowhitebalance.hpp:209]   --->   Operation 52 'zext' 'zext_ln209' <Predicate = true> <Delay = 0.00>
ST_3 : Operation 53 [1/1] (1.03ns)   --->   "%add_ln209 = add i40 %add_i_i94833_out_load, i40 %zext_ln209" [./xf_autowhitebalance.hpp:209]   --->   Operation 53 'add' 'add_ln209' <Predicate = true> <Delay = 1.03> <CoreInst = "Adder">   --->   Core 1 'Adder' <Latency = 0> <II = 1> <Delay = 1.03> <FuncUnit> <Opcode : 'add' 'sub'> <InPorts = 2> <OutPorts = 1>
ST_3 : Operation 54 [1/1] (0.00ns)   --->   "%zext_ln210 = zext i10 %val2" [./xf_autowhitebalance.hpp:210]   --->   Operation 54 'zext' 'zext_ln210' <Predicate = true> <Delay = 0.00>
ST_3 : Operation 55 [1/1] (1.03ns)   --->   "%add_ln210 = add i40 %add_i_i85735_out_load, i40 %zext_ln210" [./xf_autowhitebalance.hpp:210]   --->   Operation 55 'add' 'add_ln210' <Predicate = true> <Delay = 1.03> <CoreInst = "Adder">   --->   Core 1 'Adder' <Latency = 0> <II = 1> <Delay = 1.03> <FuncUnit> <Opcode : 'add' 'sub'> <InPorts = 2> <OutPorts = 1>
ST_3 : Operation 56 [1/1] (0.00ns)   --->   "%zext_ln211 = zext i10 %val3" [./xf_autowhitebalance.hpp:211]   --->   Operation 56 'zext' 'zext_ln211' <Predicate = true> <Delay = 0.00>
ST_3 : Operation 57 [1/1] (1.03ns)   --->   "%add_ln211 = add i40 %add_i_i76837_out_load, i40 %zext_ln211" [./xf_autowhitebalance.hpp:211]   --->   Operation 57 'add' 'add_ln211' <Predicate = true> <Delay = 1.03> <CoreInst = "Adder">   --->   Core 1 'Adder' <Latency = 0> <II = 1> <Delay = 1.03> <FuncUnit> <Opcode : 'add' 'sub'> <InPorts = 2> <OutPorts = 1>
ST_3 : Operation 58 [1/1] (0.31ns)   --->   "%add_i_i76836 = select i1 %icmp_ln207, i40 %add_i_i76837_out_load, i40 %add_ln211" [./xf_autowhitebalance.hpp:207]   --->   Operation 58 'select' 'add_i_i76836' <Predicate = true> <Delay = 0.31> <CoreInst = "Sel">   --->   Core 73 'Sel' <Latency = 0> <II = 1> <Delay = 0.31> <FuncUnit> <Opcode : 'select'> <InPorts = 3> <OutPorts = 1>
ST_3 : Operation 59 [1/1] (0.31ns)   --->   "%add_i_i85734 = select i1 %icmp_ln207, i40 %add_i_i85735_out_load, i40 %add_ln210" [./xf_autowhitebalance.hpp:207]   --->   Operation 59 'select' 'add_i_i85734' <Predicate = true> <Delay = 0.31> <CoreInst = "Sel">   --->   Core 73 'Sel' <Latency = 0> <II = 1> <Delay = 0.31> <FuncUnit> <Opcode : 'select'> <InPorts = 3> <OutPorts = 1>
ST_3 : Operation 60 [1/1] (0.31ns)   --->   "%add_i_i94832 = select i1 %icmp_ln207, i40 %add_i_i94833_out_load, i40 %add_ln209" [./xf_autowhitebalance.hpp:207]   --->   Operation 60 'select' 'add_i_i94832' <Predicate = true> <Delay = 0.31> <CoreInst = "Sel">   --->   Core 73 'Sel' <Latency = 0> <II = 1> <Delay = 0.31> <FuncUnit> <Opcode : 'select'> <InPorts = 3> <OutPorts = 1>
ST_3 : Operation 61 [1/1] (0.00ns)   --->   "%store_ln207 = store i40 %add_i_i76836, i40 %add_i_i76837_out" [./xf_autowhitebalance.hpp:207]   --->   Operation 61 'store' 'store_ln207' <Predicate = true> <Delay = 0.00>
ST_3 : Operation 62 [1/1] (0.00ns)   --->   "%store_ln207 = store i40 %add_i_i85734, i40 %add_i_i85735_out" [./xf_autowhitebalance.hpp:207]   --->   Operation 62 'store' 'store_ln207' <Predicate = true> <Delay = 0.00>
ST_3 : Operation 63 [1/1] (0.00ns)   --->   "%store_ln207 = store i40 %add_i_i94832, i40 %add_i_i94833_out" [./xf_autowhitebalance.hpp:207]   --->   Operation 63 'store' 'store_ln207' <Predicate = true> <Delay = 0.00>
ST_3 : Operation 64 [1/1] (0.00ns)   --->   "%br_ln181 = br void %PLANES_LOOP" [./xf_autowhitebalance.hpp:181]   --->   Operation 64 'br' 'br_ln181' <Predicate = true> <Delay = 0.00>


============================================================
+ Verbose Summary: Timing violations
============================================================
Target clock period: 10.000ns, clock uncertainty: 2.700ns.

 <State 1>: 1.663ns
The critical path consists of the following:
	'store' operation ('store_ln135', ./xf_autowhitebalance.hpp:135) of constant 0 12 bit on local variable 'j', ./xf_autowhitebalance.hpp:135 [16]  (0.427 ns)
	'load' operation 12 bit ('j', ./xf_autowhitebalance.hpp:181) on local variable 'j', ./xf_autowhitebalance.hpp:135 [19]  (0.000 ns)
	'icmp' operation 1 bit ('icmp_ln181', ./xf_autowhitebalance.hpp:181) [20]  (0.809 ns)
	'store' operation ('store_ln135', ./xf_autowhitebalance.hpp:135) of variable 'j', ./xf_autowhitebalance.hpp:181 12 bit on local variable 'j', ./xf_autowhitebalance.hpp:135 [67]  (0.427 ns)

 <State 2>: 3.676ns
The critical path consists of the following:
	fifo read operation ('in_buf', ./xf_structs.hpp:543->./xf_autowhitebalance.hpp:188) on port 'in_mat_data' (./xf_structs.hpp:543->./xf_autowhitebalance.hpp:188) [30]  (1.838 ns)
	fifo write operation ('write_ln554', ./xf_structs.hpp:554->./xf_autowhitebalance.hpp:190) on port 'impop_data' (./xf_structs.hpp:554->./xf_autowhitebalance.hpp:190) [31]  (1.838 ns)

 <State 3>: 7.158ns
The critical path consists of the following:
	'icmp' operation 1 bit ('icmp_ln205', ./xf_autowhitebalance.hpp:205) [40]  (0.787 ns)
	'select' operation 10 bit ('select_ln205', ./xf_autowhitebalance.hpp:205) [41]  (0.403 ns)
	'icmp' operation 1 bit ('icmp_ln205_1', ./xf_autowhitebalance.hpp:205) [42]  (0.787 ns)
	'select' operation 10 bit ('maxRGB', ./xf_autowhitebalance.hpp:205) [43]  (0.403 ns)
	'mul' operation 42 bit ('mul_ln207', ./xf_autowhitebalance.hpp:207) [51]  (3.420 ns)
	'icmp' operation 1 bit ('icmp_ln207', ./xf_autowhitebalance.hpp:207) [54]  (1.048 ns)
	'select' operation 40 bit ('add_i_i76836', ./xf_autowhitebalance.hpp:207) [61]  (0.310 ns)


============================================================
+ Verbose Summary: Binding
============================================================
N/A
* FSMD analyzer results:
  - Output states:
 - Input state : 
  - Chain level:
	State 1
	State 2
	State 3


============================================================
+ Verbose Summary: Datapath Resource usage 
============================================================
N/A
