

================================================================
== Vitis HLS Report for 'AWBChannelGainKernel_Pipeline_VITIS_LOOP_216_3'
================================================================
* Date:           Thu Oct  1 01:57:27 2026

* Version:        2025.2 (Build 6295257 on Nov 14 2025)
* Project:        autowhitebalance_accel
* Solution:       hls (Vivado IP Flow Target)
* Product family: zynquplus
* Target device:  xck26-sfvc784-2LV-c


================================================================
== Performance Estimates
================================================================
+ Timing: 
    * Summary: 
    +--------+----------+----------+------------+
    |  Clock |  Target  | Estimated| Uncertainty|
    +--------+----------+----------+------------+
    |ap_clk  |  10.00 ns|  1.888 ns|     2.70 ns|
    +--------+----------+----------+------------+

+ Latency: 
    * Summary: 
    +---------+---------+-----------+-----------+-----+-----+-------------------+
    |  Latency (cycles) |   Latency (absolute)  |  Interval |      Pipeline     |
    |   min   |   max   |    min    |    max    | min | max |        Type       |
    +---------+---------+-----------+-----------+-----+-----+-------------------+
    |        5|        5|  50.000 ns|  50.000 ns|    0|    0|  loop pipeline stp|
    +---------+---------+-----------+-----------+-----+-----+-------------------+

    + Detail: 
        * Instance: 
        N/A

        * Loop: 
        +--------------------+---------+---------+----------+-----------+-----------+------+----------+
        |                    |  Latency (cycles) | Iteration|  Initiation Interval  | Trip |          |
        |      Loop Name     |   min   |   max   |  Latency |  achieved |   target  | Count| Pipelined|
        +--------------------+---------+---------+----------+-----------+-----------+------+----------+
        |- VITIS_LOOP_216_3  |        3|        3|         1|          1|          1|     3|       yes|
        +--------------------+---------+---------+----------+-----------+-----------+------+----------+

============================================================
+ Verbose Summary: Synthesis Manager
============================================================
InlineROM: 1
ExposeGlobal: 0
============================================================
+ Verbose Summary: CDFG Model
============================================================
IsTopModel: 0
ResetActiveHigh: 1
IsCombinational: 0
IsDatapathOnly: 0
HasWiredReturn: 1
HasMFsm: 2
HasVarLatency: 1
IsPipeline: 0
IsRtlPipelined: 0
IsInstanceOverlapped: 0
IsDontTouch: 0
HasImplIP: 0
IsGatedGlobalClock: 0

+ Individual pipeline summary: 
  * Pipeline-0: initiation interval (II) = 1, depth = 2


============================================================
+ Verbose Summary: Schedule
============================================================
* Number of FSM states : 2
* Pipeline : 1
  Pipeline-0 : II = 1, D = 2, States = { 1 2 }
* Dataflow Pipeline: 0

* FSM state transitions: 
1 --> 2 
2 --> 

* FSM state operations: 

State 1 <SV = 0> <Delay = 0.42>
ST_1 : Operation 4 [1/1] (0.00ns)   --->   "%c = alloca i32 1" [./xf_autowhitebalance.hpp:216]   --->   Operation 4 'alloca' 'c' <Predicate = true> <Delay = 0.00>
ST_1 : Operation 5 [1/1] (0.00ns)   --->   "%mux_case_02 = alloca i32 1"   --->   Operation 5 'alloca' 'mux_case_02' <Predicate = true> <Delay = 0.00>
ST_1 : Operation 6 [1/1] (0.00ns)   --->   "%mux_case_14 = alloca i32 1"   --->   Operation 6 'alloca' 'mux_case_14' <Predicate = true> <Delay = 0.00>
ST_1 : Operation 7 [1/1] (0.00ns)   --->   "%mux_case_26 = alloca i32 1"   --->   Operation 7 'alloca' 'mux_case_26' <Predicate = true> <Delay = 0.00>
ST_1 : Operation 8 [1/1] (0.00ns)   --->   "%tmpsum_vals_read = read i40 @_ssdm_op_Read.ap_auto.i40, i40 %tmpsum_vals"   --->   Operation 8 'read' 'tmpsum_vals_read' <Predicate = true> <Delay = 0.00>
ST_1 : Operation 9 [1/1] (0.00ns)   --->   "%tmpsum_vals_1_read = read i40 @_ssdm_op_Read.ap_auto.i40, i40 %tmpsum_vals_1"   --->   Operation 9 'read' 'tmpsum_vals_1_read' <Predicate = true> <Delay = 0.00>
ST_1 : Operation 10 [1/1] (0.00ns)   --->   "%tmpsum_vals_2_read = read i40 @_ssdm_op_Read.ap_auto.i40, i40 %tmpsum_vals_2"   --->   Operation 10 'read' 'tmpsum_vals_2_read' <Predicate = true> <Delay = 0.00>
ST_1 : Operation 11 [1/1] (0.42ns)   --->   "%store_ln0 = store i40 0, i40 %mux_case_26"   --->   Operation 11 'store' 'store_ln0' <Predicate = true> <Delay = 0.42>
ST_1 : Operation 12 [1/1] (0.42ns)   --->   "%store_ln0 = store i40 0, i40 %mux_case_14"   --->   Operation 12 'store' 'store_ln0' <Predicate = true> <Delay = 0.42>
ST_1 : Operation 13 [1/1] (0.42ns)   --->   "%store_ln0 = store i40 0, i40 %mux_case_02"   --->   Operation 13 'store' 'store_ln0' <Predicate = true> <Delay = 0.42>
ST_1 : Operation 14 [1/1] (0.42ns)   --->   "%store_ln216 = store i2 0, i2 %c" [./xf_autowhitebalance.hpp:216]   --->   Operation 14 'store' 'store_ln216' <Predicate = true> <Delay = 0.42>
ST_1 : Operation 15 [1/1] (0.00ns)   --->   "%br_ln0 = br void %VITIS_LOOP_217_4"   --->   Operation 15 'br' 'br_ln0' <Predicate = true> <Delay = 0.00>

State 2 <SV = 1> <Delay = 1.88>
ST_2 : Operation 16 [1/1] (0.00ns)   --->   "%c_1 = load i2 %c" [./xf_autowhitebalance.hpp:216]   --->   Operation 16 'load' 'c_1' <Predicate = true> <Delay = 0.00>
ST_2 : Operation 17 [1/1] (0.54ns)   --->   "%icmp_ln216 = icmp_eq  i2 %c_1, i2 3" [./xf_autowhitebalance.hpp:216]   --->   Operation 17 'icmp' 'icmp_ln216' <Predicate = true> <Delay = 0.54> <CoreInst = "Cmp">   --->   Core 9 'Cmp' <Latency = 0> <II = 1> <Delay = 0.54> <FuncUnit> <Opcode : 'seteq' 'setne' 'setle' 'setge' 'setlt' 'setgt'> <InPorts = 2> <OutPorts = 1>
ST_2 : Operation 18 [1/1] (0.54ns)   --->   "%add_ln216 = add i2 %c_1, i2 1" [./xf_autowhitebalance.hpp:216]   --->   Operation 18 'add' 'add_ln216' <Predicate = true> <Delay = 0.54> <CoreInst = "Adder">   --->   Core 1 'Adder' <Latency = 0> <II = 1> <Delay = 0.54> <FuncUnit> <Opcode : 'add' 'sub'> <InPorts = 2> <OutPorts = 1>
ST_2 : Operation 19 [1/1] (0.00ns)   --->   "%br_ln216 = br i1 %icmp_ln216, void %VITIS_LOOP_217_4.split, void %for.end140.exitStub" [./xf_autowhitebalance.hpp:216]   --->   Operation 19 'br' 'br_ln216' <Predicate = true> <Delay = 0.00>
ST_2 : Operation 20 [1/1] (0.00ns)   --->   "%mux_case_02_load_1 = load i40 %mux_case_02" [./xf_autowhitebalance.hpp:221]   --->   Operation 20 'load' 'mux_case_02_load_1' <Predicate = (!icmp_ln216)> <Delay = 0.00>
ST_2 : Operation 21 [1/1] (0.00ns)   --->   "%mux_case_14_load_1 = load i40 %mux_case_14" [./xf_autowhitebalance.hpp:221]   --->   Operation 21 'load' 'mux_case_14_load_1' <Predicate = (!icmp_ln216)> <Delay = 0.00>
ST_2 : Operation 22 [1/1] (0.00ns)   --->   "%mux_case_26_load_1 = load i40 %mux_case_26" [./xf_autowhitebalance.hpp:221]   --->   Operation 22 'load' 'mux_case_26_load_1' <Predicate = (!icmp_ln216)> <Delay = 0.00>
ST_2 : Operation 23 [1/1] (0.00ns)   --->   "%specpipeline_ln216 = specpipeline void @_ssdm_op_SpecPipeline, i32 4294967295, i32 0, i32 0, i32 0, i32 4294967295, void @empty_25" [./xf_autowhitebalance.hpp:216]   --->   Operation 23 'specpipeline' 'specpipeline_ln216' <Predicate = (!icmp_ln216)> <Delay = 0.00>
ST_2 : Operation 24 [1/1] (0.00ns)   --->   "%speclooptripcount_ln216 = speclooptripcount void @_ssdm_op_SpecLoopTripCount, i64 3, i64 3, i64 3" [./xf_autowhitebalance.hpp:216]   --->   Operation 24 'speclooptripcount' 'speclooptripcount_ln216' <Predicate = (!icmp_ln216)> <Delay = 0.00>
ST_2 : Operation 25 [1/1] (0.00ns)   --->   "%specloopname_ln216 = specloopname void @_ssdm_op_SpecLoopName, void @empty_11" [./xf_autowhitebalance.hpp:216]   --->   Operation 25 'specloopname' 'specloopname_ln216' <Predicate = (!icmp_ln216)> <Delay = 0.00>
ST_2 : Operation 26 [1/1] (0.42ns)   --->   "%tmp_9 = sparsemux i40 @_ssdm_op_SparseMux.ap_auto.3i40.i40.i2, i2 0, i40 %mux_case_02_load_1, i2 1, i40 %mux_case_14_load_1, i2 2, i40 %mux_case_26_load_1, i40 0, i2 %c_1" [./xf_autowhitebalance.hpp:221]   --->   Operation 26 'sparsemux' 'tmp_9' <Predicate = (!icmp_ln216)> <Delay = 0.42> <CoreInst = "OneHotSparseMux_HasDef">   --->   Core 152 'OneHotSparseMux_HasDef' <Latency = 0> <II = 1> <Delay = 0.42> <FuncUnit> <Opcode : 'sparsemux'> <InPorts = 2> <OutPorts = 1>
ST_2 : Operation 27 [1/1] (0.42ns)   --->   "%tmp_s = sparsemux i40 @_ssdm_op_SparseMux.ap_auto.3i40.i40.i2, i2 0, i40 %tmpsum_vals_2_read, i2 1, i40 %tmpsum_vals_1_read, i2 2, i40 %tmpsum_vals_read, i40 0, i2 %c_1" [./xf_autowhitebalance.hpp:221]   --->   Operation 27 'sparsemux' 'tmp_s' <Predicate = (!icmp_ln216)> <Delay = 0.42> <CoreInst = "OneHotSparseMux_HasDef">   --->   Core 152 'OneHotSparseMux_HasDef' <Latency = 0> <II = 1> <Delay = 0.42> <FuncUnit> <Opcode : 'sparsemux'> <InPorts = 2> <OutPorts = 1>
ST_2 : Operation 28 [1/1] (1.03ns)   --->   "%add_ln221 = add i40 %tmp_s, i40 %tmp_9" [./xf_autowhitebalance.hpp:221]   --->   Operation 28 'add' 'add_ln221' <Predicate = (!icmp_ln216)> <Delay = 1.03> <CoreInst = "Adder">   --->   Core 1 'Adder' <Latency = 0> <II = 1> <Delay = 1.03> <FuncUnit> <Opcode : 'add' 'sub'> <InPorts = 2> <OutPorts = 1>
ST_2 : Operation 29 [1/1] (0.54ns)   --->   "%switch_ln221 = switch i2 %c_1, void %V1.i.i.i18.i1441.case.2, i2 0, void %V1.i.i.i18.i1441.case.0, i2 1, void %VITIS_LOOP_217_4.split.V1.i.i.i18.i1441.exit_crit_edge" [./xf_autowhitebalance.hpp:221]   --->   Operation 29 'switch' 'switch_ln221' <Predicate = (!icmp_ln216)> <Delay = 0.54>
ST_2 : Operation 30 [1/1] (0.42ns)   --->   "%store_ln221 = store i40 %add_ln221, i40 %mux_case_14" [./xf_autowhitebalance.hpp:221]   --->   Operation 30 'store' 'store_ln221' <Predicate = (!icmp_ln216 & c_1 == 1)> <Delay = 0.42>
ST_2 : Operation 31 [1/1] (0.00ns)   --->   "%br_ln221 = br void %V1.i.i.i18.i1441.exit" [./xf_autowhitebalance.hpp:221]   --->   Operation 31 'br' 'br_ln221' <Predicate = (!icmp_ln216 & c_1 == 1)> <Delay = 0.00>
ST_2 : Operation 32 [1/1] (0.42ns)   --->   "%store_ln221 = store i40 %add_ln221, i40 %mux_case_02" [./xf_autowhitebalance.hpp:221]   --->   Operation 32 'store' 'store_ln221' <Predicate = (!icmp_ln216 & c_1 == 0)> <Delay = 0.42>
ST_2 : Operation 33 [1/1] (0.00ns)   --->   "%br_ln221 = br void %V1.i.i.i18.i1441.exit" [./xf_autowhitebalance.hpp:221]   --->   Operation 33 'br' 'br_ln221' <Predicate = (!icmp_ln216 & c_1 == 0)> <Delay = 0.00>
ST_2 : Operation 34 [1/1] (0.42ns)   --->   "%store_ln221 = store i40 %add_ln221, i40 %mux_case_26" [./xf_autowhitebalance.hpp:221]   --->   Operation 34 'store' 'store_ln221' <Predicate = (!icmp_ln216 & c_1 != 0 & c_1 != 1)> <Delay = 0.42>
ST_2 : Operation 35 [1/1] (0.00ns)   --->   "%br_ln221 = br void %V1.i.i.i18.i1441.exit" [./xf_autowhitebalance.hpp:221]   --->   Operation 35 'br' 'br_ln221' <Predicate = (!icmp_ln216 & c_1 != 0 & c_1 != 1)> <Delay = 0.00>
ST_2 : Operation 36 [1/1] (0.42ns)   --->   "%store_ln216 = store i2 %add_ln216, i2 %c" [./xf_autowhitebalance.hpp:216]   --->   Operation 36 'store' 'store_ln216' <Predicate = (!icmp_ln216)> <Delay = 0.42>
ST_2 : Operation 37 [1/1] (0.00ns)   --->   "%br_ln216 = br void %VITIS_LOOP_217_4" [./xf_autowhitebalance.hpp:216]   --->   Operation 37 'br' 'br_ln216' <Predicate = (!icmp_ln216)> <Delay = 0.00>
ST_2 : Operation 38 [1/1] (0.00ns)   --->   "%mux_case_02_load = load i40 %mux_case_02"   --->   Operation 38 'load' 'mux_case_02_load' <Predicate = (icmp_ln216)> <Delay = 0.00>
ST_2 : Operation 39 [1/1] (0.00ns)   --->   "%mux_case_14_load = load i40 %mux_case_14"   --->   Operation 39 'load' 'mux_case_14_load' <Predicate = (icmp_ln216)> <Delay = 0.00>
ST_2 : Operation 40 [1/1] (0.00ns)   --->   "%mux_case_26_load = load i40 %mux_case_26"   --->   Operation 40 'load' 'mux_case_26_load' <Predicate = (icmp_ln216)> <Delay = 0.00>
ST_2 : Operation 41 [1/1] (0.00ns)   --->   "%write_ln0 = write void @_ssdm_op_Write.ap_auto.i40P0A, i40 %mux_case_26_out, i40 %mux_case_26_load"   --->   Operation 41 'write' 'write_ln0' <Predicate = (icmp_ln216)> <Delay = 0.00>
ST_2 : Operation 42 [1/1] (0.00ns)   --->   "%write_ln0 = write void @_ssdm_op_Write.ap_auto.i40P0A, i40 %mux_case_14_out, i40 %mux_case_14_load"   --->   Operation 42 'write' 'write_ln0' <Predicate = (icmp_ln216)> <Delay = 0.00>
ST_2 : Operation 43 [1/1] (0.00ns)   --->   "%write_ln0 = write void @_ssdm_op_Write.ap_auto.i40P0A, i40 %mux_case_02_out, i40 %mux_case_02_load"   --->   Operation 43 'write' 'write_ln0' <Predicate = (icmp_ln216)> <Delay = 0.00>
ST_2 : Operation 44 [1/1] (0.42ns)   --->   "%ret_ln0 = ret"   --->   Operation 44 'ret' 'ret_ln0' <Predicate = (icmp_ln216)> <Delay = 0.42>


============================================================
+ Verbose Summary: Timing violations
============================================================
Target clock period: 10.000ns, clock uncertainty: 2.700ns.

 <State 1>: 0.427ns
The critical path consists of the following:
	'alloca' operation 40 bit ('mux_case_26') [10]  (0.000 ns)
	'store' operation ('store_ln0') of constant 0 40 bit on local variable 'mux_case_26' [14]  (0.427 ns)

 <State 2>: 1.888ns
The critical path consists of the following:
	'load' operation 2 bit ('c', ./xf_autowhitebalance.hpp:216) on local variable 'c', ./xf_autowhitebalance.hpp:216 [20]  (0.000 ns)
	'sparsemux' operation 40 bit ('tmp_9', ./xf_autowhitebalance.hpp:221) [31]  (0.427 ns)
	'add' operation 40 bit ('add_ln221', ./xf_autowhitebalance.hpp:221) [33]  (1.034 ns)
	'store' operation ('store_ln221', ./xf_autowhitebalance.hpp:221) of variable 'add_ln221', ./xf_autowhitebalance.hpp:221 40 bit on local variable 'mux_case_14' [36]  (0.427 ns)


============================================================
+ Verbose Summary: Binding
============================================================
N/A
* FSMD analyzer results:
  - Output states:
 - Input state : 
  - Chain level:
	State 1
	State 2


============================================================
+ Verbose Summary: Datapath Resource usage 
============================================================
N/A
