

================================================================
== Vitis HLS Report for 'AWBChannelGain_20_20_2160_3840_1_0_2_2_s'
================================================================
* Date:           Thu Oct  1 01:57:29 2026

* Version:        2025.2 (Build 6295257 on Nov 14 2025)
* Project:        autowhitebalance_accel
* Solution:       hls (Vivado IP Flow Target)
* Product family: zynquplus
* Target device:  xck26-sfvc784-2LV-c


================================================================
== Performance Estimates
================================================================
+ Timing: 
    * Summary: 
    +--------+----------+----------+------------+
    |  Clock |  Target  | Estimated| Uncertainty|
    +--------+----------+----------+------------+
    |ap_clk  |  10.00 ns|  7.158 ns|     2.70 ns|
    +--------+----------+----------+------------+

+ Latency: 
    * Summary: 
    +---------+---------+-----------+-----------+---------+---------+---------+
    |  Latency (cycles) |   Latency (absolute)  |      Interval     | Pipeline|
    |   min   |   max   |    min    |    max    |   min   |   max   |   Type  |
    +---------+---------+-----------+-----------+---------+---------+---------+
    |  8305219|  8305497|  83.052 ms|  83.055 ms|  8305219|  8305497|       no|
    +---------+---------+-----------+-----------+---------+---------+---------+

    + Detail: 
        * Instance: 
        +---------------------------------------------------------------------------+-----------------------------------------------------------------+---------+---------+-----------+-----------+---------+---------+---------+
        |                                                                           |                                                                 |  Latency (cycles) |   Latency (absolute)  |      Interval     | Pipeline|
        |                                  Instance                                 |                              Module                             |   min   |   max   |    min    |    max    |   min   |   max   |   Type  |
        +---------------------------------------------------------------------------+-----------------------------------------------------------------+---------+---------+-----------+-----------+---------+---------+---------+
        |grp_AWBChannelGainKernel_20_20_2160_3840_1_2_2_3_23_23_13_13_3840_s_fu_79  |AWBChannelGainKernel_20_20_2160_3840_1_2_2_3_23_23_13_13_3840_s  |  8305218|  8305496|  83.052 ms|  83.055 ms|  8305218|  8305496|       no|
        +---------------------------------------------------------------------------+-----------------------------------------------------------------+---------+---------+-----------+-----------+---------+---------+---------+

        * Loop: 
        N/A



================================================================
== Utilization Estimates
================================================================
* Summary: 
+-----------------+---------+------+--------+--------+-----+
|       Name      | BRAM_18K|  DSP |   FF   |   LUT  | URAM|
+-----------------+---------+------+--------+--------+-----+
|DSP              |        -|     -|       -|       -|    -|
|Expression       |        -|     -|       0|       2|    -|
|FIFO             |        -|     -|       -|       -|    -|
|Instance         |        -|     2|    5503|    6538|    -|
|Memory           |        -|     -|       -|       -|    -|
|Multiplexer      |        -|     -|       0|      59|    -|
|Register         |        -|     -|     157|       -|    -|
+-----------------+---------+------+--------+--------+-----+
|Total            |        0|     2|    5660|    6599|    0|
+-----------------+---------+------+--------+--------+-----+
|Available        |      288|  1248|  234240|  117120|   64|
+-----------------+---------+------+--------+--------+-----+
|Utilization (%)  |        0|    ~0|       2|       5|    0|
+-----------------+---------+------+--------+--------+-----+

+ Detail: 
    * Instance: 
    +---------------------------------------------------------------------------+-----------------------------------------------------------------+---------+----+------+------+-----+
    |                                  Instance                                 |                              Module                             | BRAM_18K| DSP|  FF  |  LUT | URAM|
    +---------------------------------------------------------------------------+-----------------------------------------------------------------+---------+----+------+------+-----+
    |grp_AWBChannelGainKernel_20_20_2160_3840_1_2_2_3_23_23_13_13_3840_s_fu_79  |AWBChannelGainKernel_20_20_2160_3840_1_2_2_3_23_23_13_13_3840_s  |        0|   2|  5503|  6538|    0|
    +---------------------------------------------------------------------------+-----------------------------------------------------------------+---------+----+------+------+-----+
    |Total                                                                      |                                                                 |        0|   2|  5503|  6538|    0|
    +---------------------------------------------------------------------------+-----------------------------------------------------------------+---------+----+------+------+-----+

    * DSP: 
    N/A

    * Memory: 
    N/A

    * FIFO: 
    N/A

    * Expression: 
    +-----------------+----------+----+---+----+------------+------------+
    |  Variable Name  | Operation| DSP| FF| LUT| Bitwidth P0| Bitwidth P1|
    +-----------------+----------+----+---+----+------------+------------+
    |ap_block_state1  |        or|   0|  0|   2|           1|           1|
    +-----------------+----------+----+---+----+------------+------------+
    |Total            |          |   0|  0|   2|           1|           1|
    +-----------------+----------+----+---+----+------------+------------+

    * Multiplexer: 
    +------------+----+-----------+-----+-----------+
    |    Name    | LUT| Input Size| Bits| Total Bits|
    +------------+----+-----------+-----+-----------+
    |ap_NS_fsm   |  14|          3|    1|          3|
    |ap_done     |   9|          2|    1|          2|
    |i_gain_0    |   9|          2|   32|         64|
    |i_gain_1    |   9|          2|   32|         64|
    |i_gain_2    |   9|          2|   32|         64|
    |real_start  |   9|          2|    1|          2|
    +------------+----+-----------+-----+-----------+
    |Total       |  59|         13|   99|        199|
    +------------+----+-----------+-----+-----------+

    * Register: 
    +----------------------------------------------------------------------------------------+----+----+-----+-----------+
    |                                          Name                                          | FF | LUT| Bits| Const Bits|
    +----------------------------------------------------------------------------------------+----+----+-----+-----------+
    |ap_CS_fsm                                                                               |   2|   0|    2|          0|
    |ap_done_reg                                                                             |   1|   0|    1|          0|
    |grp_AWBChannelGainKernel_20_20_2160_3840_1_2_2_3_23_23_13_13_3840_s_fu_79_ap_start_reg  |   1|   0|    1|          0|
    |i_gain_0_preg                                                                           |  32|   0|   32|          0|
    |i_gain_1_preg                                                                           |  32|   0|   32|          0|
    |i_gain_2_preg                                                                           |  32|   0|   32|          0|
    |src_cols_val2_read_reg_108                                                              |  12|   0|   12|          0|
    |src_rows_val1_read_reg_113                                                              |  12|   0|   12|          0|
    |start_once_reg                                                                          |   1|   0|    1|          0|
    |thresh_read_reg_118                                                                     |  32|   0|   32|          0|
    +----------------------------------------------------------------------------------------+----+----+-----+-----------+
    |Total                                                                                   | 157|   0|  157|          0|
    +----------------------------------------------------------------------------------------+----+----+-----+-----------+



================================================================
== Interface
================================================================
* Summary: 
+----------------------------+-----+-----+------------+------------------------------------------------+--------------+
|          RTL Ports         | Dir | Bits|  Protocol  |                  Source Object                 |    C Type    |
+----------------------------+-----+-----+------------+------------------------------------------------+--------------+
|ap_clk                      |   in|    1|  ap_ctrl_hs|  AWBChannelGain<20, 20, 2160, 3840, 1, 0, 2, 2>|  return value|
|ap_rst                      |   in|    1|  ap_ctrl_hs|  AWBChannelGain<20, 20, 2160, 3840, 1, 0, 2, 2>|  return value|
|ap_start                    |   in|    1|  ap_ctrl_hs|  AWBChannelGain<20, 20, 2160, 3840, 1, 0, 2, 2>|  return value|
|start_full_n                |   in|    1|  ap_ctrl_hs|  AWBChannelGain<20, 20, 2160, 3840, 1, 0, 2, 2>|  return value|
|ap_done                     |  out|    1|  ap_ctrl_hs|  AWBChannelGain<20, 20, 2160, 3840, 1, 0, 2, 2>|  return value|
|ap_continue                 |   in|    1|  ap_ctrl_hs|  AWBChannelGain<20, 20, 2160, 3840, 1, 0, 2, 2>|  return value|
|ap_idle                     |  out|    1|  ap_ctrl_hs|  AWBChannelGain<20, 20, 2160, 3840, 1, 0, 2, 2>|  return value|
|ap_ready                    |  out|    1|  ap_ctrl_hs|  AWBChannelGain<20, 20, 2160, 3840, 1, 0, 2, 2>|  return value|
|start_out                   |  out|    1|  ap_ctrl_hs|  AWBChannelGain<20, 20, 2160, 3840, 1, 0, 2, 2>|  return value|
|start_write                 |  out|    1|  ap_ctrl_hs|  AWBChannelGain<20, 20, 2160, 3840, 1, 0, 2, 2>|  return value|
|src_rows_val1               |   in|   12|   ap_stable|                                   src_rows_val1|        scalar|
|src_cols_val2               |   in|   12|   ap_stable|                                   src_cols_val2|        scalar|
|in_mat_data_dout            |   in|   30|     ap_fifo|                                     in_mat_data|       pointer|
|in_mat_data_empty_n         |   in|    1|     ap_fifo|                                     in_mat_data|       pointer|
|in_mat_data_read            |  out|    1|     ap_fifo|                                     in_mat_data|       pointer|
|in_mat_data_num_data_valid  |   in|    3|     ap_fifo|                                     in_mat_data|       pointer|
|in_mat_data_fifo_cap        |   in|    3|     ap_fifo|                                     in_mat_data|       pointer|
|impop_data_din              |  out|   30|     ap_fifo|                                      impop_data|       pointer|
|impop_data_full_n           |   in|    1|     ap_fifo|                                      impop_data|       pointer|
|impop_data_write            |  out|    1|     ap_fifo|                                      impop_data|       pointer|
|impop_data_num_data_valid   |   in|   32|     ap_fifo|                                      impop_data|       pointer|
|impop_data_fifo_cap         |   in|   32|     ap_fifo|                                      impop_data|       pointer|
|thresh                      |   in|   32|     ap_none|                                          thresh|       pointer|
|i_gain_0                    |  out|   32|      ap_vld|                                        i_gain_0|       pointer|
|i_gain_0_ap_vld             |  out|    1|      ap_vld|                                        i_gain_0|       pointer|
|i_gain_1                    |  out|   32|      ap_vld|                                        i_gain_1|       pointer|
|i_gain_1_ap_vld             |  out|    1|      ap_vld|                                        i_gain_1|       pointer|
|i_gain_2                    |  out|   32|      ap_vld|                                        i_gain_2|       pointer|
|i_gain_2_ap_vld             |  out|    1|      ap_vld|                                        i_gain_2|       pointer|
+----------------------------+-----+-----+------------+------------------------------------------------+--------------+

============================================================
+ Verbose Summary: Synthesis Manager
============================================================
InlineROM: 1
ExposeGlobal: 0
============================================================
+ Verbose Summary: CDFG Model
============================================================
IsTopModel: 0
ResetActiveHigh: 1
IsCombinational: 2
IsDatapathOnly: 0
HasWiredReturn: 1
HasMFsm: 0
HasVarLatency: 1
IsPipeline: 0
IsRtlPipelined: 0
IsInstanceOverlapped: 0
IsDontTouch: 0
HasImplIP: 0
IsGatedGlobalClock: 0


============================================================
+ Verbose Summary: Schedule
============================================================
* Number of FSM states : 2
* Pipeline : 0
* Dataflow Pipeline: 0

* FSM state transitions: 
1 --> 2 
2 --> 

* FSM state operations: 

State 1 <SV = 0> <Delay = 7.03>
ST_1 : Operation 3 [1/1] (0.00ns)   --->   "%src_cols_val2_read = read i12 @_ssdm_op_Read.ap_auto.i12, i12 %src_cols_val2"   --->   Operation 3 'read' 'src_cols_val2_read' <Predicate = true> <Delay = 0.00>
ST_1 : Operation 4 [1/1] (0.00ns)   --->   "%src_rows_val1_read = read i12 @_ssdm_op_Read.ap_auto.i12, i12 %src_rows_val1"   --->   Operation 4 'read' 'src_rows_val1_read' <Predicate = true> <Delay = 0.00>
ST_1 : Operation 5 [1/1] (1.83ns)   --->   "%thresh_read = read i32 @_ssdm_op_Read.ap_auto.volatile.i32P0A, i32 %thresh"   --->   Operation 5 'read' 'thresh_read' <Predicate = true> <Delay = 1.83> <CoreInst = "FIFO_SRL">   --->   Core 80 'FIFO_SRL' <Latency = 0> <II = 1> <Delay = 1.83> <Storage> <Opcode : 'read' 'write' 'nbread' 'nbwrite'> <Ports = 0> <Width = 32> <Depth = 2> <FIFO>
ST_1 : Operation 6 [2/2] (5.19ns)   --->   "%call_ret = call i96 @AWBChannelGainKernel<20, 20, 2160, 3840, 1, 2, 2, 3, 23, 23, 13, 13, 3840>, i12 %src_rows_val1_read, i12 %src_cols_val2_read, i30 %in_mat_data, i30 %impop_data, i32 %thresh_read" [./xf_autowhitebalance.hpp:1507]   --->   Operation 6 'call' 'call_ret' <Predicate = true> <Delay = 5.19> <CoreType = "Generic">   --->   Generic Core

State 2 <SV = 1> <Delay = 1.99>
ST_2 : Operation 7 [1/1] (0.00ns)   --->   "%specstablecontent_ln0 = specstablecontent void @_ssdm_op_SpecStableContent, i12 %src_cols_val2, i1 1, void @p_str"   --->   Operation 7 'specstablecontent' 'specstablecontent_ln0' <Predicate = true> <Delay = 0.00>
ST_2 : Operation 8 [1/1] (0.00ns)   --->   "%specstablecontent_ln0 = specstablecontent void @_ssdm_op_SpecStableContent, i12 %src_rows_val1, i1 1, void @p_str"   --->   Operation 8 'specstablecontent' 'specstablecontent_ln0' <Predicate = true> <Delay = 0.00>
ST_2 : Operation 9 [1/1] (0.00ns)   --->   "%specinterface_ln0 = specinterface void @_ssdm_op_SpecInterface, i30 %impop_data, void @empty_13, i32 0, i32 0, void @empty_25, i32 0, i32 0, void @empty_25, void @empty_25, void @empty_25, i32 0, i32 0, i32 0, i32 0, void @empty_25, void @empty_25, i32 4294967295, i32 0, i32 0, i32 0"   --->   Operation 9 'specinterface' 'specinterface_ln0' <Predicate = true> <Delay = 0.00>
ST_2 : Operation 10 [1/1] (0.00ns)   --->   "%specinterface_ln0 = specinterface void @_ssdm_op_SpecInterface, i30 %in_mat_data, void @empty_13, i32 0, i32 0, void @empty_25, i32 0, i32 0, void @empty_25, void @empty_25, void @empty_25, i32 0, i32 0, i32 0, i32 0, void @empty_25, void @empty_25, i32 4294967295, i32 0, i32 0, i32 0"   --->   Operation 10 'specinterface' 'specinterface_ln0' <Predicate = true> <Delay = 0.00>
ST_2 : Operation 11 [1/2] (1.99ns)   --->   "%call_ret = call i96 @AWBChannelGainKernel<20, 20, 2160, 3840, 1, 2, 2, 3, 23, 23, 13, 13, 3840>, i12 %src_rows_val1_read, i12 %src_cols_val2_read, i30 %in_mat_data, i30 %impop_data, i32 %thresh_read" [./xf_autowhitebalance.hpp:1507]   --->   Operation 11 'call' 'call_ret' <Predicate = true> <Delay = 1.99> <CoreType = "Generic">   --->   Generic Core
ST_2 : Operation 12 [1/1] (0.00ns)   --->   "%i_gain_0_ret = extractvalue i96 %call_ret" [./xf_autowhitebalance.hpp:1507]   --->   Operation 12 'extractvalue' 'i_gain_0_ret' <Predicate = true> <Delay = 0.00>
ST_2 : Operation 13 [1/1] (0.00ns)   --->   "%write_ln1507 = write void @_ssdm_op_Write.ap_auto.i32P0A, i32 %i_gain_0, i32 %i_gain_0_ret" [./xf_autowhitebalance.hpp:1507]   --->   Operation 13 'write' 'write_ln1507' <Predicate = true> <Delay = 0.00>
ST_2 : Operation 14 [1/1] (0.00ns)   --->   "%i_gain_1_ret = extractvalue i96 %call_ret" [./xf_autowhitebalance.hpp:1507]   --->   Operation 14 'extractvalue' 'i_gain_1_ret' <Predicate = true> <Delay = 0.00>
ST_2 : Operation 15 [1/1] (0.00ns)   --->   "%write_ln1507 = write void @_ssdm_op_Write.ap_auto.i32P0A, i32 %i_gain_1, i32 %i_gain_1_ret" [./xf_autowhitebalance.hpp:1507]   --->   Operation 15 'write' 'write_ln1507' <Predicate = true> <Delay = 0.00>
ST_2 : Operation 16 [1/1] (0.00ns)   --->   "%i_gain_2_ret = extractvalue i96 %call_ret" [./xf_autowhitebalance.hpp:1507]   --->   Operation 16 'extractvalue' 'i_gain_2_ret' <Predicate = true> <Delay = 0.00>
ST_2 : Operation 17 [1/1] (0.00ns)   --->   "%write_ln1507 = write void @_ssdm_op_Write.ap_auto.i32P0A, i32 %i_gain_2, i32 %i_gain_2_ret" [./xf_autowhitebalance.hpp:1507]   --->   Operation 17 'write' 'write_ln1507' <Predicate = true> <Delay = 0.00>
ST_2 : Operation 18 [1/1] (0.00ns)   --->   "%ret_ln1511 = ret" [./xf_autowhitebalance.hpp:1511]   --->   Operation 18 'ret' 'ret_ln1511' <Predicate = true> <Delay = 0.00>


============================================================
+ Verbose Summary: Binding
============================================================
STG Binding: 
---------------- STG Properties BEGIN ----------------
- Is combinational: 0
- Is one-state seq: 0
- Is datapath-only: 0
- Is pipelined: 0
- Is top level: 0
Port [ Return ] is wired: 1; IO mode=ap_ctrl_hs:ce=0
Port [ src_rows_val1]:  wired=1; compound=0; hidden=0; nouse=0; global=0; static=0; extern=0; dir=0; type=0; pingpong=0; private_global=0; IO mode=ap_stable:ce=0
Port [ src_cols_val2]:  wired=1; compound=0; hidden=0; nouse=0; global=0; static=0; extern=0; dir=0; type=0; pingpong=0; private_global=0; IO mode=ap_stable:ce=0
Port [ in_mat_data]:  wired=1; compound=1; hidden=0; nouse=0; global=0; static=0; extern=0; dir=0; type=3; pingpong=0; private_global=0; IO mode=ap_fifo:ce=0
Port [ impop_data]:  wired=1; compound=1; hidden=0; nouse=0; global=0; static=0; extern=0; dir=1; type=3; pingpong=0; private_global=0; IO mode=ap_fifo:ce=0
Port [ thresh]:  wired=1; compound=0; hidden=0; nouse=0; global=0; static=0; extern=0; dir=0; type=0; pingpong=0; private_global=0; IO mode=ap_none:ce=0
Port [ i_gain_0]:  wired=1; compound=0; hidden=0; nouse=0; global=0; static=0; extern=0; dir=1; type=0; pingpong=0; private_global=0; IO mode=ap_vld:ce=0
Port [ i_gain_1]:  wired=1; compound=0; hidden=0; nouse=0; global=0; static=0; extern=0; dir=1; type=0; pingpong=0; private_global=0; IO mode=ap_vld:ce=0
Port [ i_gain_2]:  wired=1; compound=0; hidden=0; nouse=0; global=0; static=0; extern=0; dir=1; type=0; pingpong=0; private_global=0; IO mode=ap_vld:ce=0
---------------- STG Properties END ------------------

---------------- Datapath Model BEGIN ----------------

<LifeTime>
<method=bitvector/>
src_cols_val2_read    (read             ) [ 001]
src_rows_val1_read    (read             ) [ 001]
thresh_read           (read             ) [ 001]
specstablecontent_ln0 (specstablecontent) [ 000]
specstablecontent_ln0 (specstablecontent) [ 000]
specinterface_ln0     (specinterface    ) [ 000]
specinterface_ln0     (specinterface    ) [ 000]
call_ret              (call             ) [ 000]
i_gain_0_ret          (extractvalue     ) [ 000]
write_ln1507          (write            ) [ 000]
i_gain_1_ret          (extractvalue     ) [ 000]
write_ln1507          (write            ) [ 000]
i_gain_2_ret          (extractvalue     ) [ 000]
write_ln1507          (write            ) [ 000]
ret_ln1511            (ret              ) [ 000]
</LifeTime>

<model>

<comp_list>
<comp id="0" class="1000" name="src_rows_val1">
<pin_list>
<pin id="1" dir="1" index="0" bw="1" slack="0"/>
</pin_list>
<bind>
<StgValue><ssdm name="src_rows_val1"/></StgValue>
</bind>
</comp>

<comp id="2" class="1000" name="src_cols_val2">
<pin_list>
<pin id="3" dir="1" index="0" bw="1" slack="0"/>
</pin_list>
<bind>
<StgValue><ssdm name="src_cols_val2"/></StgValue>
</bind>
</comp>

<comp id="4" class="1000" name="in_mat_data">
<pin_list>
<pin id="5" dir="1" index="0" bw="1" slack="0"/>
</pin_list>
<bind>
<StgValue><ssdm name="in_mat_data"/></StgValue>
</bind>
</comp>

<comp id="6" class="1000" name="impop_data">
<pin_list>
<pin id="7" dir="1" index="0" bw="1" slack="0"/>
</pin_list>
<bind>
<StgValue><ssdm name="impop_data"/></StgValue>
</bind>
</comp>

<comp id="8" class="1000" name="thresh">
<pin_list>
<pin id="9" dir="1" index="0" bw="1" slack="0"/>
</pin_list>
<bind>
<StgValue><ssdm name="thresh"/></StgValue>
</bind>
</comp>

<comp id="10" class="1000" name="i_gain_0">
<pin_list>
<pin id="11" dir="1" index="0" bw="1" slack="0"/>
</pin_list>
<bind>
<StgValue><ssdm name="i_gain_0"/></StgValue>
</bind>
</comp>

<comp id="12" class="1000" name="i_gain_1">
<pin_list>
<pin id="13" dir="1" index="0" bw="1" slack="0"/>
</pin_list>
<bind>
<StgValue><ssdm name="i_gain_1"/></StgValue>
</bind>
</comp>

<comp id="14" class="1000" name="i_gain_2">
<pin_list>
<pin id="15" dir="1" index="0" bw="1" slack="0"/>
</pin_list>
<bind>
<StgValue><ssdm name="i_gain_2"/></StgValue>
</bind>
</comp>

<comp id="16" class="1001" name="const_16">
<pin_list>
<pin id="17" dir="1" index="0" bw="1" slack="0"/>
</pin_list>
<bind>
<StgValue><ssdm name="_ssdm_op_Read.ap_auto.i12"/></StgValue>
</bind>
</comp>

<comp id="18" class="1001" name="const_18">
<pin_list>
<pin id="19" dir="1" index="0" bw="1" slack="0"/>
</pin_list>
<bind>
<StgValue><ssdm name="_ssdm_op_Read.ap_auto.volatile.i32P0A"/></StgValue>
</bind>
</comp>

<comp id="20" class="1001" name="const_20">
<pin_list>
<pin id="21" dir="1" index="0" bw="1" slack="0"/>
</pin_list>
<bind>
<StgValue><ssdm name="AWBChannelGainKernel<20, 20, 2160, 3840, 1, 2, 2, 3, 23, 23, 13, 13, 3840>"/></StgValue>
</bind>
</comp>

<comp id="22" class="1001" name="const_22">
<pin_list>
<pin id="23" dir="1" index="0" bw="1" slack="2147483647"/>
</pin_list>
<bind>
<StgValue><ssdm name="_ssdm_op_SpecStableContent"/></StgValue>
</bind>
</comp>

<comp id="24" class="1001" name="const_24">
<pin_list>
<pin id="25" dir="1" index="0" bw="1" slack="2147483647"/>
</pin_list>
<bind>
<StgValue><ssdm name=""/></StgValue>
</bind>
</comp>

<comp id="26" class="1001" name="const_26">
<pin_list>
<pin id="27" dir="1" index="0" bw="1" slack="2147483647"/>
</pin_list>
<bind>
<StgValue><ssdm name="p_str"/></StgValue>
</bind>
</comp>

<comp id="28" class="1001" name="const_28">
<pin_list>
<pin id="29" dir="1" index="0" bw="1" slack="2147483647"/>
</pin_list>
<bind>
<StgValue><ssdm name="_ssdm_op_SpecInterface"/></StgValue>
</bind>
</comp>

<comp id="30" class="1001" name="const_30">
<pin_list>
<pin id="31" dir="1" index="0" bw="1" slack="2147483647"/>
</pin_list>
<bind>
<StgValue><ssdm name="empty_13"/></StgValue>
</bind>
</comp>

<comp id="32" class="1001" name="const_32">
<pin_list>
<pin id="33" dir="1" index="0" bw="1" slack="2147483647"/>
</pin_list>
<bind>
<StgValue><ssdm name=""/></StgValue>
</bind>
</comp>

<comp id="34" class="1001" name="const_34">
<pin_list>
<pin id="35" dir="1" index="0" bw="1" slack="2147483647"/>
</pin_list>
<bind>
<StgValue><ssdm name="empty_25"/></StgValue>
</bind>
</comp>

<comp id="36" class="1001" name="const_36">
<pin_list>
<pin id="37" dir="1" index="0" bw="1" slack="2147483647"/>
</pin_list>
<bind>
<StgValue><ssdm name=""/></StgValue>
</bind>
</comp>

<comp id="38" class="1001" name="const_38">
<pin_list>
<pin id="39" dir="1" index="0" bw="1" slack="0"/>
</pin_list>
<bind>
<StgValue><ssdm name="_ssdm_op_Write.ap_auto.i32P0A"/></StgValue>
</bind>
</comp>

<comp id="40" class="1004" name="src_cols_val2_read_read_fu_40">
<pin_list>
<pin id="41" dir="0" index="0" bw="12" slack="0"/>
<pin id="42" dir="0" index="1" bw="12" slack="0"/>
<pin id="43" dir="1" index="2" bw="12" slack="0"/>
</pin_list>
<bind>
<opcode="read(1150) " fcode="read"/>
<opset="src_cols_val2_read/1 "/>
</bind>
</comp>

<comp id="46" class="1004" name="src_rows_val1_read_read_fu_46">
<pin_list>
<pin id="47" dir="0" index="0" bw="12" slack="0"/>
<pin id="48" dir="0" index="1" bw="12" slack="0"/>
<pin id="49" dir="1" index="2" bw="12" slack="0"/>
</pin_list>
<bind>
<opcode="read(1150) " fcode="read"/>
<opset="src_rows_val1_read/1 "/>
</bind>
</comp>

<comp id="52" class="1004" name="thresh_read_read_fu_52">
<pin_list>
<pin id="53" dir="0" index="0" bw="32" slack="0"/>
<pin id="54" dir="0" index="1" bw="32" slack="0"/>
<pin id="55" dir="1" index="2" bw="32" slack="0"/>
</pin_list>
<bind>
<opcode="read(1150) " fcode="read"/>
<opset="thresh_read/1 "/>
</bind>
</comp>

<comp id="58" class="1004" name="write_ln1507_write_fu_58">
<pin_list>
<pin id="59" dir="0" index="0" bw="0" slack="0"/>
<pin id="60" dir="0" index="1" bw="32" slack="0"/>
<pin id="61" dir="0" index="2" bw="32" slack="0"/>
<pin id="62" dir="1" index="3" bw="0" slack="2147483647"/>
</pin_list>
<bind>
<opcode="write(1151) " fcode="write"/>
<opset="write_ln1507/2 "/>
</bind>
</comp>

<comp id="65" class="1004" name="write_ln1507_write_fu_65">
<pin_list>
<pin id="66" dir="0" index="0" bw="0" slack="0"/>
<pin id="67" dir="0" index="1" bw="32" slack="0"/>
<pin id="68" dir="0" index="2" bw="32" slack="0"/>
<pin id="69" dir="1" index="3" bw="0" slack="2147483647"/>
</pin_list>
<bind>
<opcode="write(1151) " fcode="write"/>
<opset="write_ln1507/2 "/>
</bind>
</comp>

<comp id="72" class="1004" name="write_ln1507_write_fu_72">
<pin_list>
<pin id="73" dir="0" index="0" bw="0" slack="0"/>
<pin id="74" dir="0" index="1" bw="32" slack="0"/>
<pin id="75" dir="0" index="2" bw="32" slack="0"/>
<pin id="76" dir="1" index="3" bw="0" slack="2147483647"/>
</pin_list>
<bind>
<opcode="write(1151) " fcode="write"/>
<opset="write_ln1507/2 "/>
</bind>
</comp>

<comp id="79" class="1004" name="grp_AWBChannelGainKernel_20_20_2160_3840_1_2_2_3_23_23_13_13_3840_s_fu_79">
<pin_list>
<pin id="80" dir="0" index="0" bw="96" slack="0"/>
<pin id="81" dir="0" index="1" bw="12" slack="0"/>
<pin id="82" dir="0" index="2" bw="12" slack="0"/>
<pin id="83" dir="0" index="3" bw="30" slack="0"/>
<pin id="84" dir="0" index="4" bw="30" slack="0"/>
<pin id="85" dir="0" index="5" bw="32" slack="0"/>
<pin id="86" dir="1" index="6" bw="96" slack="0"/>
</pin_list>
<bind>
<opcode="call(48) " fcode="call"/>
<opset="call_ret/1 "/>
</bind>
</comp>

<comp id="93" class="1004" name="i_gain_0_ret_fu_93">
<pin_list>
<pin id="94" dir="0" index="0" bw="96" slack="0"/>
<pin id="95" dir="1" index="1" bw="32" slack="0"/>
</pin_list>
<bind>
<opcode="extractvalue(56) " fcode="extractvalue"/>
<opset="i_gain_0_ret/2 "/>
</bind>
</comp>

<comp id="98" class="1004" name="i_gain_1_ret_fu_98">
<pin_list>
<pin id="99" dir="0" index="0" bw="96" slack="0"/>
<pin id="100" dir="1" index="1" bw="32" slack="0"/>
</pin_list>
<bind>
<opcode="extractvalue(56) " fcode="extractvalue"/>
<opset="i_gain_1_ret/2 "/>
</bind>
</comp>

<comp id="103" class="1004" name="i_gain_2_ret_fu_103">
<pin_list>
<pin id="104" dir="0" index="0" bw="96" slack="0"/>
<pin id="105" dir="1" index="1" bw="32" slack="0"/>
</pin_list>
<bind>
<opcode="extractvalue(56) " fcode="extractvalue"/>
<opset="i_gain_2_ret/2 "/>
</bind>
</comp>

<comp id="108" class="1005" name="src_cols_val2_read_reg_108">
<pin_list>
<pin id="109" dir="0" index="0" bw="12" slack="1"/>
<pin id="110" dir="1" index="1" bw="12" slack="1"/>
</pin_list>
<bind>
<opset="src_cols_val2_read "/>
</bind>
</comp>

<comp id="113" class="1005" name="src_rows_val1_read_reg_113">
<pin_list>
<pin id="114" dir="0" index="0" bw="12" slack="1"/>
<pin id="115" dir="1" index="1" bw="12" slack="1"/>
</pin_list>
<bind>
<opset="src_rows_val1_read "/>
</bind>
</comp>

<comp id="118" class="1005" name="thresh_read_reg_118">
<pin_list>
<pin id="119" dir="0" index="0" bw="32" slack="1"/>
<pin id="120" dir="1" index="1" bw="32" slack="1"/>
</pin_list>
<bind>
<opset="thresh_read "/>
</bind>
</comp>

</comp_list>

<net_list>
<net id="44"><net_src comp="16" pin="0"/><net_sink comp="40" pin=0"/></net>

<net id="45"><net_src comp="2" pin="0"/><net_sink comp="40" pin=1"/></net>

<net id="50"><net_src comp="16" pin="0"/><net_sink comp="46" pin=0"/></net>

<net id="51"><net_src comp="0" pin="0"/><net_sink comp="46" pin=1"/></net>

<net id="56"><net_src comp="18" pin="0"/><net_sink comp="52" pin=0"/></net>

<net id="57"><net_src comp="8" pin="0"/><net_sink comp="52" pin=1"/></net>

<net id="63"><net_src comp="38" pin="0"/><net_sink comp="58" pin=0"/></net>

<net id="64"><net_src comp="10" pin="0"/><net_sink comp="58" pin=1"/></net>

<net id="70"><net_src comp="38" pin="0"/><net_sink comp="65" pin=0"/></net>

<net id="71"><net_src comp="12" pin="0"/><net_sink comp="65" pin=1"/></net>

<net id="77"><net_src comp="38" pin="0"/><net_sink comp="72" pin=0"/></net>

<net id="78"><net_src comp="14" pin="0"/><net_sink comp="72" pin=1"/></net>

<net id="87"><net_src comp="20" pin="0"/><net_sink comp="79" pin=0"/></net>

<net id="88"><net_src comp="46" pin="2"/><net_sink comp="79" pin=1"/></net>

<net id="89"><net_src comp="40" pin="2"/><net_sink comp="79" pin=2"/></net>

<net id="90"><net_src comp="4" pin="0"/><net_sink comp="79" pin=3"/></net>

<net id="91"><net_src comp="6" pin="0"/><net_sink comp="79" pin=4"/></net>

<net id="92"><net_src comp="52" pin="2"/><net_sink comp="79" pin=5"/></net>

<net id="96"><net_src comp="79" pin="6"/><net_sink comp="93" pin=0"/></net>

<net id="97"><net_src comp="93" pin="1"/><net_sink comp="58" pin=2"/></net>

<net id="101"><net_src comp="79" pin="6"/><net_sink comp="98" pin=0"/></net>

<net id="102"><net_src comp="98" pin="1"/><net_sink comp="65" pin=2"/></net>

<net id="106"><net_src comp="79" pin="6"/><net_sink comp="103" pin=0"/></net>

<net id="107"><net_src comp="103" pin="1"/><net_sink comp="72" pin=2"/></net>

<net id="111"><net_src comp="40" pin="2"/><net_sink comp="108" pin=0"/></net>

<net id="112"><net_src comp="108" pin="1"/><net_sink comp="79" pin=2"/></net>

<net id="116"><net_src comp="46" pin="2"/><net_sink comp="113" pin=0"/></net>

<net id="117"><net_src comp="113" pin="1"/><net_sink comp="79" pin=1"/></net>

<net id="121"><net_src comp="52" pin="2"/><net_sink comp="118" pin=0"/></net>

<net id="122"><net_src comp="118" pin="1"/><net_sink comp="79" pin=5"/></net>

</net_list>

</model> 
---------------- Datapath Model END ------------------

* FSMD analyzer results:
  - Output states:
	Port: impop_data | {1 2 }
	Port: i_gain_0 | {2 }
	Port: i_gain_1 | {2 }
	Port: i_gain_2 | {2 }
 - Input state : 
	Port: AWBChannelGain<20, 20, 2160, 3840, 1, 0, 2, 2> : src_rows_val1 | {1 }
	Port: AWBChannelGain<20, 20, 2160, 3840, 1, 0, 2, 2> : src_cols_val2 | {1 }
	Port: AWBChannelGain<20, 20, 2160, 3840, 1, 0, 2, 2> : in_mat_data | {1 2 }
	Port: AWBChannelGain<20, 20, 2160, 3840, 1, 0, 2, 2> : thresh | {1 }
	Port: AWBChannelGain<20, 20, 2160, 3840, 1, 0, 2, 2> : i_gain_0 | {}
	Port: AWBChannelGain<20, 20, 2160, 3840, 1, 0, 2, 2> : i_gain_1 | {}
	Port: AWBChannelGain<20, 20, 2160, 3840, 1, 0, 2, 2> : i_gain_2 | {}
  - Chain level:
	State 1
	State 2
		i_gain_0_ret : 1
		write_ln1507 : 2
		i_gain_1_ret : 1
		write_ln1507 : 2
		i_gain_2_ret : 1
		write_ln1507 : 2


============================================================
+ Verbose Summary: Datapath Resource usage 
============================================================

* Functional unit list:
|----------|---------------------------------------------------------------------------|---------|---------|---------|---------|
| Operation|                              Functional Unit                              |   DSP   |  Delay  |    FF   |   LUT   |
|----------|---------------------------------------------------------------------------|---------|---------|---------|---------|
|   call   | grp_AWBChannelGainKernel_20_20_2160_3840_1_2_2_3_23_23_13_13_3840_s_fu_79 |    2    |  8.113  |   6310  |   4872  |
|----------|---------------------------------------------------------------------------|---------|---------|---------|---------|
|          |                       src_cols_val2_read_read_fu_40                       |    0    |    0    |    0    |    0    |
|   read   |                       src_rows_val1_read_read_fu_46                       |    0    |    0    |    0    |    0    |
|          |                           thresh_read_read_fu_52                          |    0    |    0    |    0    |    0    |
|----------|---------------------------------------------------------------------------|---------|---------|---------|---------|
|          |                          write_ln1507_write_fu_58                         |    0    |    0    |    0    |    0    |
|   write  |                          write_ln1507_write_fu_65                         |    0    |    0    |    0    |    0    |
|          |                          write_ln1507_write_fu_72                         |    0    |    0    |    0    |    0    |
|----------|---------------------------------------------------------------------------|---------|---------|---------|---------|
|          |                             i_gain_0_ret_fu_93                            |    0    |    0    |    0    |    0    |
|extractvalue|                             i_gain_1_ret_fu_98                            |    0    |    0    |    0    |    0    |
|          |                            i_gain_2_ret_fu_103                            |    0    |    0    |    0    |    0    |
|----------|---------------------------------------------------------------------------|---------|---------|---------|---------|
|   Total  |                                                                           |    2    |  8.113  |   6310  |   4872  |
|----------|---------------------------------------------------------------------------|---------|---------|---------|---------|

Memories:
N/A

* Register list:
+--------------------------+--------+
|                          |   FF   |
+--------------------------+--------+
|src_cols_val2_read_reg_108|   12   |
|src_rows_val1_read_reg_113|   12   |
|    thresh_read_reg_118   |   32   |
+--------------------------+--------+
|           Total          |   56   |
+--------------------------+--------+

* Multiplexer (MUX) list: 
|---------------------------------------------------------------------------|------|------|------|--------||---------||---------||---------|
|                                    Comp                                   |  Pin | Size |  BW  | S x BW ||  Delay  ||    FF   ||   LUT   |
|---------------------------------------------------------------------------|------|------|------|--------||---------||---------||---------|
| grp_AWBChannelGainKernel_20_20_2160_3840_1_2_2_3_23_23_13_13_3840_s_fu_79 |  p1  |   2  |  12  |   24   ||    0    ||    9    |
| grp_AWBChannelGainKernel_20_20_2160_3840_1_2_2_3_23_23_13_13_3840_s_fu_79 |  p2  |   2  |  12  |   24   ||    0    ||    9    |
| grp_AWBChannelGainKernel_20_20_2160_3840_1_2_2_3_23_23_13_13_3840_s_fu_79 |  p5  |   2  |  32  |   64   ||    0    ||    9    |
|---------------------------------------------------------------------------|------|------|------|--------||---------||---------||---------|
|                                   Total                                   |      |      |      |   112  ||  1.281  ||    0    ||    27   |
|---------------------------------------------------------------------------|------|------|------|--------||---------||---------||---------|



* Summary:
+-----------+--------+--------+--------+--------+
|           |   DSP  |  Delay |   FF   |   LUT  |
+-----------+--------+--------+--------+--------+
|  Function |    2   |    8   |  6310  |  4872  |
|   Memory  |    -   |    -   |    -   |    -   |
|Multiplexer|    -   |    1   |    0   |   27   |
|  Register |    -   |    -   |   56   |    -   |
+-----------+--------+--------+--------+--------+
|   Total   |    2   |    9   |  6366  |  4899  |
+-----------+--------+--------+--------+--------+
