

================================================================
== Vitis HLS Report for 'AWBGainUpdate_20_20_2160_3840_1_0_2_2_Pipeline_ColLoop1'
================================================================
* Date:           Sun Oct  4 18:41:39 2026

* Version:        2025.2 (Build 6295257 on Nov 14 2025)
* Project:        autowhitebalance_accel
* Solution:       hls (Vivado IP Flow Target)
* Product family: zynquplus
* Target device:  xck26-sfvc784-2LV-c


================================================================
== Performance Estimates
================================================================
+ Timing: 
    * Summary: 
    +--------+----------+----------+------------+
    |  Clock |  Target  | Estimated| Uncertainty|
    +--------+----------+----------+------------+
    |ap_clk  |  10.00 ns|  6.575 ns|     2.70 ns|
    +--------+----------+----------+------------+

+ Latency: 
    * Summary: 
    +---------+---------+-----------+-----------+-----+-----+-------------------+
    |  Latency (cycles) |   Latency (absolute)  |  Interval |      Pipeline     |
    |   min   |   max   |    min    |    max    | min | max |        Type       |
    +---------+---------+-----------+-----------+-----+-----+-------------------+
    |     3843|     3843|  38.430 us|  38.430 us|    0|    0|  loop pipeline stp|
    +---------+---------+-----------+-----------+-----+-----+-------------------+

    + Detail: 
        * Instance: 
        N/A

        * Loop: 
        +------------+---------+---------+----------+-----------+-----------+------+----------+
        |            |  Latency (cycles) | Iteration|  Initiation Interval  | Trip |          |
        |  Loop Name |   min   |   max   |  Latency |  achieved |   target  | Count| Pipelined|
        +------------+---------+---------+----------+-----------+-----------+------+----------+
        |- ColLoop1  |     3841|     3841|         3|          1|          1|  3840|       yes|
        +------------+---------+---------+----------+-----------+-----------+------+----------+



================================================================
== Utilization Estimates
================================================================
* Summary: 
+-----------------+---------+------+--------+--------+-----+
|       Name      | BRAM_18K|  DSP |   FF   |   LUT  | URAM|
+-----------------+---------+------+--------+--------+-----+
|DSP              |        -|     -|       -|       -|    -|
|Expression       |        -|     -|       0|     159|    -|
|FIFO             |        -|     -|       -|       -|    -|
|Instance         |        -|     6|       0|      60|    -|
|Memory           |        -|     -|       -|       -|    -|
|Multiplexer      |        -|     -|       0|      54|    -|
|Register         |        -|     -|     173|       -|    -|
+-----------------+---------+------+--------+--------+-----+
|Total            |        0|     6|     173|     273|    0|
+-----------------+---------+------+--------+--------+-----+
|Available        |      288|  1248|  234240|  117120|   64|
+-----------------+---------+------+--------+--------+-----+
|Utilization (%)  |        0|    ~0|      ~0|      ~0|    0|
+-----------------+---------+------+--------+--------+-----+

+ Detail: 
    * Instance: 
    +-------------------------+---------------------+---------+----+---+----+-----+
    |         Instance        |        Module       | BRAM_18K| DSP| FF| LUT| URAM|
    +-------------------------+---------------------+---------+----+---+----+-----+
    |mul_32s_10ns_42_1_1_U96  |mul_32s_10ns_42_1_1  |        0|   2|  0|  20|    0|
    |mul_32s_10ns_42_1_1_U97  |mul_32s_10ns_42_1_1  |        0|   2|  0|  20|    0|
    |mul_32s_10ns_42_1_1_U98  |mul_32s_10ns_42_1_1  |        0|   2|  0|  20|    0|
    +-------------------------+---------------------+---------+----+---+----+-----+
    |Total                    |                     |        0|   6|  0|  60|    0|
    +-------------------------+---------------------+---------+----+---+----+-----+

    * DSP: 
    N/A

    * Memory: 
    N/A

    * FIFO: 
    N/A

    * Expression: 
    +--------------------------------+----------+----+---+----+------------+------------+
    |          Variable Name         | Operation| DSP| FF| LUT| Bitwidth P0| Bitwidth P1|
    +--------------------------------+----------+----+---+----+------------+------------+
    |j_6_fu_151_p2                   |         +|   0|  0|  19|          12|           1|
    |icmp_ln45_1_fu_228_p2           |      icmp|   0|  0|  29|          22|           1|
    |icmp_ln45_2_fu_275_p2           |      icmp|   0|  0|  29|          22|           1|
    |icmp_ln45_fu_181_p2             |      icmp|   0|  0|  29|          22|           1|
    |icmp_ln91_fu_145_p2             |      icmp|   0|  0|  19|          12|          12|
    |ap_block_pp0_stage0_01001_grp1  |        or|   0|  0|   2|           1|           1|
    |select_ln45_1_fu_244_p3         |    select|   0|  0|  10|           1|           2|
    |select_ln45_2_fu_291_p3         |    select|   0|  0|  10|           1|           2|
    |select_ln45_fu_197_p3           |    select|   0|  0|  10|           1|           2|
    |ap_enable_pp0                   |       xor|   0|  0|   2|           1|           2|
    +--------------------------------+----------+----+---+----+------------+------------+
    |Total                           |          |   0|  0| 159|          95|          25|
    +--------------------------------+----------+----+---+----+------------+------------+

    * Multiplexer: 
    +-------------------------+----+-----------+-----+-----------+
    |           Name          | LUT| Input Size| Bits| Total Bits|
    +-------------------------+----+-----------+-----+-----------+
    |ap_done_int              |   9|          2|    1|          2|
    |ap_enable_reg_pp0_iter1  |   9|          2|    1|          2|
    |ap_sig_allocacmp_j_5     |   9|          2|   12|         24|
    |impop_data_blk_n         |   9|          2|    1|          2|
    |j_fu_72                  |   9|          2|   12|         24|
    |out_mat_data_blk_n       |   9|          2|    1|          2|
    +-------------------------+----+-----------+-----+-----------+
    |Total                    |  54|         12|   28|         56|
    +-------------------------+----+-----------+-----+-----------+

    * Register: 
    +----------------------------------+----+----+-----+-----------+
    |               Name               | FF | LUT| Bits| Const Bits|
    +----------------------------------+----+----+-----+-----------+
    |ap_CS_fsm                         |   1|   0|    1|          0|
    |ap_done_reg                       |   1|   0|    1|          0|
    |ap_enable_reg_pp0_iter1           |   1|   0|    1|          0|
    |ap_enable_reg_pp0_iter2           |   1|   0|    1|          0|
    |ap_loop_exit_ready_pp0_iter1_reg  |   1|   0|    1|          0|
    |j_fu_72                           |  12|   0|   12|          0|
    |select_ln45_1_reg_338             |  10|   0|   10|          0|
    |select_ln45_2_reg_343             |  10|   0|   10|          0|
    |select_ln45_reg_333               |  10|   0|   10|          0|
    |sext_ln104_1_cast_reg_319         |  42|   0|   42|          0|
    |sext_ln104_2_cast_reg_314         |  42|   0|   42|          0|
    |sext_ln104_cast_reg_324           |  42|   0|   42|          0|
    +----------------------------------+----+----+-----+-----------+
    |Total                             | 173|   0|  173|          0|
    +----------------------------------+----+----+-----+-----------+



================================================================
== Interface
================================================================
* Summary: 
+-----------------------------+-----+-----+------------+-----------------------------------------------------------------+--------------+
|          RTL Ports          | Dir | Bits|  Protocol  |                          Source Object                          |    C Type    |
+-----------------------------+-----+-----+------------+-----------------------------------------------------------------+--------------+
|ap_clk                       |   in|    1|  ap_ctrl_hs|  AWBGainUpdate<20, 20, 2160, 3840, 1, 0, 2, 2>_Pipeline_ColLoop1|  return value|
|ap_rst                       |   in|    1|  ap_ctrl_hs|  AWBGainUpdate<20, 20, 2160, 3840, 1, 0, 2, 2>_Pipeline_ColLoop1|  return value|
|ap_start                     |   in|    1|  ap_ctrl_hs|  AWBGainUpdate<20, 20, 2160, 3840, 1, 0, 2, 2>_Pipeline_ColLoop1|  return value|
|ap_done                      |  out|    1|  ap_ctrl_hs|  AWBGainUpdate<20, 20, 2160, 3840, 1, 0, 2, 2>_Pipeline_ColLoop1|  return value|
|ap_idle                      |  out|    1|  ap_ctrl_hs|  AWBGainUpdate<20, 20, 2160, 3840, 1, 0, 2, 2>_Pipeline_ColLoop1|  return value|
|ap_ready                     |  out|    1|  ap_ctrl_hs|  AWBGainUpdate<20, 20, 2160, 3840, 1, 0, 2, 2>_Pipeline_ColLoop1|  return value|
|impop_data_dout              |   in|   30|     ap_fifo|                                                       impop_data|       pointer|
|impop_data_empty_n           |   in|    1|     ap_fifo|                                                       impop_data|       pointer|
|impop_data_read              |  out|    1|     ap_fifo|                                                       impop_data|       pointer|
|impop_data_num_data_valid    |   in|    3|     ap_fifo|                                                       impop_data|       pointer|
|impop_data_fifo_cap          |   in|    3|     ap_fifo|                                                       impop_data|       pointer|
|out_mat_data_din             |  out|   30|     ap_fifo|                                                     out_mat_data|       pointer|
|out_mat_data_full_n          |   in|    1|     ap_fifo|                                                     out_mat_data|       pointer|
|out_mat_data_write           |  out|    1|     ap_fifo|                                                     out_mat_data|       pointer|
|out_mat_data_num_data_valid  |   in|   32|     ap_fifo|                                                     out_mat_data|       pointer|
|out_mat_data_fifo_cap        |   in|   32|     ap_fifo|                                                     out_mat_data|       pointer|
|src1_cols_val                |   in|   12|   ap_stable|                                                    src1_cols_val|        scalar|
|sext_ln104                   |   in|   32|   ap_stable|                                                       sext_ln104|        scalar|
|sext_ln104_1                 |   in|   32|   ap_stable|                                                     sext_ln104_1|        scalar|
|sext_ln104_2                 |   in|   32|   ap_stable|                                                     sext_ln104_2|        scalar|
+-----------------------------+-----+-----+------------+-----------------------------------------------------------------+--------------+

============================================================
+ Verbose Summary: Synthesis Manager
============================================================
InlineROM: 1
ExposeGlobal: 0
============================================================
+ Verbose Summary: CDFG Model
============================================================
IsTopModel: 0
ResetActiveHigh: 1
IsCombinational: 2
IsDatapathOnly: 2
HasWiredReturn: 1
HasMFsm: 2
HasVarLatency: 1
IsPipeline: 0
IsRtlPipelined: 0
IsInstanceOverlapped: 0
IsDontTouch: 0
HasImplIP: 0
IsGatedGlobalClock: 0

+ Individual pipeline summary: 
  * Pipeline-0: initiation interval (II) = 1, depth = 3


============================================================
+ Verbose Summary: Schedule
============================================================
* Number of FSM states : 3
* Pipeline : 1
  Pipeline-0 : II = 1, D = 3, States = { 1 2 3 }
* Dataflow Pipeline: 0

* FSM state transitions: 
1 --> 2 
2 --> 3 
3 --> 

* FSM state operations: 

State 1 <SV = 0> <Delay = 1.66>
ST_1 : Operation 6 [1/1] (0.00ns)   --->   "%j = alloca i32 1" [./xf_autowhitebalance.hpp:91->./xf_autowhitebalance.hpp:1490]   --->   Operation 6 'alloca' 'j' <Predicate = true> <Delay = 0.00>
ST_1 : Operation 7 [1/1] (0.00ns)   --->   "%specstablecontent_ln0 = specstablecontent void @_ssdm_op_SpecStableContent, i32 %sext_ln104, i1 1, void @p_str"   --->   Operation 7 'specstablecontent' 'specstablecontent_ln0' <Predicate = true> <Delay = 0.00>
ST_1 : Operation 8 [1/1] (0.00ns)   --->   "%specstablecontent_ln0 = specstablecontent void @_ssdm_op_SpecStableContent, i32 %sext_ln104_1, i1 1, void @p_str"   --->   Operation 8 'specstablecontent' 'specstablecontent_ln0' <Predicate = true> <Delay = 0.00>
ST_1 : Operation 9 [1/1] (0.00ns)   --->   "%specstablecontent_ln0 = specstablecontent void @_ssdm_op_SpecStableContent, i32 %sext_ln104_2, i1 1, void @p_str"   --->   Operation 9 'specstablecontent' 'specstablecontent_ln0' <Predicate = true> <Delay = 0.00>
ST_1 : Operation 10 [1/1] (0.00ns)   --->   "%sext_ln104_2_read = read i32 @_ssdm_op_Read.ap_auto.i32, i32 %sext_ln104_2"   --->   Operation 10 'read' 'sext_ln104_2_read' <Predicate = true> <Delay = 0.00>
ST_1 : Operation 11 [1/1] (0.00ns)   --->   "%sext_ln104_1_read = read i32 @_ssdm_op_Read.ap_auto.i32, i32 %sext_ln104_1"   --->   Operation 11 'read' 'sext_ln104_1_read' <Predicate = true> <Delay = 0.00>
ST_1 : Operation 12 [1/1] (0.00ns)   --->   "%sext_ln104_read = read i32 @_ssdm_op_Read.ap_auto.i32, i32 %sext_ln104"   --->   Operation 12 'read' 'sext_ln104_read' <Predicate = true> <Delay = 0.00>
ST_1 : Operation 13 [1/1] (0.00ns)   --->   "%src1_cols_val_read = read i12 @_ssdm_op_Read.ap_auto.i12, i12 %src1_cols_val"   --->   Operation 13 'read' 'src1_cols_val_read' <Predicate = true> <Delay = 0.00>
ST_1 : Operation 14 [1/1] (0.00ns)   --->   "%sext_ln104_2_cast = sext i32 %sext_ln104_2_read"   --->   Operation 14 'sext' 'sext_ln104_2_cast' <Predicate = true> <Delay = 0.00>
ST_1 : Operation 15 [1/1] (0.00ns)   --->   "%sext_ln104_1_cast = sext i32 %sext_ln104_1_read"   --->   Operation 15 'sext' 'sext_ln104_1_cast' <Predicate = true> <Delay = 0.00>
ST_1 : Operation 16 [1/1] (0.00ns)   --->   "%sext_ln104_cast = sext i32 %sext_ln104_read"   --->   Operation 16 'sext' 'sext_ln104_cast' <Predicate = true> <Delay = 0.00>
ST_1 : Operation 17 [1/1] (0.00ns)   --->   "%specstablecontent_ln0 = specstablecontent void @_ssdm_op_SpecStableContent, i12 %src1_cols_val, i1 1, void @p_str"   --->   Operation 17 'specstablecontent' 'specstablecontent_ln0' <Predicate = true> <Delay = 0.00>
ST_1 : Operation 18 [1/1] (0.00ns)   --->   "%specinterface_ln0 = specinterface void @_ssdm_op_SpecInterface, i30 %out_mat_data, void @empty_13, i32 0, i32 0, void @empty_25, i32 0, i32 0, void @empty_25, void @empty_25, void @empty_25, i32 0, i32 0, i32 0, i32 0, void @empty_25, void @empty_25, i32 4294967295, i32 0, i32 0, i32 0"   --->   Operation 18 'specinterface' 'specinterface_ln0' <Predicate = true> <Delay = 0.00>
ST_1 : Operation 19 [1/1] (0.00ns)   --->   "%specinterface_ln0 = specinterface void @_ssdm_op_SpecInterface, i30 %impop_data, void @empty_13, i32 0, i32 0, void @empty_25, i32 0, i32 0, void @empty_25, void @empty_25, void @empty_25, i32 0, i32 0, i32 0, i32 0, void @empty_25, void @empty_25, i32 4294967295, i32 0, i32 0, i32 0"   --->   Operation 19 'specinterface' 'specinterface_ln0' <Predicate = true> <Delay = 0.00>
ST_1 : Operation 20 [1/1] (0.42ns)   --->   "%store_ln91 = store i12 0, i12 %j" [./xf_autowhitebalance.hpp:91->./xf_autowhitebalance.hpp:1490]   --->   Operation 20 'store' 'store_ln91' <Predicate = true> <Delay = 0.42>
ST_1 : Operation 21 [1/1] (0.00ns)   --->   "%br_ln91 = br void %VITIS_LOOP_98_2.i" [./xf_autowhitebalance.hpp:91->./xf_autowhitebalance.hpp:1490]   --->   Operation 21 'br' 'br_ln91' <Predicate = true> <Delay = 0.00>
ST_1 : Operation 22 [1/1] (0.00ns)   --->   "%j_5 = load i12 %j" [./xf_autowhitebalance.hpp:91->./xf_autowhitebalance.hpp:1490]   --->   Operation 22 'load' 'j_5' <Predicate = true> <Delay = 0.00>
ST_1 : Operation 23 [1/1] (0.80ns)   --->   "%icmp_ln91 = icmp_eq  i12 %j_5, i12 %src1_cols_val_read" [./xf_autowhitebalance.hpp:91->./xf_autowhitebalance.hpp:1490]   --->   Operation 23 'icmp' 'icmp_ln91' <Predicate = true> <Delay = 0.80> <CoreInst = "Cmp">   --->   Core 9 'Cmp' <Latency = 0> <II = 1> <Delay = 0.80> <FuncUnit> <Opcode : 'seteq' 'setne' 'setle' 'setge' 'setlt' 'setgt'> <InPorts = 2> <OutPorts = 1>
ST_1 : Operation 24 [1/1] (0.80ns)   --->   "%j_6 = add i12 %j_5, i12 1" [./xf_autowhitebalance.hpp:91->./xf_autowhitebalance.hpp:1490]   --->   Operation 24 'add' 'j_6' <Predicate = true> <Delay = 0.80> <CoreInst = "Adder">   --->   Core 1 'Adder' <Latency = 0> <II = 1> <Delay = 0.80> <FuncUnit> <Opcode : 'add' 'sub'> <InPorts = 2> <OutPorts = 1>
ST_1 : Operation 25 [1/1] (0.00ns)   --->   "%br_ln91 = br i1 %icmp_ln91, void %VITIS_LOOP_98_2.i.split, void %for.inc31.i.exitStub" [./xf_autowhitebalance.hpp:91->./xf_autowhitebalance.hpp:1490]   --->   Operation 25 'br' 'br_ln91' <Predicate = true> <Delay = 0.00>
ST_1 : Operation 26 [1/1] (0.42ns)   --->   "%store_ln91 = store i12 %j_6, i12 %j" [./xf_autowhitebalance.hpp:91->./xf_autowhitebalance.hpp:1490]   --->   Operation 26 'store' 'store_ln91' <Predicate = (!icmp_ln91)> <Delay = 0.42>

State 2 <SV = 1> <Delay = 6.57>
ST_2 : Operation 27 [1/1] ( I:1.83ns O:1.83ns )   --->   "%in_pix = read i30 @_ssdm_op_Read.ap_fifo.volatile.i30P0A, i30 %impop_data" [./xf_structs.hpp:543->./xf_autowhitebalance.hpp:96->./xf_autowhitebalance.hpp:1490]   --->   Operation 27 'read' 'in_pix' <Predicate = true> <Delay = 1.83> <CoreInst = "FIFO_SRL">   --->   Core 80 'FIFO_SRL' <Latency = 0> <II = 1> <Delay = 1.83> <Storage> <Opcode : 'read' 'write' 'nbread' 'nbwrite'> <Ports = 0> <Width = 30> <Depth = 2> <FIFO>
ST_2 : Operation 28 [1/1] (0.00ns)   --->   "%val = trunc i30 %in_pix" [./xf_autowhitebalance.hpp:103->./xf_autowhitebalance.hpp:1490]   --->   Operation 28 'trunc' 'val' <Predicate = true> <Delay = 0.00>
ST_2 : Operation 29 [1/1] (0.00ns)   --->   "%zext_ln104 = zext i10 %val" [./xf_autowhitebalance.hpp:104->./xf_autowhitebalance.hpp:1490]   --->   Operation 29 'zext' 'zext_ln104' <Predicate = true> <Delay = 0.00>
ST_2 : Operation 30 [1/1] (3.42ns)   --->   "%mul_ln104 = mul i42 %sext_ln104_cast, i42 %zext_ln104" [./xf_autowhitebalance.hpp:104->./xf_autowhitebalance.hpp:1490]   --->   Operation 30 'mul' 'mul_ln104' <Predicate = true> <Delay = 3.42> <CoreInst = "Multiplier">   --->   Core 3 'Multiplier' <Latency = 0> <II = 1> <Delay = 3.42> <FuncUnit> <Opcode : 'mul'> <InPorts = 2> <OutPorts = 1>
ST_2 : Operation 31 [1/1] (0.00ns)   --->   "%tmp = partselect i22 @_ssdm_op_PartSelect.i22.i42.i32.i32, i42 %mul_ln104, i32 20, i32 41" [./xf_autowhitebalance.hpp:45->./xf_autowhitebalance.hpp:106->./xf_autowhitebalance.hpp:1490]   --->   Operation 31 'partselect' 'tmp' <Predicate = true> <Delay = 0.00>
ST_2 : Operation 32 [1/1] (0.91ns)   --->   "%icmp_ln45 = icmp_sgt  i22 %tmp, i22 0" [./xf_autowhitebalance.hpp:45->./xf_autowhitebalance.hpp:106->./xf_autowhitebalance.hpp:1490]   --->   Operation 32 'icmp' 'icmp_ln45' <Predicate = true> <Delay = 0.91> <CoreInst = "Cmp">   --->   Core 9 'Cmp' <Latency = 0> <II = 1> <Delay = 0.91> <FuncUnit> <Opcode : 'seteq' 'setne' 'setle' 'setge' 'setlt' 'setgt'> <InPorts = 2> <OutPorts = 1>
ST_2 : Operation 33 [1/1] (0.00ns)   --->   "%trunc_ln = partselect i10 @_ssdm_op_PartSelect.i10.i42.i32.i32, i42 %mul_ln104, i32 10, i32 19" [./xf_autowhitebalance.hpp:45->./xf_autowhitebalance.hpp:106->./xf_autowhitebalance.hpp:1490]   --->   Operation 33 'partselect' 'trunc_ln' <Predicate = true> <Delay = 0.00>
ST_2 : Operation 34 [1/1] (0.40ns)   --->   "%select_ln45 = select i1 %icmp_ln45, i10 1023, i10 %trunc_ln" [./xf_autowhitebalance.hpp:45->./xf_autowhitebalance.hpp:106->./xf_autowhitebalance.hpp:1490]   --->   Operation 34 'select' 'select_ln45' <Predicate = true> <Delay = 0.40> <CoreInst = "Sel">   --->   Core 73 'Sel' <Latency = 0> <II = 1> <Delay = 0.40> <FuncUnit> <Opcode : 'select'> <InPorts = 3> <OutPorts = 1>
ST_2 : Operation 35 [1/1] (0.00ns)   --->   "%val_1 = partselect i10 @_ssdm_op_PartSelect.i10.i30.i32, i30 %in_pix, i32 10" [./xf_autowhitebalance.hpp:103->./xf_autowhitebalance.hpp:1490]   --->   Operation 35 'partselect' 'val_1' <Predicate = true> <Delay = 0.00>
ST_2 : Operation 36 [1/1] (0.00ns)   --->   "%zext_ln104_1 = zext i10 %val_1" [./xf_autowhitebalance.hpp:104->./xf_autowhitebalance.hpp:1490]   --->   Operation 36 'zext' 'zext_ln104_1' <Predicate = true> <Delay = 0.00>
ST_2 : Operation 37 [1/1] (3.42ns)   --->   "%mul_ln104_1 = mul i42 %sext_ln104_1_cast, i42 %zext_ln104_1" [./xf_autowhitebalance.hpp:104->./xf_autowhitebalance.hpp:1490]   --->   Operation 37 'mul' 'mul_ln104_1' <Predicate = true> <Delay = 3.42> <CoreInst = "Multiplier">   --->   Core 3 'Multiplier' <Latency = 0> <II = 1> <Delay = 3.42> <FuncUnit> <Opcode : 'mul'> <InPorts = 2> <OutPorts = 1>
ST_2 : Operation 38 [1/1] (0.00ns)   --->   "%tmp_1 = partselect i22 @_ssdm_op_PartSelect.i22.i42.i32.i32, i42 %mul_ln104_1, i32 20, i32 41" [./xf_autowhitebalance.hpp:45->./xf_autowhitebalance.hpp:106->./xf_autowhitebalance.hpp:1490]   --->   Operation 38 'partselect' 'tmp_1' <Predicate = true> <Delay = 0.00>
ST_2 : Operation 39 [1/1] (0.91ns)   --->   "%icmp_ln45_1 = icmp_sgt  i22 %tmp_1, i22 0" [./xf_autowhitebalance.hpp:45->./xf_autowhitebalance.hpp:106->./xf_autowhitebalance.hpp:1490]   --->   Operation 39 'icmp' 'icmp_ln45_1' <Predicate = true> <Delay = 0.91> <CoreInst = "Cmp">   --->   Core 9 'Cmp' <Latency = 0> <II = 1> <Delay = 0.91> <FuncUnit> <Opcode : 'seteq' 'setne' 'setle' 'setge' 'setlt' 'setgt'> <InPorts = 2> <OutPorts = 1>
ST_2 : Operation 40 [1/1] (0.00ns)   --->   "%trunc_ln45_1 = partselect i10 @_ssdm_op_PartSelect.i10.i42.i32.i32, i42 %mul_ln104_1, i32 10, i32 19" [./xf_autowhitebalance.hpp:45->./xf_autowhitebalance.hpp:106->./xf_autowhitebalance.hpp:1490]   --->   Operation 40 'partselect' 'trunc_ln45_1' <Predicate = true> <Delay = 0.00>
ST_2 : Operation 41 [1/1] (0.40ns)   --->   "%select_ln45_1 = select i1 %icmp_ln45_1, i10 1023, i10 %trunc_ln45_1" [./xf_autowhitebalance.hpp:45->./xf_autowhitebalance.hpp:106->./xf_autowhitebalance.hpp:1490]   --->   Operation 41 'select' 'select_ln45_1' <Predicate = true> <Delay = 0.40> <CoreInst = "Sel">   --->   Core 73 'Sel' <Latency = 0> <II = 1> <Delay = 0.40> <FuncUnit> <Opcode : 'select'> <InPorts = 3> <OutPorts = 1>
ST_2 : Operation 42 [1/1] (0.00ns)   --->   "%val_2 = partselect i10 @_ssdm_op_PartSelect.i10.i30.i32, i30 %in_pix, i32 20" [./xf_autowhitebalance.hpp:103->./xf_autowhitebalance.hpp:1490]   --->   Operation 42 'partselect' 'val_2' <Predicate = true> <Delay = 0.00>
ST_2 : Operation 43 [1/1] (0.00ns)   --->   "%zext_ln104_2 = zext i10 %val_2" [./xf_autowhitebalance.hpp:104->./xf_autowhitebalance.hpp:1490]   --->   Operation 43 'zext' 'zext_ln104_2' <Predicate = true> <Delay = 0.00>
ST_2 : Operation 44 [1/1] (3.42ns)   --->   "%mul_ln104_2 = mul i42 %sext_ln104_2_cast, i42 %zext_ln104_2" [./xf_autowhitebalance.hpp:104->./xf_autowhitebalance.hpp:1490]   --->   Operation 44 'mul' 'mul_ln104_2' <Predicate = true> <Delay = 3.42> <CoreInst = "Multiplier">   --->   Core 3 'Multiplier' <Latency = 0> <II = 1> <Delay = 3.42> <FuncUnit> <Opcode : 'mul'> <InPorts = 2> <OutPorts = 1>
ST_2 : Operation 45 [1/1] (0.00ns)   --->   "%tmp_2 = partselect i22 @_ssdm_op_PartSelect.i22.i42.i32.i32, i42 %mul_ln104_2, i32 20, i32 41" [./xf_autowhitebalance.hpp:45->./xf_autowhitebalance.hpp:106->./xf_autowhitebalance.hpp:1490]   --->   Operation 45 'partselect' 'tmp_2' <Predicate = true> <Delay = 0.00>
ST_2 : Operation 46 [1/1] (0.91ns)   --->   "%icmp_ln45_2 = icmp_sgt  i22 %tmp_2, i22 0" [./xf_autowhitebalance.hpp:45->./xf_autowhitebalance.hpp:106->./xf_autowhitebalance.hpp:1490]   --->   Operation 46 'icmp' 'icmp_ln45_2' <Predicate = true> <Delay = 0.91> <CoreInst = "Cmp">   --->   Core 9 'Cmp' <Latency = 0> <II = 1> <Delay = 0.91> <FuncUnit> <Opcode : 'seteq' 'setne' 'setle' 'setge' 'setlt' 'setgt'> <InPorts = 2> <OutPorts = 1>
ST_2 : Operation 47 [1/1] (0.00ns)   --->   "%trunc_ln45_2 = partselect i10 @_ssdm_op_PartSelect.i10.i42.i32.i32, i42 %mul_ln104_2, i32 10, i32 19" [./xf_autowhitebalance.hpp:45->./xf_autowhitebalance.hpp:106->./xf_autowhitebalance.hpp:1490]   --->   Operation 47 'partselect' 'trunc_ln45_2' <Predicate = true> <Delay = 0.00>
ST_2 : Operation 48 [1/1] (0.40ns)   --->   "%select_ln45_2 = select i1 %icmp_ln45_2, i10 1023, i10 %trunc_ln45_2" [./xf_autowhitebalance.hpp:45->./xf_autowhitebalance.hpp:106->./xf_autowhitebalance.hpp:1490]   --->   Operation 48 'select' 'select_ln45_2' <Predicate = true> <Delay = 0.40> <CoreInst = "Sel">   --->   Core 73 'Sel' <Latency = 0> <II = 1> <Delay = 0.40> <FuncUnit> <Opcode : 'select'> <InPorts = 3> <OutPorts = 1>
ST_2 : Operation 55 [1/1] (0.42ns)   --->   "%ret_ln0 = ret"   --->   Operation 55 'ret' 'ret_ln0' <Predicate = (icmp_ln91)> <Delay = 0.42>

State 3 <SV = 2> <Delay = 1.83>
ST_3 : Operation 49 [1/1] (0.00ns)   --->   "%specpipeline_ln94 = specpipeline void @_ssdm_op_SpecPipeline, i32 4294967295, i32 0, i32 0, i32 0, i32 4294967295, void @empty_25" [./xf_autowhitebalance.hpp:94->./xf_autowhitebalance.hpp:1490]   --->   Operation 49 'specpipeline' 'specpipeline_ln94' <Predicate = true> <Delay = 0.00>
ST_3 : Operation 50 [1/1] (0.00ns)   --->   "%speclooptripcount_ln93 = speclooptripcount void @_ssdm_op_SpecLoopTripCount, i64 3840, i64 3840, i64 3840" [./xf_autowhitebalance.hpp:93->./xf_autowhitebalance.hpp:1490]   --->   Operation 50 'speclooptripcount' 'speclooptripcount_ln93' <Predicate = true> <Delay = 0.00>
ST_3 : Operation 51 [1/1] (0.00ns)   --->   "%specloopname_ln91 = specloopname void @_ssdm_op_SpecLoopName, void @empty_8" [./xf_autowhitebalance.hpp:91->./xf_autowhitebalance.hpp:1490]   --->   Operation 51 'specloopname' 'specloopname_ln91' <Predicate = true> <Delay = 0.00>
ST_3 : Operation 52 [1/1] (0.00ns)   --->   "%out_pix = bitconcatenate i30 @_ssdm_op_BitConcatenate.i30.i10.i10.i10, i10 %select_ln45_2, i10 %select_ln45_1, i10 %select_ln45" [./xf_autowhitebalance.hpp:106->./xf_autowhitebalance.hpp:1490]   --->   Operation 52 'bitconcatenate' 'out_pix' <Predicate = true> <Delay = 0.00>
ST_3 : Operation 53 [1/1] ( I:1.83ns O:1.83ns )   --->   "%write_ln554 = write void @_ssdm_op_Write.ap_fifo.volatile.i30P0A, i30 %out_mat_data, i30 %out_pix" [./xf_structs.hpp:554->./xf_autowhitebalance.hpp:109->./xf_autowhitebalance.hpp:1490]   --->   Operation 53 'write' 'write_ln554' <Predicate = true> <Delay = 1.83> <CoreInst = "FIFO_SRL">   --->   Core 80 'FIFO_SRL' <Latency = 0> <II = 1> <Delay = 1.83> <Storage> <Opcode : 'read' 'write' 'nbread' 'nbwrite'> <Ports = 0> <Width = 30> <Depth = 2> <FIFO>
ST_3 : Operation 54 [1/1] (0.00ns)   --->   "%br_ln91 = br void %VITIS_LOOP_98_2.i" [./xf_autowhitebalance.hpp:91->./xf_autowhitebalance.hpp:1490]   --->   Operation 54 'br' 'br_ln91' <Predicate = true> <Delay = 0.00>


============================================================
+ Verbose Summary: Binding
============================================================
STG Binding: 
---------------- STG Properties BEGIN ----------------
- Is combinational: 0
- Is one-state seq: 0
- Is datapath-only: 0
- Is pipelined: 0
- Is top level: 0
Port [ Return ] is wired: 1; IO mode=ap_ctrl_hs:ce=0
Port [ src1_cols_val]:  wired=1; compound=0; hidden=0; nouse=0; global=0; static=0; extern=0; dir=0; type=0; pingpong=0; private_global=0; IO mode=ap_stable:ce=0
Port [ impop_data]:  wired=1; compound=1; hidden=0; nouse=0; global=0; static=0; extern=0; dir=0; type=3; pingpong=0; private_global=0; IO mode=ap_fifo:ce=0
Port [ sext_ln104]:  wired=1; compound=0; hidden=0; nouse=0; global=0; static=0; extern=0; dir=0; type=0; pingpong=0; private_global=0; IO mode=ap_stable:ce=0
Port [ sext_ln104_1]:  wired=1; compound=0; hidden=0; nouse=0; global=0; static=0; extern=0; dir=0; type=0; pingpong=0; private_global=0; IO mode=ap_stable:ce=0
Port [ sext_ln104_2]:  wired=1; compound=0; hidden=0; nouse=0; global=0; static=0; extern=0; dir=0; type=0; pingpong=0; private_global=0; IO mode=ap_stable:ce=0
Port [ out_mat_data]:  wired=1; compound=1; hidden=0; nouse=0; global=0; static=0; extern=0; dir=1; type=3; pingpong=0; private_global=0; IO mode=ap_fifo:ce=0
---------------- STG Properties END ------------------

---------------- Datapath Model BEGIN ----------------

<LifeTime>
<method=bitvector/>
j                      (alloca           ) [ 0100]
specstablecontent_ln0  (specstablecontent) [ 0000]
specstablecontent_ln0  (specstablecontent) [ 0000]
specstablecontent_ln0  (specstablecontent) [ 0000]
sext_ln104_2_read      (read             ) [ 0000]
sext_ln104_1_read      (read             ) [ 0000]
sext_ln104_read        (read             ) [ 0000]
src1_cols_val_read     (read             ) [ 0000]
sext_ln104_2_cast      (sext             ) [ 0110]
sext_ln104_1_cast      (sext             ) [ 0110]
sext_ln104_cast        (sext             ) [ 0110]
specstablecontent_ln0  (specstablecontent) [ 0000]
specinterface_ln0      (specinterface    ) [ 0000]
specinterface_ln0      (specinterface    ) [ 0000]
store_ln91             (store            ) [ 0000]
br_ln91                (br               ) [ 0000]
j_5                    (load             ) [ 0000]
icmp_ln91              (icmp             ) [ 0110]
j_6                    (add              ) [ 0000]
br_ln91                (br               ) [ 0000]
store_ln91             (store            ) [ 0000]
in_pix                 (read             ) [ 0000]
val                    (trunc            ) [ 0000]
zext_ln104             (zext             ) [ 0000]
mul_ln104              (mul              ) [ 0000]
tmp                    (partselect       ) [ 0000]
icmp_ln45              (icmp             ) [ 0000]
trunc_ln               (partselect       ) [ 0000]
select_ln45            (select           ) [ 0101]
val_1                  (partselect       ) [ 0000]
zext_ln104_1           (zext             ) [ 0000]
mul_ln104_1            (mul              ) [ 0000]
tmp_1                  (partselect       ) [ 0000]
icmp_ln45_1            (icmp             ) [ 0000]
trunc_ln45_1           (partselect       ) [ 0000]
select_ln45_1          (select           ) [ 0101]
val_2                  (partselect       ) [ 0000]
zext_ln104_2           (zext             ) [ 0000]
mul_ln104_2            (mul              ) [ 0000]
tmp_2                  (partselect       ) [ 0000]
icmp_ln45_2            (icmp             ) [ 0000]
trunc_ln45_2           (partselect       ) [ 0000]
select_ln45_2          (select           ) [ 0101]
specpipeline_ln94      (specpipeline     ) [ 0000]
speclooptripcount_ln93 (speclooptripcount) [ 0000]
specloopname_ln91      (specloopname     ) [ 0000]
out_pix                (bitconcatenate   ) [ 0000]
write_ln554            (write            ) [ 0000]
br_ln91                (br               ) [ 0000]
ret_ln0                (ret              ) [ 0000]
</LifeTime>

<model>

<comp_list>
<comp id="0" class="1000" name="src1_cols_val">
<pin_list>
<pin id="1" dir="1" index="0" bw="1" slack="0"/>
</pin_list>
<bind>
<StgValue><ssdm name="src1_cols_val"/></StgValue>
</bind>
</comp>

<comp id="2" class="1000" name="impop_data">
<pin_list>
<pin id="3" dir="1" index="0" bw="1" slack="0"/>
</pin_list>
<bind>
<StgValue><ssdm name="impop_data"/></StgValue>
</bind>
</comp>

<comp id="4" class="1000" name="sext_ln104">
<pin_list>
<pin id="5" dir="1" index="0" bw="1" slack="0"/>
</pin_list>
<bind>
<StgValue><ssdm name="sext_ln104"/></StgValue>
</bind>
</comp>

<comp id="6" class="1000" name="sext_ln104_1">
<pin_list>
<pin id="7" dir="1" index="0" bw="1" slack="0"/>
</pin_list>
<bind>
<StgValue><ssdm name="sext_ln104_1"/></StgValue>
</bind>
</comp>

<comp id="8" class="1000" name="sext_ln104_2">
<pin_list>
<pin id="9" dir="1" index="0" bw="1" slack="0"/>
</pin_list>
<bind>
<StgValue><ssdm name="sext_ln104_2"/></StgValue>
</bind>
</comp>

<comp id="10" class="1000" name="out_mat_data">
<pin_list>
<pin id="11" dir="1" index="0" bw="1" slack="0"/>
</pin_list>
<bind>
<StgValue><ssdm name="out_mat_data"/></StgValue>
</bind>
</comp>

<comp id="12" class="1001" name="const_12">
<pin_list>
<pin id="13" dir="1" index="0" bw="1" slack="0"/>
</pin_list>
<bind>
<StgValue><ssdm name=""/></StgValue>
</bind>
</comp>

<comp id="14" class="1001" name="const_14">
<pin_list>
<pin id="15" dir="1" index="0" bw="1" slack="2147483647"/>
</pin_list>
<bind>
<StgValue><ssdm name="_ssdm_op_SpecStableContent"/></StgValue>
</bind>
</comp>

<comp id="16" class="1001" name="const_16">
<pin_list>
<pin id="17" dir="1" index="0" bw="1" slack="2147483647"/>
</pin_list>
<bind>
<StgValue><ssdm name=""/></StgValue>
</bind>
</comp>

<comp id="18" class="1001" name="const_18">
<pin_list>
<pin id="19" dir="1" index="0" bw="1" slack="2147483647"/>
</pin_list>
<bind>
<StgValue><ssdm name="p_str"/></StgValue>
</bind>
</comp>

<comp id="20" class="1001" name="const_20">
<pin_list>
<pin id="21" dir="1" index="0" bw="1" slack="0"/>
</pin_list>
<bind>
<StgValue><ssdm name="_ssdm_op_Read.ap_auto.i32"/></StgValue>
</bind>
</comp>

<comp id="22" class="1001" name="const_22">
<pin_list>
<pin id="23" dir="1" index="0" bw="1" slack="0"/>
</pin_list>
<bind>
<StgValue><ssdm name="_ssdm_op_Read.ap_auto.i12"/></StgValue>
</bind>
</comp>

<comp id="24" class="1001" name="const_24">
<pin_list>
<pin id="25" dir="1" index="0" bw="1" slack="2147483647"/>
</pin_list>
<bind>
<StgValue><ssdm name="_ssdm_op_SpecInterface"/></StgValue>
</bind>
</comp>

<comp id="26" class="1001" name="const_26">
<pin_list>
<pin id="27" dir="1" index="0" bw="1" slack="2147483647"/>
</pin_list>
<bind>
<StgValue><ssdm name="empty_13"/></StgValue>
</bind>
</comp>

<comp id="28" class="1001" name="const_28">
<pin_list>
<pin id="29" dir="1" index="0" bw="1" slack="2147483647"/>
</pin_list>
<bind>
<StgValue><ssdm name=""/></StgValue>
</bind>
</comp>

<comp id="30" class="1001" name="const_30">
<pin_list>
<pin id="31" dir="1" index="0" bw="1" slack="2147483647"/>
</pin_list>
<bind>
<StgValue><ssdm name="empty_25"/></StgValue>
</bind>
</comp>

<comp id="32" class="1001" name="const_32">
<pin_list>
<pin id="33" dir="1" index="0" bw="1" slack="2147483647"/>
</pin_list>
<bind>
<StgValue><ssdm name=""/></StgValue>
</bind>
</comp>

<comp id="34" class="1001" name="const_34">
<pin_list>
<pin id="35" dir="1" index="0" bw="1" slack="0"/>
</pin_list>
<bind>
<StgValue><ssdm name=""/></StgValue>
</bind>
</comp>

<comp id="36" class="1001" name="const_36">
<pin_list>
<pin id="37" dir="1" index="0" bw="1" slack="0"/>
</pin_list>
<bind>
<StgValue><ssdm name=""/></StgValue>
</bind>
</comp>

<comp id="38" class="1001" name="const_38">
<pin_list>
<pin id="39" dir="1" index="0" bw="1" slack="0"/>
</pin_list>
<bind>
<StgValue><ssdm name="_ssdm_op_Read.ap_fifo.volatile.i30P0A"/></StgValue>
</bind>
</comp>

<comp id="40" class="1001" name="const_40">
<pin_list>
<pin id="41" dir="1" index="0" bw="1" slack="0"/>
</pin_list>
<bind>
<StgValue><ssdm name="_ssdm_op_PartSelect.i22.i42.i32.i32"/></StgValue>
</bind>
</comp>

<comp id="42" class="1001" name="const_42">
<pin_list>
<pin id="43" dir="1" index="0" bw="1" slack="0"/>
</pin_list>
<bind>
<StgValue><ssdm name=""/></StgValue>
</bind>
</comp>

<comp id="44" class="1001" name="const_44">
<pin_list>
<pin id="45" dir="1" index="0" bw="1" slack="0"/>
</pin_list>
<bind>
<StgValue><ssdm name=""/></StgValue>
</bind>
</comp>

<comp id="46" class="1001" name="const_46">
<pin_list>
<pin id="47" dir="1" index="0" bw="1" slack="0"/>
</pin_list>
<bind>
<StgValue><ssdm name=""/></StgValue>
</bind>
</comp>

<comp id="48" class="1001" name="const_48">
<pin_list>
<pin id="49" dir="1" index="0" bw="1" slack="0"/>
</pin_list>
<bind>
<StgValue><ssdm name="_ssdm_op_PartSelect.i10.i42.i32.i32"/></StgValue>
</bind>
</comp>

<comp id="50" class="1001" name="const_50">
<pin_list>
<pin id="51" dir="1" index="0" bw="1" slack="0"/>
</pin_list>
<bind>
<StgValue><ssdm name=""/></StgValue>
</bind>
</comp>

<comp id="52" class="1001" name="const_52">
<pin_list>
<pin id="53" dir="1" index="0" bw="1" slack="0"/>
</pin_list>
<bind>
<StgValue><ssdm name=""/></StgValue>
</bind>
</comp>

<comp id="54" class="1001" name="const_54">
<pin_list>
<pin id="55" dir="1" index="0" bw="1" slack="0"/>
</pin_list>
<bind>
<StgValue><ssdm name=""/></StgValue>
</bind>
</comp>

<comp id="56" class="1001" name="const_56">
<pin_list>
<pin id="57" dir="1" index="0" bw="1" slack="0"/>
</pin_list>
<bind>
<StgValue><ssdm name="_ssdm_op_PartSelect.i10.i30.i32"/></StgValue>
</bind>
</comp>

<comp id="58" class="1001" name="const_58">
<pin_list>
<pin id="59" dir="1" index="0" bw="1" slack="2147483647"/>
</pin_list>
<bind>
<StgValue><ssdm name="_ssdm_op_SpecPipeline"/></StgValue>
</bind>
</comp>

<comp id="60" class="1001" name="const_60">
<pin_list>
<pin id="61" dir="1" index="0" bw="1" slack="2147483647"/>
</pin_list>
<bind>
<StgValue><ssdm name="_ssdm_op_SpecLoopTripCount"/></StgValue>
</bind>
</comp>

<comp id="62" class="1001" name="const_62">
<pin_list>
<pin id="63" dir="1" index="0" bw="1" slack="2147483647"/>
</pin_list>
<bind>
<StgValue><ssdm name=""/></StgValue>
</bind>
</comp>

<comp id="64" class="1001" name="const_64">
<pin_list>
<pin id="65" dir="1" index="0" bw="1" slack="2147483647"/>
</pin_list>
<bind>
<StgValue><ssdm name="_ssdm_op_SpecLoopName"/></StgValue>
</bind>
</comp>

<comp id="66" class="1001" name="const_66">
<pin_list>
<pin id="67" dir="1" index="0" bw="1" slack="2147483647"/>
</pin_list>
<bind>
<StgValue><ssdm name="empty_8"/></StgValue>
</bind>
</comp>

<comp id="68" class="1001" name="const_68">
<pin_list>
<pin id="69" dir="1" index="0" bw="1" slack="0"/>
</pin_list>
<bind>
<StgValue><ssdm name="_ssdm_op_BitConcatenate.i30.i10.i10.i10"/></StgValue>
</bind>
</comp>

<comp id="70" class="1001" name="const_70">
<pin_list>
<pin id="71" dir="1" index="0" bw="1" slack="0"/>
</pin_list>
<bind>
<StgValue><ssdm name="_ssdm_op_Write.ap_fifo.volatile.i30P0A"/></StgValue>
</bind>
</comp>

<comp id="72" class="1004" name="j_fu_72">
<pin_list>
<pin id="73" dir="0" index="0" bw="1" slack="0"/>
<pin id="74" dir="1" index="1" bw="12" slack="0"/>
</pin_list>
<bind>
<opcode="alloca(26) " fcode="alloca"/>
<opset="j/1 "/>
</bind>
</comp>

<comp id="76" class="1004" name="sext_ln104_2_read_read_fu_76">
<pin_list>
<pin id="77" dir="0" index="0" bw="32" slack="0"/>
<pin id="78" dir="0" index="1" bw="32" slack="0"/>
<pin id="79" dir="1" index="2" bw="32" slack="0"/>
</pin_list>
<bind>
<opcode="read(1150) " fcode="read"/>
<opset="sext_ln104_2_read/1 "/>
</bind>
</comp>

<comp id="82" class="1004" name="sext_ln104_1_read_read_fu_82">
<pin_list>
<pin id="83" dir="0" index="0" bw="32" slack="0"/>
<pin id="84" dir="0" index="1" bw="32" slack="0"/>
<pin id="85" dir="1" index="2" bw="32" slack="0"/>
</pin_list>
<bind>
<opcode="read(1150) " fcode="read"/>
<opset="sext_ln104_1_read/1 "/>
</bind>
</comp>

<comp id="88" class="1004" name="sext_ln104_read_read_fu_88">
<pin_list>
<pin id="89" dir="0" index="0" bw="32" slack="0"/>
<pin id="90" dir="0" index="1" bw="32" slack="0"/>
<pin id="91" dir="1" index="2" bw="32" slack="0"/>
</pin_list>
<bind>
<opcode="read(1150) " fcode="read"/>
<opset="sext_ln104_read/1 "/>
</bind>
</comp>

<comp id="94" class="1004" name="src1_cols_val_read_read_fu_94">
<pin_list>
<pin id="95" dir="0" index="0" bw="12" slack="0"/>
<pin id="96" dir="0" index="1" bw="12" slack="0"/>
<pin id="97" dir="1" index="2" bw="12" slack="0"/>
</pin_list>
<bind>
<opcode="read(1150) " fcode="read"/>
<opset="src1_cols_val_read/1 "/>
</bind>
</comp>

<comp id="100" class="1004" name="in_pix_read_fu_100">
<pin_list>
<pin id="101" dir="0" index="0" bw="30" slack="0"/>
<pin id="102" dir="0" index="1" bw="30" slack="0"/>
<pin id="103" dir="1" index="2" bw="30" slack="0"/>
</pin_list>
<bind>
<opcode="read(1150) " fcode="read"/>
<opset="in_pix/2 "/>
</bind>
</comp>

<comp id="106" class="1004" name="write_ln554_write_fu_106">
<pin_list>
<pin id="107" dir="0" index="0" bw="0" slack="0"/>
<pin id="108" dir="0" index="1" bw="30" slack="0"/>
<pin id="109" dir="0" index="2" bw="30" slack="0"/>
<pin id="110" dir="1" index="3" bw="0" slack="2147483647"/>
</pin_list>
<bind>
<opcode="write(1151) " fcode="write"/>
<opset="write_ln554/3 "/>
</bind>
</comp>

<comp id="113" class="1004" name="mul_ln104_fu_113">
<pin_list>
<pin id="114" dir="0" index="0" bw="32" slack="1"/>
<pin id="115" dir="0" index="1" bw="10" slack="0"/>
<pin id="116" dir="1" index="2" bw="42" slack="0"/>
</pin_list>
<bind>
<opcode="mul(12) " fcode="mul"/>
<opset="mul_ln104/2 "/>
</bind>
</comp>

<comp id="117" class="1004" name="mul_ln104_1_fu_117">
<pin_list>
<pin id="118" dir="0" index="0" bw="32" slack="1"/>
<pin id="119" dir="0" index="1" bw="10" slack="0"/>
<pin id="120" dir="1" index="2" bw="42" slack="0"/>
</pin_list>
<bind>
<opcode="mul(12) " fcode="mul"/>
<opset="mul_ln104_1/2 "/>
</bind>
</comp>

<comp id="121" class="1004" name="mul_ln104_2_fu_121">
<pin_list>
<pin id="122" dir="0" index="0" bw="32" slack="1"/>
<pin id="123" dir="0" index="1" bw="10" slack="0"/>
<pin id="124" dir="1" index="2" bw="42" slack="0"/>
</pin_list>
<bind>
<opcode="mul(12) " fcode="mul"/>
<opset="mul_ln104_2/2 "/>
</bind>
</comp>

<comp id="125" class="1004" name="sext_ln104_2_cast_fu_125">
<pin_list>
<pin id="126" dir="0" index="0" bw="32" slack="0"/>
<pin id="127" dir="1" index="1" bw="42" slack="1"/>
</pin_list>
<bind>
<opcode="sext(35) " fcode="sext"/>
<opset="sext_ln104_2_cast/1 "/>
</bind>
</comp>

<comp id="129" class="1004" name="sext_ln104_1_cast_fu_129">
<pin_list>
<pin id="130" dir="0" index="0" bw="32" slack="0"/>
<pin id="131" dir="1" index="1" bw="42" slack="1"/>
</pin_list>
<bind>
<opcode="sext(35) " fcode="sext"/>
<opset="sext_ln104_1_cast/1 "/>
</bind>
</comp>

<comp id="133" class="1004" name="sext_ln104_cast_fu_133">
<pin_list>
<pin id="134" dir="0" index="0" bw="32" slack="0"/>
<pin id="135" dir="1" index="1" bw="42" slack="1"/>
</pin_list>
<bind>
<opcode="sext(35) " fcode="sext"/>
<opset="sext_ln104_cast/1 "/>
</bind>
</comp>

<comp id="137" class="1004" name="store_ln91_store_fu_137">
<pin_list>
<pin id="138" dir="0" index="0" bw="1" slack="0"/>
<pin id="139" dir="0" index="1" bw="12" slack="0"/>
<pin id="140" dir="1" index="2" bw="0" slack="2147483647"/>
</pin_list>
<bind>
<opcode="store(28) " fcode="store"/>
<opset="store_ln91/1 "/>
</bind>
</comp>

<comp id="142" class="1004" name="j_5_load_fu_142">
<pin_list>
<pin id="143" dir="0" index="0" bw="12" slack="0"/>
<pin id="144" dir="1" index="1" bw="12" slack="0"/>
</pin_list>
<bind>
<opcode="load(27) " fcode="load"/>
<opset="j_5/1 "/>
</bind>
</comp>

<comp id="145" class="1004" name="icmp_ln91_fu_145">
<pin_list>
<pin id="146" dir="0" index="0" bw="12" slack="0"/>
<pin id="147" dir="0" index="1" bw="12" slack="0"/>
<pin id="148" dir="1" index="2" bw="1" slack="1"/>
</pin_list>
<bind>
<opcode="icmp(45) " fcode="icmp"/>
<opset="icmp_ln91/1 "/>
</bind>
</comp>

<comp id="151" class="1004" name="j_6_fu_151">
<pin_list>
<pin id="152" dir="0" index="0" bw="12" slack="0"/>
<pin id="153" dir="0" index="1" bw="1" slack="0"/>
<pin id="154" dir="1" index="2" bw="12" slack="0"/>
</pin_list>
<bind>
<opcode="add(8) " fcode="add"/>
<opset="j_6/1 "/>
</bind>
</comp>

<comp id="157" class="1004" name="store_ln91_store_fu_157">
<pin_list>
<pin id="158" dir="0" index="0" bw="12" slack="0"/>
<pin id="159" dir="0" index="1" bw="12" slack="0"/>
<pin id="160" dir="1" index="2" bw="0" slack="2147483647"/>
</pin_list>
<bind>
<opcode="store(28) " fcode="store"/>
<opset="store_ln91/1 "/>
</bind>
</comp>

<comp id="162" class="1004" name="val_fu_162">
<pin_list>
<pin id="163" dir="0" index="0" bw="30" slack="0"/>
<pin id="164" dir="1" index="1" bw="10" slack="0"/>
</pin_list>
<bind>
<opcode="trunc(33) " fcode="trunc"/>
<opset="val/2 "/>
</bind>
</comp>

<comp id="166" class="1004" name="zext_ln104_fu_166">
<pin_list>
<pin id="167" dir="0" index="0" bw="10" slack="0"/>
<pin id="168" dir="1" index="1" bw="42" slack="0"/>
</pin_list>
<bind>
<opcode="zext(34) " fcode="zext"/>
<opset="zext_ln104/2 "/>
</bind>
</comp>

<comp id="171" class="1004" name="tmp_fu_171">
<pin_list>
<pin id="172" dir="0" index="0" bw="22" slack="0"/>
<pin id="173" dir="0" index="1" bw="42" slack="0"/>
<pin id="174" dir="0" index="2" bw="6" slack="0"/>
<pin id="175" dir="0" index="3" bw="7" slack="0"/>
<pin id="176" dir="1" index="4" bw="22" slack="0"/>
</pin_list>
<bind>
<opcode="partselect(1002) " fcode="partselect"/>
<opset="tmp/2 "/>
</bind>
</comp>

<comp id="181" class="1004" name="icmp_ln45_fu_181">
<pin_list>
<pin id="182" dir="0" index="0" bw="22" slack="0"/>
<pin id="183" dir="0" index="1" bw="22" slack="0"/>
<pin id="184" dir="1" index="2" bw="1" slack="0"/>
</pin_list>
<bind>
<opcode="icmp(45) " fcode="icmp"/>
<opset="icmp_ln45/2 "/>
</bind>
</comp>

<comp id="187" class="1004" name="trunc_ln_fu_187">
<pin_list>
<pin id="188" dir="0" index="0" bw="10" slack="0"/>
<pin id="189" dir="0" index="1" bw="42" slack="0"/>
<pin id="190" dir="0" index="2" bw="5" slack="0"/>
<pin id="191" dir="0" index="3" bw="6" slack="0"/>
<pin id="192" dir="1" index="4" bw="10" slack="0"/>
</pin_list>
<bind>
<opcode="partselect(1002) " fcode="partselect"/>
<opset="trunc_ln/2 "/>
</bind>
</comp>

<comp id="197" class="1004" name="select_ln45_fu_197">
<pin_list>
<pin id="198" dir="0" index="0" bw="1" slack="0"/>
<pin id="199" dir="0" index="1" bw="10" slack="0"/>
<pin id="200" dir="0" index="2" bw="10" slack="0"/>
<pin id="201" dir="1" index="3" bw="10" slack="1"/>
</pin_list>
<bind>
<opcode="select(49) " fcode="select"/>
<opset="select_ln45/2 "/>
</bind>
</comp>

<comp id="205" class="1004" name="val_1_fu_205">
<pin_list>
<pin id="206" dir="0" index="0" bw="10" slack="0"/>
<pin id="207" dir="0" index="1" bw="30" slack="0"/>
<pin id="208" dir="0" index="2" bw="5" slack="0"/>
<pin id="209" dir="1" index="3" bw="10" slack="0"/>
</pin_list>
<bind>
<opcode="partselect(1002) " fcode="partselect"/>
<opset="val_1/2 "/>
</bind>
</comp>

<comp id="213" class="1004" name="zext_ln104_1_fu_213">
<pin_list>
<pin id="214" dir="0" index="0" bw="10" slack="0"/>
<pin id="215" dir="1" index="1" bw="42" slack="0"/>
</pin_list>
<bind>
<opcode="zext(34) " fcode="zext"/>
<opset="zext_ln104_1/2 "/>
</bind>
</comp>

<comp id="218" class="1004" name="tmp_1_fu_218">
<pin_list>
<pin id="219" dir="0" index="0" bw="22" slack="0"/>
<pin id="220" dir="0" index="1" bw="42" slack="0"/>
<pin id="221" dir="0" index="2" bw="6" slack="0"/>
<pin id="222" dir="0" index="3" bw="7" slack="0"/>
<pin id="223" dir="1" index="4" bw="22" slack="0"/>
</pin_list>
<bind>
<opcode="partselect(1002) " fcode="partselect"/>
<opset="tmp_1/2 "/>
</bind>
</comp>

<comp id="228" class="1004" name="icmp_ln45_1_fu_228">
<pin_list>
<pin id="229" dir="0" index="0" bw="22" slack="0"/>
<pin id="230" dir="0" index="1" bw="22" slack="0"/>
<pin id="231" dir="1" index="2" bw="1" slack="0"/>
</pin_list>
<bind>
<opcode="icmp(45) " fcode="icmp"/>
<opset="icmp_ln45_1/2 "/>
</bind>
</comp>

<comp id="234" class="1004" name="trunc_ln45_1_fu_234">
<pin_list>
<pin id="235" dir="0" index="0" bw="10" slack="0"/>
<pin id="236" dir="0" index="1" bw="42" slack="0"/>
<pin id="237" dir="0" index="2" bw="5" slack="0"/>
<pin id="238" dir="0" index="3" bw="6" slack="0"/>
<pin id="239" dir="1" index="4" bw="10" slack="0"/>
</pin_list>
<bind>
<opcode="partselect(1002) " fcode="partselect"/>
<opset="trunc_ln45_1/2 "/>
</bind>
</comp>

<comp id="244" class="1004" name="select_ln45_1_fu_244">
<pin_list>
<pin id="245" dir="0" index="0" bw="1" slack="0"/>
<pin id="246" dir="0" index="1" bw="10" slack="0"/>
<pin id="247" dir="0" index="2" bw="10" slack="0"/>
<pin id="248" dir="1" index="3" bw="10" slack="1"/>
</pin_list>
<bind>
<opcode="select(49) " fcode="select"/>
<opset="select_ln45_1/2 "/>
</bind>
</comp>

<comp id="252" class="1004" name="val_2_fu_252">
<pin_list>
<pin id="253" dir="0" index="0" bw="10" slack="0"/>
<pin id="254" dir="0" index="1" bw="30" slack="0"/>
<pin id="255" dir="0" index="2" bw="6" slack="0"/>
<pin id="256" dir="1" index="3" bw="10" slack="0"/>
</pin_list>
<bind>
<opcode="partselect(1002) " fcode="partselect"/>
<opset="val_2/2 "/>
</bind>
</comp>

<comp id="260" class="1004" name="zext_ln104_2_fu_260">
<pin_list>
<pin id="261" dir="0" index="0" bw="10" slack="0"/>
<pin id="262" dir="1" index="1" bw="42" slack="0"/>
</pin_list>
<bind>
<opcode="zext(34) " fcode="zext"/>
<opset="zext_ln104_2/2 "/>
</bind>
</comp>

<comp id="265" class="1004" name="tmp_2_fu_265">
<pin_list>
<pin id="266" dir="0" index="0" bw="22" slack="0"/>
<pin id="267" dir="0" index="1" bw="42" slack="0"/>
<pin id="268" dir="0" index="2" bw="6" slack="0"/>
<pin id="269" dir="0" index="3" bw="7" slack="0"/>
<pin id="270" dir="1" index="4" bw="22" slack="0"/>
</pin_list>
<bind>
<opcode="partselect(1002) " fcode="partselect"/>
<opset="tmp_2/2 "/>
</bind>
</comp>

<comp id="275" class="1004" name="icmp_ln45_2_fu_275">
<pin_list>
<pin id="276" dir="0" index="0" bw="22" slack="0"/>
<pin id="277" dir="0" index="1" bw="22" slack="0"/>
<pin id="278" dir="1" index="2" bw="1" slack="0"/>
</pin_list>
<bind>
<opcode="icmp(45) " fcode="icmp"/>
<opset="icmp_ln45_2/2 "/>
</bind>
</comp>

<comp id="281" class="1004" name="trunc_ln45_2_fu_281">
<pin_list>
<pin id="282" dir="0" index="0" bw="10" slack="0"/>
<pin id="283" dir="0" index="1" bw="42" slack="0"/>
<pin id="284" dir="0" index="2" bw="5" slack="0"/>
<pin id="285" dir="0" index="3" bw="6" slack="0"/>
<pin id="286" dir="1" index="4" bw="10" slack="0"/>
</pin_list>
<bind>
<opcode="partselect(1002) " fcode="partselect"/>
<opset="trunc_ln45_2/2 "/>
</bind>
</comp>

<comp id="291" class="1004" name="select_ln45_2_fu_291">
<pin_list>
<pin id="292" dir="0" index="0" bw="1" slack="0"/>
<pin id="293" dir="0" index="1" bw="10" slack="0"/>
<pin id="294" dir="0" index="2" bw="10" slack="0"/>
<pin id="295" dir="1" index="3" bw="10" slack="1"/>
</pin_list>
<bind>
<opcode="select(49) " fcode="select"/>
<opset="select_ln45_2/2 "/>
</bind>
</comp>

<comp id="299" class="1004" name="out_pix_fu_299">
<pin_list>
<pin id="300" dir="0" index="0" bw="30" slack="0"/>
<pin id="301" dir="0" index="1" bw="10" slack="1"/>
<pin id="302" dir="0" index="2" bw="10" slack="1"/>
<pin id="303" dir="0" index="3" bw="10" slack="1"/>
<pin id="304" dir="1" index="4" bw="30" slack="0"/>
</pin_list>
<bind>
<opcode="bitconcatenate(1004) " fcode="bitconcatenate"/>
<opset="out_pix/3 "/>
</bind>
</comp>

<comp id="307" class="1005" name="j_reg_307">
<pin_list>
<pin id="308" dir="0" index="0" bw="12" slack="0"/>
<pin id="309" dir="1" index="1" bw="12" slack="0"/>
</pin_list>
<bind>
<opset="j "/>
</bind>
</comp>

<comp id="314" class="1005" name="sext_ln104_2_cast_reg_314">
<pin_list>
<pin id="315" dir="0" index="0" bw="42" slack="1"/>
<pin id="316" dir="1" index="1" bw="42" slack="1"/>
</pin_list>
<bind>
<opset="sext_ln104_2_cast "/>
</bind>
</comp>

<comp id="319" class="1005" name="sext_ln104_1_cast_reg_319">
<pin_list>
<pin id="320" dir="0" index="0" bw="42" slack="1"/>
<pin id="321" dir="1" index="1" bw="42" slack="1"/>
</pin_list>
<bind>
<opset="sext_ln104_1_cast "/>
</bind>
</comp>

<comp id="324" class="1005" name="sext_ln104_cast_reg_324">
<pin_list>
<pin id="325" dir="0" index="0" bw="42" slack="1"/>
<pin id="326" dir="1" index="1" bw="42" slack="1"/>
</pin_list>
<bind>
<opset="sext_ln104_cast "/>
</bind>
</comp>

<comp id="329" class="1005" name="icmp_ln91_reg_329">
<pin_list>
<pin id="330" dir="0" index="0" bw="1" slack="1"/>
<pin id="331" dir="1" index="1" bw="1" slack="2147483647"/>
</pin_list>
<bind>
<opset="icmp_ln91 "/>
</bind>
</comp>

<comp id="333" class="1005" name="select_ln45_reg_333">
<pin_list>
<pin id="334" dir="0" index="0" bw="10" slack="1"/>
<pin id="335" dir="1" index="1" bw="10" slack="1"/>
</pin_list>
<bind>
<opset="select_ln45 "/>
</bind>
</comp>

<comp id="338" class="1005" name="select_ln45_1_reg_338">
<pin_list>
<pin id="339" dir="0" index="0" bw="10" slack="1"/>
<pin id="340" dir="1" index="1" bw="10" slack="1"/>
</pin_list>
<bind>
<opset="select_ln45_1 "/>
</bind>
</comp>

<comp id="343" class="1005" name="select_ln45_2_reg_343">
<pin_list>
<pin id="344" dir="0" index="0" bw="10" slack="1"/>
<pin id="345" dir="1" index="1" bw="10" slack="1"/>
</pin_list>
<bind>
<opset="select_ln45_2 "/>
</bind>
</comp>

</comp_list>

<net_list>
<net id="75"><net_src comp="12" pin="0"/><net_sink comp="72" pin=0"/></net>

<net id="80"><net_src comp="20" pin="0"/><net_sink comp="76" pin=0"/></net>

<net id="81"><net_src comp="8" pin="0"/><net_sink comp="76" pin=1"/></net>

<net id="86"><net_src comp="20" pin="0"/><net_sink comp="82" pin=0"/></net>

<net id="87"><net_src comp="6" pin="0"/><net_sink comp="82" pin=1"/></net>

<net id="92"><net_src comp="20" pin="0"/><net_sink comp="88" pin=0"/></net>

<net id="93"><net_src comp="4" pin="0"/><net_sink comp="88" pin=1"/></net>

<net id="98"><net_src comp="22" pin="0"/><net_sink comp="94" pin=0"/></net>

<net id="99"><net_src comp="0" pin="0"/><net_sink comp="94" pin=1"/></net>

<net id="104"><net_src comp="38" pin="0"/><net_sink comp="100" pin=0"/></net>

<net id="105"><net_src comp="2" pin="0"/><net_sink comp="100" pin=1"/></net>

<net id="111"><net_src comp="70" pin="0"/><net_sink comp="106" pin=0"/></net>

<net id="112"><net_src comp="10" pin="0"/><net_sink comp="106" pin=1"/></net>

<net id="128"><net_src comp="76" pin="2"/><net_sink comp="125" pin=0"/></net>

<net id="132"><net_src comp="82" pin="2"/><net_sink comp="129" pin=0"/></net>

<net id="136"><net_src comp="88" pin="2"/><net_sink comp="133" pin=0"/></net>

<net id="141"><net_src comp="34" pin="0"/><net_sink comp="137" pin=0"/></net>

<net id="149"><net_src comp="142" pin="1"/><net_sink comp="145" pin=0"/></net>

<net id="150"><net_src comp="94" pin="2"/><net_sink comp="145" pin=1"/></net>

<net id="155"><net_src comp="142" pin="1"/><net_sink comp="151" pin=0"/></net>

<net id="156"><net_src comp="36" pin="0"/><net_sink comp="151" pin=1"/></net>

<net id="161"><net_src comp="151" pin="2"/><net_sink comp="157" pin=0"/></net>

<net id="165"><net_src comp="100" pin="2"/><net_sink comp="162" pin=0"/></net>

<net id="169"><net_src comp="162" pin="1"/><net_sink comp="166" pin=0"/></net>

<net id="170"><net_src comp="166" pin="1"/><net_sink comp="113" pin=1"/></net>

<net id="177"><net_src comp="40" pin="0"/><net_sink comp="171" pin=0"/></net>

<net id="178"><net_src comp="113" pin="2"/><net_sink comp="171" pin=1"/></net>

<net id="179"><net_src comp="42" pin="0"/><net_sink comp="171" pin=2"/></net>

<net id="180"><net_src comp="44" pin="0"/><net_sink comp="171" pin=3"/></net>

<net id="185"><net_src comp="171" pin="4"/><net_sink comp="181" pin=0"/></net>

<net id="186"><net_src comp="46" pin="0"/><net_sink comp="181" pin=1"/></net>

<net id="193"><net_src comp="48" pin="0"/><net_sink comp="187" pin=0"/></net>

<net id="194"><net_src comp="113" pin="2"/><net_sink comp="187" pin=1"/></net>

<net id="195"><net_src comp="50" pin="0"/><net_sink comp="187" pin=2"/></net>

<net id="196"><net_src comp="52" pin="0"/><net_sink comp="187" pin=3"/></net>

<net id="202"><net_src comp="181" pin="2"/><net_sink comp="197" pin=0"/></net>

<net id="203"><net_src comp="54" pin="0"/><net_sink comp="197" pin=1"/></net>

<net id="204"><net_src comp="187" pin="4"/><net_sink comp="197" pin=2"/></net>

<net id="210"><net_src comp="56" pin="0"/><net_sink comp="205" pin=0"/></net>

<net id="211"><net_src comp="100" pin="2"/><net_sink comp="205" pin=1"/></net>

<net id="212"><net_src comp="50" pin="0"/><net_sink comp="205" pin=2"/></net>

<net id="216"><net_src comp="205" pin="3"/><net_sink comp="213" pin=0"/></net>

<net id="217"><net_src comp="213" pin="1"/><net_sink comp="117" pin=1"/></net>

<net id="224"><net_src comp="40" pin="0"/><net_sink comp="218" pin=0"/></net>

<net id="225"><net_src comp="117" pin="2"/><net_sink comp="218" pin=1"/></net>

<net id="226"><net_src comp="42" pin="0"/><net_sink comp="218" pin=2"/></net>

<net id="227"><net_src comp="44" pin="0"/><net_sink comp="218" pin=3"/></net>

<net id="232"><net_src comp="218" pin="4"/><net_sink comp="228" pin=0"/></net>

<net id="233"><net_src comp="46" pin="0"/><net_sink comp="228" pin=1"/></net>

<net id="240"><net_src comp="48" pin="0"/><net_sink comp="234" pin=0"/></net>

<net id="241"><net_src comp="117" pin="2"/><net_sink comp="234" pin=1"/></net>

<net id="242"><net_src comp="50" pin="0"/><net_sink comp="234" pin=2"/></net>

<net id="243"><net_src comp="52" pin="0"/><net_sink comp="234" pin=3"/></net>

<net id="249"><net_src comp="228" pin="2"/><net_sink comp="244" pin=0"/></net>

<net id="250"><net_src comp="54" pin="0"/><net_sink comp="244" pin=1"/></net>

<net id="251"><net_src comp="234" pin="4"/><net_sink comp="244" pin=2"/></net>

<net id="257"><net_src comp="56" pin="0"/><net_sink comp="252" pin=0"/></net>

<net id="258"><net_src comp="100" pin="2"/><net_sink comp="252" pin=1"/></net>

<net id="259"><net_src comp="42" pin="0"/><net_sink comp="252" pin=2"/></net>

<net id="263"><net_src comp="252" pin="3"/><net_sink comp="260" pin=0"/></net>

<net id="264"><net_src comp="260" pin="1"/><net_sink comp="121" pin=1"/></net>

<net id="271"><net_src comp="40" pin="0"/><net_sink comp="265" pin=0"/></net>

<net id="272"><net_src comp="121" pin="2"/><net_sink comp="265" pin=1"/></net>

<net id="273"><net_src comp="42" pin="0"/><net_sink comp="265" pin=2"/></net>

<net id="274"><net_src comp="44" pin="0"/><net_sink comp="265" pin=3"/></net>

<net id="279"><net_src comp="265" pin="4"/><net_sink comp="275" pin=0"/></net>

<net id="280"><net_src comp="46" pin="0"/><net_sink comp="275" pin=1"/></net>

<net id="287"><net_src comp="48" pin="0"/><net_sink comp="281" pin=0"/></net>

<net id="288"><net_src comp="121" pin="2"/><net_sink comp="281" pin=1"/></net>

<net id="289"><net_src comp="50" pin="0"/><net_sink comp="281" pin=2"/></net>

<net id="290"><net_src comp="52" pin="0"/><net_sink comp="281" pin=3"/></net>

<net id="296"><net_src comp="275" pin="2"/><net_sink comp="291" pin=0"/></net>

<net id="297"><net_src comp="54" pin="0"/><net_sink comp="291" pin=1"/></net>

<net id="298"><net_src comp="281" pin="4"/><net_sink comp="291" pin=2"/></net>

<net id="305"><net_src comp="68" pin="0"/><net_sink comp="299" pin=0"/></net>

<net id="306"><net_src comp="299" pin="4"/><net_sink comp="106" pin=2"/></net>

<net id="310"><net_src comp="72" pin="1"/><net_sink comp="307" pin=0"/></net>

<net id="311"><net_src comp="307" pin="1"/><net_sink comp="137" pin=1"/></net>

<net id="312"><net_src comp="307" pin="1"/><net_sink comp="142" pin=0"/></net>

<net id="313"><net_src comp="307" pin="1"/><net_sink comp="157" pin=1"/></net>

<net id="317"><net_src comp="125" pin="1"/><net_sink comp="314" pin=0"/></net>

<net id="318"><net_src comp="314" pin="1"/><net_sink comp="121" pin=0"/></net>

<net id="322"><net_src comp="129" pin="1"/><net_sink comp="319" pin=0"/></net>

<net id="323"><net_src comp="319" pin="1"/><net_sink comp="117" pin=0"/></net>

<net id="327"><net_src comp="133" pin="1"/><net_sink comp="324" pin=0"/></net>

<net id="328"><net_src comp="324" pin="1"/><net_sink comp="113" pin=0"/></net>

<net id="332"><net_src comp="145" pin="2"/><net_sink comp="329" pin=0"/></net>

<net id="336"><net_src comp="197" pin="3"/><net_sink comp="333" pin=0"/></net>

<net id="337"><net_src comp="333" pin="1"/><net_sink comp="299" pin=3"/></net>

<net id="341"><net_src comp="244" pin="3"/><net_sink comp="338" pin=0"/></net>

<net id="342"><net_src comp="338" pin="1"/><net_sink comp="299" pin=2"/></net>

<net id="346"><net_src comp="291" pin="3"/><net_sink comp="343" pin=0"/></net>

<net id="347"><net_src comp="343" pin="1"/><net_sink comp="299" pin=1"/></net>

</net_list>

</model> 
---------------- Datapath Model END ------------------

* FSMD analyzer results:
  - Output states:
	Port: impop_data | {}
	Port: out_mat_data | {3 }
 - Input state : 
	Port: AWBGainUpdate<20, 20, 2160, 3840, 1, 0, 2, 2>_Pipeline_ColLoop1 : src1_cols_val | {1 }
	Port: AWBGainUpdate<20, 20, 2160, 3840, 1, 0, 2, 2>_Pipeline_ColLoop1 : impop_data | {2 }
	Port: AWBGainUpdate<20, 20, 2160, 3840, 1, 0, 2, 2>_Pipeline_ColLoop1 : sext_ln104 | {1 }
	Port: AWBGainUpdate<20, 20, 2160, 3840, 1, 0, 2, 2>_Pipeline_ColLoop1 : sext_ln104_1 | {1 }
	Port: AWBGainUpdate<20, 20, 2160, 3840, 1, 0, 2, 2>_Pipeline_ColLoop1 : sext_ln104_2 | {1 }
	Port: AWBGainUpdate<20, 20, 2160, 3840, 1, 0, 2, 2>_Pipeline_ColLoop1 : out_mat_data | {}
  - Chain level:
	State 1
		store_ln91 : 1
		j_5 : 1
		icmp_ln91 : 2
		j_6 : 2
		br_ln91 : 3
		store_ln91 : 3
	State 2
		zext_ln104 : 1
		mul_ln104 : 2
		tmp : 3
		icmp_ln45 : 4
		trunc_ln : 3
		select_ln45 : 5
		zext_ln104_1 : 1
		mul_ln104_1 : 2
		tmp_1 : 3
		icmp_ln45_1 : 4
		trunc_ln45_1 : 3
		select_ln45_1 : 5
		zext_ln104_2 : 1
		mul_ln104_2 : 2
		tmp_2 : 3
		icmp_ln45_2 : 4
		trunc_ln45_2 : 3
		select_ln45_2 : 5
	State 3
		write_ln554 : 1


============================================================
+ Verbose Summary: Datapath Resource usage 
============================================================

* Functional unit list:
|----------|-------------------------------|---------|---------|---------|
| Operation|        Functional Unit        |   DSP   |    FF   |   LUT   |
|----------|-------------------------------|---------|---------|---------|
|          |        icmp_ln91_fu_145       |    0    |    0    |    19   |
|   icmp   |        icmp_ln45_fu_181       |    0    |    0    |    29   |
|          |       icmp_ln45_1_fu_228      |    0    |    0    |    29   |
|          |       icmp_ln45_2_fu_275      |    0    |    0    |    29   |
|----------|-------------------------------|---------|---------|---------|
|          |        mul_ln104_fu_113       |    2    |    0    |    20   |
|    mul   |       mul_ln104_1_fu_117      |    2    |    0    |    20   |
|          |       mul_ln104_2_fu_121      |    2    |    0    |    20   |
|----------|-------------------------------|---------|---------|---------|
|          |       select_ln45_fu_197      |    0    |    0    |    10   |
|  select  |      select_ln45_1_fu_244     |    0    |    0    |    10   |
|          |      select_ln45_2_fu_291     |    0    |    0    |    10   |
|----------|-------------------------------|---------|---------|---------|
|    add   |           j_6_fu_151          |    0    |    0    |    19   |
|----------|-------------------------------|---------|---------|---------|
|          |  sext_ln104_2_read_read_fu_76 |    0    |    0    |    0    |
|          |  sext_ln104_1_read_read_fu_82 |    0    |    0    |    0    |
|   read   |   sext_ln104_read_read_fu_88  |    0    |    0    |    0    |
|          | src1_cols_val_read_read_fu_94 |    0    |    0    |    0    |
|          |       in_pix_read_fu_100      |    0    |    0    |    0    |
|----------|-------------------------------|---------|---------|---------|
|   write  |    write_ln554_write_fu_106   |    0    |    0    |    0    |
|----------|-------------------------------|---------|---------|---------|
|          |    sext_ln104_2_cast_fu_125   |    0    |    0    |    0    |
|   sext   |    sext_ln104_1_cast_fu_129   |    0    |    0    |    0    |
|          |     sext_ln104_cast_fu_133    |    0    |    0    |    0    |
|----------|-------------------------------|---------|---------|---------|
|   trunc  |           val_fu_162          |    0    |    0    |    0    |
|----------|-------------------------------|---------|---------|---------|
|          |       zext_ln104_fu_166       |    0    |    0    |    0    |
|   zext   |      zext_ln104_1_fu_213      |    0    |    0    |    0    |
|          |      zext_ln104_2_fu_260      |    0    |    0    |    0    |
|----------|-------------------------------|---------|---------|---------|
|          |           tmp_fu_171          |    0    |    0    |    0    |
|          |        trunc_ln_fu_187        |    0    |    0    |    0    |
|          |          val_1_fu_205         |    0    |    0    |    0    |
|partselect|          tmp_1_fu_218         |    0    |    0    |    0    |
|          |      trunc_ln45_1_fu_234      |    0    |    0    |    0    |
|          |          val_2_fu_252         |    0    |    0    |    0    |
|          |          tmp_2_fu_265         |    0    |    0    |    0    |
|          |      trunc_ln45_2_fu_281      |    0    |    0    |    0    |
|----------|-------------------------------|---------|---------|---------|
|bitconcatenate|         out_pix_fu_299        |    0    |    0    |    0    |
|----------|-------------------------------|---------|---------|---------|
|   Total  |                               |    6    |    0    |   215   |
|----------|-------------------------------|---------|---------|---------|

Memories:
N/A

* Register list:
+-------------------------+--------+
|                         |   FF   |
+-------------------------+--------+
|    icmp_ln91_reg_329    |    1   |
|        j_reg_307        |   12   |
|  select_ln45_1_reg_338  |   10   |
|  select_ln45_2_reg_343  |   10   |
|   select_ln45_reg_333   |   10   |
|sext_ln104_1_cast_reg_319|   42   |
|sext_ln104_2_cast_reg_314|   42   |
| sext_ln104_cast_reg_324 |   42   |
+-------------------------+--------+
|          Total          |   169  |
+-------------------------+--------+

* Multiplexer (MUX) list: 
|--------|------|------|------|--------|
|  Comp  |  Pin | Size |  BW  | S x BW |
|--------|------|------|------|--------|
|  Total |      |      |      |    0   |
|--------|------|------|------|--------|



* Summary:
+-----------+--------+--------+--------+
|           |   DSP  |   FF   |   LUT  |
+-----------+--------+--------+--------+
|  Function |    6   |    0   |   215  |
|   Memory  |    -   |    -   |    -   |
|Multiplexer|    -   |    -   |    -   |
|  Register |    -   |   169  |    -   |
+-----------+--------+--------+--------+
|   Total   |    6   |   169  |   215  |
+-----------+--------+--------+--------+
