

================================================================
== Vitis HLS Report for 'AWBKernel_Block_entry_proc'
================================================================
* Date:           Mon Sep 28 23:10:25 2026

* Version:        2025.2 (Build 6295257 on Nov 14 2025)
* Project:        autowhitebalance_accel
* Solution:       hls (Vivado IP Flow Target)
* Product family: zynquplus
* Target device:  xck26-sfvc784-2LV-c


================================================================
== Performance Estimates
================================================================
+ Timing: 
    * Summary: 
    +--------+----------+----------+------------+
    |  Clock |  Target  | Estimated| Uncertainty|
    +--------+----------+----------+------------+
    |ap_clk  |  10.00 ns|  7.016 ns|     2.70 ns|
    +--------+----------+----------+------------+

+ Latency: 
    * Summary: 
    +---------+---------+-----------+-----------+-----+-----+---------+
    |  Latency (cycles) |   Latency (absolute)  |  Interval | Pipeline|
    |   min   |   max   |    min    |    max    | min | max |   Type  |
    +---------+---------+-----------+-----------+-----+-----+---------+
    |        2|        2|  20.000 ns|  20.000 ns|    2|    2|       no|
    +---------+---------+-----------+-----------+-----+-----+---------+

    + Detail: 
        * Instance: 
        N/A

        * Loop: 
        N/A

============================================================
+ Verbose Summary: Synthesis Manager
============================================================
InlineROM: 1
ExposeGlobal: 0
============================================================
+ Verbose Summary: CDFG Model
============================================================
IsTopModel: 0
ResetActiveHigh: 1
IsCombinational: 2
IsDatapathOnly: 0
HasWiredReturn: 1
HasMFsm: 0
HasVarLatency: 1
IsPipeline: 0
IsRtlPipelined: 0
IsInstanceOverlapped: 0
IsDontTouch: 0
HasImplIP: 0
IsGatedGlobalClock: 0


============================================================
+ Verbose Summary: Schedule
============================================================
* Number of FSM states : 3
* Pipeline : 0
* Dataflow Pipeline: 0

* FSM state transitions: 
1 --> 2 
2 --> 3 
3 --> 

* FSM state operations: 

State 1 <SV = 0> <Delay = 7.01>
ST_1 : Operation 4 [1/1] (0.00ns)   --->   "%thresh_read = read i32 @_ssdm_op_Read.ap_auto.float, i32 %thresh" [xf_autowhitebalance_accel.cpp:49]   --->   Operation 4 'read' 'thresh_read' <Predicate = true> <Delay = 0.00>
ST_1 : Operation 5 [3/3] (7.01ns)   --->   "%mul_out = fmul i32 %thresh_read, i32 256" [xf_autowhitebalance_accel.cpp:49]   --->   Operation 5 'fmul' 'mul_out' <Predicate = true> <Delay = 7.01> <CoreInst = "FMul_maxdsp">   --->   Core 30 'FMul_maxdsp' <Latency = 2> <II = 1> <Delay = 7.01> <FuncUnit> <Opcode : 'fmul'> <InPorts = 2> <OutPorts = 1>

State 2 <SV = 1> <Delay = 7.01>
ST_2 : Operation 6 [2/3] (7.01ns)   --->   "%mul_out = fmul i32 %thresh_read, i32 256" [xf_autowhitebalance_accel.cpp:49]   --->   Operation 6 'fmul' 'mul_out' <Predicate = true> <Delay = 7.01> <CoreInst = "FMul_maxdsp">   --->   Core 30 'FMul_maxdsp' <Latency = 2> <II = 1> <Delay = 7.01> <FuncUnit> <Opcode : 'fmul'> <InPorts = 2> <OutPorts = 1>

State 3 <SV = 2> <Delay = 7.01>
ST_3 : Operation 7 [1/1] (0.00ns)   --->   "%specstablecontent_ln0 = specstablecontent void @_ssdm_op_SpecStableContent, i32 %thresh, i1 1, void @p_str"   --->   Operation 7 'specstablecontent' 'specstablecontent_ln0' <Predicate = true> <Delay = 0.00>
ST_3 : Operation 8 [1/3] (7.01ns)   --->   "%mul_out = fmul i32 %thresh_read, i32 256" [xf_autowhitebalance_accel.cpp:49]   --->   Operation 8 'fmul' 'mul_out' <Predicate = true> <Delay = 7.01> <CoreInst = "FMul_maxdsp">   --->   Core 30 'FMul_maxdsp' <Latency = 2> <II = 1> <Delay = 7.01> <FuncUnit> <Opcode : 'fmul'> <InPorts = 2> <OutPorts = 1>
ST_3 : Operation 9 [1/1] (0.00ns)   --->   "%ret_ln49 = ret i32 %mul_out" [xf_autowhitebalance_accel.cpp:49]   --->   Operation 9 'ret' 'ret_ln49' <Predicate = true> <Delay = 0.00>


============================================================
+ Verbose Summary: Timing violations
============================================================
Target clock period: 10.000ns, clock uncertainty: 2.700ns.

 <State 1>: 7.016ns
The critical path consists of the following:
	wire read operation ('thresh_read', xf_autowhitebalance_accel.cpp:49) on port 'thresh' (xf_autowhitebalance_accel.cpp:49) [3]  (0.000 ns)
	'fmul' operation 32 bit ('mul_out', xf_autowhitebalance_accel.cpp:49) [4]  (7.016 ns)

 <State 2>: 7.016ns
The critical path consists of the following:
	'fmul' operation 32 bit ('mul_out', xf_autowhitebalance_accel.cpp:49) [4]  (7.016 ns)

 <State 3>: 7.016ns
The critical path consists of the following:
	'fmul' operation 32 bit ('mul_out', xf_autowhitebalance_accel.cpp:49) [4]  (7.016 ns)


============================================================
+ Verbose Summary: Binding
============================================================
N/A
* FSMD analyzer results:
  - Output states:
 - Input state : 
  - Chain level:
	State 1
	State 2
	State 3


============================================================
+ Verbose Summary: Datapath Resource usage 
============================================================
N/A
