

================================================================
== Vitis HLS Report for 'AWBKernel'
================================================================
* Date:           Mon Sep 28 23:10:26 2026

* Version:        2025.2 (Build 6295257 on Nov 14 2025)
* Project:        autowhitebalance_accel
* Solution:       hls (Vivado IP Flow Target)
* Product family: zynquplus
* Target device:  xck26-sfvc784-2LV-c


================================================================
== Performance Estimates
================================================================
+ Timing: 
    * Summary: 
    +--------+----------+----------+------------+
    |  Clock |  Target  | Estimated| Uncertainty|
    +--------+----------+----------+------------+
    |ap_clk  |  10.00 ns|  7.158 ns|     2.70 ns|
    +--------+----------+----------+------------+

+ Latency: 
    * Summary: 
    +---------+----------+-----------+-----------+---------+---------+----------+
    |  Latency (cycles)  |   Latency (absolute)  |      Interval     | Pipeline |
    |   min   |    max   |    min    |    max    |   min   |   max   |   Type   |
    +---------+----------+-----------+-----------+---------+---------+----------+
    |  8305221|  16606567|  83.052 ms|  0.166 sec|  8305220|  8316007|  dataflow|
    +---------+----------+-----------+-----------+---------+---------+----------+

    + Detail: 
        * Instance: 
        N/A

        * Loop: 
        N/A

============================================================
+ Verbose Summary: Synthesis Manager
============================================================
InlineROM: 1
ExposeGlobal: 0
============================================================
+ Verbose Summary: CDFG Model
============================================================
IsTopModel: 0
ResetActiveHigh: 1
IsCombinational: 2
IsDatapathOnly: 0
HasWiredReturn: 1
HasMFsm: 0
HasVarLatency: 1
IsPipeline: 0
IsRtlPipelined: 0
IsInstanceOverlapped: 0
IsDontTouch: 0
HasImplIP: 0
IsGatedGlobalClock: 0


============================================================
+ Verbose Summary: Schedule
============================================================
* Number of FSM states : 10
* Pipeline : 0
* Dataflow Pipeline: 1
  DF-Pipeline-0: Size = 10, States = { 1 2 3 4 5 6 7 8 9 10 }

* FSM state transitions: 
1 --> 2 
2 --> 3 
3 --> 4 
4 --> 5 
5 --> 6 
6 --> 7 
7 --> 8 
8 --> 9 
9 --> 10 
10 --> 

* FSM state operations: 

State 1 <SV = 0> <Delay = 7.01>
ST_1 : Operation 11 [1/1] (0.00ns)   --->   "%thresh_read = read i32 @_ssdm_op_Read.ap_auto.float, i32 %thresh"   --->   Operation 11 'read' 'thresh_read' <Predicate = true> <Delay = 0.00>
ST_1 : Operation 12 [1/1] (0.00ns)   --->   "%width_read = read i12 @_ssdm_op_Read.ap_auto.i12, i12 %width"   --->   Operation 12 'read' 'width_read' <Predicate = true> <Delay = 0.00>
ST_1 : Operation 13 [1/1] (0.00ns)   --->   "%height_read = read i12 @_ssdm_op_Read.ap_auto.i12, i12 %height"   --->   Operation 13 'read' 'height_read' <Predicate = true> <Delay = 0.00>
ST_1 : Operation 14 [1/1] (0.00ns)   --->   "%tmp_channel = alloca i64 1"   --->   Operation 14 'alloca' 'tmp_channel' <Predicate = true> <Delay = 0.00> <CoreInst = "FIFO_SRL">   --->   Core 80 'FIFO_SRL' <Latency = 0> <II = 1> <Delay = 1.83> <Storage> <Opcode : 'read' 'write' 'nbread' 'nbwrite'> <Ports = 0> <Width = 32> <Depth = 2> <FIFO>
ST_1 : Operation 15 [1/1] (0.00ns)   --->   "%in_mat_data = alloca i64 1" [xf_autowhitebalance_accel.cpp:42]   --->   Operation 15 'alloca' 'in_mat_data' <Predicate = true> <Delay = 0.00> <CoreInst = "FIFO_SRL">   --->   Core 80 'FIFO_SRL' <Latency = 0> <II = 1> <Delay = 1.83> <Storage> <Opcode : 'read' 'write' 'nbread' 'nbwrite'> <Ports = 0> <Width = 30> <Depth = 2> <FIFO>
ST_1 : Operation 16 [1/1] (0.00ns)   --->   "%out_mat_data = alloca i64 1" [xf_autowhitebalance_accel.cpp:43]   --->   Operation 16 'alloca' 'out_mat_data' <Predicate = true> <Delay = 0.00> <CoreInst = "FIFO_SRL">   --->   Core 80 'FIFO_SRL' <Latency = 0> <II = 1> <Delay = 1.83> <Storage> <Opcode : 'read' 'write' 'nbread' 'nbwrite'> <Ports = 0> <Width = 30> <Depth = 2> <FIFO>
ST_1 : Operation 17 [1/1] (0.00ns)   --->   "%impop_data = alloca i64 1" [xf_autowhitebalance_accel.cpp:44]   --->   Operation 17 'alloca' 'impop_data' <Predicate = true> <Delay = 0.00> <CoreInst = "FIFO_SRL">   --->   Core 80 'FIFO_SRL' <Latency = 0> <II = 1> <Delay = 1.83> <Storage> <Opcode : 'read' 'write' 'nbread' 'nbwrite'> <Ports = 0> <Width = 30> <Depth = 2> <FIFO>
ST_1 : Operation 18 [2/2] (7.01ns)   --->   "%mul_loc_channel = call i32 @AWBKernel_Block_entry_proc, i32 %thresh_read" [xf_autowhitebalance_accel.cpp:49]   --->   Operation 18 'call' 'mul_loc_channel' <Predicate = true> <Delay = 7.01> <CoreInst = "FIFO_SRL">   --->   Core 80 'FIFO_SRL' <Latency = 0> <II = 1> <Delay = 1.83> <Storage> <Opcode : 'read' 'write' 'nbread' 'nbwrite'> <Ports = 0> <Width = 32> <Depth = 2> <FIFO>
ST_1 : Operation 19 [2/2] (0.00ns)   --->   "%call_ln50 = call void @AXIvideo2xfMat<30, 20, 2160, 3840, 1, 2>, i30 %s_axis_video_V_data_V, i4 %s_axis_video_V_keep_V, i4 %s_axis_video_V_strb_V, i1 %s_axis_video_V_user_V, i1 %s_axis_video_V_last_V, i1 %s_axis_video_V_id_V, i1 %s_axis_video_V_dest_V, i12 %height_read, i12 %width_read, i30 %in_mat_data" [xf_autowhitebalance_accel.cpp:50]   --->   Operation 19 'call' 'call_ln50' <Predicate = true> <Delay = 0.00> <CoreType = "Generic">   --->   Generic Core

State 2 <SV = 1> <Delay = 7.01>
ST_2 : Operation 20 [1/2] (7.01ns)   --->   "%mul_loc_channel = call i32 @AWBKernel_Block_entry_proc, i32 %thresh_read" [xf_autowhitebalance_accel.cpp:49]   --->   Operation 20 'call' 'mul_loc_channel' <Predicate = true> <Delay = 7.01> <CoreInst = "FIFO_SRL">   --->   Core 80 'FIFO_SRL' <Latency = 0> <II = 1> <Delay = 1.83> <Storage> <Opcode : 'read' 'write' 'nbread' 'nbwrite'> <Ports = 0> <Width = 32> <Depth = 2> <FIFO>
ST_2 : Operation 21 [1/2] (0.80ns)   --->   "%call_ln50 = call void @AXIvideo2xfMat<30, 20, 2160, 3840, 1, 2>, i30 %s_axis_video_V_data_V, i4 %s_axis_video_V_keep_V, i4 %s_axis_video_V_strb_V, i1 %s_axis_video_V_user_V, i1 %s_axis_video_V_last_V, i1 %s_axis_video_V_id_V, i1 %s_axis_video_V_dest_V, i12 %height_read, i12 %width_read, i30 %in_mat_data" [xf_autowhitebalance_accel.cpp:50]   --->   Operation 21 'call' 'call_ln50' <Predicate = true> <Delay = 0.80> <CoreType = "Generic">   --->   Generic Core

State 3 <SV = 2> <Delay = 1.83>
ST_3 : Operation 22 [2/2] (1.83ns)   --->   "%call_ln49 = call void @__hls_fptosi_float_i32.2, i32 %tmp_channel, i32 %mul_loc_channel" [xf_autowhitebalance_accel.cpp:49]   --->   Operation 22 'call' 'call_ln49' <Predicate = true> <Delay = 1.83> <CoreType = "Generic">   --->   Generic Core

State 4 <SV = 3> <Delay = 6.30>
ST_4 : Operation 23 [1/2] (6.30ns)   --->   "%call_ln49 = call void @__hls_fptosi_float_i32.2, i32 %tmp_channel, i32 %mul_loc_channel" [xf_autowhitebalance_accel.cpp:49]   --->   Operation 23 'call' 'call_ln49' <Predicate = true> <Delay = 6.30> <CoreType = "Generic">   --->   Generic Core

State 5 <SV = 4> <Delay = 7.03>
ST_5 : Operation 24 [2/2] (7.03ns)   --->   "%call_ln60 = call void @AWBChannelGain<20, 20, 2160, 3840, 1, 0, 2, 2>, i12 %height_read, i12 %width_read, i30 %in_mat_data, i30 %impop_data, i32 %tmp_channel, i32 %gain0_0, i32 %gain0_1, i32 %gain0_2" [xf_autowhitebalance_accel.cpp:60]   --->   Operation 24 'call' 'call_ln60' <Predicate = true> <Delay = 7.03> <CoreType = "Generic">   --->   Generic Core

State 6 <SV = 5> <Delay = 1.99>
ST_6 : Operation 25 [1/2] (1.99ns)   --->   "%call_ln60 = call void @AWBChannelGain<20, 20, 2160, 3840, 1, 0, 2, 2>, i12 %height_read, i12 %width_read, i30 %in_mat_data, i30 %impop_data, i32 %tmp_channel, i32 %gain0_0, i32 %gain0_1, i32 %gain0_2" [xf_autowhitebalance_accel.cpp:60]   --->   Operation 25 'call' 'call_ln60' <Predicate = true> <Delay = 1.99> <CoreType = "Generic">   --->   Generic Core

State 7 <SV = 6> <Delay = 0.00>
ST_7 : Operation 26 [1/1] (0.00ns)   --->   "%gain1_2_val3_read = read i32 @_ssdm_op_Read.ap_auto.i32, i32 %gain1_2_val3"   --->   Operation 26 'read' 'gain1_2_val3_read' <Predicate = true> <Delay = 0.00>
ST_7 : Operation 27 [1/1] (0.00ns)   --->   "%gain1_1_val2_read = read i32 @_ssdm_op_Read.ap_auto.i32, i32 %gain1_1_val2"   --->   Operation 27 'read' 'gain1_1_val2_read' <Predicate = true> <Delay = 0.00>
ST_7 : Operation 28 [1/1] (0.00ns)   --->   "%gain1_0_val1_read = read i32 @_ssdm_op_Read.ap_auto.i32, i32 %gain1_0_val1"   --->   Operation 28 'read' 'gain1_0_val1_read' <Predicate = true> <Delay = 0.00>
ST_7 : Operation 29 [2/2] (0.00ns)   --->   "%call_ln62 = call void @AWBGainUpdate<20, 20, 2160, 3840, 1, 0, 2, 2>, i12 %height_read, i12 %width_read, i30 %impop_data, i30 %out_mat_data, i32 %gain1_0_val1_read, i32 %gain1_1_val2_read, i32 %gain1_2_val3_read" [xf_autowhitebalance_accel.cpp:62]   --->   Operation 29 'call' 'call_ln62' <Predicate = true> <Delay = 0.00> <CoreType = "Generic">   --->   Generic Core

State 8 <SV = 7> <Delay = 0.80>
ST_8 : Operation 30 [1/2] (0.80ns)   --->   "%call_ln62 = call void @AWBGainUpdate<20, 20, 2160, 3840, 1, 0, 2, 2>, i12 %height_read, i12 %width_read, i30 %impop_data, i30 %out_mat_data, i32 %gain1_0_val1_read, i32 %gain1_1_val2_read, i32 %gain1_2_val3_read" [xf_autowhitebalance_accel.cpp:62]   --->   Operation 30 'call' 'call_ln62' <Predicate = true> <Delay = 0.80> <CoreType = "Generic">   --->   Generic Core

State 9 <SV = 8> <Delay = 0.80>
ST_9 : Operation 31 [2/2] (0.80ns)   --->   "%call_ln65 = call void @xfMat2AXIvideo<30, 20, 2160, 3840, 1, 2, 0>, i12 %height_read, i12 %width_read, i30 %out_mat_data, i30 %m_axis_video_V_data_V, i4 %m_axis_video_V_keep_V, i4 %m_axis_video_V_strb_V, i1 %m_axis_video_V_user_V, i1 %m_axis_video_V_last_V, i1 %m_axis_video_V_id_V, i1 %m_axis_video_V_dest_V" [xf_autowhitebalance_accel.cpp:65]   --->   Operation 31 'call' 'call_ln65' <Predicate = true> <Delay = 0.80> <CoreType = "Generic">   --->   Generic Core

State 10 <SV = 9> <Delay = 0.80>
ST_10 : Operation 32 [1/1] (0.00ns)   --->   "%specstablecontent_ln47 = specstablecontent void @_ssdm_op_SpecStableContent, i32 %thresh, i1 1, void @p_str" [xf_autowhitebalance_accel.cpp:47]   --->   Operation 32 'specstablecontent' 'specstablecontent_ln47' <Predicate = true> <Delay = 0.00>
ST_10 : Operation 33 [1/1] (0.00ns)   --->   "%specstablecontent_ln47 = specstablecontent void @_ssdm_op_SpecStableContent, i32 %gain1_2_val3, i1 1, void @p_str" [xf_autowhitebalance_accel.cpp:47]   --->   Operation 33 'specstablecontent' 'specstablecontent_ln47' <Predicate = true> <Delay = 0.00>
ST_10 : Operation 34 [1/1] (0.00ns)   --->   "%specstablecontent_ln47 = specstablecontent void @_ssdm_op_SpecStableContent, i32 %gain1_1_val2, i1 1, void @p_str" [xf_autowhitebalance_accel.cpp:47]   --->   Operation 34 'specstablecontent' 'specstablecontent_ln47' <Predicate = true> <Delay = 0.00>
ST_10 : Operation 35 [1/1] (0.00ns)   --->   "%specstablecontent_ln47 = specstablecontent void @_ssdm_op_SpecStableContent, i32 %gain1_0_val1, i1 1, void @p_str" [xf_autowhitebalance_accel.cpp:47]   --->   Operation 35 'specstablecontent' 'specstablecontent_ln47' <Predicate = true> <Delay = 0.00>
ST_10 : Operation 36 [1/1] (0.00ns)   --->   "%specstablecontent_ln47 = specstablecontent void @_ssdm_op_SpecStableContent, i12 %width, i1 1, void @p_str" [xf_autowhitebalance_accel.cpp:47]   --->   Operation 36 'specstablecontent' 'specstablecontent_ln47' <Predicate = true> <Delay = 0.00>
ST_10 : Operation 37 [1/1] (0.00ns)   --->   "%specstablecontent_ln47 = specstablecontent void @_ssdm_op_SpecStableContent, i12 %height, i1 1, void @p_str" [xf_autowhitebalance_accel.cpp:47]   --->   Operation 37 'specstablecontent' 'specstablecontent_ln47' <Predicate = true> <Delay = 0.00>
ST_10 : Operation 38 [1/1] (0.00ns)   --->   "%specdataflowpipeline_ln47 = specdataflowpipeline void @_ssdm_op_SpecDataflowPipeline, i32 4294967295, i32 0, void @empty_25" [xf_autowhitebalance_accel.cpp:47]   --->   Operation 38 'specdataflowpipeline' 'specdataflowpipeline_ln47' <Predicate = true> <Delay = 0.00>
ST_10 : Operation 39 [1/1] (0.00ns)   --->   "%specaxissidechannel_ln0 = specaxissidechannel void @_ssdm_op_SpecAXISSideChannel, i30 %m_axis_video_V_data_V, i4 %m_axis_video_V_keep_V, i4 %m_axis_video_V_strb_V, i1 %m_axis_video_V_user_V, i1 %m_axis_video_V_last_V, i1 %m_axis_video_V_id_V, i1 %m_axis_video_V_dest_V, void @empty_16"   --->   Operation 39 'specaxissidechannel' 'specaxissidechannel_ln0' <Predicate = true> <Delay = 0.00>
ST_10 : Operation 40 [1/1] (0.00ns)   --->   "%specaxissidechannel_ln0 = specaxissidechannel void @_ssdm_op_SpecAXISSideChannel, i30 %s_axis_video_V_data_V, i4 %s_axis_video_V_keep_V, i4 %s_axis_video_V_strb_V, i1 %s_axis_video_V_user_V, i1 %s_axis_video_V_last_V, i1 %s_axis_video_V_id_V, i1 %s_axis_video_V_dest_V, void @empty_14"   --->   Operation 40 'specaxissidechannel' 'specaxissidechannel_ln0' <Predicate = true> <Delay = 0.00>
ST_10 : Operation 41 [1/1] (0.00ns)   --->   "%specinterface_ln0 = specinterface void @_ssdm_op_SpecInterface, i1 %m_axis_video_V_dest_V, i1 %m_axis_video_V_id_V, i1 %m_axis_video_V_last_V, i1 %m_axis_video_V_user_V, i4 %m_axis_video_V_strb_V, i4 %m_axis_video_V_keep_V, i30 %m_axis_video_V_data_V, void @empty_5, i32 0, i32 0, void @empty_15, i32 0, i32 0, void @empty_25, void @empty_25, void @empty_25, i32 0, i32 0, i32 0, i32 0, void @empty_25, void @empty_25, i32 4294967295, i32 0, i32 0, i32 0"   --->   Operation 41 'specinterface' 'specinterface_ln0' <Predicate = true> <Delay = 0.00>
ST_10 : Operation 42 [1/1] (0.00ns)   --->   "%specinterface_ln0 = specinterface void @_ssdm_op_SpecInterface, i1 %s_axis_video_V_dest_V, i1 %s_axis_video_V_id_V, i1 %s_axis_video_V_last_V, i1 %s_axis_video_V_user_V, i4 %s_axis_video_V_strb_V, i4 %s_axis_video_V_keep_V, i30 %s_axis_video_V_data_V, void @empty_5, i32 0, i32 0, void @empty_15, i32 0, i32 0, void @empty_25, void @empty_25, void @empty_25, i32 0, i32 0, i32 0, i32 0, void @empty_25, void @empty_25, i32 4294967295, i32 0, i32 0, i32 0"   --->   Operation 42 'specinterface' 'specinterface_ln0' <Predicate = true> <Delay = 0.00>
ST_10 : Operation 43 [1/1] (0.00ns)   --->   "%empty = specchannel i32 @_ssdm_op_SpecChannel, void @in_mat_OC_data_str, i32 1, void @p_str, void @p_str, i32 2, i32 2, i30 %in_mat_data, i30 %in_mat_data"   --->   Operation 43 'specchannel' 'empty' <Predicate = true> <Delay = 0.00>
ST_10 : Operation 44 [1/1] (0.00ns)   --->   "%specinterface_ln0 = specinterface void @_ssdm_op_SpecInterface, i30 %in_mat_data, void @empty_13, i32 0, i32 0, void @empty_25, i32 0, i32 0, void @empty_25, void @empty_25, void @empty_25, i32 0, i32 0, i32 0, i32 0, void @empty_25, void @empty_25, i32 4294967295, i32 0, i32 0, i32 0"   --->   Operation 44 'specinterface' 'specinterface_ln0' <Predicate = true> <Delay = 0.00>
ST_10 : Operation 45 [1/1] (0.00ns)   --->   "%empty_118 = specchannel i32 @_ssdm_op_SpecChannel, void @out_mat_OC_data_str, i32 1, void @p_str, void @p_str, i32 2, i32 2, i30 %out_mat_data, i30 %out_mat_data"   --->   Operation 45 'specchannel' 'empty_118' <Predicate = true> <Delay = 0.00>
ST_10 : Operation 46 [1/1] (0.00ns)   --->   "%specinterface_ln0 = specinterface void @_ssdm_op_SpecInterface, i30 %out_mat_data, void @empty_13, i32 0, i32 0, void @empty_25, i32 0, i32 0, void @empty_25, void @empty_25, void @empty_25, i32 0, i32 0, i32 0, i32 0, void @empty_25, void @empty_25, i32 4294967295, i32 0, i32 0, i32 0"   --->   Operation 46 'specinterface' 'specinterface_ln0' <Predicate = true> <Delay = 0.00>
ST_10 : Operation 47 [1/1] (0.00ns)   --->   "%empty_119 = specchannel i32 @_ssdm_op_SpecChannel, void @impop_OC_data_str, i32 1, void @p_str, void @p_str, i32 2, i32 2, i30 %impop_data, i30 %impop_data"   --->   Operation 47 'specchannel' 'empty_119' <Predicate = true> <Delay = 0.00>
ST_10 : Operation 48 [1/1] (0.00ns)   --->   "%specinterface_ln0 = specinterface void @_ssdm_op_SpecInterface, i30 %impop_data, void @empty_13, i32 0, i32 0, void @empty_25, i32 0, i32 0, void @empty_25, void @empty_25, void @empty_25, i32 0, i32 0, i32 0, i32 0, void @empty_25, void @empty_25, i32 4294967295, i32 0, i32 0, i32 0"   --->   Operation 48 'specinterface' 'specinterface_ln0' <Predicate = true> <Delay = 0.00>
ST_10 : Operation 49 [1/2] (0.80ns)   --->   "%call_ln65 = call void @xfMat2AXIvideo<30, 20, 2160, 3840, 1, 2, 0>, i12 %height_read, i12 %width_read, i30 %out_mat_data, i30 %m_axis_video_V_data_V, i4 %m_axis_video_V_keep_V, i4 %m_axis_video_V_strb_V, i1 %m_axis_video_V_user_V, i1 %m_axis_video_V_last_V, i1 %m_axis_video_V_id_V, i1 %m_axis_video_V_dest_V" [xf_autowhitebalance_accel.cpp:65]   --->   Operation 49 'call' 'call_ln65' <Predicate = true> <Delay = 0.80> <CoreType = "Generic">   --->   Generic Core
ST_10 : Operation 50 [1/1] (0.00ns)   --->   "%ret_ln66 = ret" [xf_autowhitebalance_accel.cpp:66]   --->   Operation 50 'ret' 'ret_ln66' <Predicate = true> <Delay = 0.00>


============================================================
+ Verbose Summary: Timing violations
============================================================
Target clock period: 10.000ns, clock uncertainty: 2.700ns.

 <State 1>: 7.016ns
The critical path consists of the following:
	wire read operation ('thresh_read') on port 'thresh' [24]  (0.000 ns)
	'call' operation 32 bit ('mul_loc_channel', xf_autowhitebalance_accel.cpp:49) to 'AWBKernel_Block_entry_proc' [51]  (7.016 ns)

 <State 2>: 7.016ns
The critical path consists of the following:
	'call' operation 32 bit ('mul_loc_channel', xf_autowhitebalance_accel.cpp:49) to 'AWBKernel_Block_entry_proc' [51]  (7.016 ns)

 <State 3>: 1.838ns
The critical path consists of the following:
	'call' operation ('call_ln49', xf_autowhitebalance_accel.cpp:49) to '__hls_fptosi_float_i32.2' [52]  (1.838 ns)

 <State 4>: 6.303ns
The critical path consists of the following:
	'call' operation ('call_ln49', xf_autowhitebalance_accel.cpp:49) to '__hls_fptosi_float_i32.2' [52]  (6.303 ns)

 <State 5>: 7.035ns
The critical path consists of the following:
	'call' operation ('call_ln60', xf_autowhitebalance_accel.cpp:60) to 'AWBChannelGain<20, 20, 2160, 3840, 1, 0, 2, 2>' [54]  (7.035 ns)

 <State 6>: 1.991ns
The critical path consists of the following:
	'call' operation ('call_ln60', xf_autowhitebalance_accel.cpp:60) to 'AWBChannelGain<20, 20, 2160, 3840, 1, 0, 2, 2>' [54]  (1.991 ns)

 <State 7>: 0.000ns
The critical path consists of the following:

 <State 8>: 0.809ns
The critical path consists of the following:
	'call' operation ('call_ln62', xf_autowhitebalance_accel.cpp:62) to 'AWBGainUpdate<20, 20, 2160, 3840, 1, 0, 2, 2>' [55]  (0.809 ns)

 <State 9>: 0.809ns
The critical path consists of the following:
	'call' operation ('call_ln65', xf_autowhitebalance_accel.cpp:65) to 'xfMat2AXIvideo<30, 20, 2160, 3840, 1, 2, 0>' [56]  (0.809 ns)

 <State 10>: 0.809ns
The critical path consists of the following:
	'call' operation ('call_ln65', xf_autowhitebalance_accel.cpp:65) to 'xfMat2AXIvideo<30, 20, 2160, 3840, 1, 2, 0>' [56]  (0.809 ns)


============================================================
+ Verbose Summary: Binding
============================================================
N/A
* FSMD analyzer results:
  - Output states:
 - Input state : 
  - Chain level:
	State 1
	State 2
	State 3
	State 4
	State 5
	State 6
	State 7
	State 8
	State 9
	State 10


============================================================
+ Verbose Summary: Datapath Resource usage 
============================================================
N/A
