

================================================================
== Vitis HLS Report for 'AXIvideo2xfMat_30_20_2160_3840_1_2_Pipeline_loop_col_zxi2mat'
================================================================
* Date:           Mon Sep 28 23:10:26 2026

* Version:        2025.2 (Build 6295257 on Nov 14 2025)
* Project:        autowhitebalance_accel
* Solution:       hls (Vivado IP Flow Target)
* Product family: zynquplus
* Target device:  xck26-sfvc784-2LV-c


================================================================
== Performance Estimates
================================================================
+ Timing: 
    * Summary: 
    +--------+----------+----------+------------+
    |  Clock |  Target  | Estimated| Uncertainty|
    +--------+----------+----------+------------+
    |ap_clk  |  10.00 ns|  1.838 ns|     2.70 ns|
    +--------+----------+----------+------------+

+ Latency: 
    * Summary: 
    +---------+---------+-----------+-----------+-----+-----+-------------------+
    |  Latency (cycles) |   Latency (absolute)  |  Interval |      Pipeline     |
    |   min   |   max   |    min    |    max    | min | max |        Type       |
    +---------+---------+-----------+-----------+-----+-----+-------------------+
    |        4|     3843|  40.000 ns|  38.430 us|    0|    0|  loop pipeline stp|
    +---------+---------+-----------+-----------+-----+-----+-------------------+

    + Detail: 
        * Instance: 
        N/A

        * Loop: 
        +--------------------+---------+---------+----------+-----------+-----------+----------+----------+
        |                    |  Latency (cycles) | Iteration|  Initiation Interval  |   Trip   |          |
        |      Loop Name     |   min   |   max   |  Latency |  achieved |   target  |   Count  | Pipelined|
        +--------------------+---------+---------+----------+-----------+-----------+----------+----------+
        |- loop_col_zxi2mat  |        2|     3841|         3|          1|          1|  1 ~ 3840|       yes|
        +--------------------+---------+---------+----------+-----------+-----------+----------+----------+



================================================================
== Utilization Estimates
================================================================
* Summary: 
+-----------------+---------+------+--------+--------+-----+
|       Name      | BRAM_18K|  DSP |   FF   |   LUT  | URAM|
+-----------------+---------+------+--------+--------+-----+
|DSP              |        -|     -|       -|       -|    -|
|Expression       |        -|     -|       0|      52|    -|
|FIFO             |        -|     -|       -|       -|    -|
|Instance         |        -|     -|       -|       -|    -|
|Memory           |        -|     -|       -|       -|    -|
|Multiplexer      |        -|     -|       0|     108|    -|
|Register         |        -|     -|      52|       -|    -|
+-----------------+---------+------+--------+--------+-----+
|Total            |        0|     0|      52|     160|    0|
+-----------------+---------+------+--------+--------+-----+
|Available        |      288|  1248|  234240|  117120|   64|
+-----------------+---------+------+--------+--------+-----+
|Utilization (%)  |        0|     0|      ~0|      ~0|    0|
+-----------------+---------+------+--------+--------+-----+

+ Detail: 
    * Instance: 
    N/A

    * DSP: 
    N/A

    * Memory: 
    N/A

    * FIFO: 
    N/A

    * Expression: 
    +----------------------------------+----------+----+---+----+------------+------------+
    |           Variable Name          | Operation| DSP| FF| LUT| Bitwidth P0| Bitwidth P1|
    +----------------------------------+----------+----+---+----+------------+------------+
    |j_4_fu_209_p2                     |         +|   0|  0|  19|          12|           1|
    |ap_block_state2_pp0_stage0_iter1  |       and|   0|  0|   2|           1|           1|
    |ap_block_state3_pp0_stage0_iter2  |       and|   0|  0|   2|           1|           1|
    |ap_condition_258                  |       and|   0|  0|   2|           1|           1|
    |ap_predicate_op40_read_state2     |       and|   0|  0|   2|           1|           1|
    |icmp_ln134_fu_203_p2              |      icmp|   0|  0|  19|          12|          12|
    |ap_block_pp0_stage0_01001         |        or|   0|  0|   2|           1|           1|
    |or_ln140_fu_220_p2                |        or|   0|  0|   2|           1|           1|
    |ap_enable_pp0                     |       xor|   0|  0|   2|           1|           2|
    +----------------------------------+----------+----+---+----+------------+------------+
    |Total                             |          |   0|  0|  52|          31|          21|
    +----------------------------------+----------+----+---+----+------------+------------+

    * Multiplexer: 
    +--------------------------------+----+-----------+-----+-----------+
    |              Name              | LUT| Input Size| Bits| Total Bits|
    +--------------------------------+----+-----------+-----+-----------+
    |ap_done_int                     |   9|          2|    1|          2|
    |ap_enable_reg_pp0_iter2         |   9|          2|    1|          2|
    |ap_phi_mux_last_phi_fu_167_p4   |   9|          2|    1|          2|
    |ap_phi_mux_start_phi_fu_178_p4  |   9|          2|    1|          2|
    |ap_sig_allocacmp_j_3            |   9|          2|   12|         24|
    |in_mat_data_blk_n               |   9|          2|    1|          2|
    |j_fu_88                         |   9|          2|   12|         24|
    |last_reg_163                    |   9|          2|    1|          2|
    |p_0_0_0_07815_fu_92             |   9|          2|   30|         60|
    |p_4_0_0_08623_fu_96             |   9|          2|    1|          2|
    |s_axis_video_TDATA_blk_n        |   9|          2|    1|          2|
    |start_reg_174                   |   9|          2|    1|          2|
    +--------------------------------+----+-----------+-----+-----------+
    |Total                           | 108|         24|   63|        126|
    +--------------------------------+----+-----------+-----+-----------+

    * Register: 
    +----------------------------------+----+----+-----+-----------+
    |               Name               | FF | LUT| Bits| Const Bits|
    +----------------------------------+----+----+-----+-----------+
    |ap_CS_fsm                         |   1|   0|    1|          0|
    |ap_done_reg                       |   1|   0|    1|          0|
    |ap_enable_reg_pp0_iter1           |   1|   0|    1|          0|
    |ap_enable_reg_pp0_iter2           |   1|   0|    1|          0|
    |ap_loop_exit_ready_pp0_iter1_reg  |   1|   0|    1|          0|
    |icmp_ln134_reg_287                |   1|   0|    1|          0|
    |icmp_ln134_reg_287_pp0_iter1_reg  |   1|   0|    1|          0|
    |j_fu_88                           |  12|   0|   12|          0|
    |last_reg_163                      |   1|   0|    1|          0|
    |p_0_0_0_07815_fu_92               |  30|   0|   30|          0|
    |p_4_0_0_08623_fu_96               |   1|   0|    1|          0|
    |start_reg_174                     |   1|   0|    1|          0|
    +----------------------------------+----+----+-----+-----------+
    |Total                             |  52|   0|   52|          0|
    +----------------------------------+----+----+-----+-----------+



================================================================
== Interface
================================================================
* Summary: 
+----------------------------+-----+-----+------------+--------------------------------------------------------------------+--------------+
|          RTL Ports         | Dir | Bits|  Protocol  |                            Source Object                           |    C Type    |
+----------------------------+-----+-----+------------+--------------------------------------------------------------------+--------------+
|ap_clk                      |   in|    1|  ap_ctrl_hs|  AXIvideo2xfMat<30, 20, 2160, 3840, 1, 2>_Pipeline_loop_col_zxi2mat|  return value|
|ap_rst                      |   in|    1|  ap_ctrl_hs|  AXIvideo2xfMat<30, 20, 2160, 3840, 1, 2>_Pipeline_loop_col_zxi2mat|  return value|
|ap_start                    |   in|    1|  ap_ctrl_hs|  AXIvideo2xfMat<30, 20, 2160, 3840, 1, 2>_Pipeline_loop_col_zxi2mat|  return value|
|ap_done                     |  out|    1|  ap_ctrl_hs|  AXIvideo2xfMat<30, 20, 2160, 3840, 1, 2>_Pipeline_loop_col_zxi2mat|  return value|
|ap_idle                     |  out|    1|  ap_ctrl_hs|  AXIvideo2xfMat<30, 20, 2160, 3840, 1, 2>_Pipeline_loop_col_zxi2mat|  return value|
|ap_ready                    |  out|    1|  ap_ctrl_hs|  AXIvideo2xfMat<30, 20, 2160, 3840, 1, 2>_Pipeline_loop_col_zxi2mat|  return value|
|s_axis_video_TVALID         |   in|    1|        axis|                                               s_axis_video_V_data_V|       pointer|
|s_axis_video_TDATA          |   in|   30|        axis|                                               s_axis_video_V_data_V|       pointer|
|in_mat_data_din             |  out|   30|     ap_fifo|                                                         in_mat_data|       pointer|
|in_mat_data_full_n          |   in|    1|     ap_fifo|                                                         in_mat_data|       pointer|
|in_mat_data_write           |  out|    1|     ap_fifo|                                                         in_mat_data|       pointer|
|in_mat_data_num_data_valid  |   in|    3|     ap_fifo|                                                         in_mat_data|       pointer|
|in_mat_data_fifo_cap        |   in|    3|     ap_fifo|                                                         in_mat_data|       pointer|
|p_4_0_0_08624_lcssa48       |   in|    1|     ap_none|                                               p_4_0_0_08624_lcssa48|        scalar|
|p_0_0_0_07816_lcssa32       |   in|   30|     ap_none|                                               p_0_0_0_07816_lcssa32|        scalar|
|start_2                     |   in|    1|     ap_none|                                                             start_2|        scalar|
|img_cols_val                |   in|   12|   ap_stable|                                                        img_cols_val|        scalar|
|s_axis_video_TREADY         |  out|    1|        axis|                                               s_axis_video_V_dest_V|       pointer|
|s_axis_video_TDEST          |   in|    1|        axis|                                               s_axis_video_V_dest_V|       pointer|
|s_axis_video_TKEEP          |   in|    4|        axis|                                               s_axis_video_V_keep_V|       pointer|
|s_axis_video_TSTRB          |   in|    4|        axis|                                               s_axis_video_V_strb_V|       pointer|
|s_axis_video_TUSER          |   in|    1|        axis|                                               s_axis_video_V_user_V|       pointer|
|s_axis_video_TLAST          |   in|    1|        axis|                                               s_axis_video_V_last_V|       pointer|
|s_axis_video_TID            |   in|    1|        axis|                                                 s_axis_video_V_id_V|       pointer|
|p_4_0_0_08623_out           |  out|    1|      ap_vld|                                                   p_4_0_0_08623_out|       pointer|
|p_4_0_0_08623_out_ap_vld    |  out|    1|      ap_vld|                                                   p_4_0_0_08623_out|       pointer|
|p_0_0_0_07815_out           |  out|   30|      ap_vld|                                                   p_0_0_0_07815_out|       pointer|
|p_0_0_0_07815_out_ap_vld    |  out|    1|      ap_vld|                                                   p_0_0_0_07815_out|       pointer|
+----------------------------+-----+-----+------------+--------------------------------------------------------------------+--------------+

============================================================
+ Verbose Summary: Synthesis Manager
============================================================
InlineROM: 1
ExposeGlobal: 0
============================================================
+ Verbose Summary: CDFG Model
============================================================
IsTopModel: 0
ResetActiveHigh: 1
IsCombinational: 2
IsDatapathOnly: 2
HasWiredReturn: 1
HasMFsm: 2
HasVarLatency: 1
IsPipeline: 0
IsRtlPipelined: 0
IsInstanceOverlapped: 0
IsDontTouch: 0
HasImplIP: 0
IsGatedGlobalClock: 0

+ Individual pipeline summary: 
  * Pipeline-0: initiation interval (II) = 1, depth = 3


============================================================
+ Verbose Summary: Schedule
============================================================
* Number of FSM states : 3
* Pipeline : 1
  Pipeline-0 : II = 1, D = 3, States = { 1 2 3 }
* Dataflow Pipeline: 0

* FSM state transitions: 
1 --> 2 
2 --> 3 
3 --> 

* FSM state operations: 

State 1 <SV = 0> <Delay = 1.66>
ST_1 : Operation 6 [1/1] (0.00ns)   --->   "%j = alloca i32 1" [./xf_infra.hpp:134]   --->   Operation 6 'alloca' 'j' <Predicate = true> <Delay = 0.00>
ST_1 : Operation 7 [1/1] (0.00ns)   --->   "%p_0_0_0_07815 = alloca i32 1"   --->   Operation 7 'alloca' 'p_0_0_0_07815' <Predicate = true> <Delay = 0.00>
ST_1 : Operation 8 [1/1] (0.00ns)   --->   "%p_4_0_0_08623 = alloca i32 1"   --->   Operation 8 'alloca' 'p_4_0_0_08623' <Predicate = true> <Delay = 0.00>
ST_1 : Operation 9 [1/1] (0.00ns)   --->   "%specaxissidechannel_ln0 = specaxissidechannel void @_ssdm_op_SpecAXISSideChannel, i30 %s_axis_video_V_data_V, i4 %s_axis_video_V_keep_V, i4 %s_axis_video_V_strb_V, i1 %s_axis_video_V_user_V, i1 %s_axis_video_V_last_V, i1 %s_axis_video_V_id_V, i1 %s_axis_video_V_dest_V, void @empty_14"   --->   Operation 9 'specaxissidechannel' 'specaxissidechannel_ln0' <Predicate = true> <Delay = 0.00>
ST_1 : Operation 10 [1/1] (0.00ns)   --->   "%specstablecontent_ln0 = specstablecontent void @_ssdm_op_SpecStableContent, i12 %img_cols_val, i1 1, void @p_str"   --->   Operation 10 'specstablecontent' 'specstablecontent_ln0' <Predicate = true> <Delay = 0.00>
ST_1 : Operation 11 [1/1] (0.00ns)   --->   "%specinterface_ln0 = specinterface void @_ssdm_op_SpecInterface, i1 %s_axis_video_V_dest_V, void @empty_5, i32 0, i32 0, void @empty_15, i32 0, i32 0, void @empty_25, void @empty_25, void @empty_25, i32 0, i32 0, i32 0, i32 0, void @empty_25, void @empty_25, i32 4294967295, i32 0, i32 0, i32 0"   --->   Operation 11 'specinterface' 'specinterface_ln0' <Predicate = true> <Delay = 0.00>
ST_1 : Operation 12 [1/1] (0.00ns)   --->   "%specinterface_ln0 = specinterface void @_ssdm_op_SpecInterface, i1 %s_axis_video_V_id_V, void @empty_5, i32 0, i32 0, void @empty_15, i32 0, i32 0, void @empty_25, void @empty_25, void @empty_25, i32 0, i32 0, i32 0, i32 0, void @empty_25, void @empty_25, i32 4294967295, i32 0, i32 0, i32 0"   --->   Operation 12 'specinterface' 'specinterface_ln0' <Predicate = true> <Delay = 0.00>
ST_1 : Operation 13 [1/1] (0.00ns)   --->   "%specinterface_ln0 = specinterface void @_ssdm_op_SpecInterface, i1 %s_axis_video_V_last_V, void @empty_5, i32 0, i32 0, void @empty_15, i32 0, i32 0, void @empty_25, void @empty_25, void @empty_25, i32 0, i32 0, i32 0, i32 0, void @empty_25, void @empty_25, i32 4294967295, i32 0, i32 0, i32 0"   --->   Operation 13 'specinterface' 'specinterface_ln0' <Predicate = true> <Delay = 0.00>
ST_1 : Operation 14 [1/1] (0.00ns)   --->   "%specinterface_ln0 = specinterface void @_ssdm_op_SpecInterface, i1 %s_axis_video_V_user_V, void @empty_5, i32 0, i32 0, void @empty_15, i32 0, i32 0, void @empty_25, void @empty_25, void @empty_25, i32 0, i32 0, i32 0, i32 0, void @empty_25, void @empty_25, i32 4294967295, i32 0, i32 0, i32 0"   --->   Operation 14 'specinterface' 'specinterface_ln0' <Predicate = true> <Delay = 0.00>
ST_1 : Operation 15 [1/1] (0.00ns)   --->   "%specinterface_ln0 = specinterface void @_ssdm_op_SpecInterface, i4 %s_axis_video_V_strb_V, void @empty_5, i32 0, i32 0, void @empty_15, i32 0, i32 0, void @empty_25, void @empty_25, void @empty_25, i32 0, i32 0, i32 0, i32 0, void @empty_25, void @empty_25, i32 4294967295, i32 0, i32 0, i32 0"   --->   Operation 15 'specinterface' 'specinterface_ln0' <Predicate = true> <Delay = 0.00>
ST_1 : Operation 16 [1/1] (0.00ns)   --->   "%specinterface_ln0 = specinterface void @_ssdm_op_SpecInterface, i4 %s_axis_video_V_keep_V, void @empty_5, i32 0, i32 0, void @empty_15, i32 0, i32 0, void @empty_25, void @empty_25, void @empty_25, i32 0, i32 0, i32 0, i32 0, void @empty_25, void @empty_25, i32 4294967295, i32 0, i32 0, i32 0"   --->   Operation 16 'specinterface' 'specinterface_ln0' <Predicate = true> <Delay = 0.00>
ST_1 : Operation 17 [1/1] (0.00ns)   --->   "%specinterface_ln0 = specinterface void @_ssdm_op_SpecInterface, i30 %s_axis_video_V_data_V, void @empty_5, i32 0, i32 0, void @empty_15, i32 0, i32 0, void @empty_25, void @empty_25, void @empty_25, i32 0, i32 0, i32 0, i32 0, void @empty_25, void @empty_25, i32 4294967295, i32 0, i32 0, i32 0"   --->   Operation 17 'specinterface' 'specinterface_ln0' <Predicate = true> <Delay = 0.00>
ST_1 : Operation 18 [1/1] (0.00ns)   --->   "%specinterface_ln0 = specinterface void @_ssdm_op_SpecInterface, i30 %in_mat_data, void @empty_13, i32 0, i32 0, void @empty_25, i32 0, i32 0, void @empty_25, void @empty_25, void @empty_25, i32 0, i32 0, i32 0, i32 0, void @empty_25, void @empty_25, i32 4294967295, i32 0, i32 0, i32 0"   --->   Operation 18 'specinterface' 'specinterface_ln0' <Predicate = true> <Delay = 0.00>
ST_1 : Operation 19 [1/1] (0.00ns)   --->   "%img_cols_val_read = read i12 @_ssdm_op_Read.ap_auto.i12, i12 %img_cols_val"   --->   Operation 19 'read' 'img_cols_val_read' <Predicate = true> <Delay = 0.00>
ST_1 : Operation 20 [1/1] (0.00ns)   --->   "%start_2_read = read i1 @_ssdm_op_Read.ap_auto.i1, i1 %start_2"   --->   Operation 20 'read' 'start_2_read' <Predicate = true> <Delay = 0.00>
ST_1 : Operation 21 [1/1] (0.00ns)   --->   "%p_0_0_0_07816_lcssa32_read = read i30 @_ssdm_op_Read.ap_auto.i30, i30 %p_0_0_0_07816_lcssa32"   --->   Operation 21 'read' 'p_0_0_0_07816_lcssa32_read' <Predicate = true> <Delay = 0.00>
ST_1 : Operation 22 [1/1] (0.00ns)   --->   "%p_4_0_0_08624_lcssa48_read = read i1 @_ssdm_op_Read.ap_auto.i1, i1 %p_4_0_0_08624_lcssa48"   --->   Operation 22 'read' 'p_4_0_0_08624_lcssa48_read' <Predicate = true> <Delay = 0.00>
ST_1 : Operation 23 [1/1] (0.42ns)   --->   "%store_ln0 = store i1 %p_4_0_0_08624_lcssa48_read, i1 %p_4_0_0_08623"   --->   Operation 23 'store' 'store_ln0' <Predicate = true> <Delay = 0.42>
ST_1 : Operation 24 [1/1] (0.42ns)   --->   "%store_ln0 = store i30 %p_0_0_0_07816_lcssa32_read, i30 %p_0_0_0_07815"   --->   Operation 24 'store' 'store_ln0' <Predicate = true> <Delay = 0.42>
ST_1 : Operation 25 [1/1] (0.42ns)   --->   "%store_ln134 = store i12 0, i12 %j" [./xf_infra.hpp:134]   --->   Operation 25 'store' 'store_ln134' <Predicate = true> <Delay = 0.42>
ST_1 : Operation 26 [1/1] (0.42ns)   --->   "%br_ln134 = br void %for.body11" [./xf_infra.hpp:134]   --->   Operation 26 'br' 'br_ln134' <Predicate = true> <Delay = 0.42>
ST_1 : Operation 27 [1/1] (0.00ns)   --->   "%j_3 = load i12 %j" [./xf_infra.hpp:134]   --->   Operation 27 'load' 'j_3' <Predicate = true> <Delay = 0.00>
ST_1 : Operation 28 [1/1] (0.80ns)   --->   "%icmp_ln134 = icmp_eq  i12 %j_3, i12 %img_cols_val_read" [./xf_infra.hpp:134]   --->   Operation 28 'icmp' 'icmp_ln134' <Predicate = true> <Delay = 0.80> <CoreInst = "Cmp">   --->   Core 9 'Cmp' <Latency = 0> <II = 1> <Delay = 0.80> <FuncUnit> <Opcode : 'seteq' 'setne' 'setle' 'setge' 'setlt' 'setgt'> <InPorts = 2> <OutPorts = 1>
ST_1 : Operation 29 [1/1] (0.80ns)   --->   "%j_4 = add i12 %j_3, i12 1" [./xf_infra.hpp:134]   --->   Operation 29 'add' 'j_4' <Predicate = true> <Delay = 0.80> <CoreInst = "Adder">   --->   Core 1 'Adder' <Latency = 0> <II = 1> <Delay = 0.80> <FuncUnit> <Opcode : 'add' 'sub'> <InPorts = 2> <OutPorts = 1>
ST_1 : Operation 30 [1/1] (0.00ns)   --->   "%br_ln134 = br i1 %icmp_ln134, void %for.body11.split, void %while.cond25.preheader.exitStub" [./xf_infra.hpp:134]   --->   Operation 30 'br' 'br_ln134' <Predicate = true> <Delay = 0.00>
ST_1 : Operation 31 [1/1] (0.42ns)   --->   "%store_ln134 = store i12 %j_4, i12 %j" [./xf_infra.hpp:134]   --->   Operation 31 'store' 'store_ln134' <Predicate = (!icmp_ln134)> <Delay = 0.42>
ST_1 : Operation 32 [1/1] (0.00ns)   --->   "%br_ln134 = br void %for.body11" [./xf_infra.hpp:134]   --->   Operation 32 'br' 'br_ln134' <Predicate = (!icmp_ln134)> <Delay = 0.00>

State 2 <SV = 1> <Delay = 0.71>
ST_2 : Operation 33 [1/1] (0.00ns)   --->   "%last = phi i1 0, void %newFuncRoot, i1 %last_2, void %if.end16"   --->   Operation 33 'phi' 'last' <Predicate = true> <Delay = 0.00>
ST_2 : Operation 34 [1/1] (0.00ns)   --->   "%start = phi i1 %start_2_read, void %newFuncRoot, i1 0, void %if.end16"   --->   Operation 34 'phi' 'start' <Predicate = true> <Delay = 0.00>
ST_2 : Operation 35 [1/1] (0.00ns)   --->   "%speclooptripcount_ln0 = speclooptripcount void @_ssdm_op_SpecLoopTripCount, i64 1, i64 3840, i64 0"   --->   Operation 35 'speclooptripcount' 'speclooptripcount_ln0' <Predicate = true> <Delay = 0.00>
ST_2 : Operation 36 [1/1] (0.00ns)   --->   "%specpipeline_ln137 = specpipeline void @_ssdm_op_SpecPipeline, i32 1, i32 0, i32 0, i32 0, i32 4294967295, void @empty_25" [./xf_infra.hpp:137]   --->   Operation 36 'specpipeline' 'specpipeline_ln137' <Predicate = (!icmp_ln134)> <Delay = 0.00>
ST_2 : Operation 37 [1/1] (0.00ns)   --->   "%specloopname_ln134 = specloopname void @_ssdm_op_SpecLoopName, void @empty_2" [./xf_infra.hpp:134]   --->   Operation 37 'specloopname' 'specloopname_ln134' <Predicate = (!icmp_ln134)> <Delay = 0.00>
ST_2 : Operation 38 [1/1] (0.28ns)   --->   "%or_ln140 = or i1 %start, i1 %last" [./xf_infra.hpp:140]   --->   Operation 38 'or' 'or_ln140' <Predicate = (!icmp_ln134)> <Delay = 0.28> <CoreInst = "LogicGate">   --->   Core 74 'LogicGate' <Latency = 0> <II = 1> <Delay = 0.28> <FuncUnit> <Opcode : 'and' 'or' 'xor'> <InPorts = 2> <OutPorts = 1>
ST_2 : Operation 39 [1/1] (0.00ns)   --->   "%br_ln140 = br i1 %or_ln140, void %if.else, void %if.end16" [./xf_infra.hpp:140]   --->   Operation 39 'br' 'br_ln140' <Predicate = (!icmp_ln134)> <Delay = 0.00>
ST_2 : Operation 40 [1/1] ( I:0.07ns O:0.07ns )   --->   "%empty = read i42 @_ssdm_op_Read.axis.volatile.i30P0A.i4P0A.i4P0A.i1P0A.i1P0A.i1P0A.i1P0A, i30 %s_axis_video_V_data_V, i4 %s_axis_video_V_keep_V, i4 %s_axis_video_V_strb_V, i1 %s_axis_video_V_user_V, i1 %s_axis_video_V_last_V, i1 %s_axis_video_V_id_V, i1 %s_axis_video_V_dest_V" [./xf_infra.hpp:143]   --->   Operation 40 'read' 'empty' <Predicate = (!icmp_ln134 & !or_ln140)> <Delay = 0.07> <CoreInst = "regslice">   --->   Core 147 'regslice' <Latency = 0> <II = 1> <Delay = 0.64> <Adapter> <Opcode : 'read' 'write'>
ST_2 : Operation 41 [1/1] (0.00ns)   --->   "%p_s = extractvalue i42 %empty" [./xf_infra.hpp:143]   --->   Operation 41 'extractvalue' 'p_s' <Predicate = (!icmp_ln134 & !or_ln140)> <Delay = 0.00>
ST_2 : Operation 42 [1/1] (0.00ns)   --->   "%p_4 = extractvalue i42 %empty" [./xf_infra.hpp:143]   --->   Operation 42 'extractvalue' 'p_4' <Predicate = (!icmp_ln134 & !or_ln140)> <Delay = 0.00>
ST_2 : Operation 43 [1/1] (0.42ns)   --->   "%store_ln143 = store i1 %p_4, i1 %p_4_0_0_08623" [./xf_infra.hpp:143]   --->   Operation 43 'store' 'store_ln143' <Predicate = (!icmp_ln134 & !or_ln140)> <Delay = 0.42>
ST_2 : Operation 44 [1/1] (0.42ns)   --->   "%store_ln143 = store i30 %p_s, i30 %p_0_0_0_07815" [./xf_infra.hpp:143]   --->   Operation 44 'store' 'store_ln143' <Predicate = (!icmp_ln134 & !or_ln140)> <Delay = 0.42>
ST_2 : Operation 45 [1/1] (0.00ns)   --->   "%br_ln0 = br void %if.end16"   --->   Operation 45 'br' 'br_ln0' <Predicate = (!icmp_ln134 & !or_ln140)> <Delay = 0.00>
ST_2 : Operation 49 [1/1] (0.00ns)   --->   "%p_0_0_0_07815_load = load i30 %p_0_0_0_07815"   --->   Operation 49 'load' 'p_0_0_0_07815_load' <Predicate = (icmp_ln134)> <Delay = 0.00>
ST_2 : Operation 50 [1/1] (0.00ns)   --->   "%p_4_0_0_08623_load = load i1 %p_4_0_0_08623"   --->   Operation 50 'load' 'p_4_0_0_08623_load' <Predicate = (icmp_ln134)> <Delay = 0.00>
ST_2 : Operation 51 [1/1] (0.00ns)   --->   "%write_ln0 = write void @_ssdm_op_Write.ap_auto.i1P0A, i1 %p_4_0_0_08623_out, i1 %p_4_0_0_08623_load"   --->   Operation 51 'write' 'write_ln0' <Predicate = (icmp_ln134)> <Delay = 0.00>
ST_2 : Operation 52 [1/1] (0.00ns)   --->   "%write_ln0 = write void @_ssdm_op_Write.ap_auto.i30P0A, i30 %p_0_0_0_07815_out, i30 %p_0_0_0_07815_load"   --->   Operation 52 'write' 'write_ln0' <Predicate = (icmp_ln134)> <Delay = 0.00>
ST_2 : Operation 53 [1/1] (0.42ns)   --->   "%ret_ln0 = ret"   --->   Operation 53 'ret' 'ret_ln0' <Predicate = (icmp_ln134)> <Delay = 0.42>

State 3 <SV = 2> <Delay = 1.83>
ST_3 : Operation 46 [1/1] (0.00ns)   --->   "%val = load i30 %p_0_0_0_07815" [./xf_structs.hpp:554->./xf_infra.hpp:156]   --->   Operation 46 'load' 'val' <Predicate = (!icmp_ln134)> <Delay = 0.00>
ST_3 : Operation 47 [1/1] (0.00ns)   --->   "%last_2 = load i1 %p_4_0_0_08623"   --->   Operation 47 'load' 'last_2' <Predicate = (!icmp_ln134)> <Delay = 0.00>
ST_3 : Operation 48 [1/1] ( I:1.83ns O:1.83ns )   --->   "%write_ln554 = write void @_ssdm_op_Write.ap_fifo.volatile.i30P0A, i30 %in_mat_data, i30 %val" [./xf_structs.hpp:554->./xf_infra.hpp:156]   --->   Operation 48 'write' 'write_ln554' <Predicate = (!icmp_ln134)> <Delay = 1.83> <CoreInst = "FIFO_SRL">   --->   Core 80 'FIFO_SRL' <Latency = 0> <II = 1> <Delay = 1.83> <Storage> <Opcode : 'read' 'write' 'nbread' 'nbwrite'> <Ports = 0> <Width = 30> <Depth = 2> <FIFO>


============================================================
+ Verbose Summary: Binding
============================================================
STG Binding: 
---------------- STG Properties BEGIN ----------------
- Is combinational: 0
- Is one-state seq: 0
- Is datapath-only: 0
- Is pipelined: 0
- Is top level: 0
Port [ Return ] is wired: 1; IO mode=ap_ctrl_hs:ce=0
Port [ p_4_0_0_08624_lcssa48]:  wired=1; compound=0; hidden=0; nouse=0; global=0; static=0; extern=0; dir=0; type=0; pingpong=0; private_global=0; IO mode=ap_none:ce=0
Port [ p_0_0_0_07816_lcssa32]:  wired=1; compound=0; hidden=0; nouse=0; global=0; static=0; extern=0; dir=0; type=0; pingpong=0; private_global=0; IO mode=ap_none:ce=0
Port [ start_2]:  wired=1; compound=0; hidden=0; nouse=0; global=0; static=0; extern=0; dir=0; type=0; pingpong=0; private_global=0; IO mode=ap_none:ce=0
Port [ img_cols_val]:  wired=1; compound=0; hidden=0; nouse=0; global=0; static=0; extern=0; dir=0; type=0; pingpong=0; private_global=0; IO mode=ap_stable:ce=0
Port [ in_mat_data]:  wired=1; compound=1; hidden=0; nouse=0; global=0; static=0; extern=0; dir=1; type=3; pingpong=0; private_global=0; IO mode=ap_fifo:ce=0
Port [ s_axis_video_V_data_V]:  wired=1; compound=1; hidden=0; nouse=0; global=0; static=0; extern=0; dir=0; type=0; pingpong=0; private_global=0; IO mode=axis:ce=0
Port [ s_axis_video_V_keep_V]:  wired=1; compound=1; hidden=0; nouse=0; global=0; static=0; extern=0; dir=0; type=0; pingpong=0; private_global=0; IO mode=axis:ce=0
Port [ s_axis_video_V_strb_V]:  wired=1; compound=1; hidden=0; nouse=0; global=0; static=0; extern=0; dir=0; type=0; pingpong=0; private_global=0; IO mode=axis:ce=0
Port [ s_axis_video_V_user_V]:  wired=1; compound=1; hidden=0; nouse=0; global=0; static=0; extern=0; dir=0; type=0; pingpong=0; private_global=0; IO mode=axis:ce=0
Port [ s_axis_video_V_last_V]:  wired=1; compound=1; hidden=0; nouse=0; global=0; static=0; extern=0; dir=0; type=0; pingpong=0; private_global=0; IO mode=axis:ce=0
Port [ s_axis_video_V_id_V]:  wired=1; compound=1; hidden=0; nouse=0; global=0; static=0; extern=0; dir=0; type=0; pingpong=0; private_global=0; IO mode=axis:ce=0
Port [ s_axis_video_V_dest_V]:  wired=1; compound=1; hidden=0; nouse=0; global=0; static=0; extern=0; dir=0; type=0; pingpong=0; private_global=0; IO mode=axis:ce=0
Port [ p_4_0_0_08623_out]:  wired=1; compound=0; hidden=0; nouse=0; global=0; static=0; extern=0; dir=1; type=0; pingpong=0; private_global=0; IO mode=ap_vld:ce=0
Port [ p_0_0_0_07815_out]:  wired=1; compound=0; hidden=0; nouse=0; global=0; static=0; extern=0; dir=1; type=0; pingpong=0; private_global=0; IO mode=ap_vld:ce=0
---------------- STG Properties END ------------------

---------------- Datapath Model BEGIN ----------------

<LifeTime>
<method=bitvector/>
j                          (alloca             ) [ 0100]
p_0_0_0_07815              (alloca             ) [ 0111]
p_4_0_0_08623              (alloca             ) [ 0111]
specaxissidechannel_ln0    (specaxissidechannel) [ 0000]
specstablecontent_ln0      (specstablecontent  ) [ 0000]
specinterface_ln0          (specinterface      ) [ 0000]
specinterface_ln0          (specinterface      ) [ 0000]
specinterface_ln0          (specinterface      ) [ 0000]
specinterface_ln0          (specinterface      ) [ 0000]
specinterface_ln0          (specinterface      ) [ 0000]
specinterface_ln0          (specinterface      ) [ 0000]
specinterface_ln0          (specinterface      ) [ 0000]
specinterface_ln0          (specinterface      ) [ 0000]
img_cols_val_read          (read               ) [ 0000]
start_2_read               (read               ) [ 0110]
p_0_0_0_07816_lcssa32_read (read               ) [ 0000]
p_4_0_0_08624_lcssa48_read (read               ) [ 0000]
store_ln0                  (store              ) [ 0000]
store_ln0                  (store              ) [ 0000]
store_ln134                (store              ) [ 0000]
br_ln134                   (br                 ) [ 0110]
j_3                        (load               ) [ 0000]
icmp_ln134                 (icmp               ) [ 0111]
j_4                        (add                ) [ 0000]
br_ln134                   (br                 ) [ 0000]
store_ln134                (store              ) [ 0000]
br_ln134                   (br                 ) [ 0110]
last                       (phi                ) [ 0110]
start                      (phi                ) [ 0110]
speclooptripcount_ln0      (speclooptripcount  ) [ 0000]
specpipeline_ln137         (specpipeline       ) [ 0000]
specloopname_ln134         (specloopname       ) [ 0000]
or_ln140                   (or                 ) [ 0110]
br_ln140                   (br                 ) [ 0000]
empty                      (read               ) [ 0000]
p_s                        (extractvalue       ) [ 0000]
p_4                        (extractvalue       ) [ 0000]
store_ln143                (store              ) [ 0000]
store_ln143                (store              ) [ 0000]
br_ln0                     (br                 ) [ 0000]
val                        (load               ) [ 0000]
last_2                     (load               ) [ 0110]
write_ln554                (write              ) [ 0000]
p_0_0_0_07815_load         (load               ) [ 0000]
p_4_0_0_08623_load         (load               ) [ 0000]
write_ln0                  (write              ) [ 0000]
write_ln0                  (write              ) [ 0000]
ret_ln0                    (ret                ) [ 0000]
</LifeTime>

<model>

<comp_list>
<comp id="0" class="1000" name="p_4_0_0_08624_lcssa48">
<pin_list>
<pin id="1" dir="1" index="0" bw="1" slack="0"/>
</pin_list>
<bind>
<StgValue><ssdm name="p_4_0_0_08624_lcssa48"/></StgValue>
</bind>
</comp>

<comp id="2" class="1000" name="p_0_0_0_07816_lcssa32">
<pin_list>
<pin id="3" dir="1" index="0" bw="1" slack="0"/>
</pin_list>
<bind>
<StgValue><ssdm name="p_0_0_0_07816_lcssa32"/></StgValue>
</bind>
</comp>

<comp id="4" class="1000" name="start_2">
<pin_list>
<pin id="5" dir="1" index="0" bw="1" slack="0"/>
</pin_list>
<bind>
<StgValue><ssdm name="start_2"/></StgValue>
</bind>
</comp>

<comp id="6" class="1000" name="img_cols_val">
<pin_list>
<pin id="7" dir="1" index="0" bw="1" slack="0"/>
</pin_list>
<bind>
<StgValue><ssdm name="img_cols_val"/></StgValue>
</bind>
</comp>

<comp id="8" class="1000" name="in_mat_data">
<pin_list>
<pin id="9" dir="1" index="0" bw="1" slack="0"/>
</pin_list>
<bind>
<StgValue><ssdm name="in_mat_data"/></StgValue>
</bind>
</comp>

<comp id="10" class="1000" name="s_axis_video_V_data_V">
<pin_list>
<pin id="11" dir="1" index="0" bw="1" slack="0"/>
</pin_list>
<bind>
<StgValue><ssdm name="s_axis_video_V_data_V"/></StgValue>
</bind>
</comp>

<comp id="12" class="1000" name="s_axis_video_V_keep_V">
<pin_list>
<pin id="13" dir="1" index="0" bw="1" slack="0"/>
</pin_list>
<bind>
<StgValue><ssdm name="s_axis_video_V_keep_V"/></StgValue>
</bind>
</comp>

<comp id="14" class="1000" name="s_axis_video_V_strb_V">
<pin_list>
<pin id="15" dir="1" index="0" bw="1" slack="0"/>
</pin_list>
<bind>
<StgValue><ssdm name="s_axis_video_V_strb_V"/></StgValue>
</bind>
</comp>

<comp id="16" class="1000" name="s_axis_video_V_user_V">
<pin_list>
<pin id="17" dir="1" index="0" bw="1" slack="0"/>
</pin_list>
<bind>
<StgValue><ssdm name="s_axis_video_V_user_V"/></StgValue>
</bind>
</comp>

<comp id="18" class="1000" name="s_axis_video_V_last_V">
<pin_list>
<pin id="19" dir="1" index="0" bw="1" slack="0"/>
</pin_list>
<bind>
<StgValue><ssdm name="s_axis_video_V_last_V"/></StgValue>
</bind>
</comp>

<comp id="20" class="1000" name="s_axis_video_V_id_V">
<pin_list>
<pin id="21" dir="1" index="0" bw="1" slack="0"/>
</pin_list>
<bind>
<StgValue><ssdm name="s_axis_video_V_id_V"/></StgValue>
</bind>
</comp>

<comp id="22" class="1000" name="s_axis_video_V_dest_V">
<pin_list>
<pin id="23" dir="1" index="0" bw="1" slack="0"/>
</pin_list>
<bind>
<StgValue><ssdm name="s_axis_video_V_dest_V"/></StgValue>
</bind>
</comp>

<comp id="24" class="1000" name="p_4_0_0_08623_out">
<pin_list>
<pin id="25" dir="1" index="0" bw="1" slack="0"/>
</pin_list>
<bind>
<StgValue><ssdm name="p_4_0_0_08623_out"/></StgValue>
</bind>
</comp>

<comp id="26" class="1000" name="p_0_0_0_07815_out">
<pin_list>
<pin id="27" dir="1" index="0" bw="1" slack="0"/>
</pin_list>
<bind>
<StgValue><ssdm name="p_0_0_0_07815_out"/></StgValue>
</bind>
</comp>

<comp id="28" class="1001" name="const_28">
<pin_list>
<pin id="29" dir="1" index="0" bw="1" slack="0"/>
</pin_list>
<bind>
<StgValue><ssdm name=""/></StgValue>
</bind>
</comp>

<comp id="30" class="1001" name="const_30">
<pin_list>
<pin id="31" dir="1" index="0" bw="1" slack="2147483647"/>
</pin_list>
<bind>
<StgValue><ssdm name="_ssdm_op_SpecAXISSideChannel"/></StgValue>
</bind>
</comp>

<comp id="32" class="1001" name="const_32">
<pin_list>
<pin id="33" dir="1" index="0" bw="1" slack="2147483647"/>
</pin_list>
<bind>
<StgValue><ssdm name="empty_14"/></StgValue>
</bind>
</comp>

<comp id="34" class="1001" name="const_34">
<pin_list>
<pin id="35" dir="1" index="0" bw="1" slack="2147483647"/>
</pin_list>
<bind>
<StgValue><ssdm name="_ssdm_op_SpecStableContent"/></StgValue>
</bind>
</comp>

<comp id="36" class="1001" name="const_36">
<pin_list>
<pin id="37" dir="1" index="0" bw="1" slack="2147483647"/>
</pin_list>
<bind>
<StgValue><ssdm name=""/></StgValue>
</bind>
</comp>

<comp id="38" class="1001" name="const_38">
<pin_list>
<pin id="39" dir="1" index="0" bw="1" slack="2147483647"/>
</pin_list>
<bind>
<StgValue><ssdm name="p_str"/></StgValue>
</bind>
</comp>

<comp id="40" class="1001" name="const_40">
<pin_list>
<pin id="41" dir="1" index="0" bw="1" slack="2147483647"/>
</pin_list>
<bind>
<StgValue><ssdm name="_ssdm_op_SpecInterface"/></StgValue>
</bind>
</comp>

<comp id="42" class="1001" name="const_42">
<pin_list>
<pin id="43" dir="1" index="0" bw="1" slack="2147483647"/>
</pin_list>
<bind>
<StgValue><ssdm name="empty_5"/></StgValue>
</bind>
</comp>

<comp id="44" class="1001" name="const_44">
<pin_list>
<pin id="45" dir="1" index="0" bw="1" slack="2147483647"/>
</pin_list>
<bind>
<StgValue><ssdm name=""/></StgValue>
</bind>
</comp>

<comp id="46" class="1001" name="const_46">
<pin_list>
<pin id="47" dir="1" index="0" bw="1" slack="2147483647"/>
</pin_list>
<bind>
<StgValue><ssdm name="empty_15"/></StgValue>
</bind>
</comp>

<comp id="48" class="1001" name="const_48">
<pin_list>
<pin id="49" dir="1" index="0" bw="1" slack="2147483647"/>
</pin_list>
<bind>
<StgValue><ssdm name="empty_25"/></StgValue>
</bind>
</comp>

<comp id="50" class="1001" name="const_50">
<pin_list>
<pin id="51" dir="1" index="0" bw="1" slack="2147483647"/>
</pin_list>
<bind>
<StgValue><ssdm name=""/></StgValue>
</bind>
</comp>

<comp id="52" class="1001" name="const_52">
<pin_list>
<pin id="53" dir="1" index="0" bw="1" slack="2147483647"/>
</pin_list>
<bind>
<StgValue><ssdm name="empty_13"/></StgValue>
</bind>
</comp>

<comp id="54" class="1001" name="const_54">
<pin_list>
<pin id="55" dir="1" index="0" bw="1" slack="0"/>
</pin_list>
<bind>
<StgValue><ssdm name="_ssdm_op_Read.ap_auto.i12"/></StgValue>
</bind>
</comp>

<comp id="56" class="1001" name="const_56">
<pin_list>
<pin id="57" dir="1" index="0" bw="1" slack="0"/>
</pin_list>
<bind>
<StgValue><ssdm name="_ssdm_op_Read.ap_auto.i1"/></StgValue>
</bind>
</comp>

<comp id="58" class="1001" name="const_58">
<pin_list>
<pin id="59" dir="1" index="0" bw="1" slack="0"/>
</pin_list>
<bind>
<StgValue><ssdm name="_ssdm_op_Read.ap_auto.i30"/></StgValue>
</bind>
</comp>

<comp id="60" class="1001" name="const_60">
<pin_list>
<pin id="61" dir="1" index="0" bw="1" slack="0"/>
</pin_list>
<bind>
<StgValue><ssdm name=""/></StgValue>
</bind>
</comp>

<comp id="62" class="1001" name="const_62">
<pin_list>
<pin id="63" dir="1" index="0" bw="1" slack="0"/>
</pin_list>
<bind>
<StgValue><ssdm name=""/></StgValue>
</bind>
</comp>

<comp id="64" class="1001" name="const_64">
<pin_list>
<pin id="65" dir="1" index="0" bw="1" slack="1"/>
</pin_list>
<bind>
<StgValue><ssdm name=""/></StgValue>
</bind>
</comp>

<comp id="66" class="1001" name="const_66">
<pin_list>
<pin id="67" dir="1" index="0" bw="1" slack="2147483647"/>
</pin_list>
<bind>
<StgValue><ssdm name="_ssdm_op_SpecLoopTripCount"/></StgValue>
</bind>
</comp>

<comp id="68" class="1001" name="const_68">
<pin_list>
<pin id="69" dir="1" index="0" bw="1" slack="2147483647"/>
</pin_list>
<bind>
<StgValue><ssdm name=""/></StgValue>
</bind>
</comp>

<comp id="70" class="1001" name="const_70">
<pin_list>
<pin id="71" dir="1" index="0" bw="1" slack="2147483647"/>
</pin_list>
<bind>
<StgValue><ssdm name=""/></StgValue>
</bind>
</comp>

<comp id="72" class="1001" name="const_72">
<pin_list>
<pin id="73" dir="1" index="0" bw="1" slack="2147483647"/>
</pin_list>
<bind>
<StgValue><ssdm name=""/></StgValue>
</bind>
</comp>

<comp id="74" class="1001" name="const_74">
<pin_list>
<pin id="75" dir="1" index="0" bw="1" slack="2147483647"/>
</pin_list>
<bind>
<StgValue><ssdm name="_ssdm_op_SpecPipeline"/></StgValue>
</bind>
</comp>

<comp id="76" class="1001" name="const_76">
<pin_list>
<pin id="77" dir="1" index="0" bw="1" slack="2147483647"/>
</pin_list>
<bind>
<StgValue><ssdm name="_ssdm_op_SpecLoopName"/></StgValue>
</bind>
</comp>

<comp id="78" class="1001" name="const_78">
<pin_list>
<pin id="79" dir="1" index="0" bw="1" slack="2147483647"/>
</pin_list>
<bind>
<StgValue><ssdm name="empty_2"/></StgValue>
</bind>
</comp>

<comp id="80" class="1001" name="const_80">
<pin_list>
<pin id="81" dir="1" index="0" bw="1" slack="0"/>
</pin_list>
<bind>
<StgValue><ssdm name="_ssdm_op_Read.axis.volatile.i30P0A.i4P0A.i4P0A.i1P0A.i1P0A.i1P0A.i1P0A"/></StgValue>
</bind>
</comp>

<comp id="82" class="1001" name="const_82">
<pin_list>
<pin id="83" dir="1" index="0" bw="1" slack="0"/>
</pin_list>
<bind>
<StgValue><ssdm name="_ssdm_op_Write.ap_fifo.volatile.i30P0A"/></StgValue>
</bind>
</comp>

<comp id="84" class="1001" name="const_84">
<pin_list>
<pin id="85" dir="1" index="0" bw="1" slack="0"/>
</pin_list>
<bind>
<StgValue><ssdm name="_ssdm_op_Write.ap_auto.i1P0A"/></StgValue>
</bind>
</comp>

<comp id="86" class="1001" name="const_86">
<pin_list>
<pin id="87" dir="1" index="0" bw="1" slack="0"/>
</pin_list>
<bind>
<StgValue><ssdm name="_ssdm_op_Write.ap_auto.i30P0A"/></StgValue>
</bind>
</comp>

<comp id="88" class="1004" name="j_fu_88">
<pin_list>
<pin id="89" dir="0" index="0" bw="1" slack="0"/>
<pin id="90" dir="1" index="1" bw="12" slack="0"/>
</pin_list>
<bind>
<opcode="alloca(26) " fcode="alloca"/>
<opset="j/1 "/>
</bind>
</comp>

<comp id="92" class="1004" name="p_0_0_0_07815_fu_92">
<pin_list>
<pin id="93" dir="0" index="0" bw="1" slack="0"/>
<pin id="94" dir="1" index="1" bw="30" slack="0"/>
</pin_list>
<bind>
<opcode="alloca(26) " fcode="alloca"/>
<opset="p_0_0_0_07815/1 "/>
</bind>
</comp>

<comp id="96" class="1004" name="p_4_0_0_08623_fu_96">
<pin_list>
<pin id="97" dir="0" index="0" bw="1" slack="0"/>
<pin id="98" dir="1" index="1" bw="1" slack="0"/>
</pin_list>
<bind>
<opcode="alloca(26) " fcode="alloca"/>
<opset="p_4_0_0_08623/1 "/>
</bind>
</comp>

<comp id="100" class="1004" name="img_cols_val_read_read_fu_100">
<pin_list>
<pin id="101" dir="0" index="0" bw="12" slack="0"/>
<pin id="102" dir="0" index="1" bw="12" slack="0"/>
<pin id="103" dir="1" index="2" bw="12" slack="0"/>
</pin_list>
<bind>
<opcode="read(1150) " fcode="read"/>
<opset="img_cols_val_read/1 "/>
</bind>
</comp>

<comp id="106" class="1004" name="start_2_read_read_fu_106">
<pin_list>
<pin id="107" dir="0" index="0" bw="1" slack="0"/>
<pin id="108" dir="0" index="1" bw="1" slack="0"/>
<pin id="109" dir="1" index="2" bw="1" slack="1"/>
</pin_list>
<bind>
<opcode="read(1150) " fcode="read"/>
<opset="start_2_read/1 "/>
</bind>
</comp>

<comp id="112" class="1004" name="p_0_0_0_07816_lcssa32_read_read_fu_112">
<pin_list>
<pin id="113" dir="0" index="0" bw="30" slack="0"/>
<pin id="114" dir="0" index="1" bw="30" slack="0"/>
<pin id="115" dir="1" index="2" bw="30" slack="0"/>
</pin_list>
<bind>
<opcode="read(1150) " fcode="read"/>
<opset="p_0_0_0_07816_lcssa32_read/1 "/>
</bind>
</comp>

<comp id="118" class="1004" name="p_4_0_0_08624_lcssa48_read_read_fu_118">
<pin_list>
<pin id="119" dir="0" index="0" bw="1" slack="0"/>
<pin id="120" dir="0" index="1" bw="1" slack="0"/>
<pin id="121" dir="1" index="2" bw="1" slack="0"/>
</pin_list>
<bind>
<opcode="read(1150) " fcode="read"/>
<opset="p_4_0_0_08624_lcssa48_read/1 "/>
</bind>
</comp>

<comp id="124" class="1004" name="empty_read_fu_124">
<pin_list>
<pin id="125" dir="0" index="0" bw="42" slack="0"/>
<pin id="126" dir="0" index="1" bw="30" slack="0"/>
<pin id="127" dir="0" index="2" bw="4" slack="0"/>
<pin id="128" dir="0" index="3" bw="4" slack="0"/>
<pin id="129" dir="0" index="4" bw="1" slack="0"/>
<pin id="130" dir="0" index="5" bw="1" slack="0"/>
<pin id="131" dir="0" index="6" bw="1" slack="0"/>
<pin id="132" dir="0" index="7" bw="1" slack="0"/>
<pin id="133" dir="1" index="8" bw="42" slack="0"/>
</pin_list>
<bind>
<opcode="read(1150) " fcode="read"/>
<opset="empty/2 "/>
</bind>
</comp>

<comp id="142" class="1004" name="write_ln554_write_fu_142">
<pin_list>
<pin id="143" dir="0" index="0" bw="0" slack="0"/>
<pin id="144" dir="0" index="1" bw="30" slack="0"/>
<pin id="145" dir="0" index="2" bw="30" slack="0"/>
<pin id="146" dir="1" index="3" bw="0" slack="2147483647"/>
</pin_list>
<bind>
<opcode="write(1151) " fcode="write"/>
<opset="write_ln554/3 "/>
</bind>
</comp>

<comp id="149" class="1004" name="write_ln0_write_fu_149">
<pin_list>
<pin id="150" dir="0" index="0" bw="0" slack="0"/>
<pin id="151" dir="0" index="1" bw="1" slack="0"/>
<pin id="152" dir="0" index="2" bw="1" slack="0"/>
<pin id="153" dir="1" index="3" bw="0" slack="2147483647"/>
</pin_list>
<bind>
<opcode="write(1151) " fcode="write"/>
<opset="write_ln0/2 "/>
</bind>
</comp>

<comp id="156" class="1004" name="write_ln0_write_fu_156">
<pin_list>
<pin id="157" dir="0" index="0" bw="0" slack="0"/>
<pin id="158" dir="0" index="1" bw="30" slack="0"/>
<pin id="159" dir="0" index="2" bw="30" slack="0"/>
<pin id="160" dir="1" index="3" bw="0" slack="2147483647"/>
</pin_list>
<bind>
<opcode="write(1151) " fcode="write"/>
<opset="write_ln0/2 "/>
</bind>
</comp>

<comp id="163" class="1005" name="last_reg_163">
<pin_list>
<pin id="164" dir="0" index="0" bw="1" slack="1"/>
<pin id="165" dir="1" index="1" bw="1" slack="1"/>
</pin_list>
<bind>
<opset="last (phireg) "/>
</bind>
</comp>

<comp id="167" class="1004" name="last_phi_fu_167">
<pin_list>
<pin id="168" dir="0" index="0" bw="1" slack="1"/>
<pin id="169" dir="0" index="1" bw="0" slack="2147483647"/>
<pin id="170" dir="0" index="2" bw="1" slack="1"/>
<pin id="171" dir="0" index="3" bw="0" slack="2147483647"/>
<pin id="172" dir="1" index="4" bw="1" slack="0"/>
</pin_list>
<bind>
<opcode="phi(47) " fcode="phi"/>
<opset="last/2 "/>
</bind>
</comp>

<comp id="174" class="1005" name="start_reg_174">
<pin_list>
<pin id="175" dir="0" index="0" bw="1" slack="1"/>
<pin id="176" dir="1" index="1" bw="1" slack="1"/>
</pin_list>
<bind>
<opset="start (phireg) "/>
</bind>
</comp>

<comp id="178" class="1004" name="start_phi_fu_178">
<pin_list>
<pin id="179" dir="0" index="0" bw="1" slack="1"/>
<pin id="180" dir="0" index="1" bw="0" slack="2147483647"/>
<pin id="181" dir="0" index="2" bw="1" slack="1"/>
<pin id="182" dir="0" index="3" bw="0" slack="2147483647"/>
<pin id="183" dir="1" index="4" bw="1" slack="0"/>
</pin_list>
<bind>
<opcode="phi(47) " fcode="phi"/>
<opset="start/2 "/>
</bind>
</comp>

<comp id="185" class="1004" name="store_ln0_store_fu_185">
<pin_list>
<pin id="186" dir="0" index="0" bw="1" slack="0"/>
<pin id="187" dir="0" index="1" bw="1" slack="0"/>
<pin id="188" dir="1" index="2" bw="0" slack="2147483647"/>
</pin_list>
<bind>
<opcode="store(28) " fcode="store"/>
<opset="store_ln0/1 "/>
</bind>
</comp>

<comp id="190" class="1004" name="store_ln0_store_fu_190">
<pin_list>
<pin id="191" dir="0" index="0" bw="30" slack="0"/>
<pin id="192" dir="0" index="1" bw="30" slack="0"/>
<pin id="193" dir="1" index="2" bw="0" slack="2147483647"/>
</pin_list>
<bind>
<opcode="store(28) " fcode="store"/>
<opset="store_ln0/1 "/>
</bind>
</comp>

<comp id="195" class="1004" name="store_ln134_store_fu_195">
<pin_list>
<pin id="196" dir="0" index="0" bw="1" slack="0"/>
<pin id="197" dir="0" index="1" bw="12" slack="0"/>
<pin id="198" dir="1" index="2" bw="0" slack="2147483647"/>
</pin_list>
<bind>
<opcode="store(28) " fcode="store"/>
<opset="store_ln134/1 "/>
</bind>
</comp>

<comp id="200" class="1004" name="j_3_load_fu_200">
<pin_list>
<pin id="201" dir="0" index="0" bw="12" slack="0"/>
<pin id="202" dir="1" index="1" bw="12" slack="0"/>
</pin_list>
<bind>
<opcode="load(27) " fcode="load"/>
<opset="j_3/1 "/>
</bind>
</comp>

<comp id="203" class="1004" name="icmp_ln134_fu_203">
<pin_list>
<pin id="204" dir="0" index="0" bw="12" slack="0"/>
<pin id="205" dir="0" index="1" bw="12" slack="0"/>
<pin id="206" dir="1" index="2" bw="1" slack="1"/>
</pin_list>
<bind>
<opcode="icmp(45) " fcode="icmp"/>
<opset="icmp_ln134/1 "/>
</bind>
</comp>

<comp id="209" class="1004" name="j_4_fu_209">
<pin_list>
<pin id="210" dir="0" index="0" bw="12" slack="0"/>
<pin id="211" dir="0" index="1" bw="1" slack="0"/>
<pin id="212" dir="1" index="2" bw="12" slack="0"/>
</pin_list>
<bind>
<opcode="add(8) " fcode="add"/>
<opset="j_4/1 "/>
</bind>
</comp>

<comp id="215" class="1004" name="store_ln134_store_fu_215">
<pin_list>
<pin id="216" dir="0" index="0" bw="12" slack="0"/>
<pin id="217" dir="0" index="1" bw="12" slack="0"/>
<pin id="218" dir="1" index="2" bw="0" slack="2147483647"/>
</pin_list>
<bind>
<opcode="store(28) " fcode="store"/>
<opset="store_ln134/1 "/>
</bind>
</comp>

<comp id="220" class="1004" name="or_ln140_fu_220">
<pin_list>
<pin id="221" dir="0" index="0" bw="1" slack="0"/>
<pin id="222" dir="0" index="1" bw="1" slack="0"/>
<pin id="223" dir="1" index="2" bw="1" slack="2147483647"/>
</pin_list>
<bind>
<opcode="or(24) " fcode="or"/>
<opset="or_ln140/2 "/>
</bind>
</comp>

<comp id="226" class="1004" name="p_s_fu_226">
<pin_list>
<pin id="227" dir="0" index="0" bw="42" slack="0"/>
<pin id="228" dir="1" index="1" bw="30" slack="0"/>
</pin_list>
<bind>
<opcode="extractvalue(56) " fcode="extractvalue"/>
<opset="p_s/2 "/>
</bind>
</comp>

<comp id="230" class="1004" name="p_4_fu_230">
<pin_list>
<pin id="231" dir="0" index="0" bw="42" slack="0"/>
<pin id="232" dir="1" index="1" bw="1" slack="0"/>
</pin_list>
<bind>
<opcode="extractvalue(56) " fcode="extractvalue"/>
<opset="p_4/2 "/>
</bind>
</comp>

<comp id="234" class="1004" name="store_ln143_store_fu_234">
<pin_list>
<pin id="235" dir="0" index="0" bw="1" slack="0"/>
<pin id="236" dir="0" index="1" bw="1" slack="1"/>
<pin id="237" dir="1" index="2" bw="0" slack="2147483647"/>
</pin_list>
<bind>
<opcode="store(28) " fcode="store"/>
<opset="store_ln143/2 "/>
</bind>
</comp>

<comp id="239" class="1004" name="store_ln143_store_fu_239">
<pin_list>
<pin id="240" dir="0" index="0" bw="30" slack="0"/>
<pin id="241" dir="0" index="1" bw="30" slack="1"/>
<pin id="242" dir="1" index="2" bw="0" slack="2147483647"/>
</pin_list>
<bind>
<opcode="store(28) " fcode="store"/>
<opset="store_ln143/2 "/>
</bind>
</comp>

<comp id="244" class="1004" name="val_load_fu_244">
<pin_list>
<pin id="245" dir="0" index="0" bw="30" slack="2"/>
<pin id="246" dir="1" index="1" bw="30" slack="0"/>
</pin_list>
<bind>
<opcode="load(27) " fcode="load"/>
<opset="val/3 "/>
</bind>
</comp>

<comp id="248" class="1004" name="last_2_load_fu_248">
<pin_list>
<pin id="249" dir="0" index="0" bw="1" slack="2"/>
<pin id="250" dir="1" index="1" bw="1" slack="1"/>
</pin_list>
<bind>
<opcode="load(27) " fcode="load"/>
<opset="last_2/3 "/>
</bind>
</comp>

<comp id="251" class="1004" name="p_0_0_0_07815_load_load_fu_251">
<pin_list>
<pin id="252" dir="0" index="0" bw="30" slack="1"/>
<pin id="253" dir="1" index="1" bw="30" slack="0"/>
</pin_list>
<bind>
<opcode="load(27) " fcode="load"/>
<opset="p_0_0_0_07815_load/2 "/>
</bind>
</comp>

<comp id="255" class="1004" name="p_4_0_0_08623_load_load_fu_255">
<pin_list>
<pin id="256" dir="0" index="0" bw="1" slack="1"/>
<pin id="257" dir="1" index="1" bw="1" slack="0"/>
</pin_list>
<bind>
<opcode="load(27) " fcode="load"/>
<opset="p_4_0_0_08623_load/2 "/>
</bind>
</comp>

<comp id="259" class="1005" name="j_reg_259">
<pin_list>
<pin id="260" dir="0" index="0" bw="12" slack="0"/>
<pin id="261" dir="1" index="1" bw="12" slack="0"/>
</pin_list>
<bind>
<opset="j "/>
</bind>
</comp>

<comp id="266" class="1005" name="p_0_0_0_07815_reg_266">
<pin_list>
<pin id="267" dir="0" index="0" bw="30" slack="0"/>
<pin id="268" dir="1" index="1" bw="30" slack="0"/>
</pin_list>
<bind>
<opset="p_0_0_0_07815 "/>
</bind>
</comp>

<comp id="274" class="1005" name="p_4_0_0_08623_reg_274">
<pin_list>
<pin id="275" dir="0" index="0" bw="1" slack="0"/>
<pin id="276" dir="1" index="1" bw="1" slack="0"/>
</pin_list>
<bind>
<opset="p_4_0_0_08623 "/>
</bind>
</comp>

<comp id="282" class="1005" name="start_2_read_reg_282">
<pin_list>
<pin id="283" dir="0" index="0" bw="1" slack="1"/>
<pin id="284" dir="1" index="1" bw="1" slack="1"/>
</pin_list>
<bind>
<opset="start_2_read "/>
</bind>
</comp>

<comp id="287" class="1005" name="icmp_ln134_reg_287">
<pin_list>
<pin id="288" dir="0" index="0" bw="1" slack="1"/>
<pin id="289" dir="1" index="1" bw="1" slack="2147483647"/>
</pin_list>
<bind>
<opset="icmp_ln134 "/>
</bind>
</comp>

<comp id="294" class="1005" name="last_2_reg_294">
<pin_list>
<pin id="295" dir="0" index="0" bw="1" slack="1"/>
<pin id="296" dir="1" index="1" bw="1" slack="1"/>
</pin_list>
<bind>
<opset="last_2 "/>
</bind>
</comp>

</comp_list>

<net_list>
<net id="91"><net_src comp="28" pin="0"/><net_sink comp="88" pin=0"/></net>

<net id="95"><net_src comp="28" pin="0"/><net_sink comp="92" pin=0"/></net>

<net id="99"><net_src comp="28" pin="0"/><net_sink comp="96" pin=0"/></net>

<net id="104"><net_src comp="54" pin="0"/><net_sink comp="100" pin=0"/></net>

<net id="105"><net_src comp="6" pin="0"/><net_sink comp="100" pin=1"/></net>

<net id="110"><net_src comp="56" pin="0"/><net_sink comp="106" pin=0"/></net>

<net id="111"><net_src comp="4" pin="0"/><net_sink comp="106" pin=1"/></net>

<net id="116"><net_src comp="58" pin="0"/><net_sink comp="112" pin=0"/></net>

<net id="117"><net_src comp="2" pin="0"/><net_sink comp="112" pin=1"/></net>

<net id="122"><net_src comp="56" pin="0"/><net_sink comp="118" pin=0"/></net>

<net id="123"><net_src comp="0" pin="0"/><net_sink comp="118" pin=1"/></net>

<net id="134"><net_src comp="80" pin="0"/><net_sink comp="124" pin=0"/></net>

<net id="135"><net_src comp="10" pin="0"/><net_sink comp="124" pin=1"/></net>

<net id="136"><net_src comp="12" pin="0"/><net_sink comp="124" pin=2"/></net>

<net id="137"><net_src comp="14" pin="0"/><net_sink comp="124" pin=3"/></net>

<net id="138"><net_src comp="16" pin="0"/><net_sink comp="124" pin=4"/></net>

<net id="139"><net_src comp="18" pin="0"/><net_sink comp="124" pin=5"/></net>

<net id="140"><net_src comp="20" pin="0"/><net_sink comp="124" pin=6"/></net>

<net id="141"><net_src comp="22" pin="0"/><net_sink comp="124" pin=7"/></net>

<net id="147"><net_src comp="82" pin="0"/><net_sink comp="142" pin=0"/></net>

<net id="148"><net_src comp="8" pin="0"/><net_sink comp="142" pin=1"/></net>

<net id="154"><net_src comp="84" pin="0"/><net_sink comp="149" pin=0"/></net>

<net id="155"><net_src comp="24" pin="0"/><net_sink comp="149" pin=1"/></net>

<net id="161"><net_src comp="86" pin="0"/><net_sink comp="156" pin=0"/></net>

<net id="162"><net_src comp="26" pin="0"/><net_sink comp="156" pin=1"/></net>

<net id="166"><net_src comp="64" pin="0"/><net_sink comp="163" pin=0"/></net>

<net id="173"><net_src comp="163" pin="1"/><net_sink comp="167" pin=0"/></net>

<net id="177"><net_src comp="64" pin="0"/><net_sink comp="174" pin=0"/></net>

<net id="184"><net_src comp="174" pin="1"/><net_sink comp="178" pin=2"/></net>

<net id="189"><net_src comp="118" pin="2"/><net_sink comp="185" pin=0"/></net>

<net id="194"><net_src comp="112" pin="2"/><net_sink comp="190" pin=0"/></net>

<net id="199"><net_src comp="60" pin="0"/><net_sink comp="195" pin=0"/></net>

<net id="207"><net_src comp="200" pin="1"/><net_sink comp="203" pin=0"/></net>

<net id="208"><net_src comp="100" pin="2"/><net_sink comp="203" pin=1"/></net>

<net id="213"><net_src comp="200" pin="1"/><net_sink comp="209" pin=0"/></net>

<net id="214"><net_src comp="62" pin="0"/><net_sink comp="209" pin=1"/></net>

<net id="219"><net_src comp="209" pin="2"/><net_sink comp="215" pin=0"/></net>

<net id="224"><net_src comp="178" pin="4"/><net_sink comp="220" pin=0"/></net>

<net id="225"><net_src comp="167" pin="4"/><net_sink comp="220" pin=1"/></net>

<net id="229"><net_src comp="124" pin="8"/><net_sink comp="226" pin=0"/></net>

<net id="233"><net_src comp="124" pin="8"/><net_sink comp="230" pin=0"/></net>

<net id="238"><net_src comp="230" pin="1"/><net_sink comp="234" pin=0"/></net>

<net id="243"><net_src comp="226" pin="1"/><net_sink comp="239" pin=0"/></net>

<net id="247"><net_src comp="244" pin="1"/><net_sink comp="142" pin=2"/></net>

<net id="254"><net_src comp="251" pin="1"/><net_sink comp="156" pin=2"/></net>

<net id="258"><net_src comp="255" pin="1"/><net_sink comp="149" pin=2"/></net>

<net id="262"><net_src comp="88" pin="1"/><net_sink comp="259" pin=0"/></net>

<net id="263"><net_src comp="259" pin="1"/><net_sink comp="195" pin=1"/></net>

<net id="264"><net_src comp="259" pin="1"/><net_sink comp="200" pin=0"/></net>

<net id="265"><net_src comp="259" pin="1"/><net_sink comp="215" pin=1"/></net>

<net id="269"><net_src comp="92" pin="1"/><net_sink comp="266" pin=0"/></net>

<net id="270"><net_src comp="266" pin="1"/><net_sink comp="190" pin=1"/></net>

<net id="271"><net_src comp="266" pin="1"/><net_sink comp="239" pin=1"/></net>

<net id="272"><net_src comp="266" pin="1"/><net_sink comp="244" pin=0"/></net>

<net id="273"><net_src comp="266" pin="1"/><net_sink comp="251" pin=0"/></net>

<net id="277"><net_src comp="96" pin="1"/><net_sink comp="274" pin=0"/></net>

<net id="278"><net_src comp="274" pin="1"/><net_sink comp="185" pin=1"/></net>

<net id="279"><net_src comp="274" pin="1"/><net_sink comp="234" pin=1"/></net>

<net id="280"><net_src comp="274" pin="1"/><net_sink comp="248" pin=0"/></net>

<net id="281"><net_src comp="274" pin="1"/><net_sink comp="255" pin=0"/></net>

<net id="285"><net_src comp="106" pin="2"/><net_sink comp="282" pin=0"/></net>

<net id="286"><net_src comp="282" pin="1"/><net_sink comp="178" pin=0"/></net>

<net id="290"><net_src comp="203" pin="2"/><net_sink comp="287" pin=0"/></net>

<net id="297"><net_src comp="248" pin="1"/><net_sink comp="294" pin=0"/></net>

<net id="298"><net_src comp="294" pin="1"/><net_sink comp="167" pin=2"/></net>

</net_list>

</model> 
---------------- Datapath Model END ------------------

* FSMD analyzer results:
  - Output states:
	Port: in_mat_data | {3 }
	Port: s_axis_video_V_data_V | {}
	Port: s_axis_video_V_keep_V | {}
	Port: s_axis_video_V_strb_V | {}
	Port: s_axis_video_V_user_V | {}
	Port: s_axis_video_V_last_V | {}
	Port: s_axis_video_V_id_V | {}
	Port: s_axis_video_V_dest_V | {}
	Port: p_4_0_0_08623_out | {2 }
	Port: p_0_0_0_07815_out | {2 }
 - Input state : 
	Port: AXIvideo2xfMat<30, 20, 2160, 3840, 1, 2>_Pipeline_loop_col_zxi2mat : p_4_0_0_08624_lcssa48 | {1 }
	Port: AXIvideo2xfMat<30, 20, 2160, 3840, 1, 2>_Pipeline_loop_col_zxi2mat : p_0_0_0_07816_lcssa32 | {1 }
	Port: AXIvideo2xfMat<30, 20, 2160, 3840, 1, 2>_Pipeline_loop_col_zxi2mat : start_2 | {1 }
	Port: AXIvideo2xfMat<30, 20, 2160, 3840, 1, 2>_Pipeline_loop_col_zxi2mat : img_cols_val | {1 }
	Port: AXIvideo2xfMat<30, 20, 2160, 3840, 1, 2>_Pipeline_loop_col_zxi2mat : in_mat_data | {}
	Port: AXIvideo2xfMat<30, 20, 2160, 3840, 1, 2>_Pipeline_loop_col_zxi2mat : s_axis_video_V_data_V | {2 }
	Port: AXIvideo2xfMat<30, 20, 2160, 3840, 1, 2>_Pipeline_loop_col_zxi2mat : s_axis_video_V_keep_V | {2 }
	Port: AXIvideo2xfMat<30, 20, 2160, 3840, 1, 2>_Pipeline_loop_col_zxi2mat : s_axis_video_V_strb_V | {2 }
	Port: AXIvideo2xfMat<30, 20, 2160, 3840, 1, 2>_Pipeline_loop_col_zxi2mat : s_axis_video_V_user_V | {2 }
	Port: AXIvideo2xfMat<30, 20, 2160, 3840, 1, 2>_Pipeline_loop_col_zxi2mat : s_axis_video_V_last_V | {2 }
	Port: AXIvideo2xfMat<30, 20, 2160, 3840, 1, 2>_Pipeline_loop_col_zxi2mat : s_axis_video_V_id_V | {2 }
	Port: AXIvideo2xfMat<30, 20, 2160, 3840, 1, 2>_Pipeline_loop_col_zxi2mat : s_axis_video_V_dest_V | {2 }
  - Chain level:
	State 1
		store_ln134 : 1
		j_3 : 1
		icmp_ln134 : 2
		j_4 : 2
		br_ln134 : 3
		store_ln134 : 3
	State 2
		or_ln140 : 1
		br_ln140 : 1
		store_ln143 : 1
		store_ln143 : 1
		write_ln0 : 1
		write_ln0 : 1
	State 3
		write_ln554 : 1


============================================================
+ Verbose Summary: Datapath Resource usage 
============================================================

* Functional unit list:
|----------|----------------------------------------|---------|---------|
| Operation|             Functional Unit            |    FF   |   LUT   |
|----------|----------------------------------------|---------|---------|
|   icmp   |            icmp_ln134_fu_203           |    0    |    19   |
|----------|----------------------------------------|---------|---------|
|    add   |               j_4_fu_209               |    0    |    19   |
|----------|----------------------------------------|---------|---------|
|    or    |             or_ln140_fu_220            |    0    |    2    |
|----------|----------------------------------------|---------|---------|
|          |      img_cols_val_read_read_fu_100     |    0    |    0    |
|          |        start_2_read_read_fu_106        |    0    |    0    |
|   read   | p_0_0_0_07816_lcssa32_read_read_fu_112 |    0    |    0    |
|          | p_4_0_0_08624_lcssa48_read_read_fu_118 |    0    |    0    |
|          |            empty_read_fu_124           |    0    |    0    |
|----------|----------------------------------------|---------|---------|
|          |        write_ln554_write_fu_142        |    0    |    0    |
|   write  |         write_ln0_write_fu_149         |    0    |    0    |
|          |         write_ln0_write_fu_156         |    0    |    0    |
|----------|----------------------------------------|---------|---------|
|extractvalue|               p_s_fu_226               |    0    |    0    |
|          |               p_4_fu_230               |    0    |    0    |
|----------|----------------------------------------|---------|---------|
|   Total  |                                        |    0    |    40   |
|----------|----------------------------------------|---------|---------|

Memories:
N/A

* Register list:
+---------------------+--------+
|                     |   FF   |
+---------------------+--------+
|  icmp_ln134_reg_287 |    1   |
|      j_reg_259      |   12   |
|    last_2_reg_294   |    1   |
|     last_reg_163    |    1   |
|p_0_0_0_07815_reg_266|   30   |
|p_4_0_0_08623_reg_274|    1   |
| start_2_read_reg_282|    1   |
|    start_reg_174    |    1   |
+---------------------+--------+
|        Total        |   48   |
+---------------------+--------+

* Multiplexer (MUX) list: 
|--------|------|------|------|--------|
|  Comp  |  Pin | Size |  BW  | S x BW |
|--------|------|------|------|--------|
|  Total |      |      |      |    0   |
|--------|------|------|------|--------|



* Summary:
+-----------+--------+--------+
|           |   FF   |   LUT  |
+-----------+--------+--------+
|  Function |    0   |   40   |
|   Memory  |    -   |    -   |
|Multiplexer|    -   |    -   |
|  Register |   48   |    -   |
+-----------+--------+--------+
|   Total   |   48   |   40   |
+-----------+--------+--------+
