

================================================================
== Vitis HLS Report for 'AXIvideo2xfMat_30_20_2160_3840_1_2_Pipeline_loop_col_zxi2mat'
================================================================
* Date:           Thu Oct  1 01:57:26 2026

* Version:        2025.2 (Build 6295257 on Nov 14 2025)
* Project:        autowhitebalance_accel
* Solution:       hls (Vivado IP Flow Target)
* Product family: zynquplus
* Target device:  xck26-sfvc784-2LV-c


================================================================
== Performance Estimates
================================================================
+ Timing: 
    * Summary: 
    +--------+----------+----------+------------+
    |  Clock |  Target  | Estimated| Uncertainty|
    +--------+----------+----------+------------+
    |ap_clk  |  10.00 ns|  1.838 ns|     2.70 ns|
    +--------+----------+----------+------------+

+ Latency: 
    * Summary: 
    +---------+---------+-----------+-----------+-----+-----+-------------------+
    |  Latency (cycles) |   Latency (absolute)  |  Interval |      Pipeline     |
    |   min   |   max   |    min    |    max    | min | max |        Type       |
    +---------+---------+-----------+-----------+-----+-----+-------------------+
    |        4|     3843|  40.000 ns|  38.430 us|    0|    0|  loop pipeline stp|
    +---------+---------+-----------+-----------+-----+-----+-------------------+

    + Detail: 
        * Instance: 
        N/A

        * Loop: 
        +--------------------+---------+---------+----------+-----------+-----------+----------+----------+
        |                    |  Latency (cycles) | Iteration|  Initiation Interval  |   Trip   |          |
        |      Loop Name     |   min   |   max   |  Latency |  achieved |   target  |   Count  | Pipelined|
        +--------------------+---------+---------+----------+-----------+-----------+----------+----------+
        |- loop_col_zxi2mat  |        2|     3841|         3|          1|          1|  1 ~ 3840|       yes|
        +--------------------+---------+---------+----------+-----------+-----------+----------+----------+

============================================================
+ Verbose Summary: Synthesis Manager
============================================================
InlineROM: 1
ExposeGlobal: 0
============================================================
+ Verbose Summary: CDFG Model
============================================================
IsTopModel: 0
ResetActiveHigh: 1
IsCombinational: 0
IsDatapathOnly: 0
HasWiredReturn: 1
HasMFsm: 2
HasVarLatency: 1
IsPipeline: 0
IsRtlPipelined: 0
IsInstanceOverlapped: 0
IsDontTouch: 0
HasImplIP: 0
IsGatedGlobalClock: 0

+ Individual pipeline summary: 
  * Pipeline-0: initiation interval (II) = 1, depth = 3


============================================================
+ Verbose Summary: Schedule
============================================================
* Number of FSM states : 3
* Pipeline : 1
  Pipeline-0 : II = 1, D = 3, States = { 1 2 3 }
* Dataflow Pipeline: 0

* FSM state transitions: 
1 --> 2 
2 --> 3 
3 --> 

* FSM state operations: 

State 1 <SV = 0> <Delay = 1.66>
ST_1 : Operation 6 [1/1] (0.00ns)   --->   "%j = alloca i32 1" [./xf_infra.hpp:134]   --->   Operation 6 'alloca' 'j' <Predicate = true> <Delay = 0.00>
ST_1 : Operation 7 [1/1] (0.00ns)   --->   "%p_0_0_0_07815 = alloca i32 1"   --->   Operation 7 'alloca' 'p_0_0_0_07815' <Predicate = true> <Delay = 0.00>
ST_1 : Operation 8 [1/1] (0.00ns)   --->   "%p_4_0_0_08623 = alloca i32 1"   --->   Operation 8 'alloca' 'p_4_0_0_08623' <Predicate = true> <Delay = 0.00>
ST_1 : Operation 9 [1/1] (0.00ns)   --->   "%specaxissidechannel_ln0 = specaxissidechannel void @_ssdm_op_SpecAXISSideChannel, i30 %s_axis_video_V_data_V, i4 %s_axis_video_V_keep_V, i4 %s_axis_video_V_strb_V, i1 %s_axis_video_V_user_V, i1 %s_axis_video_V_last_V, i1 %s_axis_video_V_id_V, i1 %s_axis_video_V_dest_V, void @empty_14"   --->   Operation 9 'specaxissidechannel' 'specaxissidechannel_ln0' <Predicate = true> <Delay = 0.00>
ST_1 : Operation 10 [1/1] (0.00ns)   --->   "%specstablecontent_ln0 = specstablecontent void @_ssdm_op_SpecStableContent, i12 %img_cols_val, i1 1, void @p_str"   --->   Operation 10 'specstablecontent' 'specstablecontent_ln0' <Predicate = true> <Delay = 0.00>
ST_1 : Operation 11 [1/1] (0.00ns)   --->   "%specinterface_ln0 = specinterface void @_ssdm_op_SpecInterface, i1 %s_axis_video_V_dest_V, void @empty_5, i32 0, i32 0, void @empty_15, i32 0, i32 0, void @empty_25, void @empty_25, void @empty_25, i32 0, i32 0, i32 0, i32 0, void @empty_25, void @empty_25, i32 4294967295, i32 0, i32 0, i32 0"   --->   Operation 11 'specinterface' 'specinterface_ln0' <Predicate = true> <Delay = 0.00>
ST_1 : Operation 12 [1/1] (0.00ns)   --->   "%specinterface_ln0 = specinterface void @_ssdm_op_SpecInterface, i1 %s_axis_video_V_id_V, void @empty_5, i32 0, i32 0, void @empty_15, i32 0, i32 0, void @empty_25, void @empty_25, void @empty_25, i32 0, i32 0, i32 0, i32 0, void @empty_25, void @empty_25, i32 4294967295, i32 0, i32 0, i32 0"   --->   Operation 12 'specinterface' 'specinterface_ln0' <Predicate = true> <Delay = 0.00>
ST_1 : Operation 13 [1/1] (0.00ns)   --->   "%specinterface_ln0 = specinterface void @_ssdm_op_SpecInterface, i1 %s_axis_video_V_last_V, void @empty_5, i32 0, i32 0, void @empty_15, i32 0, i32 0, void @empty_25, void @empty_25, void @empty_25, i32 0, i32 0, i32 0, i32 0, void @empty_25, void @empty_25, i32 4294967295, i32 0, i32 0, i32 0"   --->   Operation 13 'specinterface' 'specinterface_ln0' <Predicate = true> <Delay = 0.00>
ST_1 : Operation 14 [1/1] (0.00ns)   --->   "%specinterface_ln0 = specinterface void @_ssdm_op_SpecInterface, i1 %s_axis_video_V_user_V, void @empty_5, i32 0, i32 0, void @empty_15, i32 0, i32 0, void @empty_25, void @empty_25, void @empty_25, i32 0, i32 0, i32 0, i32 0, void @empty_25, void @empty_25, i32 4294967295, i32 0, i32 0, i32 0"   --->   Operation 14 'specinterface' 'specinterface_ln0' <Predicate = true> <Delay = 0.00>
ST_1 : Operation 15 [1/1] (0.00ns)   --->   "%specinterface_ln0 = specinterface void @_ssdm_op_SpecInterface, i4 %s_axis_video_V_strb_V, void @empty_5, i32 0, i32 0, void @empty_15, i32 0, i32 0, void @empty_25, void @empty_25, void @empty_25, i32 0, i32 0, i32 0, i32 0, void @empty_25, void @empty_25, i32 4294967295, i32 0, i32 0, i32 0"   --->   Operation 15 'specinterface' 'specinterface_ln0' <Predicate = true> <Delay = 0.00>
ST_1 : Operation 16 [1/1] (0.00ns)   --->   "%specinterface_ln0 = specinterface void @_ssdm_op_SpecInterface, i4 %s_axis_video_V_keep_V, void @empty_5, i32 0, i32 0, void @empty_15, i32 0, i32 0, void @empty_25, void @empty_25, void @empty_25, i32 0, i32 0, i32 0, i32 0, void @empty_25, void @empty_25, i32 4294967295, i32 0, i32 0, i32 0"   --->   Operation 16 'specinterface' 'specinterface_ln0' <Predicate = true> <Delay = 0.00>
ST_1 : Operation 17 [1/1] (0.00ns)   --->   "%specinterface_ln0 = specinterface void @_ssdm_op_SpecInterface, i30 %s_axis_video_V_data_V, void @empty_5, i32 0, i32 0, void @empty_15, i32 0, i32 0, void @empty_25, void @empty_25, void @empty_25, i32 0, i32 0, i32 0, i32 0, void @empty_25, void @empty_25, i32 4294967295, i32 0, i32 0, i32 0"   --->   Operation 17 'specinterface' 'specinterface_ln0' <Predicate = true> <Delay = 0.00>
ST_1 : Operation 18 [1/1] (0.00ns)   --->   "%specinterface_ln0 = specinterface void @_ssdm_op_SpecInterface, i30 %in_mat_data, void @empty_13, i32 0, i32 0, void @empty_25, i32 0, i32 0, void @empty_25, void @empty_25, void @empty_25, i32 0, i32 0, i32 0, i32 0, void @empty_25, void @empty_25, i32 4294967295, i32 0, i32 0, i32 0"   --->   Operation 18 'specinterface' 'specinterface_ln0' <Predicate = true> <Delay = 0.00>
ST_1 : Operation 19 [1/1] (0.00ns)   --->   "%img_cols_val_read = read i12 @_ssdm_op_Read.ap_auto.i12, i12 %img_cols_val"   --->   Operation 19 'read' 'img_cols_val_read' <Predicate = true> <Delay = 0.00>
ST_1 : Operation 20 [1/1] (0.00ns)   --->   "%start_2_read = read i1 @_ssdm_op_Read.ap_auto.i1, i1 %start_2"   --->   Operation 20 'read' 'start_2_read' <Predicate = true> <Delay = 0.00>
ST_1 : Operation 21 [1/1] (0.00ns)   --->   "%p_0_0_0_07816_lcssa32_read = read i30 @_ssdm_op_Read.ap_auto.i30, i30 %p_0_0_0_07816_lcssa32"   --->   Operation 21 'read' 'p_0_0_0_07816_lcssa32_read' <Predicate = true> <Delay = 0.00>
ST_1 : Operation 22 [1/1] (0.00ns)   --->   "%p_4_0_0_08624_lcssa48_read = read i1 @_ssdm_op_Read.ap_auto.i1, i1 %p_4_0_0_08624_lcssa48"   --->   Operation 22 'read' 'p_4_0_0_08624_lcssa48_read' <Predicate = true> <Delay = 0.00>
ST_1 : Operation 23 [1/1] (0.42ns)   --->   "%store_ln0 = store i1 %p_4_0_0_08624_lcssa48_read, i1 %p_4_0_0_08623"   --->   Operation 23 'store' 'store_ln0' <Predicate = true> <Delay = 0.42>
ST_1 : Operation 24 [1/1] (0.42ns)   --->   "%store_ln0 = store i30 %p_0_0_0_07816_lcssa32_read, i30 %p_0_0_0_07815"   --->   Operation 24 'store' 'store_ln0' <Predicate = true> <Delay = 0.42>
ST_1 : Operation 25 [1/1] (0.42ns)   --->   "%store_ln134 = store i12 0, i12 %j" [./xf_infra.hpp:134]   --->   Operation 25 'store' 'store_ln134' <Predicate = true> <Delay = 0.42>
ST_1 : Operation 26 [1/1] (0.42ns)   --->   "%br_ln134 = br void %for.body11" [./xf_infra.hpp:134]   --->   Operation 26 'br' 'br_ln134' <Predicate = true> <Delay = 0.42>
ST_1 : Operation 27 [1/1] (0.00ns)   --->   "%j_3 = load i12 %j" [./xf_infra.hpp:134]   --->   Operation 27 'load' 'j_3' <Predicate = true> <Delay = 0.00>
ST_1 : Operation 28 [1/1] (0.80ns)   --->   "%icmp_ln134 = icmp_eq  i12 %j_3, i12 %img_cols_val_read" [./xf_infra.hpp:134]   --->   Operation 28 'icmp' 'icmp_ln134' <Predicate = true> <Delay = 0.80> <CoreInst = "Cmp">   --->   Core 9 'Cmp' <Latency = 0> <II = 1> <Delay = 0.80> <FuncUnit> <Opcode : 'seteq' 'setne' 'setle' 'setge' 'setlt' 'setgt'> <InPorts = 2> <OutPorts = 1>
ST_1 : Operation 29 [1/1] (0.80ns)   --->   "%j_4 = add i12 %j_3, i12 1" [./xf_infra.hpp:134]   --->   Operation 29 'add' 'j_4' <Predicate = true> <Delay = 0.80> <CoreInst = "Adder">   --->   Core 1 'Adder' <Latency = 0> <II = 1> <Delay = 0.80> <FuncUnit> <Opcode : 'add' 'sub'> <InPorts = 2> <OutPorts = 1>
ST_1 : Operation 30 [1/1] (0.00ns)   --->   "%br_ln134 = br i1 %icmp_ln134, void %for.body11.split, void %while.cond25.preheader.exitStub" [./xf_infra.hpp:134]   --->   Operation 30 'br' 'br_ln134' <Predicate = true> <Delay = 0.00>
ST_1 : Operation 31 [1/1] (0.42ns)   --->   "%store_ln134 = store i12 %j_4, i12 %j" [./xf_infra.hpp:134]   --->   Operation 31 'store' 'store_ln134' <Predicate = (!icmp_ln134)> <Delay = 0.42>
ST_1 : Operation 32 [1/1] (0.00ns)   --->   "%br_ln134 = br void %for.body11" [./xf_infra.hpp:134]   --->   Operation 32 'br' 'br_ln134' <Predicate = (!icmp_ln134)> <Delay = 0.00>

State 2 <SV = 1> <Delay = 0.71>
ST_2 : Operation 33 [1/1] (0.00ns)   --->   "%last = phi i1 0, void %newFuncRoot, i1 %last_2, void %if.end16"   --->   Operation 33 'phi' 'last' <Predicate = true> <Delay = 0.00>
ST_2 : Operation 34 [1/1] (0.00ns)   --->   "%start = phi i1 %start_2_read, void %newFuncRoot, i1 0, void %if.end16"   --->   Operation 34 'phi' 'start' <Predicate = true> <Delay = 0.00>
ST_2 : Operation 35 [1/1] (0.00ns)   --->   "%speclooptripcount_ln0 = speclooptripcount void @_ssdm_op_SpecLoopTripCount, i64 1, i64 3840, i64 0"   --->   Operation 35 'speclooptripcount' 'speclooptripcount_ln0' <Predicate = true> <Delay = 0.00>
ST_2 : Operation 36 [1/1] (0.00ns)   --->   "%specpipeline_ln137 = specpipeline void @_ssdm_op_SpecPipeline, i32 1, i32 0, i32 0, i32 0, i32 4294967295, void @empty_25" [./xf_infra.hpp:137]   --->   Operation 36 'specpipeline' 'specpipeline_ln137' <Predicate = (!icmp_ln134)> <Delay = 0.00>
ST_2 : Operation 37 [1/1] (0.00ns)   --->   "%specloopname_ln134 = specloopname void @_ssdm_op_SpecLoopName, void @empty_2" [./xf_infra.hpp:134]   --->   Operation 37 'specloopname' 'specloopname_ln134' <Predicate = (!icmp_ln134)> <Delay = 0.00>
ST_2 : Operation 38 [1/1] (0.28ns)   --->   "%or_ln140 = or i1 %start, i1 %last" [./xf_infra.hpp:140]   --->   Operation 38 'or' 'or_ln140' <Predicate = (!icmp_ln134)> <Delay = 0.28> <CoreInst = "LogicGate">   --->   Core 74 'LogicGate' <Latency = 0> <II = 1> <Delay = 0.28> <FuncUnit> <Opcode : 'and' 'or' 'xor'> <InPorts = 2> <OutPorts = 1>
ST_2 : Operation 39 [1/1] (0.00ns)   --->   "%br_ln140 = br i1 %or_ln140, void %if.else, void %if.end16" [./xf_infra.hpp:140]   --->   Operation 39 'br' 'br_ln140' <Predicate = (!icmp_ln134)> <Delay = 0.00>
ST_2 : Operation 40 [1/1] ( I:0.07ns O:0.07ns )   --->   "%empty = read i42 @_ssdm_op_Read.axis.volatile.i30P0A.i4P0A.i4P0A.i1P0A.i1P0A.i1P0A.i1P0A, i30 %s_axis_video_V_data_V, i4 %s_axis_video_V_keep_V, i4 %s_axis_video_V_strb_V, i1 %s_axis_video_V_user_V, i1 %s_axis_video_V_last_V, i1 %s_axis_video_V_id_V, i1 %s_axis_video_V_dest_V" [./xf_infra.hpp:143]   --->   Operation 40 'read' 'empty' <Predicate = (!icmp_ln134 & !or_ln140)> <Delay = 0.07> <CoreInst = "regslice">   --->   Core 147 'regslice' <Latency = 0> <II = 1> <Delay = 0.64> <Adapter> <Opcode : 'read' 'write'>
ST_2 : Operation 41 [1/1] (0.00ns)   --->   "%p_s = extractvalue i42 %empty" [./xf_infra.hpp:143]   --->   Operation 41 'extractvalue' 'p_s' <Predicate = (!icmp_ln134 & !or_ln140)> <Delay = 0.00>
ST_2 : Operation 42 [1/1] (0.00ns)   --->   "%p_4 = extractvalue i42 %empty" [./xf_infra.hpp:143]   --->   Operation 42 'extractvalue' 'p_4' <Predicate = (!icmp_ln134 & !or_ln140)> <Delay = 0.00>
ST_2 : Operation 43 [1/1] (0.42ns)   --->   "%store_ln143 = store i1 %p_4, i1 %p_4_0_0_08623" [./xf_infra.hpp:143]   --->   Operation 43 'store' 'store_ln143' <Predicate = (!icmp_ln134 & !or_ln140)> <Delay = 0.42>
ST_2 : Operation 44 [1/1] (0.42ns)   --->   "%store_ln143 = store i30 %p_s, i30 %p_0_0_0_07815" [./xf_infra.hpp:143]   --->   Operation 44 'store' 'store_ln143' <Predicate = (!icmp_ln134 & !or_ln140)> <Delay = 0.42>
ST_2 : Operation 45 [1/1] (0.00ns)   --->   "%br_ln0 = br void %if.end16"   --->   Operation 45 'br' 'br_ln0' <Predicate = (!icmp_ln134 & !or_ln140)> <Delay = 0.00>
ST_2 : Operation 49 [1/1] (0.00ns)   --->   "%p_0_0_0_07815_load = load i30 %p_0_0_0_07815"   --->   Operation 49 'load' 'p_0_0_0_07815_load' <Predicate = (icmp_ln134)> <Delay = 0.00>
ST_2 : Operation 50 [1/1] (0.00ns)   --->   "%p_4_0_0_08623_load = load i1 %p_4_0_0_08623"   --->   Operation 50 'load' 'p_4_0_0_08623_load' <Predicate = (icmp_ln134)> <Delay = 0.00>
ST_2 : Operation 51 [1/1] (0.00ns)   --->   "%write_ln0 = write void @_ssdm_op_Write.ap_auto.i1P0A, i1 %p_4_0_0_08623_out, i1 %p_4_0_0_08623_load"   --->   Operation 51 'write' 'write_ln0' <Predicate = (icmp_ln134)> <Delay = 0.00>
ST_2 : Operation 52 [1/1] (0.00ns)   --->   "%write_ln0 = write void @_ssdm_op_Write.ap_auto.i30P0A, i30 %p_0_0_0_07815_out, i30 %p_0_0_0_07815_load"   --->   Operation 52 'write' 'write_ln0' <Predicate = (icmp_ln134)> <Delay = 0.00>
ST_2 : Operation 53 [1/1] (0.42ns)   --->   "%ret_ln0 = ret"   --->   Operation 53 'ret' 'ret_ln0' <Predicate = (icmp_ln134)> <Delay = 0.42>

State 3 <SV = 2> <Delay = 1.83>
ST_3 : Operation 46 [1/1] (0.00ns)   --->   "%val = load i30 %p_0_0_0_07815" [./xf_structs.hpp:554->./xf_infra.hpp:156]   --->   Operation 46 'load' 'val' <Predicate = (!icmp_ln134)> <Delay = 0.00>
ST_3 : Operation 47 [1/1] (0.00ns)   --->   "%last_2 = load i1 %p_4_0_0_08623"   --->   Operation 47 'load' 'last_2' <Predicate = (!icmp_ln134)> <Delay = 0.00>
ST_3 : Operation 48 [1/1] ( I:1.83ns O:1.83ns )   --->   "%write_ln554 = write void @_ssdm_op_Write.ap_fifo.volatile.i30P0A, i30 %in_mat_data, i30 %val" [./xf_structs.hpp:554->./xf_infra.hpp:156]   --->   Operation 48 'write' 'write_ln554' <Predicate = (!icmp_ln134)> <Delay = 1.83> <CoreInst = "FIFO_SRL">   --->   Core 80 'FIFO_SRL' <Latency = 0> <II = 1> <Delay = 1.83> <Storage> <Opcode : 'read' 'write' 'nbread' 'nbwrite'> <Ports = 0> <Width = 30> <Depth = 2> <FIFO>


============================================================
+ Verbose Summary: Timing violations
============================================================
Target clock period: 10.000ns, clock uncertainty: 2.700ns.

 <State 1>: 1.663ns
The critical path consists of the following:
	'store' operation ('store_ln134', ./xf_infra.hpp:134) of constant 0 12 bit on local variable 'j', ./xf_infra.hpp:134 [34]  (0.427 ns)
	'load' operation 12 bit ('j', ./xf_infra.hpp:134) on local variable 'j', ./xf_infra.hpp:134 [39]  (0.000 ns)
	'icmp' operation 1 bit ('icmp_ln134', ./xf_infra.hpp:134) [41]  (0.809 ns)
	'store' operation ('store_ln134', ./xf_infra.hpp:134) of variable 'j', ./xf_infra.hpp:134 12 bit on local variable 'j', ./xf_infra.hpp:134 [60]  (0.427 ns)

 <State 2>: 0.714ns
The critical path consists of the following:
	'phi' operation 1 bit ('last') with incoming values : ('last') [37]  (0.000 ns)
	'or' operation 1 bit ('or_ln140', ./xf_infra.hpp:140) [47]  (0.287 ns)
	'store' operation ('store_ln143', ./xf_infra.hpp:143) of variable 'p_4', ./xf_infra.hpp:143 1 bit on local variable 'p_4_0_0_08623' [53]  (0.427 ns)

 <State 3>: 1.838ns
The critical path consists of the following:
	'load' operation 30 bit ('val', ./xf_structs.hpp:554->./xf_infra.hpp:156) on local variable 'p_0_0_0_07815' [57]  (0.000 ns)
	fifo write operation ('write_ln554', ./xf_structs.hpp:554->./xf_infra.hpp:156) on port 'in_mat_data' (./xf_structs.hpp:554->./xf_infra.hpp:156) [59]  (1.838 ns)


============================================================
+ Verbose Summary: Binding
============================================================
N/A
* FSMD analyzer results:
  - Output states:
 - Input state : 
  - Chain level:
	State 1
	State 2
	State 3


============================================================
+ Verbose Summary: Datapath Resource usage 
============================================================
N/A
