

================================================================
== Vitis HLS Report for 'AXIvideo2xfMat_32_20_2160_3840_1_2_Pipeline_loop_last_hunt'
================================================================
* Date:           Sun Oct  4 18:41:38 2026

* Version:        2025.2 (Build 6295257 on Nov 14 2025)
* Project:        autowhitebalance_accel
* Solution:       hls (Vivado IP Flow Target)
* Product family: zynquplus
* Target device:  xck26-sfvc784-2LV-c


================================================================
== Performance Estimates
================================================================
+ Timing: 
    * Summary: 
    +--------+----------+----------+------------+
    |  Clock |  Target  | Estimated| Uncertainty|
    +--------+----------+----------+------------+
    |ap_clk  |  10.00 ns|  0.854 ns|     2.70 ns|
    +--------+----------+----------+------------+

+ Latency: 
    * Summary: 
    +---------+---------+-----------+-----------+-----+-----+-------------------+
    |  Latency (cycles) |   Latency (absolute)  |  Interval |      Pipeline     |
    |   min   |   max   |    min    |    max    | min | max |        Type       |
    +---------+---------+-----------+-----------+-----+-----+-------------------+
    |        2|        3|  20.000 ns|  30.000 ns|    0|    0|  loop pipeline stp|
    +---------+---------+-----------+-----------+-----+-----+-------------------+

    + Detail: 
        * Instance: 
        N/A

        * Loop: 
        +------------------+---------+---------+----------+-----------+-----------+-------+----------+
        |                  |  Latency (cycles) | Iteration|  Initiation Interval  |  Trip |          |
        |     Loop Name    |   min   |   max   |  Latency |  achieved |   target  | Count | Pipelined|
        +------------------+---------+---------+----------+-----------+-----------+-------+----------+
        |- loop_last_hunt  |        0|        1|         1|          1|          1|  0 ~ 1|       yes|
        +------------------+---------+---------+----------+-----------+-----------+-------+----------+



================================================================
== Utilization Estimates
================================================================
* Summary: 
+-----------------+---------+------+--------+--------+-----+
|       Name      | BRAM_18K|  DSP |   FF   |   LUT  | URAM|
+-----------------+---------+------+--------+--------+-----+
|DSP              |        -|     -|       -|       -|    -|
|Expression       |        -|     -|       0|       2|    -|
|FIFO             |        -|     -|       -|       -|    -|
|Instance         |        -|     -|       -|       -|    -|
|Memory           |        -|     -|       -|       -|    -|
|Multiplexer      |        -|     -|       0|      41|    -|
|Register         |        -|     -|       3|       -|    -|
+-----------------+---------+------+--------+--------+-----+
|Total            |        0|     0|       3|      43|    0|
+-----------------+---------+------+--------+--------+-----+
|Available        |      288|  1248|  234240|  117120|   64|
+-----------------+---------+------+--------+--------+-----+
|Utilization (%)  |        0|     0|      ~0|      ~0|    0|
+-----------------+---------+------+--------+--------+-----+

+ Detail: 
    * Instance: 
    N/A

    * DSP: 
    N/A

    * Memory: 
    N/A

    * FIFO: 
    N/A

    * Expression: 
    +----------------------------------+----------+----+---+----+------------+------------+
    |           Variable Name          | Operation| DSP| FF| LUT| Bitwidth P0| Bitwidth P1|
    +----------------------------------+----------+----+---+----+------------+------------+
    |ap_block_state1_pp0_stage0_iter0  |        or|   0|  0|   2|           1|           1|
    +----------------------------------+----------+----+---+----+------------+------------+
    |Total                             |          |   0|  0|   2|           1|           1|
    +----------------------------------+----------+----+---+----+------------+------------+

    * Multiplexer: 
    +------------------------------+----+-----------+-----+-----------+
    |             Name             | LUT| Input Size| Bits| Total Bits|
    +------------------------------+----+-----------+-----+-----------+
    |ap_done_int                   |   9|          2|    1|          2|
    |ap_phi_mux_last_phi_fu_89_p4  |   9|          2|    1|          2|
    |p_0_0_0_07816_lcssa30_out     |  14|          3|   32|         96|
    |s_axis_video_TDATA_blk_n      |   9|          2|    1|          2|
    +------------------------------+----+-----------+-----+-----------+
    |Total                         |  41|          9|   35|        102|
    +------------------------------+----+-----------+-----+-----------+

    * Register: 
    +-------------+---+----+-----+-----------+
    |     Name    | FF| LUT| Bits| Const Bits|
    +-------------+---+----+-----+-----------+
    |ap_CS_fsm    |  1|   0|    1|          0|
    |ap_done_reg  |  1|   0|    1|          0|
    |last_reg_86  |  1|   0|    1|          0|
    +-------------+---+----+-----+-----------+
    |Total        |  3|   0|    3|          0|
    +-------------+---+----+-----+-----------+



================================================================
== Interface
================================================================
* Summary: 
+----------------------------------+-----+-----+------------+------------------------------------------------------------------+--------------+
|             RTL Ports            | Dir | Bits|  Protocol  |                           Source Object                          |    C Type    |
+----------------------------------+-----+-----+------------+------------------------------------------------------------------+--------------+
|ap_clk                            |   in|    1|  ap_ctrl_hs|  AXIvideo2xfMat<32, 20, 2160, 3840, 1, 2>_Pipeline_loop_last_hunt|  return value|
|ap_rst                            |   in|    1|  ap_ctrl_hs|  AXIvideo2xfMat<32, 20, 2160, 3840, 1, 2>_Pipeline_loop_last_hunt|  return value|
|ap_start                          |   in|    1|  ap_ctrl_hs|  AXIvideo2xfMat<32, 20, 2160, 3840, 1, 2>_Pipeline_loop_last_hunt|  return value|
|ap_done                           |  out|    1|  ap_ctrl_hs|  AXIvideo2xfMat<32, 20, 2160, 3840, 1, 2>_Pipeline_loop_last_hunt|  return value|
|ap_idle                           |  out|    1|  ap_ctrl_hs|  AXIvideo2xfMat<32, 20, 2160, 3840, 1, 2>_Pipeline_loop_last_hunt|  return value|
|ap_ready                          |  out|    1|  ap_ctrl_hs|  AXIvideo2xfMat<32, 20, 2160, 3840, 1, 2>_Pipeline_loop_last_hunt|  return value|
|s_axis_video_TVALID               |   in|    1|        axis|                                             s_axis_video_V_data_V|       pointer|
|s_axis_video_TDATA                |   in|   32|        axis|                                             s_axis_video_V_data_V|       pointer|
|p_4_0_0_08623_reload              |   in|    1|     ap_none|                                              p_4_0_0_08623_reload|        scalar|
|p_0_0_0_07815_reload              |   in|   32|     ap_none|                                              p_0_0_0_07815_reload|        scalar|
|s_axis_video_TREADY               |  out|    1|        axis|                                             s_axis_video_V_dest_V|       pointer|
|s_axis_video_TDEST                |   in|    1|        axis|                                             s_axis_video_V_dest_V|       pointer|
|s_axis_video_TKEEP                |   in|    4|        axis|                                             s_axis_video_V_keep_V|       pointer|
|s_axis_video_TSTRB                |   in|    4|        axis|                                             s_axis_video_V_strb_V|       pointer|
|s_axis_video_TUSER                |   in|    1|        axis|                                             s_axis_video_V_user_V|       pointer|
|s_axis_video_TLAST                |   in|    1|        axis|                                             s_axis_video_V_last_V|       pointer|
|s_axis_video_TID                  |   in|    1|        axis|                                               s_axis_video_V_id_V|       pointer|
|p_0_0_0_07816_lcssa30_out         |  out|   32|      ap_vld|                                         p_0_0_0_07816_lcssa30_out|       pointer|
|p_0_0_0_07816_lcssa30_out_ap_vld  |  out|    1|      ap_vld|                                         p_0_0_0_07816_lcssa30_out|       pointer|
+----------------------------------+-----+-----+------------+------------------------------------------------------------------+--------------+

============================================================
+ Verbose Summary: Synthesis Manager
============================================================
InlineROM: 1
ExposeGlobal: 0
============================================================
+ Verbose Summary: CDFG Model
============================================================
IsTopModel: 0
ResetActiveHigh: 1
IsCombinational: 2
IsDatapathOnly: 2
HasWiredReturn: 1
HasMFsm: 2
HasVarLatency: 1
IsPipeline: 0
IsRtlPipelined: 0
IsInstanceOverlapped: 0
IsDontTouch: 0
HasImplIP: 0
IsGatedGlobalClock: 0

+ Individual pipeline summary: 
  * Pipeline-0: initiation interval (II) = 1, depth = 1


============================================================
+ Verbose Summary: Schedule
============================================================
* Number of FSM states : 1
* Pipeline : 1
  Pipeline-0 : II = 1, D = 1, States = { 1 }
* Dataflow Pipeline: 0

* FSM state transitions: 
1 --> 

* FSM state operations: 

State 1 <SV = 0> <Delay = 0.85>
ST_1 : Operation 4 [1/1] (0.00ns)   --->   "%specaxissidechannel_ln0 = specaxissidechannel void @_ssdm_op_SpecAXISSideChannel, i32 %s_axis_video_V_data_V, i4 %s_axis_video_V_keep_V, i4 %s_axis_video_V_strb_V, i1 %s_axis_video_V_user_V, i1 %s_axis_video_V_last_V, i1 %s_axis_video_V_id_V, i1 %s_axis_video_V_dest_V, void @empty_14"   --->   Operation 4 'specaxissidechannel' 'specaxissidechannel_ln0' <Predicate = true> <Delay = 0.00>
ST_1 : Operation 5 [1/1] (0.00ns)   --->   "%specinterface_ln0 = specinterface void @_ssdm_op_SpecInterface, i1 %s_axis_video_V_dest_V, void @empty_5, i32 0, i32 0, void @empty_15, i32 0, i32 0, void @empty_25, void @empty_25, void @empty_25, i32 0, i32 0, i32 0, i32 0, void @empty_25, void @empty_25, i32 4294967295, i32 0, i32 0, i32 0"   --->   Operation 5 'specinterface' 'specinterface_ln0' <Predicate = true> <Delay = 0.00>
ST_1 : Operation 6 [1/1] (0.00ns)   --->   "%specinterface_ln0 = specinterface void @_ssdm_op_SpecInterface, i1 %s_axis_video_V_id_V, void @empty_5, i32 0, i32 0, void @empty_15, i32 0, i32 0, void @empty_25, void @empty_25, void @empty_25, i32 0, i32 0, i32 0, i32 0, void @empty_25, void @empty_25, i32 4294967295, i32 0, i32 0, i32 0"   --->   Operation 6 'specinterface' 'specinterface_ln0' <Predicate = true> <Delay = 0.00>
ST_1 : Operation 7 [1/1] (0.00ns)   --->   "%specinterface_ln0 = specinterface void @_ssdm_op_SpecInterface, i1 %s_axis_video_V_last_V, void @empty_5, i32 0, i32 0, void @empty_15, i32 0, i32 0, void @empty_25, void @empty_25, void @empty_25, i32 0, i32 0, i32 0, i32 0, void @empty_25, void @empty_25, i32 4294967295, i32 0, i32 0, i32 0"   --->   Operation 7 'specinterface' 'specinterface_ln0' <Predicate = true> <Delay = 0.00>
ST_1 : Operation 8 [1/1] (0.00ns)   --->   "%specinterface_ln0 = specinterface void @_ssdm_op_SpecInterface, i1 %s_axis_video_V_user_V, void @empty_5, i32 0, i32 0, void @empty_15, i32 0, i32 0, void @empty_25, void @empty_25, void @empty_25, i32 0, i32 0, i32 0, i32 0, void @empty_25, void @empty_25, i32 4294967295, i32 0, i32 0, i32 0"   --->   Operation 8 'specinterface' 'specinterface_ln0' <Predicate = true> <Delay = 0.00>
ST_1 : Operation 9 [1/1] (0.00ns)   --->   "%specinterface_ln0 = specinterface void @_ssdm_op_SpecInterface, i4 %s_axis_video_V_strb_V, void @empty_5, i32 0, i32 0, void @empty_15, i32 0, i32 0, void @empty_25, void @empty_25, void @empty_25, i32 0, i32 0, i32 0, i32 0, void @empty_25, void @empty_25, i32 4294967295, i32 0, i32 0, i32 0"   --->   Operation 9 'specinterface' 'specinterface_ln0' <Predicate = true> <Delay = 0.00>
ST_1 : Operation 10 [1/1] (0.00ns)   --->   "%specinterface_ln0 = specinterface void @_ssdm_op_SpecInterface, i4 %s_axis_video_V_keep_V, void @empty_5, i32 0, i32 0, void @empty_15, i32 0, i32 0, void @empty_25, void @empty_25, void @empty_25, i32 0, i32 0, i32 0, i32 0, void @empty_25, void @empty_25, i32 4294967295, i32 0, i32 0, i32 0"   --->   Operation 10 'specinterface' 'specinterface_ln0' <Predicate = true> <Delay = 0.00>
ST_1 : Operation 11 [1/1] (0.00ns)   --->   "%specinterface_ln0 = specinterface void @_ssdm_op_SpecInterface, i32 %s_axis_video_V_data_V, void @empty_5, i32 0, i32 0, void @empty_15, i32 0, i32 0, void @empty_25, void @empty_25, void @empty_25, i32 0, i32 0, i32 0, i32 0, void @empty_25, void @empty_25, i32 4294967295, i32 0, i32 0, i32 0"   --->   Operation 11 'specinterface' 'specinterface_ln0' <Predicate = true> <Delay = 0.00>
ST_1 : Operation 12 [1/1] (0.00ns)   --->   "%p_0_0_0_07815_reload_read = read i32 @_ssdm_op_Read.ap_auto.i32, i32 %p_0_0_0_07815_reload"   --->   Operation 12 'read' 'p_0_0_0_07815_reload_read' <Predicate = true> <Delay = 0.00>
ST_1 : Operation 13 [1/1] (0.00ns)   --->   "%p_4_0_0_08623_reload_read = read i1 @_ssdm_op_Read.ap_auto.i1, i1 %p_4_0_0_08623_reload"   --->   Operation 13 'read' 'p_4_0_0_08623_reload_read' <Predicate = true> <Delay = 0.00>
ST_1 : Operation 14 [1/1] (0.42ns)   --->   "%store_ln0 = store i32 %p_0_0_0_07815_reload_read, i32 %p_0_0_0_07816_lcssa30_out"   --->   Operation 14 'store' 'store_ln0' <Predicate = true> <Delay = 0.42>
ST_1 : Operation 15 [1/1] (0.42ns)   --->   "%br_ln160 = br void %while.cond25" [./xf_infra.hpp:160]   --->   Operation 15 'br' 'br_ln160' <Predicate = true> <Delay = 0.42>
ST_1 : Operation 16 [1/1] (0.00ns)   --->   "%last = phi i1 %last_1, void %while.body27, i1 %p_4_0_0_08623_reload_read, void %newFuncRoot"   --->   Operation 16 'phi' 'last' <Predicate = true> <Delay = 0.00>
ST_1 : Operation 17 [1/1] (0.00ns)   --->   "%br_ln160 = br i1 %last, void %while.body27, void %for.inc32.exitStub" [./xf_infra.hpp:160]   --->   Operation 17 'br' 'br_ln160' <Predicate = true> <Delay = 0.00>
ST_1 : Operation 18 [1/1] (0.00ns)   --->   "%specpipeline_ln162 = specpipeline void @_ssdm_op_SpecPipeline, i32 1, i32 0, i32 0, i32 0, i32 4294967295, void @empty_25" [./xf_infra.hpp:162]   --->   Operation 18 'specpipeline' 'specpipeline_ln162' <Predicate = (!last)> <Delay = 0.00>
ST_1 : Operation 19 [1/1] (0.00ns)   --->   "%speclooptripcount_ln163 = speclooptripcount void @_ssdm_op_SpecLoopTripCount, i64 0, i64 1, i64 1" [./xf_infra.hpp:163]   --->   Operation 19 'speclooptripcount' 'speclooptripcount_ln163' <Predicate = (!last)> <Delay = 0.00>
ST_1 : Operation 20 [1/1] (0.00ns)   --->   "%specloopname_ln160 = specloopname void @_ssdm_op_SpecLoopName, void @empty_1" [./xf_infra.hpp:160]   --->   Operation 20 'specloopname' 'specloopname_ln160' <Predicate = (!last)> <Delay = 0.00>
ST_1 : Operation 21 [1/1] ( I:0.07ns O:0.07ns )   --->   "%empty = read i44 @_ssdm_op_Read.axis.volatile.i32P0A.i4P0A.i4P0A.i1P0A.i1P0A.i1P0A.i1P0A, i32 %s_axis_video_V_data_V, i4 %s_axis_video_V_keep_V, i4 %s_axis_video_V_strb_V, i1 %s_axis_video_V_user_V, i1 %s_axis_video_V_last_V, i1 %s_axis_video_V_id_V, i1 %s_axis_video_V_dest_V" [./xf_infra.hpp:166]   --->   Operation 21 'read' 'empty' <Predicate = (!last)> <Delay = 0.07> <CoreInst = "regslice">   --->   Core 147 'regslice' <Latency = 0> <II = 1> <Delay = 0.65> <Adapter> <Opcode : 'read' 'write'>
ST_1 : Operation 22 [1/1] (0.00ns)   --->   "%p_s = extractvalue i44 %empty" [./xf_infra.hpp:166]   --->   Operation 22 'extractvalue' 'p_s' <Predicate = (!last)> <Delay = 0.00>
ST_1 : Operation 23 [1/1] (0.00ns)   --->   "%last_1 = extractvalue i44 %empty" [./xf_infra.hpp:166]   --->   Operation 23 'extractvalue' 'last_1' <Predicate = (!last)> <Delay = 0.00>
ST_1 : Operation 24 [1/1] (0.42ns)   --->   "%store_ln166 = store i32 %p_s, i32 %p_0_0_0_07816_lcssa30_out" [./xf_infra.hpp:166]   --->   Operation 24 'store' 'store_ln166' <Predicate = (!last)> <Delay = 0.42>
ST_1 : Operation 25 [1/1] (0.00ns)   --->   "%br_ln160 = br void %while.cond25" [./xf_infra.hpp:160]   --->   Operation 25 'br' 'br_ln160' <Predicate = (!last)> <Delay = 0.00>
ST_1 : Operation 26 [1/1] (0.42ns)   --->   "%ret_ln0 = ret"   --->   Operation 26 'ret' 'ret_ln0' <Predicate = (last)> <Delay = 0.42>


============================================================
+ Verbose Summary: Binding
============================================================
STG Binding: 
---------------- STG Properties BEGIN ----------------
- Is combinational: 0
- Is one-state seq: 0
- Is datapath-only: 0
- Is pipelined: 0
- Is top level: 0
Port [ Return ] is wired: 1; IO mode=ap_ctrl_hs:ce=0
Port [ p_4_0_0_08623_reload]:  wired=1; compound=0; hidden=0; nouse=0; global=0; static=0; extern=0; dir=0; type=0; pingpong=0; private_global=0; IO mode=ap_none:ce=0
Port [ p_0_0_0_07815_reload]:  wired=1; compound=0; hidden=0; nouse=0; global=0; static=0; extern=0; dir=0; type=0; pingpong=0; private_global=0; IO mode=ap_none:ce=0
Port [ s_axis_video_V_data_V]:  wired=1; compound=1; hidden=0; nouse=0; global=0; static=0; extern=0; dir=0; type=0; pingpong=0; private_global=0; IO mode=axis:ce=0
Port [ s_axis_video_V_keep_V]:  wired=1; compound=1; hidden=0; nouse=0; global=0; static=0; extern=0; dir=0; type=0; pingpong=0; private_global=0; IO mode=axis:ce=0
Port [ s_axis_video_V_strb_V]:  wired=1; compound=1; hidden=0; nouse=0; global=0; static=0; extern=0; dir=0; type=0; pingpong=0; private_global=0; IO mode=axis:ce=0
Port [ s_axis_video_V_user_V]:  wired=1; compound=1; hidden=0; nouse=0; global=0; static=0; extern=0; dir=0; type=0; pingpong=0; private_global=0; IO mode=axis:ce=0
Port [ s_axis_video_V_last_V]:  wired=1; compound=1; hidden=0; nouse=0; global=0; static=0; extern=0; dir=0; type=0; pingpong=0; private_global=0; IO mode=axis:ce=0
Port [ s_axis_video_V_id_V]:  wired=1; compound=1; hidden=0; nouse=0; global=0; static=0; extern=0; dir=0; type=0; pingpong=0; private_global=0; IO mode=axis:ce=0
Port [ s_axis_video_V_dest_V]:  wired=1; compound=1; hidden=0; nouse=0; global=0; static=0; extern=0; dir=0; type=0; pingpong=0; private_global=0; IO mode=axis:ce=0
Port [ p_0_0_0_07816_lcssa30_out]:  wired=1; compound=0; hidden=0; nouse=0; global=0; static=0; extern=0; dir=1; type=0; pingpong=0; private_global=0; IO mode=ap_vld:ce=0
---------------- STG Properties END ------------------

---------------- Datapath Model BEGIN ----------------

<LifeTime>
<method=bitvector/>
specaxissidechannel_ln0   (specaxissidechannel) [ 00]
specinterface_ln0         (specinterface      ) [ 00]
specinterface_ln0         (specinterface      ) [ 00]
specinterface_ln0         (specinterface      ) [ 00]
specinterface_ln0         (specinterface      ) [ 00]
specinterface_ln0         (specinterface      ) [ 00]
specinterface_ln0         (specinterface      ) [ 00]
specinterface_ln0         (specinterface      ) [ 00]
p_0_0_0_07815_reload_read (read               ) [ 00]
p_4_0_0_08623_reload_read (read               ) [ 00]
store_ln0                 (store              ) [ 00]
br_ln160                  (br                 ) [ 00]
last                      (phi                ) [ 01]
br_ln160                  (br                 ) [ 00]
specpipeline_ln162        (specpipeline       ) [ 00]
speclooptripcount_ln163   (speclooptripcount  ) [ 00]
specloopname_ln160        (specloopname       ) [ 00]
empty                     (read               ) [ 00]
p_s                       (extractvalue       ) [ 00]
last_1                    (extractvalue       ) [ 01]
store_ln166               (store              ) [ 00]
br_ln160                  (br                 ) [ 01]
ret_ln0                   (ret                ) [ 00]
</LifeTime>

<model>

<comp_list>
<comp id="0" class="1000" name="p_4_0_0_08623_reload">
<pin_list>
<pin id="1" dir="1" index="0" bw="1" slack="0"/>
</pin_list>
<bind>
<StgValue><ssdm name="p_4_0_0_08623_reload"/></StgValue>
</bind>
</comp>

<comp id="2" class="1000" name="p_0_0_0_07815_reload">
<pin_list>
<pin id="3" dir="1" index="0" bw="1" slack="0"/>
</pin_list>
<bind>
<StgValue><ssdm name="p_0_0_0_07815_reload"/></StgValue>
</bind>
</comp>

<comp id="4" class="1000" name="s_axis_video_V_data_V">
<pin_list>
<pin id="5" dir="1" index="0" bw="1" slack="0"/>
</pin_list>
<bind>
<StgValue><ssdm name="s_axis_video_V_data_V"/></StgValue>
</bind>
</comp>

<comp id="6" class="1000" name="s_axis_video_V_keep_V">
<pin_list>
<pin id="7" dir="1" index="0" bw="1" slack="0"/>
</pin_list>
<bind>
<StgValue><ssdm name="s_axis_video_V_keep_V"/></StgValue>
</bind>
</comp>

<comp id="8" class="1000" name="s_axis_video_V_strb_V">
<pin_list>
<pin id="9" dir="1" index="0" bw="1" slack="0"/>
</pin_list>
<bind>
<StgValue><ssdm name="s_axis_video_V_strb_V"/></StgValue>
</bind>
</comp>

<comp id="10" class="1000" name="s_axis_video_V_user_V">
<pin_list>
<pin id="11" dir="1" index="0" bw="1" slack="0"/>
</pin_list>
<bind>
<StgValue><ssdm name="s_axis_video_V_user_V"/></StgValue>
</bind>
</comp>

<comp id="12" class="1000" name="s_axis_video_V_last_V">
<pin_list>
<pin id="13" dir="1" index="0" bw="1" slack="0"/>
</pin_list>
<bind>
<StgValue><ssdm name="s_axis_video_V_last_V"/></StgValue>
</bind>
</comp>

<comp id="14" class="1000" name="s_axis_video_V_id_V">
<pin_list>
<pin id="15" dir="1" index="0" bw="1" slack="0"/>
</pin_list>
<bind>
<StgValue><ssdm name="s_axis_video_V_id_V"/></StgValue>
</bind>
</comp>

<comp id="16" class="1000" name="s_axis_video_V_dest_V">
<pin_list>
<pin id="17" dir="1" index="0" bw="1" slack="0"/>
</pin_list>
<bind>
<StgValue><ssdm name="s_axis_video_V_dest_V"/></StgValue>
</bind>
</comp>

<comp id="18" class="1000" name="p_0_0_0_07816_lcssa30_out">
<pin_list>
<pin id="19" dir="1" index="0" bw="1" slack="0"/>
</pin_list>
<bind>
<StgValue><ssdm name="p_0_0_0_07816_lcssa30_out"/></StgValue>
</bind>
</comp>

<comp id="20" class="1001" name="const_20">
<pin_list>
<pin id="21" dir="1" index="0" bw="1" slack="2147483647"/>
</pin_list>
<bind>
<StgValue><ssdm name="_ssdm_op_SpecAXISSideChannel"/></StgValue>
</bind>
</comp>

<comp id="22" class="1001" name="const_22">
<pin_list>
<pin id="23" dir="1" index="0" bw="1" slack="2147483647"/>
</pin_list>
<bind>
<StgValue><ssdm name="empty_14"/></StgValue>
</bind>
</comp>

<comp id="24" class="1001" name="const_24">
<pin_list>
<pin id="25" dir="1" index="0" bw="1" slack="2147483647"/>
</pin_list>
<bind>
<StgValue><ssdm name="_ssdm_op_SpecInterface"/></StgValue>
</bind>
</comp>

<comp id="26" class="1001" name="const_26">
<pin_list>
<pin id="27" dir="1" index="0" bw="1" slack="2147483647"/>
</pin_list>
<bind>
<StgValue><ssdm name="empty_5"/></StgValue>
</bind>
</comp>

<comp id="28" class="1001" name="const_28">
<pin_list>
<pin id="29" dir="1" index="0" bw="1" slack="2147483647"/>
</pin_list>
<bind>
<StgValue><ssdm name=""/></StgValue>
</bind>
</comp>

<comp id="30" class="1001" name="const_30">
<pin_list>
<pin id="31" dir="1" index="0" bw="1" slack="2147483647"/>
</pin_list>
<bind>
<StgValue><ssdm name="empty_15"/></StgValue>
</bind>
</comp>

<comp id="32" class="1001" name="const_32">
<pin_list>
<pin id="33" dir="1" index="0" bw="1" slack="2147483647"/>
</pin_list>
<bind>
<StgValue><ssdm name="empty_25"/></StgValue>
</bind>
</comp>

<comp id="34" class="1001" name="const_34">
<pin_list>
<pin id="35" dir="1" index="0" bw="1" slack="2147483647"/>
</pin_list>
<bind>
<StgValue><ssdm name=""/></StgValue>
</bind>
</comp>

<comp id="36" class="1001" name="const_36">
<pin_list>
<pin id="37" dir="1" index="0" bw="1" slack="0"/>
</pin_list>
<bind>
<StgValue><ssdm name="_ssdm_op_Read.ap_auto.i32"/></StgValue>
</bind>
</comp>

<comp id="38" class="1001" name="const_38">
<pin_list>
<pin id="39" dir="1" index="0" bw="1" slack="0"/>
</pin_list>
<bind>
<StgValue><ssdm name="_ssdm_op_Read.ap_auto.i1"/></StgValue>
</bind>
</comp>

<comp id="40" class="1001" name="const_40">
<pin_list>
<pin id="41" dir="1" index="0" bw="1" slack="2147483647"/>
</pin_list>
<bind>
<StgValue><ssdm name="_ssdm_op_SpecPipeline"/></StgValue>
</bind>
</comp>

<comp id="42" class="1001" name="const_42">
<pin_list>
<pin id="43" dir="1" index="0" bw="1" slack="2147483647"/>
</pin_list>
<bind>
<StgValue><ssdm name=""/></StgValue>
</bind>
</comp>

<comp id="44" class="1001" name="const_44">
<pin_list>
<pin id="45" dir="1" index="0" bw="1" slack="2147483647"/>
</pin_list>
<bind>
<StgValue><ssdm name="_ssdm_op_SpecLoopTripCount"/></StgValue>
</bind>
</comp>

<comp id="46" class="1001" name="const_46">
<pin_list>
<pin id="47" dir="1" index="0" bw="1" slack="2147483647"/>
</pin_list>
<bind>
<StgValue><ssdm name=""/></StgValue>
</bind>
</comp>

<comp id="48" class="1001" name="const_48">
<pin_list>
<pin id="49" dir="1" index="0" bw="1" slack="2147483647"/>
</pin_list>
<bind>
<StgValue><ssdm name=""/></StgValue>
</bind>
</comp>

<comp id="50" class="1001" name="const_50">
<pin_list>
<pin id="51" dir="1" index="0" bw="1" slack="2147483647"/>
</pin_list>
<bind>
<StgValue><ssdm name="_ssdm_op_SpecLoopName"/></StgValue>
</bind>
</comp>

<comp id="52" class="1001" name="const_52">
<pin_list>
<pin id="53" dir="1" index="0" bw="1" slack="2147483647"/>
</pin_list>
<bind>
<StgValue><ssdm name="empty_1"/></StgValue>
</bind>
</comp>

<comp id="54" class="1001" name="const_54">
<pin_list>
<pin id="55" dir="1" index="0" bw="1" slack="0"/>
</pin_list>
<bind>
<StgValue><ssdm name="_ssdm_op_Read.axis.volatile.i32P0A.i4P0A.i4P0A.i1P0A.i1P0A.i1P0A.i1P0A"/></StgValue>
</bind>
</comp>

<comp id="56" class="1004" name="p_0_0_0_07815_reload_read_read_fu_56">
<pin_list>
<pin id="57" dir="0" index="0" bw="32" slack="0"/>
<pin id="58" dir="0" index="1" bw="32" slack="0"/>
<pin id="59" dir="1" index="2" bw="32" slack="0"/>
</pin_list>
<bind>
<opcode="read(1150) " fcode="read"/>
<opset="p_0_0_0_07815_reload_read/1 "/>
</bind>
</comp>

<comp id="62" class="1004" name="p_4_0_0_08623_reload_read_read_fu_62">
<pin_list>
<pin id="63" dir="0" index="0" bw="1" slack="0"/>
<pin id="64" dir="0" index="1" bw="1" slack="0"/>
<pin id="65" dir="1" index="2" bw="1" slack="0"/>
</pin_list>
<bind>
<opcode="read(1150) " fcode="read"/>
<opset="p_4_0_0_08623_reload_read/1 "/>
</bind>
</comp>

<comp id="68" class="1004" name="empty_read_fu_68">
<pin_list>
<pin id="69" dir="0" index="0" bw="44" slack="0"/>
<pin id="70" dir="0" index="1" bw="32" slack="0"/>
<pin id="71" dir="0" index="2" bw="4" slack="0"/>
<pin id="72" dir="0" index="3" bw="4" slack="0"/>
<pin id="73" dir="0" index="4" bw="1" slack="0"/>
<pin id="74" dir="0" index="5" bw="1" slack="0"/>
<pin id="75" dir="0" index="6" bw="1" slack="0"/>
<pin id="76" dir="0" index="7" bw="1" slack="0"/>
<pin id="77" dir="1" index="8" bw="44" slack="0"/>
</pin_list>
<bind>
<opcode="read(1150) " fcode="read"/>
<opset="empty/1 "/>
</bind>
</comp>

<comp id="86" class="1005" name="last_reg_86">
<pin_list>
<pin id="87" dir="0" index="0" bw="1" slack="2147483647"/>
<pin id="88" dir="1" index="1" bw="1" slack="2147483647"/>
</pin_list>
<bind>
<opset="last (phireg) "/>
</bind>
</comp>

<comp id="89" class="1004" name="last_phi_fu_89">
<pin_list>
<pin id="90" dir="0" index="0" bw="1" slack="0"/>
<pin id="91" dir="0" index="1" bw="0" slack="2147483647"/>
<pin id="92" dir="0" index="2" bw="1" slack="0"/>
<pin id="93" dir="0" index="3" bw="0" slack="2147483647"/>
<pin id="94" dir="1" index="4" bw="1" slack="2147483647"/>
</pin_list>
<bind>
<opcode="phi(47) " fcode="phi"/>
<opset="last/1 "/>
</bind>
</comp>

<comp id="96" class="1004" name="store_ln0_store_fu_96">
<pin_list>
<pin id="97" dir="0" index="0" bw="32" slack="0"/>
<pin id="98" dir="0" index="1" bw="32" slack="0"/>
<pin id="99" dir="1" index="2" bw="0" slack="2147483647"/>
</pin_list>
<bind>
<opcode="store(28) " fcode="store"/>
<opset="store_ln0/1 "/>
</bind>
</comp>

<comp id="102" class="1004" name="p_s_fu_102">
<pin_list>
<pin id="103" dir="0" index="0" bw="44" slack="0"/>
<pin id="104" dir="1" index="1" bw="32" slack="0"/>
</pin_list>
<bind>
<opcode="extractvalue(56) " fcode="extractvalue"/>
<opset="p_s/1 "/>
</bind>
</comp>

<comp id="106" class="1004" name="last_1_fu_106">
<pin_list>
<pin id="107" dir="0" index="0" bw="44" slack="0"/>
<pin id="108" dir="1" index="1" bw="1" slack="0"/>
</pin_list>
<bind>
<opcode="extractvalue(56) " fcode="extractvalue"/>
<opset="last_1/1 "/>
</bind>
</comp>

<comp id="110" class="1004" name="store_ln166_store_fu_110">
<pin_list>
<pin id="111" dir="0" index="0" bw="32" slack="0"/>
<pin id="112" dir="0" index="1" bw="32" slack="0"/>
<pin id="113" dir="1" index="2" bw="0" slack="2147483647"/>
</pin_list>
<bind>
<opcode="store(28) " fcode="store"/>
<opset="store_ln166/1 "/>
</bind>
</comp>

<comp id="116" class="1005" name="last_1_reg_116">
<pin_list>
<pin id="117" dir="0" index="0" bw="1" slack="0"/>
<pin id="118" dir="1" index="1" bw="1" slack="0"/>
</pin_list>
<bind>
<opset="last_1 "/>
</bind>
</comp>

</comp_list>

<net_list>
<net id="60"><net_src comp="36" pin="0"/><net_sink comp="56" pin=0"/></net>

<net id="61"><net_src comp="2" pin="0"/><net_sink comp="56" pin=1"/></net>

<net id="66"><net_src comp="38" pin="0"/><net_sink comp="62" pin=0"/></net>

<net id="67"><net_src comp="0" pin="0"/><net_sink comp="62" pin=1"/></net>

<net id="78"><net_src comp="54" pin="0"/><net_sink comp="68" pin=0"/></net>

<net id="79"><net_src comp="4" pin="0"/><net_sink comp="68" pin=1"/></net>

<net id="80"><net_src comp="6" pin="0"/><net_sink comp="68" pin=2"/></net>

<net id="81"><net_src comp="8" pin="0"/><net_sink comp="68" pin=3"/></net>

<net id="82"><net_src comp="10" pin="0"/><net_sink comp="68" pin=4"/></net>

<net id="83"><net_src comp="12" pin="0"/><net_sink comp="68" pin=5"/></net>

<net id="84"><net_src comp="14" pin="0"/><net_sink comp="68" pin=6"/></net>

<net id="85"><net_src comp="16" pin="0"/><net_sink comp="68" pin=7"/></net>

<net id="95"><net_src comp="62" pin="2"/><net_sink comp="89" pin=2"/></net>

<net id="100"><net_src comp="56" pin="2"/><net_sink comp="96" pin=0"/></net>

<net id="101"><net_src comp="18" pin="0"/><net_sink comp="96" pin=1"/></net>

<net id="105"><net_src comp="68" pin="8"/><net_sink comp="102" pin=0"/></net>

<net id="109"><net_src comp="68" pin="8"/><net_sink comp="106" pin=0"/></net>

<net id="114"><net_src comp="102" pin="1"/><net_sink comp="110" pin=0"/></net>

<net id="115"><net_src comp="18" pin="0"/><net_sink comp="110" pin=1"/></net>

<net id="119"><net_src comp="106" pin="1"/><net_sink comp="116" pin=0"/></net>

<net id="120"><net_src comp="116" pin="1"/><net_sink comp="89" pin=0"/></net>

</net_list>

</model> 
---------------- Datapath Model END ------------------

* FSMD analyzer results:
  - Output states:
	Port: s_axis_video_V_data_V | {}
	Port: s_axis_video_V_keep_V | {}
	Port: s_axis_video_V_strb_V | {}
	Port: s_axis_video_V_user_V | {}
	Port: s_axis_video_V_last_V | {}
	Port: s_axis_video_V_id_V | {}
	Port: s_axis_video_V_dest_V | {}
	Port: p_0_0_0_07816_lcssa30_out | {1 }
 - Input state : 
	Port: AXIvideo2xfMat<32, 20, 2160, 3840, 1, 2>_Pipeline_loop_last_hunt : p_4_0_0_08623_reload | {1 }
	Port: AXIvideo2xfMat<32, 20, 2160, 3840, 1, 2>_Pipeline_loop_last_hunt : p_0_0_0_07815_reload | {1 }
	Port: AXIvideo2xfMat<32, 20, 2160, 3840, 1, 2>_Pipeline_loop_last_hunt : s_axis_video_V_data_V | {1 }
	Port: AXIvideo2xfMat<32, 20, 2160, 3840, 1, 2>_Pipeline_loop_last_hunt : s_axis_video_V_keep_V | {1 }
	Port: AXIvideo2xfMat<32, 20, 2160, 3840, 1, 2>_Pipeline_loop_last_hunt : s_axis_video_V_strb_V | {1 }
	Port: AXIvideo2xfMat<32, 20, 2160, 3840, 1, 2>_Pipeline_loop_last_hunt : s_axis_video_V_user_V | {1 }
	Port: AXIvideo2xfMat<32, 20, 2160, 3840, 1, 2>_Pipeline_loop_last_hunt : s_axis_video_V_last_V | {1 }
	Port: AXIvideo2xfMat<32, 20, 2160, 3840, 1, 2>_Pipeline_loop_last_hunt : s_axis_video_V_id_V | {1 }
	Port: AXIvideo2xfMat<32, 20, 2160, 3840, 1, 2>_Pipeline_loop_last_hunt : s_axis_video_V_dest_V | {1 }
  - Chain level:
	State 1
		last : 1
		br_ln160 : 2
		store_ln166 : 1


============================================================
+ Verbose Summary: Datapath Resource usage 
============================================================

* Functional unit list:
|----------|--------------------------------------|
| Operation|            Functional Unit           |
|----------|--------------------------------------|
|          | p_0_0_0_07815_reload_read_read_fu_56 |
|   read   | p_4_0_0_08623_reload_read_read_fu_62 |
|          |           empty_read_fu_68           |
|----------|--------------------------------------|
|extractvalue|              p_s_fu_102              |
|          |             last_1_fu_106            |
|----------|--------------------------------------|
|   Total  |                                      |
|----------|--------------------------------------|

Memories:
N/A

* Register list:
+--------------+--------+
|              |   FF   |
+--------------+--------+
|last_1_reg_116|    1   |
|  last_reg_86 |    1   |
+--------------+--------+
|     Total    |    2   |
+--------------+--------+

* Multiplexer (MUX) list: 
|--------|------|------|------|--------|
|  Comp  |  Pin | Size |  BW  | S x BW |
|--------|------|------|------|--------|
|  Total |      |      |      |    0   |
|--------|------|------|------|--------|



* Summary:
+-----------+--------+
|           |   FF   |
+-----------+--------+
|  Function |    -   |
|   Memory  |    -   |
|Multiplexer|    -   |
|  Register |    2   |
+-----------+--------+
|   Total   |    2   |
+-----------+--------+
