

================================================================
== Vitis HLS Report for 'xfMat2AXIvideo_32_20_2160_3840_1_2_0_Pipeline_loop_col_mat2axi'
================================================================
* Date:           Sun Oct  4 18:41:38 2026

* Version:        2025.2 (Build 6295257 on Nov 14 2025)
* Project:        autowhitebalance_accel
* Solution:       hls (Vivado IP Flow Target)
* Product family: zynquplus
* Target device:  xck26-sfvc784-2LV-c


================================================================
== Performance Estimates
================================================================
+ Timing: 
    * Summary: 
    +--------+----------+----------+------------+
    |  Clock |  Target  | Estimated| Uncertainty|
    +--------+----------+----------+------------+
    |ap_clk  |  10.00 ns|  2.335 ns|     2.70 ns|
    +--------+----------+----------+------------+

+ Latency: 
    * Summary: 
    +---------+---------+-----------+-----------+-----+-----+-------------------+
    |  Latency (cycles) |   Latency (absolute)  |  Interval |      Pipeline     |
    |   min   |   max   |    min    |    max    | min | max |        Type       |
    +---------+---------+-----------+-----------+-----+-----+-------------------+
    |        4|     3843|  40.000 ns|  38.430 us|    0|    0|  loop pipeline stp|
    +---------+---------+-----------+-----------+-----+-----+-------------------+

    + Detail: 
        * Instance: 
        N/A

        * Loop: 
        +--------------------+---------+---------+----------+-----------+-----------+----------+----------+
        |                    |  Latency (cycles) | Iteration|  Initiation Interval  |   Trip   |          |
        |      Loop Name     |   min   |   max   |  Latency |  achieved |   target  |   Count  | Pipelined|
        +--------------------+---------+---------+----------+-----------+-----------+----------+----------+
        |- loop_col_mat2axi  |        2|     3841|         2|          1|          1|  1 ~ 3840|       yes|
        +--------------------+---------+---------+----------+-----------+-----------+----------+----------+

============================================================
+ Verbose Summary: Synthesis Manager
============================================================
InlineROM: 1
ExposeGlobal: 0
============================================================
+ Verbose Summary: CDFG Model
============================================================
IsTopModel: 0
ResetActiveHigh: 1
IsCombinational: 0
IsDatapathOnly: 0
HasWiredReturn: 1
HasMFsm: 2
HasVarLatency: 1
IsPipeline: 0
IsRtlPipelined: 0
IsInstanceOverlapped: 0
IsDontTouch: 0
HasImplIP: 0
IsGatedGlobalClock: 0

+ Individual pipeline summary: 
  * Pipeline-0: initiation interval (II) = 1, depth = 2


============================================================
+ Verbose Summary: Schedule
============================================================
* Number of FSM states : 2
* Pipeline : 1
  Pipeline-0 : II = 1, D = 2, States = { 1 2 }
* Dataflow Pipeline: 0

* FSM state transitions: 
1 --> 2 
2 --> 

* FSM state operations: 

State 1 <SV = 0> <Delay = 1.66>
ST_1 : Operation 5 [1/1] (0.00ns)   --->   "%j = alloca i32 1" [./xf_infra.hpp:204]   --->   Operation 5 'alloca' 'j' <Predicate = true> <Delay = 0.00>
ST_1 : Operation 6 [1/1] (0.00ns)   --->   "%specaxissidechannel_ln0 = specaxissidechannel void @_ssdm_op_SpecAXISSideChannel, i32 %m_axis_video_V_data_V, i4 %m_axis_video_V_keep_V, i4 %m_axis_video_V_strb_V, i1 %m_axis_video_V_user_V, i1 %m_axis_video_V_last_V, i1 %m_axis_video_V_id_V, i1 %m_axis_video_V_dest_V, void @empty_16"   --->   Operation 6 'specaxissidechannel' 'specaxissidechannel_ln0' <Predicate = true> <Delay = 0.00>
ST_1 : Operation 7 [1/1] (0.00ns)   --->   "%specstablecontent_ln0 = specstablecontent void @_ssdm_op_SpecStableContent, i12 %img_cols_val, i1 1, void @p_str"   --->   Operation 7 'specstablecontent' 'specstablecontent_ln0' <Predicate = true> <Delay = 0.00>
ST_1 : Operation 8 [1/1] (0.00ns)   --->   "%specinterface_ln0 = specinterface void @_ssdm_op_SpecInterface, i1 %m_axis_video_V_dest_V, i1 %m_axis_video_V_id_V, i1 %m_axis_video_V_last_V, i1 %m_axis_video_V_user_V, i4 %m_axis_video_V_strb_V, i4 %m_axis_video_V_keep_V, i32 %m_axis_video_V_data_V, void @empty_5, i32 0, i32 0, void @empty_15, i32 0, i32 0, void @empty_25, void @empty_25, void @empty_25, i32 0, i32 0, i32 0, i32 0, void @empty_25, void @empty_25, i32 4294967295, i32 0, i32 0, i32 0"   --->   Operation 8 'specinterface' 'specinterface_ln0' <Predicate = true> <Delay = 0.00>
ST_1 : Operation 9 [1/1] (0.00ns)   --->   "%specinterface_ln0 = specinterface void @_ssdm_op_SpecInterface, i30 %out_mat_data, void @empty_13, i32 0, i32 0, void @empty_25, i32 0, i32 0, void @empty_25, void @empty_25, void @empty_25, i32 0, i32 0, i32 0, i32 0, void @empty_25, void @empty_25, i32 4294967295, i32 0, i32 0, i32 0"   --->   Operation 9 'specinterface' 'specinterface_ln0' <Predicate = true> <Delay = 0.00>
ST_1 : Operation 10 [1/1] (0.00ns)   --->   "%add_ln216_read = read i12 @_ssdm_op_Read.ap_auto.i12, i12 %add_ln216"   --->   Operation 10 'read' 'add_ln216_read' <Predicate = true> <Delay = 0.00>
ST_1 : Operation 11 [1/1] (0.00ns)   --->   "%img_cols_val_read = read i12 @_ssdm_op_Read.ap_auto.i12, i12 %img_cols_val"   --->   Operation 11 'read' 'img_cols_val_read' <Predicate = true> <Delay = 0.00>
ST_1 : Operation 12 [1/1] (0.00ns)   --->   "%sof_read = read i1 @_ssdm_op_Read.ap_auto.i1, i1 %sof"   --->   Operation 12 'read' 'sof_read' <Predicate = true> <Delay = 0.00>
ST_1 : Operation 13 [1/1] (0.42ns)   --->   "%store_ln204 = store i12 0, i12 %j" [./xf_infra.hpp:204]   --->   Operation 13 'store' 'store_ln204' <Predicate = true> <Delay = 0.42>
ST_1 : Operation 14 [1/1] (0.42ns)   --->   "%br_ln204 = br void %for.body11" [./xf_infra.hpp:204]   --->   Operation 14 'br' 'br_ln204' <Predicate = true> <Delay = 0.42>
ST_1 : Operation 15 [1/1] (0.00ns)   --->   "%j_1 = load i12 %j" [./xf_infra.hpp:204]   --->   Operation 15 'load' 'j_1' <Predicate = true> <Delay = 0.00>
ST_1 : Operation 16 [1/1] (0.80ns)   --->   "%icmp_ln204 = icmp_eq  i12 %j_1, i12 %img_cols_val_read" [./xf_infra.hpp:204]   --->   Operation 16 'icmp' 'icmp_ln204' <Predicate = true> <Delay = 0.80> <CoreInst = "Cmp">   --->   Core 9 'Cmp' <Latency = 0> <II = 1> <Delay = 0.80> <FuncUnit> <Opcode : 'seteq' 'setne' 'setle' 'setge' 'setlt' 'setgt'> <InPorts = 2> <OutPorts = 1>
ST_1 : Operation 17 [1/1] (0.80ns)   --->   "%j_2 = add i12 %j_1, i12 1" [./xf_infra.hpp:204]   --->   Operation 17 'add' 'j_2' <Predicate = true> <Delay = 0.80> <CoreInst = "Adder">   --->   Core 1 'Adder' <Latency = 0> <II = 1> <Delay = 0.80> <FuncUnit> <Opcode : 'add' 'sub'> <InPorts = 2> <OutPorts = 1>
ST_1 : Operation 18 [1/1] (0.00ns)   --->   "%br_ln204 = br i1 %icmp_ln204, void %for.body11.split, void %for.inc61.exitStub" [./xf_infra.hpp:204]   --->   Operation 18 'br' 'br_ln204' <Predicate = true> <Delay = 0.00>
ST_1 : Operation 19 [1/1] (0.80ns)   --->   "%icmp_ln216 = icmp_eq  i12 %j_1, i12 %add_ln216_read" [./xf_infra.hpp:216]   --->   Operation 19 'icmp' 'icmp_ln216' <Predicate = (!icmp_ln204)> <Delay = 0.80> <CoreInst = "Cmp">   --->   Core 9 'Cmp' <Latency = 0> <II = 1> <Delay = 0.80> <FuncUnit> <Opcode : 'seteq' 'setne' 'setle' 'setge' 'setlt' 'setgt'> <InPorts = 2> <OutPorts = 1>
ST_1 : Operation 20 [1/1] (0.42ns)   --->   "%store_ln204 = store i12 %j_2, i12 %j" [./xf_infra.hpp:204]   --->   Operation 20 'store' 'store_ln204' <Predicate = (!icmp_ln204)> <Delay = 0.42>
ST_1 : Operation 21 [1/1] (0.00ns)   --->   "%br_ln204 = br void %for.body11" [./xf_infra.hpp:204]   --->   Operation 21 'br' 'br_ln204' <Predicate = (!icmp_ln204)> <Delay = 0.00>

State 2 <SV = 1> <Delay = 2.33>
ST_2 : Operation 22 [1/1] (0.00ns)   --->   "%sof_1 = phi i1 %sof_read, void %newFuncRoot, i1 0, void %for.body11.split"   --->   Operation 22 'phi' 'sof_1' <Predicate = true> <Delay = 0.00>
ST_2 : Operation 23 [1/1] (0.00ns)   --->   "%speclooptripcount_ln0 = speclooptripcount void @_ssdm_op_SpecLoopTripCount, i64 1, i64 3840, i64 0"   --->   Operation 23 'speclooptripcount' 'speclooptripcount_ln0' <Predicate = true> <Delay = 0.00>
ST_2 : Operation 24 [1/1] (0.00ns)   --->   "%specpipeline_ln207 = specpipeline void @_ssdm_op_SpecPipeline, i32 1, i32 0, i32 0, i32 0, i32 4294967295, void @empty_25" [./xf_infra.hpp:207]   --->   Operation 24 'specpipeline' 'specpipeline_ln207' <Predicate = (!icmp_ln204)> <Delay = 0.00>
ST_2 : Operation 25 [1/1] (0.00ns)   --->   "%specloopname_ln204 = specloopname void @_ssdm_op_SpecLoopName, void @empty_4" [./xf_infra.hpp:204]   --->   Operation 25 'specloopname' 'specloopname_ln204' <Predicate = (!icmp_ln204)> <Delay = 0.00>
ST_2 : Operation 26 [1/1] ( I:1.83ns O:1.83ns )   --->   "%out_mat_data_read = read i30 @_ssdm_op_Read.ap_fifo.volatile.i30P0A, i30 %out_mat_data" [./xf_structs.hpp:543->./xf_infra.hpp:249]   --->   Operation 26 'read' 'out_mat_data_read' <Predicate = (!icmp_ln204)> <Delay = 1.83> <CoreInst = "FIFO_SRL">   --->   Core 80 'FIFO_SRL' <Latency = 0> <II = 1> <Delay = 1.83> <Storage> <Opcode : 'read' 'write' 'nbread' 'nbwrite'> <Ports = 0> <Width = 30> <Depth = 2> <FIFO>
ST_2 : Operation 27 [1/1] (0.00ns)   --->   "%zext_ln249 = zext i30 %out_mat_data_read" [./xf_infra.hpp:249]   --->   Operation 27 'zext' 'zext_ln249' <Predicate = (!icmp_ln204)> <Delay = 0.00>
ST_2 : Operation 28 [1/1] ( I:0.49ns O:0.49ns )   --->   "%write_ln253 = write void @_ssdm_op_Write.axis.volatile.i32P0A.i4P0A.i4P0A.i1P0A.i1P0A.i1P0A.i1P0A, i32 %m_axis_video_V_data_V, i4 %m_axis_video_V_keep_V, i4 %m_axis_video_V_strb_V, i1 %m_axis_video_V_user_V, i1 %m_axis_video_V_last_V, i1 %m_axis_video_V_id_V, i1 %m_axis_video_V_dest_V, i32 %zext_ln249, i4 15, i4 15, i1 %sof_1, i1 %icmp_ln216, i1 0, i1 0" [./xf_infra.hpp:253]   --->   Operation 28 'write' 'write_ln253' <Predicate = (!icmp_ln204)> <Delay = 0.49> <CoreInst = "regslice">   --->   Core 147 'regslice' <Latency = 0> <II = 1> <Delay = 0.65> <Adapter> <Opcode : 'read' 'write'>
ST_2 : Operation 29 [1/1] (0.42ns)   --->   "%ret_ln0 = ret"   --->   Operation 29 'ret' 'ret_ln0' <Predicate = (icmp_ln204)> <Delay = 0.42>


============================================================
+ Verbose Summary: Timing violations
============================================================
Target clock period: 10.000ns, clock uncertainty: 2.700ns.

 <State 1>: 1.663ns
The critical path consists of the following:
	'store' operation ('store_ln204', ./xf_infra.hpp:204) of constant 0 12 bit on local variable 'j', ./xf_infra.hpp:204 [20]  (0.427 ns)
	'load' operation 12 bit ('j', ./xf_infra.hpp:204) on local variable 'j', ./xf_infra.hpp:204 [24]  (0.000 ns)
	'add' operation 12 bit ('j', ./xf_infra.hpp:204) [27]  (0.809 ns)
	'store' operation ('store_ln204', ./xf_infra.hpp:204) of variable 'j', ./xf_infra.hpp:204 12 bit on local variable 'j', ./xf_infra.hpp:204 [36]  (0.427 ns)

 <State 2>: 2.335ns
The critical path consists of the following:
	fifo read operation ('out_mat_data_read', ./xf_structs.hpp:543->./xf_infra.hpp:249) on port 'out_mat_data' (./xf_structs.hpp:543->./xf_infra.hpp:249) [33]  (1.838 ns)
	axis write operation ('write_ln253', ./xf_infra.hpp:253) on port 'm_axis_video_V_data_V' (./xf_infra.hpp:253) [35]  (0.497 ns)


============================================================
+ Verbose Summary: Binding
============================================================
N/A
* FSMD analyzer results:
  - Output states:
 - Input state : 
  - Chain level:
	State 1
	State 2


============================================================
+ Verbose Summary: Datapath Resource usage 
============================================================
N/A
