

================================================================
== Vitis HLS Report for 'xfMat2AXIvideo_30_20_2160_3840_1_2_0_s'
================================================================
* Date:           Thu Oct  1 01:57:27 2026

* Version:        2025.2 (Build 6295257 on Nov 14 2025)
* Project:        autowhitebalance_accel
* Solution:       hls (Vivado IP Flow Target)
* Product family: zynquplus
* Target device:  xck26-sfvc784-2LV-c


================================================================
== Performance Estimates
================================================================
+ Timing: 
    * Summary: 
    +--------+----------+----------+------------+
    |  Clock |  Target  | Estimated| Uncertainty|
    +--------+----------+----------+------------+
    |ap_clk  |  10.00 ns|  2.329 ns|     2.70 ns|
    +--------+----------+----------+------------+

+ Latency: 
    * Summary: 
    +---------+---------+-----------+-----------+-----+---------+---------+
    |  Latency (cycles) |   Latency (absolute)  |    Interval   | Pipeline|
    |   min   |   max   |    min    |    max    | min |   max   |   Type  |
    +---------+---------+-----------+-----------+-----+---------+---------+
    |        7|  8305201|  70.000 ns|  83.052 ms|    7|  8305201|       no|
    +---------+---------+-----------+-----------+-----+---------+---------+

    + Detail: 
        * Instance: 
        +---------------------------------------------------------------------------+----------------------------------------------------------------+---------+---------+-----------+-----------+-----+-----+-------------------+
        |                                                                           |                                                                |  Latency (cycles) |   Latency (absolute)  |  Interval |      Pipeline     |
        |                                  Instance                                 |                             Module                             |   min   |   max   |    min    |    max    | min | max |        Type       |
        +---------------------------------------------------------------------------+----------------------------------------------------------------+---------+---------+-----------+-----------+-----+-----+-------------------+
        |grp_xfMat2AXIvideo_30_20_2160_3840_1_2_0_Pipeline_loop_col_mat2axi_fu_100  |xfMat2AXIvideo_30_20_2160_3840_1_2_0_Pipeline_loop_col_mat2axi  |        4|     3843|  40.000 ns|  38.430 us|    0|    0|  loop pipeline stp|
        +---------------------------------------------------------------------------+----------------------------------------------------------------+---------+---------+-----------+-----------+-----+-----+-------------------+

        * Loop: 
        +--------------------+---------+---------+----------+-----------+-----------+----------+----------+
        |                    |  Latency (cycles) | Iteration|  Initiation Interval  |   Trip   |          |
        |      Loop Name     |   min   |   max   |  Latency |  achieved |   target  |   Count  | Pipelined|
        +--------------------+---------+---------+----------+-----------+-----------+----------+----------+
        |- loop_row_mat2axi  |        6|  8305200|  6 ~ 3845|          -|          -|  1 ~ 2160|        no|
        +--------------------+---------+---------+----------+-----------+-----------+----------+----------+

============================================================
+ Verbose Summary: Synthesis Manager
============================================================
InlineROM: 1
ExposeGlobal: 0
============================================================
+ Verbose Summary: CDFG Model
============================================================
IsTopModel: 0
ResetActiveHigh: 1
IsCombinational: 2
IsDatapathOnly: 0
HasWiredReturn: 1
HasMFsm: 0
HasVarLatency: 1
IsPipeline: 0
IsRtlPipelined: 0
IsInstanceOverlapped: 0
IsDontTouch: 0
HasImplIP: 0
IsGatedGlobalClock: 0


============================================================
+ Verbose Summary: Schedule
============================================================
* Number of FSM states : 3
* Pipeline : 0
* Dataflow Pipeline: 0

* FSM state transitions: 
1 --> 2 
2 --> 3 
3 --> 2 

* FSM state operations: 

State 1 <SV = 0> <Delay = 0.80>
ST_1 : Operation 4 [1/1] (0.00ns)   --->   "%i = alloca i32 1" [./xf_infra.hpp:202]   --->   Operation 4 'alloca' 'i' <Predicate = true> <Delay = 0.00>
ST_1 : Operation 5 [1/1] (0.00ns)   --->   "%specstablecontent_ln0 = specstablecontent void @_ssdm_op_SpecStableContent, i12 %img_cols_val, i1 1, void @p_str"   --->   Operation 5 'specstablecontent' 'specstablecontent_ln0' <Predicate = true> <Delay = 0.00>
ST_1 : Operation 6 [1/1] (0.00ns)   --->   "%specstablecontent_ln0 = specstablecontent void @_ssdm_op_SpecStableContent, i12 %img_rows_val, i1 1, void @p_str"   --->   Operation 6 'specstablecontent' 'specstablecontent_ln0' <Predicate = true> <Delay = 0.00>
ST_1 : Operation 7 [1/1] (0.00ns)   --->   "%img_cols_val_read = read i12 @_ssdm_op_Read.ap_auto.i12, i12 %img_cols_val"   --->   Operation 7 'read' 'img_cols_val_read' <Predicate = true> <Delay = 0.00>
ST_1 : Operation 8 [1/1] (0.00ns)   --->   "%img_rows_val_read = read i12 @_ssdm_op_Read.ap_auto.i12, i12 %img_rows_val"   --->   Operation 8 'read' 'img_rows_val_read' <Predicate = true> <Delay = 0.00>
ST_1 : Operation 9 [1/1] (0.00ns)   --->   "%specaxissidechannel_ln0 = specaxissidechannel void @_ssdm_op_SpecAXISSideChannel, i30 %m_axis_video_V_data_V, i4 %m_axis_video_V_keep_V, i4 %m_axis_video_V_strb_V, i1 %m_axis_video_V_user_V, i1 %m_axis_video_V_last_V, i1 %m_axis_video_V_id_V, i1 %m_axis_video_V_dest_V, void @empty_16"   --->   Operation 9 'specaxissidechannel' 'specaxissidechannel_ln0' <Predicate = true> <Delay = 0.00>
ST_1 : Operation 10 [1/1] (0.00ns)   --->   "%specinterface_ln0 = specinterface void @_ssdm_op_SpecInterface, i30 %out_mat_data, void @empty_13, i32 0, i32 0, void @empty_25, i32 0, i32 0, void @empty_25, void @empty_25, void @empty_25, i32 0, i32 0, i32 0, i32 0, void @empty_25, void @empty_25, i32 4294967295, i32 0, i32 0, i32 0"   --->   Operation 10 'specinterface' 'specinterface_ln0' <Predicate = true> <Delay = 0.00>
ST_1 : Operation 11 [1/1] (0.00ns)   --->   "%specinterface_ln0 = specinterface void @_ssdm_op_SpecInterface, i30 %m_axis_video_V_data_V, i4 %m_axis_video_V_keep_V, i4 %m_axis_video_V_strb_V, i1 %m_axis_video_V_user_V, i1 %m_axis_video_V_last_V, i1 %m_axis_video_V_id_V, i1 %m_axis_video_V_dest_V, void @empty_5, i32 0, i32 0, void @empty_15, i32 0, i32 0, void @empty_25, void @empty_25, void @empty_25, i32 0, i32 0, i32 0, i32 0, void @empty_25, void @empty_25, i32 4294967295, i32 0, i32 0, i32 0"   --->   Operation 11 'specinterface' 'specinterface_ln0' <Predicate = true> <Delay = 0.00>
ST_1 : Operation 12 [1/1] (0.80ns)   --->   "%add_ln216 = add i12 %img_cols_val_read, i12 4095" [./xf_infra.hpp:216]   --->   Operation 12 'add' 'add_ln216' <Predicate = true> <Delay = 0.80> <CoreInst = "Adder">   --->   Core 1 'Adder' <Latency = 0> <II = 1> <Delay = 0.80> <FuncUnit> <Opcode : 'add' 'sub'> <InPorts = 2> <OutPorts = 1>
ST_1 : Operation 13 [1/1] (0.42ns)   --->   "%store_ln202 = store i12 0, i12 %i" [./xf_infra.hpp:202]   --->   Operation 13 'store' 'store_ln202' <Predicate = true> <Delay = 0.42>
ST_1 : Operation 14 [1/1] (0.42ns)   --->   "%br_ln202 = br void %loop_col_mat2axi" [./xf_infra.hpp:202]   --->   Operation 14 'br' 'br_ln202' <Predicate = true> <Delay = 0.42>

State 2 <SV = 1> <Delay = 2.04>
ST_2 : Operation 15 [1/1] (0.00ns)   --->   "%sof = phi i1 1, void %entry, i1 0, void %for.body11.lr.ph"   --->   Operation 15 'phi' 'sof' <Predicate = true> <Delay = 0.00>
ST_2 : Operation 16 [1/1] (0.00ns)   --->   "%i_1 = load i12 %i" [./xf_infra.hpp:202]   --->   Operation 16 'load' 'i_1' <Predicate = true> <Delay = 0.00>
ST_2 : Operation 17 [1/1] (0.00ns)   --->   "%speclooptripcount_ln0 = speclooptripcount void @_ssdm_op_SpecLoopTripCount, i64 1, i64 2160, i64 0"   --->   Operation 17 'speclooptripcount' 'speclooptripcount_ln0' <Predicate = true> <Delay = 0.00>
ST_2 : Operation 18 [1/1] (0.80ns)   --->   "%icmp_ln202 = icmp_eq  i12 %i_1, i12 %img_rows_val_read" [./xf_infra.hpp:202]   --->   Operation 18 'icmp' 'icmp_ln202' <Predicate = true> <Delay = 0.80> <CoreInst = "Cmp">   --->   Core 9 'Cmp' <Latency = 0> <II = 1> <Delay = 0.80> <FuncUnit> <Opcode : 'seteq' 'setne' 'setle' 'setge' 'setlt' 'setgt'> <InPorts = 2> <OutPorts = 1>
ST_2 : Operation 19 [1/1] (0.80ns)   --->   "%i_2 = add i12 %i_1, i12 1" [./xf_infra.hpp:202]   --->   Operation 19 'add' 'i_2' <Predicate = true> <Delay = 0.80> <CoreInst = "Adder">   --->   Core 1 'Adder' <Latency = 0> <II = 1> <Delay = 0.80> <FuncUnit> <Opcode : 'add' 'sub'> <InPorts = 2> <OutPorts = 1>
ST_2 : Operation 20 [1/1] (0.00ns)   --->   "%br_ln202 = br i1 %icmp_ln202, void %for.body11.lr.ph, void %for.end63" [./xf_infra.hpp:202]   --->   Operation 20 'br' 'br_ln202' <Predicate = true> <Delay = 0.00>
ST_2 : Operation 21 [2/2] (1.23ns)   --->   "%call_ln216 = call void @xfMat2AXIvideo<30, 20, 2160, 3840, 1, 2, 0>_Pipeline_loop_col_mat2axi, i1 %sof, i12 %img_cols_val_read, i12 %add_ln216, i30 %out_mat_data, i30 %m_axis_video_V_data_V, i4 %m_axis_video_V_keep_V, i4 %m_axis_video_V_strb_V, i1 %m_axis_video_V_user_V, i1 %m_axis_video_V_last_V, i1 %m_axis_video_V_id_V, i1 %m_axis_video_V_dest_V" [./xf_infra.hpp:216]   --->   Operation 21 'call' 'call_ln216' <Predicate = (!icmp_ln202)> <Delay = 1.23> <CoreType = "Generic">   --->   Generic Core
ST_2 : Operation 22 [1/1] (0.42ns)   --->   "%store_ln202 = store i12 %i_2, i12 %i" [./xf_infra.hpp:202]   --->   Operation 22 'store' 'store_ln202' <Predicate = (!icmp_ln202)> <Delay = 0.42>
ST_2 : Operation 23 [1/1] (0.00ns)   --->   "%ret_ln0 = ret"   --->   Operation 23 'ret' 'ret_ln0' <Predicate = (icmp_ln202)> <Delay = 0.00>

State 3 <SV = 2> <Delay = 2.32>
ST_3 : Operation 24 [1/1] (0.00ns)   --->   "%specloopname_ln202 = specloopname void @_ssdm_op_SpecLoopName, void @empty_3" [./xf_infra.hpp:202]   --->   Operation 24 'specloopname' 'specloopname_ln202' <Predicate = true> <Delay = 0.00>
ST_3 : Operation 25 [1/2] (2.32ns)   --->   "%call_ln216 = call void @xfMat2AXIvideo<30, 20, 2160, 3840, 1, 2, 0>_Pipeline_loop_col_mat2axi, i1 %sof, i12 %img_cols_val_read, i12 %add_ln216, i30 %out_mat_data, i30 %m_axis_video_V_data_V, i4 %m_axis_video_V_keep_V, i4 %m_axis_video_V_strb_V, i1 %m_axis_video_V_user_V, i1 %m_axis_video_V_last_V, i1 %m_axis_video_V_id_V, i1 %m_axis_video_V_dest_V" [./xf_infra.hpp:216]   --->   Operation 25 'call' 'call_ln216' <Predicate = true> <Delay = 2.32> <CoreType = "Generic">   --->   Generic Core
ST_3 : Operation 26 [1/1] (0.00ns)   --->   "%br_ln202 = br void %loop_col_mat2axi" [./xf_infra.hpp:202]   --->   Operation 26 'br' 'br_ln202' <Predicate = true> <Delay = 0.00>


============================================================
+ Verbose Summary: Binding
============================================================
STG Binding: 
---------------- STG Properties BEGIN ----------------
- Is combinational: 0
- Is one-state seq: 0
- Is datapath-only: 0
- Is pipelined: 0
- Is top level: 0
Port [ Return ] is wired: 1; IO mode=ap_ctrl_hs:ce=0
Port [ img_rows_val]:  wired=1; compound=0; hidden=0; nouse=0; global=0; static=0; extern=0; dir=0; type=0; pingpong=0; private_global=0; IO mode=ap_stable:ce=0
Port [ img_cols_val]:  wired=1; compound=0; hidden=0; nouse=0; global=0; static=0; extern=0; dir=0; type=0; pingpong=0; private_global=0; IO mode=ap_stable:ce=0
Port [ out_mat_data]:  wired=1; compound=1; hidden=0; nouse=0; global=0; static=0; extern=0; dir=0; type=3; pingpong=0; private_global=0; IO mode=ap_fifo:ce=0
Port [ m_axis_video_V_data_V]:  wired=1; compound=1; hidden=0; nouse=0; global=0; static=0; extern=0; dir=1; type=0; pingpong=0; private_global=0; IO mode=axis:ce=0
Port [ m_axis_video_V_keep_V]:  wired=1; compound=1; hidden=0; nouse=0; global=0; static=0; extern=0; dir=1; type=0; pingpong=0; private_global=0; IO mode=axis:ce=0
Port [ m_axis_video_V_strb_V]:  wired=1; compound=1; hidden=0; nouse=0; global=0; static=0; extern=0; dir=1; type=0; pingpong=0; private_global=0; IO mode=axis:ce=0
Port [ m_axis_video_V_user_V]:  wired=1; compound=1; hidden=0; nouse=0; global=0; static=0; extern=0; dir=1; type=0; pingpong=0; private_global=0; IO mode=axis:ce=0
Port [ m_axis_video_V_last_V]:  wired=1; compound=1; hidden=0; nouse=0; global=0; static=0; extern=0; dir=1; type=0; pingpong=0; private_global=0; IO mode=axis:ce=0
Port [ m_axis_video_V_id_V]:  wired=1; compound=1; hidden=0; nouse=0; global=0; static=0; extern=0; dir=1; type=0; pingpong=0; private_global=0; IO mode=axis:ce=0
Port [ m_axis_video_V_dest_V]:  wired=1; compound=1; hidden=0; nouse=0; global=0; static=0; extern=0; dir=1; type=0; pingpong=0; private_global=0; IO mode=axis:ce=0
---------------- STG Properties END ------------------

---------------- Datapath Model BEGIN ----------------

<LifeTime>
<method=bitvector/>
i                       (alloca             ) [ 0111]
specstablecontent_ln0   (specstablecontent  ) [ 0000]
specstablecontent_ln0   (specstablecontent  ) [ 0000]
img_cols_val_read       (read               ) [ 0011]
img_rows_val_read       (read               ) [ 0011]
specaxissidechannel_ln0 (specaxissidechannel) [ 0000]
specinterface_ln0       (specinterface      ) [ 0000]
specinterface_ln0       (specinterface      ) [ 0000]
add_ln216               (add                ) [ 0011]
store_ln202             (store              ) [ 0000]
br_ln202                (br                 ) [ 0111]
sof                     (phi                ) [ 0011]
i_1                     (load               ) [ 0000]
speclooptripcount_ln0   (speclooptripcount  ) [ 0000]
icmp_ln202              (icmp               ) [ 0011]
i_2                     (add                ) [ 0000]
br_ln202                (br                 ) [ 0000]
store_ln202             (store              ) [ 0000]
ret_ln0                 (ret                ) [ 0000]
specloopname_ln202      (specloopname       ) [ 0000]
call_ln216              (call               ) [ 0000]
br_ln202                (br                 ) [ 0111]
</LifeTime>

<model>

<comp_list>
<comp id="0" class="1000" name="img_rows_val">
<pin_list>
<pin id="1" dir="1" index="0" bw="1" slack="0"/>
</pin_list>
<bind>
<StgValue><ssdm name="img_rows_val"/></StgValue>
</bind>
</comp>

<comp id="2" class="1000" name="img_cols_val">
<pin_list>
<pin id="3" dir="1" index="0" bw="1" slack="0"/>
</pin_list>
<bind>
<StgValue><ssdm name="img_cols_val"/></StgValue>
</bind>
</comp>

<comp id="4" class="1000" name="out_mat_data">
<pin_list>
<pin id="5" dir="1" index="0" bw="1" slack="0"/>
</pin_list>
<bind>
<StgValue><ssdm name="out_mat_data"/></StgValue>
</bind>
</comp>

<comp id="6" class="1000" name="m_axis_video_V_data_V">
<pin_list>
<pin id="7" dir="1" index="0" bw="1" slack="0"/>
</pin_list>
<bind>
<StgValue><ssdm name="m_axis_video_V_data_V"/></StgValue>
</bind>
</comp>

<comp id="8" class="1000" name="m_axis_video_V_keep_V">
<pin_list>
<pin id="9" dir="1" index="0" bw="1" slack="0"/>
</pin_list>
<bind>
<StgValue><ssdm name="m_axis_video_V_keep_V"/></StgValue>
</bind>
</comp>

<comp id="10" class="1000" name="m_axis_video_V_strb_V">
<pin_list>
<pin id="11" dir="1" index="0" bw="1" slack="0"/>
</pin_list>
<bind>
<StgValue><ssdm name="m_axis_video_V_strb_V"/></StgValue>
</bind>
</comp>

<comp id="12" class="1000" name="m_axis_video_V_user_V">
<pin_list>
<pin id="13" dir="1" index="0" bw="1" slack="0"/>
</pin_list>
<bind>
<StgValue><ssdm name="m_axis_video_V_user_V"/></StgValue>
</bind>
</comp>

<comp id="14" class="1000" name="m_axis_video_V_last_V">
<pin_list>
<pin id="15" dir="1" index="0" bw="1" slack="0"/>
</pin_list>
<bind>
<StgValue><ssdm name="m_axis_video_V_last_V"/></StgValue>
</bind>
</comp>

<comp id="16" class="1000" name="m_axis_video_V_id_V">
<pin_list>
<pin id="17" dir="1" index="0" bw="1" slack="0"/>
</pin_list>
<bind>
<StgValue><ssdm name="m_axis_video_V_id_V"/></StgValue>
</bind>
</comp>

<comp id="18" class="1000" name="m_axis_video_V_dest_V">
<pin_list>
<pin id="19" dir="1" index="0" bw="1" slack="0"/>
</pin_list>
<bind>
<StgValue><ssdm name="m_axis_video_V_dest_V"/></StgValue>
</bind>
</comp>

<comp id="20" class="1001" name="const_20">
<pin_list>
<pin id="21" dir="1" index="0" bw="1" slack="0"/>
</pin_list>
<bind>
<StgValue><ssdm name=""/></StgValue>
</bind>
</comp>

<comp id="22" class="1001" name="const_22">
<pin_list>
<pin id="23" dir="1" index="0" bw="1" slack="2147483647"/>
</pin_list>
<bind>
<StgValue><ssdm name="_ssdm_op_SpecStableContent"/></StgValue>
</bind>
</comp>

<comp id="24" class="1001" name="const_24">
<pin_list>
<pin id="25" dir="1" index="0" bw="1" slack="1"/>
</pin_list>
<bind>
<StgValue><ssdm name=""/></StgValue>
</bind>
</comp>

<comp id="26" class="1001" name="const_26">
<pin_list>
<pin id="27" dir="1" index="0" bw="1" slack="2147483647"/>
</pin_list>
<bind>
<StgValue><ssdm name="p_str"/></StgValue>
</bind>
</comp>

<comp id="28" class="1001" name="const_28">
<pin_list>
<pin id="29" dir="1" index="0" bw="1" slack="0"/>
</pin_list>
<bind>
<StgValue><ssdm name="_ssdm_op_Read.ap_auto.i12"/></StgValue>
</bind>
</comp>

<comp id="30" class="1001" name="const_30">
<pin_list>
<pin id="31" dir="1" index="0" bw="1" slack="2147483647"/>
</pin_list>
<bind>
<StgValue><ssdm name="_ssdm_op_SpecAXISSideChannel"/></StgValue>
</bind>
</comp>

<comp id="32" class="1001" name="const_32">
<pin_list>
<pin id="33" dir="1" index="0" bw="1" slack="2147483647"/>
</pin_list>
<bind>
<StgValue><ssdm name="empty_16"/></StgValue>
</bind>
</comp>

<comp id="34" class="1001" name="const_34">
<pin_list>
<pin id="35" dir="1" index="0" bw="1" slack="2147483647"/>
</pin_list>
<bind>
<StgValue><ssdm name="_ssdm_op_SpecInterface"/></StgValue>
</bind>
</comp>

<comp id="36" class="1001" name="const_36">
<pin_list>
<pin id="37" dir="1" index="0" bw="1" slack="2147483647"/>
</pin_list>
<bind>
<StgValue><ssdm name="empty_13"/></StgValue>
</bind>
</comp>

<comp id="38" class="1001" name="const_38">
<pin_list>
<pin id="39" dir="1" index="0" bw="1" slack="2147483647"/>
</pin_list>
<bind>
<StgValue><ssdm name=""/></StgValue>
</bind>
</comp>

<comp id="40" class="1001" name="const_40">
<pin_list>
<pin id="41" dir="1" index="0" bw="1" slack="2147483647"/>
</pin_list>
<bind>
<StgValue><ssdm name="empty_25"/></StgValue>
</bind>
</comp>

<comp id="42" class="1001" name="const_42">
<pin_list>
<pin id="43" dir="1" index="0" bw="1" slack="2147483647"/>
</pin_list>
<bind>
<StgValue><ssdm name=""/></StgValue>
</bind>
</comp>

<comp id="44" class="1001" name="const_44">
<pin_list>
<pin id="45" dir="1" index="0" bw="1" slack="2147483647"/>
</pin_list>
<bind>
<StgValue><ssdm name="empty_5"/></StgValue>
</bind>
</comp>

<comp id="46" class="1001" name="const_46">
<pin_list>
<pin id="47" dir="1" index="0" bw="1" slack="2147483647"/>
</pin_list>
<bind>
<StgValue><ssdm name="empty_15"/></StgValue>
</bind>
</comp>

<comp id="48" class="1001" name="const_48">
<pin_list>
<pin id="49" dir="1" index="0" bw="1" slack="0"/>
</pin_list>
<bind>
<StgValue><ssdm name=""/></StgValue>
</bind>
</comp>

<comp id="50" class="1001" name="const_50">
<pin_list>
<pin id="51" dir="1" index="0" bw="1" slack="0"/>
</pin_list>
<bind>
<StgValue><ssdm name=""/></StgValue>
</bind>
</comp>

<comp id="52" class="1001" name="const_52">
<pin_list>
<pin id="53" dir="1" index="0" bw="1" slack="1"/>
</pin_list>
<bind>
<StgValue><ssdm name=""/></StgValue>
</bind>
</comp>

<comp id="54" class="1001" name="const_54">
<pin_list>
<pin id="55" dir="1" index="0" bw="1" slack="2147483647"/>
</pin_list>
<bind>
<StgValue><ssdm name="_ssdm_op_SpecLoopTripCount"/></StgValue>
</bind>
</comp>

<comp id="56" class="1001" name="const_56">
<pin_list>
<pin id="57" dir="1" index="0" bw="1" slack="2147483647"/>
</pin_list>
<bind>
<StgValue><ssdm name=""/></StgValue>
</bind>
</comp>

<comp id="58" class="1001" name="const_58">
<pin_list>
<pin id="59" dir="1" index="0" bw="1" slack="2147483647"/>
</pin_list>
<bind>
<StgValue><ssdm name=""/></StgValue>
</bind>
</comp>

<comp id="60" class="1001" name="const_60">
<pin_list>
<pin id="61" dir="1" index="0" bw="1" slack="2147483647"/>
</pin_list>
<bind>
<StgValue><ssdm name=""/></StgValue>
</bind>
</comp>

<comp id="62" class="1001" name="const_62">
<pin_list>
<pin id="63" dir="1" index="0" bw="1" slack="0"/>
</pin_list>
<bind>
<StgValue><ssdm name=""/></StgValue>
</bind>
</comp>

<comp id="64" class="1001" name="const_64">
<pin_list>
<pin id="65" dir="1" index="0" bw="1" slack="0"/>
</pin_list>
<bind>
<StgValue><ssdm name="xfMat2AXIvideo<30, 20, 2160, 3840, 1, 2, 0>_Pipeline_loop_col_mat2axi"/></StgValue>
</bind>
</comp>

<comp id="66" class="1001" name="const_66">
<pin_list>
<pin id="67" dir="1" index="0" bw="1" slack="2147483647"/>
</pin_list>
<bind>
<StgValue><ssdm name="_ssdm_op_SpecLoopName"/></StgValue>
</bind>
</comp>

<comp id="68" class="1001" name="const_68">
<pin_list>
<pin id="69" dir="1" index="0" bw="1" slack="2147483647"/>
</pin_list>
<bind>
<StgValue><ssdm name="empty_3"/></StgValue>
</bind>
</comp>

<comp id="70" class="1004" name="i_fu_70">
<pin_list>
<pin id="71" dir="0" index="0" bw="1" slack="0"/>
<pin id="72" dir="1" index="1" bw="12" slack="0"/>
</pin_list>
<bind>
<opcode="alloca(26) " fcode="alloca"/>
<opset="i/1 "/>
</bind>
</comp>

<comp id="74" class="1004" name="img_cols_val_read_read_fu_74">
<pin_list>
<pin id="75" dir="0" index="0" bw="12" slack="0"/>
<pin id="76" dir="0" index="1" bw="12" slack="0"/>
<pin id="77" dir="1" index="2" bw="12" slack="0"/>
</pin_list>
<bind>
<opcode="read(1150) " fcode="read"/>
<opset="img_cols_val_read/1 "/>
</bind>
</comp>

<comp id="80" class="1004" name="img_rows_val_read_read_fu_80">
<pin_list>
<pin id="81" dir="0" index="0" bw="12" slack="0"/>
<pin id="82" dir="0" index="1" bw="12" slack="0"/>
<pin id="83" dir="1" index="2" bw="12" slack="1"/>
</pin_list>
<bind>
<opcode="read(1150) " fcode="read"/>
<opset="img_rows_val_read/1 "/>
</bind>
</comp>

<comp id="86" class="1005" name="sof_reg_86">
<pin_list>
<pin id="87" dir="0" index="0" bw="1" slack="1"/>
<pin id="88" dir="1" index="1" bw="1" slack="1"/>
</pin_list>
<bind>
<opset="sof (phireg) "/>
</bind>
</comp>

<comp id="91" class="1004" name="sof_phi_fu_91">
<pin_list>
<pin id="92" dir="0" index="0" bw="1" slack="1"/>
<pin id="93" dir="0" index="1" bw="0" slack="2147483647"/>
<pin id="94" dir="0" index="2" bw="1" slack="1"/>
<pin id="95" dir="0" index="3" bw="0" slack="2147483647"/>
<pin id="96" dir="1" index="4" bw="1" slack="0"/>
</pin_list>
<bind>
<opcode="phi(47) " fcode="phi"/>
<opset="sof/2 "/>
</bind>
</comp>

<comp id="100" class="1004" name="grp_xfMat2AXIvideo_30_20_2160_3840_1_2_0_Pipeline_loop_col_mat2axi_fu_100">
<pin_list>
<pin id="101" dir="0" index="0" bw="0" slack="0"/>
<pin id="102" dir="0" index="1" bw="1" slack="0"/>
<pin id="103" dir="0" index="2" bw="12" slack="1"/>
<pin id="104" dir="0" index="3" bw="12" slack="1"/>
<pin id="105" dir="0" index="4" bw="30" slack="0"/>
<pin id="106" dir="0" index="5" bw="30" slack="0"/>
<pin id="107" dir="0" index="6" bw="4" slack="0"/>
<pin id="108" dir="0" index="7" bw="4" slack="0"/>
<pin id="109" dir="0" index="8" bw="1" slack="0"/>
<pin id="110" dir="0" index="9" bw="1" slack="0"/>
<pin id="111" dir="0" index="10" bw="1" slack="0"/>
<pin id="112" dir="0" index="11" bw="1" slack="0"/>
<pin id="113" dir="1" index="12" bw="0" slack="2147483647"/>
</pin_list>
<bind>
<opcode="call(48) " fcode="call"/>
<opset="call_ln216/2 "/>
</bind>
</comp>

<comp id="124" class="1004" name="add_ln216_fu_124">
<pin_list>
<pin id="125" dir="0" index="0" bw="12" slack="0"/>
<pin id="126" dir="0" index="1" bw="1" slack="0"/>
<pin id="127" dir="1" index="2" bw="12" slack="1"/>
</pin_list>
<bind>
<opcode="add(8) " fcode="add"/>
<opset="add_ln216/1 "/>
</bind>
</comp>

<comp id="130" class="1004" name="store_ln202_store_fu_130">
<pin_list>
<pin id="131" dir="0" index="0" bw="1" slack="0"/>
<pin id="132" dir="0" index="1" bw="12" slack="0"/>
<pin id="133" dir="1" index="2" bw="0" slack="2147483647"/>
</pin_list>
<bind>
<opcode="store(28) " fcode="store"/>
<opset="store_ln202/1 "/>
</bind>
</comp>

<comp id="135" class="1004" name="i_1_load_fu_135">
<pin_list>
<pin id="136" dir="0" index="0" bw="12" slack="1"/>
<pin id="137" dir="1" index="1" bw="12" slack="0"/>
</pin_list>
<bind>
<opcode="load(27) " fcode="load"/>
<opset="i_1/2 "/>
</bind>
</comp>

<comp id="138" class="1004" name="icmp_ln202_fu_138">
<pin_list>
<pin id="139" dir="0" index="0" bw="12" slack="0"/>
<pin id="140" dir="0" index="1" bw="12" slack="1"/>
<pin id="141" dir="1" index="2" bw="1" slack="2147483647"/>
</pin_list>
<bind>
<opcode="icmp(45) " fcode="icmp"/>
<opset="icmp_ln202/2 "/>
</bind>
</comp>

<comp id="143" class="1004" name="i_2_fu_143">
<pin_list>
<pin id="144" dir="0" index="0" bw="12" slack="0"/>
<pin id="145" dir="0" index="1" bw="1" slack="0"/>
<pin id="146" dir="1" index="2" bw="12" slack="0"/>
</pin_list>
<bind>
<opcode="add(8) " fcode="add"/>
<opset="i_2/2 "/>
</bind>
</comp>

<comp id="149" class="1004" name="store_ln202_store_fu_149">
<pin_list>
<pin id="150" dir="0" index="0" bw="12" slack="0"/>
<pin id="151" dir="0" index="1" bw="12" slack="1"/>
<pin id="152" dir="1" index="2" bw="0" slack="2147483647"/>
</pin_list>
<bind>
<opcode="store(28) " fcode="store"/>
<opset="store_ln202/2 "/>
</bind>
</comp>

<comp id="154" class="1005" name="i_reg_154">
<pin_list>
<pin id="155" dir="0" index="0" bw="12" slack="0"/>
<pin id="156" dir="1" index="1" bw="12" slack="0"/>
</pin_list>
<bind>
<opset="i "/>
</bind>
</comp>

<comp id="161" class="1005" name="img_cols_val_read_reg_161">
<pin_list>
<pin id="162" dir="0" index="0" bw="12" slack="1"/>
<pin id="163" dir="1" index="1" bw="12" slack="1"/>
</pin_list>
<bind>
<opset="img_cols_val_read "/>
</bind>
</comp>

<comp id="166" class="1005" name="img_rows_val_read_reg_166">
<pin_list>
<pin id="167" dir="0" index="0" bw="12" slack="1"/>
<pin id="168" dir="1" index="1" bw="12" slack="1"/>
</pin_list>
<bind>
<opset="img_rows_val_read "/>
</bind>
</comp>

<comp id="171" class="1005" name="add_ln216_reg_171">
<pin_list>
<pin id="172" dir="0" index="0" bw="12" slack="1"/>
<pin id="173" dir="1" index="1" bw="12" slack="1"/>
</pin_list>
<bind>
<opset="add_ln216 "/>
</bind>
</comp>

</comp_list>

<net_list>
<net id="73"><net_src comp="20" pin="0"/><net_sink comp="70" pin=0"/></net>

<net id="78"><net_src comp="28" pin="0"/><net_sink comp="74" pin=0"/></net>

<net id="79"><net_src comp="2" pin="0"/><net_sink comp="74" pin=1"/></net>

<net id="84"><net_src comp="28" pin="0"/><net_sink comp="80" pin=0"/></net>

<net id="85"><net_src comp="0" pin="0"/><net_sink comp="80" pin=1"/></net>

<net id="89"><net_src comp="24" pin="0"/><net_sink comp="86" pin=0"/></net>

<net id="90"><net_src comp="52" pin="0"/><net_sink comp="86" pin=0"/></net>

<net id="97"><net_src comp="86" pin="1"/><net_sink comp="91" pin=0"/></net>

<net id="98"><net_src comp="86" pin="1"/><net_sink comp="91" pin=2"/></net>

<net id="99"><net_src comp="91" pin="4"/><net_sink comp="86" pin=0"/></net>

<net id="114"><net_src comp="64" pin="0"/><net_sink comp="100" pin=0"/></net>

<net id="115"><net_src comp="91" pin="4"/><net_sink comp="100" pin=1"/></net>

<net id="116"><net_src comp="4" pin="0"/><net_sink comp="100" pin=4"/></net>

<net id="117"><net_src comp="6" pin="0"/><net_sink comp="100" pin=5"/></net>

<net id="118"><net_src comp="8" pin="0"/><net_sink comp="100" pin=6"/></net>

<net id="119"><net_src comp="10" pin="0"/><net_sink comp="100" pin=7"/></net>

<net id="120"><net_src comp="12" pin="0"/><net_sink comp="100" pin=8"/></net>

<net id="121"><net_src comp="14" pin="0"/><net_sink comp="100" pin=9"/></net>

<net id="122"><net_src comp="16" pin="0"/><net_sink comp="100" pin=10"/></net>

<net id="123"><net_src comp="18" pin="0"/><net_sink comp="100" pin=11"/></net>

<net id="128"><net_src comp="74" pin="2"/><net_sink comp="124" pin=0"/></net>

<net id="129"><net_src comp="48" pin="0"/><net_sink comp="124" pin=1"/></net>

<net id="134"><net_src comp="50" pin="0"/><net_sink comp="130" pin=0"/></net>

<net id="142"><net_src comp="135" pin="1"/><net_sink comp="138" pin=0"/></net>

<net id="147"><net_src comp="135" pin="1"/><net_sink comp="143" pin=0"/></net>

<net id="148"><net_src comp="62" pin="0"/><net_sink comp="143" pin=1"/></net>

<net id="153"><net_src comp="143" pin="2"/><net_sink comp="149" pin=0"/></net>

<net id="157"><net_src comp="70" pin="1"/><net_sink comp="154" pin=0"/></net>

<net id="158"><net_src comp="154" pin="1"/><net_sink comp="130" pin=1"/></net>

<net id="159"><net_src comp="154" pin="1"/><net_sink comp="135" pin=0"/></net>

<net id="160"><net_src comp="154" pin="1"/><net_sink comp="149" pin=1"/></net>

<net id="164"><net_src comp="74" pin="2"/><net_sink comp="161" pin=0"/></net>

<net id="165"><net_src comp="161" pin="1"/><net_sink comp="100" pin=2"/></net>

<net id="169"><net_src comp="80" pin="2"/><net_sink comp="166" pin=0"/></net>

<net id="170"><net_src comp="166" pin="1"/><net_sink comp="138" pin=1"/></net>

<net id="174"><net_src comp="124" pin="2"/><net_sink comp="171" pin=0"/></net>

<net id="175"><net_src comp="171" pin="1"/><net_sink comp="100" pin=3"/></net>

</net_list>

</model> 
---------------- Datapath Model END ------------------

* FSMD analyzer results:
  - Output states:
	Port: m_axis_video_V_data_V | {2 3 }
	Port: m_axis_video_V_keep_V | {2 3 }
	Port: m_axis_video_V_strb_V | {2 3 }
	Port: m_axis_video_V_user_V | {2 3 }
	Port: m_axis_video_V_last_V | {2 3 }
	Port: m_axis_video_V_id_V | {2 3 }
	Port: m_axis_video_V_dest_V | {2 3 }
 - Input state : 
	Port: xfMat2AXIvideo<30, 20, 2160, 3840, 1, 2, 0> : img_rows_val | {1 }
	Port: xfMat2AXIvideo<30, 20, 2160, 3840, 1, 2, 0> : img_cols_val | {1 }
	Port: xfMat2AXIvideo<30, 20, 2160, 3840, 1, 2, 0> : out_mat_data | {2 3 }
  - Chain level:
	State 1
		store_ln202 : 1
	State 2
		icmp_ln202 : 1
		i_2 : 1
		br_ln202 : 2
		call_ln216 : 1
		store_ln202 : 2
	State 3


============================================================
+ Verbose Summary: Datapath Resource usage 
============================================================

* Functional unit list:
|----------|---------------------------------------------------------------------------|---------|---------|
| Operation|                              Functional Unit                              |    FF   |   LUT   |
|----------|---------------------------------------------------------------------------|---------|---------|
|   call   | grp_xfMat2AXIvideo_30_20_2160_3840_1_2_0_Pipeline_loop_col_mat2axi_fu_100 |    16   |    57   |
|----------|---------------------------------------------------------------------------|---------|---------|
|    add   |                              add_ln216_fu_124                             |    0    |    19   |
|          |                                 i_2_fu_143                                |    0    |    19   |
|----------|---------------------------------------------------------------------------|---------|---------|
|   icmp   |                             icmp_ln202_fu_138                             |    0    |    19   |
|----------|---------------------------------------------------------------------------|---------|---------|
|   read   |                        img_cols_val_read_read_fu_74                       |    0    |    0    |
|          |                        img_rows_val_read_read_fu_80                       |    0    |    0    |
|----------|---------------------------------------------------------------------------|---------|---------|
|   Total  |                                                                           |    16   |   114   |
|----------|---------------------------------------------------------------------------|---------|---------|

Memories:
N/A

* Register list:
+-------------------------+--------+
|                         |   FF   |
+-------------------------+--------+
|    add_ln216_reg_171    |   12   |
|        i_reg_154        |   12   |
|img_cols_val_read_reg_161|   12   |
|img_rows_val_read_reg_166|   12   |
|        sof_reg_86       |    1   |
+-------------------------+--------+
|          Total          |   49   |
+-------------------------+--------+

* Multiplexer (MUX) list: 
|------------|------|------|------|--------||---------||---------||---------|
|    Comp    |  Pin | Size |  BW  | S x BW ||  Delay  ||    FF   ||   LUT   |
|------------|------|------|------|--------||---------||---------||---------|
| sof_reg_86 |  p0  |   3  |   1  |    3   ||    0    ||    9    |
|------------|------|------|------|--------||---------||---------||---------|
|    Total   |      |      |      |    3   ||  0.476  ||    0    ||    9    |
|------------|------|------|------|--------||---------||---------||---------|



* Summary:
+-----------+--------+--------+--------+
|           |  Delay |   FF   |   LUT  |
+-----------+--------+--------+--------+
|  Function |    -   |   16   |   114  |
|   Memory  |    -   |    -   |    -   |
|Multiplexer|    0   |    0   |    9   |
|  Register |    -   |   49   |    -   |
+-----------+--------+--------+--------+
|   Total   |    0   |   65   |   123  |
+-----------+--------+--------+--------+
