

================================================================
== Vitis HLS Report for 'DebayerG'
================================================================
* Date:           Thu Dec 28 17:19:10 2023

* Version:        2023.2 (Build 4023990 on Oct 11 2023)
* Project:        prj
* Solution:       sol (Vivado IP Flow Target)
* Product family: zynq
* Target device:  xc7z020-clg484-1


================================================================
== Performance Estimates
================================================================
+ Timing: 
    * Summary: 
    +--------+---------+----------+------------+
    |  Clock |  Target | Estimated| Uncertainty|
    +--------+---------+----------+------------+
    |ap_clk  |  7.00 ns|  5.639 ns|     1.89 ns|
    +--------+---------+----------+------------+

+ Latency: 
    * Summary: 
    +---------+------------+----------+------------+-----+------------+---------+
    |   Latency (cycles)   |   Latency (absolute)  |     Interval     | Pipeline|
    |   min   |     max    |    min   |     max    | min |     max    |   Type  |
    +---------+------------+----------+------------+-----+------------+---------+
    |       55|  4296736795|  0.385 us|  30.077 sec|   55|  4296736795|       no|
    +---------+------------+----------+------------+-----+------------+---------+

    + Detail: 
        * Instance: 
        +-----------------------------------------------+------------------------------------+---------+---------+----------+----------+-----+-------+---------+
        |                                               |                                    |  Latency (cycles) |  Latency (absolute) |   Interval  | Pipeline|
        |                    Instance                   |               Module               |   min   |   max   |    min   |    max   | min |  max  |   Type  |
        +-----------------------------------------------+------------------------------------+---------+---------+----------+----------+-----+-------+---------+
        |grp_DebayerG_Pipeline_VITIS_LOOP_318_4_fu_202  |DebayerG_Pipeline_VITIS_LOOP_318_4  |       24|    65559|  0.168 us|  0.459 ms|   24|  65559|       no|
        +-----------------------------------------------+------------------------------------+---------+---------+----------+----------+-----+-------+---------+

        * Loop: 
        +--------------------+---------+------------+------------+-----------+-----------+-----------+----------+
        |                    |   Latency (cycles)   |  Iteration |  Initiation Interval  |    Trip   |          |
        |      Loop Name     |   min   |     max    |   Latency  |  achieved |   target  |   Count   | Pipelined|
        +--------------------+---------+------------+------------+-----------+-----------+-----------+----------+
        |- VITIS_LOOP_315_3  |       54|  4296736794|  27 ~ 65562|          -|          -|  2 ~ 65537|        no|
        +--------------------+---------+------------+------------+-----------+-----------+-----------+----------+

============================================================
+ Verbose Summary: Synthesis Manager
============================================================
InlineROM: 1
ExposeGlobal: 0
============================================================
+ Verbose Summary: CDFG Model
============================================================
IsTopModel: 0
ResetActiveHigh: 1
IsCombinational: 2
IsDatapathOnly: 0
HasWiredReturn: 1
HasMFsm: 0
HasVarLatency: 1
IsPipeline: 0
IsRtlPipelined: 0
IsInstanceOverlapped: 0
IsDontTouch: 0
HasImplIP: 0
IsGatedGlobalClock: 0


============================================================
+ Verbose Summary: Schedule
============================================================
* Number of FSM states : 4
* Pipeline : 0
* Dataflow Pipeline: 0

* FSM state transitions: 
1 --> 2 
2 --> 3 
3 --> 4 
4 --> 2 

* FSM state operations: 

State 1 <SV = 0> <Delay = 3.25>
ST_1 : Operation 5 [1/1] (0.00ns)   --->   "%y = alloca i32 1" [/home/alen/repo/zynq-7020-video-pipe-3/hw/video-pipe-hw-v5/hw_011223.runs/broncho_video_v_demosaic_0_0_synth_1/prj/sol/.autopilot/db/v_demosaic.cpp:271]   --->   Operation 5 'alloca' 'y' <Predicate = true> <Delay = 0.00>
ST_1 : Operation 6 [1/1] (0.00ns)   --->   "%p_lcssa49695002 = alloca i32 1"   --->   Operation 6 'alloca' 'p_lcssa49695002' <Predicate = true> <Delay = 0.00>
ST_1 : Operation 7 [1/1] (0.00ns)   --->   "%p_lcssa49715004 = alloca i32 1"   --->   Operation 7 'alloca' 'p_lcssa49715004' <Predicate = true> <Delay = 0.00>
ST_1 : Operation 8 [1/1] (0.00ns)   --->   "%p_lcssa49725006 = alloca i32 1"   --->   Operation 8 'alloca' 'p_lcssa49725006' <Predicate = true> <Delay = 0.00>
ST_1 : Operation 9 [1/1] (0.00ns)   --->   "%p_lcssa49735008 = alloca i32 1"   --->   Operation 9 'alloca' 'p_lcssa49735008' <Predicate = true> <Delay = 0.00>
ST_1 : Operation 10 [1/1] (0.00ns)   --->   "%p_lcssa49755010 = alloca i32 1"   --->   Operation 10 'alloca' 'p_lcssa49755010' <Predicate = true> <Delay = 0.00>
ST_1 : Operation 11 [1/1] (0.00ns)   --->   "%p_lcssa49765012 = alloca i32 1"   --->   Operation 11 'alloca' 'p_lcssa49765012' <Predicate = true> <Delay = 0.00>
ST_1 : Operation 12 [1/1] (0.00ns)   --->   "%p_lcssa49775014 = alloca i32 1"   --->   Operation 12 'alloca' 'p_lcssa49775014' <Predicate = true> <Delay = 0.00>
ST_1 : Operation 13 [1/1] (0.00ns)   --->   "%p_lcssa49795016 = alloca i32 1"   --->   Operation 13 'alloca' 'p_lcssa49795016' <Predicate = true> <Delay = 0.00>
ST_1 : Operation 14 [1/1] (0.00ns)   --->   "%p_lcssa49805018 = alloca i32 1"   --->   Operation 14 'alloca' 'p_lcssa49805018' <Predicate = true> <Delay = 0.00>
ST_1 : Operation 15 [1/1] (0.00ns)   --->   "%p_lcssa49815020 = alloca i32 1"   --->   Operation 15 'alloca' 'p_lcssa49815020' <Predicate = true> <Delay = 0.00>
ST_1 : Operation 16 [1/1] (0.00ns)   --->   "%p_lcssa49835022 = alloca i32 1"   --->   Operation 16 'alloca' 'p_lcssa49835022' <Predicate = true> <Delay = 0.00>
ST_1 : Operation 17 [1/1] (0.00ns)   --->   "%p_lcssa49845024 = alloca i32 1"   --->   Operation 17 'alloca' 'p_lcssa49845024' <Predicate = true> <Delay = 0.00>
ST_1 : Operation 18 [1/1] (0.00ns)   --->   "%p_lcssa49855026 = alloca i32 1"   --->   Operation 18 'alloca' 'p_lcssa49855026' <Predicate = true> <Delay = 0.00>
ST_1 : Operation 19 [1/1] (0.00ns)   --->   "%p_lcssa49875028 = alloca i32 1"   --->   Operation 19 'alloca' 'p_lcssa49875028' <Predicate = true> <Delay = 0.00>
ST_1 : Operation 20 [1/1] (0.00ns)   --->   "%p_lcssa49885030 = alloca i32 1"   --->   Operation 20 'alloca' 'p_lcssa49885030' <Predicate = true> <Delay = 0.00>
ST_1 : Operation 21 [1/1] (0.00ns)   --->   "%p_lcssa51615167 = alloca i32 1"   --->   Operation 21 'alloca' 'p_lcssa51615167' <Predicate = true> <Delay = 0.00>
ST_1 : Operation 22 [1/1] (0.00ns)   --->   "%p_lcssa51625169 = alloca i32 1"   --->   Operation 22 'alloca' 'p_lcssa51625169' <Predicate = true> <Delay = 0.00>
ST_1 : Operation 23 [1/1] (0.00ns)   --->   "%p_lcssa51635171 = alloca i32 1"   --->   Operation 23 'alloca' 'p_lcssa51635171' <Predicate = true> <Delay = 0.00>
ST_1 : Operation 24 [1/1] (0.00ns)   --->   "%p_lcssa51645173 = alloca i32 1"   --->   Operation 24 'alloca' 'p_lcssa51645173' <Predicate = true> <Delay = 0.00>
ST_1 : Operation 25 [1/1] (0.00ns)   --->   "%p_lcssa51655175 = alloca i32 1"   --->   Operation 25 'alloca' 'p_lcssa51655175' <Predicate = true> <Delay = 0.00>
ST_1 : Operation 26 [1/1] (0.00ns)   --->   "%bayerPhase_read_1 = read i16 @_ssdm_op_Read.ap_auto.i16, i16 %bayerPhase_read"   --->   Operation 26 'read' 'bayerPhase_read_1' <Predicate = true> <Delay = 0.00>
ST_1 : Operation 27 [1/1] (0.00ns)   --->   "%width_read = read i16 @_ssdm_op_Read.ap_stable.i16, i16 %width"   --->   Operation 27 'read' 'width_read' <Predicate = true> <Delay = 0.00>
ST_1 : Operation 28 [1/1] (0.00ns)   --->   "%height_read = read i16 @_ssdm_op_Read.ap_stable.i16, i16 %height"   --->   Operation 28 'read' 'height_read' <Predicate = true> <Delay = 0.00>
ST_1 : Operation 29 [1/1] (0.00ns)   --->   "%specinterface_ln0 = specinterface void @_ssdm_op_SpecInterface, i16 %bayerPhase_c9, void @ap_fifo_str, i32 0, i32 0, void @p_str, i32 0, i32 0, void @p_str, void @p_str, void @p_str, i32 2, i32 2, i32 16, i32 16, void @p_str, void @ScalarProp_str, i32 4294967295, i32 0"   --->   Operation 29 'specinterface' 'specinterface_ln0' <Predicate = true> <Delay = 0.00>
ST_1 : Operation 30 [1/1] (2.55ns)   --->   "%write_ln0 = write void @_ssdm_op_Write.ap_fifo.i16P0A, i16 %bayerPhase_c9, i16 %bayerPhase_read_1"   --->   Operation 30 'write' 'write_ln0' <Predicate = true> <Delay = 2.55> <CoreInst = "FIFO_SRL">   --->   Core 81 'FIFO_SRL' <Latency = 0> <II = 1> <Delay = 3.63> <Storage> <Opcode : 'read' 'write' 'nbread' 'nbwrite'> <Ports = 0> <Width = 16> <Depth = 2> <FIFO>
ST_1 : Operation 31 [1/1] (0.00ns)   --->   "%specinterface_ln0 = specinterface void @_ssdm_op_SpecInterface, i16 %width, void @ap_stable_str, i32 0, i32 0, void @p_str, i32 0, i32 0, void @p_str, void @p_str, void @p_str, i32 2, i32 2, i32 16, i32 16, void @p_str, void @p_str, i32 4294967295, i32 0"   --->   Operation 31 'specinterface' 'specinterface_ln0' <Predicate = true> <Delay = 0.00>
ST_1 : Operation 32 [1/1] (0.00ns)   --->   "%specinterface_ln0 = specinterface void @_ssdm_op_SpecInterface, i16 %height, void @ap_stable_str, i32 0, i32 0, void @p_str, i32 0, i32 0, void @p_str, void @p_str, void @p_str, i32 2, i32 2, i32 16, i32 16, void @p_str, void @p_str, i32 4294967295, i32 0"   --->   Operation 32 'specinterface' 'specinterface_ln0' <Predicate = true> <Delay = 0.00>
ST_1 : Operation 33 [1/1] (0.00ns)   --->   "%specinterface_ln0 = specinterface void @_ssdm_op_SpecInterface, i30 %imgG, void @empty_21, i32 0, i32 0, void @empty_1, i32 0, i32 0, void @empty_1, void @empty_1, void @empty_1, i32 0, i32 0, i32 0, i32 0, void @empty_1, void @empty_1, i32 4294967295, i32 0"   --->   Operation 33 'specinterface' 'specinterface_ln0' <Predicate = true> <Delay = 0.00>
ST_1 : Operation 34 [1/1] (0.00ns)   --->   "%specinterface_ln0 = specinterface void @_ssdm_op_SpecInterface, i10 %imgBayer, void @empty_21, i32 0, i32 0, void @empty_1, i32 0, i32 0, void @empty_1, void @empty_1, void @empty_1, i32 0, i32 0, i32 0, i32 0, void @empty_1, void @empty_1, i32 4294967295, i32 0"   --->   Operation 34 'specinterface' 'specinterface_ln0' <Predicate = true> <Delay = 0.00>
ST_1 : Operation 35 [1/1] (3.25ns)   --->   "%linebuf_yuv = alloca i64 1" [/home/alen/repo/zynq-7020-video-pipe-3/hw/video-pipe-hw-v5/hw_011223.runs/broncho_video_v_demosaic_0_0_synth_1/prj/sol/.autopilot/db/v_demosaic.cpp:283]   --->   Operation 35 'alloca' 'linebuf_yuv' <Predicate = true> <Delay = 3.25>
ST_1 : Operation 36 [1/1] (3.25ns)   --->   "%linebuf_yuv_1 = alloca i64 1" [/home/alen/repo/zynq-7020-video-pipe-3/hw/video-pipe-hw-v5/hw_011223.runs/broncho_video_v_demosaic_0_0_synth_1/prj/sol/.autopilot/db/v_demosaic.cpp:283]   --->   Operation 36 'alloca' 'linebuf_yuv_1' <Predicate = true> <Delay = 3.25>
ST_1 : Operation 37 [1/1] (3.25ns)   --->   "%linebuf_yuv_2 = alloca i64 1" [/home/alen/repo/zynq-7020-video-pipe-3/hw/video-pipe-hw-v5/hw_011223.runs/broncho_video_v_demosaic_0_0_synth_1/prj/sol/.autopilot/db/v_demosaic.cpp:283]   --->   Operation 37 'alloca' 'linebuf_yuv_2' <Predicate = true> <Delay = 3.25>
ST_1 : Operation 38 [1/1] (3.25ns)   --->   "%linebuf_yuv_3 = alloca i64 1" [/home/alen/repo/zynq-7020-video-pipe-3/hw/video-pipe-hw-v5/hw_011223.runs/broncho_video_v_demosaic_0_0_synth_1/prj/sol/.autopilot/db/v_demosaic.cpp:283]   --->   Operation 38 'alloca' 'linebuf_yuv_3' <Predicate = true> <Delay = 3.25>
ST_1 : Operation 39 [1/1] (0.00ns)   --->   "%zext_ln274 = zext i16 %height_read" [/home/alen/repo/zynq-7020-video-pipe-3/hw/video-pipe-hw-v5/hw_011223.runs/broncho_video_v_demosaic_0_0_synth_1/prj/sol/.autopilot/db/v_demosaic.cpp:274]   --->   Operation 39 'zext' 'zext_ln274' <Predicate = true> <Delay = 0.00>
ST_1 : Operation 40 [1/1] (2.07ns)   --->   "%loopHeight = add i17 %zext_ln274, i17 2" [/home/alen/repo/zynq-7020-video-pipe-3/hw/video-pipe-hw-v5/hw_011223.runs/broncho_video_v_demosaic_0_0_synth_1/prj/sol/.autopilot/db/v_demosaic.cpp:274]   --->   Operation 40 'add' 'loopHeight' <Predicate = true> <Delay = 2.07> <CoreInst = "Adder">   --->   Core 1 'Adder' <Latency = 0> <II = 1> <Delay = 2.07> <FuncUnit> <Opcode : 'add' 'sub'> <InPorts = 2> <OutPorts = 1>
ST_1 : Operation 41 [1/1] (0.00ns)   --->   "%zext_ln275 = zext i16 %width_read" [/home/alen/repo/zynq-7020-video-pipe-3/hw/video-pipe-hw-v5/hw_011223.runs/broncho_video_v_demosaic_0_0_synth_1/prj/sol/.autopilot/db/v_demosaic.cpp:275]   --->   Operation 41 'zext' 'zext_ln275' <Predicate = true> <Delay = 0.00>
ST_1 : Operation 42 [1/1] (2.07ns)   --->   "%loopWidth = add i17 %zext_ln275, i17 2" [/home/alen/repo/zynq-7020-video-pipe-3/hw/video-pipe-hw-v5/hw_011223.runs/broncho_video_v_demosaic_0_0_synth_1/prj/sol/.autopilot/db/v_demosaic.cpp:275]   --->   Operation 42 'add' 'loopWidth' <Predicate = true> <Delay = 2.07> <CoreInst = "Adder">   --->   Core 1 'Adder' <Latency = 0> <II = 1> <Delay = 2.07> <FuncUnit> <Opcode : 'add' 'sub'> <InPorts = 2> <OutPorts = 1>
ST_1 : Operation 43 [1/1] (0.00ns)   --->   "%x_phase = trunc i16 %bayerPhase_read_1" [/home/alen/repo/zynq-7020-video-pipe-3/hw/video-pipe-hw-v5/hw_011223.runs/broncho_video_v_demosaic_0_0_synth_1/prj/sol/.autopilot/db/v_demosaic.cpp:293]   --->   Operation 43 'trunc' 'x_phase' <Predicate = true> <Delay = 0.00>
ST_1 : Operation 44 [1/1] (0.00ns)   --->   "%trunc_ln293_1 = partselect i15 @_ssdm_op_PartSelect.i15.i16.i32.i32, i16 %bayerPhase_read_1, i32 1, i32 15" [/home/alen/repo/zynq-7020-video-pipe-3/hw/video-pipe-hw-v5/hw_011223.runs/broncho_video_v_demosaic_0_0_synth_1/prj/sol/.autopilot/db/v_demosaic.cpp:293]   --->   Operation 44 'partselect' 'trunc_ln293_1' <Predicate = true> <Delay = 0.00>
ST_1 : Operation 45 [1/1] (1.58ns)   --->   "%store_ln271 = store i17 0, i17 %y" [/home/alen/repo/zynq-7020-video-pipe-3/hw/video-pipe-hw-v5/hw_011223.runs/broncho_video_v_demosaic_0_0_synth_1/prj/sol/.autopilot/db/v_demosaic.cpp:271]   --->   Operation 45 'store' 'store_ln271' <Predicate = true> <Delay = 1.58>
ST_1 : Operation 46 [1/1] (0.00ns)   --->   "%br_ln315 = br void %VITIS_LOOP_318_4" [/home/alen/repo/zynq-7020-video-pipe-3/hw/video-pipe-hw-v5/hw_011223.runs/broncho_video_v_demosaic_0_0_synth_1/prj/sol/.autopilot/db/v_demosaic.cpp:315]   --->   Operation 46 'br' 'br_ln315' <Predicate = true> <Delay = 0.00>

State 2 <SV = 1> <Delay = 4.05>
ST_2 : Operation 47 [1/1] (0.00ns)   --->   "%y_7 = load i17 %y"   --->   Operation 47 'load' 'y_7' <Predicate = true> <Delay = 0.00>
ST_2 : Operation 48 [1/1] (2.10ns)   --->   "%icmp_ln315 = icmp_eq  i17 %y_7, i17 %loopHeight" [/home/alen/repo/zynq-7020-video-pipe-3/hw/video-pipe-hw-v5/hw_011223.runs/broncho_video_v_demosaic_0_0_synth_1/prj/sol/.autopilot/db/v_demosaic.cpp:315]   --->   Operation 48 'icmp' 'icmp_ln315' <Predicate = true> <Delay = 2.10> <CoreInst = "Cmp">   --->   Core 9 'Cmp' <Latency = 0> <II = 1> <Delay = 2.10> <FuncUnit> <Opcode : 'icmp'> <InPorts = 2> <OutPorts = 1>
ST_2 : Operation 49 [1/1] (2.10ns)   --->   "%y_8 = add i17 %y_7, i17 1" [/home/alen/repo/zynq-7020-video-pipe-3/hw/video-pipe-hw-v5/hw_011223.runs/broncho_video_v_demosaic_0_0_synth_1/prj/sol/.autopilot/db/v_demosaic.cpp:315]   --->   Operation 49 'add' 'y_8' <Predicate = true> <Delay = 2.10> <CoreInst = "Adder">   --->   Core 1 'Adder' <Latency = 0> <II = 1> <Delay = 2.10> <FuncUnit> <Opcode : 'add' 'sub'> <InPorts = 2> <OutPorts = 1>
ST_2 : Operation 50 [1/1] (0.00ns)   --->   "%br_ln315 = br i1 %icmp_ln315, void %VITIS_LOOP_318_4.split, void %for.end749" [/home/alen/repo/zynq-7020-video-pipe-3/hw/video-pipe-hw-v5/hw_011223.runs/broncho_video_v_demosaic_0_0_synth_1/prj/sol/.autopilot/db/v_demosaic.cpp:315]   --->   Operation 50 'br' 'br_ln315' <Predicate = true> <Delay = 0.00>
ST_2 : Operation 51 [1/1] (0.00ns)   --->   "%p_lcssa49695002_load = load i10 %p_lcssa49695002"   --->   Operation 51 'load' 'p_lcssa49695002_load' <Predicate = (!icmp_ln315)> <Delay = 0.00>
ST_2 : Operation 52 [1/1] (0.00ns)   --->   "%p_lcssa49715004_load = load i10 %p_lcssa49715004"   --->   Operation 52 'load' 'p_lcssa49715004_load' <Predicate = (!icmp_ln315)> <Delay = 0.00>
ST_2 : Operation 53 [1/1] (0.00ns)   --->   "%p_lcssa49725006_load = load i10 %p_lcssa49725006"   --->   Operation 53 'load' 'p_lcssa49725006_load' <Predicate = (!icmp_ln315)> <Delay = 0.00>
ST_2 : Operation 54 [1/1] (0.00ns)   --->   "%p_lcssa49735008_load = load i10 %p_lcssa49735008"   --->   Operation 54 'load' 'p_lcssa49735008_load' <Predicate = (!icmp_ln315)> <Delay = 0.00>
ST_2 : Operation 55 [1/1] (0.00ns)   --->   "%p_lcssa49755010_load = load i10 %p_lcssa49755010"   --->   Operation 55 'load' 'p_lcssa49755010_load' <Predicate = (!icmp_ln315)> <Delay = 0.00>
ST_2 : Operation 56 [1/1] (0.00ns)   --->   "%p_lcssa49765012_load = load i10 %p_lcssa49765012"   --->   Operation 56 'load' 'p_lcssa49765012_load' <Predicate = (!icmp_ln315)> <Delay = 0.00>
ST_2 : Operation 57 [1/1] (0.00ns)   --->   "%p_lcssa49775014_load = load i10 %p_lcssa49775014"   --->   Operation 57 'load' 'p_lcssa49775014_load' <Predicate = (!icmp_ln315)> <Delay = 0.00>
ST_2 : Operation 58 [1/1] (0.00ns)   --->   "%p_lcssa49795016_load = load i10 %p_lcssa49795016"   --->   Operation 58 'load' 'p_lcssa49795016_load' <Predicate = (!icmp_ln315)> <Delay = 0.00>
ST_2 : Operation 59 [1/1] (0.00ns)   --->   "%p_lcssa49805018_load = load i10 %p_lcssa49805018"   --->   Operation 59 'load' 'p_lcssa49805018_load' <Predicate = (!icmp_ln315)> <Delay = 0.00>
ST_2 : Operation 60 [1/1] (0.00ns)   --->   "%p_lcssa49815020_load = load i10 %p_lcssa49815020"   --->   Operation 60 'load' 'p_lcssa49815020_load' <Predicate = (!icmp_ln315)> <Delay = 0.00>
ST_2 : Operation 61 [1/1] (0.00ns)   --->   "%p_lcssa49835022_load = load i10 %p_lcssa49835022"   --->   Operation 61 'load' 'p_lcssa49835022_load' <Predicate = (!icmp_ln315)> <Delay = 0.00>
ST_2 : Operation 62 [1/1] (0.00ns)   --->   "%p_lcssa49845024_load = load i10 %p_lcssa49845024"   --->   Operation 62 'load' 'p_lcssa49845024_load' <Predicate = (!icmp_ln315)> <Delay = 0.00>
ST_2 : Operation 63 [1/1] (0.00ns)   --->   "%p_lcssa49855026_load = load i10 %p_lcssa49855026"   --->   Operation 63 'load' 'p_lcssa49855026_load' <Predicate = (!icmp_ln315)> <Delay = 0.00>
ST_2 : Operation 64 [1/1] (0.00ns)   --->   "%p_lcssa49875028_load = load i10 %p_lcssa49875028"   --->   Operation 64 'load' 'p_lcssa49875028_load' <Predicate = (!icmp_ln315)> <Delay = 0.00>
ST_2 : Operation 65 [1/1] (0.00ns)   --->   "%p_lcssa49885030_load = load i10 %p_lcssa49885030"   --->   Operation 65 'load' 'p_lcssa49885030_load' <Predicate = (!icmp_ln315)> <Delay = 0.00>
ST_2 : Operation 66 [1/1] (0.00ns)   --->   "%p_lcssa51615167_load = load i10 %p_lcssa51615167"   --->   Operation 66 'load' 'p_lcssa51615167_load' <Predicate = (!icmp_ln315)> <Delay = 0.00>
ST_2 : Operation 67 [1/1] (0.00ns)   --->   "%p_lcssa51625169_load = load i10 %p_lcssa51625169"   --->   Operation 67 'load' 'p_lcssa51625169_load' <Predicate = (!icmp_ln315)> <Delay = 0.00>
ST_2 : Operation 68 [1/1] (0.00ns)   --->   "%p_lcssa51635171_load = load i10 %p_lcssa51635171"   --->   Operation 68 'load' 'p_lcssa51635171_load' <Predicate = (!icmp_ln315)> <Delay = 0.00>
ST_2 : Operation 69 [1/1] (0.00ns)   --->   "%p_lcssa51645173_load = load i10 %p_lcssa51645173"   --->   Operation 69 'load' 'p_lcssa51645173_load' <Predicate = (!icmp_ln315)> <Delay = 0.00>
ST_2 : Operation 70 [1/1] (0.00ns)   --->   "%p_lcssa51655175_load = load i10 %p_lcssa51655175"   --->   Operation 70 'load' 'p_lcssa51655175_load' <Predicate = (!icmp_ln315)> <Delay = 0.00>
ST_2 : Operation 71 [1/1] (2.10ns)   --->   "%out_y = add i17 %y_7, i17 131070"   --->   Operation 71 'add' 'out_y' <Predicate = (!icmp_ln315)> <Delay = 2.10> <CoreInst = "Adder">   --->   Core 1 'Adder' <Latency = 0> <II = 1> <Delay = 2.10> <FuncUnit> <Opcode : 'add' 'sub'> <InPorts = 2> <OutPorts = 1>
ST_2 : Operation 72 [1/1] (0.00ns)   --->   "%empty = trunc i17 %out_y"   --->   Operation 72 'trunc' 'empty' <Predicate = (!icmp_ln315)> <Delay = 0.00>
ST_2 : Operation 73 [1/1] (0.00ns)   --->   "%and226_cast = zext i1 %empty"   --->   Operation 73 'zext' 'and226_cast' <Predicate = (!icmp_ln315)> <Delay = 0.00>
ST_2 : Operation 74 [1/1] (0.99ns)   --->   "%xor = xor i15 %trunc_ln293_1, i15 %and226_cast" [/home/alen/repo/zynq-7020-video-pipe-3/hw/video-pipe-hw-v5/hw_011223.runs/broncho_video_v_demosaic_0_0_synth_1/prj/sol/.autopilot/db/v_demosaic.cpp:293]   --->   Operation 74 'xor' 'xor' <Predicate = (!icmp_ln315)> <Delay = 0.99> <CoreInst = "LogicGate">   --->   Core 74 'LogicGate' <Latency = 0> <II = 1> <Delay = 0.99> <FuncUnit> <Opcode : 'and' 'or' 'xor'> <InPorts = 2> <OutPorts = 1>
ST_2 : Operation 75 [1/1] (1.94ns)   --->   "%cmp689 = icmp_eq  i15 %and226_cast, i15 %trunc_ln293_1" [/home/alen/repo/zynq-7020-video-pipe-3/hw/video-pipe-hw-v5/hw_011223.runs/broncho_video_v_demosaic_0_0_synth_1/prj/sol/.autopilot/db/v_demosaic.cpp:293]   --->   Operation 75 'icmp' 'cmp689' <Predicate = (!icmp_ln315)> <Delay = 1.94> <CoreInst = "Cmp">   --->   Core 9 'Cmp' <Latency = 0> <II = 1> <Delay = 1.94> <FuncUnit> <Opcode : 'icmp'> <InPorts = 2> <OutPorts = 1>
ST_2 : Operation 76 [1/1] (2.10ns)   --->   "%cmp84 = icmp_ult  i17 %y_7, i17 %zext_ln274" [/home/alen/repo/zynq-7020-video-pipe-3/hw/video-pipe-hw-v5/hw_011223.runs/broncho_video_v_demosaic_0_0_synth_1/prj/sol/.autopilot/db/v_demosaic.cpp:274]   --->   Operation 76 'icmp' 'cmp84' <Predicate = (!icmp_ln315)> <Delay = 2.10> <CoreInst = "Cmp">   --->   Core 9 'Cmp' <Latency = 0> <II = 1> <Delay = 2.10> <FuncUnit> <Opcode : 'icmp'> <InPorts = 2> <OutPorts = 1>
ST_2 : Operation 77 [1/1] (2.10ns)   --->   "%cmp170 = icmp_ne  i17 %y_7, i17 0"   --->   Operation 77 'icmp' 'cmp170' <Predicate = (!icmp_ln315)> <Delay = 2.10> <CoreInst = "Cmp">   --->   Core 9 'Cmp' <Latency = 0> <II = 1> <Delay = 2.10> <FuncUnit> <Opcode : 'icmp'> <InPorts = 2> <OutPorts = 1>
ST_2 : Operation 78 [1/1] (0.00ns)   --->   "%empty_165 = wait i32 @_ssdm_op_Wait"   --->   Operation 78 'wait' 'empty_165' <Predicate = (!icmp_ln315)> <Delay = 0.00>
ST_2 : Operation 79 [1/1] (1.58ns)   --->   "%store_ln271 = store i17 %y_8, i17 %y" [/home/alen/repo/zynq-7020-video-pipe-3/hw/video-pipe-hw-v5/hw_011223.runs/broncho_video_v_demosaic_0_0_synth_1/prj/sol/.autopilot/db/v_demosaic.cpp:271]   --->   Operation 79 'store' 'store_ln271' <Predicate = (!icmp_ln315)> <Delay = 1.58>
ST_2 : Operation 80 [1/1] (0.00ns)   --->   "%ret_ln591 = ret" [/home/alen/repo/zynq-7020-video-pipe-3/hw/video-pipe-hw-v5/hw_011223.runs/broncho_video_v_demosaic_0_0_synth_1/prj/sol/.autopilot/db/v_demosaic.cpp:591]   --->   Operation 80 'ret' 'ret_ln591' <Predicate = (icmp_ln315)> <Delay = 0.00>

State 3 <SV = 2> <Delay = 3.69>
ST_3 : Operation 81 [2/2] (3.69ns)   --->   "%call_ln275 = call void @DebayerG_Pipeline_VITIS_LOOP_318_4, i10 %p_lcssa51655175_load, i10 %p_lcssa51645173_load, i10 %p_lcssa51635171_load, i10 %p_lcssa51625169_load, i10 %p_lcssa51615167_load, i10 %p_lcssa49885030_load, i10 %p_lcssa49875028_load, i10 %p_lcssa49855026_load, i10 %p_lcssa49845024_load, i10 %p_lcssa49835022_load, i10 %p_lcssa49815020_load, i10 %p_lcssa49805018_load, i10 %p_lcssa49795016_load, i10 %p_lcssa49775014_load, i10 %p_lcssa49765012_load, i10 %p_lcssa49755010_load, i10 %p_lcssa49735008_load, i10 %p_lcssa49725006_load, i10 %p_lcssa49715004_load, i10 %p_lcssa49695002_load, i17 %loopWidth, i30 %imgG, i1 %x_phase, i15 %xor, i1 %cmp689, i17 %out_y, i10 %linebuf_yuv_3, i10 %linebuf_yuv_2, i10 %linebuf_yuv_1, i10 %linebuf_yuv, i16 %width_read, i1 %cmp170, i1 %cmp84, i10 %imgBayer, i10 %p_lcssa51655175, i10 %p_lcssa51645173, i10 %p_lcssa51635171, i10 %p_lcssa51625169, i10 %p_lcssa51615167, i10 %p_lcssa49885030, i10 %p_lcssa49875028, i10 %p_lcssa49855026, i10 %p_lcssa49845024, i10 %p_lcssa49835022, i10 %p_lcssa49815020, i10 %p_lcssa49805018, i10 %p_lcssa49795016, i10 %p_lcssa49775014, i10 %p_lcssa49765012, i10 %p_lcssa49755010, i10 %p_lcssa49735008, i10 %p_lcssa49725006, i10 %p_lcssa49715004, i10 %p_lcssa49695002, i10 %DIV1_TABLE, i18 %DIV2_TABLE" [/home/alen/repo/zynq-7020-video-pipe-3/hw/video-pipe-hw-v5/hw_011223.runs/broncho_video_v_demosaic_0_0_synth_1/prj/sol/.autopilot/db/v_demosaic.cpp:275]   --->   Operation 81 'call' 'call_ln275' <Predicate = true> <Delay = 3.69> <CoreType = "Generic">   --->   Core 0 '' <Latency = 0> <II = 1> <Delay = 1.00> <Generic> <Opcode : >

State 4 <SV = 3> <Delay = 0.00>
ST_4 : Operation 82 [1/1] (0.00ns)   --->   "%speclooptripcount_ln282 = speclooptripcount void @_ssdm_op_SpecLoopTripCount, i64 2, i64 65537, i64 32769" [/home/alen/repo/zynq-7020-video-pipe-3/hw/video-pipe-hw-v5/hw_011223.runs/broncho_video_v_demosaic_0_0_synth_1/prj/sol/.autopilot/db/v_demosaic.cpp:282]   --->   Operation 82 'speclooptripcount' 'speclooptripcount_ln282' <Predicate = true> <Delay = 0.00>
ST_4 : Operation 83 [1/1] (0.00ns)   --->   "%specloopname_ln315 = specloopname void @_ssdm_op_SpecLoopName, void @empty_14" [/home/alen/repo/zynq-7020-video-pipe-3/hw/video-pipe-hw-v5/hw_011223.runs/broncho_video_v_demosaic_0_0_synth_1/prj/sol/.autopilot/db/v_demosaic.cpp:315]   --->   Operation 83 'specloopname' 'specloopname_ln315' <Predicate = true> <Delay = 0.00>
ST_4 : Operation 84 [1/2] (0.00ns)   --->   "%call_ln275 = call void @DebayerG_Pipeline_VITIS_LOOP_318_4, i10 %p_lcssa51655175_load, i10 %p_lcssa51645173_load, i10 %p_lcssa51635171_load, i10 %p_lcssa51625169_load, i10 %p_lcssa51615167_load, i10 %p_lcssa49885030_load, i10 %p_lcssa49875028_load, i10 %p_lcssa49855026_load, i10 %p_lcssa49845024_load, i10 %p_lcssa49835022_load, i10 %p_lcssa49815020_load, i10 %p_lcssa49805018_load, i10 %p_lcssa49795016_load, i10 %p_lcssa49775014_load, i10 %p_lcssa49765012_load, i10 %p_lcssa49755010_load, i10 %p_lcssa49735008_load, i10 %p_lcssa49725006_load, i10 %p_lcssa49715004_load, i10 %p_lcssa49695002_load, i17 %loopWidth, i30 %imgG, i1 %x_phase, i15 %xor, i1 %cmp689, i17 %out_y, i10 %linebuf_yuv_3, i10 %linebuf_yuv_2, i10 %linebuf_yuv_1, i10 %linebuf_yuv, i16 %width_read, i1 %cmp170, i1 %cmp84, i10 %imgBayer, i10 %p_lcssa51655175, i10 %p_lcssa51645173, i10 %p_lcssa51635171, i10 %p_lcssa51625169, i10 %p_lcssa51615167, i10 %p_lcssa49885030, i10 %p_lcssa49875028, i10 %p_lcssa49855026, i10 %p_lcssa49845024, i10 %p_lcssa49835022, i10 %p_lcssa49815020, i10 %p_lcssa49805018, i10 %p_lcssa49795016, i10 %p_lcssa49775014, i10 %p_lcssa49765012, i10 %p_lcssa49755010, i10 %p_lcssa49735008, i10 %p_lcssa49725006, i10 %p_lcssa49715004, i10 %p_lcssa49695002, i10 %DIV1_TABLE, i18 %DIV2_TABLE" [/home/alen/repo/zynq-7020-video-pipe-3/hw/video-pipe-hw-v5/hw_011223.runs/broncho_video_v_demosaic_0_0_synth_1/prj/sol/.autopilot/db/v_demosaic.cpp:275]   --->   Operation 84 'call' 'call_ln275' <Predicate = true> <Delay = 0.00> <CoreType = "Generic">   --->   Core 0 '' <Latency = 0> <II = 1> <Delay = 1.00> <Generic> <Opcode : >
ST_4 : Operation 85 [1/1] (0.00ns)   --->   "%br_ln315 = br void %VITIS_LOOP_318_4" [/home/alen/repo/zynq-7020-video-pipe-3/hw/video-pipe-hw-v5/hw_011223.runs/broncho_video_v_demosaic_0_0_synth_1/prj/sol/.autopilot/db/v_demosaic.cpp:315]   --->   Operation 85 'br' 'br_ln315' <Predicate = true> <Delay = 0.00>


============================================================
+ Verbose Summary: Binding
============================================================
STG Binding: 
---------------- STG Properties BEGIN ----------------
- Is combinational: 0
- Is one-state seq: 0
- Is datapath-only: 0
- Is pipelined: 0
- Is top level: 0
Port [ Return ] is wired: 1; IO mode=ap_ctrl_hs:ce=0
Port [ imgBayer]:  wired=1; compound=1; hidden=0; nouse=0; global=0; static=0; extern=0; dir=0; type=3; pingpong=0; private_global=0; IO mode=ap_fifo:ce=0
Port [ imgG]:  wired=1; compound=1; hidden=0; nouse=0; global=0; static=0; extern=0; dir=1; type=3; pingpong=0; private_global=0; IO mode=ap_fifo:ce=0
Port [ height]:  wired=1; compound=0; hidden=0; nouse=0; global=0; static=0; extern=0; dir=0; type=0; pingpong=0; private_global=0; IO mode=ap_stable:ce=0
Port [ width]:  wired=1; compound=0; hidden=0; nouse=0; global=0; static=0; extern=0; dir=0; type=0; pingpong=0; private_global=0; IO mode=ap_stable:ce=0
Port [ bayerPhase_read]:  wired=1; compound=0; hidden=0; nouse=0; global=0; static=0; extern=0; dir=0; type=0; pingpong=0; private_global=0; IO mode=ap_none:ce=0
Port [ bayerPhase_c9]:  wired=1; compound=1; hidden=0; nouse=0; global=0; static=0; extern=0; dir=1; type=3; pingpong=0; private_global=0; IO mode=ap_fifo:ce=0
Port [ DIV1_TABLE]:  wired=0; compound=1; hidden=1; nouse=1; global=1; static=1; extern=0; dir=0; type=1; pingpong=0; private_global=0; MemPort=[1111]; IO mode=ap_memory:ce=0
Port [ DIV2_TABLE]:  wired=0; compound=1; hidden=1; nouse=1; global=1; static=1; extern=0; dir=0; type=1; pingpong=0; private_global=0; MemPort=[1]; IO mode=ap_memory:ce=0
---------------- STG Properties END ------------------

---------------- Datapath Model BEGIN ----------------

<LifeTime>
<method=bitvector/>
y                       (alloca           ) [ 01111]
p_lcssa49695002         (alloca           ) [ 00111]
p_lcssa49715004         (alloca           ) [ 00111]
p_lcssa49725006         (alloca           ) [ 00111]
p_lcssa49735008         (alloca           ) [ 00111]
p_lcssa49755010         (alloca           ) [ 00111]
p_lcssa49765012         (alloca           ) [ 00111]
p_lcssa49775014         (alloca           ) [ 00111]
p_lcssa49795016         (alloca           ) [ 00111]
p_lcssa49805018         (alloca           ) [ 00111]
p_lcssa49815020         (alloca           ) [ 00111]
p_lcssa49835022         (alloca           ) [ 00111]
p_lcssa49845024         (alloca           ) [ 00111]
p_lcssa49855026         (alloca           ) [ 00111]
p_lcssa49875028         (alloca           ) [ 00111]
p_lcssa49885030         (alloca           ) [ 00111]
p_lcssa51615167         (alloca           ) [ 00111]
p_lcssa51625169         (alloca           ) [ 00111]
p_lcssa51635171         (alloca           ) [ 00111]
p_lcssa51645173         (alloca           ) [ 00111]
p_lcssa51655175         (alloca           ) [ 00111]
bayerPhase_read_1       (read             ) [ 00000]
width_read              (read             ) [ 00111]
height_read             (read             ) [ 00000]
specinterface_ln0       (specinterface    ) [ 00000]
write_ln0               (write            ) [ 00000]
specinterface_ln0       (specinterface    ) [ 00000]
specinterface_ln0       (specinterface    ) [ 00000]
specinterface_ln0       (specinterface    ) [ 00000]
specinterface_ln0       (specinterface    ) [ 00000]
linebuf_yuv             (alloca           ) [ 00111]
linebuf_yuv_1           (alloca           ) [ 00111]
linebuf_yuv_2           (alloca           ) [ 00111]
linebuf_yuv_3           (alloca           ) [ 00111]
zext_ln274              (zext             ) [ 00111]
loopHeight              (add              ) [ 00111]
zext_ln275              (zext             ) [ 00000]
loopWidth               (add              ) [ 00111]
x_phase                 (trunc            ) [ 00111]
trunc_ln293_1           (partselect       ) [ 00111]
store_ln271             (store            ) [ 00000]
br_ln315                (br               ) [ 00000]
y_7                     (load             ) [ 00000]
icmp_ln315              (icmp             ) [ 00111]
y_8                     (add              ) [ 00000]
br_ln315                (br               ) [ 00000]
p_lcssa49695002_load    (load             ) [ 00011]
p_lcssa49715004_load    (load             ) [ 00011]
p_lcssa49725006_load    (load             ) [ 00011]
p_lcssa49735008_load    (load             ) [ 00011]
p_lcssa49755010_load    (load             ) [ 00011]
p_lcssa49765012_load    (load             ) [ 00011]
p_lcssa49775014_load    (load             ) [ 00011]
p_lcssa49795016_load    (load             ) [ 00011]
p_lcssa49805018_load    (load             ) [ 00011]
p_lcssa49815020_load    (load             ) [ 00011]
p_lcssa49835022_load    (load             ) [ 00011]
p_lcssa49845024_load    (load             ) [ 00011]
p_lcssa49855026_load    (load             ) [ 00011]
p_lcssa49875028_load    (load             ) [ 00011]
p_lcssa49885030_load    (load             ) [ 00011]
p_lcssa51615167_load    (load             ) [ 00011]
p_lcssa51625169_load    (load             ) [ 00011]
p_lcssa51635171_load    (load             ) [ 00011]
p_lcssa51645173_load    (load             ) [ 00011]
p_lcssa51655175_load    (load             ) [ 00011]
out_y                   (add              ) [ 00011]
empty                   (trunc            ) [ 00000]
and226_cast             (zext             ) [ 00000]
xor                     (xor              ) [ 00011]
cmp689                  (icmp             ) [ 00011]
cmp84                   (icmp             ) [ 00011]
cmp170                  (icmp             ) [ 00011]
empty_165               (wait             ) [ 00000]
store_ln271             (store            ) [ 00000]
ret_ln591               (ret              ) [ 00000]
speclooptripcount_ln282 (speclooptripcount) [ 00000]
specloopname_ln315      (specloopname     ) [ 00000]
call_ln275              (call             ) [ 00000]
br_ln315                (br               ) [ 00000]
</LifeTime>

<model>

<comp_list>
<comp id="0" class="1000" name="imgBayer">
<pin_list>
<pin id="1" dir="1" index="0" bw="1" slack="0"/>
</pin_list>
<bind>
<StgValue><ssdm name="imgBayer"/></StgValue>
</bind>
</comp>

<comp id="2" class="1000" name="imgG">
<pin_list>
<pin id="3" dir="1" index="0" bw="1" slack="0"/>
</pin_list>
<bind>
<StgValue><ssdm name="imgG"/></StgValue>
</bind>
</comp>

<comp id="4" class="1000" name="height">
<pin_list>
<pin id="5" dir="1" index="0" bw="1" slack="0"/>
</pin_list>
<bind>
<StgValue><ssdm name="height"/></StgValue>
</bind>
</comp>

<comp id="6" class="1000" name="width">
<pin_list>
<pin id="7" dir="1" index="0" bw="1" slack="0"/>
</pin_list>
<bind>
<StgValue><ssdm name="width"/></StgValue>
</bind>
</comp>

<comp id="8" class="1000" name="bayerPhase_read">
<pin_list>
<pin id="9" dir="1" index="0" bw="1" slack="0"/>
</pin_list>
<bind>
<StgValue><ssdm name="bayerPhase_read"/></StgValue>
</bind>
</comp>

<comp id="10" class="1000" name="bayerPhase_c9">
<pin_list>
<pin id="11" dir="1" index="0" bw="1" slack="0"/>
</pin_list>
<bind>
<StgValue><ssdm name="bayerPhase_c9"/></StgValue>
</bind>
</comp>

<comp id="12" class="1000" name="DIV1_TABLE">
<pin_list>
<pin id="13" dir="1" index="0" bw="1" slack="0"/>
</pin_list>
<bind>
<StgValue><ssdm name="DIV1_TABLE"/><MemPortTyVec>1 1 1 1 </MemPortTyVec>
</StgValue>
</bind>
</comp>

<comp id="14" class="1000" name="DIV2_TABLE">
<pin_list>
<pin id="15" dir="1" index="0" bw="1" slack="0"/>
</pin_list>
<bind>
<StgValue><ssdm name="DIV2_TABLE"/><MemPortTyVec>1 </MemPortTyVec>
</StgValue>
</bind>
</comp>

<comp id="16" class="1001" name="const_16">
<pin_list>
<pin id="17" dir="1" index="0" bw="1" slack="0"/>
</pin_list>
<bind>
<StgValue><ssdm name=""/></StgValue>
</bind>
</comp>

<comp id="18" class="1001" name="const_18">
<pin_list>
<pin id="19" dir="1" index="0" bw="1" slack="0"/>
</pin_list>
<bind>
<StgValue><ssdm name="_ssdm_op_Read.ap_auto.i16"/></StgValue>
</bind>
</comp>

<comp id="20" class="1001" name="const_20">
<pin_list>
<pin id="21" dir="1" index="0" bw="1" slack="0"/>
</pin_list>
<bind>
<StgValue><ssdm name="_ssdm_op_Read.ap_stable.i16"/></StgValue>
</bind>
</comp>

<comp id="22" class="1001" name="const_22">
<pin_list>
<pin id="23" dir="1" index="0" bw="1" slack="2147483647"/>
</pin_list>
<bind>
<StgValue><ssdm name="_ssdm_op_SpecInterface"/></StgValue>
</bind>
</comp>

<comp id="24" class="1001" name="const_24">
<pin_list>
<pin id="25" dir="1" index="0" bw="1" slack="2147483647"/>
</pin_list>
<bind>
<StgValue><ssdm name="ap_fifo_str"/></StgValue>
</bind>
</comp>

<comp id="26" class="1001" name="const_26">
<pin_list>
<pin id="27" dir="1" index="0" bw="1" slack="2147483647"/>
</pin_list>
<bind>
<StgValue><ssdm name=""/></StgValue>
</bind>
</comp>

<comp id="28" class="1001" name="const_28">
<pin_list>
<pin id="29" dir="1" index="0" bw="1" slack="2147483647"/>
</pin_list>
<bind>
<StgValue><ssdm name="p_str"/></StgValue>
</bind>
</comp>

<comp id="30" class="1001" name="const_30">
<pin_list>
<pin id="31" dir="1" index="0" bw="1" slack="2147483647"/>
</pin_list>
<bind>
<StgValue><ssdm name=""/></StgValue>
</bind>
</comp>

<comp id="32" class="1001" name="const_32">
<pin_list>
<pin id="33" dir="1" index="0" bw="1" slack="2147483647"/>
</pin_list>
<bind>
<StgValue><ssdm name=""/></StgValue>
</bind>
</comp>

<comp id="34" class="1001" name="const_34">
<pin_list>
<pin id="35" dir="1" index="0" bw="1" slack="2147483647"/>
</pin_list>
<bind>
<StgValue><ssdm name="ScalarProp_str"/></StgValue>
</bind>
</comp>

<comp id="36" class="1001" name="const_36">
<pin_list>
<pin id="37" dir="1" index="0" bw="1" slack="2147483647"/>
</pin_list>
<bind>
<StgValue><ssdm name=""/></StgValue>
</bind>
</comp>

<comp id="38" class="1001" name="const_38">
<pin_list>
<pin id="39" dir="1" index="0" bw="1" slack="0"/>
</pin_list>
<bind>
<StgValue><ssdm name="_ssdm_op_Write.ap_fifo.i16P0A"/></StgValue>
</bind>
</comp>

<comp id="40" class="1001" name="const_40">
<pin_list>
<pin id="41" dir="1" index="0" bw="1" slack="2147483647"/>
</pin_list>
<bind>
<StgValue><ssdm name="ap_stable_str"/></StgValue>
</bind>
</comp>

<comp id="42" class="1001" name="const_42">
<pin_list>
<pin id="43" dir="1" index="0" bw="1" slack="2147483647"/>
</pin_list>
<bind>
<StgValue><ssdm name="empty_21"/></StgValue>
</bind>
</comp>

<comp id="44" class="1001" name="const_44">
<pin_list>
<pin id="45" dir="1" index="0" bw="1" slack="2147483647"/>
</pin_list>
<bind>
<StgValue><ssdm name="empty_1"/></StgValue>
</bind>
</comp>

<comp id="46" class="1001" name="const_46">
<pin_list>
<pin id="47" dir="1" index="0" bw="1" slack="0"/>
</pin_list>
<bind>
<StgValue><ssdm name=""/></StgValue>
</bind>
</comp>

<comp id="48" class="1001" name="const_48">
<pin_list>
<pin id="49" dir="1" index="0" bw="1" slack="0"/>
</pin_list>
<bind>
<StgValue><ssdm name=""/></StgValue>
</bind>
</comp>

<comp id="50" class="1001" name="const_50">
<pin_list>
<pin id="51" dir="1" index="0" bw="1" slack="0"/>
</pin_list>
<bind>
<StgValue><ssdm name="_ssdm_op_PartSelect.i15.i16.i32.i32"/></StgValue>
</bind>
</comp>

<comp id="52" class="1001" name="const_52">
<pin_list>
<pin id="53" dir="1" index="0" bw="1" slack="0"/>
</pin_list>
<bind>
<StgValue><ssdm name=""/></StgValue>
</bind>
</comp>

<comp id="54" class="1001" name="const_54">
<pin_list>
<pin id="55" dir="1" index="0" bw="1" slack="0"/>
</pin_list>
<bind>
<StgValue><ssdm name=""/></StgValue>
</bind>
</comp>

<comp id="56" class="1001" name="const_56">
<pin_list>
<pin id="57" dir="1" index="0" bw="1" slack="0"/>
</pin_list>
<bind>
<StgValue><ssdm name=""/></StgValue>
</bind>
</comp>

<comp id="58" class="1001" name="const_58">
<pin_list>
<pin id="59" dir="1" index="0" bw="1" slack="0"/>
</pin_list>
<bind>
<StgValue><ssdm name=""/></StgValue>
</bind>
</comp>

<comp id="60" class="1001" name="const_60">
<pin_list>
<pin id="61" dir="1" index="0" bw="1" slack="2147483647"/>
</pin_list>
<bind>
<StgValue><ssdm name="_ssdm_op_Wait"/></StgValue>
</bind>
</comp>

<comp id="62" class="1001" name="const_62">
<pin_list>
<pin id="63" dir="1" index="0" bw="1" slack="0"/>
</pin_list>
<bind>
<StgValue><ssdm name="DebayerG_Pipeline_VITIS_LOOP_318_4"/></StgValue>
</bind>
</comp>

<comp id="64" class="1001" name="const_64">
<pin_list>
<pin id="65" dir="1" index="0" bw="1" slack="2147483647"/>
</pin_list>
<bind>
<StgValue><ssdm name="_ssdm_op_SpecLoopTripCount"/></StgValue>
</bind>
</comp>

<comp id="66" class="1001" name="const_66">
<pin_list>
<pin id="67" dir="1" index="0" bw="1" slack="2147483647"/>
</pin_list>
<bind>
<StgValue><ssdm name=""/></StgValue>
</bind>
</comp>

<comp id="68" class="1001" name="const_68">
<pin_list>
<pin id="69" dir="1" index="0" bw="1" slack="2147483647"/>
</pin_list>
<bind>
<StgValue><ssdm name=""/></StgValue>
</bind>
</comp>

<comp id="70" class="1001" name="const_70">
<pin_list>
<pin id="71" dir="1" index="0" bw="1" slack="2147483647"/>
</pin_list>
<bind>
<StgValue><ssdm name=""/></StgValue>
</bind>
</comp>

<comp id="72" class="1001" name="const_72">
<pin_list>
<pin id="73" dir="1" index="0" bw="1" slack="2147483647"/>
</pin_list>
<bind>
<StgValue><ssdm name="_ssdm_op_SpecLoopName"/></StgValue>
</bind>
</comp>

<comp id="74" class="1001" name="const_74">
<pin_list>
<pin id="75" dir="1" index="0" bw="1" slack="2147483647"/>
</pin_list>
<bind>
<StgValue><ssdm name="empty_14"/></StgValue>
</bind>
</comp>

<comp id="76" class="1004" name="y_fu_76">
<pin_list>
<pin id="77" dir="0" index="0" bw="1" slack="0"/>
<pin id="78" dir="1" index="1" bw="17" slack="0"/>
</pin_list>
<bind>
<opcode="alloca(26) " fcode="alloca"/>
<opset="y/1 "/>
</bind>
</comp>

<comp id="80" class="1004" name="p_lcssa49695002_fu_80">
<pin_list>
<pin id="81" dir="0" index="0" bw="1" slack="0"/>
<pin id="82" dir="1" index="1" bw="10" slack="1"/>
</pin_list>
<bind>
<opcode="alloca(26) " fcode="alloca"/>
<opset="p_lcssa49695002/1 "/>
</bind>
</comp>

<comp id="84" class="1004" name="p_lcssa49715004_fu_84">
<pin_list>
<pin id="85" dir="0" index="0" bw="1" slack="0"/>
<pin id="86" dir="1" index="1" bw="10" slack="1"/>
</pin_list>
<bind>
<opcode="alloca(26) " fcode="alloca"/>
<opset="p_lcssa49715004/1 "/>
</bind>
</comp>

<comp id="88" class="1004" name="p_lcssa49725006_fu_88">
<pin_list>
<pin id="89" dir="0" index="0" bw="1" slack="0"/>
<pin id="90" dir="1" index="1" bw="10" slack="1"/>
</pin_list>
<bind>
<opcode="alloca(26) " fcode="alloca"/>
<opset="p_lcssa49725006/1 "/>
</bind>
</comp>

<comp id="92" class="1004" name="p_lcssa49735008_fu_92">
<pin_list>
<pin id="93" dir="0" index="0" bw="1" slack="0"/>
<pin id="94" dir="1" index="1" bw="10" slack="1"/>
</pin_list>
<bind>
<opcode="alloca(26) " fcode="alloca"/>
<opset="p_lcssa49735008/1 "/>
</bind>
</comp>

<comp id="96" class="1004" name="p_lcssa49755010_fu_96">
<pin_list>
<pin id="97" dir="0" index="0" bw="1" slack="0"/>
<pin id="98" dir="1" index="1" bw="10" slack="1"/>
</pin_list>
<bind>
<opcode="alloca(26) " fcode="alloca"/>
<opset="p_lcssa49755010/1 "/>
</bind>
</comp>

<comp id="100" class="1004" name="p_lcssa49765012_fu_100">
<pin_list>
<pin id="101" dir="0" index="0" bw="1" slack="0"/>
<pin id="102" dir="1" index="1" bw="10" slack="1"/>
</pin_list>
<bind>
<opcode="alloca(26) " fcode="alloca"/>
<opset="p_lcssa49765012/1 "/>
</bind>
</comp>

<comp id="104" class="1004" name="p_lcssa49775014_fu_104">
<pin_list>
<pin id="105" dir="0" index="0" bw="1" slack="0"/>
<pin id="106" dir="1" index="1" bw="10" slack="1"/>
</pin_list>
<bind>
<opcode="alloca(26) " fcode="alloca"/>
<opset="p_lcssa49775014/1 "/>
</bind>
</comp>

<comp id="108" class="1004" name="p_lcssa49795016_fu_108">
<pin_list>
<pin id="109" dir="0" index="0" bw="1" slack="0"/>
<pin id="110" dir="1" index="1" bw="10" slack="1"/>
</pin_list>
<bind>
<opcode="alloca(26) " fcode="alloca"/>
<opset="p_lcssa49795016/1 "/>
</bind>
</comp>

<comp id="112" class="1004" name="p_lcssa49805018_fu_112">
<pin_list>
<pin id="113" dir="0" index="0" bw="1" slack="0"/>
<pin id="114" dir="1" index="1" bw="10" slack="1"/>
</pin_list>
<bind>
<opcode="alloca(26) " fcode="alloca"/>
<opset="p_lcssa49805018/1 "/>
</bind>
</comp>

<comp id="116" class="1004" name="p_lcssa49815020_fu_116">
<pin_list>
<pin id="117" dir="0" index="0" bw="1" slack="0"/>
<pin id="118" dir="1" index="1" bw="10" slack="1"/>
</pin_list>
<bind>
<opcode="alloca(26) " fcode="alloca"/>
<opset="p_lcssa49815020/1 "/>
</bind>
</comp>

<comp id="120" class="1004" name="p_lcssa49835022_fu_120">
<pin_list>
<pin id="121" dir="0" index="0" bw="1" slack="0"/>
<pin id="122" dir="1" index="1" bw="10" slack="1"/>
</pin_list>
<bind>
<opcode="alloca(26) " fcode="alloca"/>
<opset="p_lcssa49835022/1 "/>
</bind>
</comp>

<comp id="124" class="1004" name="p_lcssa49845024_fu_124">
<pin_list>
<pin id="125" dir="0" index="0" bw="1" slack="0"/>
<pin id="126" dir="1" index="1" bw="10" slack="1"/>
</pin_list>
<bind>
<opcode="alloca(26) " fcode="alloca"/>
<opset="p_lcssa49845024/1 "/>
</bind>
</comp>

<comp id="128" class="1004" name="p_lcssa49855026_fu_128">
<pin_list>
<pin id="129" dir="0" index="0" bw="1" slack="0"/>
<pin id="130" dir="1" index="1" bw="10" slack="1"/>
</pin_list>
<bind>
<opcode="alloca(26) " fcode="alloca"/>
<opset="p_lcssa49855026/1 "/>
</bind>
</comp>

<comp id="132" class="1004" name="p_lcssa49875028_fu_132">
<pin_list>
<pin id="133" dir="0" index="0" bw="1" slack="0"/>
<pin id="134" dir="1" index="1" bw="10" slack="1"/>
</pin_list>
<bind>
<opcode="alloca(26) " fcode="alloca"/>
<opset="p_lcssa49875028/1 "/>
</bind>
</comp>

<comp id="136" class="1004" name="p_lcssa49885030_fu_136">
<pin_list>
<pin id="137" dir="0" index="0" bw="1" slack="0"/>
<pin id="138" dir="1" index="1" bw="10" slack="1"/>
</pin_list>
<bind>
<opcode="alloca(26) " fcode="alloca"/>
<opset="p_lcssa49885030/1 "/>
</bind>
</comp>

<comp id="140" class="1004" name="p_lcssa51615167_fu_140">
<pin_list>
<pin id="141" dir="0" index="0" bw="1" slack="0"/>
<pin id="142" dir="1" index="1" bw="10" slack="1"/>
</pin_list>
<bind>
<opcode="alloca(26) " fcode="alloca"/>
<opset="p_lcssa51615167/1 "/>
</bind>
</comp>

<comp id="144" class="1004" name="p_lcssa51625169_fu_144">
<pin_list>
<pin id="145" dir="0" index="0" bw="1" slack="0"/>
<pin id="146" dir="1" index="1" bw="10" slack="1"/>
</pin_list>
<bind>
<opcode="alloca(26) " fcode="alloca"/>
<opset="p_lcssa51625169/1 "/>
</bind>
</comp>

<comp id="148" class="1004" name="p_lcssa51635171_fu_148">
<pin_list>
<pin id="149" dir="0" index="0" bw="1" slack="0"/>
<pin id="150" dir="1" index="1" bw="10" slack="1"/>
</pin_list>
<bind>
<opcode="alloca(26) " fcode="alloca"/>
<opset="p_lcssa51635171/1 "/>
</bind>
</comp>

<comp id="152" class="1004" name="p_lcssa51645173_fu_152">
<pin_list>
<pin id="153" dir="0" index="0" bw="1" slack="0"/>
<pin id="154" dir="1" index="1" bw="10" slack="1"/>
</pin_list>
<bind>
<opcode="alloca(26) " fcode="alloca"/>
<opset="p_lcssa51645173/1 "/>
</bind>
</comp>

<comp id="156" class="1004" name="p_lcssa51655175_fu_156">
<pin_list>
<pin id="157" dir="0" index="0" bw="1" slack="0"/>
<pin id="158" dir="1" index="1" bw="10" slack="1"/>
</pin_list>
<bind>
<opcode="alloca(26) " fcode="alloca"/>
<opset="p_lcssa51655175/1 "/>
</bind>
</comp>

<comp id="160" class="1004" name="linebuf_yuv_alloca_fu_160">
<pin_list>
<pin id="161" dir="0" index="0" bw="1" slack="0"/>
<pin id="162" dir="1" index="1" bw="10" slack="2147483647"/>
</pin_list>
<bind>
<opcode="alloca(26) " fcode="alloca"/>
<opset="linebuf_yuv/1 "/>
</bind>
</comp>

<comp id="164" class="1004" name="linebuf_yuv_1_alloca_fu_164">
<pin_list>
<pin id="165" dir="0" index="0" bw="1" slack="0"/>
<pin id="166" dir="1" index="1" bw="10" slack="2147483647"/>
</pin_list>
<bind>
<opcode="alloca(26) " fcode="alloca"/>
<opset="linebuf_yuv_1/1 "/>
</bind>
</comp>

<comp id="168" class="1004" name="linebuf_yuv_2_alloca_fu_168">
<pin_list>
<pin id="169" dir="0" index="0" bw="1" slack="0"/>
<pin id="170" dir="1" index="1" bw="10" slack="2147483647"/>
</pin_list>
<bind>
<opcode="alloca(26) " fcode="alloca"/>
<opset="linebuf_yuv_2/1 "/>
</bind>
</comp>

<comp id="172" class="1004" name="linebuf_yuv_3_alloca_fu_172">
<pin_list>
<pin id="173" dir="0" index="0" bw="1" slack="0"/>
<pin id="174" dir="1" index="1" bw="10" slack="2147483647"/>
</pin_list>
<bind>
<opcode="alloca(26) " fcode="alloca"/>
<opset="linebuf_yuv_3/1 "/>
</bind>
</comp>

<comp id="176" class="1004" name="bayerPhase_read_1_read_fu_176">
<pin_list>
<pin id="177" dir="0" index="0" bw="16" slack="0"/>
<pin id="178" dir="0" index="1" bw="16" slack="0"/>
<pin id="179" dir="1" index="2" bw="16" slack="0"/>
</pin_list>
<bind>
<opcode="read(1150) " fcode="read"/>
<opset="bayerPhase_read_1/1 "/>
</bind>
</comp>

<comp id="182" class="1004" name="width_read_read_fu_182">
<pin_list>
<pin id="183" dir="0" index="0" bw="16" slack="0"/>
<pin id="184" dir="0" index="1" bw="16" slack="0"/>
<pin id="185" dir="1" index="2" bw="16" slack="0"/>
</pin_list>
<bind>
<opcode="read(1150) " fcode="read"/>
<opset="width_read/1 "/>
</bind>
</comp>

<comp id="188" class="1004" name="height_read_read_fu_188">
<pin_list>
<pin id="189" dir="0" index="0" bw="16" slack="0"/>
<pin id="190" dir="0" index="1" bw="16" slack="0"/>
<pin id="191" dir="1" index="2" bw="16" slack="0"/>
</pin_list>
<bind>
<opcode="read(1150) " fcode="read"/>
<opset="height_read/1 "/>
</bind>
</comp>

<comp id="194" class="1004" name="write_ln0_write_fu_194">
<pin_list>
<pin id="195" dir="0" index="0" bw="0" slack="0"/>
<pin id="196" dir="0" index="1" bw="16" slack="0"/>
<pin id="197" dir="0" index="2" bw="16" slack="0"/>
<pin id="198" dir="1" index="3" bw="0" slack="2147483647"/>
</pin_list>
<bind>
<opcode="write(1151) " fcode="write"/>
<opset="write_ln0/1 "/>
</bind>
</comp>

<comp id="202" class="1004" name="grp_DebayerG_Pipeline_VITIS_LOOP_318_4_fu_202">
<pin_list>
<pin id="203" dir="0" index="0" bw="0" slack="0"/>
<pin id="204" dir="0" index="1" bw="10" slack="2"/>
<pin id="205" dir="0" index="2" bw="10" slack="2"/>
<pin id="206" dir="0" index="3" bw="10" slack="2"/>
<pin id="207" dir="0" index="4" bw="10" slack="2"/>
<pin id="208" dir="0" index="5" bw="10" slack="2"/>
<pin id="209" dir="0" index="6" bw="10" slack="2"/>
<pin id="210" dir="0" index="7" bw="10" slack="2"/>
<pin id="211" dir="0" index="8" bw="10" slack="2"/>
<pin id="212" dir="0" index="9" bw="10" slack="2"/>
<pin id="213" dir="0" index="10" bw="10" slack="2"/>
<pin id="214" dir="0" index="11" bw="10" slack="2"/>
<pin id="215" dir="0" index="12" bw="10" slack="2"/>
<pin id="216" dir="0" index="13" bw="10" slack="2"/>
<pin id="217" dir="0" index="14" bw="10" slack="2"/>
<pin id="218" dir="0" index="15" bw="10" slack="2"/>
<pin id="219" dir="0" index="16" bw="10" slack="2"/>
<pin id="220" dir="0" index="17" bw="10" slack="2"/>
<pin id="221" dir="0" index="18" bw="10" slack="2"/>
<pin id="222" dir="0" index="19" bw="10" slack="2"/>
<pin id="223" dir="0" index="20" bw="10" slack="2"/>
<pin id="224" dir="0" index="21" bw="17" slack="2"/>
<pin id="225" dir="0" index="22" bw="30" slack="0"/>
<pin id="226" dir="0" index="23" bw="1" slack="2"/>
<pin id="227" dir="0" index="24" bw="15" slack="1"/>
<pin id="228" dir="0" index="25" bw="1" slack="1"/>
<pin id="229" dir="0" index="26" bw="17" slack="1"/>
<pin id="230" dir="0" index="27" bw="10" slack="2147483647"/>
<pin id="231" dir="0" index="28" bw="10" slack="2147483647"/>
<pin id="232" dir="0" index="29" bw="10" slack="2147483647"/>
<pin id="233" dir="0" index="30" bw="10" slack="2147483647"/>
<pin id="234" dir="0" index="31" bw="16" slack="2"/>
<pin id="235" dir="0" index="32" bw="1" slack="1"/>
<pin id="236" dir="0" index="33" bw="1" slack="1"/>
<pin id="237" dir="0" index="34" bw="10" slack="0"/>
<pin id="238" dir="0" index="35" bw="10" slack="2"/>
<pin id="239" dir="0" index="36" bw="10" slack="2"/>
<pin id="240" dir="0" index="37" bw="10" slack="2"/>
<pin id="241" dir="0" index="38" bw="10" slack="2"/>
<pin id="242" dir="0" index="39" bw="10" slack="2"/>
<pin id="243" dir="0" index="40" bw="10" slack="2"/>
<pin id="244" dir="0" index="41" bw="10" slack="2"/>
<pin id="245" dir="0" index="42" bw="10" slack="2"/>
<pin id="246" dir="0" index="43" bw="10" slack="2"/>
<pin id="247" dir="0" index="44" bw="10" slack="2"/>
<pin id="248" dir="0" index="45" bw="10" slack="2"/>
<pin id="249" dir="0" index="46" bw="10" slack="2"/>
<pin id="250" dir="0" index="47" bw="10" slack="2"/>
<pin id="251" dir="0" index="48" bw="10" slack="2"/>
<pin id="252" dir="0" index="49" bw="10" slack="2"/>
<pin id="253" dir="0" index="50" bw="10" slack="2"/>
<pin id="254" dir="0" index="51" bw="10" slack="2"/>
<pin id="255" dir="0" index="52" bw="10" slack="2"/>
<pin id="256" dir="0" index="53" bw="10" slack="2"/>
<pin id="257" dir="0" index="54" bw="10" slack="2"/>
<pin id="258" dir="0" index="55" bw="10" slack="0"/>
<pin id="259" dir="0" index="56" bw="18" slack="0"/>
<pin id="260" dir="1" index="57" bw="0" slack="2147483647"/>
</pin_list>
<bind>
<opcode="call(48) " fcode="call"/>
<opset="call_ln275/3 "/>
</bind>
</comp>

<comp id="266" class="1004" name="zext_ln274_fu_266">
<pin_list>
<pin id="267" dir="0" index="0" bw="16" slack="0"/>
<pin id="268" dir="1" index="1" bw="17" slack="0"/>
</pin_list>
<bind>
<opcode="zext(34) " fcode="zext"/>
<opset="zext_ln274/1 "/>
</bind>
</comp>

<comp id="270" class="1004" name="loopHeight_fu_270">
<pin_list>
<pin id="271" dir="0" index="0" bw="16" slack="0"/>
<pin id="272" dir="0" index="1" bw="3" slack="0"/>
<pin id="273" dir="1" index="2" bw="17" slack="1"/>
</pin_list>
<bind>
<opcode="add(8) " fcode="add"/>
<opset="loopHeight/1 "/>
</bind>
</comp>

<comp id="276" class="1004" name="zext_ln275_fu_276">
<pin_list>
<pin id="277" dir="0" index="0" bw="16" slack="0"/>
<pin id="278" dir="1" index="1" bw="17" slack="0"/>
</pin_list>
<bind>
<opcode="zext(34) " fcode="zext"/>
<opset="zext_ln275/1 "/>
</bind>
</comp>

<comp id="280" class="1004" name="loopWidth_fu_280">
<pin_list>
<pin id="281" dir="0" index="0" bw="16" slack="0"/>
<pin id="282" dir="0" index="1" bw="3" slack="0"/>
<pin id="283" dir="1" index="2" bw="17" slack="2"/>
</pin_list>
<bind>
<opcode="add(8) " fcode="add"/>
<opset="loopWidth/1 "/>
</bind>
</comp>

<comp id="286" class="1004" name="x_phase_fu_286">
<pin_list>
<pin id="287" dir="0" index="0" bw="16" slack="0"/>
<pin id="288" dir="1" index="1" bw="1" slack="2"/>
</pin_list>
<bind>
<opcode="trunc(33) " fcode="trunc"/>
<opset="x_phase/1 "/>
</bind>
</comp>

<comp id="290" class="1004" name="trunc_ln293_1_fu_290">
<pin_list>
<pin id="291" dir="0" index="0" bw="15" slack="0"/>
<pin id="292" dir="0" index="1" bw="16" slack="0"/>
<pin id="293" dir="0" index="2" bw="1" slack="0"/>
<pin id="294" dir="0" index="3" bw="5" slack="0"/>
<pin id="295" dir="1" index="4" bw="15" slack="1"/>
</pin_list>
<bind>
<opcode="partselect(1002) " fcode="partselect"/>
<opset="trunc_ln293_1/1 "/>
</bind>
</comp>

<comp id="300" class="1004" name="store_ln271_store_fu_300">
<pin_list>
<pin id="301" dir="0" index="0" bw="1" slack="0"/>
<pin id="302" dir="0" index="1" bw="17" slack="0"/>
<pin id="303" dir="1" index="2" bw="0" slack="2147483647"/>
</pin_list>
<bind>
<opcode="store(28) " fcode="store"/>
<opset="store_ln271/1 "/>
</bind>
</comp>

<comp id="305" class="1004" name="y_7_load_fu_305">
<pin_list>
<pin id="306" dir="0" index="0" bw="17" slack="1"/>
<pin id="307" dir="1" index="1" bw="17" slack="0"/>
</pin_list>
<bind>
<opcode="load(27) " fcode="load"/>
<opset="y_7/2 "/>
</bind>
</comp>

<comp id="308" class="1004" name="icmp_ln315_fu_308">
<pin_list>
<pin id="309" dir="0" index="0" bw="17" slack="0"/>
<pin id="310" dir="0" index="1" bw="17" slack="1"/>
<pin id="311" dir="1" index="2" bw="1" slack="2147483647"/>
</pin_list>
<bind>
<opcode="icmp(45) " fcode="icmp"/>
<opset="icmp_ln315/2 "/>
</bind>
</comp>

<comp id="313" class="1004" name="y_8_fu_313">
<pin_list>
<pin id="314" dir="0" index="0" bw="17" slack="0"/>
<pin id="315" dir="0" index="1" bw="1" slack="0"/>
<pin id="316" dir="1" index="2" bw="17" slack="0"/>
</pin_list>
<bind>
<opcode="add(8) " fcode="add"/>
<opset="y_8/2 "/>
</bind>
</comp>

<comp id="319" class="1004" name="p_lcssa49695002_load_load_fu_319">
<pin_list>
<pin id="320" dir="0" index="0" bw="10" slack="1"/>
<pin id="321" dir="1" index="1" bw="10" slack="2"/>
</pin_list>
<bind>
<opcode="load(27) " fcode="load"/>
<opset="p_lcssa49695002_load/2 "/>
</bind>
</comp>

<comp id="322" class="1004" name="p_lcssa49715004_load_load_fu_322">
<pin_list>
<pin id="323" dir="0" index="0" bw="10" slack="1"/>
<pin id="324" dir="1" index="1" bw="10" slack="2"/>
</pin_list>
<bind>
<opcode="load(27) " fcode="load"/>
<opset="p_lcssa49715004_load/2 "/>
</bind>
</comp>

<comp id="325" class="1004" name="p_lcssa49725006_load_load_fu_325">
<pin_list>
<pin id="326" dir="0" index="0" bw="10" slack="1"/>
<pin id="327" dir="1" index="1" bw="10" slack="2"/>
</pin_list>
<bind>
<opcode="load(27) " fcode="load"/>
<opset="p_lcssa49725006_load/2 "/>
</bind>
</comp>

<comp id="328" class="1004" name="p_lcssa49735008_load_load_fu_328">
<pin_list>
<pin id="329" dir="0" index="0" bw="10" slack="1"/>
<pin id="330" dir="1" index="1" bw="10" slack="2"/>
</pin_list>
<bind>
<opcode="load(27) " fcode="load"/>
<opset="p_lcssa49735008_load/2 "/>
</bind>
</comp>

<comp id="331" class="1004" name="p_lcssa49755010_load_load_fu_331">
<pin_list>
<pin id="332" dir="0" index="0" bw="10" slack="1"/>
<pin id="333" dir="1" index="1" bw="10" slack="2"/>
</pin_list>
<bind>
<opcode="load(27) " fcode="load"/>
<opset="p_lcssa49755010_load/2 "/>
</bind>
</comp>

<comp id="334" class="1004" name="p_lcssa49765012_load_load_fu_334">
<pin_list>
<pin id="335" dir="0" index="0" bw="10" slack="1"/>
<pin id="336" dir="1" index="1" bw="10" slack="2"/>
</pin_list>
<bind>
<opcode="load(27) " fcode="load"/>
<opset="p_lcssa49765012_load/2 "/>
</bind>
</comp>

<comp id="337" class="1004" name="p_lcssa49775014_load_load_fu_337">
<pin_list>
<pin id="338" dir="0" index="0" bw="10" slack="1"/>
<pin id="339" dir="1" index="1" bw="10" slack="2"/>
</pin_list>
<bind>
<opcode="load(27) " fcode="load"/>
<opset="p_lcssa49775014_load/2 "/>
</bind>
</comp>

<comp id="340" class="1004" name="p_lcssa49795016_load_load_fu_340">
<pin_list>
<pin id="341" dir="0" index="0" bw="10" slack="1"/>
<pin id="342" dir="1" index="1" bw="10" slack="2"/>
</pin_list>
<bind>
<opcode="load(27) " fcode="load"/>
<opset="p_lcssa49795016_load/2 "/>
</bind>
</comp>

<comp id="343" class="1004" name="p_lcssa49805018_load_load_fu_343">
<pin_list>
<pin id="344" dir="0" index="0" bw="10" slack="1"/>
<pin id="345" dir="1" index="1" bw="10" slack="2"/>
</pin_list>
<bind>
<opcode="load(27) " fcode="load"/>
<opset="p_lcssa49805018_load/2 "/>
</bind>
</comp>

<comp id="346" class="1004" name="p_lcssa49815020_load_load_fu_346">
<pin_list>
<pin id="347" dir="0" index="0" bw="10" slack="1"/>
<pin id="348" dir="1" index="1" bw="10" slack="2"/>
</pin_list>
<bind>
<opcode="load(27) " fcode="load"/>
<opset="p_lcssa49815020_load/2 "/>
</bind>
</comp>

<comp id="349" class="1004" name="p_lcssa49835022_load_load_fu_349">
<pin_list>
<pin id="350" dir="0" index="0" bw="10" slack="1"/>
<pin id="351" dir="1" index="1" bw="10" slack="2"/>
</pin_list>
<bind>
<opcode="load(27) " fcode="load"/>
<opset="p_lcssa49835022_load/2 "/>
</bind>
</comp>

<comp id="352" class="1004" name="p_lcssa49845024_load_load_fu_352">
<pin_list>
<pin id="353" dir="0" index="0" bw="10" slack="1"/>
<pin id="354" dir="1" index="1" bw="10" slack="2"/>
</pin_list>
<bind>
<opcode="load(27) " fcode="load"/>
<opset="p_lcssa49845024_load/2 "/>
</bind>
</comp>

<comp id="355" class="1004" name="p_lcssa49855026_load_load_fu_355">
<pin_list>
<pin id="356" dir="0" index="0" bw="10" slack="1"/>
<pin id="357" dir="1" index="1" bw="10" slack="2"/>
</pin_list>
<bind>
<opcode="load(27) " fcode="load"/>
<opset="p_lcssa49855026_load/2 "/>
</bind>
</comp>

<comp id="358" class="1004" name="p_lcssa49875028_load_load_fu_358">
<pin_list>
<pin id="359" dir="0" index="0" bw="10" slack="1"/>
<pin id="360" dir="1" index="1" bw="10" slack="2"/>
</pin_list>
<bind>
<opcode="load(27) " fcode="load"/>
<opset="p_lcssa49875028_load/2 "/>
</bind>
</comp>

<comp id="361" class="1004" name="p_lcssa49885030_load_load_fu_361">
<pin_list>
<pin id="362" dir="0" index="0" bw="10" slack="1"/>
<pin id="363" dir="1" index="1" bw="10" slack="2"/>
</pin_list>
<bind>
<opcode="load(27) " fcode="load"/>
<opset="p_lcssa49885030_load/2 "/>
</bind>
</comp>

<comp id="364" class="1004" name="p_lcssa51615167_load_load_fu_364">
<pin_list>
<pin id="365" dir="0" index="0" bw="10" slack="1"/>
<pin id="366" dir="1" index="1" bw="10" slack="2"/>
</pin_list>
<bind>
<opcode="load(27) " fcode="load"/>
<opset="p_lcssa51615167_load/2 "/>
</bind>
</comp>

<comp id="367" class="1004" name="p_lcssa51625169_load_load_fu_367">
<pin_list>
<pin id="368" dir="0" index="0" bw="10" slack="1"/>
<pin id="369" dir="1" index="1" bw="10" slack="2"/>
</pin_list>
<bind>
<opcode="load(27) " fcode="load"/>
<opset="p_lcssa51625169_load/2 "/>
</bind>
</comp>

<comp id="370" class="1004" name="p_lcssa51635171_load_load_fu_370">
<pin_list>
<pin id="371" dir="0" index="0" bw="10" slack="1"/>
<pin id="372" dir="1" index="1" bw="10" slack="2"/>
</pin_list>
<bind>
<opcode="load(27) " fcode="load"/>
<opset="p_lcssa51635171_load/2 "/>
</bind>
</comp>

<comp id="373" class="1004" name="p_lcssa51645173_load_load_fu_373">
<pin_list>
<pin id="374" dir="0" index="0" bw="10" slack="1"/>
<pin id="375" dir="1" index="1" bw="10" slack="2"/>
</pin_list>
<bind>
<opcode="load(27) " fcode="load"/>
<opset="p_lcssa51645173_load/2 "/>
</bind>
</comp>

<comp id="376" class="1004" name="p_lcssa51655175_load_load_fu_376">
<pin_list>
<pin id="377" dir="0" index="0" bw="10" slack="1"/>
<pin id="378" dir="1" index="1" bw="10" slack="2"/>
</pin_list>
<bind>
<opcode="load(27) " fcode="load"/>
<opset="p_lcssa51655175_load/2 "/>
</bind>
</comp>

<comp id="379" class="1004" name="out_y_fu_379">
<pin_list>
<pin id="380" dir="0" index="0" bw="17" slack="0"/>
<pin id="381" dir="0" index="1" bw="2" slack="0"/>
<pin id="382" dir="1" index="2" bw="17" slack="0"/>
</pin_list>
<bind>
<opcode="add(8) " fcode="add"/>
<opset="out_y/2 "/>
</bind>
</comp>

<comp id="385" class="1004" name="empty_fu_385">
<pin_list>
<pin id="386" dir="0" index="0" bw="17" slack="0"/>
<pin id="387" dir="1" index="1" bw="1" slack="0"/>
</pin_list>
<bind>
<opcode="trunc(33) " fcode="trunc"/>
<opset="empty/2 "/>
</bind>
</comp>

<comp id="389" class="1004" name="and226_cast_fu_389">
<pin_list>
<pin id="390" dir="0" index="0" bw="1" slack="0"/>
<pin id="391" dir="1" index="1" bw="15" slack="0"/>
</pin_list>
<bind>
<opcode="zext(34) " fcode="zext"/>
<opset="and226_cast/2 "/>
</bind>
</comp>

<comp id="393" class="1004" name="xor_fu_393">
<pin_list>
<pin id="394" dir="0" index="0" bw="15" slack="1"/>
<pin id="395" dir="0" index="1" bw="1" slack="0"/>
<pin id="396" dir="1" index="2" bw="15" slack="1"/>
</pin_list>
<bind>
<opcode="xor(25) " fcode="xor"/>
<opset="xor/2 "/>
</bind>
</comp>

<comp id="398" class="1004" name="cmp689_fu_398">
<pin_list>
<pin id="399" dir="0" index="0" bw="1" slack="0"/>
<pin id="400" dir="0" index="1" bw="15" slack="1"/>
<pin id="401" dir="1" index="2" bw="1" slack="1"/>
</pin_list>
<bind>
<opcode="icmp(45) " fcode="icmp"/>
<opset="cmp689/2 "/>
</bind>
</comp>

<comp id="403" class="1004" name="cmp84_fu_403">
<pin_list>
<pin id="404" dir="0" index="0" bw="17" slack="0"/>
<pin id="405" dir="0" index="1" bw="16" slack="1"/>
<pin id="406" dir="1" index="2" bw="1" slack="1"/>
</pin_list>
<bind>
<opcode="icmp(45) " fcode="icmp"/>
<opset="cmp84/2 "/>
</bind>
</comp>

<comp id="408" class="1004" name="cmp170_fu_408">
<pin_list>
<pin id="409" dir="0" index="0" bw="17" slack="0"/>
<pin id="410" dir="0" index="1" bw="1" slack="0"/>
<pin id="411" dir="1" index="2" bw="1" slack="1"/>
</pin_list>
<bind>
<opcode="icmp(45) " fcode="icmp"/>
<opset="cmp170/2 "/>
</bind>
</comp>

<comp id="414" class="1004" name="store_ln271_store_fu_414">
<pin_list>
<pin id="415" dir="0" index="0" bw="17" slack="0"/>
<pin id="416" dir="0" index="1" bw="17" slack="1"/>
<pin id="417" dir="1" index="2" bw="0" slack="2147483647"/>
</pin_list>
<bind>
<opcode="store(28) " fcode="store"/>
<opset="store_ln271/2 "/>
</bind>
</comp>

<comp id="419" class="1005" name="y_reg_419">
<pin_list>
<pin id="420" dir="0" index="0" bw="17" slack="0"/>
<pin id="421" dir="1" index="1" bw="17" slack="0"/>
</pin_list>
<bind>
<opset="y "/>
</bind>
</comp>

<comp id="426" class="1005" name="p_lcssa49695002_reg_426">
<pin_list>
<pin id="427" dir="0" index="0" bw="10" slack="1"/>
<pin id="428" dir="1" index="1" bw="10" slack="1"/>
</pin_list>
<bind>
<opset="p_lcssa49695002 "/>
</bind>
</comp>

<comp id="432" class="1005" name="p_lcssa49715004_reg_432">
<pin_list>
<pin id="433" dir="0" index="0" bw="10" slack="1"/>
<pin id="434" dir="1" index="1" bw="10" slack="1"/>
</pin_list>
<bind>
<opset="p_lcssa49715004 "/>
</bind>
</comp>

<comp id="438" class="1005" name="p_lcssa49725006_reg_438">
<pin_list>
<pin id="439" dir="0" index="0" bw="10" slack="1"/>
<pin id="440" dir="1" index="1" bw="10" slack="1"/>
</pin_list>
<bind>
<opset="p_lcssa49725006 "/>
</bind>
</comp>

<comp id="444" class="1005" name="p_lcssa49735008_reg_444">
<pin_list>
<pin id="445" dir="0" index="0" bw="10" slack="1"/>
<pin id="446" dir="1" index="1" bw="10" slack="1"/>
</pin_list>
<bind>
<opset="p_lcssa49735008 "/>
</bind>
</comp>

<comp id="450" class="1005" name="p_lcssa49755010_reg_450">
<pin_list>
<pin id="451" dir="0" index="0" bw="10" slack="1"/>
<pin id="452" dir="1" index="1" bw="10" slack="1"/>
</pin_list>
<bind>
<opset="p_lcssa49755010 "/>
</bind>
</comp>

<comp id="456" class="1005" name="p_lcssa49765012_reg_456">
<pin_list>
<pin id="457" dir="0" index="0" bw="10" slack="1"/>
<pin id="458" dir="1" index="1" bw="10" slack="1"/>
</pin_list>
<bind>
<opset="p_lcssa49765012 "/>
</bind>
</comp>

<comp id="462" class="1005" name="p_lcssa49775014_reg_462">
<pin_list>
<pin id="463" dir="0" index="0" bw="10" slack="1"/>
<pin id="464" dir="1" index="1" bw="10" slack="1"/>
</pin_list>
<bind>
<opset="p_lcssa49775014 "/>
</bind>
</comp>

<comp id="468" class="1005" name="p_lcssa49795016_reg_468">
<pin_list>
<pin id="469" dir="0" index="0" bw="10" slack="1"/>
<pin id="470" dir="1" index="1" bw="10" slack="1"/>
</pin_list>
<bind>
<opset="p_lcssa49795016 "/>
</bind>
</comp>

<comp id="474" class="1005" name="p_lcssa49805018_reg_474">
<pin_list>
<pin id="475" dir="0" index="0" bw="10" slack="1"/>
<pin id="476" dir="1" index="1" bw="10" slack="1"/>
</pin_list>
<bind>
<opset="p_lcssa49805018 "/>
</bind>
</comp>

<comp id="480" class="1005" name="p_lcssa49815020_reg_480">
<pin_list>
<pin id="481" dir="0" index="0" bw="10" slack="1"/>
<pin id="482" dir="1" index="1" bw="10" slack="1"/>
</pin_list>
<bind>
<opset="p_lcssa49815020 "/>
</bind>
</comp>

<comp id="486" class="1005" name="p_lcssa49835022_reg_486">
<pin_list>
<pin id="487" dir="0" index="0" bw="10" slack="1"/>
<pin id="488" dir="1" index="1" bw="10" slack="1"/>
</pin_list>
<bind>
<opset="p_lcssa49835022 "/>
</bind>
</comp>

<comp id="492" class="1005" name="p_lcssa49845024_reg_492">
<pin_list>
<pin id="493" dir="0" index="0" bw="10" slack="1"/>
<pin id="494" dir="1" index="1" bw="10" slack="1"/>
</pin_list>
<bind>
<opset="p_lcssa49845024 "/>
</bind>
</comp>

<comp id="498" class="1005" name="p_lcssa49855026_reg_498">
<pin_list>
<pin id="499" dir="0" index="0" bw="10" slack="1"/>
<pin id="500" dir="1" index="1" bw="10" slack="1"/>
</pin_list>
<bind>
<opset="p_lcssa49855026 "/>
</bind>
</comp>

<comp id="504" class="1005" name="p_lcssa49875028_reg_504">
<pin_list>
<pin id="505" dir="0" index="0" bw="10" slack="1"/>
<pin id="506" dir="1" index="1" bw="10" slack="1"/>
</pin_list>
<bind>
<opset="p_lcssa49875028 "/>
</bind>
</comp>

<comp id="510" class="1005" name="p_lcssa49885030_reg_510">
<pin_list>
<pin id="511" dir="0" index="0" bw="10" slack="1"/>
<pin id="512" dir="1" index="1" bw="10" slack="1"/>
</pin_list>
<bind>
<opset="p_lcssa49885030 "/>
</bind>
</comp>

<comp id="516" class="1005" name="p_lcssa51615167_reg_516">
<pin_list>
<pin id="517" dir="0" index="0" bw="10" slack="1"/>
<pin id="518" dir="1" index="1" bw="10" slack="1"/>
</pin_list>
<bind>
<opset="p_lcssa51615167 "/>
</bind>
</comp>

<comp id="522" class="1005" name="p_lcssa51625169_reg_522">
<pin_list>
<pin id="523" dir="0" index="0" bw="10" slack="1"/>
<pin id="524" dir="1" index="1" bw="10" slack="1"/>
</pin_list>
<bind>
<opset="p_lcssa51625169 "/>
</bind>
</comp>

<comp id="528" class="1005" name="p_lcssa51635171_reg_528">
<pin_list>
<pin id="529" dir="0" index="0" bw="10" slack="1"/>
<pin id="530" dir="1" index="1" bw="10" slack="1"/>
</pin_list>
<bind>
<opset="p_lcssa51635171 "/>
</bind>
</comp>

<comp id="534" class="1005" name="p_lcssa51645173_reg_534">
<pin_list>
<pin id="535" dir="0" index="0" bw="10" slack="1"/>
<pin id="536" dir="1" index="1" bw="10" slack="1"/>
</pin_list>
<bind>
<opset="p_lcssa51645173 "/>
</bind>
</comp>

<comp id="540" class="1005" name="p_lcssa51655175_reg_540">
<pin_list>
<pin id="541" dir="0" index="0" bw="10" slack="1"/>
<pin id="542" dir="1" index="1" bw="10" slack="1"/>
</pin_list>
<bind>
<opset="p_lcssa51655175 "/>
</bind>
</comp>

<comp id="546" class="1005" name="width_read_reg_546">
<pin_list>
<pin id="547" dir="0" index="0" bw="16" slack="2"/>
<pin id="548" dir="1" index="1" bw="16" slack="2"/>
</pin_list>
<bind>
<opset="width_read "/>
</bind>
</comp>

<comp id="551" class="1005" name="zext_ln274_reg_551">
<pin_list>
<pin id="552" dir="0" index="0" bw="17" slack="1"/>
<pin id="553" dir="1" index="1" bw="17" slack="1"/>
</pin_list>
<bind>
<opset="zext_ln274 "/>
</bind>
</comp>

<comp id="556" class="1005" name="loopHeight_reg_556">
<pin_list>
<pin id="557" dir="0" index="0" bw="17" slack="1"/>
<pin id="558" dir="1" index="1" bw="17" slack="1"/>
</pin_list>
<bind>
<opset="loopHeight "/>
</bind>
</comp>

<comp id="561" class="1005" name="loopWidth_reg_561">
<pin_list>
<pin id="562" dir="0" index="0" bw="17" slack="2"/>
<pin id="563" dir="1" index="1" bw="17" slack="2"/>
</pin_list>
<bind>
<opset="loopWidth "/>
</bind>
</comp>

<comp id="566" class="1005" name="x_phase_reg_566">
<pin_list>
<pin id="567" dir="0" index="0" bw="1" slack="2"/>
<pin id="568" dir="1" index="1" bw="1" slack="2"/>
</pin_list>
<bind>
<opset="x_phase "/>
</bind>
</comp>

<comp id="571" class="1005" name="trunc_ln293_1_reg_571">
<pin_list>
<pin id="572" dir="0" index="0" bw="15" slack="1"/>
<pin id="573" dir="1" index="1" bw="15" slack="1"/>
</pin_list>
<bind>
<opset="trunc_ln293_1 "/>
</bind>
</comp>

<comp id="580" class="1005" name="p_lcssa49695002_load_reg_580">
<pin_list>
<pin id="581" dir="0" index="0" bw="10" slack="2"/>
<pin id="582" dir="1" index="1" bw="10" slack="2"/>
</pin_list>
<bind>
<opset="p_lcssa49695002_load "/>
</bind>
</comp>

<comp id="585" class="1005" name="p_lcssa49715004_load_reg_585">
<pin_list>
<pin id="586" dir="0" index="0" bw="10" slack="2"/>
<pin id="587" dir="1" index="1" bw="10" slack="2"/>
</pin_list>
<bind>
<opset="p_lcssa49715004_load "/>
</bind>
</comp>

<comp id="590" class="1005" name="p_lcssa49725006_load_reg_590">
<pin_list>
<pin id="591" dir="0" index="0" bw="10" slack="2"/>
<pin id="592" dir="1" index="1" bw="10" slack="2"/>
</pin_list>
<bind>
<opset="p_lcssa49725006_load "/>
</bind>
</comp>

<comp id="595" class="1005" name="p_lcssa49735008_load_reg_595">
<pin_list>
<pin id="596" dir="0" index="0" bw="10" slack="2"/>
<pin id="597" dir="1" index="1" bw="10" slack="2"/>
</pin_list>
<bind>
<opset="p_lcssa49735008_load "/>
</bind>
</comp>

<comp id="600" class="1005" name="p_lcssa49755010_load_reg_600">
<pin_list>
<pin id="601" dir="0" index="0" bw="10" slack="2"/>
<pin id="602" dir="1" index="1" bw="10" slack="2"/>
</pin_list>
<bind>
<opset="p_lcssa49755010_load "/>
</bind>
</comp>

<comp id="605" class="1005" name="p_lcssa49765012_load_reg_605">
<pin_list>
<pin id="606" dir="0" index="0" bw="10" slack="2"/>
<pin id="607" dir="1" index="1" bw="10" slack="2"/>
</pin_list>
<bind>
<opset="p_lcssa49765012_load "/>
</bind>
</comp>

<comp id="610" class="1005" name="p_lcssa49775014_load_reg_610">
<pin_list>
<pin id="611" dir="0" index="0" bw="10" slack="2"/>
<pin id="612" dir="1" index="1" bw="10" slack="2"/>
</pin_list>
<bind>
<opset="p_lcssa49775014_load "/>
</bind>
</comp>

<comp id="615" class="1005" name="p_lcssa49795016_load_reg_615">
<pin_list>
<pin id="616" dir="0" index="0" bw="10" slack="2"/>
<pin id="617" dir="1" index="1" bw="10" slack="2"/>
</pin_list>
<bind>
<opset="p_lcssa49795016_load "/>
</bind>
</comp>

<comp id="620" class="1005" name="p_lcssa49805018_load_reg_620">
<pin_list>
<pin id="621" dir="0" index="0" bw="10" slack="2"/>
<pin id="622" dir="1" index="1" bw="10" slack="2"/>
</pin_list>
<bind>
<opset="p_lcssa49805018_load "/>
</bind>
</comp>

<comp id="625" class="1005" name="p_lcssa49815020_load_reg_625">
<pin_list>
<pin id="626" dir="0" index="0" bw="10" slack="2"/>
<pin id="627" dir="1" index="1" bw="10" slack="2"/>
</pin_list>
<bind>
<opset="p_lcssa49815020_load "/>
</bind>
</comp>

<comp id="630" class="1005" name="p_lcssa49835022_load_reg_630">
<pin_list>
<pin id="631" dir="0" index="0" bw="10" slack="2"/>
<pin id="632" dir="1" index="1" bw="10" slack="2"/>
</pin_list>
<bind>
<opset="p_lcssa49835022_load "/>
</bind>
</comp>

<comp id="635" class="1005" name="p_lcssa49845024_load_reg_635">
<pin_list>
<pin id="636" dir="0" index="0" bw="10" slack="2"/>
<pin id="637" dir="1" index="1" bw="10" slack="2"/>
</pin_list>
<bind>
<opset="p_lcssa49845024_load "/>
</bind>
</comp>

<comp id="640" class="1005" name="p_lcssa49855026_load_reg_640">
<pin_list>
<pin id="641" dir="0" index="0" bw="10" slack="2"/>
<pin id="642" dir="1" index="1" bw="10" slack="2"/>
</pin_list>
<bind>
<opset="p_lcssa49855026_load "/>
</bind>
</comp>

<comp id="645" class="1005" name="p_lcssa49875028_load_reg_645">
<pin_list>
<pin id="646" dir="0" index="0" bw="10" slack="2"/>
<pin id="647" dir="1" index="1" bw="10" slack="2"/>
</pin_list>
<bind>
<opset="p_lcssa49875028_load "/>
</bind>
</comp>

<comp id="650" class="1005" name="p_lcssa49885030_load_reg_650">
<pin_list>
<pin id="651" dir="0" index="0" bw="10" slack="2"/>
<pin id="652" dir="1" index="1" bw="10" slack="2"/>
</pin_list>
<bind>
<opset="p_lcssa49885030_load "/>
</bind>
</comp>

<comp id="655" class="1005" name="p_lcssa51615167_load_reg_655">
<pin_list>
<pin id="656" dir="0" index="0" bw="10" slack="2"/>
<pin id="657" dir="1" index="1" bw="10" slack="2"/>
</pin_list>
<bind>
<opset="p_lcssa51615167_load "/>
</bind>
</comp>

<comp id="660" class="1005" name="p_lcssa51625169_load_reg_660">
<pin_list>
<pin id="661" dir="0" index="0" bw="10" slack="2"/>
<pin id="662" dir="1" index="1" bw="10" slack="2"/>
</pin_list>
<bind>
<opset="p_lcssa51625169_load "/>
</bind>
</comp>

<comp id="665" class="1005" name="p_lcssa51635171_load_reg_665">
<pin_list>
<pin id="666" dir="0" index="0" bw="10" slack="2"/>
<pin id="667" dir="1" index="1" bw="10" slack="2"/>
</pin_list>
<bind>
<opset="p_lcssa51635171_load "/>
</bind>
</comp>

<comp id="670" class="1005" name="p_lcssa51645173_load_reg_670">
<pin_list>
<pin id="671" dir="0" index="0" bw="10" slack="2"/>
<pin id="672" dir="1" index="1" bw="10" slack="2"/>
</pin_list>
<bind>
<opset="p_lcssa51645173_load "/>
</bind>
</comp>

<comp id="675" class="1005" name="p_lcssa51655175_load_reg_675">
<pin_list>
<pin id="676" dir="0" index="0" bw="10" slack="2"/>
<pin id="677" dir="1" index="1" bw="10" slack="2"/>
</pin_list>
<bind>
<opset="p_lcssa51655175_load "/>
</bind>
</comp>

<comp id="680" class="1005" name="out_y_reg_680">
<pin_list>
<pin id="681" dir="0" index="0" bw="17" slack="1"/>
<pin id="682" dir="1" index="1" bw="17" slack="1"/>
</pin_list>
<bind>
<opset="out_y "/>
</bind>
</comp>

<comp id="685" class="1005" name="xor_reg_685">
<pin_list>
<pin id="686" dir="0" index="0" bw="15" slack="1"/>
<pin id="687" dir="1" index="1" bw="15" slack="1"/>
</pin_list>
<bind>
<opset="xor "/>
</bind>
</comp>

<comp id="690" class="1005" name="cmp689_reg_690">
<pin_list>
<pin id="691" dir="0" index="0" bw="1" slack="1"/>
<pin id="692" dir="1" index="1" bw="1" slack="1"/>
</pin_list>
<bind>
<opset="cmp689 "/>
</bind>
</comp>

<comp id="695" class="1005" name="cmp84_reg_695">
<pin_list>
<pin id="696" dir="0" index="0" bw="1" slack="1"/>
<pin id="697" dir="1" index="1" bw="1" slack="1"/>
</pin_list>
<bind>
<opset="cmp84 "/>
</bind>
</comp>

<comp id="700" class="1005" name="cmp170_reg_700">
<pin_list>
<pin id="701" dir="0" index="0" bw="1" slack="1"/>
<pin id="702" dir="1" index="1" bw="1" slack="1"/>
</pin_list>
<bind>
<opset="cmp170 "/>
</bind>
</comp>

</comp_list>

<net_list>
<net id="79"><net_src comp="16" pin="0"/><net_sink comp="76" pin=0"/></net>

<net id="83"><net_src comp="16" pin="0"/><net_sink comp="80" pin=0"/></net>

<net id="87"><net_src comp="16" pin="0"/><net_sink comp="84" pin=0"/></net>

<net id="91"><net_src comp="16" pin="0"/><net_sink comp="88" pin=0"/></net>

<net id="95"><net_src comp="16" pin="0"/><net_sink comp="92" pin=0"/></net>

<net id="99"><net_src comp="16" pin="0"/><net_sink comp="96" pin=0"/></net>

<net id="103"><net_src comp="16" pin="0"/><net_sink comp="100" pin=0"/></net>

<net id="107"><net_src comp="16" pin="0"/><net_sink comp="104" pin=0"/></net>

<net id="111"><net_src comp="16" pin="0"/><net_sink comp="108" pin=0"/></net>

<net id="115"><net_src comp="16" pin="0"/><net_sink comp="112" pin=0"/></net>

<net id="119"><net_src comp="16" pin="0"/><net_sink comp="116" pin=0"/></net>

<net id="123"><net_src comp="16" pin="0"/><net_sink comp="120" pin=0"/></net>

<net id="127"><net_src comp="16" pin="0"/><net_sink comp="124" pin=0"/></net>

<net id="131"><net_src comp="16" pin="0"/><net_sink comp="128" pin=0"/></net>

<net id="135"><net_src comp="16" pin="0"/><net_sink comp="132" pin=0"/></net>

<net id="139"><net_src comp="16" pin="0"/><net_sink comp="136" pin=0"/></net>

<net id="143"><net_src comp="16" pin="0"/><net_sink comp="140" pin=0"/></net>

<net id="147"><net_src comp="16" pin="0"/><net_sink comp="144" pin=0"/></net>

<net id="151"><net_src comp="16" pin="0"/><net_sink comp="148" pin=0"/></net>

<net id="155"><net_src comp="16" pin="0"/><net_sink comp="152" pin=0"/></net>

<net id="159"><net_src comp="16" pin="0"/><net_sink comp="156" pin=0"/></net>

<net id="163"><net_src comp="46" pin="0"/><net_sink comp="160" pin=0"/></net>

<net id="167"><net_src comp="46" pin="0"/><net_sink comp="164" pin=0"/></net>

<net id="171"><net_src comp="46" pin="0"/><net_sink comp="168" pin=0"/></net>

<net id="175"><net_src comp="46" pin="0"/><net_sink comp="172" pin=0"/></net>

<net id="180"><net_src comp="18" pin="0"/><net_sink comp="176" pin=0"/></net>

<net id="181"><net_src comp="8" pin="0"/><net_sink comp="176" pin=1"/></net>

<net id="186"><net_src comp="20" pin="0"/><net_sink comp="182" pin=0"/></net>

<net id="187"><net_src comp="6" pin="0"/><net_sink comp="182" pin=1"/></net>

<net id="192"><net_src comp="20" pin="0"/><net_sink comp="188" pin=0"/></net>

<net id="193"><net_src comp="4" pin="0"/><net_sink comp="188" pin=1"/></net>

<net id="199"><net_src comp="38" pin="0"/><net_sink comp="194" pin=0"/></net>

<net id="200"><net_src comp="10" pin="0"/><net_sink comp="194" pin=1"/></net>

<net id="201"><net_src comp="176" pin="2"/><net_sink comp="194" pin=2"/></net>

<net id="261"><net_src comp="62" pin="0"/><net_sink comp="202" pin=0"/></net>

<net id="262"><net_src comp="2" pin="0"/><net_sink comp="202" pin=22"/></net>

<net id="263"><net_src comp="0" pin="0"/><net_sink comp="202" pin=34"/></net>

<net id="264"><net_src comp="12" pin="0"/><net_sink comp="202" pin=55"/></net>

<net id="265"><net_src comp="14" pin="0"/><net_sink comp="202" pin=56"/></net>

<net id="269"><net_src comp="188" pin="2"/><net_sink comp="266" pin=0"/></net>

<net id="274"><net_src comp="266" pin="1"/><net_sink comp="270" pin=0"/></net>

<net id="275"><net_src comp="48" pin="0"/><net_sink comp="270" pin=1"/></net>

<net id="279"><net_src comp="182" pin="2"/><net_sink comp="276" pin=0"/></net>

<net id="284"><net_src comp="276" pin="1"/><net_sink comp="280" pin=0"/></net>

<net id="285"><net_src comp="48" pin="0"/><net_sink comp="280" pin=1"/></net>

<net id="289"><net_src comp="176" pin="2"/><net_sink comp="286" pin=0"/></net>

<net id="296"><net_src comp="50" pin="0"/><net_sink comp="290" pin=0"/></net>

<net id="297"><net_src comp="176" pin="2"/><net_sink comp="290" pin=1"/></net>

<net id="298"><net_src comp="16" pin="0"/><net_sink comp="290" pin=2"/></net>

<net id="299"><net_src comp="52" pin="0"/><net_sink comp="290" pin=3"/></net>

<net id="304"><net_src comp="54" pin="0"/><net_sink comp="300" pin=0"/></net>

<net id="312"><net_src comp="305" pin="1"/><net_sink comp="308" pin=0"/></net>

<net id="317"><net_src comp="305" pin="1"/><net_sink comp="313" pin=0"/></net>

<net id="318"><net_src comp="56" pin="0"/><net_sink comp="313" pin=1"/></net>

<net id="383"><net_src comp="305" pin="1"/><net_sink comp="379" pin=0"/></net>

<net id="384"><net_src comp="58" pin="0"/><net_sink comp="379" pin=1"/></net>

<net id="388"><net_src comp="379" pin="2"/><net_sink comp="385" pin=0"/></net>

<net id="392"><net_src comp="385" pin="1"/><net_sink comp="389" pin=0"/></net>

<net id="397"><net_src comp="389" pin="1"/><net_sink comp="393" pin=1"/></net>

<net id="402"><net_src comp="389" pin="1"/><net_sink comp="398" pin=0"/></net>

<net id="407"><net_src comp="305" pin="1"/><net_sink comp="403" pin=0"/></net>

<net id="412"><net_src comp="305" pin="1"/><net_sink comp="408" pin=0"/></net>

<net id="413"><net_src comp="54" pin="0"/><net_sink comp="408" pin=1"/></net>

<net id="418"><net_src comp="313" pin="2"/><net_sink comp="414" pin=0"/></net>

<net id="422"><net_src comp="76" pin="1"/><net_sink comp="419" pin=0"/></net>

<net id="423"><net_src comp="419" pin="1"/><net_sink comp="300" pin=1"/></net>

<net id="424"><net_src comp="419" pin="1"/><net_sink comp="305" pin=0"/></net>

<net id="425"><net_src comp="419" pin="1"/><net_sink comp="414" pin=1"/></net>

<net id="429"><net_src comp="80" pin="1"/><net_sink comp="426" pin=0"/></net>

<net id="430"><net_src comp="426" pin="1"/><net_sink comp="319" pin=0"/></net>

<net id="431"><net_src comp="426" pin="1"/><net_sink comp="202" pin=54"/></net>

<net id="435"><net_src comp="84" pin="1"/><net_sink comp="432" pin=0"/></net>

<net id="436"><net_src comp="432" pin="1"/><net_sink comp="322" pin=0"/></net>

<net id="437"><net_src comp="432" pin="1"/><net_sink comp="202" pin=53"/></net>

<net id="441"><net_src comp="88" pin="1"/><net_sink comp="438" pin=0"/></net>

<net id="442"><net_src comp="438" pin="1"/><net_sink comp="325" pin=0"/></net>

<net id="443"><net_src comp="438" pin="1"/><net_sink comp="202" pin=52"/></net>

<net id="447"><net_src comp="92" pin="1"/><net_sink comp="444" pin=0"/></net>

<net id="448"><net_src comp="444" pin="1"/><net_sink comp="328" pin=0"/></net>

<net id="449"><net_src comp="444" pin="1"/><net_sink comp="202" pin=51"/></net>

<net id="453"><net_src comp="96" pin="1"/><net_sink comp="450" pin=0"/></net>

<net id="454"><net_src comp="450" pin="1"/><net_sink comp="331" pin=0"/></net>

<net id="455"><net_src comp="450" pin="1"/><net_sink comp="202" pin=50"/></net>

<net id="459"><net_src comp="100" pin="1"/><net_sink comp="456" pin=0"/></net>

<net id="460"><net_src comp="456" pin="1"/><net_sink comp="334" pin=0"/></net>

<net id="461"><net_src comp="456" pin="1"/><net_sink comp="202" pin=49"/></net>

<net id="465"><net_src comp="104" pin="1"/><net_sink comp="462" pin=0"/></net>

<net id="466"><net_src comp="462" pin="1"/><net_sink comp="337" pin=0"/></net>

<net id="467"><net_src comp="462" pin="1"/><net_sink comp="202" pin=48"/></net>

<net id="471"><net_src comp="108" pin="1"/><net_sink comp="468" pin=0"/></net>

<net id="472"><net_src comp="468" pin="1"/><net_sink comp="340" pin=0"/></net>

<net id="473"><net_src comp="468" pin="1"/><net_sink comp="202" pin=47"/></net>

<net id="477"><net_src comp="112" pin="1"/><net_sink comp="474" pin=0"/></net>

<net id="478"><net_src comp="474" pin="1"/><net_sink comp="343" pin=0"/></net>

<net id="479"><net_src comp="474" pin="1"/><net_sink comp="202" pin=46"/></net>

<net id="483"><net_src comp="116" pin="1"/><net_sink comp="480" pin=0"/></net>

<net id="484"><net_src comp="480" pin="1"/><net_sink comp="346" pin=0"/></net>

<net id="485"><net_src comp="480" pin="1"/><net_sink comp="202" pin=45"/></net>

<net id="489"><net_src comp="120" pin="1"/><net_sink comp="486" pin=0"/></net>

<net id="490"><net_src comp="486" pin="1"/><net_sink comp="349" pin=0"/></net>

<net id="491"><net_src comp="486" pin="1"/><net_sink comp="202" pin=44"/></net>

<net id="495"><net_src comp="124" pin="1"/><net_sink comp="492" pin=0"/></net>

<net id="496"><net_src comp="492" pin="1"/><net_sink comp="352" pin=0"/></net>

<net id="497"><net_src comp="492" pin="1"/><net_sink comp="202" pin=43"/></net>

<net id="501"><net_src comp="128" pin="1"/><net_sink comp="498" pin=0"/></net>

<net id="502"><net_src comp="498" pin="1"/><net_sink comp="355" pin=0"/></net>

<net id="503"><net_src comp="498" pin="1"/><net_sink comp="202" pin=42"/></net>

<net id="507"><net_src comp="132" pin="1"/><net_sink comp="504" pin=0"/></net>

<net id="508"><net_src comp="504" pin="1"/><net_sink comp="358" pin=0"/></net>

<net id="509"><net_src comp="504" pin="1"/><net_sink comp="202" pin=41"/></net>

<net id="513"><net_src comp="136" pin="1"/><net_sink comp="510" pin=0"/></net>

<net id="514"><net_src comp="510" pin="1"/><net_sink comp="361" pin=0"/></net>

<net id="515"><net_src comp="510" pin="1"/><net_sink comp="202" pin=40"/></net>

<net id="519"><net_src comp="140" pin="1"/><net_sink comp="516" pin=0"/></net>

<net id="520"><net_src comp="516" pin="1"/><net_sink comp="364" pin=0"/></net>

<net id="521"><net_src comp="516" pin="1"/><net_sink comp="202" pin=39"/></net>

<net id="525"><net_src comp="144" pin="1"/><net_sink comp="522" pin=0"/></net>

<net id="526"><net_src comp="522" pin="1"/><net_sink comp="367" pin=0"/></net>

<net id="527"><net_src comp="522" pin="1"/><net_sink comp="202" pin=38"/></net>

<net id="531"><net_src comp="148" pin="1"/><net_sink comp="528" pin=0"/></net>

<net id="532"><net_src comp="528" pin="1"/><net_sink comp="370" pin=0"/></net>

<net id="533"><net_src comp="528" pin="1"/><net_sink comp="202" pin=37"/></net>

<net id="537"><net_src comp="152" pin="1"/><net_sink comp="534" pin=0"/></net>

<net id="538"><net_src comp="534" pin="1"/><net_sink comp="373" pin=0"/></net>

<net id="539"><net_src comp="534" pin="1"/><net_sink comp="202" pin=36"/></net>

<net id="543"><net_src comp="156" pin="1"/><net_sink comp="540" pin=0"/></net>

<net id="544"><net_src comp="540" pin="1"/><net_sink comp="376" pin=0"/></net>

<net id="545"><net_src comp="540" pin="1"/><net_sink comp="202" pin=35"/></net>

<net id="549"><net_src comp="182" pin="2"/><net_sink comp="546" pin=0"/></net>

<net id="550"><net_src comp="546" pin="1"/><net_sink comp="202" pin=31"/></net>

<net id="554"><net_src comp="266" pin="1"/><net_sink comp="551" pin=0"/></net>

<net id="555"><net_src comp="551" pin="1"/><net_sink comp="403" pin=1"/></net>

<net id="559"><net_src comp="270" pin="2"/><net_sink comp="556" pin=0"/></net>

<net id="560"><net_src comp="556" pin="1"/><net_sink comp="308" pin=1"/></net>

<net id="564"><net_src comp="280" pin="2"/><net_sink comp="561" pin=0"/></net>

<net id="565"><net_src comp="561" pin="1"/><net_sink comp="202" pin=21"/></net>

<net id="569"><net_src comp="286" pin="1"/><net_sink comp="566" pin=0"/></net>

<net id="570"><net_src comp="566" pin="1"/><net_sink comp="202" pin=23"/></net>

<net id="574"><net_src comp="290" pin="4"/><net_sink comp="571" pin=0"/></net>

<net id="575"><net_src comp="571" pin="1"/><net_sink comp="393" pin=0"/></net>

<net id="576"><net_src comp="571" pin="1"/><net_sink comp="398" pin=1"/></net>

<net id="583"><net_src comp="319" pin="1"/><net_sink comp="580" pin=0"/></net>

<net id="584"><net_src comp="580" pin="1"/><net_sink comp="202" pin=20"/></net>

<net id="588"><net_src comp="322" pin="1"/><net_sink comp="585" pin=0"/></net>

<net id="589"><net_src comp="585" pin="1"/><net_sink comp="202" pin=19"/></net>

<net id="593"><net_src comp="325" pin="1"/><net_sink comp="590" pin=0"/></net>

<net id="594"><net_src comp="590" pin="1"/><net_sink comp="202" pin=18"/></net>

<net id="598"><net_src comp="328" pin="1"/><net_sink comp="595" pin=0"/></net>

<net id="599"><net_src comp="595" pin="1"/><net_sink comp="202" pin=17"/></net>

<net id="603"><net_src comp="331" pin="1"/><net_sink comp="600" pin=0"/></net>

<net id="604"><net_src comp="600" pin="1"/><net_sink comp="202" pin=16"/></net>

<net id="608"><net_src comp="334" pin="1"/><net_sink comp="605" pin=0"/></net>

<net id="609"><net_src comp="605" pin="1"/><net_sink comp="202" pin=15"/></net>

<net id="613"><net_src comp="337" pin="1"/><net_sink comp="610" pin=0"/></net>

<net id="614"><net_src comp="610" pin="1"/><net_sink comp="202" pin=14"/></net>

<net id="618"><net_src comp="340" pin="1"/><net_sink comp="615" pin=0"/></net>

<net id="619"><net_src comp="615" pin="1"/><net_sink comp="202" pin=13"/></net>

<net id="623"><net_src comp="343" pin="1"/><net_sink comp="620" pin=0"/></net>

<net id="624"><net_src comp="620" pin="1"/><net_sink comp="202" pin=12"/></net>

<net id="628"><net_src comp="346" pin="1"/><net_sink comp="625" pin=0"/></net>

<net id="629"><net_src comp="625" pin="1"/><net_sink comp="202" pin=11"/></net>

<net id="633"><net_src comp="349" pin="1"/><net_sink comp="630" pin=0"/></net>

<net id="634"><net_src comp="630" pin="1"/><net_sink comp="202" pin=10"/></net>

<net id="638"><net_src comp="352" pin="1"/><net_sink comp="635" pin=0"/></net>

<net id="639"><net_src comp="635" pin="1"/><net_sink comp="202" pin=9"/></net>

<net id="643"><net_src comp="355" pin="1"/><net_sink comp="640" pin=0"/></net>

<net id="644"><net_src comp="640" pin="1"/><net_sink comp="202" pin=8"/></net>

<net id="648"><net_src comp="358" pin="1"/><net_sink comp="645" pin=0"/></net>

<net id="649"><net_src comp="645" pin="1"/><net_sink comp="202" pin=7"/></net>

<net id="653"><net_src comp="361" pin="1"/><net_sink comp="650" pin=0"/></net>

<net id="654"><net_src comp="650" pin="1"/><net_sink comp="202" pin=6"/></net>

<net id="658"><net_src comp="364" pin="1"/><net_sink comp="655" pin=0"/></net>

<net id="659"><net_src comp="655" pin="1"/><net_sink comp="202" pin=5"/></net>

<net id="663"><net_src comp="367" pin="1"/><net_sink comp="660" pin=0"/></net>

<net id="664"><net_src comp="660" pin="1"/><net_sink comp="202" pin=4"/></net>

<net id="668"><net_src comp="370" pin="1"/><net_sink comp="665" pin=0"/></net>

<net id="669"><net_src comp="665" pin="1"/><net_sink comp="202" pin=3"/></net>

<net id="673"><net_src comp="373" pin="1"/><net_sink comp="670" pin=0"/></net>

<net id="674"><net_src comp="670" pin="1"/><net_sink comp="202" pin=2"/></net>

<net id="678"><net_src comp="376" pin="1"/><net_sink comp="675" pin=0"/></net>

<net id="679"><net_src comp="675" pin="1"/><net_sink comp="202" pin=1"/></net>

<net id="683"><net_src comp="379" pin="2"/><net_sink comp="680" pin=0"/></net>

<net id="684"><net_src comp="680" pin="1"/><net_sink comp="202" pin=26"/></net>

<net id="688"><net_src comp="393" pin="2"/><net_sink comp="685" pin=0"/></net>

<net id="689"><net_src comp="685" pin="1"/><net_sink comp="202" pin=24"/></net>

<net id="693"><net_src comp="398" pin="2"/><net_sink comp="690" pin=0"/></net>

<net id="694"><net_src comp="690" pin="1"/><net_sink comp="202" pin=25"/></net>

<net id="698"><net_src comp="403" pin="2"/><net_sink comp="695" pin=0"/></net>

<net id="699"><net_src comp="695" pin="1"/><net_sink comp="202" pin=33"/></net>

<net id="703"><net_src comp="408" pin="2"/><net_sink comp="700" pin=0"/></net>

<net id="704"><net_src comp="700" pin="1"/><net_sink comp="202" pin=32"/></net>

</net_list>

</model> 
---------------- Datapath Model END ------------------

* FSMD analyzer results:
  - Output states:
	Port: imgG | {3 4 }
	Port: bayerPhase_c9 | {1 }
 - Input state : 
	Port: DebayerG : imgBayer | {3 4 }
	Port: DebayerG : height | {1 }
	Port: DebayerG : width | {1 }
	Port: DebayerG : bayerPhase_read | {1 }
	Port: DebayerG : DIV1_TABLE | {3 4 }
	Port: DebayerG : DIV2_TABLE | {3 4 }
  - Chain level:
	State 1
		loopHeight : 1
		loopWidth : 1
		store_ln271 : 1
	State 2
		icmp_ln315 : 1
		y_8 : 1
		br_ln315 : 2
		out_y : 1
		empty : 2
		and226_cast : 3
		xor : 4
		cmp689 : 4
		cmp84 : 1
		cmp170 : 1
		store_ln271 : 2
	State 3
	State 4


============================================================
+ Verbose Summary: Datapath Resource usage 
============================================================

* Functional unit list:
|----------|-----------------------------------------------|---------|---------|---------|---------|
| Operation|                Functional Unit                |   DSP   |  Delay  |    FF   |   LUT   |
|----------|-----------------------------------------------|---------|---------|---------|---------|
|   call   | grp_DebayerG_Pipeline_VITIS_LOOP_318_4_fu_202 |    8    | 33.5866 |   2601  |   2457  |
|----------|-----------------------------------------------|---------|---------|---------|---------|
|          |               loopHeight_fu_270               |    0    |    0    |    0    |    23   |
|    add   |                loopWidth_fu_280               |    0    |    0    |    0    |    23   |
|          |                   y_8_fu_313                  |    0    |    0    |    0    |    24   |
|          |                  out_y_fu_379                 |    0    |    0    |    0    |    24   |
|----------|-----------------------------------------------|---------|---------|---------|---------|
|          |               icmp_ln315_fu_308               |    0    |    0    |    0    |    24   |
|   icmp   |                 cmp689_fu_398                 |    0    |    0    |    0    |    20   |
|          |                  cmp84_fu_403                 |    0    |    0    |    0    |    24   |
|          |                 cmp170_fu_408                 |    0    |    0    |    0    |    24   |
|----------|-----------------------------------------------|---------|---------|---------|---------|
|    xor   |                   xor_fu_393                  |    0    |    0    |    0    |    15   |
|----------|-----------------------------------------------|---------|---------|---------|---------|
|          |         bayerPhase_read_1_read_fu_176         |    0    |    0    |    0    |    0    |
|   read   |             width_read_read_fu_182            |    0    |    0    |    0    |    0    |
|          |            height_read_read_fu_188            |    0    |    0    |    0    |    0    |
|----------|-----------------------------------------------|---------|---------|---------|---------|
|   write  |             write_ln0_write_fu_194            |    0    |    0    |    0    |    0    |
|----------|-----------------------------------------------|---------|---------|---------|---------|
|          |               zext_ln274_fu_266               |    0    |    0    |    0    |    0    |
|   zext   |               zext_ln275_fu_276               |    0    |    0    |    0    |    0    |
|          |               and226_cast_fu_389              |    0    |    0    |    0    |    0    |
|----------|-----------------------------------------------|---------|---------|---------|---------|
|   trunc  |                 x_phase_fu_286                |    0    |    0    |    0    |    0    |
|          |                  empty_fu_385                 |    0    |    0    |    0    |    0    |
|----------|-----------------------------------------------|---------|---------|---------|---------|
|partselect|              trunc_ln293_1_fu_290             |    0    |    0    |    0    |    0    |
|----------|-----------------------------------------------|---------|---------|---------|---------|
|   Total  |                                               |    8    | 33.5866 |   2601  |   2658  |
|----------|-----------------------------------------------|---------|---------|---------|---------|

Memories:
+-------------+--------+--------+--------+--------+
|             |  BRAM  |   FF   |   LUT  |  URAM  |
+-------------+--------+--------+--------+--------+
| linebuf_yuv |    1   |    0   |    0   |    0   |
|linebuf_yuv_1|    1   |    0   |    0   |    0   |
|linebuf_yuv_2|    1   |    0   |    0   |    0   |
|linebuf_yuv_3|    1   |    0   |    0   |    0   |
+-------------+--------+--------+--------+--------+
|    Total    |    4   |    0   |    0   |    0   |
+-------------+--------+--------+--------+--------+

* Register list:
+----------------------------+--------+
|                            |   FF   |
+----------------------------+--------+
|       cmp170_reg_700       |    1   |
|       cmp689_reg_690       |    1   |
|        cmp84_reg_695       |    1   |
|     loopHeight_reg_556     |   17   |
|      loopWidth_reg_561     |   17   |
|        out_y_reg_680       |   17   |
|p_lcssa49695002_load_reg_580|   10   |
|   p_lcssa49695002_reg_426  |   10   |
|p_lcssa49715004_load_reg_585|   10   |
|   p_lcssa49715004_reg_432  |   10   |
|p_lcssa49725006_load_reg_590|   10   |
|   p_lcssa49725006_reg_438  |   10   |
|p_lcssa49735008_load_reg_595|   10   |
|   p_lcssa49735008_reg_444  |   10   |
|p_lcssa49755010_load_reg_600|   10   |
|   p_lcssa49755010_reg_450  |   10   |
|p_lcssa49765012_load_reg_605|   10   |
|   p_lcssa49765012_reg_456  |   10   |
|p_lcssa49775014_load_reg_610|   10   |
|   p_lcssa49775014_reg_462  |   10   |
|p_lcssa49795016_load_reg_615|   10   |
|   p_lcssa49795016_reg_468  |   10   |
|p_lcssa49805018_load_reg_620|   10   |
|   p_lcssa49805018_reg_474  |   10   |
|p_lcssa49815020_load_reg_625|   10   |
|   p_lcssa49815020_reg_480  |   10   |
|p_lcssa49835022_load_reg_630|   10   |
|   p_lcssa49835022_reg_486  |   10   |
|p_lcssa49845024_load_reg_635|   10   |
|   p_lcssa49845024_reg_492  |   10   |
|p_lcssa49855026_load_reg_640|   10   |
|   p_lcssa49855026_reg_498  |   10   |
|p_lcssa49875028_load_reg_645|   10   |
|   p_lcssa49875028_reg_504  |   10   |
|p_lcssa49885030_load_reg_650|   10   |
|   p_lcssa49885030_reg_510  |   10   |
|p_lcssa51615167_load_reg_655|   10   |
|   p_lcssa51615167_reg_516  |   10   |
|p_lcssa51625169_load_reg_660|   10   |
|   p_lcssa51625169_reg_522  |   10   |
|p_lcssa51635171_load_reg_665|   10   |
|   p_lcssa51635171_reg_528  |   10   |
|p_lcssa51645173_load_reg_670|   10   |
|   p_lcssa51645173_reg_534  |   10   |
|p_lcssa51655175_load_reg_675|   10   |
|   p_lcssa51655175_reg_540  |   10   |
|    trunc_ln293_1_reg_571   |   15   |
|     width_read_reg_546     |   16   |
|       x_phase_reg_566      |    1   |
|         xor_reg_685        |   15   |
|          y_reg_419         |   17   |
|     zext_ln274_reg_551     |   17   |
+----------------------------+--------+
|            Total           |   535  |
+----------------------------+--------+

* Multiplexer (MUX) list: 
|--------|------|------|------|--------|
|  Comp  |  Pin | Size |  BW  | S x BW |
|--------|------|------|------|--------|
|  Total |      |      |      |    0   |
|--------|------|------|------|--------|



* Summary:
+-----------+--------+--------+--------+--------+--------+--------+
|           |  BRAM  |   DSP  |  Delay |   FF   |   LUT  |  URAM  |
+-----------+--------+--------+--------+--------+--------+--------+
|  Function |    -   |    8   |   33   |  2601  |  2658  |    -   |
|   Memory  |    4   |    -   |    -   |    0   |    0   |    0   |
|Multiplexer|    -   |    -   |    -   |    -   |    -   |    -   |
|  Register |    -   |    -   |    -   |   535  |    -   |    -   |
+-----------+--------+--------+--------+--------+--------+--------+
|   Total   |    4   |    8   |   33   |  3136  |  2658  |    0   |
+-----------+--------+--------+--------+--------+--------+--------+
