

================================================================
== Vitis HLS Report for 'DebayerRandBatG'
================================================================
* Date:           Thu Dec 28 17:19:10 2023

* Version:        2023.2 (Build 4023990 on Oct 11 2023)
* Project:        prj
* Solution:       sol (Vivado IP Flow Target)
* Product family: zynq
* Target device:  xc7z020-clg484-1


================================================================
== Performance Estimates
================================================================
+ Timing: 
    * Summary: 
    +--------+---------+----------+------------+
    |  Clock |  Target | Estimated| Uncertainty|
    +--------+---------+----------+------------+
    |ap_clk  |  7.00 ns|  6.665 ns|     1.89 ns|
    +--------+---------+----------+------------+

+ Latency: 
    * Summary: 
    +---------+---------+-----------+----------+-----+--------+---------+
    |  Latency (cycles) |  Latency (absolute)  |   Interval   | Pipeline|
    |   min   |   max   |    min    |    max   | min |   max  |   Type  |
    +---------+---------+-----------+----------+-----+--------+---------+
    |       11|   164411|  77.000 ns|  1.151 ms|   11|  164411|       no|
    +---------+---------+-----------+----------+-----+--------+---------+

    + Detail: 
        * Instance: 
        N/A

        * Loop: 
        +--------------------+---------+---------+----------+-----------+-----------+---------+----------+
        |                    |  Latency (cycles) | Iteration|  Initiation Interval  |   Trip  |          |
        |      Loop Name     |   min   |   max   |  Latency |  achieved |   target  |  Count  | Pipelined|
        +--------------------+---------+---------+----------+-----------+-----------+---------+----------+
        |- VITIS_LOOP_878_1  |       10|   164410|  10 ~ 410|          -|          -|  1 ~ 401|        no|
        +--------------------+---------+---------+----------+-----------+-----------+---------+----------+

============================================================
+ Verbose Summary: Synthesis Manager
============================================================
InlineROM: 1
ExposeGlobal: 0
============================================================
+ Verbose Summary: CDFG Model
============================================================
IsTopModel: 0
ResetActiveHigh: 1
IsCombinational: 2
IsDatapathOnly: 0
HasWiredReturn: 1
HasMFsm: 0
HasVarLatency: 1
IsPipeline: 0
IsRtlPipelined: 0
IsInstanceOverlapped: 0
IsDontTouch: 0
HasImplIP: 0
IsGatedGlobalClock: 0


============================================================
+ Verbose Summary: Schedule
============================================================
* Number of FSM states : 4
* Pipeline : 0
* Dataflow Pipeline: 0

* FSM state transitions: 
1 --> 2 
2 --> 3 
3 --> 4 
4 --> 2 

* FSM state operations: 

State 1 <SV = 0> <Delay = 4.37>
ST_1 : Operation 5 [1/1] (0.00ns)   --->   "%y = alloca i32 1" [/home/alen/repo/zynq-7020-video-pipe-3/hw/video-pipe-hw-v5/hw_011223.runs/broncho_video_v_demosaic_0_0_synth_1/prj/sol/.autopilot/db/v_demosaic.cpp:851->/home/alen/repo/zynq-7020-video-pipe-3/hw/video-pipe-hw-v5/hw_011223.runs/broncho_video_v_demosaic_0_0_synth_1/prj/sol/.autopilot/db/v_demosaic.cpp:1073]   --->   Operation 5 'alloca' 'y' <Predicate = true> <Delay = 0.00>
ST_1 : Operation 6 [1/1] (0.00ns)   --->   "%p_0_0_0_0_011661715_lcssa1758_i = alloca i32 1"   --->   Operation 6 'alloca' 'p_0_0_0_0_011661715_lcssa1758_i' <Predicate = true> <Delay = 0.00>
ST_1 : Operation 7 [1/1] (0.00ns)   --->   "%p_0_1_0_0_011671718_lcssa1760_i = alloca i32 1"   --->   Operation 7 'alloca' 'p_0_1_0_0_011671718_lcssa1760_i' <Predicate = true> <Delay = 0.00>
ST_1 : Operation 8 [1/1] (0.00ns)   --->   "%p_0_2_0_0_011681721_lcssa1762_i = alloca i32 1"   --->   Operation 8 'alloca' 'p_0_2_0_0_011681721_lcssa1762_i' <Predicate = true> <Delay = 0.00>
ST_1 : Operation 9 [1/1] (0.00ns)   --->   "%p_0_0_0117417921804_lcssa1840_i = alloca i32 1"   --->   Operation 9 'alloca' 'p_0_0_0117417921804_lcssa1840_i' <Predicate = true> <Delay = 0.00>
ST_1 : Operation 10 [1/1] (0.00ns)   --->   "%p_0_0_0117317941806_lcssa1842_i = alloca i32 1"   --->   Operation 10 'alloca' 'p_0_0_0117317941806_lcssa1842_i' <Predicate = true> <Delay = 0.00>
ST_1 : Operation 11 [1/1] (0.00ns)   --->   "%p_0_0_0117217961808_lcssa1844_i = alloca i32 1"   --->   Operation 11 'alloca' 'p_0_0_0117217961808_lcssa1844_i' <Predicate = true> <Delay = 0.00>
ST_1 : Operation 12 [1/1] (0.00ns)   --->   "%p_0_0_0_0_011601809_lcssa1846_i = alloca i32 1"   --->   Operation 12 'alloca' 'p_0_0_0_0_011601809_lcssa1846_i' <Predicate = true> <Delay = 0.00>
ST_1 : Operation 13 [1/1] (0.00ns)   --->   "%p_0_1_0_0_011611811_lcssa1848_i = alloca i32 1"   --->   Operation 13 'alloca' 'p_0_1_0_0_011611811_lcssa1848_i' <Predicate = true> <Delay = 0.00>
ST_1 : Operation 14 [1/1] (0.00ns)   --->   "%p_0_2_0_0_011621813_lcssa1850_i = alloca i32 1"   --->   Operation 14 'alloca' 'p_0_2_0_0_011621813_lcssa1850_i' <Predicate = true> <Delay = 0.00>
ST_1 : Operation 15 [1/1] (0.00ns)   --->   "%p_0_0_01196_217861816_lcssa1852_i = alloca i32 1"   --->   Operation 15 'alloca' 'p_0_0_01196_217861816_lcssa1852_i' <Predicate = true> <Delay = 0.00>
ST_1 : Operation 16 [1/1] (0.00ns)   --->   "%p_0_0_01195_217881818_lcssa1854_i = alloca i32 1"   --->   Operation 16 'alloca' 'p_0_0_01195_217881818_lcssa1854_i' <Predicate = true> <Delay = 0.00>
ST_1 : Operation 17 [1/1] (0.00ns)   --->   "%p_0_0_01194_217901820_lcssa1856_i = alloca i32 1"   --->   Operation 17 'alloca' 'p_0_0_01194_217901820_lcssa1856_i' <Predicate = true> <Delay = 0.00>
ST_1 : Operation 18 [1/1] (2.55ns)   --->   "%width_read = read i9 @_ssdm_op_Read.ap_stable.i9, i9 %width"   --->   Operation 18 'read' 'width_read' <Predicate = true> <Delay = 2.55> <CoreInst = "FIFO_SRL">   --->   Core 81 'FIFO_SRL' <Latency = 0> <II = 1> <Delay = 3.63> <Storage> <Opcode : 'read' 'write' 'nbread' 'nbwrite'> <Ports = 0> <Width = -1> <Depth = -1> <FIFO>
ST_1 : Operation 19 [1/1] (2.55ns)   --->   "%height_read = read i9 @_ssdm_op_Read.ap_stable.i9, i9 %height"   --->   Operation 19 'read' 'height_read' <Predicate = true> <Delay = 2.55> <CoreInst = "FIFO_SRL">   --->   Core 81 'FIFO_SRL' <Latency = 0> <II = 1> <Delay = 3.63> <Storage> <Opcode : 'read' 'write' 'nbread' 'nbwrite'> <Ports = 0> <Width = -1> <Depth = -1> <FIFO>
ST_1 : Operation 20 [1/1] (0.00ns)   --->   "%lineBuffer = alloca i64 1" [/home/alen/repo/zynq-7020-video-pipe-3/hw/video-pipe-hw-v5/hw_011223.runs/broncho_video_v_demosaic_0_0_synth_1/prj/sol/.autopilot/db/v_demosaic.cpp:862->/home/alen/repo/zynq-7020-video-pipe-3/hw/video-pipe-hw-v5/hw_011223.runs/broncho_video_v_demosaic_0_0_synth_1/prj/sol/.autopilot/db/v_demosaic.cpp:1073]   --->   Operation 20 'alloca' 'lineBuffer' <Predicate = true> <Delay = 0.00>
ST_1 : Operation 21 [1/1] (0.00ns)   --->   "%lineBuffer_2 = alloca i64 1" [/home/alen/repo/zynq-7020-video-pipe-3/hw/video-pipe-hw-v5/hw_011223.runs/broncho_video_v_demosaic_0_0_synth_1/prj/sol/.autopilot/db/v_demosaic.cpp:862->/home/alen/repo/zynq-7020-video-pipe-3/hw/video-pipe-hw-v5/hw_011223.runs/broncho_video_v_demosaic_0_0_synth_1/prj/sol/.autopilot/db/v_demosaic.cpp:1073]   --->   Operation 21 'alloca' 'lineBuffer_2' <Predicate = true> <Delay = 0.00>
ST_1 : Operation 22 [1/1] (0.00ns)   --->   "%specinterface_ln0 = specinterface void @_ssdm_op_SpecInterface, i16 %bayerPhase_c, void @ap_fifo_str, i32 0, i32 0, void @p_str, i32 0, i32 0, void @p_str, void @p_str, void @p_str, i32 2, i32 2, i32 16, i32 16, void @p_str, void @ScalarProp_str, i32 4294967295, i32 0"   --->   Operation 22 'specinterface' 'specinterface_ln0' <Predicate = true> <Delay = 0.00>
ST_1 : Operation 23 [1/1] (2.55ns)   --->   "%bayerPhase_c_read = read i16 @_ssdm_op_Read.ap_fifo.i16P0A, i16 %bayerPhase_c"   --->   Operation 23 'read' 'bayerPhase_c_read' <Predicate = true> <Delay = 2.55> <CoreInst = "FIFO_SRL">   --->   Core 81 'FIFO_SRL' <Latency = 0> <II = 1> <Delay = 3.63> <Storage> <Opcode : 'read' 'write' 'nbread' 'nbwrite'> <Ports = 0> <Width = 16> <Depth = 2> <FIFO>
ST_1 : Operation 24 [1/1] (0.00ns)   --->   "%specinterface_ln0 = specinterface void @_ssdm_op_SpecInterface, i9 %width, void @ap_stable_str, i32 0, i32 0, void @p_str, i32 0, i32 0, void @p_str, void @p_str, void @p_str, i32 2, i32 2, i32 16, i32 16, void @p_str, void @p_str, i32 4294967295, i32 0"   --->   Operation 24 'specinterface' 'specinterface_ln0' <Predicate = true> <Delay = 0.00>
ST_1 : Operation 25 [1/1] (0.00ns)   --->   "%specinterface_ln0 = specinterface void @_ssdm_op_SpecInterface, i9 %height, void @ap_stable_str, i32 0, i32 0, void @p_str, i32 0, i32 0, void @p_str, void @p_str, void @p_str, i32 2, i32 2, i32 16, i32 16, void @p_str, void @p_str, i32 4294967295, i32 0"   --->   Operation 25 'specinterface' 'specinterface_ln0' <Predicate = true> <Delay = 0.00>
ST_1 : Operation 26 [1/1] (0.00ns)   --->   "%specinterface_ln0 = specinterface void @_ssdm_op_SpecInterface, i30 %imgRB, void @empty_21, i32 0, i32 0, void @empty_1, i32 0, i32 0, void @empty_1, void @empty_1, void @empty_1, i32 0, i32 0, i32 0, i32 0, void @empty_1, void @empty_1, i32 4294967295, i32 0"   --->   Operation 26 'specinterface' 'specinterface_ln0' <Predicate = true> <Delay = 0.00>
ST_1 : Operation 27 [1/1] (0.00ns)   --->   "%specinterface_ln0 = specinterface void @_ssdm_op_SpecInterface, i30 %imgRgb, void @empty_21, i32 0, i32 0, void @empty_1, i32 0, i32 0, void @empty_1, void @empty_1, void @empty_1, i32 0, i32 0, i32 0, i32 0, void @empty_1, void @empty_1, i32 4294967295, i32 0"   --->   Operation 27 'specinterface' 'specinterface_ln0' <Predicate = true> <Delay = 0.00>
ST_1 : Operation 28 [1/1] (1.82ns)   --->   "%loopHeight = add i9 %height_read, i9 1" [/home/alen/repo/zynq-7020-video-pipe-3/hw/video-pipe-hw-v5/hw_011223.runs/broncho_video_v_demosaic_0_0_synth_1/prj/sol/.autopilot/db/v_demosaic.cpp:854->/home/alen/repo/zynq-7020-video-pipe-3/hw/video-pipe-hw-v5/hw_011223.runs/broncho_video_v_demosaic_0_0_synth_1/prj/sol/.autopilot/db/v_demosaic.cpp:1073]   --->   Operation 28 'add' 'loopHeight' <Predicate = true> <Delay = 1.82> <CoreInst = "Adder">   --->   Core 1 'Adder' <Latency = 0> <II = 1> <Delay = 1.82> <FuncUnit> <Opcode : 'add' 'sub'> <InPorts = 2> <OutPorts = 1>
ST_1 : Operation 29 [1/1] (1.82ns)   --->   "%loopWidth = add i9 %width_read, i9 1" [/home/alen/repo/zynq-7020-video-pipe-3/hw/video-pipe-hw-v5/hw_011223.runs/broncho_video_v_demosaic_0_0_synth_1/prj/sol/.autopilot/db/v_demosaic.cpp:855->/home/alen/repo/zynq-7020-video-pipe-3/hw/video-pipe-hw-v5/hw_011223.runs/broncho_video_v_demosaic_0_0_synth_1/prj/sol/.autopilot/db/v_demosaic.cpp:1073]   --->   Operation 29 'add' 'loopWidth' <Predicate = true> <Delay = 1.82> <CoreInst = "Adder">   --->   Core 1 'Adder' <Latency = 0> <II = 1> <Delay = 1.82> <FuncUnit> <Opcode : 'add' 'sub'> <InPorts = 2> <OutPorts = 1>
ST_1 : Operation 30 [1/1] (0.00ns)   --->   "%x_phase = trunc i16 %bayerPhase_c_read" [/home/alen/repo/zynq-7020-video-pipe-3/hw/video-pipe-hw-v5/hw_011223.runs/broncho_video_v_demosaic_0_0_synth_1/prj/sol/.autopilot/db/v_demosaic.cpp:870->/home/alen/repo/zynq-7020-video-pipe-3/hw/video-pipe-hw-v5/hw_011223.runs/broncho_video_v_demosaic_0_0_synth_1/prj/sol/.autopilot/db/v_demosaic.cpp:1073]   --->   Operation 30 'trunc' 'x_phase' <Predicate = true> <Delay = 0.00>
ST_1 : Operation 31 [1/1] (0.00ns)   --->   "%trunc_ln870_1_i = partselect i15 @_ssdm_op_PartSelect.i15.i16.i32.i32, i16 %bayerPhase_c_read, i32 1, i32 15" [/home/alen/repo/zynq-7020-video-pipe-3/hw/video-pipe-hw-v5/hw_011223.runs/broncho_video_v_demosaic_0_0_synth_1/prj/sol/.autopilot/db/v_demosaic.cpp:870->/home/alen/repo/zynq-7020-video-pipe-3/hw/video-pipe-hw-v5/hw_011223.runs/broncho_video_v_demosaic_0_0_synth_1/prj/sol/.autopilot/db/v_demosaic.cpp:1073]   --->   Operation 31 'partselect' 'trunc_ln870_1_i' <Predicate = true> <Delay = 0.00>
ST_1 : Operation 32 [1/1] (1.58ns)   --->   "%store_ln851 = store i9 0, i9 %y" [/home/alen/repo/zynq-7020-video-pipe-3/hw/video-pipe-hw-v5/hw_011223.runs/broncho_video_v_demosaic_0_0_synth_1/prj/sol/.autopilot/db/v_demosaic.cpp:851->/home/alen/repo/zynq-7020-video-pipe-3/hw/video-pipe-hw-v5/hw_011223.runs/broncho_video_v_demosaic_0_0_synth_1/prj/sol/.autopilot/db/v_demosaic.cpp:1073]   --->   Operation 32 'store' 'store_ln851' <Predicate = true> <Delay = 1.58>
ST_1 : Operation 33 [1/1] (0.00ns)   --->   "%br_ln878 = br void %VITIS_LOOP_881_2.i" [/home/alen/repo/zynq-7020-video-pipe-3/hw/video-pipe-hw-v5/hw_011223.runs/broncho_video_v_demosaic_0_0_synth_1/prj/sol/.autopilot/db/v_demosaic.cpp:878->/home/alen/repo/zynq-7020-video-pipe-3/hw/video-pipe-hw-v5/hw_011223.runs/broncho_video_v_demosaic_0_0_synth_1/prj/sol/.autopilot/db/v_demosaic.cpp:1073]   --->   Operation 33 'br' 'br_ln878' <Predicate = true> <Delay = 0.00>

State 2 <SV = 1> <Delay = 3.41>
ST_2 : Operation 34 [1/1] (0.00ns)   --->   "%y_5 = load i9 %y" [/home/alen/repo/zynq-7020-video-pipe-3/hw/video-pipe-hw-v5/hw_011223.runs/broncho_video_v_demosaic_0_0_synth_1/prj/sol/.autopilot/db/v_demosaic.cpp:878->/home/alen/repo/zynq-7020-video-pipe-3/hw/video-pipe-hw-v5/hw_011223.runs/broncho_video_v_demosaic_0_0_synth_1/prj/sol/.autopilot/db/v_demosaic.cpp:1073]   --->   Operation 34 'load' 'y_5' <Predicate = true> <Delay = 0.00>
ST_2 : Operation 35 [1/1] (1.82ns)   --->   "%icmp_ln878 = icmp_eq  i9 %y_5, i9 %loopHeight" [/home/alen/repo/zynq-7020-video-pipe-3/hw/video-pipe-hw-v5/hw_011223.runs/broncho_video_v_demosaic_0_0_synth_1/prj/sol/.autopilot/db/v_demosaic.cpp:878->/home/alen/repo/zynq-7020-video-pipe-3/hw/video-pipe-hw-v5/hw_011223.runs/broncho_video_v_demosaic_0_0_synth_1/prj/sol/.autopilot/db/v_demosaic.cpp:1073]   --->   Operation 35 'icmp' 'icmp_ln878' <Predicate = true> <Delay = 1.82> <CoreInst = "Cmp">   --->   Core 9 'Cmp' <Latency = 0> <II = 1> <Delay = 1.82> <FuncUnit> <Opcode : 'icmp'> <InPorts = 2> <OutPorts = 1>
ST_2 : Operation 36 [1/1] (0.00ns)   --->   "%speclooptripcount_ln0 = speclooptripcount void @_ssdm_op_SpecLoopTripCount, i64 1, i64 401, i64 0"   --->   Operation 36 'speclooptripcount' 'speclooptripcount_ln0' <Predicate = true> <Delay = 0.00>
ST_2 : Operation 37 [1/1] (1.82ns)   --->   "%y_6 = add i9 %y_5, i9 1" [/home/alen/repo/zynq-7020-video-pipe-3/hw/video-pipe-hw-v5/hw_011223.runs/broncho_video_v_demosaic_0_0_synth_1/prj/sol/.autopilot/db/v_demosaic.cpp:878->/home/alen/repo/zynq-7020-video-pipe-3/hw/video-pipe-hw-v5/hw_011223.runs/broncho_video_v_demosaic_0_0_synth_1/prj/sol/.autopilot/db/v_demosaic.cpp:1073]   --->   Operation 37 'add' 'y_6' <Predicate = true> <Delay = 1.82> <CoreInst = "Adder">   --->   Core 1 'Adder' <Latency = 0> <II = 1> <Delay = 1.82> <FuncUnit> <Opcode : 'add' 'sub'> <InPorts = 2> <OutPorts = 1>
ST_2 : Operation 38 [1/1] (0.00ns)   --->   "%br_ln878 = br i1 %icmp_ln878, void %VITIS_LOOP_881_2.split.i, void %DebayerRandBatG.exit" [/home/alen/repo/zynq-7020-video-pipe-3/hw/video-pipe-hw-v5/hw_011223.runs/broncho_video_v_demosaic_0_0_synth_1/prj/sol/.autopilot/db/v_demosaic.cpp:878->/home/alen/repo/zynq-7020-video-pipe-3/hw/video-pipe-hw-v5/hw_011223.runs/broncho_video_v_demosaic_0_0_synth_1/prj/sol/.autopilot/db/v_demosaic.cpp:1073]   --->   Operation 38 'br' 'br_ln878' <Predicate = true> <Delay = 0.00>
ST_2 : Operation 39 [1/1] (0.00ns)   --->   "%p_0_0_0_0_011661715_lcssa1758_i_load = load i10 %p_0_0_0_0_011661715_lcssa1758_i"   --->   Operation 39 'load' 'p_0_0_0_0_011661715_lcssa1758_i_load' <Predicate = (!icmp_ln878)> <Delay = 0.00>
ST_2 : Operation 40 [1/1] (0.00ns)   --->   "%p_0_1_0_0_011671718_lcssa1760_i_load = load i10 %p_0_1_0_0_011671718_lcssa1760_i"   --->   Operation 40 'load' 'p_0_1_0_0_011671718_lcssa1760_i_load' <Predicate = (!icmp_ln878)> <Delay = 0.00>
ST_2 : Operation 41 [1/1] (0.00ns)   --->   "%p_0_2_0_0_011681721_lcssa1762_i_load = load i10 %p_0_2_0_0_011681721_lcssa1762_i"   --->   Operation 41 'load' 'p_0_2_0_0_011681721_lcssa1762_i_load' <Predicate = (!icmp_ln878)> <Delay = 0.00>
ST_2 : Operation 42 [1/1] (0.00ns)   --->   "%p_0_0_0117417921804_lcssa1840_i_load = load i10 %p_0_0_0117417921804_lcssa1840_i"   --->   Operation 42 'load' 'p_0_0_0117417921804_lcssa1840_i_load' <Predicate = (!icmp_ln878)> <Delay = 0.00>
ST_2 : Operation 43 [1/1] (0.00ns)   --->   "%p_0_0_0117317941806_lcssa1842_i_load = load i10 %p_0_0_0117317941806_lcssa1842_i"   --->   Operation 43 'load' 'p_0_0_0117317941806_lcssa1842_i_load' <Predicate = (!icmp_ln878)> <Delay = 0.00>
ST_2 : Operation 44 [1/1] (0.00ns)   --->   "%p_0_0_0117217961808_lcssa1844_i_load = load i10 %p_0_0_0117217961808_lcssa1844_i"   --->   Operation 44 'load' 'p_0_0_0117217961808_lcssa1844_i_load' <Predicate = (!icmp_ln878)> <Delay = 0.00>
ST_2 : Operation 45 [1/1] (0.00ns)   --->   "%p_0_0_0_0_011601809_lcssa1846_i_load = load i10 %p_0_0_0_0_011601809_lcssa1846_i"   --->   Operation 45 'load' 'p_0_0_0_0_011601809_lcssa1846_i_load' <Predicate = (!icmp_ln878)> <Delay = 0.00>
ST_2 : Operation 46 [1/1] (0.00ns)   --->   "%p_0_1_0_0_011611811_lcssa1848_i_load = load i10 %p_0_1_0_0_011611811_lcssa1848_i"   --->   Operation 46 'load' 'p_0_1_0_0_011611811_lcssa1848_i_load' <Predicate = (!icmp_ln878)> <Delay = 0.00>
ST_2 : Operation 47 [1/1] (0.00ns)   --->   "%p_0_2_0_0_011621813_lcssa1850_i_load = load i10 %p_0_2_0_0_011621813_lcssa1850_i"   --->   Operation 47 'load' 'p_0_2_0_0_011621813_lcssa1850_i_load' <Predicate = (!icmp_ln878)> <Delay = 0.00>
ST_2 : Operation 48 [1/1] (0.00ns)   --->   "%p_0_0_01196_217861816_lcssa1852_i_load = load i10 %p_0_0_01196_217861816_lcssa1852_i"   --->   Operation 48 'load' 'p_0_0_01196_217861816_lcssa1852_i_load' <Predicate = (!icmp_ln878)> <Delay = 0.00>
ST_2 : Operation 49 [1/1] (0.00ns)   --->   "%p_0_0_01195_217881818_lcssa1854_i_load = load i10 %p_0_0_01195_217881818_lcssa1854_i"   --->   Operation 49 'load' 'p_0_0_01195_217881818_lcssa1854_i_load' <Predicate = (!icmp_ln878)> <Delay = 0.00>
ST_2 : Operation 50 [1/1] (0.00ns)   --->   "%p_0_0_01194_217901820_lcssa1856_i_load = load i10 %p_0_0_01194_217901820_lcssa1856_i"   --->   Operation 50 'load' 'p_0_0_01194_217901820_lcssa1856_i_load' <Predicate = (!icmp_ln878)> <Delay = 0.00>
ST_2 : Operation 51 [1/1] (0.00ns) (grouped into LUT with out node xor_i)   --->   "%trunc_ln878 = trunc i9 %y_5" [/home/alen/repo/zynq-7020-video-pipe-3/hw/video-pipe-hw-v5/hw_011223.runs/broncho_video_v_demosaic_0_0_synth_1/prj/sol/.autopilot/db/v_demosaic.cpp:878->/home/alen/repo/zynq-7020-video-pipe-3/hw/video-pipe-hw-v5/hw_011223.runs/broncho_video_v_demosaic_0_0_synth_1/prj/sol/.autopilot/db/v_demosaic.cpp:1073]   --->   Operation 51 'trunc' 'trunc_ln878' <Predicate = (!icmp_ln878)> <Delay = 0.00>
ST_2 : Operation 52 [1/1] (0.00ns) (grouped into LUT with out node xor_i)   --->   "%tmp4_i = xor i1 %trunc_ln878, i1 1" [/home/alen/repo/zynq-7020-video-pipe-3/hw/video-pipe-hw-v5/hw_011223.runs/broncho_video_v_demosaic_0_0_synth_1/prj/sol/.autopilot/db/v_demosaic.cpp:878->/home/alen/repo/zynq-7020-video-pipe-3/hw/video-pipe-hw-v5/hw_011223.runs/broncho_video_v_demosaic_0_0_synth_1/prj/sol/.autopilot/db/v_demosaic.cpp:1073]   --->   Operation 52 'xor' 'tmp4_i' <Predicate = (!icmp_ln878)> <Delay = 0.00> <CoreInst = "LogicGate">   --->   Core 74 'LogicGate' <Latency = 0> <II = 1> <Delay = 0.97> <FuncUnit> <Opcode : 'and' 'or' 'xor'> <InPorts = 2> <OutPorts = 1>
ST_2 : Operation 53 [1/1] (0.00ns) (grouped into LUT with out node xor_i)   --->   "%tmp4_cast_i = zext i1 %tmp4_i" [/home/alen/repo/zynq-7020-video-pipe-3/hw/video-pipe-hw-v5/hw_011223.runs/broncho_video_v_demosaic_0_0_synth_1/prj/sol/.autopilot/db/v_demosaic.cpp:878->/home/alen/repo/zynq-7020-video-pipe-3/hw/video-pipe-hw-v5/hw_011223.runs/broncho_video_v_demosaic_0_0_synth_1/prj/sol/.autopilot/db/v_demosaic.cpp:1073]   --->   Operation 53 'zext' 'tmp4_cast_i' <Predicate = (!icmp_ln878)> <Delay = 0.00>
ST_2 : Operation 54 [1/1] (0.99ns) (out node of the LUT)   --->   "%xor_i = xor i15 %tmp4_cast_i, i15 %trunc_ln870_1_i" [/home/alen/repo/zynq-7020-video-pipe-3/hw/video-pipe-hw-v5/hw_011223.runs/broncho_video_v_demosaic_0_0_synth_1/prj/sol/.autopilot/db/v_demosaic.cpp:878->/home/alen/repo/zynq-7020-video-pipe-3/hw/video-pipe-hw-v5/hw_011223.runs/broncho_video_v_demosaic_0_0_synth_1/prj/sol/.autopilot/db/v_demosaic.cpp:1073]   --->   Operation 54 'xor' 'xor_i' <Predicate = (!icmp_ln878)> <Delay = 0.99> <CoreInst = "LogicGate">   --->   Core 74 'LogicGate' <Latency = 0> <II = 1> <Delay = 0.99> <FuncUnit> <Opcode : 'and' 'or' 'xor'> <InPorts = 2> <OutPorts = 1>
ST_2 : Operation 55 [1/1] (1.82ns)   --->   "%cmp478_i = icmp_ne  i9 %y_5, i9 0" [/home/alen/repo/zynq-7020-video-pipe-3/hw/video-pipe-hw-v5/hw_011223.runs/broncho_video_v_demosaic_0_0_synth_1/prj/sol/.autopilot/db/v_demosaic.cpp:878->/home/alen/repo/zynq-7020-video-pipe-3/hw/video-pipe-hw-v5/hw_011223.runs/broncho_video_v_demosaic_0_0_synth_1/prj/sol/.autopilot/db/v_demosaic.cpp:1073]   --->   Operation 55 'icmp' 'cmp478_i' <Predicate = (!icmp_ln878)> <Delay = 1.82> <CoreInst = "Cmp">   --->   Core 9 'Cmp' <Latency = 0> <II = 1> <Delay = 1.82> <FuncUnit> <Opcode : 'icmp'> <InPorts = 2> <OutPorts = 1>
ST_2 : Operation 56 [1/1] (1.82ns)   --->   "%cmp59_i = icmp_ult  i9 %y_5, i9 %height_read" [/home/alen/repo/zynq-7020-video-pipe-3/hw/video-pipe-hw-v5/hw_011223.runs/broncho_video_v_demosaic_0_0_synth_1/prj/sol/.autopilot/db/v_demosaic.cpp:878->/home/alen/repo/zynq-7020-video-pipe-3/hw/video-pipe-hw-v5/hw_011223.runs/broncho_video_v_demosaic_0_0_synth_1/prj/sol/.autopilot/db/v_demosaic.cpp:1073]   --->   Operation 56 'icmp' 'cmp59_i' <Predicate = (!icmp_ln878)> <Delay = 1.82> <CoreInst = "Cmp">   --->   Core 9 'Cmp' <Latency = 0> <II = 1> <Delay = 1.82> <FuncUnit> <Opcode : 'icmp'> <InPorts = 2> <OutPorts = 1>
ST_2 : Operation 57 [1/1] (0.00ns)   --->   "%empty = wait i32 @_ssdm_op_Wait"   --->   Operation 57 'wait' 'empty' <Predicate = (!icmp_ln878)> <Delay = 0.00>
ST_2 : Operation 58 [1/1] (1.58ns)   --->   "%store_ln851 = store i9 %y_6, i9 %y" [/home/alen/repo/zynq-7020-video-pipe-3/hw/video-pipe-hw-v5/hw_011223.runs/broncho_video_v_demosaic_0_0_synth_1/prj/sol/.autopilot/db/v_demosaic.cpp:851->/home/alen/repo/zynq-7020-video-pipe-3/hw/video-pipe-hw-v5/hw_011223.runs/broncho_video_v_demosaic_0_0_synth_1/prj/sol/.autopilot/db/v_demosaic.cpp:1073]   --->   Operation 58 'store' 'store_ln851' <Predicate = (!icmp_ln878)> <Delay = 1.58>
ST_2 : Operation 59 [1/1] (0.00ns)   --->   "%ret_ln1073 = ret" [/home/alen/repo/zynq-7020-video-pipe-3/hw/video-pipe-hw-v5/hw_011223.runs/broncho_video_v_demosaic_0_0_synth_1/prj/sol/.autopilot/db/v_demosaic.cpp:1073]   --->   Operation 59 'ret' 'ret_ln1073' <Predicate = (icmp_ln878)> <Delay = 0.00>

State 3 <SV = 2> <Delay = 3.41>
ST_3 : Operation 60 [2/2] (3.41ns)   --->   "%call_ln855 = call void @DebayerRandBatG_Pipeline_VITIS_LOOP_881_2, i10 %p_0_0_01194_217901820_lcssa1856_i_load, i10 %p_0_0_01195_217881818_lcssa1854_i_load, i10 %p_0_0_01196_217861816_lcssa1852_i_load, i10 %p_0_2_0_0_011621813_lcssa1850_i_load, i10 %p_0_1_0_0_011611811_lcssa1848_i_load, i10 %p_0_0_0_0_011601809_lcssa1846_i_load, i10 %p_0_0_0117217961808_lcssa1844_i_load, i10 %p_0_0_0117317941806_lcssa1842_i_load, i10 %p_0_0_0117417921804_lcssa1840_i_load, i10 %p_0_2_0_0_011681721_lcssa1762_i_load, i10 %p_0_1_0_0_011671718_lcssa1760_i_load, i10 %p_0_0_0_0_011661715_lcssa1758_i_load, i9 %loopWidth, i1 %x_phase, i15 %xor_i, i1 %cmp478_i, i30 %lineBuffer_2, i30 %lineBuffer, i9 %width_read, i1 %cmp59_i, i30 %imgRB, i30 %imgRgb, i10 %p_0_0_01194_217901820_lcssa1856_i, i10 %p_0_0_01195_217881818_lcssa1854_i, i10 %p_0_0_01196_217861816_lcssa1852_i, i10 %p_0_2_0_0_011621813_lcssa1850_i, i10 %p_0_1_0_0_011611811_lcssa1848_i, i10 %p_0_0_0_0_011601809_lcssa1846_i, i10 %p_0_0_0117217961808_lcssa1844_i, i10 %p_0_0_0117317941806_lcssa1842_i, i10 %p_0_0_0117417921804_lcssa1840_i, i10 %p_0_2_0_0_011681721_lcssa1762_i, i10 %p_0_1_0_0_011671718_lcssa1760_i, i10 %p_0_0_0_0_011661715_lcssa1758_i" [/home/alen/repo/zynq-7020-video-pipe-3/hw/video-pipe-hw-v5/hw_011223.runs/broncho_video_v_demosaic_0_0_synth_1/prj/sol/.autopilot/db/v_demosaic.cpp:855->/home/alen/repo/zynq-7020-video-pipe-3/hw/video-pipe-hw-v5/hw_011223.runs/broncho_video_v_demosaic_0_0_synth_1/prj/sol/.autopilot/db/v_demosaic.cpp:1073]   --->   Operation 60 'call' 'call_ln855' <Predicate = true> <Delay = 3.41> <CoreType = "Generic">   --->   Core 0 '' <Latency = 0> <II = 1> <Delay = 1.00> <Generic> <Opcode : >

State 4 <SV = 3> <Delay = 0.00>
ST_4 : Operation 61 [1/1] (0.00ns)   --->   "%specloopname_ln878 = specloopname void @_ssdm_op_SpecLoopName, void @empty_10" [/home/alen/repo/zynq-7020-video-pipe-3/hw/video-pipe-hw-v5/hw_011223.runs/broncho_video_v_demosaic_0_0_synth_1/prj/sol/.autopilot/db/v_demosaic.cpp:878->/home/alen/repo/zynq-7020-video-pipe-3/hw/video-pipe-hw-v5/hw_011223.runs/broncho_video_v_demosaic_0_0_synth_1/prj/sol/.autopilot/db/v_demosaic.cpp:1073]   --->   Operation 61 'specloopname' 'specloopname_ln878' <Predicate = true> <Delay = 0.00>
ST_4 : Operation 62 [1/2] (0.00ns)   --->   "%call_ln855 = call void @DebayerRandBatG_Pipeline_VITIS_LOOP_881_2, i10 %p_0_0_01194_217901820_lcssa1856_i_load, i10 %p_0_0_01195_217881818_lcssa1854_i_load, i10 %p_0_0_01196_217861816_lcssa1852_i_load, i10 %p_0_2_0_0_011621813_lcssa1850_i_load, i10 %p_0_1_0_0_011611811_lcssa1848_i_load, i10 %p_0_0_0_0_011601809_lcssa1846_i_load, i10 %p_0_0_0117217961808_lcssa1844_i_load, i10 %p_0_0_0117317941806_lcssa1842_i_load, i10 %p_0_0_0117417921804_lcssa1840_i_load, i10 %p_0_2_0_0_011681721_lcssa1762_i_load, i10 %p_0_1_0_0_011671718_lcssa1760_i_load, i10 %p_0_0_0_0_011661715_lcssa1758_i_load, i9 %loopWidth, i1 %x_phase, i15 %xor_i, i1 %cmp478_i, i30 %lineBuffer_2, i30 %lineBuffer, i9 %width_read, i1 %cmp59_i, i30 %imgRB, i30 %imgRgb, i10 %p_0_0_01194_217901820_lcssa1856_i, i10 %p_0_0_01195_217881818_lcssa1854_i, i10 %p_0_0_01196_217861816_lcssa1852_i, i10 %p_0_2_0_0_011621813_lcssa1850_i, i10 %p_0_1_0_0_011611811_lcssa1848_i, i10 %p_0_0_0_0_011601809_lcssa1846_i, i10 %p_0_0_0117217961808_lcssa1844_i, i10 %p_0_0_0117317941806_lcssa1842_i, i10 %p_0_0_0117417921804_lcssa1840_i, i10 %p_0_2_0_0_011681721_lcssa1762_i, i10 %p_0_1_0_0_011671718_lcssa1760_i, i10 %p_0_0_0_0_011661715_lcssa1758_i" [/home/alen/repo/zynq-7020-video-pipe-3/hw/video-pipe-hw-v5/hw_011223.runs/broncho_video_v_demosaic_0_0_synth_1/prj/sol/.autopilot/db/v_demosaic.cpp:855->/home/alen/repo/zynq-7020-video-pipe-3/hw/video-pipe-hw-v5/hw_011223.runs/broncho_video_v_demosaic_0_0_synth_1/prj/sol/.autopilot/db/v_demosaic.cpp:1073]   --->   Operation 62 'call' 'call_ln855' <Predicate = true> <Delay = 0.00> <CoreType = "Generic">   --->   Core 0 '' <Latency = 0> <II = 1> <Delay = 1.00> <Generic> <Opcode : >
ST_4 : Operation 63 [1/1] (0.00ns)   --->   "%br_ln878 = br void %VITIS_LOOP_881_2.i" [/home/alen/repo/zynq-7020-video-pipe-3/hw/video-pipe-hw-v5/hw_011223.runs/broncho_video_v_demosaic_0_0_synth_1/prj/sol/.autopilot/db/v_demosaic.cpp:878->/home/alen/repo/zynq-7020-video-pipe-3/hw/video-pipe-hw-v5/hw_011223.runs/broncho_video_v_demosaic_0_0_synth_1/prj/sol/.autopilot/db/v_demosaic.cpp:1073]   --->   Operation 63 'br' 'br_ln878' <Predicate = true> <Delay = 0.00>


============================================================
+ Verbose Summary: Timing violations
============================================================
Target clock period: 7.000ns, clock uncertainty: 1.890ns.

 <State 1>: 4.378ns
The critical path consists of the following:
	wire read operation ('height_read') on port 'height' [20]  (2.555 ns)
	'add' operation 9 bit ('loopHeight', /home/alen/repo/zynq-7020-video-pipe-3/hw/video-pipe-hw-v5/hw_011223.runs/broncho_video_v_demosaic_0_0_synth_1/prj/sol/.autopilot/db/v_demosaic.cpp:854->/home/alen/repo/zynq-7020-video-pipe-3/hw/video-pipe-hw-v5/hw_011223.runs/broncho_video_v_demosaic_0_0_synth_1/prj/sol/.autopilot/db/v_demosaic.cpp:1073) [29]  (1.823 ns)

 <State 2>: 3.411ns
The critical path consists of the following:
	'load' operation 9 bit ('y', /home/alen/repo/zynq-7020-video-pipe-3/hw/video-pipe-hw-v5/hw_011223.runs/broncho_video_v_demosaic_0_0_synth_1/prj/sol/.autopilot/db/v_demosaic.cpp:878->/home/alen/repo/zynq-7020-video-pipe-3/hw/video-pipe-hw-v5/hw_011223.runs/broncho_video_v_demosaic_0_0_synth_1/prj/sol/.autopilot/db/v_demosaic.cpp:1073) on local variable 'y', /home/alen/repo/zynq-7020-video-pipe-3/hw/video-pipe-hw-v5/hw_011223.runs/broncho_video_v_demosaic_0_0_synth_1/prj/sol/.autopilot/db/v_demosaic.cpp:851->/home/alen/repo/zynq-7020-video-pipe-3/hw/video-pipe-hw-v5/hw_011223.runs/broncho_video_v_demosaic_0_0_synth_1/prj/sol/.autopilot/db/v_demosaic.cpp:1073 [36]  (0.000 ns)
	'add' operation 9 bit ('y', /home/alen/repo/zynq-7020-video-pipe-3/hw/video-pipe-hw-v5/hw_011223.runs/broncho_video_v_demosaic_0_0_synth_1/prj/sol/.autopilot/db/v_demosaic.cpp:878->/home/alen/repo/zynq-7020-video-pipe-3/hw/video-pipe-hw-v5/hw_011223.runs/broncho_video_v_demosaic_0_0_synth_1/prj/sol/.autopilot/db/v_demosaic.cpp:1073) [39]  (1.823 ns)
	'store' operation 0 bit ('store_ln851', /home/alen/repo/zynq-7020-video-pipe-3/hw/video-pipe-hw-v5/hw_011223.runs/broncho_video_v_demosaic_0_0_synth_1/prj/sol/.autopilot/db/v_demosaic.cpp:851->/home/alen/repo/zynq-7020-video-pipe-3/hw/video-pipe-hw-v5/hw_011223.runs/broncho_video_v_demosaic_0_0_synth_1/prj/sol/.autopilot/db/v_demosaic.cpp:1073) of variable 'y', /home/alen/repo/zynq-7020-video-pipe-3/hw/video-pipe-hw-v5/hw_011223.runs/broncho_video_v_demosaic_0_0_synth_1/prj/sol/.autopilot/db/v_demosaic.cpp:878->/home/alen/repo/zynq-7020-video-pipe-3/hw/video-pipe-hw-v5/hw_011223.runs/broncho_video_v_demosaic_0_0_synth_1/prj/sol/.autopilot/db/v_demosaic.cpp:1073 on local variable 'y', /home/alen/repo/zynq-7020-video-pipe-3/hw/video-pipe-hw-v5/hw_011223.runs/broncho_video_v_demosaic_0_0_synth_1/prj/sol/.autopilot/db/v_demosaic.cpp:851->/home/alen/repo/zynq-7020-video-pipe-3/hw/video-pipe-hw-v5/hw_011223.runs/broncho_video_v_demosaic_0_0_synth_1/prj/sol/.autopilot/db/v_demosaic.cpp:1073 [63]  (1.588 ns)

 <State 3>: 3.411ns
The critical path consists of the following:
	'call' operation 0 bit ('call_ln855', /home/alen/repo/zynq-7020-video-pipe-3/hw/video-pipe-hw-v5/hw_011223.runs/broncho_video_v_demosaic_0_0_synth_1/prj/sol/.autopilot/db/v_demosaic.cpp:855->/home/alen/repo/zynq-7020-video-pipe-3/hw/video-pipe-hw-v5/hw_011223.runs/broncho_video_v_demosaic_0_0_synth_1/prj/sol/.autopilot/db/v_demosaic.cpp:1073) to 'DebayerRandBatG_Pipeline_VITIS_LOOP_881_2' [62]  (3.411 ns)

 <State 4>: 0.000ns
The critical path consists of the following:


============================================================
+ Verbose Summary: Binding
============================================================
N/A
* FSMD analyzer results:
  - Output states:
 - Input state : 
  - Chain level:
	State 1
	State 2
	State 3
	State 4


============================================================
+ Verbose Summary: Datapath Resource usage 
============================================================
N/A
