

================================================================
== Vitis HLS Report for 'DebayerRatBorBatR'
================================================================
* Date:           Thu Dec 28 17:19:10 2023

* Version:        2023.2 (Build 4023990 on Oct 11 2023)
* Project:        prj
* Solution:       sol (Vivado IP Flow Target)
* Product family: zynq
* Target device:  xc7z020-clg484-1


================================================================
== Performance Estimates
================================================================
+ Timing: 
    * Summary: 
    +--------+---------+----------+------------+
    |  Clock |  Target | Estimated| Uncertainty|
    +--------+---------+----------+------------+
    |ap_clk  |  7.00 ns|  6.665 ns|     1.89 ns|
    +--------+---------+----------+------------+

+ Latency: 
    * Summary: 
    +---------+---------+----------+----------+-----+--------+---------+
    |  Latency (cycles) |  Latency (absolute) |   Interval   | Pipeline|
    |   min   |   max   |    min   |    max   | min |   max  |   Type  |
    +---------+---------+----------+----------+-----+--------+---------+
    |       15|   166015|  0.105 us|  1.162 ms|   15|  166015|       no|
    +---------+---------+----------+----------+-----+--------+---------+

    + Detail: 
        * Instance: 
        +--------------------------------------------------------+---------------------------------------------+---------+---------+-----------+----------+-----+-----+---------+
        |                                                        |                                             |  Latency (cycles) |  Latency (absolute)  |  Interval | Pipeline|
        |                        Instance                        |                    Module                   |   min   |   max   |    min    |    max   | min | max |   Type  |
        +--------------------------------------------------------+---------------------------------------------+---------+---------+-----------+----------+-----+-----+---------+
        |grp_DebayerRatBorBatR_Pipeline_VITIS_LOOP_633_2_fu_166  |DebayerRatBorBatR_Pipeline_VITIS_LOOP_633_2  |       11|      411|  77.000 ns|  2.877 us|   11|  411|       no|
        +--------------------------------------------------------+---------------------------------------------+---------+---------+-----------+----------+-----+-----+---------+

        * Loop: 
        +--------------------+---------+---------+----------+-----------+-----------+---------+----------+
        |                    |  Latency (cycles) | Iteration|  Initiation Interval  |   Trip  |          |
        |      Loop Name     |   min   |   max   |  Latency |  achieved |   target  |  Count  | Pipelined|
        +--------------------+---------+---------+----------+-----------+-----------+---------+----------+
        |- VITIS_LOOP_630_1  |       14|   166014|  14 ~ 414|          -|          -|  1 ~ 401|        no|
        +--------------------+---------+---------+----------+-----------+-----------+---------+----------+

============================================================
+ Verbose Summary: Synthesis Manager
============================================================
InlineROM: 1
ExposeGlobal: 0
============================================================
+ Verbose Summary: CDFG Model
============================================================
IsTopModel: 0
ResetActiveHigh: 1
IsCombinational: 2
IsDatapathOnly: 0
HasWiredReturn: 1
HasMFsm: 0
HasVarLatency: 1
IsPipeline: 0
IsRtlPipelined: 0
IsInstanceOverlapped: 0
IsDontTouch: 0
HasImplIP: 0
IsGatedGlobalClock: 0


============================================================
+ Verbose Summary: Schedule
============================================================
* Number of FSM states : 4
* Pipeline : 0
* Dataflow Pipeline: 0

* FSM state transitions: 
1 --> 2 
2 --> 3 
3 --> 4 
4 --> 2 

* FSM state operations: 

State 1 <SV = 0> <Delay = 5.11>
ST_1 : Operation 5 [1/1] (0.00ns)   --->   "%y = alloca i32 1" [/home/alen/repo/zynq-7020-video-pipe-3/hw/video-pipe-hw-v5/hw_011223.runs/broncho_video_v_demosaic_0_0_synth_1/prj/sol/.autopilot/db/v_demosaic.cpp:603->/home/alen/repo/zynq-7020-video-pipe-3/hw/video-pipe-hw-v5/hw_011223.runs/broncho_video_v_demosaic_0_0_synth_1/prj/sol/.autopilot/db/v_demosaic.cpp:1072]   --->   Operation 5 'alloca' 'y' <Predicate = true> <Delay = 0.00>
ST_1 : Operation 6 [1/1] (0.00ns)   --->   "%p_0_0_09651416_lcssa1468_i = alloca i32 1"   --->   Operation 6 'alloca' 'p_0_0_09651416_lcssa1468_i' <Predicate = true> <Delay = 0.00>
ST_1 : Operation 7 [1/1] (0.00ns)   --->   "%p_0_0_09641419_lcssa1470_i = alloca i32 1"   --->   Operation 7 'alloca' 'p_0_0_09641419_lcssa1470_i' <Predicate = true> <Delay = 0.00>
ST_1 : Operation 8 [1/1] (0.00ns)   --->   "%p_0_0_09631422_lcssa1472_i = alloca i32 1"   --->   Operation 8 'alloca' 'p_0_0_09631422_lcssa1472_i' <Predicate = true> <Delay = 0.00>
ST_1 : Operation 9 [1/1] (0.00ns)   --->   "%p_0_0_0965_21446_lcssa1480_i = alloca i32 1"   --->   Operation 9 'alloca' 'p_0_0_0965_21446_lcssa1480_i' <Predicate = true> <Delay = 0.00>
ST_1 : Operation 10 [1/1] (0.00ns)   --->   "%p_0_0_0964_21449_lcssa1482_i = alloca i32 1"   --->   Operation 10 'alloca' 'p_0_0_0964_21449_lcssa1482_i' <Predicate = true> <Delay = 0.00>
ST_1 : Operation 11 [1/1] (0.00ns)   --->   "%p_0_0_0963_21452_lcssa1484_i = alloca i32 1"   --->   Operation 11 'alloca' 'p_0_0_0963_21452_lcssa1484_i' <Predicate = true> <Delay = 0.00>
ST_1 : Operation 12 [1/1] (0.00ns)   --->   "%p_0_0_0_0_09291513_lcssa1550_i = alloca i32 1"   --->   Operation 12 'alloca' 'p_0_0_0_0_09291513_lcssa1550_i' <Predicate = true> <Delay = 0.00>
ST_1 : Operation 13 [1/1] (0.00ns)   --->   "%p_0_1_0_0_09301515_lcssa1552_i = alloca i32 1"   --->   Operation 13 'alloca' 'p_0_1_0_0_09301515_lcssa1552_i' <Predicate = true> <Delay = 0.00>
ST_1 : Operation 14 [1/1] (0.00ns)   --->   "%p_0_2_0_0_09311517_lcssa1554_i = alloca i32 1"   --->   Operation 14 'alloca' 'p_0_2_0_0_09311517_lcssa1554_i' <Predicate = true> <Delay = 0.00>
ST_1 : Operation 15 [1/1] (0.00ns)   --->   "%p_0_0_0965_115081520_lcssa1556_i = alloca i32 1"   --->   Operation 15 'alloca' 'p_0_0_0965_115081520_lcssa1556_i' <Predicate = true> <Delay = 0.00>
ST_1 : Operation 16 [1/1] (0.00ns)   --->   "%p_0_0_0964_115101522_lcssa1558_i = alloca i32 1"   --->   Operation 16 'alloca' 'p_0_0_0964_115101522_lcssa1558_i' <Predicate = true> <Delay = 0.00>
ST_1 : Operation 17 [1/1] (0.00ns)   --->   "%p_0_0_0963_115121524_lcssa1560_i = alloca i32 1"   --->   Operation 17 'alloca' 'p_0_0_0963_115121524_lcssa1560_i' <Predicate = true> <Delay = 0.00>
ST_1 : Operation 18 [1/1] (0.00ns)   --->   "%p_0_0_0_0_09231525_lcssa1562_i = alloca i32 1"   --->   Operation 18 'alloca' 'p_0_0_0_0_09231525_lcssa1562_i' <Predicate = true> <Delay = 0.00>
ST_1 : Operation 19 [1/1] (0.00ns)   --->   "%p_0_1_0_0_09241527_lcssa1564_i = alloca i32 1"   --->   Operation 19 'alloca' 'p_0_1_0_0_09241527_lcssa1564_i' <Predicate = true> <Delay = 0.00>
ST_1 : Operation 20 [1/1] (0.00ns)   --->   "%p_0_2_0_0_09251529_lcssa1566_i = alloca i32 1"   --->   Operation 20 'alloca' 'p_0_2_0_0_09251529_lcssa1566_i' <Predicate = true> <Delay = 0.00>
ST_1 : Operation 21 [1/1] (2.55ns)   --->   "%width_read = read i9 @_ssdm_op_Read.ap_stable.i9, i9 %width"   --->   Operation 21 'read' 'width_read' <Predicate = true> <Delay = 2.55> <CoreInst = "FIFO_SRL">   --->   Core 81 'FIFO_SRL' <Latency = 0> <II = 1> <Delay = 3.63> <Storage> <Opcode : 'read' 'write' 'nbread' 'nbwrite'> <Ports = 0> <Width = -1> <Depth = -1> <FIFO>
ST_1 : Operation 22 [1/1] (2.55ns)   --->   "%height_read = read i9 @_ssdm_op_Read.ap_stable.i9, i9 %height"   --->   Operation 22 'read' 'height_read' <Predicate = true> <Delay = 2.55> <CoreInst = "FIFO_SRL">   --->   Core 81 'FIFO_SRL' <Latency = 0> <II = 1> <Delay = 3.63> <Storage> <Opcode : 'read' 'write' 'nbread' 'nbwrite'> <Ports = 0> <Width = -1> <Depth = -1> <FIFO>
ST_1 : Operation 23 [1/1] (3.25ns)   --->   "%lineBuffer = alloca i64 1" [/home/alen/repo/zynq-7020-video-pipe-3/hw/video-pipe-hw-v5/hw_011223.runs/broncho_video_v_demosaic_0_0_synth_1/prj/sol/.autopilot/db/v_demosaic.cpp:614->/home/alen/repo/zynq-7020-video-pipe-3/hw/video-pipe-hw-v5/hw_011223.runs/broncho_video_v_demosaic_0_0_synth_1/prj/sol/.autopilot/db/v_demosaic.cpp:1072]   --->   Operation 23 'alloca' 'lineBuffer' <Predicate = true> <Delay = 3.25>
ST_1 : Operation 24 [1/1] (3.25ns)   --->   "%lineBuffer_1 = alloca i64 1" [/home/alen/repo/zynq-7020-video-pipe-3/hw/video-pipe-hw-v5/hw_011223.runs/broncho_video_v_demosaic_0_0_synth_1/prj/sol/.autopilot/db/v_demosaic.cpp:614->/home/alen/repo/zynq-7020-video-pipe-3/hw/video-pipe-hw-v5/hw_011223.runs/broncho_video_v_demosaic_0_0_synth_1/prj/sol/.autopilot/db/v_demosaic.cpp:1072]   --->   Operation 24 'alloca' 'lineBuffer_1' <Predicate = true> <Delay = 3.25>
ST_1 : Operation 25 [1/1] (0.00ns)   --->   "%specinterface_ln0 = specinterface void @_ssdm_op_SpecInterface, i16 %bayerPhase_c9, void @ap_fifo_str, i32 0, i32 0, void @p_str, i32 0, i32 0, void @p_str, void @p_str, void @p_str, i32 2, i32 2, i32 16, i32 16, void @p_str, void @ScalarProp_str, i32 4294967295, i32 0"   --->   Operation 25 'specinterface' 'specinterface_ln0' <Predicate = true> <Delay = 0.00>
ST_1 : Operation 26 [1/1] (2.55ns)   --->   "%bayerPhase_c9_read = read i16 @_ssdm_op_Read.ap_fifo.i16P0A, i16 %bayerPhase_c9"   --->   Operation 26 'read' 'bayerPhase_c9_read' <Predicate = true> <Delay = 2.55> <CoreInst = "FIFO_SRL">   --->   Core 81 'FIFO_SRL' <Latency = 0> <II = 1> <Delay = 3.63> <Storage> <Opcode : 'read' 'write' 'nbread' 'nbwrite'> <Ports = 0> <Width = 16> <Depth = 2> <FIFO>
ST_1 : Operation 27 [1/1] (0.00ns)   --->   "%specinterface_ln0 = specinterface void @_ssdm_op_SpecInterface, i16 %bayerPhase_c, void @ap_fifo_str, i32 0, i32 0, void @p_str, i32 0, i32 0, void @p_str, void @p_str, void @p_str, i32 2, i32 2, i32 16, i32 16, void @p_str, void @ScalarProp_str, i32 4294967295, i32 0"   --->   Operation 27 'specinterface' 'specinterface_ln0' <Predicate = true> <Delay = 0.00>
ST_1 : Operation 28 [1/1] (2.55ns)   --->   "%write_ln0 = write void @_ssdm_op_Write.ap_fifo.i16P0A, i16 %bayerPhase_c, i16 %bayerPhase_c9_read"   --->   Operation 28 'write' 'write_ln0' <Predicate = true> <Delay = 2.55> <CoreInst = "FIFO_SRL">   --->   Core 81 'FIFO_SRL' <Latency = 0> <II = 1> <Delay = 3.63> <Storage> <Opcode : 'read' 'write' 'nbread' 'nbwrite'> <Ports = 0> <Width = 16> <Depth = 2> <FIFO>
ST_1 : Operation 29 [1/1] (0.00ns)   --->   "%specinterface_ln0 = specinterface void @_ssdm_op_SpecInterface, i9 %width, void @ap_stable_str, i32 0, i32 0, void @p_str, i32 0, i32 0, void @p_str, void @p_str, void @p_str, i32 2, i32 2, i32 16, i32 16, void @p_str, void @p_str, i32 4294967295, i32 0"   --->   Operation 29 'specinterface' 'specinterface_ln0' <Predicate = true> <Delay = 0.00>
ST_1 : Operation 30 [1/1] (0.00ns)   --->   "%specinterface_ln0 = specinterface void @_ssdm_op_SpecInterface, i9 %height, void @ap_stable_str, i32 0, i32 0, void @p_str, i32 0, i32 0, void @p_str, void @p_str, void @p_str, i32 2, i32 2, i32 16, i32 16, void @p_str, void @p_str, i32 4294967295, i32 0"   --->   Operation 30 'specinterface' 'specinterface_ln0' <Predicate = true> <Delay = 0.00>
ST_1 : Operation 31 [1/1] (0.00ns)   --->   "%specinterface_ln0 = specinterface void @_ssdm_op_SpecInterface, i30 %imgRB, void @empty_21, i32 0, i32 0, void @empty_1, i32 0, i32 0, void @empty_1, void @empty_1, void @empty_1, i32 0, i32 0, i32 0, i32 0, void @empty_1, void @empty_1, i32 4294967295, i32 0"   --->   Operation 31 'specinterface' 'specinterface_ln0' <Predicate = true> <Delay = 0.00>
ST_1 : Operation 32 [1/1] (0.00ns)   --->   "%specinterface_ln0 = specinterface void @_ssdm_op_SpecInterface, i30 %imgG, void @empty_21, i32 0, i32 0, void @empty_1, i32 0, i32 0, void @empty_1, void @empty_1, void @empty_1, i32 0, i32 0, i32 0, i32 0, void @empty_1, void @empty_1, i32 4294967295, i32 0"   --->   Operation 32 'specinterface' 'specinterface_ln0' <Predicate = true> <Delay = 0.00>
ST_1 : Operation 33 [1/1] (1.82ns)   --->   "%loopHeight = add i9 %height_read, i9 1" [/home/alen/repo/zynq-7020-video-pipe-3/hw/video-pipe-hw-v5/hw_011223.runs/broncho_video_v_demosaic_0_0_synth_1/prj/sol/.autopilot/db/v_demosaic.cpp:606->/home/alen/repo/zynq-7020-video-pipe-3/hw/video-pipe-hw-v5/hw_011223.runs/broncho_video_v_demosaic_0_0_synth_1/prj/sol/.autopilot/db/v_demosaic.cpp:1072]   --->   Operation 33 'add' 'loopHeight' <Predicate = true> <Delay = 1.82> <CoreInst = "Adder">   --->   Core 1 'Adder' <Latency = 0> <II = 1> <Delay = 1.82> <FuncUnit> <Opcode : 'add' 'sub'> <InPorts = 2> <OutPorts = 1>
ST_1 : Operation 34 [1/1] (1.82ns)   --->   "%loopWidth = add i9 %width_read, i9 1" [/home/alen/repo/zynq-7020-video-pipe-3/hw/video-pipe-hw-v5/hw_011223.runs/broncho_video_v_demosaic_0_0_synth_1/prj/sol/.autopilot/db/v_demosaic.cpp:607->/home/alen/repo/zynq-7020-video-pipe-3/hw/video-pipe-hw-v5/hw_011223.runs/broncho_video_v_demosaic_0_0_synth_1/prj/sol/.autopilot/db/v_demosaic.cpp:1072]   --->   Operation 34 'add' 'loopWidth' <Predicate = true> <Delay = 1.82> <CoreInst = "Adder">   --->   Core 1 'Adder' <Latency = 0> <II = 1> <Delay = 1.82> <FuncUnit> <Opcode : 'add' 'sub'> <InPorts = 2> <OutPorts = 1>
ST_1 : Operation 35 [1/1] (0.00ns)   --->   "%x_phase = trunc i16 %bayerPhase_c9_read" [/home/alen/repo/zynq-7020-video-pipe-3/hw/video-pipe-hw-v5/hw_011223.runs/broncho_video_v_demosaic_0_0_synth_1/prj/sol/.autopilot/db/v_demosaic.cpp:622->/home/alen/repo/zynq-7020-video-pipe-3/hw/video-pipe-hw-v5/hw_011223.runs/broncho_video_v_demosaic_0_0_synth_1/prj/sol/.autopilot/db/v_demosaic.cpp:1072]   --->   Operation 35 'trunc' 'x_phase' <Predicate = true> <Delay = 0.00>
ST_1 : Operation 36 [1/1] (0.00ns)   --->   "%trunc_ln622_1_i = partselect i15 @_ssdm_op_PartSelect.i15.i16.i32.i32, i16 %bayerPhase_c9_read, i32 1, i32 15" [/home/alen/repo/zynq-7020-video-pipe-3/hw/video-pipe-hw-v5/hw_011223.runs/broncho_video_v_demosaic_0_0_synth_1/prj/sol/.autopilot/db/v_demosaic.cpp:622->/home/alen/repo/zynq-7020-video-pipe-3/hw/video-pipe-hw-v5/hw_011223.runs/broncho_video_v_demosaic_0_0_synth_1/prj/sol/.autopilot/db/v_demosaic.cpp:1072]   --->   Operation 36 'partselect' 'trunc_ln622_1_i' <Predicate = true> <Delay = 0.00>
ST_1 : Operation 37 [1/1] (1.58ns)   --->   "%store_ln603 = store i9 0, i9 %y" [/home/alen/repo/zynq-7020-video-pipe-3/hw/video-pipe-hw-v5/hw_011223.runs/broncho_video_v_demosaic_0_0_synth_1/prj/sol/.autopilot/db/v_demosaic.cpp:603->/home/alen/repo/zynq-7020-video-pipe-3/hw/video-pipe-hw-v5/hw_011223.runs/broncho_video_v_demosaic_0_0_synth_1/prj/sol/.autopilot/db/v_demosaic.cpp:1072]   --->   Operation 37 'store' 'store_ln603' <Predicate = true> <Delay = 1.58>
ST_1 : Operation 38 [1/1] (0.00ns)   --->   "%br_ln630 = br void %VITIS_LOOP_633_2.i" [/home/alen/repo/zynq-7020-video-pipe-3/hw/video-pipe-hw-v5/hw_011223.runs/broncho_video_v_demosaic_0_0_synth_1/prj/sol/.autopilot/db/v_demosaic.cpp:630->/home/alen/repo/zynq-7020-video-pipe-3/hw/video-pipe-hw-v5/hw_011223.runs/broncho_video_v_demosaic_0_0_synth_1/prj/sol/.autopilot/db/v_demosaic.cpp:1072]   --->   Operation 38 'br' 'br_ln630' <Predicate = true> <Delay = 0.00>

State 2 <SV = 1> <Delay = 3.41>
ST_2 : Operation 39 [1/1] (0.00ns)   --->   "%y_3 = load i9 %y" [/home/alen/repo/zynq-7020-video-pipe-3/hw/video-pipe-hw-v5/hw_011223.runs/broncho_video_v_demosaic_0_0_synth_1/prj/sol/.autopilot/db/v_demosaic.cpp:630->/home/alen/repo/zynq-7020-video-pipe-3/hw/video-pipe-hw-v5/hw_011223.runs/broncho_video_v_demosaic_0_0_synth_1/prj/sol/.autopilot/db/v_demosaic.cpp:1072]   --->   Operation 39 'load' 'y_3' <Predicate = true> <Delay = 0.00>
ST_2 : Operation 40 [1/1] (1.82ns)   --->   "%icmp_ln630 = icmp_eq  i9 %y_3, i9 %loopHeight" [/home/alen/repo/zynq-7020-video-pipe-3/hw/video-pipe-hw-v5/hw_011223.runs/broncho_video_v_demosaic_0_0_synth_1/prj/sol/.autopilot/db/v_demosaic.cpp:630->/home/alen/repo/zynq-7020-video-pipe-3/hw/video-pipe-hw-v5/hw_011223.runs/broncho_video_v_demosaic_0_0_synth_1/prj/sol/.autopilot/db/v_demosaic.cpp:1072]   --->   Operation 40 'icmp' 'icmp_ln630' <Predicate = true> <Delay = 1.82> <CoreInst = "Cmp">   --->   Core 9 'Cmp' <Latency = 0> <II = 1> <Delay = 1.82> <FuncUnit> <Opcode : 'icmp'> <InPorts = 2> <OutPorts = 1>
ST_2 : Operation 41 [1/1] (0.00ns)   --->   "%speclooptripcount_ln0 = speclooptripcount void @_ssdm_op_SpecLoopTripCount, i64 1, i64 401, i64 0"   --->   Operation 41 'speclooptripcount' 'speclooptripcount_ln0' <Predicate = true> <Delay = 0.00>
ST_2 : Operation 42 [1/1] (1.82ns)   --->   "%y_4 = add i9 %y_3, i9 1" [/home/alen/repo/zynq-7020-video-pipe-3/hw/video-pipe-hw-v5/hw_011223.runs/broncho_video_v_demosaic_0_0_synth_1/prj/sol/.autopilot/db/v_demosaic.cpp:630->/home/alen/repo/zynq-7020-video-pipe-3/hw/video-pipe-hw-v5/hw_011223.runs/broncho_video_v_demosaic_0_0_synth_1/prj/sol/.autopilot/db/v_demosaic.cpp:1072]   --->   Operation 42 'add' 'y_4' <Predicate = true> <Delay = 1.82> <CoreInst = "Adder">   --->   Core 1 'Adder' <Latency = 0> <II = 1> <Delay = 1.82> <FuncUnit> <Opcode : 'add' 'sub'> <InPorts = 2> <OutPorts = 1>
ST_2 : Operation 43 [1/1] (0.00ns)   --->   "%br_ln630 = br i1 %icmp_ln630, void %VITIS_LOOP_633_2.split.i, void %DebayerRatBorBatR.exit" [/home/alen/repo/zynq-7020-video-pipe-3/hw/video-pipe-hw-v5/hw_011223.runs/broncho_video_v_demosaic_0_0_synth_1/prj/sol/.autopilot/db/v_demosaic.cpp:630->/home/alen/repo/zynq-7020-video-pipe-3/hw/video-pipe-hw-v5/hw_011223.runs/broncho_video_v_demosaic_0_0_synth_1/prj/sol/.autopilot/db/v_demosaic.cpp:1072]   --->   Operation 43 'br' 'br_ln630' <Predicate = true> <Delay = 0.00>
ST_2 : Operation 44 [1/1] (0.00ns)   --->   "%p_0_0_09651416_lcssa1468_i_load = load i10 %p_0_0_09651416_lcssa1468_i"   --->   Operation 44 'load' 'p_0_0_09651416_lcssa1468_i_load' <Predicate = (!icmp_ln630)> <Delay = 0.00>
ST_2 : Operation 45 [1/1] (0.00ns)   --->   "%p_0_0_09641419_lcssa1470_i_load = load i10 %p_0_0_09641419_lcssa1470_i"   --->   Operation 45 'load' 'p_0_0_09641419_lcssa1470_i_load' <Predicate = (!icmp_ln630)> <Delay = 0.00>
ST_2 : Operation 46 [1/1] (0.00ns)   --->   "%p_0_0_09631422_lcssa1472_i_load = load i10 %p_0_0_09631422_lcssa1472_i"   --->   Operation 46 'load' 'p_0_0_09631422_lcssa1472_i_load' <Predicate = (!icmp_ln630)> <Delay = 0.00>
ST_2 : Operation 47 [1/1] (0.00ns)   --->   "%p_0_0_0965_21446_lcssa1480_i_load = load i10 %p_0_0_0965_21446_lcssa1480_i"   --->   Operation 47 'load' 'p_0_0_0965_21446_lcssa1480_i_load' <Predicate = (!icmp_ln630)> <Delay = 0.00>
ST_2 : Operation 48 [1/1] (0.00ns)   --->   "%p_0_0_0964_21449_lcssa1482_i_load = load i10 %p_0_0_0964_21449_lcssa1482_i"   --->   Operation 48 'load' 'p_0_0_0964_21449_lcssa1482_i_load' <Predicate = (!icmp_ln630)> <Delay = 0.00>
ST_2 : Operation 49 [1/1] (0.00ns)   --->   "%p_0_0_0963_21452_lcssa1484_i_load = load i10 %p_0_0_0963_21452_lcssa1484_i"   --->   Operation 49 'load' 'p_0_0_0963_21452_lcssa1484_i_load' <Predicate = (!icmp_ln630)> <Delay = 0.00>
ST_2 : Operation 50 [1/1] (0.00ns)   --->   "%p_0_0_0_0_09291513_lcssa1550_i_load = load i10 %p_0_0_0_0_09291513_lcssa1550_i"   --->   Operation 50 'load' 'p_0_0_0_0_09291513_lcssa1550_i_load' <Predicate = (!icmp_ln630)> <Delay = 0.00>
ST_2 : Operation 51 [1/1] (0.00ns)   --->   "%p_0_1_0_0_09301515_lcssa1552_i_load = load i10 %p_0_1_0_0_09301515_lcssa1552_i"   --->   Operation 51 'load' 'p_0_1_0_0_09301515_lcssa1552_i_load' <Predicate = (!icmp_ln630)> <Delay = 0.00>
ST_2 : Operation 52 [1/1] (0.00ns)   --->   "%p_0_2_0_0_09311517_lcssa1554_i_load = load i10 %p_0_2_0_0_09311517_lcssa1554_i"   --->   Operation 52 'load' 'p_0_2_0_0_09311517_lcssa1554_i_load' <Predicate = (!icmp_ln630)> <Delay = 0.00>
ST_2 : Operation 53 [1/1] (0.00ns)   --->   "%p_0_0_0965_115081520_lcssa1556_i_load = load i10 %p_0_0_0965_115081520_lcssa1556_i"   --->   Operation 53 'load' 'p_0_0_0965_115081520_lcssa1556_i_load' <Predicate = (!icmp_ln630)> <Delay = 0.00>
ST_2 : Operation 54 [1/1] (0.00ns)   --->   "%p_0_0_0964_115101522_lcssa1558_i_load = load i10 %p_0_0_0964_115101522_lcssa1558_i"   --->   Operation 54 'load' 'p_0_0_0964_115101522_lcssa1558_i_load' <Predicate = (!icmp_ln630)> <Delay = 0.00>
ST_2 : Operation 55 [1/1] (0.00ns)   --->   "%p_0_0_0963_115121524_lcssa1560_i_load = load i10 %p_0_0_0963_115121524_lcssa1560_i"   --->   Operation 55 'load' 'p_0_0_0963_115121524_lcssa1560_i_load' <Predicate = (!icmp_ln630)> <Delay = 0.00>
ST_2 : Operation 56 [1/1] (0.00ns)   --->   "%p_0_0_0_0_09231525_lcssa1562_i_load = load i10 %p_0_0_0_0_09231525_lcssa1562_i"   --->   Operation 56 'load' 'p_0_0_0_0_09231525_lcssa1562_i_load' <Predicate = (!icmp_ln630)> <Delay = 0.00>
ST_2 : Operation 57 [1/1] (0.00ns)   --->   "%p_0_1_0_0_09241527_lcssa1564_i_load = load i10 %p_0_1_0_0_09241527_lcssa1564_i"   --->   Operation 57 'load' 'p_0_1_0_0_09241527_lcssa1564_i_load' <Predicate = (!icmp_ln630)> <Delay = 0.00>
ST_2 : Operation 58 [1/1] (0.00ns)   --->   "%p_0_2_0_0_09251529_lcssa1566_i_load = load i10 %p_0_2_0_0_09251529_lcssa1566_i"   --->   Operation 58 'load' 'p_0_2_0_0_09251529_lcssa1566_i_load' <Predicate = (!icmp_ln630)> <Delay = 0.00>
ST_2 : Operation 59 [1/1] (0.00ns)   --->   "%trunc_ln630 = trunc i9 %y_3" [/home/alen/repo/zynq-7020-video-pipe-3/hw/video-pipe-hw-v5/hw_011223.runs/broncho_video_v_demosaic_0_0_synth_1/prj/sol/.autopilot/db/v_demosaic.cpp:630->/home/alen/repo/zynq-7020-video-pipe-3/hw/video-pipe-hw-v5/hw_011223.runs/broncho_video_v_demosaic_0_0_synth_1/prj/sol/.autopilot/db/v_demosaic.cpp:1072]   --->   Operation 59 'trunc' 'trunc_ln630' <Predicate = (!icmp_ln630)> <Delay = 0.00>
ST_2 : Operation 60 [1/1] (0.97ns)   --->   "%and310_i = xor i1 %trunc_ln630, i1 1" [/home/alen/repo/zynq-7020-video-pipe-3/hw/video-pipe-hw-v5/hw_011223.runs/broncho_video_v_demosaic_0_0_synth_1/prj/sol/.autopilot/db/v_demosaic.cpp:630->/home/alen/repo/zynq-7020-video-pipe-3/hw/video-pipe-hw-v5/hw_011223.runs/broncho_video_v_demosaic_0_0_synth_1/prj/sol/.autopilot/db/v_demosaic.cpp:1072]   --->   Operation 60 'xor' 'and310_i' <Predicate = (!icmp_ln630)> <Delay = 0.97> <CoreInst = "LogicGate">   --->   Core 74 'LogicGate' <Latency = 0> <II = 1> <Delay = 0.97> <FuncUnit> <Opcode : 'and' 'or' 'xor'> <InPorts = 2> <OutPorts = 1>
ST_2 : Operation 61 [1/1] (0.00ns)   --->   "%and310_cast_i = zext i1 %and310_i" [/home/alen/repo/zynq-7020-video-pipe-3/hw/video-pipe-hw-v5/hw_011223.runs/broncho_video_v_demosaic_0_0_synth_1/prj/sol/.autopilot/db/v_demosaic.cpp:630->/home/alen/repo/zynq-7020-video-pipe-3/hw/video-pipe-hw-v5/hw_011223.runs/broncho_video_v_demosaic_0_0_synth_1/prj/sol/.autopilot/db/v_demosaic.cpp:1072]   --->   Operation 61 'zext' 'and310_cast_i' <Predicate = (!icmp_ln630)> <Delay = 0.00>
ST_2 : Operation 62 [1/1] (0.99ns)   --->   "%xor_i = xor i15 %trunc_ln622_1_i, i15 %and310_cast_i" [/home/alen/repo/zynq-7020-video-pipe-3/hw/video-pipe-hw-v5/hw_011223.runs/broncho_video_v_demosaic_0_0_synth_1/prj/sol/.autopilot/db/v_demosaic.cpp:622->/home/alen/repo/zynq-7020-video-pipe-3/hw/video-pipe-hw-v5/hw_011223.runs/broncho_video_v_demosaic_0_0_synth_1/prj/sol/.autopilot/db/v_demosaic.cpp:1072]   --->   Operation 62 'xor' 'xor_i' <Predicate = (!icmp_ln630)> <Delay = 0.99> <CoreInst = "LogicGate">   --->   Core 74 'LogicGate' <Latency = 0> <II = 1> <Delay = 0.99> <FuncUnit> <Opcode : 'and' 'or' 'xor'> <InPorts = 2> <OutPorts = 1>
ST_2 : Operation 63 [1/1] (1.94ns)   --->   "%red_i = icmp_eq  i15 %and310_cast_i, i15 %trunc_ln622_1_i" [/home/alen/repo/zynq-7020-video-pipe-3/hw/video-pipe-hw-v5/hw_011223.runs/broncho_video_v_demosaic_0_0_synth_1/prj/sol/.autopilot/db/v_demosaic.cpp:630->/home/alen/repo/zynq-7020-video-pipe-3/hw/video-pipe-hw-v5/hw_011223.runs/broncho_video_v_demosaic_0_0_synth_1/prj/sol/.autopilot/db/v_demosaic.cpp:1072]   --->   Operation 63 'icmp' 'red_i' <Predicate = (!icmp_ln630)> <Delay = 1.94> <CoreInst = "Cmp">   --->   Core 9 'Cmp' <Latency = 0> <II = 1> <Delay = 1.94> <FuncUnit> <Opcode : 'icmp'> <InPorts = 2> <OutPorts = 1>
ST_2 : Operation 64 [1/1] (1.82ns)   --->   "%cmp558_i = icmp_ne  i9 %y_3, i9 0" [/home/alen/repo/zynq-7020-video-pipe-3/hw/video-pipe-hw-v5/hw_011223.runs/broncho_video_v_demosaic_0_0_synth_1/prj/sol/.autopilot/db/v_demosaic.cpp:630->/home/alen/repo/zynq-7020-video-pipe-3/hw/video-pipe-hw-v5/hw_011223.runs/broncho_video_v_demosaic_0_0_synth_1/prj/sol/.autopilot/db/v_demosaic.cpp:1072]   --->   Operation 64 'icmp' 'cmp558_i' <Predicate = (!icmp_ln630)> <Delay = 1.82> <CoreInst = "Cmp">   --->   Core 9 'Cmp' <Latency = 0> <II = 1> <Delay = 1.82> <FuncUnit> <Opcode : 'icmp'> <InPorts = 2> <OutPorts = 1>
ST_2 : Operation 65 [1/1] (1.82ns)   --->   "%cmp59_i = icmp_ult  i9 %y_3, i9 %height_read" [/home/alen/repo/zynq-7020-video-pipe-3/hw/video-pipe-hw-v5/hw_011223.runs/broncho_video_v_demosaic_0_0_synth_1/prj/sol/.autopilot/db/v_demosaic.cpp:630->/home/alen/repo/zynq-7020-video-pipe-3/hw/video-pipe-hw-v5/hw_011223.runs/broncho_video_v_demosaic_0_0_synth_1/prj/sol/.autopilot/db/v_demosaic.cpp:1072]   --->   Operation 65 'icmp' 'cmp59_i' <Predicate = (!icmp_ln630)> <Delay = 1.82> <CoreInst = "Cmp">   --->   Core 9 'Cmp' <Latency = 0> <II = 1> <Delay = 1.82> <FuncUnit> <Opcode : 'icmp'> <InPorts = 2> <OutPorts = 1>
ST_2 : Operation 66 [1/1] (0.00ns)   --->   "%empty = wait i32 @_ssdm_op_Wait"   --->   Operation 66 'wait' 'empty' <Predicate = (!icmp_ln630)> <Delay = 0.00>
ST_2 : Operation 67 [1/1] (1.58ns)   --->   "%store_ln603 = store i9 %y_4, i9 %y" [/home/alen/repo/zynq-7020-video-pipe-3/hw/video-pipe-hw-v5/hw_011223.runs/broncho_video_v_demosaic_0_0_synth_1/prj/sol/.autopilot/db/v_demosaic.cpp:603->/home/alen/repo/zynq-7020-video-pipe-3/hw/video-pipe-hw-v5/hw_011223.runs/broncho_video_v_demosaic_0_0_synth_1/prj/sol/.autopilot/db/v_demosaic.cpp:1072]   --->   Operation 67 'store' 'store_ln603' <Predicate = (!icmp_ln630)> <Delay = 1.58>
ST_2 : Operation 68 [1/1] (0.00ns)   --->   "%ret_ln1072 = ret" [/home/alen/repo/zynq-7020-video-pipe-3/hw/video-pipe-hw-v5/hw_011223.runs/broncho_video_v_demosaic_0_0_synth_1/prj/sol/.autopilot/db/v_demosaic.cpp:1072]   --->   Operation 68 'ret' 'ret_ln1072' <Predicate = (icmp_ln630)> <Delay = 0.00>

State 3 <SV = 2> <Delay = 3.41>
ST_3 : Operation 69 [2/2] (3.41ns)   --->   "%call_ln607 = call void @DebayerRatBorBatR_Pipeline_VITIS_LOOP_633_2, i10 %p_0_2_0_0_09251529_lcssa1566_i_load, i10 %p_0_1_0_0_09241527_lcssa1564_i_load, i10 %p_0_0_0_0_09231525_lcssa1562_i_load, i10 %p_0_0_0963_115121524_lcssa1560_i_load, i10 %p_0_0_0964_115101522_lcssa1558_i_load, i10 %p_0_0_0965_115081520_lcssa1556_i_load, i10 %p_0_2_0_0_09311517_lcssa1554_i_load, i10 %p_0_1_0_0_09301515_lcssa1552_i_load, i10 %p_0_0_0_0_09291513_lcssa1550_i_load, i10 %p_0_0_0963_21452_lcssa1484_i_load, i10 %p_0_0_0964_21449_lcssa1482_i_load, i10 %p_0_0_0965_21446_lcssa1480_i_load, i10 %p_0_0_09631422_lcssa1472_i_load, i10 %p_0_0_09641419_lcssa1470_i_load, i10 %p_0_0_09651416_lcssa1468_i_load, i9 %loopWidth, i1 %cmp558_i, i1 %x_phase, i15 %xor_i, i30 %lineBuffer_1, i30 %lineBuffer, i9 %width_read, i1 %cmp59_i, i30 %imgG, i1 %red_i, i30 %imgRB, i10 %p_0_2_0_0_09251529_lcssa1566_i, i10 %p_0_1_0_0_09241527_lcssa1564_i, i10 %p_0_0_0_0_09231525_lcssa1562_i, i10 %p_0_0_0963_115121524_lcssa1560_i, i10 %p_0_0_0964_115101522_lcssa1558_i, i10 %p_0_0_0965_115081520_lcssa1556_i, i10 %p_0_2_0_0_09311517_lcssa1554_i, i10 %p_0_1_0_0_09301515_lcssa1552_i, i10 %p_0_0_0_0_09291513_lcssa1550_i, i10 %p_0_0_0963_21452_lcssa1484_i, i10 %p_0_0_0964_21449_lcssa1482_i, i10 %p_0_0_0965_21446_lcssa1480_i, i10 %p_0_0_09631422_lcssa1472_i, i10 %p_0_0_09641419_lcssa1470_i, i10 %p_0_0_09651416_lcssa1468_i" [/home/alen/repo/zynq-7020-video-pipe-3/hw/video-pipe-hw-v5/hw_011223.runs/broncho_video_v_demosaic_0_0_synth_1/prj/sol/.autopilot/db/v_demosaic.cpp:607->/home/alen/repo/zynq-7020-video-pipe-3/hw/video-pipe-hw-v5/hw_011223.runs/broncho_video_v_demosaic_0_0_synth_1/prj/sol/.autopilot/db/v_demosaic.cpp:1072]   --->   Operation 69 'call' 'call_ln607' <Predicate = true> <Delay = 3.41> <CoreType = "Generic">   --->   Core 0 '' <Latency = 0> <II = 1> <Delay = 1.00> <Generic> <Opcode : >

State 4 <SV = 3> <Delay = 0.00>
ST_4 : Operation 70 [1/1] (0.00ns)   --->   "%specloopname_ln630 = specloopname void @_ssdm_op_SpecLoopName, void @empty_12" [/home/alen/repo/zynq-7020-video-pipe-3/hw/video-pipe-hw-v5/hw_011223.runs/broncho_video_v_demosaic_0_0_synth_1/prj/sol/.autopilot/db/v_demosaic.cpp:630->/home/alen/repo/zynq-7020-video-pipe-3/hw/video-pipe-hw-v5/hw_011223.runs/broncho_video_v_demosaic_0_0_synth_1/prj/sol/.autopilot/db/v_demosaic.cpp:1072]   --->   Operation 70 'specloopname' 'specloopname_ln630' <Predicate = true> <Delay = 0.00>
ST_4 : Operation 71 [1/2] (0.00ns)   --->   "%call_ln607 = call void @DebayerRatBorBatR_Pipeline_VITIS_LOOP_633_2, i10 %p_0_2_0_0_09251529_lcssa1566_i_load, i10 %p_0_1_0_0_09241527_lcssa1564_i_load, i10 %p_0_0_0_0_09231525_lcssa1562_i_load, i10 %p_0_0_0963_115121524_lcssa1560_i_load, i10 %p_0_0_0964_115101522_lcssa1558_i_load, i10 %p_0_0_0965_115081520_lcssa1556_i_load, i10 %p_0_2_0_0_09311517_lcssa1554_i_load, i10 %p_0_1_0_0_09301515_lcssa1552_i_load, i10 %p_0_0_0_0_09291513_lcssa1550_i_load, i10 %p_0_0_0963_21452_lcssa1484_i_load, i10 %p_0_0_0964_21449_lcssa1482_i_load, i10 %p_0_0_0965_21446_lcssa1480_i_load, i10 %p_0_0_09631422_lcssa1472_i_load, i10 %p_0_0_09641419_lcssa1470_i_load, i10 %p_0_0_09651416_lcssa1468_i_load, i9 %loopWidth, i1 %cmp558_i, i1 %x_phase, i15 %xor_i, i30 %lineBuffer_1, i30 %lineBuffer, i9 %width_read, i1 %cmp59_i, i30 %imgG, i1 %red_i, i30 %imgRB, i10 %p_0_2_0_0_09251529_lcssa1566_i, i10 %p_0_1_0_0_09241527_lcssa1564_i, i10 %p_0_0_0_0_09231525_lcssa1562_i, i10 %p_0_0_0963_115121524_lcssa1560_i, i10 %p_0_0_0964_115101522_lcssa1558_i, i10 %p_0_0_0965_115081520_lcssa1556_i, i10 %p_0_2_0_0_09311517_lcssa1554_i, i10 %p_0_1_0_0_09301515_lcssa1552_i, i10 %p_0_0_0_0_09291513_lcssa1550_i, i10 %p_0_0_0963_21452_lcssa1484_i, i10 %p_0_0_0964_21449_lcssa1482_i, i10 %p_0_0_0965_21446_lcssa1480_i, i10 %p_0_0_09631422_lcssa1472_i, i10 %p_0_0_09641419_lcssa1470_i, i10 %p_0_0_09651416_lcssa1468_i" [/home/alen/repo/zynq-7020-video-pipe-3/hw/video-pipe-hw-v5/hw_011223.runs/broncho_video_v_demosaic_0_0_synth_1/prj/sol/.autopilot/db/v_demosaic.cpp:607->/home/alen/repo/zynq-7020-video-pipe-3/hw/video-pipe-hw-v5/hw_011223.runs/broncho_video_v_demosaic_0_0_synth_1/prj/sol/.autopilot/db/v_demosaic.cpp:1072]   --->   Operation 71 'call' 'call_ln607' <Predicate = true> <Delay = 0.00> <CoreType = "Generic">   --->   Core 0 '' <Latency = 0> <II = 1> <Delay = 1.00> <Generic> <Opcode : >
ST_4 : Operation 72 [1/1] (0.00ns)   --->   "%br_ln630 = br void %VITIS_LOOP_633_2.i" [/home/alen/repo/zynq-7020-video-pipe-3/hw/video-pipe-hw-v5/hw_011223.runs/broncho_video_v_demosaic_0_0_synth_1/prj/sol/.autopilot/db/v_demosaic.cpp:630->/home/alen/repo/zynq-7020-video-pipe-3/hw/video-pipe-hw-v5/hw_011223.runs/broncho_video_v_demosaic_0_0_synth_1/prj/sol/.autopilot/db/v_demosaic.cpp:1072]   --->   Operation 72 'br' 'br_ln630' <Predicate = true> <Delay = 0.00>


============================================================
+ Verbose Summary: Binding
============================================================
STG Binding: 
---------------- STG Properties BEGIN ----------------
- Is combinational: 0
- Is one-state seq: 0
- Is datapath-only: 0
- Is pipelined: 0
- Is top level: 0
Port [ Return ] is wired: 1; IO mode=ap_ctrl_hs:ce=0
Port [ imgG]:  wired=1; compound=1; hidden=0; nouse=0; global=0; static=0; extern=0; dir=0; type=3; pingpong=0; private_global=0; IO mode=ap_fifo:ce=0
Port [ imgRB]:  wired=1; compound=1; hidden=0; nouse=0; global=0; static=0; extern=0; dir=1; type=3; pingpong=0; private_global=0; IO mode=ap_fifo:ce=0
Port [ height]:  wired=1; compound=0; hidden=0; nouse=0; global=0; static=0; extern=0; dir=0; type=0; pingpong=0; private_global=0; IO mode=ap_stable:ce=0
Port [ width]:  wired=1; compound=0; hidden=0; nouse=0; global=0; static=0; extern=0; dir=0; type=0; pingpong=0; private_global=0; IO mode=ap_stable:ce=0
Port [ bayerPhase_c9]:  wired=1; compound=1; hidden=0; nouse=0; global=0; static=0; extern=0; dir=0; type=3; pingpong=0; private_global=0; IO mode=ap_fifo:ce=0
Port [ bayerPhase_c]:  wired=1; compound=1; hidden=0; nouse=0; global=0; static=0; extern=0; dir=1; type=3; pingpong=0; private_global=0; IO mode=ap_fifo:ce=0
---------------- STG Properties END ------------------

---------------- Datapath Model BEGIN ----------------

<LifeTime>
<method=bitvector/>
y                                     (alloca           ) [ 01111]
p_0_0_09651416_lcssa1468_i            (alloca           ) [ 00111]
p_0_0_09641419_lcssa1470_i            (alloca           ) [ 00111]
p_0_0_09631422_lcssa1472_i            (alloca           ) [ 00111]
p_0_0_0965_21446_lcssa1480_i          (alloca           ) [ 00111]
p_0_0_0964_21449_lcssa1482_i          (alloca           ) [ 00111]
p_0_0_0963_21452_lcssa1484_i          (alloca           ) [ 00111]
p_0_0_0_0_09291513_lcssa1550_i        (alloca           ) [ 00111]
p_0_1_0_0_09301515_lcssa1552_i        (alloca           ) [ 00111]
p_0_2_0_0_09311517_lcssa1554_i        (alloca           ) [ 00111]
p_0_0_0965_115081520_lcssa1556_i      (alloca           ) [ 00111]
p_0_0_0964_115101522_lcssa1558_i      (alloca           ) [ 00111]
p_0_0_0963_115121524_lcssa1560_i      (alloca           ) [ 00111]
p_0_0_0_0_09231525_lcssa1562_i        (alloca           ) [ 00111]
p_0_1_0_0_09241527_lcssa1564_i        (alloca           ) [ 00111]
p_0_2_0_0_09251529_lcssa1566_i        (alloca           ) [ 00111]
width_read                            (read             ) [ 00111]
height_read                           (read             ) [ 00111]
lineBuffer                            (alloca           ) [ 00111]
lineBuffer_1                          (alloca           ) [ 00111]
specinterface_ln0                     (specinterface    ) [ 00000]
bayerPhase_c9_read                    (read             ) [ 00000]
specinterface_ln0                     (specinterface    ) [ 00000]
write_ln0                             (write            ) [ 00000]
specinterface_ln0                     (specinterface    ) [ 00000]
specinterface_ln0                     (specinterface    ) [ 00000]
specinterface_ln0                     (specinterface    ) [ 00000]
specinterface_ln0                     (specinterface    ) [ 00000]
loopHeight                            (add              ) [ 00111]
loopWidth                             (add              ) [ 00111]
x_phase                               (trunc            ) [ 00111]
trunc_ln622_1_i                       (partselect       ) [ 00111]
store_ln603                           (store            ) [ 00000]
br_ln630                              (br               ) [ 00000]
y_3                                   (load             ) [ 00000]
icmp_ln630                            (icmp             ) [ 00111]
speclooptripcount_ln0                 (speclooptripcount) [ 00000]
y_4                                   (add              ) [ 00000]
br_ln630                              (br               ) [ 00000]
p_0_0_09651416_lcssa1468_i_load       (load             ) [ 00011]
p_0_0_09641419_lcssa1470_i_load       (load             ) [ 00011]
p_0_0_09631422_lcssa1472_i_load       (load             ) [ 00011]
p_0_0_0965_21446_lcssa1480_i_load     (load             ) [ 00011]
p_0_0_0964_21449_lcssa1482_i_load     (load             ) [ 00011]
p_0_0_0963_21452_lcssa1484_i_load     (load             ) [ 00011]
p_0_0_0_0_09291513_lcssa1550_i_load   (load             ) [ 00011]
p_0_1_0_0_09301515_lcssa1552_i_load   (load             ) [ 00011]
p_0_2_0_0_09311517_lcssa1554_i_load   (load             ) [ 00011]
p_0_0_0965_115081520_lcssa1556_i_load (load             ) [ 00011]
p_0_0_0964_115101522_lcssa1558_i_load (load             ) [ 00011]
p_0_0_0963_115121524_lcssa1560_i_load (load             ) [ 00011]
p_0_0_0_0_09231525_lcssa1562_i_load   (load             ) [ 00011]
p_0_1_0_0_09241527_lcssa1564_i_load   (load             ) [ 00011]
p_0_2_0_0_09251529_lcssa1566_i_load   (load             ) [ 00011]
trunc_ln630                           (trunc            ) [ 00000]
and310_i                              (xor              ) [ 00000]
and310_cast_i                         (zext             ) [ 00000]
xor_i                                 (xor              ) [ 00011]
red_i                                 (icmp             ) [ 00011]
cmp558_i                              (icmp             ) [ 00011]
cmp59_i                               (icmp             ) [ 00011]
empty                                 (wait             ) [ 00000]
store_ln603                           (store            ) [ 00000]
ret_ln1072                            (ret              ) [ 00000]
specloopname_ln630                    (specloopname     ) [ 00000]
call_ln607                            (call             ) [ 00000]
br_ln630                              (br               ) [ 00000]
</LifeTime>

<model>

<comp_list>
<comp id="0" class="1000" name="imgG">
<pin_list>
<pin id="1" dir="1" index="0" bw="1" slack="0"/>
</pin_list>
<bind>
<StgValue><ssdm name="imgG"/></StgValue>
</bind>
</comp>

<comp id="2" class="1000" name="imgRB">
<pin_list>
<pin id="3" dir="1" index="0" bw="1" slack="0"/>
</pin_list>
<bind>
<StgValue><ssdm name="imgRB"/></StgValue>
</bind>
</comp>

<comp id="4" class="1000" name="height">
<pin_list>
<pin id="5" dir="1" index="0" bw="1" slack="0"/>
</pin_list>
<bind>
<StgValue><ssdm name="height"/></StgValue>
</bind>
</comp>

<comp id="6" class="1000" name="width">
<pin_list>
<pin id="7" dir="1" index="0" bw="1" slack="0"/>
</pin_list>
<bind>
<StgValue><ssdm name="width"/></StgValue>
</bind>
</comp>

<comp id="8" class="1000" name="bayerPhase_c9">
<pin_list>
<pin id="9" dir="1" index="0" bw="1" slack="0"/>
</pin_list>
<bind>
<StgValue><ssdm name="bayerPhase_c9"/></StgValue>
</bind>
</comp>

<comp id="10" class="1000" name="bayerPhase_c">
<pin_list>
<pin id="11" dir="1" index="0" bw="1" slack="0"/>
</pin_list>
<bind>
<StgValue><ssdm name="bayerPhase_c"/></StgValue>
</bind>
</comp>

<comp id="12" class="1001" name="const_12">
<pin_list>
<pin id="13" dir="1" index="0" bw="1" slack="0"/>
</pin_list>
<bind>
<StgValue><ssdm name=""/></StgValue>
</bind>
</comp>

<comp id="14" class="1001" name="const_14">
<pin_list>
<pin id="15" dir="1" index="0" bw="1" slack="0"/>
</pin_list>
<bind>
<StgValue><ssdm name="_ssdm_op_Read.ap_stable.i9"/></StgValue>
</bind>
</comp>

<comp id="16" class="1001" name="const_16">
<pin_list>
<pin id="17" dir="1" index="0" bw="1" slack="0"/>
</pin_list>
<bind>
<StgValue><ssdm name=""/></StgValue>
</bind>
</comp>

<comp id="18" class="1001" name="const_18">
<pin_list>
<pin id="19" dir="1" index="0" bw="1" slack="2147483647"/>
</pin_list>
<bind>
<StgValue><ssdm name="_ssdm_op_SpecInterface"/></StgValue>
</bind>
</comp>

<comp id="20" class="1001" name="const_20">
<pin_list>
<pin id="21" dir="1" index="0" bw="1" slack="2147483647"/>
</pin_list>
<bind>
<StgValue><ssdm name="ap_fifo_str"/></StgValue>
</bind>
</comp>

<comp id="22" class="1001" name="const_22">
<pin_list>
<pin id="23" dir="1" index="0" bw="1" slack="2147483647"/>
</pin_list>
<bind>
<StgValue><ssdm name=""/></StgValue>
</bind>
</comp>

<comp id="24" class="1001" name="const_24">
<pin_list>
<pin id="25" dir="1" index="0" bw="1" slack="2147483647"/>
</pin_list>
<bind>
<StgValue><ssdm name="p_str"/></StgValue>
</bind>
</comp>

<comp id="26" class="1001" name="const_26">
<pin_list>
<pin id="27" dir="1" index="0" bw="1" slack="2147483647"/>
</pin_list>
<bind>
<StgValue><ssdm name=""/></StgValue>
</bind>
</comp>

<comp id="28" class="1001" name="const_28">
<pin_list>
<pin id="29" dir="1" index="0" bw="1" slack="2147483647"/>
</pin_list>
<bind>
<StgValue><ssdm name=""/></StgValue>
</bind>
</comp>

<comp id="30" class="1001" name="const_30">
<pin_list>
<pin id="31" dir="1" index="0" bw="1" slack="2147483647"/>
</pin_list>
<bind>
<StgValue><ssdm name="ScalarProp_str"/></StgValue>
</bind>
</comp>

<comp id="32" class="1001" name="const_32">
<pin_list>
<pin id="33" dir="1" index="0" bw="1" slack="2147483647"/>
</pin_list>
<bind>
<StgValue><ssdm name=""/></StgValue>
</bind>
</comp>

<comp id="34" class="1001" name="const_34">
<pin_list>
<pin id="35" dir="1" index="0" bw="1" slack="0"/>
</pin_list>
<bind>
<StgValue><ssdm name="_ssdm_op_Read.ap_fifo.i16P0A"/></StgValue>
</bind>
</comp>

<comp id="36" class="1001" name="const_36">
<pin_list>
<pin id="37" dir="1" index="0" bw="1" slack="0"/>
</pin_list>
<bind>
<StgValue><ssdm name="_ssdm_op_Write.ap_fifo.i16P0A"/></StgValue>
</bind>
</comp>

<comp id="38" class="1001" name="const_38">
<pin_list>
<pin id="39" dir="1" index="0" bw="1" slack="2147483647"/>
</pin_list>
<bind>
<StgValue><ssdm name="ap_stable_str"/></StgValue>
</bind>
</comp>

<comp id="40" class="1001" name="const_40">
<pin_list>
<pin id="41" dir="1" index="0" bw="1" slack="2147483647"/>
</pin_list>
<bind>
<StgValue><ssdm name="empty_21"/></StgValue>
</bind>
</comp>

<comp id="42" class="1001" name="const_42">
<pin_list>
<pin id="43" dir="1" index="0" bw="1" slack="2147483647"/>
</pin_list>
<bind>
<StgValue><ssdm name="empty_1"/></StgValue>
</bind>
</comp>

<comp id="44" class="1001" name="const_44">
<pin_list>
<pin id="45" dir="1" index="0" bw="1" slack="0"/>
</pin_list>
<bind>
<StgValue><ssdm name=""/></StgValue>
</bind>
</comp>

<comp id="46" class="1001" name="const_46">
<pin_list>
<pin id="47" dir="1" index="0" bw="1" slack="0"/>
</pin_list>
<bind>
<StgValue><ssdm name="_ssdm_op_PartSelect.i15.i16.i32.i32"/></StgValue>
</bind>
</comp>

<comp id="48" class="1001" name="const_48">
<pin_list>
<pin id="49" dir="1" index="0" bw="1" slack="0"/>
</pin_list>
<bind>
<StgValue><ssdm name=""/></StgValue>
</bind>
</comp>

<comp id="50" class="1001" name="const_50">
<pin_list>
<pin id="51" dir="1" index="0" bw="1" slack="0"/>
</pin_list>
<bind>
<StgValue><ssdm name=""/></StgValue>
</bind>
</comp>

<comp id="52" class="1001" name="const_52">
<pin_list>
<pin id="53" dir="1" index="0" bw="1" slack="2147483647"/>
</pin_list>
<bind>
<StgValue><ssdm name="_ssdm_op_SpecLoopTripCount"/></StgValue>
</bind>
</comp>

<comp id="54" class="1001" name="const_54">
<pin_list>
<pin id="55" dir="1" index="0" bw="1" slack="2147483647"/>
</pin_list>
<bind>
<StgValue><ssdm name=""/></StgValue>
</bind>
</comp>

<comp id="56" class="1001" name="const_56">
<pin_list>
<pin id="57" dir="1" index="0" bw="1" slack="2147483647"/>
</pin_list>
<bind>
<StgValue><ssdm name=""/></StgValue>
</bind>
</comp>

<comp id="58" class="1001" name="const_58">
<pin_list>
<pin id="59" dir="1" index="0" bw="1" slack="0"/>
</pin_list>
<bind>
<StgValue><ssdm name=""/></StgValue>
</bind>
</comp>

<comp id="60" class="1001" name="const_60">
<pin_list>
<pin id="61" dir="1" index="0" bw="1" slack="2147483647"/>
</pin_list>
<bind>
<StgValue><ssdm name="_ssdm_op_Wait"/></StgValue>
</bind>
</comp>

<comp id="62" class="1001" name="const_62">
<pin_list>
<pin id="63" dir="1" index="0" bw="1" slack="0"/>
</pin_list>
<bind>
<StgValue><ssdm name="DebayerRatBorBatR_Pipeline_VITIS_LOOP_633_2"/></StgValue>
</bind>
</comp>

<comp id="64" class="1001" name="const_64">
<pin_list>
<pin id="65" dir="1" index="0" bw="1" slack="2147483647"/>
</pin_list>
<bind>
<StgValue><ssdm name="_ssdm_op_SpecLoopName"/></StgValue>
</bind>
</comp>

<comp id="66" class="1001" name="const_66">
<pin_list>
<pin id="67" dir="1" index="0" bw="1" slack="2147483647"/>
</pin_list>
<bind>
<StgValue><ssdm name="empty_12"/></StgValue>
</bind>
</comp>

<comp id="68" class="1004" name="y_fu_68">
<pin_list>
<pin id="69" dir="0" index="0" bw="1" slack="0"/>
<pin id="70" dir="1" index="1" bw="9" slack="0"/>
</pin_list>
<bind>
<opcode="alloca(26) " fcode="alloca"/>
<opset="y/1 "/>
</bind>
</comp>

<comp id="72" class="1004" name="p_0_0_09651416_lcssa1468_i_fu_72">
<pin_list>
<pin id="73" dir="0" index="0" bw="1" slack="0"/>
<pin id="74" dir="1" index="1" bw="10" slack="1"/>
</pin_list>
<bind>
<opcode="alloca(26) " fcode="alloca"/>
<opset="p_0_0_09651416_lcssa1468_i/1 "/>
</bind>
</comp>

<comp id="76" class="1004" name="p_0_0_09641419_lcssa1470_i_fu_76">
<pin_list>
<pin id="77" dir="0" index="0" bw="1" slack="0"/>
<pin id="78" dir="1" index="1" bw="10" slack="1"/>
</pin_list>
<bind>
<opcode="alloca(26) " fcode="alloca"/>
<opset="p_0_0_09641419_lcssa1470_i/1 "/>
</bind>
</comp>

<comp id="80" class="1004" name="p_0_0_09631422_lcssa1472_i_fu_80">
<pin_list>
<pin id="81" dir="0" index="0" bw="1" slack="0"/>
<pin id="82" dir="1" index="1" bw="10" slack="1"/>
</pin_list>
<bind>
<opcode="alloca(26) " fcode="alloca"/>
<opset="p_0_0_09631422_lcssa1472_i/1 "/>
</bind>
</comp>

<comp id="84" class="1004" name="p_0_0_0965_21446_lcssa1480_i_fu_84">
<pin_list>
<pin id="85" dir="0" index="0" bw="1" slack="0"/>
<pin id="86" dir="1" index="1" bw="10" slack="1"/>
</pin_list>
<bind>
<opcode="alloca(26) " fcode="alloca"/>
<opset="p_0_0_0965_21446_lcssa1480_i/1 "/>
</bind>
</comp>

<comp id="88" class="1004" name="p_0_0_0964_21449_lcssa1482_i_fu_88">
<pin_list>
<pin id="89" dir="0" index="0" bw="1" slack="0"/>
<pin id="90" dir="1" index="1" bw="10" slack="1"/>
</pin_list>
<bind>
<opcode="alloca(26) " fcode="alloca"/>
<opset="p_0_0_0964_21449_lcssa1482_i/1 "/>
</bind>
</comp>

<comp id="92" class="1004" name="p_0_0_0963_21452_lcssa1484_i_fu_92">
<pin_list>
<pin id="93" dir="0" index="0" bw="1" slack="0"/>
<pin id="94" dir="1" index="1" bw="10" slack="1"/>
</pin_list>
<bind>
<opcode="alloca(26) " fcode="alloca"/>
<opset="p_0_0_0963_21452_lcssa1484_i/1 "/>
</bind>
</comp>

<comp id="96" class="1004" name="p_0_0_0_0_09291513_lcssa1550_i_fu_96">
<pin_list>
<pin id="97" dir="0" index="0" bw="1" slack="0"/>
<pin id="98" dir="1" index="1" bw="10" slack="1"/>
</pin_list>
<bind>
<opcode="alloca(26) " fcode="alloca"/>
<opset="p_0_0_0_0_09291513_lcssa1550_i/1 "/>
</bind>
</comp>

<comp id="100" class="1004" name="p_0_1_0_0_09301515_lcssa1552_i_fu_100">
<pin_list>
<pin id="101" dir="0" index="0" bw="1" slack="0"/>
<pin id="102" dir="1" index="1" bw="10" slack="1"/>
</pin_list>
<bind>
<opcode="alloca(26) " fcode="alloca"/>
<opset="p_0_1_0_0_09301515_lcssa1552_i/1 "/>
</bind>
</comp>

<comp id="104" class="1004" name="p_0_2_0_0_09311517_lcssa1554_i_fu_104">
<pin_list>
<pin id="105" dir="0" index="0" bw="1" slack="0"/>
<pin id="106" dir="1" index="1" bw="10" slack="1"/>
</pin_list>
<bind>
<opcode="alloca(26) " fcode="alloca"/>
<opset="p_0_2_0_0_09311517_lcssa1554_i/1 "/>
</bind>
</comp>

<comp id="108" class="1004" name="p_0_0_0965_115081520_lcssa1556_i_fu_108">
<pin_list>
<pin id="109" dir="0" index="0" bw="1" slack="0"/>
<pin id="110" dir="1" index="1" bw="10" slack="1"/>
</pin_list>
<bind>
<opcode="alloca(26) " fcode="alloca"/>
<opset="p_0_0_0965_115081520_lcssa1556_i/1 "/>
</bind>
</comp>

<comp id="112" class="1004" name="p_0_0_0964_115101522_lcssa1558_i_fu_112">
<pin_list>
<pin id="113" dir="0" index="0" bw="1" slack="0"/>
<pin id="114" dir="1" index="1" bw="10" slack="1"/>
</pin_list>
<bind>
<opcode="alloca(26) " fcode="alloca"/>
<opset="p_0_0_0964_115101522_lcssa1558_i/1 "/>
</bind>
</comp>

<comp id="116" class="1004" name="p_0_0_0963_115121524_lcssa1560_i_fu_116">
<pin_list>
<pin id="117" dir="0" index="0" bw="1" slack="0"/>
<pin id="118" dir="1" index="1" bw="10" slack="1"/>
</pin_list>
<bind>
<opcode="alloca(26) " fcode="alloca"/>
<opset="p_0_0_0963_115121524_lcssa1560_i/1 "/>
</bind>
</comp>

<comp id="120" class="1004" name="p_0_0_0_0_09231525_lcssa1562_i_fu_120">
<pin_list>
<pin id="121" dir="0" index="0" bw="1" slack="0"/>
<pin id="122" dir="1" index="1" bw="10" slack="1"/>
</pin_list>
<bind>
<opcode="alloca(26) " fcode="alloca"/>
<opset="p_0_0_0_0_09231525_lcssa1562_i/1 "/>
</bind>
</comp>

<comp id="124" class="1004" name="p_0_1_0_0_09241527_lcssa1564_i_fu_124">
<pin_list>
<pin id="125" dir="0" index="0" bw="1" slack="0"/>
<pin id="126" dir="1" index="1" bw="10" slack="1"/>
</pin_list>
<bind>
<opcode="alloca(26) " fcode="alloca"/>
<opset="p_0_1_0_0_09241527_lcssa1564_i/1 "/>
</bind>
</comp>

<comp id="128" class="1004" name="p_0_2_0_0_09251529_lcssa1566_i_fu_128">
<pin_list>
<pin id="129" dir="0" index="0" bw="1" slack="0"/>
<pin id="130" dir="1" index="1" bw="10" slack="1"/>
</pin_list>
<bind>
<opcode="alloca(26) " fcode="alloca"/>
<opset="p_0_2_0_0_09251529_lcssa1566_i/1 "/>
</bind>
</comp>

<comp id="132" class="1004" name="lineBuffer_alloca_fu_132">
<pin_list>
<pin id="133" dir="0" index="0" bw="1" slack="0"/>
<pin id="134" dir="1" index="1" bw="30" slack="2147483647"/>
</pin_list>
<bind>
<opcode="alloca(26) " fcode="alloca"/>
<opset="lineBuffer/1 "/>
</bind>
</comp>

<comp id="136" class="1004" name="lineBuffer_1_alloca_fu_136">
<pin_list>
<pin id="137" dir="0" index="0" bw="1" slack="0"/>
<pin id="138" dir="1" index="1" bw="30" slack="2147483647"/>
</pin_list>
<bind>
<opcode="alloca(26) " fcode="alloca"/>
<opset="lineBuffer_1/1 "/>
</bind>
</comp>

<comp id="140" class="1004" name="width_read_read_fu_140">
<pin_list>
<pin id="141" dir="0" index="0" bw="9" slack="0"/>
<pin id="142" dir="0" index="1" bw="9" slack="0"/>
<pin id="143" dir="1" index="2" bw="9" slack="0"/>
</pin_list>
<bind>
<opcode="read(1150) " fcode="read"/>
<opset="width_read/1 "/>
</bind>
</comp>

<comp id="146" class="1004" name="height_read_read_fu_146">
<pin_list>
<pin id="147" dir="0" index="0" bw="9" slack="0"/>
<pin id="148" dir="0" index="1" bw="9" slack="0"/>
<pin id="149" dir="1" index="2" bw="9" slack="0"/>
</pin_list>
<bind>
<opcode="read(1150) " fcode="read"/>
<opset="height_read/1 "/>
</bind>
</comp>

<comp id="152" class="1004" name="bayerPhase_c9_read_read_fu_152">
<pin_list>
<pin id="153" dir="0" index="0" bw="16" slack="0"/>
<pin id="154" dir="0" index="1" bw="16" slack="0"/>
<pin id="155" dir="1" index="2" bw="16" slack="0"/>
</pin_list>
<bind>
<opcode="read(1150) " fcode="read"/>
<opset="bayerPhase_c9_read/1 "/>
</bind>
</comp>

<comp id="158" class="1004" name="write_ln0_write_fu_158">
<pin_list>
<pin id="159" dir="0" index="0" bw="0" slack="0"/>
<pin id="160" dir="0" index="1" bw="16" slack="0"/>
<pin id="161" dir="0" index="2" bw="16" slack="0"/>
<pin id="162" dir="1" index="3" bw="0" slack="2147483647"/>
</pin_list>
<bind>
<opcode="write(1151) " fcode="write"/>
<opset="write_ln0/1 "/>
</bind>
</comp>

<comp id="166" class="1004" name="grp_DebayerRatBorBatR_Pipeline_VITIS_LOOP_633_2_fu_166">
<pin_list>
<pin id="167" dir="0" index="0" bw="0" slack="0"/>
<pin id="168" dir="0" index="1" bw="10" slack="2"/>
<pin id="169" dir="0" index="2" bw="10" slack="2"/>
<pin id="170" dir="0" index="3" bw="10" slack="2"/>
<pin id="171" dir="0" index="4" bw="10" slack="2"/>
<pin id="172" dir="0" index="5" bw="10" slack="2"/>
<pin id="173" dir="0" index="6" bw="10" slack="2"/>
<pin id="174" dir="0" index="7" bw="10" slack="2"/>
<pin id="175" dir="0" index="8" bw="10" slack="2"/>
<pin id="176" dir="0" index="9" bw="10" slack="2"/>
<pin id="177" dir="0" index="10" bw="10" slack="2"/>
<pin id="178" dir="0" index="11" bw="10" slack="2"/>
<pin id="179" dir="0" index="12" bw="10" slack="2"/>
<pin id="180" dir="0" index="13" bw="10" slack="2"/>
<pin id="181" dir="0" index="14" bw="10" slack="2"/>
<pin id="182" dir="0" index="15" bw="10" slack="2"/>
<pin id="183" dir="0" index="16" bw="9" slack="2"/>
<pin id="184" dir="0" index="17" bw="1" slack="1"/>
<pin id="185" dir="0" index="18" bw="1" slack="2"/>
<pin id="186" dir="0" index="19" bw="15" slack="1"/>
<pin id="187" dir="0" index="20" bw="30" slack="2147483647"/>
<pin id="188" dir="0" index="21" bw="30" slack="2147483647"/>
<pin id="189" dir="0" index="22" bw="9" slack="2"/>
<pin id="190" dir="0" index="23" bw="1" slack="1"/>
<pin id="191" dir="0" index="24" bw="30" slack="0"/>
<pin id="192" dir="0" index="25" bw="1" slack="1"/>
<pin id="193" dir="0" index="26" bw="30" slack="0"/>
<pin id="194" dir="0" index="27" bw="10" slack="2"/>
<pin id="195" dir="0" index="28" bw="10" slack="2"/>
<pin id="196" dir="0" index="29" bw="10" slack="2"/>
<pin id="197" dir="0" index="30" bw="10" slack="2"/>
<pin id="198" dir="0" index="31" bw="10" slack="2"/>
<pin id="199" dir="0" index="32" bw="10" slack="2"/>
<pin id="200" dir="0" index="33" bw="10" slack="2"/>
<pin id="201" dir="0" index="34" bw="10" slack="2"/>
<pin id="202" dir="0" index="35" bw="10" slack="2"/>
<pin id="203" dir="0" index="36" bw="10" slack="2"/>
<pin id="204" dir="0" index="37" bw="10" slack="2"/>
<pin id="205" dir="0" index="38" bw="10" slack="2"/>
<pin id="206" dir="0" index="39" bw="10" slack="2"/>
<pin id="207" dir="0" index="40" bw="10" slack="2"/>
<pin id="208" dir="0" index="41" bw="10" slack="2"/>
<pin id="209" dir="1" index="42" bw="0" slack="2147483647"/>
</pin_list>
<bind>
<opcode="call(48) " fcode="call"/>
<opset="call_ln607/3 "/>
</bind>
</comp>

<comp id="213" class="1004" name="loopHeight_fu_213">
<pin_list>
<pin id="214" dir="0" index="0" bw="9" slack="0"/>
<pin id="215" dir="0" index="1" bw="1" slack="0"/>
<pin id="216" dir="1" index="2" bw="9" slack="1"/>
</pin_list>
<bind>
<opcode="add(8) " fcode="add"/>
<opset="loopHeight/1 "/>
</bind>
</comp>

<comp id="219" class="1004" name="loopWidth_fu_219">
<pin_list>
<pin id="220" dir="0" index="0" bw="9" slack="0"/>
<pin id="221" dir="0" index="1" bw="1" slack="0"/>
<pin id="222" dir="1" index="2" bw="9" slack="2"/>
</pin_list>
<bind>
<opcode="add(8) " fcode="add"/>
<opset="loopWidth/1 "/>
</bind>
</comp>

<comp id="225" class="1004" name="x_phase_fu_225">
<pin_list>
<pin id="226" dir="0" index="0" bw="16" slack="0"/>
<pin id="227" dir="1" index="1" bw="1" slack="2"/>
</pin_list>
<bind>
<opcode="trunc(33) " fcode="trunc"/>
<opset="x_phase/1 "/>
</bind>
</comp>

<comp id="229" class="1004" name="trunc_ln622_1_i_fu_229">
<pin_list>
<pin id="230" dir="0" index="0" bw="15" slack="0"/>
<pin id="231" dir="0" index="1" bw="16" slack="0"/>
<pin id="232" dir="0" index="2" bw="1" slack="0"/>
<pin id="233" dir="0" index="3" bw="5" slack="0"/>
<pin id="234" dir="1" index="4" bw="15" slack="1"/>
</pin_list>
<bind>
<opcode="partselect(1002) " fcode="partselect"/>
<opset="trunc_ln622_1_i/1 "/>
</bind>
</comp>

<comp id="239" class="1004" name="store_ln603_store_fu_239">
<pin_list>
<pin id="240" dir="0" index="0" bw="1" slack="0"/>
<pin id="241" dir="0" index="1" bw="9" slack="0"/>
<pin id="242" dir="1" index="2" bw="0" slack="2147483647"/>
</pin_list>
<bind>
<opcode="store(28) " fcode="store"/>
<opset="store_ln603/1 "/>
</bind>
</comp>

<comp id="244" class="1004" name="y_3_load_fu_244">
<pin_list>
<pin id="245" dir="0" index="0" bw="9" slack="1"/>
<pin id="246" dir="1" index="1" bw="9" slack="0"/>
</pin_list>
<bind>
<opcode="load(27) " fcode="load"/>
<opset="y_3/2 "/>
</bind>
</comp>

<comp id="247" class="1004" name="icmp_ln630_fu_247">
<pin_list>
<pin id="248" dir="0" index="0" bw="9" slack="0"/>
<pin id="249" dir="0" index="1" bw="9" slack="1"/>
<pin id="250" dir="1" index="2" bw="1" slack="2147483647"/>
</pin_list>
<bind>
<opcode="icmp(45) " fcode="icmp"/>
<opset="icmp_ln630/2 "/>
</bind>
</comp>

<comp id="252" class="1004" name="y_4_fu_252">
<pin_list>
<pin id="253" dir="0" index="0" bw="9" slack="0"/>
<pin id="254" dir="0" index="1" bw="1" slack="0"/>
<pin id="255" dir="1" index="2" bw="9" slack="0"/>
</pin_list>
<bind>
<opcode="add(8) " fcode="add"/>
<opset="y_4/2 "/>
</bind>
</comp>

<comp id="258" class="1004" name="p_0_0_09651416_lcssa1468_i_load_load_fu_258">
<pin_list>
<pin id="259" dir="0" index="0" bw="10" slack="1"/>
<pin id="260" dir="1" index="1" bw="10" slack="2"/>
</pin_list>
<bind>
<opcode="load(27) " fcode="load"/>
<opset="p_0_0_09651416_lcssa1468_i_load/2 "/>
</bind>
</comp>

<comp id="261" class="1004" name="p_0_0_09641419_lcssa1470_i_load_load_fu_261">
<pin_list>
<pin id="262" dir="0" index="0" bw="10" slack="1"/>
<pin id="263" dir="1" index="1" bw="10" slack="2"/>
</pin_list>
<bind>
<opcode="load(27) " fcode="load"/>
<opset="p_0_0_09641419_lcssa1470_i_load/2 "/>
</bind>
</comp>

<comp id="264" class="1004" name="p_0_0_09631422_lcssa1472_i_load_load_fu_264">
<pin_list>
<pin id="265" dir="0" index="0" bw="10" slack="1"/>
<pin id="266" dir="1" index="1" bw="10" slack="2"/>
</pin_list>
<bind>
<opcode="load(27) " fcode="load"/>
<opset="p_0_0_09631422_lcssa1472_i_load/2 "/>
</bind>
</comp>

<comp id="267" class="1004" name="p_0_0_0965_21446_lcssa1480_i_load_load_fu_267">
<pin_list>
<pin id="268" dir="0" index="0" bw="10" slack="1"/>
<pin id="269" dir="1" index="1" bw="10" slack="2"/>
</pin_list>
<bind>
<opcode="load(27) " fcode="load"/>
<opset="p_0_0_0965_21446_lcssa1480_i_load/2 "/>
</bind>
</comp>

<comp id="270" class="1004" name="p_0_0_0964_21449_lcssa1482_i_load_load_fu_270">
<pin_list>
<pin id="271" dir="0" index="0" bw="10" slack="1"/>
<pin id="272" dir="1" index="1" bw="10" slack="2"/>
</pin_list>
<bind>
<opcode="load(27) " fcode="load"/>
<opset="p_0_0_0964_21449_lcssa1482_i_load/2 "/>
</bind>
</comp>

<comp id="273" class="1004" name="p_0_0_0963_21452_lcssa1484_i_load_load_fu_273">
<pin_list>
<pin id="274" dir="0" index="0" bw="10" slack="1"/>
<pin id="275" dir="1" index="1" bw="10" slack="2"/>
</pin_list>
<bind>
<opcode="load(27) " fcode="load"/>
<opset="p_0_0_0963_21452_lcssa1484_i_load/2 "/>
</bind>
</comp>

<comp id="276" class="1004" name="p_0_0_0_0_09291513_lcssa1550_i_load_load_fu_276">
<pin_list>
<pin id="277" dir="0" index="0" bw="10" slack="1"/>
<pin id="278" dir="1" index="1" bw="10" slack="2"/>
</pin_list>
<bind>
<opcode="load(27) " fcode="load"/>
<opset="p_0_0_0_0_09291513_lcssa1550_i_load/2 "/>
</bind>
</comp>

<comp id="279" class="1004" name="p_0_1_0_0_09301515_lcssa1552_i_load_load_fu_279">
<pin_list>
<pin id="280" dir="0" index="0" bw="10" slack="1"/>
<pin id="281" dir="1" index="1" bw="10" slack="2"/>
</pin_list>
<bind>
<opcode="load(27) " fcode="load"/>
<opset="p_0_1_0_0_09301515_lcssa1552_i_load/2 "/>
</bind>
</comp>

<comp id="282" class="1004" name="p_0_2_0_0_09311517_lcssa1554_i_load_load_fu_282">
<pin_list>
<pin id="283" dir="0" index="0" bw="10" slack="1"/>
<pin id="284" dir="1" index="1" bw="10" slack="2"/>
</pin_list>
<bind>
<opcode="load(27) " fcode="load"/>
<opset="p_0_2_0_0_09311517_lcssa1554_i_load/2 "/>
</bind>
</comp>

<comp id="285" class="1004" name="p_0_0_0965_115081520_lcssa1556_i_load_load_fu_285">
<pin_list>
<pin id="286" dir="0" index="0" bw="10" slack="1"/>
<pin id="287" dir="1" index="1" bw="10" slack="2"/>
</pin_list>
<bind>
<opcode="load(27) " fcode="load"/>
<opset="p_0_0_0965_115081520_lcssa1556_i_load/2 "/>
</bind>
</comp>

<comp id="288" class="1004" name="p_0_0_0964_115101522_lcssa1558_i_load_load_fu_288">
<pin_list>
<pin id="289" dir="0" index="0" bw="10" slack="1"/>
<pin id="290" dir="1" index="1" bw="10" slack="2"/>
</pin_list>
<bind>
<opcode="load(27) " fcode="load"/>
<opset="p_0_0_0964_115101522_lcssa1558_i_load/2 "/>
</bind>
</comp>

<comp id="291" class="1004" name="p_0_0_0963_115121524_lcssa1560_i_load_load_fu_291">
<pin_list>
<pin id="292" dir="0" index="0" bw="10" slack="1"/>
<pin id="293" dir="1" index="1" bw="10" slack="2"/>
</pin_list>
<bind>
<opcode="load(27) " fcode="load"/>
<opset="p_0_0_0963_115121524_lcssa1560_i_load/2 "/>
</bind>
</comp>

<comp id="294" class="1004" name="p_0_0_0_0_09231525_lcssa1562_i_load_load_fu_294">
<pin_list>
<pin id="295" dir="0" index="0" bw="10" slack="1"/>
<pin id="296" dir="1" index="1" bw="10" slack="2"/>
</pin_list>
<bind>
<opcode="load(27) " fcode="load"/>
<opset="p_0_0_0_0_09231525_lcssa1562_i_load/2 "/>
</bind>
</comp>

<comp id="297" class="1004" name="p_0_1_0_0_09241527_lcssa1564_i_load_load_fu_297">
<pin_list>
<pin id="298" dir="0" index="0" bw="10" slack="1"/>
<pin id="299" dir="1" index="1" bw="10" slack="2"/>
</pin_list>
<bind>
<opcode="load(27) " fcode="load"/>
<opset="p_0_1_0_0_09241527_lcssa1564_i_load/2 "/>
</bind>
</comp>

<comp id="300" class="1004" name="p_0_2_0_0_09251529_lcssa1566_i_load_load_fu_300">
<pin_list>
<pin id="301" dir="0" index="0" bw="10" slack="1"/>
<pin id="302" dir="1" index="1" bw="10" slack="2"/>
</pin_list>
<bind>
<opcode="load(27) " fcode="load"/>
<opset="p_0_2_0_0_09251529_lcssa1566_i_load/2 "/>
</bind>
</comp>

<comp id="303" class="1004" name="trunc_ln630_fu_303">
<pin_list>
<pin id="304" dir="0" index="0" bw="9" slack="0"/>
<pin id="305" dir="1" index="1" bw="1" slack="0"/>
</pin_list>
<bind>
<opcode="trunc(33) " fcode="trunc"/>
<opset="trunc_ln630/2 "/>
</bind>
</comp>

<comp id="307" class="1004" name="and310_i_fu_307">
<pin_list>
<pin id="308" dir="0" index="0" bw="1" slack="0"/>
<pin id="309" dir="0" index="1" bw="1" slack="0"/>
<pin id="310" dir="1" index="2" bw="1" slack="0"/>
</pin_list>
<bind>
<opcode="xor(25) " fcode="xor"/>
<opset="and310_i/2 "/>
</bind>
</comp>

<comp id="313" class="1004" name="and310_cast_i_fu_313">
<pin_list>
<pin id="314" dir="0" index="0" bw="1" slack="0"/>
<pin id="315" dir="1" index="1" bw="15" slack="0"/>
</pin_list>
<bind>
<opcode="zext(34) " fcode="zext"/>
<opset="and310_cast_i/2 "/>
</bind>
</comp>

<comp id="317" class="1004" name="xor_i_fu_317">
<pin_list>
<pin id="318" dir="0" index="0" bw="15" slack="1"/>
<pin id="319" dir="0" index="1" bw="1" slack="0"/>
<pin id="320" dir="1" index="2" bw="15" slack="1"/>
</pin_list>
<bind>
<opcode="xor(25) " fcode="xor"/>
<opset="xor_i/2 "/>
</bind>
</comp>

<comp id="322" class="1004" name="red_i_fu_322">
<pin_list>
<pin id="323" dir="0" index="0" bw="1" slack="0"/>
<pin id="324" dir="0" index="1" bw="15" slack="1"/>
<pin id="325" dir="1" index="2" bw="1" slack="1"/>
</pin_list>
<bind>
<opcode="icmp(45) " fcode="icmp"/>
<opset="red_i/2 "/>
</bind>
</comp>

<comp id="327" class="1004" name="cmp558_i_fu_327">
<pin_list>
<pin id="328" dir="0" index="0" bw="9" slack="0"/>
<pin id="329" dir="0" index="1" bw="1" slack="0"/>
<pin id="330" dir="1" index="2" bw="1" slack="1"/>
</pin_list>
<bind>
<opcode="icmp(45) " fcode="icmp"/>
<opset="cmp558_i/2 "/>
</bind>
</comp>

<comp id="333" class="1004" name="cmp59_i_fu_333">
<pin_list>
<pin id="334" dir="0" index="0" bw="9" slack="0"/>
<pin id="335" dir="0" index="1" bw="9" slack="1"/>
<pin id="336" dir="1" index="2" bw="1" slack="1"/>
</pin_list>
<bind>
<opcode="icmp(45) " fcode="icmp"/>
<opset="cmp59_i/2 "/>
</bind>
</comp>

<comp id="338" class="1004" name="store_ln603_store_fu_338">
<pin_list>
<pin id="339" dir="0" index="0" bw="9" slack="0"/>
<pin id="340" dir="0" index="1" bw="9" slack="1"/>
<pin id="341" dir="1" index="2" bw="0" slack="2147483647"/>
</pin_list>
<bind>
<opcode="store(28) " fcode="store"/>
<opset="store_ln603/2 "/>
</bind>
</comp>

<comp id="343" class="1005" name="y_reg_343">
<pin_list>
<pin id="344" dir="0" index="0" bw="9" slack="0"/>
<pin id="345" dir="1" index="1" bw="9" slack="0"/>
</pin_list>
<bind>
<opset="y "/>
</bind>
</comp>

<comp id="350" class="1005" name="p_0_0_09651416_lcssa1468_i_reg_350">
<pin_list>
<pin id="351" dir="0" index="0" bw="10" slack="1"/>
<pin id="352" dir="1" index="1" bw="10" slack="1"/>
</pin_list>
<bind>
<opset="p_0_0_09651416_lcssa1468_i "/>
</bind>
</comp>

<comp id="356" class="1005" name="p_0_0_09641419_lcssa1470_i_reg_356">
<pin_list>
<pin id="357" dir="0" index="0" bw="10" slack="1"/>
<pin id="358" dir="1" index="1" bw="10" slack="1"/>
</pin_list>
<bind>
<opset="p_0_0_09641419_lcssa1470_i "/>
</bind>
</comp>

<comp id="362" class="1005" name="p_0_0_09631422_lcssa1472_i_reg_362">
<pin_list>
<pin id="363" dir="0" index="0" bw="10" slack="1"/>
<pin id="364" dir="1" index="1" bw="10" slack="1"/>
</pin_list>
<bind>
<opset="p_0_0_09631422_lcssa1472_i "/>
</bind>
</comp>

<comp id="368" class="1005" name="p_0_0_0965_21446_lcssa1480_i_reg_368">
<pin_list>
<pin id="369" dir="0" index="0" bw="10" slack="1"/>
<pin id="370" dir="1" index="1" bw="10" slack="1"/>
</pin_list>
<bind>
<opset="p_0_0_0965_21446_lcssa1480_i "/>
</bind>
</comp>

<comp id="374" class="1005" name="p_0_0_0964_21449_lcssa1482_i_reg_374">
<pin_list>
<pin id="375" dir="0" index="0" bw="10" slack="1"/>
<pin id="376" dir="1" index="1" bw="10" slack="1"/>
</pin_list>
<bind>
<opset="p_0_0_0964_21449_lcssa1482_i "/>
</bind>
</comp>

<comp id="380" class="1005" name="p_0_0_0963_21452_lcssa1484_i_reg_380">
<pin_list>
<pin id="381" dir="0" index="0" bw="10" slack="1"/>
<pin id="382" dir="1" index="1" bw="10" slack="1"/>
</pin_list>
<bind>
<opset="p_0_0_0963_21452_lcssa1484_i "/>
</bind>
</comp>

<comp id="386" class="1005" name="p_0_0_0_0_09291513_lcssa1550_i_reg_386">
<pin_list>
<pin id="387" dir="0" index="0" bw="10" slack="1"/>
<pin id="388" dir="1" index="1" bw="10" slack="1"/>
</pin_list>
<bind>
<opset="p_0_0_0_0_09291513_lcssa1550_i "/>
</bind>
</comp>

<comp id="392" class="1005" name="p_0_1_0_0_09301515_lcssa1552_i_reg_392">
<pin_list>
<pin id="393" dir="0" index="0" bw="10" slack="1"/>
<pin id="394" dir="1" index="1" bw="10" slack="1"/>
</pin_list>
<bind>
<opset="p_0_1_0_0_09301515_lcssa1552_i "/>
</bind>
</comp>

<comp id="398" class="1005" name="p_0_2_0_0_09311517_lcssa1554_i_reg_398">
<pin_list>
<pin id="399" dir="0" index="0" bw="10" slack="1"/>
<pin id="400" dir="1" index="1" bw="10" slack="1"/>
</pin_list>
<bind>
<opset="p_0_2_0_0_09311517_lcssa1554_i "/>
</bind>
</comp>

<comp id="404" class="1005" name="p_0_0_0965_115081520_lcssa1556_i_reg_404">
<pin_list>
<pin id="405" dir="0" index="0" bw="10" slack="1"/>
<pin id="406" dir="1" index="1" bw="10" slack="1"/>
</pin_list>
<bind>
<opset="p_0_0_0965_115081520_lcssa1556_i "/>
</bind>
</comp>

<comp id="410" class="1005" name="p_0_0_0964_115101522_lcssa1558_i_reg_410">
<pin_list>
<pin id="411" dir="0" index="0" bw="10" slack="1"/>
<pin id="412" dir="1" index="1" bw="10" slack="1"/>
</pin_list>
<bind>
<opset="p_0_0_0964_115101522_lcssa1558_i "/>
</bind>
</comp>

<comp id="416" class="1005" name="p_0_0_0963_115121524_lcssa1560_i_reg_416">
<pin_list>
<pin id="417" dir="0" index="0" bw="10" slack="1"/>
<pin id="418" dir="1" index="1" bw="10" slack="1"/>
</pin_list>
<bind>
<opset="p_0_0_0963_115121524_lcssa1560_i "/>
</bind>
</comp>

<comp id="422" class="1005" name="p_0_0_0_0_09231525_lcssa1562_i_reg_422">
<pin_list>
<pin id="423" dir="0" index="0" bw="10" slack="1"/>
<pin id="424" dir="1" index="1" bw="10" slack="1"/>
</pin_list>
<bind>
<opset="p_0_0_0_0_09231525_lcssa1562_i "/>
</bind>
</comp>

<comp id="428" class="1005" name="p_0_1_0_0_09241527_lcssa1564_i_reg_428">
<pin_list>
<pin id="429" dir="0" index="0" bw="10" slack="1"/>
<pin id="430" dir="1" index="1" bw="10" slack="1"/>
</pin_list>
<bind>
<opset="p_0_1_0_0_09241527_lcssa1564_i "/>
</bind>
</comp>

<comp id="434" class="1005" name="p_0_2_0_0_09251529_lcssa1566_i_reg_434">
<pin_list>
<pin id="435" dir="0" index="0" bw="10" slack="1"/>
<pin id="436" dir="1" index="1" bw="10" slack="1"/>
</pin_list>
<bind>
<opset="p_0_2_0_0_09251529_lcssa1566_i "/>
</bind>
</comp>

<comp id="440" class="1005" name="width_read_reg_440">
<pin_list>
<pin id="441" dir="0" index="0" bw="9" slack="2"/>
<pin id="442" dir="1" index="1" bw="9" slack="2"/>
</pin_list>
<bind>
<opset="width_read "/>
</bind>
</comp>

<comp id="445" class="1005" name="height_read_reg_445">
<pin_list>
<pin id="446" dir="0" index="0" bw="9" slack="1"/>
<pin id="447" dir="1" index="1" bw="9" slack="1"/>
</pin_list>
<bind>
<opset="height_read "/>
</bind>
</comp>

<comp id="450" class="1005" name="loopHeight_reg_450">
<pin_list>
<pin id="451" dir="0" index="0" bw="9" slack="1"/>
<pin id="452" dir="1" index="1" bw="9" slack="1"/>
</pin_list>
<bind>
<opset="loopHeight "/>
</bind>
</comp>

<comp id="455" class="1005" name="loopWidth_reg_455">
<pin_list>
<pin id="456" dir="0" index="0" bw="9" slack="2"/>
<pin id="457" dir="1" index="1" bw="9" slack="2"/>
</pin_list>
<bind>
<opset="loopWidth "/>
</bind>
</comp>

<comp id="460" class="1005" name="x_phase_reg_460">
<pin_list>
<pin id="461" dir="0" index="0" bw="1" slack="2"/>
<pin id="462" dir="1" index="1" bw="1" slack="2"/>
</pin_list>
<bind>
<opset="x_phase "/>
</bind>
</comp>

<comp id="465" class="1005" name="trunc_ln622_1_i_reg_465">
<pin_list>
<pin id="466" dir="0" index="0" bw="15" slack="1"/>
<pin id="467" dir="1" index="1" bw="15" slack="1"/>
</pin_list>
<bind>
<opset="trunc_ln622_1_i "/>
</bind>
</comp>

<comp id="474" class="1005" name="p_0_0_09651416_lcssa1468_i_load_reg_474">
<pin_list>
<pin id="475" dir="0" index="0" bw="10" slack="2"/>
<pin id="476" dir="1" index="1" bw="10" slack="2"/>
</pin_list>
<bind>
<opset="p_0_0_09651416_lcssa1468_i_load "/>
</bind>
</comp>

<comp id="479" class="1005" name="p_0_0_09641419_lcssa1470_i_load_reg_479">
<pin_list>
<pin id="480" dir="0" index="0" bw="10" slack="2"/>
<pin id="481" dir="1" index="1" bw="10" slack="2"/>
</pin_list>
<bind>
<opset="p_0_0_09641419_lcssa1470_i_load "/>
</bind>
</comp>

<comp id="484" class="1005" name="p_0_0_09631422_lcssa1472_i_load_reg_484">
<pin_list>
<pin id="485" dir="0" index="0" bw="10" slack="2"/>
<pin id="486" dir="1" index="1" bw="10" slack="2"/>
</pin_list>
<bind>
<opset="p_0_0_09631422_lcssa1472_i_load "/>
</bind>
</comp>

<comp id="489" class="1005" name="p_0_0_0965_21446_lcssa1480_i_load_reg_489">
<pin_list>
<pin id="490" dir="0" index="0" bw="10" slack="2"/>
<pin id="491" dir="1" index="1" bw="10" slack="2"/>
</pin_list>
<bind>
<opset="p_0_0_0965_21446_lcssa1480_i_load "/>
</bind>
</comp>

<comp id="494" class="1005" name="p_0_0_0964_21449_lcssa1482_i_load_reg_494">
<pin_list>
<pin id="495" dir="0" index="0" bw="10" slack="2"/>
<pin id="496" dir="1" index="1" bw="10" slack="2"/>
</pin_list>
<bind>
<opset="p_0_0_0964_21449_lcssa1482_i_load "/>
</bind>
</comp>

<comp id="499" class="1005" name="p_0_0_0963_21452_lcssa1484_i_load_reg_499">
<pin_list>
<pin id="500" dir="0" index="0" bw="10" slack="2"/>
<pin id="501" dir="1" index="1" bw="10" slack="2"/>
</pin_list>
<bind>
<opset="p_0_0_0963_21452_lcssa1484_i_load "/>
</bind>
</comp>

<comp id="504" class="1005" name="p_0_0_0_0_09291513_lcssa1550_i_load_reg_504">
<pin_list>
<pin id="505" dir="0" index="0" bw="10" slack="2"/>
<pin id="506" dir="1" index="1" bw="10" slack="2"/>
</pin_list>
<bind>
<opset="p_0_0_0_0_09291513_lcssa1550_i_load "/>
</bind>
</comp>

<comp id="509" class="1005" name="p_0_1_0_0_09301515_lcssa1552_i_load_reg_509">
<pin_list>
<pin id="510" dir="0" index="0" bw="10" slack="2"/>
<pin id="511" dir="1" index="1" bw="10" slack="2"/>
</pin_list>
<bind>
<opset="p_0_1_0_0_09301515_lcssa1552_i_load "/>
</bind>
</comp>

<comp id="514" class="1005" name="p_0_2_0_0_09311517_lcssa1554_i_load_reg_514">
<pin_list>
<pin id="515" dir="0" index="0" bw="10" slack="2"/>
<pin id="516" dir="1" index="1" bw="10" slack="2"/>
</pin_list>
<bind>
<opset="p_0_2_0_0_09311517_lcssa1554_i_load "/>
</bind>
</comp>

<comp id="519" class="1005" name="p_0_0_0965_115081520_lcssa1556_i_load_reg_519">
<pin_list>
<pin id="520" dir="0" index="0" bw="10" slack="2"/>
<pin id="521" dir="1" index="1" bw="10" slack="2"/>
</pin_list>
<bind>
<opset="p_0_0_0965_115081520_lcssa1556_i_load "/>
</bind>
</comp>

<comp id="524" class="1005" name="p_0_0_0964_115101522_lcssa1558_i_load_reg_524">
<pin_list>
<pin id="525" dir="0" index="0" bw="10" slack="2"/>
<pin id="526" dir="1" index="1" bw="10" slack="2"/>
</pin_list>
<bind>
<opset="p_0_0_0964_115101522_lcssa1558_i_load "/>
</bind>
</comp>

<comp id="529" class="1005" name="p_0_0_0963_115121524_lcssa1560_i_load_reg_529">
<pin_list>
<pin id="530" dir="0" index="0" bw="10" slack="2"/>
<pin id="531" dir="1" index="1" bw="10" slack="2"/>
</pin_list>
<bind>
<opset="p_0_0_0963_115121524_lcssa1560_i_load "/>
</bind>
</comp>

<comp id="534" class="1005" name="p_0_0_0_0_09231525_lcssa1562_i_load_reg_534">
<pin_list>
<pin id="535" dir="0" index="0" bw="10" slack="2"/>
<pin id="536" dir="1" index="1" bw="10" slack="2"/>
</pin_list>
<bind>
<opset="p_0_0_0_0_09231525_lcssa1562_i_load "/>
</bind>
</comp>

<comp id="539" class="1005" name="p_0_1_0_0_09241527_lcssa1564_i_load_reg_539">
<pin_list>
<pin id="540" dir="0" index="0" bw="10" slack="2"/>
<pin id="541" dir="1" index="1" bw="10" slack="2"/>
</pin_list>
<bind>
<opset="p_0_1_0_0_09241527_lcssa1564_i_load "/>
</bind>
</comp>

<comp id="544" class="1005" name="p_0_2_0_0_09251529_lcssa1566_i_load_reg_544">
<pin_list>
<pin id="545" dir="0" index="0" bw="10" slack="2"/>
<pin id="546" dir="1" index="1" bw="10" slack="2"/>
</pin_list>
<bind>
<opset="p_0_2_0_0_09251529_lcssa1566_i_load "/>
</bind>
</comp>

<comp id="549" class="1005" name="xor_i_reg_549">
<pin_list>
<pin id="550" dir="0" index="0" bw="15" slack="1"/>
<pin id="551" dir="1" index="1" bw="15" slack="1"/>
</pin_list>
<bind>
<opset="xor_i "/>
</bind>
</comp>

<comp id="554" class="1005" name="red_i_reg_554">
<pin_list>
<pin id="555" dir="0" index="0" bw="1" slack="1"/>
<pin id="556" dir="1" index="1" bw="1" slack="1"/>
</pin_list>
<bind>
<opset="red_i "/>
</bind>
</comp>

<comp id="559" class="1005" name="cmp558_i_reg_559">
<pin_list>
<pin id="560" dir="0" index="0" bw="1" slack="1"/>
<pin id="561" dir="1" index="1" bw="1" slack="1"/>
</pin_list>
<bind>
<opset="cmp558_i "/>
</bind>
</comp>

<comp id="564" class="1005" name="cmp59_i_reg_564">
<pin_list>
<pin id="565" dir="0" index="0" bw="1" slack="1"/>
<pin id="566" dir="1" index="1" bw="1" slack="1"/>
</pin_list>
<bind>
<opset="cmp59_i "/>
</bind>
</comp>

</comp_list>

<net_list>
<net id="71"><net_src comp="12" pin="0"/><net_sink comp="68" pin=0"/></net>

<net id="75"><net_src comp="12" pin="0"/><net_sink comp="72" pin=0"/></net>

<net id="79"><net_src comp="12" pin="0"/><net_sink comp="76" pin=0"/></net>

<net id="83"><net_src comp="12" pin="0"/><net_sink comp="80" pin=0"/></net>

<net id="87"><net_src comp="12" pin="0"/><net_sink comp="84" pin=0"/></net>

<net id="91"><net_src comp="12" pin="0"/><net_sink comp="88" pin=0"/></net>

<net id="95"><net_src comp="12" pin="0"/><net_sink comp="92" pin=0"/></net>

<net id="99"><net_src comp="12" pin="0"/><net_sink comp="96" pin=0"/></net>

<net id="103"><net_src comp="12" pin="0"/><net_sink comp="100" pin=0"/></net>

<net id="107"><net_src comp="12" pin="0"/><net_sink comp="104" pin=0"/></net>

<net id="111"><net_src comp="12" pin="0"/><net_sink comp="108" pin=0"/></net>

<net id="115"><net_src comp="12" pin="0"/><net_sink comp="112" pin=0"/></net>

<net id="119"><net_src comp="12" pin="0"/><net_sink comp="116" pin=0"/></net>

<net id="123"><net_src comp="12" pin="0"/><net_sink comp="120" pin=0"/></net>

<net id="127"><net_src comp="12" pin="0"/><net_sink comp="124" pin=0"/></net>

<net id="131"><net_src comp="12" pin="0"/><net_sink comp="128" pin=0"/></net>

<net id="135"><net_src comp="16" pin="0"/><net_sink comp="132" pin=0"/></net>

<net id="139"><net_src comp="16" pin="0"/><net_sink comp="136" pin=0"/></net>

<net id="144"><net_src comp="14" pin="0"/><net_sink comp="140" pin=0"/></net>

<net id="145"><net_src comp="6" pin="0"/><net_sink comp="140" pin=1"/></net>

<net id="150"><net_src comp="14" pin="0"/><net_sink comp="146" pin=0"/></net>

<net id="151"><net_src comp="4" pin="0"/><net_sink comp="146" pin=1"/></net>

<net id="156"><net_src comp="34" pin="0"/><net_sink comp="152" pin=0"/></net>

<net id="157"><net_src comp="8" pin="0"/><net_sink comp="152" pin=1"/></net>

<net id="163"><net_src comp="36" pin="0"/><net_sink comp="158" pin=0"/></net>

<net id="164"><net_src comp="10" pin="0"/><net_sink comp="158" pin=1"/></net>

<net id="165"><net_src comp="152" pin="2"/><net_sink comp="158" pin=2"/></net>

<net id="210"><net_src comp="62" pin="0"/><net_sink comp="166" pin=0"/></net>

<net id="211"><net_src comp="0" pin="0"/><net_sink comp="166" pin=24"/></net>

<net id="212"><net_src comp="2" pin="0"/><net_sink comp="166" pin=26"/></net>

<net id="217"><net_src comp="146" pin="2"/><net_sink comp="213" pin=0"/></net>

<net id="218"><net_src comp="44" pin="0"/><net_sink comp="213" pin=1"/></net>

<net id="223"><net_src comp="140" pin="2"/><net_sink comp="219" pin=0"/></net>

<net id="224"><net_src comp="44" pin="0"/><net_sink comp="219" pin=1"/></net>

<net id="228"><net_src comp="152" pin="2"/><net_sink comp="225" pin=0"/></net>

<net id="235"><net_src comp="46" pin="0"/><net_sink comp="229" pin=0"/></net>

<net id="236"><net_src comp="152" pin="2"/><net_sink comp="229" pin=1"/></net>

<net id="237"><net_src comp="12" pin="0"/><net_sink comp="229" pin=2"/></net>

<net id="238"><net_src comp="48" pin="0"/><net_sink comp="229" pin=3"/></net>

<net id="243"><net_src comp="50" pin="0"/><net_sink comp="239" pin=0"/></net>

<net id="251"><net_src comp="244" pin="1"/><net_sink comp="247" pin=0"/></net>

<net id="256"><net_src comp="244" pin="1"/><net_sink comp="252" pin=0"/></net>

<net id="257"><net_src comp="44" pin="0"/><net_sink comp="252" pin=1"/></net>

<net id="306"><net_src comp="244" pin="1"/><net_sink comp="303" pin=0"/></net>

<net id="311"><net_src comp="303" pin="1"/><net_sink comp="307" pin=0"/></net>

<net id="312"><net_src comp="58" pin="0"/><net_sink comp="307" pin=1"/></net>

<net id="316"><net_src comp="307" pin="2"/><net_sink comp="313" pin=0"/></net>

<net id="321"><net_src comp="313" pin="1"/><net_sink comp="317" pin=1"/></net>

<net id="326"><net_src comp="313" pin="1"/><net_sink comp="322" pin=0"/></net>

<net id="331"><net_src comp="244" pin="1"/><net_sink comp="327" pin=0"/></net>

<net id="332"><net_src comp="50" pin="0"/><net_sink comp="327" pin=1"/></net>

<net id="337"><net_src comp="244" pin="1"/><net_sink comp="333" pin=0"/></net>

<net id="342"><net_src comp="252" pin="2"/><net_sink comp="338" pin=0"/></net>

<net id="346"><net_src comp="68" pin="1"/><net_sink comp="343" pin=0"/></net>

<net id="347"><net_src comp="343" pin="1"/><net_sink comp="239" pin=1"/></net>

<net id="348"><net_src comp="343" pin="1"/><net_sink comp="244" pin=0"/></net>

<net id="349"><net_src comp="343" pin="1"/><net_sink comp="338" pin=1"/></net>

<net id="353"><net_src comp="72" pin="1"/><net_sink comp="350" pin=0"/></net>

<net id="354"><net_src comp="350" pin="1"/><net_sink comp="258" pin=0"/></net>

<net id="355"><net_src comp="350" pin="1"/><net_sink comp="166" pin=41"/></net>

<net id="359"><net_src comp="76" pin="1"/><net_sink comp="356" pin=0"/></net>

<net id="360"><net_src comp="356" pin="1"/><net_sink comp="261" pin=0"/></net>

<net id="361"><net_src comp="356" pin="1"/><net_sink comp="166" pin=40"/></net>

<net id="365"><net_src comp="80" pin="1"/><net_sink comp="362" pin=0"/></net>

<net id="366"><net_src comp="362" pin="1"/><net_sink comp="264" pin=0"/></net>

<net id="367"><net_src comp="362" pin="1"/><net_sink comp="166" pin=39"/></net>

<net id="371"><net_src comp="84" pin="1"/><net_sink comp="368" pin=0"/></net>

<net id="372"><net_src comp="368" pin="1"/><net_sink comp="267" pin=0"/></net>

<net id="373"><net_src comp="368" pin="1"/><net_sink comp="166" pin=38"/></net>

<net id="377"><net_src comp="88" pin="1"/><net_sink comp="374" pin=0"/></net>

<net id="378"><net_src comp="374" pin="1"/><net_sink comp="270" pin=0"/></net>

<net id="379"><net_src comp="374" pin="1"/><net_sink comp="166" pin=37"/></net>

<net id="383"><net_src comp="92" pin="1"/><net_sink comp="380" pin=0"/></net>

<net id="384"><net_src comp="380" pin="1"/><net_sink comp="273" pin=0"/></net>

<net id="385"><net_src comp="380" pin="1"/><net_sink comp="166" pin=36"/></net>

<net id="389"><net_src comp="96" pin="1"/><net_sink comp="386" pin=0"/></net>

<net id="390"><net_src comp="386" pin="1"/><net_sink comp="276" pin=0"/></net>

<net id="391"><net_src comp="386" pin="1"/><net_sink comp="166" pin=35"/></net>

<net id="395"><net_src comp="100" pin="1"/><net_sink comp="392" pin=0"/></net>

<net id="396"><net_src comp="392" pin="1"/><net_sink comp="279" pin=0"/></net>

<net id="397"><net_src comp="392" pin="1"/><net_sink comp="166" pin=34"/></net>

<net id="401"><net_src comp="104" pin="1"/><net_sink comp="398" pin=0"/></net>

<net id="402"><net_src comp="398" pin="1"/><net_sink comp="282" pin=0"/></net>

<net id="403"><net_src comp="398" pin="1"/><net_sink comp="166" pin=33"/></net>

<net id="407"><net_src comp="108" pin="1"/><net_sink comp="404" pin=0"/></net>

<net id="408"><net_src comp="404" pin="1"/><net_sink comp="285" pin=0"/></net>

<net id="409"><net_src comp="404" pin="1"/><net_sink comp="166" pin=32"/></net>

<net id="413"><net_src comp="112" pin="1"/><net_sink comp="410" pin=0"/></net>

<net id="414"><net_src comp="410" pin="1"/><net_sink comp="288" pin=0"/></net>

<net id="415"><net_src comp="410" pin="1"/><net_sink comp="166" pin=31"/></net>

<net id="419"><net_src comp="116" pin="1"/><net_sink comp="416" pin=0"/></net>

<net id="420"><net_src comp="416" pin="1"/><net_sink comp="291" pin=0"/></net>

<net id="421"><net_src comp="416" pin="1"/><net_sink comp="166" pin=30"/></net>

<net id="425"><net_src comp="120" pin="1"/><net_sink comp="422" pin=0"/></net>

<net id="426"><net_src comp="422" pin="1"/><net_sink comp="294" pin=0"/></net>

<net id="427"><net_src comp="422" pin="1"/><net_sink comp="166" pin=29"/></net>

<net id="431"><net_src comp="124" pin="1"/><net_sink comp="428" pin=0"/></net>

<net id="432"><net_src comp="428" pin="1"/><net_sink comp="297" pin=0"/></net>

<net id="433"><net_src comp="428" pin="1"/><net_sink comp="166" pin=28"/></net>

<net id="437"><net_src comp="128" pin="1"/><net_sink comp="434" pin=0"/></net>

<net id="438"><net_src comp="434" pin="1"/><net_sink comp="300" pin=0"/></net>

<net id="439"><net_src comp="434" pin="1"/><net_sink comp="166" pin=27"/></net>

<net id="443"><net_src comp="140" pin="2"/><net_sink comp="440" pin=0"/></net>

<net id="444"><net_src comp="440" pin="1"/><net_sink comp="166" pin=22"/></net>

<net id="448"><net_src comp="146" pin="2"/><net_sink comp="445" pin=0"/></net>

<net id="449"><net_src comp="445" pin="1"/><net_sink comp="333" pin=1"/></net>

<net id="453"><net_src comp="213" pin="2"/><net_sink comp="450" pin=0"/></net>

<net id="454"><net_src comp="450" pin="1"/><net_sink comp="247" pin=1"/></net>

<net id="458"><net_src comp="219" pin="2"/><net_sink comp="455" pin=0"/></net>

<net id="459"><net_src comp="455" pin="1"/><net_sink comp="166" pin=16"/></net>

<net id="463"><net_src comp="225" pin="1"/><net_sink comp="460" pin=0"/></net>

<net id="464"><net_src comp="460" pin="1"/><net_sink comp="166" pin=18"/></net>

<net id="468"><net_src comp="229" pin="4"/><net_sink comp="465" pin=0"/></net>

<net id="469"><net_src comp="465" pin="1"/><net_sink comp="317" pin=0"/></net>

<net id="470"><net_src comp="465" pin="1"/><net_sink comp="322" pin=1"/></net>

<net id="477"><net_src comp="258" pin="1"/><net_sink comp="474" pin=0"/></net>

<net id="478"><net_src comp="474" pin="1"/><net_sink comp="166" pin=15"/></net>

<net id="482"><net_src comp="261" pin="1"/><net_sink comp="479" pin=0"/></net>

<net id="483"><net_src comp="479" pin="1"/><net_sink comp="166" pin=14"/></net>

<net id="487"><net_src comp="264" pin="1"/><net_sink comp="484" pin=0"/></net>

<net id="488"><net_src comp="484" pin="1"/><net_sink comp="166" pin=13"/></net>

<net id="492"><net_src comp="267" pin="1"/><net_sink comp="489" pin=0"/></net>

<net id="493"><net_src comp="489" pin="1"/><net_sink comp="166" pin=12"/></net>

<net id="497"><net_src comp="270" pin="1"/><net_sink comp="494" pin=0"/></net>

<net id="498"><net_src comp="494" pin="1"/><net_sink comp="166" pin=11"/></net>

<net id="502"><net_src comp="273" pin="1"/><net_sink comp="499" pin=0"/></net>

<net id="503"><net_src comp="499" pin="1"/><net_sink comp="166" pin=10"/></net>

<net id="507"><net_src comp="276" pin="1"/><net_sink comp="504" pin=0"/></net>

<net id="508"><net_src comp="504" pin="1"/><net_sink comp="166" pin=9"/></net>

<net id="512"><net_src comp="279" pin="1"/><net_sink comp="509" pin=0"/></net>

<net id="513"><net_src comp="509" pin="1"/><net_sink comp="166" pin=8"/></net>

<net id="517"><net_src comp="282" pin="1"/><net_sink comp="514" pin=0"/></net>

<net id="518"><net_src comp="514" pin="1"/><net_sink comp="166" pin=7"/></net>

<net id="522"><net_src comp="285" pin="1"/><net_sink comp="519" pin=0"/></net>

<net id="523"><net_src comp="519" pin="1"/><net_sink comp="166" pin=6"/></net>

<net id="527"><net_src comp="288" pin="1"/><net_sink comp="524" pin=0"/></net>

<net id="528"><net_src comp="524" pin="1"/><net_sink comp="166" pin=5"/></net>

<net id="532"><net_src comp="291" pin="1"/><net_sink comp="529" pin=0"/></net>

<net id="533"><net_src comp="529" pin="1"/><net_sink comp="166" pin=4"/></net>

<net id="537"><net_src comp="294" pin="1"/><net_sink comp="534" pin=0"/></net>

<net id="538"><net_src comp="534" pin="1"/><net_sink comp="166" pin=3"/></net>

<net id="542"><net_src comp="297" pin="1"/><net_sink comp="539" pin=0"/></net>

<net id="543"><net_src comp="539" pin="1"/><net_sink comp="166" pin=2"/></net>

<net id="547"><net_src comp="300" pin="1"/><net_sink comp="544" pin=0"/></net>

<net id="548"><net_src comp="544" pin="1"/><net_sink comp="166" pin=1"/></net>

<net id="552"><net_src comp="317" pin="2"/><net_sink comp="549" pin=0"/></net>

<net id="553"><net_src comp="549" pin="1"/><net_sink comp="166" pin=19"/></net>

<net id="557"><net_src comp="322" pin="2"/><net_sink comp="554" pin=0"/></net>

<net id="558"><net_src comp="554" pin="1"/><net_sink comp="166" pin=25"/></net>

<net id="562"><net_src comp="327" pin="2"/><net_sink comp="559" pin=0"/></net>

<net id="563"><net_src comp="559" pin="1"/><net_sink comp="166" pin=17"/></net>

<net id="567"><net_src comp="333" pin="2"/><net_sink comp="564" pin=0"/></net>

<net id="568"><net_src comp="564" pin="1"/><net_sink comp="166" pin=23"/></net>

</net_list>

</model> 
---------------- Datapath Model END ------------------

* FSMD analyzer results:
  - Output states:
	Port: imgRB | {3 4 }
	Port: bayerPhase_c | {1 }
 - Input state : 
	Port: DebayerRatBorBatR : imgG | {3 4 }
	Port: DebayerRatBorBatR : height | {1 }
	Port: DebayerRatBorBatR : width | {1 }
	Port: DebayerRatBorBatR : bayerPhase_c9 | {1 }
  - Chain level:
	State 1
		store_ln603 : 1
	State 2
		icmp_ln630 : 1
		y_4 : 1
		br_ln630 : 2
		trunc_ln630 : 1
		and310_i : 2
		and310_cast_i : 2
		xor_i : 3
		red_i : 3
		cmp558_i : 1
		cmp59_i : 1
		store_ln603 : 2
	State 3
	State 4


============================================================
+ Verbose Summary: Datapath Resource usage 
============================================================

* Functional unit list:
|----------|--------------------------------------------------------|---------|---------|---------|
| Operation|                     Functional Unit                    |  Delay  |    FF   |   LUT   |
|----------|--------------------------------------------------------|---------|---------|---------|
|   call   | grp_DebayerRatBorBatR_Pipeline_VITIS_LOOP_633_2_fu_166 |  3.176  |   928   |   852   |
|----------|--------------------------------------------------------|---------|---------|---------|
|          |                    icmp_ln630_fu_247                   |    0    |    0    |    14   |
|   icmp   |                      red_i_fu_322                      |    0    |    0    |    20   |
|          |                     cmp558_i_fu_327                    |    0    |    0    |    14   |
|          |                     cmp59_i_fu_333                     |    0    |    0    |    14   |
|----------|--------------------------------------------------------|---------|---------|---------|
|          |                    loopHeight_fu_213                   |    0    |    0    |    14   |
|    add   |                    loopWidth_fu_219                    |    0    |    0    |    14   |
|          |                       y_4_fu_252                       |    0    |    0    |    14   |
|----------|--------------------------------------------------------|---------|---------|---------|
|    xor   |                     and310_i_fu_307                    |    0    |    0    |    2    |
|          |                      xor_i_fu_317                      |    0    |    0    |    15   |
|----------|--------------------------------------------------------|---------|---------|---------|
|          |                 width_read_read_fu_140                 |    0    |    0    |    0    |
|   read   |                 height_read_read_fu_146                |    0    |    0    |    0    |
|          |             bayerPhase_c9_read_read_fu_152             |    0    |    0    |    0    |
|----------|--------------------------------------------------------|---------|---------|---------|
|   write  |                 write_ln0_write_fu_158                 |    0    |    0    |    0    |
|----------|--------------------------------------------------------|---------|---------|---------|
|   trunc  |                     x_phase_fu_225                     |    0    |    0    |    0    |
|          |                   trunc_ln630_fu_303                   |    0    |    0    |    0    |
|----------|--------------------------------------------------------|---------|---------|---------|
|partselect|                 trunc_ln622_1_i_fu_229                 |    0    |    0    |    0    |
|----------|--------------------------------------------------------|---------|---------|---------|
|   zext   |                  and310_cast_i_fu_313                  |    0    |    0    |    0    |
|----------|--------------------------------------------------------|---------|---------|---------|
|   Total  |                                                        |  3.176  |   928   |   973   |
|----------|--------------------------------------------------------|---------|---------|---------|

Memories:
+------------+--------+--------+--------+--------+
|            |  BRAM  |   FF   |   LUT  |  URAM  |
+------------+--------+--------+--------+--------+
| lineBuffer |    1   |    0   |    0   |    0   |
|lineBuffer_1|    1   |    0   |    0   |    0   |
+------------+--------+--------+--------+--------+
|    Total   |    2   |    0   |    0   |    0   |
+------------+--------+--------+--------+--------+

* Register list:
+---------------------------------------------+--------+
|                                             |   FF   |
+---------------------------------------------+--------+
|               cmp558_i_reg_559              |    1   |
|               cmp59_i_reg_564               |    1   |
|             height_read_reg_445             |    9   |
|              loopHeight_reg_450             |    9   |
|              loopWidth_reg_455              |    9   |
|   p_0_0_09631422_lcssa1472_i_load_reg_484   |   10   |
|      p_0_0_09631422_lcssa1472_i_reg_362     |   10   |
|p_0_0_0963_115121524_lcssa1560_i_load_reg_529|   10   |
|   p_0_0_0963_115121524_lcssa1560_i_reg_416  |   10   |
|  p_0_0_0963_21452_lcssa1484_i_load_reg_499  |   10   |
|     p_0_0_0963_21452_lcssa1484_i_reg_380    |   10   |
|   p_0_0_09641419_lcssa1470_i_load_reg_479   |   10   |
|      p_0_0_09641419_lcssa1470_i_reg_356     |   10   |
|p_0_0_0964_115101522_lcssa1558_i_load_reg_524|   10   |
|   p_0_0_0964_115101522_lcssa1558_i_reg_410  |   10   |
|  p_0_0_0964_21449_lcssa1482_i_load_reg_494  |   10   |
|     p_0_0_0964_21449_lcssa1482_i_reg_374    |   10   |
|   p_0_0_09651416_lcssa1468_i_load_reg_474   |   10   |
|      p_0_0_09651416_lcssa1468_i_reg_350     |   10   |
|p_0_0_0965_115081520_lcssa1556_i_load_reg_519|   10   |
|   p_0_0_0965_115081520_lcssa1556_i_reg_404  |   10   |
|  p_0_0_0965_21446_lcssa1480_i_load_reg_489  |   10   |
|     p_0_0_0965_21446_lcssa1480_i_reg_368    |   10   |
| p_0_0_0_0_09231525_lcssa1562_i_load_reg_534 |   10   |
|    p_0_0_0_0_09231525_lcssa1562_i_reg_422   |   10   |
| p_0_0_0_0_09291513_lcssa1550_i_load_reg_504 |   10   |
|    p_0_0_0_0_09291513_lcssa1550_i_reg_386   |   10   |
| p_0_1_0_0_09241527_lcssa1564_i_load_reg_539 |   10   |
|    p_0_1_0_0_09241527_lcssa1564_i_reg_428   |   10   |
| p_0_1_0_0_09301515_lcssa1552_i_load_reg_509 |   10   |
|    p_0_1_0_0_09301515_lcssa1552_i_reg_392   |   10   |
| p_0_2_0_0_09251529_lcssa1566_i_load_reg_544 |   10   |
|    p_0_2_0_0_09251529_lcssa1566_i_reg_434   |   10   |
| p_0_2_0_0_09311517_lcssa1554_i_load_reg_514 |   10   |
|    p_0_2_0_0_09311517_lcssa1554_i_reg_398   |   10   |
|                red_i_reg_554                |    1   |
|           trunc_ln622_1_i_reg_465           |   15   |
|              width_read_reg_440             |    9   |
|               x_phase_reg_460               |    1   |
|                xor_i_reg_549                |   15   |
|                  y_reg_343                  |    9   |
+---------------------------------------------+--------+
|                    Total                    |   379  |
+---------------------------------------------+--------+

* Multiplexer (MUX) list: 
|--------|------|------|------|--------|
|  Comp  |  Pin | Size |  BW  | S x BW |
|--------|------|------|------|--------|
|  Total |      |      |      |    0   |
|--------|------|------|------|--------|



* Summary:
+-----------+--------+--------+--------+--------+--------+
|           |  BRAM  |  Delay |   FF   |   LUT  |  URAM  |
+-----------+--------+--------+--------+--------+--------+
|  Function |    -   |    3   |   928  |   973  |    -   |
|   Memory  |    2   |    -   |    0   |    0   |    0   |
|Multiplexer|    -   |    -   |    -   |    -   |    -   |
|  Register |    -   |    -   |   379  |    -   |    -   |
+-----------+--------+--------+--------+--------+--------+
|   Total   |    2   |    3   |  1307  |   973  |    0   |
+-----------+--------+--------+--------+--------+--------+
