

================================================================
== Vitis HLS Report for 'MultiPixStream2AXIvideo'
================================================================
* Date:           Thu Dec 28 17:19:11 2023

* Version:        2023.2 (Build 4023990 on Oct 11 2023)
* Project:        prj
* Solution:       sol (Vivado IP Flow Target)
* Product family: zynq
* Target device:  xc7z020-clg484-1


================================================================
== Performance Estimates
================================================================
+ Timing: 
    * Summary: 
    +--------+---------+----------+------------+
    |  Clock |  Target | Estimated| Uncertainty|
    +--------+---------+----------+------------+
    |ap_clk  |  7.00 ns|  4.999 ns|     1.89 ns|
    +--------+---------+----------+------------+

+ Latency: 
    * Summary: 
    +---------+---------+-----------+----------+-----+--------+---------+
    |  Latency (cycles) |  Latency (absolute)  |   Interval   | Pipeline|
    |   min   |   max   |    min    |    max   | min |   max  |   Type  |
    +---------+---------+-----------+----------+-----+--------+---------+
    |        2|   162402|  14.000 ns|  1.137 ms|    2|  162402|       no|
    +---------+---------+-----------+----------+-----+--------+---------+

    + Detail: 
        * Instance: 
        N/A

        * Loop: 
        +--------------------+---------+---------+----------+-----------+-----------+---------+----------+
        |                    |  Latency (cycles) | Iteration|  Initiation Interval  |   Trip  |          |
        |      Loop Name     |   min   |   max   |  Latency |  achieved |   target  |  Count  | Pipelined|
        +--------------------+---------+---------+----------+-----------+-----------+---------+----------+
        |- VITIS_LOOP_228_1  |        0|   162400|   6 ~ 406|          -|          -|  0 ~ 400|        no|
        +--------------------+---------+---------+----------+-----------+-----------+---------+----------+

============================================================
+ Verbose Summary: Synthesis Manager
============================================================
InlineROM: 1
ExposeGlobal: 0
============================================================
+ Verbose Summary: CDFG Model
============================================================
IsTopModel: 0
ResetActiveHigh: 1
IsCombinational: 2
IsDatapathOnly: 0
HasWiredReturn: 1
HasMFsm: 0
HasVarLatency: 1
IsPipeline: 0
IsRtlPipelined: 0
IsInstanceOverlapped: 0
IsDontTouch: 0
HasImplIP: 0
IsGatedGlobalClock: 0


============================================================
+ Verbose Summary: Schedule
============================================================
* Number of FSM states : 5
* Pipeline : 0
* Dataflow Pipeline: 0

* FSM state transitions: 
1 --> 2 
2 --> 3 5 
3 --> 4 
4 --> 2 
5 --> 

* FSM state operations: 

State 1 <SV = 0> <Delay = 1.82>
ST_1 : Operation 6 [1/1] (0.00ns)   --->   "%i = alloca i32 1" [/home/alen/repo/zynq-7020-video-pipe-3/hw/video-pipe-hw-v5/hw_011223.runs/broncho_video_v_demosaic_0_0_synth_1/prj/sol/.autopilot/db/v_demosaic.cpp:228]   --->   Operation 6 'alloca' 'i' <Predicate = true> <Delay = 0.00>
ST_1 : Operation 7 [1/1] (0.00ns)   --->   "%specinterface_ln0 = specinterface void @_ssdm_op_SpecInterface, i16 %WidthOut, void @ap_stable_str, i32 0, i32 0, void @p_str, i32 0, i32 0, void @p_str, void @p_str, void @p_str, i32 2, i32 2, i32 16, i32 16, void @p_str, void @p_str, i32 4294967295, i32 0"   --->   Operation 7 'specinterface' 'specinterface_ln0' <Predicate = true> <Delay = 0.00>
ST_1 : Operation 8 [1/1] (0.00ns)   --->   "%specinterface_ln0 = specinterface void @_ssdm_op_SpecInterface, i16 %Height, void @ap_stable_str, i32 0, i32 0, void @p_str, i32 0, i32 0, void @p_str, void @p_str, void @p_str, i32 2, i32 2, i32 16, i32 16, void @p_str, void @p_str, i32 4294967295, i32 0"   --->   Operation 8 'specinterface' 'specinterface_ln0' <Predicate = true> <Delay = 0.00>
ST_1 : Operation 9 [1/1] (0.00ns)   --->   "%specaxissidechannel_ln0 = specaxissidechannel void @_ssdm_op_SpecAXISSideChannel, i32 %m_axis_video_V_data_V, i4 %m_axis_video_V_keep_V, i4 %m_axis_video_V_strb_V, i1 %m_axis_video_V_user_V, i1 %m_axis_video_V_last_V, i1 %m_axis_video_V_id_V, i1 %m_axis_video_V_dest_V, void @empty_20"   --->   Operation 9 'specaxissidechannel' 'specaxissidechannel_ln0' <Predicate = true> <Delay = 0.00>
ST_1 : Operation 10 [1/1] (0.00ns)   --->   "%specinterface_ln0 = specinterface void @_ssdm_op_SpecInterface, i30 %imgUnzip, void @empty_21, i32 0, i32 0, void @empty_1, i32 0, i32 0, void @empty_1, void @empty_1, void @empty_1, i32 0, i32 0, i32 0, i32 0, void @empty_1, void @empty_1, i32 4294967295, i32 0"   --->   Operation 10 'specinterface' 'specinterface_ln0' <Predicate = true> <Delay = 0.00>
ST_1 : Operation 11 [1/1] (0.00ns)   --->   "%specinterface_ln0 = specinterface void @_ssdm_op_SpecInterface, i1 %m_axis_video_V_dest_V, i1 %m_axis_video_V_id_V, i1 %m_axis_video_V_last_V, i1 %m_axis_video_V_user_V, i4 %m_axis_video_V_strb_V, i4 %m_axis_video_V_keep_V, i32 %m_axis_video_V_data_V, void @empty_23, i32 1, i32 1, void @empty_22, i32 0, i32 0, void @empty_1, void @empty_1, void @empty_1, i32 0, i32 0, i32 0, i32 0, void @empty_1, void @empty_1, i32 4294967295, i32 0"   --->   Operation 11 'specinterface' 'specinterface_ln0' <Predicate = true> <Delay = 0.00>
ST_1 : Operation 12 [1/1] (0.00ns)   --->   "%WidthOut_read = read i16 @_ssdm_op_Read.ap_stable.i16, i16 %WidthOut" [/home/alen/repo/zynq-7020-video-pipe-3/hw/video-pipe-hw-v5/hw_011223.runs/broncho_video_v_demosaic_0_0_synth_1/prj/sol/.autopilot/db/v_demosaic.cpp:221]   --->   Operation 12 'read' 'WidthOut_read' <Predicate = true> <Delay = 0.00>
ST_1 : Operation 13 [1/1] (0.00ns)   --->   "%Height_read = read i16 @_ssdm_op_Read.ap_stable.i16, i16 %Height" [/home/alen/repo/zynq-7020-video-pipe-3/hw/video-pipe-hw-v5/hw_011223.runs/broncho_video_v_demosaic_0_0_synth_1/prj/sol/.autopilot/db/v_demosaic.cpp:221]   --->   Operation 13 'read' 'Height_read' <Predicate = true> <Delay = 0.00>
ST_1 : Operation 14 [1/1] (0.00ns)   --->   "%trunc_ln221 = trunc i16 %Height_read" [/home/alen/repo/zynq-7020-video-pipe-3/hw/video-pipe-hw-v5/hw_011223.runs/broncho_video_v_demosaic_0_0_synth_1/prj/sol/.autopilot/db/v_demosaic.cpp:221]   --->   Operation 14 'trunc' 'trunc_ln221' <Predicate = true> <Delay = 0.00>
ST_1 : Operation 15 [1/1] (0.00ns)   --->   "%empty = trunc i16 %WidthOut_read" [/home/alen/repo/zynq-7020-video-pipe-3/hw/video-pipe-hw-v5/hw_011223.runs/broncho_video_v_demosaic_0_0_synth_1/prj/sol/.autopilot/db/v_demosaic.cpp:221]   --->   Operation 15 'trunc' 'empty' <Predicate = true> <Delay = 0.00>
ST_1 : Operation 16 [1/1] (0.00ns)   --->   "%empty_124 = trunc i16 %WidthOut_read" [/home/alen/repo/zynq-7020-video-pipe-3/hw/video-pipe-hw-v5/hw_011223.runs/broncho_video_v_demosaic_0_0_synth_1/prj/sol/.autopilot/db/v_demosaic.cpp:221]   --->   Operation 16 'trunc' 'empty_124' <Predicate = true> <Delay = 0.00>
ST_1 : Operation 17 [1/1] (1.73ns)   --->   "%sub_i_i = add i10 %empty_124, i10 1023" [/home/alen/repo/zynq-7020-video-pipe-3/hw/video-pipe-hw-v5/hw_011223.runs/broncho_video_v_demosaic_0_0_synth_1/prj/sol/.autopilot/db/v_demosaic.cpp:221]   --->   Operation 17 'add' 'sub_i_i' <Predicate = true> <Delay = 1.73> <CoreInst = "Adder">   --->   Core 1 'Adder' <Latency = 0> <II = 1> <Delay = 1.73> <FuncUnit> <Opcode : 'add' 'sub'> <InPorts = 2> <OutPorts = 1>
ST_1 : Operation 18 [1/1] (1.82ns)   --->   "%icmp_ln228 = icmp_eq  i9 %empty, i9 0" [/home/alen/repo/zynq-7020-video-pipe-3/hw/video-pipe-hw-v5/hw_011223.runs/broncho_video_v_demosaic_0_0_synth_1/prj/sol/.autopilot/db/v_demosaic.cpp:228]   --->   Operation 18 'icmp' 'icmp_ln228' <Predicate = true> <Delay = 1.82> <CoreInst = "Cmp">   --->   Core 9 'Cmp' <Latency = 0> <II = 1> <Delay = 1.82> <FuncUnit> <Opcode : 'icmp'> <InPorts = 2> <OutPorts = 1>
ST_1 : Operation 19 [1/1] (1.58ns)   --->   "%store_ln228 = store i9 0, i9 %i" [/home/alen/repo/zynq-7020-video-pipe-3/hw/video-pipe-hw-v5/hw_011223.runs/broncho_video_v_demosaic_0_0_synth_1/prj/sol/.autopilot/db/v_demosaic.cpp:228]   --->   Operation 19 'store' 'store_ln228' <Predicate = true> <Delay = 1.58>
ST_1 : Operation 20 [1/1] (1.58ns)   --->   "%br_ln228 = br void %VITIS_LOOP_230_2" [/home/alen/repo/zynq-7020-video-pipe-3/hw/video-pipe-hw-v5/hw_011223.runs/broncho_video_v_demosaic_0_0_synth_1/prj/sol/.autopilot/db/v_demosaic.cpp:228]   --->   Operation 20 'br' 'br_ln228' <Predicate = true> <Delay = 1.58>

State 2 <SV = 1> <Delay = 3.41>
ST_2 : Operation 21 [1/1] (0.00ns)   --->   "%sof = phi i1 1, void %entry, i1 %and_ln228, void %VITIS_LOOP_230_2.split" [/home/alen/repo/zynq-7020-video-pipe-3/hw/video-pipe-hw-v5/hw_011223.runs/broncho_video_v_demosaic_0_0_synth_1/prj/sol/.autopilot/db/v_demosaic.cpp:228]   --->   Operation 21 'phi' 'sof' <Predicate = true> <Delay = 0.00>
ST_2 : Operation 22 [1/1] (0.00ns)   --->   "%i_1 = load i9 %i" [/home/alen/repo/zynq-7020-video-pipe-3/hw/video-pipe-hw-v5/hw_011223.runs/broncho_video_v_demosaic_0_0_synth_1/prj/sol/.autopilot/db/v_demosaic.cpp:228]   --->   Operation 22 'load' 'i_1' <Predicate = true> <Delay = 0.00>
ST_2 : Operation 23 [1/1] (1.82ns)   --->   "%icmp_ln228_1 = icmp_eq  i9 %i_1, i9 %trunc_ln221" [/home/alen/repo/zynq-7020-video-pipe-3/hw/video-pipe-hw-v5/hw_011223.runs/broncho_video_v_demosaic_0_0_synth_1/prj/sol/.autopilot/db/v_demosaic.cpp:228]   --->   Operation 23 'icmp' 'icmp_ln228_1' <Predicate = true> <Delay = 1.82> <CoreInst = "Cmp">   --->   Core 9 'Cmp' <Latency = 0> <II = 1> <Delay = 1.82> <FuncUnit> <Opcode : 'icmp'> <InPorts = 2> <OutPorts = 1>
ST_2 : Operation 24 [1/1] (0.00ns)   --->   "%speclooptripcount_ln0 = speclooptripcount void @_ssdm_op_SpecLoopTripCount, i64 0, i64 400, i64 0"   --->   Operation 24 'speclooptripcount' 'speclooptripcount_ln0' <Predicate = true> <Delay = 0.00>
ST_2 : Operation 25 [1/1] (1.82ns)   --->   "%i_2 = add i9 %i_1, i9 1" [/home/alen/repo/zynq-7020-video-pipe-3/hw/video-pipe-hw-v5/hw_011223.runs/broncho_video_v_demosaic_0_0_synth_1/prj/sol/.autopilot/db/v_demosaic.cpp:228]   --->   Operation 25 'add' 'i_2' <Predicate = true> <Delay = 1.82> <CoreInst = "Adder">   --->   Core 1 'Adder' <Latency = 0> <II = 1> <Delay = 1.82> <FuncUnit> <Opcode : 'add' 'sub'> <InPorts = 2> <OutPorts = 1>
ST_2 : Operation 26 [1/1] (0.00ns)   --->   "%br_ln228 = br i1 %icmp_ln228_1, void %VITIS_LOOP_230_2.split, void %for.end47.loopexit" [/home/alen/repo/zynq-7020-video-pipe-3/hw/video-pipe-hw-v5/hw_011223.runs/broncho_video_v_demosaic_0_0_synth_1/prj/sol/.autopilot/db/v_demosaic.cpp:228]   --->   Operation 26 'br' 'br_ln228' <Predicate = true> <Delay = 0.00>
ST_2 : Operation 27 [1/1] (0.00ns)   --->   "%empty_125 = wait i32 @_ssdm_op_Wait"   --->   Operation 27 'wait' 'empty_125' <Predicate = (!icmp_ln228_1)> <Delay = 0.00>
ST_2 : Operation 28 [1/1] (0.97ns)   --->   "%and_ln228 = and i1 %icmp_ln228, i1 %sof" [/home/alen/repo/zynq-7020-video-pipe-3/hw/video-pipe-hw-v5/hw_011223.runs/broncho_video_v_demosaic_0_0_synth_1/prj/sol/.autopilot/db/v_demosaic.cpp:228]   --->   Operation 28 'and' 'and_ln228' <Predicate = (!icmp_ln228_1)> <Delay = 0.97> <CoreInst = "LogicGate">   --->   Core 74 'LogicGate' <Latency = 0> <II = 1> <Delay = 0.97> <FuncUnit> <Opcode : 'and' 'or' 'xor'> <InPorts = 2> <OutPorts = 1>
ST_2 : Operation 29 [1/1] (1.58ns)   --->   "%store_ln228 = store i9 %i_2, i9 %i" [/home/alen/repo/zynq-7020-video-pipe-3/hw/video-pipe-hw-v5/hw_011223.runs/broncho_video_v_demosaic_0_0_synth_1/prj/sol/.autopilot/db/v_demosaic.cpp:228]   --->   Operation 29 'store' 'store_ln228' <Predicate = (!icmp_ln228_1)> <Delay = 1.58>

State 3 <SV = 2> <Delay = 3.41>
ST_3 : Operation 30 [2/2] (3.41ns)   --->   "%call_ln228 = call void @MultiPixStream2AXIvideo_Pipeline_VITIS_LOOP_230_2, i1 %sof, i9 %empty, i10 %sub_i_i, i30 %imgUnzip, i32 %m_axis_video_V_data_V, i4 %m_axis_video_V_keep_V, i4 %m_axis_video_V_strb_V, i1 %m_axis_video_V_user_V, i1 %m_axis_video_V_last_V, i1 %m_axis_video_V_id_V, i1 %m_axis_video_V_dest_V" [/home/alen/repo/zynq-7020-video-pipe-3/hw/video-pipe-hw-v5/hw_011223.runs/broncho_video_v_demosaic_0_0_synth_1/prj/sol/.autopilot/db/v_demosaic.cpp:228]   --->   Operation 30 'call' 'call_ln228' <Predicate = true> <Delay = 3.41> <CoreType = "Generic">   --->   Core 0 '' <Latency = 0> <II = 1> <Delay = 1.00> <Generic> <Opcode : >

State 4 <SV = 3> <Delay = 3.55>
ST_4 : Operation 31 [1/1] (0.00ns)   --->   "%specloopname_ln228 = specloopname void @_ssdm_op_SpecLoopName, void @empty_16" [/home/alen/repo/zynq-7020-video-pipe-3/hw/video-pipe-hw-v5/hw_011223.runs/broncho_video_v_demosaic_0_0_synth_1/prj/sol/.autopilot/db/v_demosaic.cpp:228]   --->   Operation 31 'specloopname' 'specloopname_ln228' <Predicate = true> <Delay = 0.00>
ST_4 : Operation 32 [1/2] (3.55ns)   --->   "%call_ln228 = call void @MultiPixStream2AXIvideo_Pipeline_VITIS_LOOP_230_2, i1 %sof, i9 %empty, i10 %sub_i_i, i30 %imgUnzip, i32 %m_axis_video_V_data_V, i4 %m_axis_video_V_keep_V, i4 %m_axis_video_V_strb_V, i1 %m_axis_video_V_user_V, i1 %m_axis_video_V_last_V, i1 %m_axis_video_V_id_V, i1 %m_axis_video_V_dest_V" [/home/alen/repo/zynq-7020-video-pipe-3/hw/video-pipe-hw-v5/hw_011223.runs/broncho_video_v_demosaic_0_0_synth_1/prj/sol/.autopilot/db/v_demosaic.cpp:228]   --->   Operation 32 'call' 'call_ln228' <Predicate = true> <Delay = 3.55> <CoreType = "Generic">   --->   Core 0 '' <Latency = 0> <II = 1> <Delay = 1.00> <Generic> <Opcode : >
ST_4 : Operation 33 [1/1] (0.00ns)   --->   "%br_ln228 = br void %VITIS_LOOP_230_2" [/home/alen/repo/zynq-7020-video-pipe-3/hw/video-pipe-hw-v5/hw_011223.runs/broncho_video_v_demosaic_0_0_synth_1/prj/sol/.autopilot/db/v_demosaic.cpp:228]   --->   Operation 33 'br' 'br_ln228' <Predicate = true> <Delay = 0.00>

State 5 <SV = 4> <Delay = 0.00>
ST_5 : Operation 34 [1/1] (0.00ns)   --->   "%ret_ln0 = ret"   --->   Operation 34 'ret' 'ret_ln0' <Predicate = true> <Delay = 0.00>


============================================================
+ Verbose Summary: Timing violations
============================================================
Target clock period: 7.000ns, clock uncertainty: 1.890ns.

 <State 1>: 1.823ns
The critical path consists of the following:
	wire read operation ('WidthOut_read', /home/alen/repo/zynq-7020-video-pipe-3/hw/video-pipe-hw-v5/hw_011223.runs/broncho_video_v_demosaic_0_0_synth_1/prj/sol/.autopilot/db/v_demosaic.cpp:221) on port 'WidthOut' (/home/alen/repo/zynq-7020-video-pipe-3/hw/video-pipe-hw-v5/hw_011223.runs/broncho_video_v_demosaic_0_0_synth_1/prj/sol/.autopilot/db/v_demosaic.cpp:221) [17]  (0.000 ns)
	'icmp' operation 1 bit ('icmp_ln228', /home/alen/repo/zynq-7020-video-pipe-3/hw/video-pipe-hw-v5/hw_011223.runs/broncho_video_v_demosaic_0_0_synth_1/prj/sol/.autopilot/db/v_demosaic.cpp:228) [23]  (1.823 ns)

 <State 2>: 3.411ns
The critical path consists of the following:
	'load' operation 9 bit ('i', /home/alen/repo/zynq-7020-video-pipe-3/hw/video-pipe-hw-v5/hw_011223.runs/broncho_video_v_demosaic_0_0_synth_1/prj/sol/.autopilot/db/v_demosaic.cpp:228) on local variable 'i', /home/alen/repo/zynq-7020-video-pipe-3/hw/video-pipe-hw-v5/hw_011223.runs/broncho_video_v_demosaic_0_0_synth_1/prj/sol/.autopilot/db/v_demosaic.cpp:228 [28]  (0.000 ns)
	'add' operation 9 bit ('i', /home/alen/repo/zynq-7020-video-pipe-3/hw/video-pipe-hw-v5/hw_011223.runs/broncho_video_v_demosaic_0_0_synth_1/prj/sol/.autopilot/db/v_demosaic.cpp:228) [31]  (1.823 ns)
	'store' operation 0 bit ('store_ln228', /home/alen/repo/zynq-7020-video-pipe-3/hw/video-pipe-hw-v5/hw_011223.runs/broncho_video_v_demosaic_0_0_synth_1/prj/sol/.autopilot/db/v_demosaic.cpp:228) of variable 'i', /home/alen/repo/zynq-7020-video-pipe-3/hw/video-pipe-hw-v5/hw_011223.runs/broncho_video_v_demosaic_0_0_synth_1/prj/sol/.autopilot/db/v_demosaic.cpp:228 on local variable 'i', /home/alen/repo/zynq-7020-video-pipe-3/hw/video-pipe-hw-v5/hw_011223.runs/broncho_video_v_demosaic_0_0_synth_1/prj/sol/.autopilot/db/v_demosaic.cpp:228 [38]  (1.588 ns)

 <State 3>: 3.411ns
The critical path consists of the following:
	'call' operation 0 bit ('call_ln228', /home/alen/repo/zynq-7020-video-pipe-3/hw/video-pipe-hw-v5/hw_011223.runs/broncho_video_v_demosaic_0_0_synth_1/prj/sol/.autopilot/db/v_demosaic.cpp:228) to 'MultiPixStream2AXIvideo_Pipeline_VITIS_LOOP_230_2' [36]  (3.411 ns)

 <State 4>: 3.555ns
The critical path consists of the following:
	'call' operation 0 bit ('call_ln228', /home/alen/repo/zynq-7020-video-pipe-3/hw/video-pipe-hw-v5/hw_011223.runs/broncho_video_v_demosaic_0_0_synth_1/prj/sol/.autopilot/db/v_demosaic.cpp:228) to 'MultiPixStream2AXIvideo_Pipeline_VITIS_LOOP_230_2' [36]  (3.555 ns)

 <State 5>: 0.000ns
The critical path consists of the following:


============================================================
+ Verbose Summary: Binding
============================================================
N/A
* FSMD analyzer results:
  - Output states:
 - Input state : 
  - Chain level:
	State 1
	State 2
	State 3
	State 4
	State 5


============================================================
+ Verbose Summary: Datapath Resource usage 
============================================================
N/A
