Duplicated file found; will not be sent for synthesis: /home/alen/repo/zynq-7020-video-pipe-3/hw/video-pipe-hw-v5/hw_011223.gen/sources_1/bd/broncho_video/ipshared/f0b6/hdl/verilog/sc_util_v1_0_4_constants.vh
Duplicated file found; will not be sent for synthesis: /home/alen/repo/zynq-7020-video-pipe-3/hw/video-pipe-hw-v5/hw_011223.gen/sources_1/bd/broncho_video/ipshared/f0b6/hdl/verilog/sc_util_v1_0_4_constants_noc.vh
Duplicated file found; will not be sent for synthesis: /home/alen/repo/zynq-7020-video-pipe-3/hw/video-pipe-hw-v5/hw_011223.gen/sources_1/bd/broncho_video/ipshared/f0b6/hdl/verilog/sc_util_v1_0_4_structs.svh
Duplicated file found; will not be sent for synthesis: /home/alen/repo/zynq-7020-video-pipe-3/hw/video-pipe-hw-v5/hw_011223.gen/sources_1/bd/broncho_video/ipshared/f0b6/hdl/sc_util_v1_0_vl_rfs.sv
Duplicated file found; will not be sent for synthesis: /home/alen/repo/zynq-7020-video-pipe-3/hw/video-pipe-hw-v5/hw_011223.gen/sources_1/bd/broncho_video/ipshared/bd53/hdl/sc_switchboard_v1_0_vl_rfs.sv
Duplicated file found; will not be sent for synthesis: /home/alen/repo/zynq-7020-video-pipe-3/hw/video-pipe-hw-v5/hw_011223.gen/sources_1/bd/broncho_video/ipshared/f0b6/hdl/verilog/sc_util_v1_0_4_constants.vh
Duplicated file found; will not be sent for synthesis: /home/alen/repo/zynq-7020-video-pipe-3/hw/video-pipe-hw-v5/hw_011223.gen/sources_1/bd/broncho_video/ipshared/f0b6/hdl/verilog/sc_util_v1_0_4_constants_noc.vh
Duplicated file found; will not be sent for synthesis: /home/alen/repo/zynq-7020-video-pipe-3/hw/video-pipe-hw-v5/hw_011223.gen/sources_1/bd/broncho_video/ipshared/f0b6/hdl/verilog/sc_util_v1_0_4_structs.svh
Duplicated file found; will not be sent for synthesis: /home/alen/repo/zynq-7020-video-pipe-3/hw/video-pipe-hw-v5/hw_011223.gen/sources_1/bd/broncho_video/ipshared/f0b6/hdl/sc_util_v1_0_vl_rfs.sv
Duplicated file found; will not be sent for synthesis: /home/alen/repo/zynq-7020-video-pipe-3/hw/video-pipe-hw-v5/hw_011223.gen/sources_1/bd/broncho_video/ipshared/bd53/hdl/sc_switchboard_v1_0_vl_rfs.sv
Duplicated file found; will not be sent for synthesis: /home/alen/repo/zynq-7020-video-pipe-3/hw/video-pipe-hw-v5/hw_011223.gen/sources_1/bd/broncho_video/ipshared/f0b6/hdl/verilog/sc_util_v1_0_4_constants.vh
Duplicated file found; will not be sent for synthesis: /home/alen/repo/zynq-7020-video-pipe-3/hw/video-pipe-hw-v5/hw_011223.gen/sources_1/bd/broncho_video/ipshared/f0b6/hdl/verilog/sc_util_v1_0_4_constants_noc.vh
Duplicated file found; will not be sent for synthesis: /home/alen/repo/zynq-7020-video-pipe-3/hw/video-pipe-hw-v5/hw_011223.gen/sources_1/bd/broncho_video/ipshared/f0b6/hdl/verilog/sc_util_v1_0_4_structs.svh
Duplicated file found; will not be sent for synthesis: /home/alen/repo/zynq-7020-video-pipe-3/hw/video-pipe-hw-v5/hw_011223.gen/sources_1/bd/broncho_video/ipshared/f0b6/hdl/sc_util_v1_0_vl_rfs.sv
Duplicated file found; will not be sent for synthesis: /home/alen/repo/zynq-7020-video-pipe-3/hw/video-pipe-hw-v5/hw_011223.gen/sources_1/bd/broncho_video/ipshared/bd53/hdl/sc_switchboard_v1_0_vl_rfs.sv
Duplicated file found; will not be sent for synthesis: /home/alen/repo/zynq-7020-video-pipe-3/hw/video-pipe-hw-v5/hw_011223.gen/sources_1/bd/broncho_video/ipshared/f0b6/hdl/verilog/sc_util_v1_0_4_constants.vh
Duplicated file found; will not be sent for synthesis: /home/alen/repo/zynq-7020-video-pipe-3/hw/video-pipe-hw-v5/hw_011223.gen/sources_1/bd/broncho_video/ipshared/f0b6/hdl/verilog/sc_util_v1_0_4_constants_noc.vh
Duplicated file found; will not be sent for synthesis: /home/alen/repo/zynq-7020-video-pipe-3/hw/video-pipe-hw-v5/hw_011223.gen/sources_1/bd/broncho_video/ipshared/f0b6/hdl/verilog/sc_util_v1_0_4_structs.svh
Duplicated file found; will not be sent for synthesis: /home/alen/repo/zynq-7020-video-pipe-3/hw/video-pipe-hw-v5/hw_011223.gen/sources_1/bd/broncho_video/ipshared/f0b6/hdl/sc_util_v1_0_vl_rfs.sv
Duplicated file found; will not be sent for synthesis: /home/alen/repo/zynq-7020-video-pipe-3/hw/video-pipe-hw-v5/hw_011223.gen/sources_1/bd/broncho_video/ipshared/bd53/hdl/sc_switchboard_v1_0_vl_rfs.sv
Duplicated file found; will not be sent for synthesis: /home/alen/repo/zynq-7020-video-pipe-3/hw/video-pipe-hw-v5/hw_011223.gen/sources_1/bd/broncho_video/ipshared/f0b6/hdl/verilog/sc_util_v1_0_4_constants.vh
Duplicated file found; will not be sent for synthesis: /home/alen/repo/zynq-7020-video-pipe-3/hw/video-pipe-hw-v5/hw_011223.gen/sources_1/bd/broncho_video/ipshared/f0b6/hdl/verilog/sc_util_v1_0_4_constants_noc.vh
Duplicated file found; will not be sent for synthesis: /home/alen/repo/zynq-7020-video-pipe-3/hw/video-pipe-hw-v5/hw_011223.gen/sources_1/bd/broncho_video/ipshared/f0b6/hdl/verilog/sc_util_v1_0_4_structs.svh
Duplicated file found; will not be sent for synthesis: /home/alen/repo/zynq-7020-video-pipe-3/hw/video-pipe-hw-v5/hw_011223.gen/sources_1/bd/broncho_video/ipshared/f0b6/hdl/sc_util_v1_0_vl_rfs.sv
Duplicated file found; will not be sent for synthesis: /home/alen/repo/zynq-7020-video-pipe-3/hw/video-pipe-hw-v5/hw_011223.gen/sources_1/bd/broncho_video/ipshared/f0b6/hdl/verilog/sc_util_v1_0_4_constants.vh
Duplicated file found; will not be sent for synthesis: /home/alen/repo/zynq-7020-video-pipe-3/hw/video-pipe-hw-v5/hw_011223.gen/sources_1/bd/broncho_video/ipshared/f0b6/hdl/verilog/sc_util_v1_0_4_constants_noc.vh
Duplicated file found; will not be sent for synthesis: /home/alen/repo/zynq-7020-video-pipe-3/hw/video-pipe-hw-v5/hw_011223.gen/sources_1/bd/broncho_video/ipshared/f0b6/hdl/verilog/sc_util_v1_0_4_structs.svh
Duplicated file found; will not be sent for synthesis: /home/alen/repo/zynq-7020-video-pipe-3/hw/video-pipe-hw-v5/hw_011223.gen/sources_1/bd/broncho_video/ipshared/f0b6/hdl/sc_util_v1_0_vl_rfs.sv
Duplicated file found; will not be sent for synthesis: /home/alen/repo/zynq-7020-video-pipe-3/hw/video-pipe-hw-v5/hw_011223.gen/sources_1/bd/broncho_video/ipshared/f0b6/hdl/verilog/sc_util_v1_0_4_constants.vh
Duplicated file found; will not be sent for synthesis: /home/alen/repo/zynq-7020-video-pipe-3/hw/video-pipe-hw-v5/hw_011223.gen/sources_1/bd/broncho_video/ipshared/f0b6/hdl/verilog/sc_util_v1_0_4_constants_noc.vh
Duplicated file found; will not be sent for synthesis: /home/alen/repo/zynq-7020-video-pipe-3/hw/video-pipe-hw-v5/hw_011223.gen/sources_1/bd/broncho_video/ipshared/f0b6/hdl/verilog/sc_util_v1_0_4_structs.svh
Duplicated file found; will not be sent for synthesis: /home/alen/repo/zynq-7020-video-pipe-3/hw/video-pipe-hw-v5/hw_011223.gen/sources_1/bd/broncho_video/ipshared/f0b6/hdl/sc_util_v1_0_vl_rfs.sv
Duplicated file found; will not be sent for synthesis: /home/alen/repo/zynq-7020-video-pipe-3/hw/video-pipe-hw-v5/hw_011223.gen/sources_1/bd/broncho_video/ipshared/f0b6/hdl/verilog/sc_util_v1_0_4_constants.vh
Duplicated file found; will not be sent for synthesis: /home/alen/repo/zynq-7020-video-pipe-3/hw/video-pipe-hw-v5/hw_011223.gen/sources_1/bd/broncho_video/ipshared/f0b6/hdl/verilog/sc_util_v1_0_4_constants_noc.vh
Duplicated file found; will not be sent for synthesis: /home/alen/repo/zynq-7020-video-pipe-3/hw/video-pipe-hw-v5/hw_011223.gen/sources_1/bd/broncho_video/ipshared/f0b6/hdl/verilog/sc_util_v1_0_4_structs.svh
Duplicated file found; will not be sent for synthesis: /home/alen/repo/zynq-7020-video-pipe-3/hw/video-pipe-hw-v5/hw_011223.gen/sources_1/bd/broncho_video/ipshared/f0b6/hdl/sc_util_v1_0_vl_rfs.sv
Duplicated file found; will not be sent for synthesis: /home/alen/repo/zynq-7020-video-pipe-3/hw/video-pipe-hw-v5/hw_011223.gen/sources_1/bd/broncho_video/ipshared/f0b6/hdl/verilog/sc_util_v1_0_4_constants.vh
Duplicated file found; will not be sent for synthesis: /home/alen/repo/zynq-7020-video-pipe-3/hw/video-pipe-hw-v5/hw_011223.gen/sources_1/bd/broncho_video/ipshared/f0b6/hdl/verilog/sc_util_v1_0_4_constants_noc.vh
Duplicated file found; will not be sent for synthesis: /home/alen/repo/zynq-7020-video-pipe-3/hw/video-pipe-hw-v5/hw_011223.gen/sources_1/bd/broncho_video/ipshared/f0b6/hdl/verilog/sc_util_v1_0_4_structs.svh
Duplicated file found; will not be sent for synthesis: /home/alen/repo/zynq-7020-video-pipe-3/hw/video-pipe-hw-v5/hw_011223.gen/sources_1/bd/broncho_video/ipshared/f0b6/hdl/sc_util_v1_0_vl_rfs.sv
Duplicated file found; will not be sent for synthesis: /home/alen/repo/zynq-7020-video-pipe-3/hw/video-pipe-hw-v5/hw_011223.gen/sources_1/bd/broncho_video/ipshared/f0b6/hdl/verilog/sc_util_v1_0_4_constants.vh
Duplicated file found; will not be sent for synthesis: /home/alen/repo/zynq-7020-video-pipe-3/hw/video-pipe-hw-v5/hw_011223.gen/sources_1/bd/broncho_video/ipshared/f0b6/hdl/verilog/sc_util_v1_0_4_constants_noc.vh
Duplicated file found; will not be sent for synthesis: /home/alen/repo/zynq-7020-video-pipe-3/hw/video-pipe-hw-v5/hw_011223.gen/sources_1/bd/broncho_video/ipshared/f0b6/hdl/verilog/sc_util_v1_0_4_structs.svh
Duplicated file found; will not be sent for synthesis: /home/alen/repo/zynq-7020-video-pipe-3/hw/video-pipe-hw-v5/hw_011223.gen/sources_1/bd/broncho_video/ipshared/f0b6/hdl/sc_util_v1_0_vl_rfs.sv
Duplicated file found; will not be sent for synthesis: /home/alen/repo/zynq-7020-video-pipe-3/hw/video-pipe-hw-v5/hw_011223.gen/sources_1/bd/broncho_video/ipshared/35de/hdl/verilog/sc_node_v1_0_15_t_reqsend.svh
Duplicated file found; will not be sent for synthesis: /home/alen/repo/zynq-7020-video-pipe-3/hw/video-pipe-hw-v5/hw_011223.gen/sources_1/bd/broncho_video/ipshared/35de/hdl/sc_node_v1_0_vl_rfs.sv
Duplicated file found; will not be sent for synthesis: /home/alen/repo/zynq-7020-video-pipe-3/hw/video-pipe-hw-v5/hw_011223.gen/sources_1/bd/broncho_video/ipshared/f0b6/hdl/verilog/sc_util_v1_0_4_constants.vh
Duplicated file found; will not be sent for synthesis: /home/alen/repo/zynq-7020-video-pipe-3/hw/video-pipe-hw-v5/hw_011223.gen/sources_1/bd/broncho_video/ipshared/f0b6/hdl/verilog/sc_util_v1_0_4_constants_noc.vh
Duplicated file found; will not be sent for synthesis: /home/alen/repo/zynq-7020-video-pipe-3/hw/video-pipe-hw-v5/hw_011223.gen/sources_1/bd/broncho_video/ipshared/f0b6/hdl/verilog/sc_util_v1_0_4_structs.svh
Duplicated file found; will not be sent for synthesis: /home/alen/repo/zynq-7020-video-pipe-3/hw/video-pipe-hw-v5/hw_011223.gen/sources_1/bd/broncho_video/ipshared/f0b6/hdl/sc_util_v1_0_vl_rfs.sv
Duplicated file found; will not be sent for synthesis: /home/alen/repo/zynq-7020-video-pipe-3/hw/video-pipe-hw-v5/hw_011223.gen/sources_1/bd/broncho_video/ipshared/c6b2/hdl/sc_mmu_v1_0_vl_rfs.sv
Duplicated file found; will not be sent for synthesis: /home/alen/repo/zynq-7020-video-pipe-3/hw/video-pipe-hw-v5/hw_011223.gen/sources_1/bd/broncho_video/ipshared/f0b6/hdl/verilog/sc_util_v1_0_4_constants.vh
Duplicated file found; will not be sent for synthesis: /home/alen/repo/zynq-7020-video-pipe-3/hw/video-pipe-hw-v5/hw_011223.gen/sources_1/bd/broncho_video/ipshared/f0b6/hdl/verilog/sc_util_v1_0_4_constants_noc.vh
Duplicated file found; will not be sent for synthesis: /home/alen/repo/zynq-7020-video-pipe-3/hw/video-pipe-hw-v5/hw_011223.gen/sources_1/bd/broncho_video/ipshared/f0b6/hdl/verilog/sc_util_v1_0_4_structs.svh
Duplicated file found; will not be sent for synthesis: /home/alen/repo/zynq-7020-video-pipe-3/hw/video-pipe-hw-v5/hw_011223.gen/sources_1/bd/broncho_video/ipshared/f0b6/hdl/sc_util_v1_0_vl_rfs.sv
Duplicated file found; will not be sent for synthesis: /home/alen/repo/zynq-7020-video-pipe-3/hw/video-pipe-hw-v5/hw_011223.gen/sources_1/bd/broncho_video/ipshared/abb8/hdl/sc_transaction_regulator_v1_0_vl_rfs.sv
Duplicated file found; will not be sent for synthesis: /home/alen/repo/zynq-7020-video-pipe-3/hw/video-pipe-hw-v5/hw_011223.gen/sources_1/bd/broncho_video/ipshared/f0b6/hdl/verilog/sc_util_v1_0_4_constants.vh
Duplicated file found; will not be sent for synthesis: /home/alen/repo/zynq-7020-video-pipe-3/hw/video-pipe-hw-v5/hw_011223.gen/sources_1/bd/broncho_video/ipshared/f0b6/hdl/verilog/sc_util_v1_0_4_constants_noc.vh
Duplicated file found; will not be sent for synthesis: /home/alen/repo/zynq-7020-video-pipe-3/hw/video-pipe-hw-v5/hw_011223.gen/sources_1/bd/broncho_video/ipshared/f0b6/hdl/verilog/sc_util_v1_0_4_structs.svh
Duplicated file found; will not be sent for synthesis: /home/alen/repo/zynq-7020-video-pipe-3/hw/video-pipe-hw-v5/hw_011223.gen/sources_1/bd/broncho_video/ipshared/f0b6/hdl/sc_util_v1_0_vl_rfs.sv
Duplicated file found; will not be sent for synthesis: /home/alen/repo/zynq-7020-video-pipe-3/hw/video-pipe-hw-v5/hw_011223.gen/sources_1/bd/broncho_video/ipshared/7827/hdl/sc_si_converter_v1_0_vl_rfs.sv
Duplicated file found; will not be sent for synthesis: /home/alen/repo/zynq-7020-video-pipe-3/hw/video-pipe-hw-v5/hw_011223.gen/sources_1/bd/broncho_video/ipshared/f0b6/hdl/verilog/sc_util_v1_0_4_constants.vh
Duplicated file found; will not be sent for synthesis: /home/alen/repo/zynq-7020-video-pipe-3/hw/video-pipe-hw-v5/hw_011223.gen/sources_1/bd/broncho_video/ipshared/f0b6/hdl/verilog/sc_util_v1_0_4_constants_noc.vh
Duplicated file found; will not be sent for synthesis: /home/alen/repo/zynq-7020-video-pipe-3/hw/video-pipe-hw-v5/hw_011223.gen/sources_1/bd/broncho_video/ipshared/f0b6/hdl/verilog/sc_util_v1_0_4_structs.svh
Duplicated file found; will not be sent for synthesis: /home/alen/repo/zynq-7020-video-pipe-3/hw/video-pipe-hw-v5/hw_011223.gen/sources_1/bd/broncho_video/ipshared/f0b6/hdl/sc_util_v1_0_vl_rfs.sv
Duplicated file found; will not be sent for synthesis: /home/alen/repo/zynq-7020-video-pipe-3/hw/video-pipe-hw-v5/hw_011223.gen/sources_1/bd/broncho_video/ipshared/79ce/hdl/sc_axi2sc_v1_0_vl_rfs.sv
Duplicated file found; will not be sent for synthesis: /home/alen/repo/zynq-7020-video-pipe-3/hw/video-pipe-hw-v5/hw_011223.gen/sources_1/bd/broncho_video/ipshared/f0b6/hdl/verilog/sc_util_v1_0_4_constants.vh
Duplicated file found; will not be sent for synthesis: /home/alen/repo/zynq-7020-video-pipe-3/hw/video-pipe-hw-v5/hw_011223.gen/sources_1/bd/broncho_video/ipshared/f0b6/hdl/verilog/sc_util_v1_0_4_constants_noc.vh
Duplicated file found; will not be sent for synthesis: /home/alen/repo/zynq-7020-video-pipe-3/hw/video-pipe-hw-v5/hw_011223.gen/sources_1/bd/broncho_video/ipshared/f0b6/hdl/verilog/sc_util_v1_0_4_structs.svh
Duplicated file found; will not be sent for synthesis: /home/alen/repo/zynq-7020-video-pipe-3/hw/video-pipe-hw-v5/hw_011223.gen/sources_1/bd/broncho_video/ipshared/f0b6/hdl/sc_util_v1_0_vl_rfs.sv
Duplicated file found; will not be sent for synthesis: /home/alen/repo/zynq-7020-video-pipe-3/hw/video-pipe-hw-v5/hw_011223.gen/sources_1/bd/broncho_video/ipshared/35de/hdl/verilog/sc_node_v1_0_15_t_reqsend.svh
Duplicated file found; will not be sent for synthesis: /home/alen/repo/zynq-7020-video-pipe-3/hw/video-pipe-hw-v5/hw_011223.gen/sources_1/bd/broncho_video/ipshared/35de/hdl/sc_node_v1_0_vl_rfs.sv
Duplicated file found; will not be sent for synthesis: /home/alen/repo/zynq-7020-video-pipe-3/hw/video-pipe-hw-v5/hw_011223.gen/sources_1/bd/broncho_video/ipshared/f0b6/hdl/verilog/sc_util_v1_0_4_constants.vh
Duplicated file found; will not be sent for synthesis: /home/alen/repo/zynq-7020-video-pipe-3/hw/video-pipe-hw-v5/hw_011223.gen/sources_1/bd/broncho_video/ipshared/f0b6/hdl/verilog/sc_util_v1_0_4_constants_noc.vh
Duplicated file found; will not be sent for synthesis: /home/alen/repo/zynq-7020-video-pipe-3/hw/video-pipe-hw-v5/hw_011223.gen/sources_1/bd/broncho_video/ipshared/f0b6/hdl/verilog/sc_util_v1_0_4_structs.svh
Duplicated file found; will not be sent for synthesis: /home/alen/repo/zynq-7020-video-pipe-3/hw/video-pipe-hw-v5/hw_011223.gen/sources_1/bd/broncho_video/ipshared/f0b6/hdl/sc_util_v1_0_vl_rfs.sv
Duplicated file found; will not be sent for synthesis: /home/alen/repo/zynq-7020-video-pipe-3/hw/video-pipe-hw-v5/hw_011223.gen/sources_1/bd/broncho_video/ipshared/35de/hdl/verilog/sc_node_v1_0_15_t_reqsend.svh
Duplicated file found; will not be sent for synthesis: /home/alen/repo/zynq-7020-video-pipe-3/hw/video-pipe-hw-v5/hw_011223.gen/sources_1/bd/broncho_video/ipshared/35de/hdl/sc_node_v1_0_vl_rfs.sv
Duplicated file found; will not be sent for synthesis: /home/alen/repo/zynq-7020-video-pipe-3/hw/video-pipe-hw-v5/hw_011223.gen/sources_1/bd/broncho_video/ipshared/f0b6/hdl/verilog/sc_util_v1_0_4_constants.vh
Duplicated file found; will not be sent for synthesis: /home/alen/repo/zynq-7020-video-pipe-3/hw/video-pipe-hw-v5/hw_011223.gen/sources_1/bd/broncho_video/ipshared/f0b6/hdl/verilog/sc_util_v1_0_4_constants_noc.vh
Duplicated file found; will not be sent for synthesis: /home/alen/repo/zynq-7020-video-pipe-3/hw/video-pipe-hw-v5/hw_011223.gen/sources_1/bd/broncho_video/ipshared/f0b6/hdl/verilog/sc_util_v1_0_4_structs.svh
Duplicated file found; will not be sent for synthesis: /home/alen/repo/zynq-7020-video-pipe-3/hw/video-pipe-hw-v5/hw_011223.gen/sources_1/bd/broncho_video/ipshared/f0b6/hdl/sc_util_v1_0_vl_rfs.sv
Duplicated file found; will not be sent for synthesis: /home/alen/repo/zynq-7020-video-pipe-3/hw/video-pipe-hw-v5/hw_011223.gen/sources_1/bd/broncho_video/ipshared/35de/hdl/verilog/sc_node_v1_0_15_t_reqsend.svh
Duplicated file found; will not be sent for synthesis: /home/alen/repo/zynq-7020-video-pipe-3/hw/video-pipe-hw-v5/hw_011223.gen/sources_1/bd/broncho_video/ipshared/35de/hdl/sc_node_v1_0_vl_rfs.sv
Duplicated file found; will not be sent for synthesis: /home/alen/repo/zynq-7020-video-pipe-3/hw/video-pipe-hw-v5/hw_011223.gen/sources_1/bd/broncho_video/ipshared/f0b6/hdl/verilog/sc_util_v1_0_4_constants.vh
Duplicated file found; will not be sent for synthesis: /home/alen/repo/zynq-7020-video-pipe-3/hw/video-pipe-hw-v5/hw_011223.gen/sources_1/bd/broncho_video/ipshared/f0b6/hdl/verilog/sc_util_v1_0_4_constants_noc.vh
Duplicated file found; will not be sent for synthesis: /home/alen/repo/zynq-7020-video-pipe-3/hw/video-pipe-hw-v5/hw_011223.gen/sources_1/bd/broncho_video/ipshared/f0b6/hdl/verilog/sc_util_v1_0_4_structs.svh
Duplicated file found; will not be sent for synthesis: /home/alen/repo/zynq-7020-video-pipe-3/hw/video-pipe-hw-v5/hw_011223.gen/sources_1/bd/broncho_video/ipshared/f0b6/hdl/sc_util_v1_0_vl_rfs.sv
Duplicated file found; will not be sent for synthesis: /home/alen/repo/zynq-7020-video-pipe-3/hw/video-pipe-hw-v5/hw_011223.gen/sources_1/bd/broncho_video/ipshared/f0b6/hdl/verilog/sc_util_v1_0_4_constants.vh
Duplicated file found; will not be sent for synthesis: /home/alen/repo/zynq-7020-video-pipe-3/hw/video-pipe-hw-v5/hw_011223.gen/sources_1/bd/broncho_video/ipshared/f0b6/hdl/verilog/sc_util_v1_0_4_constants_noc.vh
Duplicated file found; will not be sent for synthesis: /home/alen/repo/zynq-7020-video-pipe-3/hw/video-pipe-hw-v5/hw_011223.gen/sources_1/bd/broncho_video/ipshared/f0b6/hdl/verilog/sc_util_v1_0_4_structs.svh
Duplicated file found; will not be sent for synthesis: /home/alen/repo/zynq-7020-video-pipe-3/hw/video-pipe-hw-v5/hw_011223.gen/sources_1/bd/broncho_video/ipshared/f0b6/hdl/sc_util_v1_0_vl_rfs.sv
Duplicated file found; will not be sent for synthesis: /home/alen/repo/zynq-7020-video-pipe-3/hw/video-pipe-hw-v5/hw_011223.gen/sources_1/bd/broncho_video/ipshared/35de/hdl/verilog/sc_node_v1_0_15_t_reqsend.svh
Duplicated file found; will not be sent for synthesis: /home/alen/repo/zynq-7020-video-pipe-3/hw/video-pipe-hw-v5/hw_011223.gen/sources_1/bd/broncho_video/ipshared/35de/hdl/sc_node_v1_0_vl_rfs.sv
Duplicated file found; will not be sent for synthesis: /home/alen/repo/zynq-7020-video-pipe-3/hw/video-pipe-hw-v5/hw_011223.gen/sources_1/bd/broncho_video/ipshared/f0b6/hdl/verilog/sc_util_v1_0_4_constants.vh
Duplicated file found; will not be sent for synthesis: /home/alen/repo/zynq-7020-video-pipe-3/hw/video-pipe-hw-v5/hw_011223.gen/sources_1/bd/broncho_video/ipshared/f0b6/hdl/verilog/sc_util_v1_0_4_constants_noc.vh
Duplicated file found; will not be sent for synthesis: /home/alen/repo/zynq-7020-video-pipe-3/hw/video-pipe-hw-v5/hw_011223.gen/sources_1/bd/broncho_video/ipshared/f0b6/hdl/verilog/sc_util_v1_0_4_structs.svh
Duplicated file found; will not be sent for synthesis: /home/alen/repo/zynq-7020-video-pipe-3/hw/video-pipe-hw-v5/hw_011223.gen/sources_1/bd/broncho_video/ipshared/f0b6/hdl/sc_util_v1_0_vl_rfs.sv
Duplicated file found; will not be sent for synthesis: /home/alen/repo/zynq-7020-video-pipe-3/hw/video-pipe-hw-v5/hw_011223.gen/sources_1/bd/broncho_video/ipshared/35de/hdl/verilog/sc_node_v1_0_15_t_reqsend.svh
Duplicated file found; will not be sent for synthesis: /home/alen/repo/zynq-7020-video-pipe-3/hw/video-pipe-hw-v5/hw_011223.gen/sources_1/bd/broncho_video/ipshared/35de/hdl/sc_node_v1_0_vl_rfs.sv
Duplicated file found; will not be sent for synthesis: /home/alen/repo/zynq-7020-video-pipe-3/hw/video-pipe-hw-v5/hw_011223.gen/sources_1/bd/broncho_video/ipshared/f0b6/hdl/verilog/sc_util_v1_0_4_constants.vh
Duplicated file found; will not be sent for synthesis: /home/alen/repo/zynq-7020-video-pipe-3/hw/video-pipe-hw-v5/hw_011223.gen/sources_1/bd/broncho_video/ipshared/f0b6/hdl/verilog/sc_util_v1_0_4_constants_noc.vh
Duplicated file found; will not be sent for synthesis: /home/alen/repo/zynq-7020-video-pipe-3/hw/video-pipe-hw-v5/hw_011223.gen/sources_1/bd/broncho_video/ipshared/f0b6/hdl/verilog/sc_util_v1_0_4_structs.svh
Duplicated file found; will not be sent for synthesis: /home/alen/repo/zynq-7020-video-pipe-3/hw/video-pipe-hw-v5/hw_011223.gen/sources_1/bd/broncho_video/ipshared/f0b6/hdl/sc_util_v1_0_vl_rfs.sv
Duplicated file found; will not be sent for synthesis: /home/alen/repo/zynq-7020-video-pipe-3/hw/video-pipe-hw-v5/hw_011223.gen/sources_1/bd/broncho_video/ipshared/35de/hdl/verilog/sc_node_v1_0_15_t_reqsend.svh
Duplicated file found; will not be sent for synthesis: /home/alen/repo/zynq-7020-video-pipe-3/hw/video-pipe-hw-v5/hw_011223.gen/sources_1/bd/broncho_video/ipshared/35de/hdl/sc_node_v1_0_vl_rfs.sv
Duplicated file found; will not be sent for synthesis: /home/alen/repo/zynq-7020-video-pipe-3/hw/video-pipe-hw-v5/hw_011223.gen/sources_1/bd/broncho_video/ipshared/f0b6/hdl/verilog/sc_util_v1_0_4_constants.vh
Duplicated file found; will not be sent for synthesis: /home/alen/repo/zynq-7020-video-pipe-3/hw/video-pipe-hw-v5/hw_011223.gen/sources_1/bd/broncho_video/ipshared/f0b6/hdl/verilog/sc_util_v1_0_4_constants_noc.vh
Duplicated file found; will not be sent for synthesis: /home/alen/repo/zynq-7020-video-pipe-3/hw/video-pipe-hw-v5/hw_011223.gen/sources_1/bd/broncho_video/ipshared/f0b6/hdl/verilog/sc_util_v1_0_4_structs.svh
Duplicated file found; will not be sent for synthesis: /home/alen/repo/zynq-7020-video-pipe-3/hw/video-pipe-hw-v5/hw_011223.gen/sources_1/bd/broncho_video/ipshared/f0b6/hdl/sc_util_v1_0_vl_rfs.sv
Duplicated file found; will not be sent for synthesis: /home/alen/repo/zynq-7020-video-pipe-3/hw/video-pipe-hw-v5/hw_011223.gen/sources_1/bd/broncho_video/ipshared/35de/hdl/verilog/sc_node_v1_0_15_t_reqsend.svh
Duplicated file found; will not be sent for synthesis: /home/alen/repo/zynq-7020-video-pipe-3/hw/video-pipe-hw-v5/hw_011223.gen/sources_1/bd/broncho_video/ipshared/35de/hdl/sc_node_v1_0_vl_rfs.sv
Duplicated file found; will not be sent for synthesis: /home/alen/repo/zynq-7020-video-pipe-3/hw/video-pipe-hw-v5/hw_011223.gen/sources_1/bd/broncho_video/ipshared/f0b6/hdl/verilog/sc_util_v1_0_4_constants.vh
Duplicated file found; will not be sent for synthesis: /home/alen/repo/zynq-7020-video-pipe-3/hw/video-pipe-hw-v5/hw_011223.gen/sources_1/bd/broncho_video/ipshared/f0b6/hdl/verilog/sc_util_v1_0_4_constants_noc.vh
Duplicated file found; will not be sent for synthesis: /home/alen/repo/zynq-7020-video-pipe-3/hw/video-pipe-hw-v5/hw_011223.gen/sources_1/bd/broncho_video/ipshared/f0b6/hdl/verilog/sc_util_v1_0_4_structs.svh
Duplicated file found; will not be sent for synthesis: /home/alen/repo/zynq-7020-video-pipe-3/hw/video-pipe-hw-v5/hw_011223.gen/sources_1/bd/broncho_video/ipshared/f0b6/hdl/sc_util_v1_0_vl_rfs.sv
Duplicated file found; will not be sent for synthesis: /home/alen/repo/zynq-7020-video-pipe-3/hw/video-pipe-hw-v5/hw_011223.gen/sources_1/bd/broncho_video/ipshared/35de/hdl/verilog/sc_node_v1_0_15_t_reqsend.svh
Duplicated file found; will not be sent for synthesis: /home/alen/repo/zynq-7020-video-pipe-3/hw/video-pipe-hw-v5/hw_011223.gen/sources_1/bd/broncho_video/ipshared/35de/hdl/sc_node_v1_0_vl_rfs.sv
Duplicated file found; will not be sent for synthesis: /home/alen/repo/zynq-7020-video-pipe-3/hw/video-pipe-hw-v5/hw_011223.gen/sources_1/bd/broncho_video/ipshared/f0b6/hdl/verilog/sc_util_v1_0_4_constants.vh
Duplicated file found; will not be sent for synthesis: /home/alen/repo/zynq-7020-video-pipe-3/hw/video-pipe-hw-v5/hw_011223.gen/sources_1/bd/broncho_video/ipshared/f0b6/hdl/verilog/sc_util_v1_0_4_constants_noc.vh
Duplicated file found; will not be sent for synthesis: /home/alen/repo/zynq-7020-video-pipe-3/hw/video-pipe-hw-v5/hw_011223.gen/sources_1/bd/broncho_video/ipshared/f0b6/hdl/verilog/sc_util_v1_0_4_structs.svh
Duplicated file found; will not be sent for synthesis: /home/alen/repo/zynq-7020-video-pipe-3/hw/video-pipe-hw-v5/hw_011223.gen/sources_1/bd/broncho_video/ipshared/f0b6/hdl/sc_util_v1_0_vl_rfs.sv
CRC performance measure: elapsed=00:00:00s;;memory_peak=1654.203MB;;memory_gain=0.000MB
