
*** Running vivado
    with args -log audio_pipe_hw_clk_wiz_0_0.vds -m64 -product Vivado -mode batch -messageDb vivado.pb -notrace -source audio_pipe_hw_clk_wiz_0_0.tcl


****** Vivado v2025.2 (64-bit)
  **** SW Build 6299465 on Fri Nov 14 12:34:56 MST 2025
  **** IP Build 6300035 on Fri Nov 14 10:48:45 MST 2025
  **** SharedData Build 6298862 on Thu Nov 13 04:50:51 MST 2025
  **** Start of session at: Sat Jul 18 20:44:58 2026
    ** Copyright 1986-2022 Xilinx, Inc. All Rights Reserved.
    ** Copyright 2022-2025 Advanced Micro Devices, Inc. All Rights Reserved.

source audio_pipe_hw_clk_wiz_0_0.tcl -notrace
create_project: Time (s): cpu = 00:00:43 ; elapsed = 00:00:09 . Memory (MB): peak = 1584.848 ; gain = 76.055 ; free physical = 134 ; free virtual = 3755
Command: synth_design -top audio_pipe_hw_clk_wiz_0_0 -part xc7z010clg400-1 -incremental_mode off -mode out_of_context
Starting synth_design
Attempting to get a license for feature 'Synthesis' and/or device 'xc7z010'
INFO: [Common 17-349] Got license for feature 'Synthesis' and/or device 'xc7z010'
INFO: [Device 21-403] Loading part xc7z010clg400-1
INFO: [Synth 8-7079] Multithreading enabled for synth_design using a maximum of 7 processes.
INFO: [Synth 8-7078] Launching helper process for spawning children vivado processes
INFO: [Synth 8-7075] Helper process launched with PID 26074
---------------------------------------------------------------------------------
Starting RTL Elaboration : Time (s): cpu = 00:00:11 ; elapsed = 00:00:12 . Memory (MB): peak = 2242.074 ; gain = 486.844 ; free physical = 205 ; free virtual = 2080
---------------------------------------------------------------------------------
INFO: [Synth 8-6157] synthesizing module 'audio_pipe_hw_clk_wiz_0_0' [/home/alen/git/AMD-FPGA-Practice/zybo-z7-audio/hw/audio-pipe-hw-v1/audio_pipe_hw.gen/sources_1/bd/audio_pipe_hw/ip/audio_pipe_hw_clk_wiz_0_0/audio_pipe_hw_clk_wiz_0_0.v:65]
INFO: [Synth 8-6157] synthesizing module 'audio_pipe_hw_clk_wiz_0_0_clk_wiz' [/home/alen/git/AMD-FPGA-Practice/zybo-z7-audio/hw/audio-pipe-hw-v1/audio_pipe_hw.gen/sources_1/bd/audio_pipe_hw/ip/audio_pipe_hw_clk_wiz_0_0/audio_pipe_hw_clk_wiz_0_0_clk_wiz.v:65]
INFO: [Synth 8-6157] synthesizing module 'IBUF' [/home/alen/AMD-Xilinx/2025.2/Vivado/scripts/rt/data/unisim_comp.v:82804]
INFO: [Synth 8-6155] done synthesizing module 'IBUF' (0#1) [/home/alen/AMD-Xilinx/2025.2/Vivado/scripts/rt/data/unisim_comp.v:82804]
INFO: [Synth 8-6157] synthesizing module 'MMCME2_ADV' [/home/alen/AMD-Xilinx/2025.2/Vivado/scripts/rt/data/unisim_comp.v:95844]
	Parameter BANDWIDTH bound to: OPTIMIZED - type: string 
	Parameter CLKFBOUT_MULT_F bound to: 4.275000e+01 - type: double 
	Parameter CLKFBOUT_PHASE bound to: 0.000000e+00 - type: double 
	Parameter CLKFBOUT_USE_FINE_PS bound to: FALSE - type: string 
	Parameter CLKIN1_PERIOD bound to: 8.000000e+00 - type: double 
	Parameter CLKOUT0_DIVIDE_F bound to: 6.212500e+01 - type: double 
	Parameter CLKOUT0_DUTY_CYCLE bound to: 5.000000e-01 - type: double 
	Parameter CLKOUT0_PHASE bound to: 0.000000e+00 - type: double 
	Parameter CLKOUT0_USE_FINE_PS bound to: FALSE - type: string 
	Parameter CLKOUT4_CASCADE bound to: FALSE - type: string 
	Parameter COMPENSATION bound to: ZHOLD - type: string 
	Parameter DIVCLK_DIVIDE bound to: 7 - type: integer 
	Parameter STARTUP_WAIT bound to: FALSE - type: string 
INFO: [Synth 8-6155] done synthesizing module 'MMCME2_ADV' (0#1) [/home/alen/AMD-Xilinx/2025.2/Vivado/scripts/rt/data/unisim_comp.v:95844]
INFO: [Synth 8-6157] synthesizing module 'BUFG' [/home/alen/AMD-Xilinx/2025.2/Vivado/scripts/rt/data/unisim_comp.v:2678]
INFO: [Synth 8-6155] done synthesizing module 'BUFG' (0#1) [/home/alen/AMD-Xilinx/2025.2/Vivado/scripts/rt/data/unisim_comp.v:2678]
INFO: [Synth 8-6155] done synthesizing module 'audio_pipe_hw_clk_wiz_0_0_clk_wiz' (0#1) [/home/alen/git/AMD-FPGA-Practice/zybo-z7-audio/hw/audio-pipe-hw-v1/audio_pipe_hw.gen/sources_1/bd/audio_pipe_hw/ip/audio_pipe_hw_clk_wiz_0_0/audio_pipe_hw_clk_wiz_0_0_clk_wiz.v:65]
INFO: [Synth 8-6155] done synthesizing module 'audio_pipe_hw_clk_wiz_0_0' (0#1) [/home/alen/git/AMD-FPGA-Practice/zybo-z7-audio/hw/audio-pipe-hw-v1/audio_pipe_hw.gen/sources_1/bd/audio_pipe_hw/ip/audio_pipe_hw_clk_wiz_0_0/audio_pipe_hw_clk_wiz_0_0.v:65]
---------------------------------------------------------------------------------
Finished RTL Elaboration : Time (s): cpu = 00:00:16 ; elapsed = 00:00:17 . Memory (MB): peak = 2330.043 ; gain = 574.812 ; free physical = 143 ; free virtual = 1860
---------------------------------------------------------------------------------
---------------------------------------------------------------------------------
Start Handling Custom Attributes
---------------------------------------------------------------------------------
---------------------------------------------------------------------------------
Finished Handling Custom Attributes : Time (s): cpu = 00:00:16 ; elapsed = 00:00:17 . Memory (MB): peak = 2341.918 ; gain = 586.688 ; free physical = 138 ; free virtual = 1856
---------------------------------------------------------------------------------
---------------------------------------------------------------------------------
Finished RTL Optimization Phase 1 : Time (s): cpu = 00:00:16 ; elapsed = 00:00:17 . Memory (MB): peak = 2341.918 ; gain = 586.688 ; free physical = 138 ; free virtual = 1856
---------------------------------------------------------------------------------
Netlist sorting complete. Time (s): cpu = 00:00:00 ; elapsed = 00:00:00 . Memory (MB): peak = 2347.855 ; gain = 0.000 ; free physical = 129 ; free virtual = 1849
INFO: [Netlist 29-17] Analyzing 1 Unisim elements for replacement
INFO: [Netlist 29-28] Unisim Transformation completed in 0 CPU seconds
INFO: [Project 1-570] Preparing netlist for logic optimization

Processing XDC Constraints
Initializing timing engine
Parsing XDC File [/home/alen/git/AMD-FPGA-Practice/zybo-z7-audio/hw/audio-pipe-hw-v1/audio_pipe_hw.gen/sources_1/bd/audio_pipe_hw/ip/audio_pipe_hw_clk_wiz_0_0/audio_pipe_hw_clk_wiz_0_0_ooc.xdc] for cell 'inst'
Finished Parsing XDC File [/home/alen/git/AMD-FPGA-Practice/zybo-z7-audio/hw/audio-pipe-hw-v1/audio_pipe_hw.gen/sources_1/bd/audio_pipe_hw/ip/audio_pipe_hw_clk_wiz_0_0/audio_pipe_hw_clk_wiz_0_0_ooc.xdc] for cell 'inst'
Parsing XDC File [/home/alen/git/AMD-FPGA-Practice/zybo-z7-audio/hw/audio-pipe-hw-v1/audio_pipe_hw.gen/sources_1/bd/audio_pipe_hw/ip/audio_pipe_hw_clk_wiz_0_0/audio_pipe_hw_clk_wiz_0_0_board.xdc] for cell 'inst'
Finished Parsing XDC File [/home/alen/git/AMD-FPGA-Practice/zybo-z7-audio/hw/audio-pipe-hw-v1/audio_pipe_hw.gen/sources_1/bd/audio_pipe_hw/ip/audio_pipe_hw_clk_wiz_0_0/audio_pipe_hw_clk_wiz_0_0_board.xdc] for cell 'inst'
Parsing XDC File [/home/alen/git/AMD-FPGA-Practice/zybo-z7-audio/hw/audio-pipe-hw-v1/audio_pipe_hw.gen/sources_1/bd/audio_pipe_hw/ip/audio_pipe_hw_clk_wiz_0_0/audio_pipe_hw_clk_wiz_0_0.xdc] for cell 'inst'
Finished Parsing XDC File [/home/alen/git/AMD-FPGA-Practice/zybo-z7-audio/hw/audio-pipe-hw-v1/audio_pipe_hw.gen/sources_1/bd/audio_pipe_hw/ip/audio_pipe_hw_clk_wiz_0_0/audio_pipe_hw_clk_wiz_0_0.xdc] for cell 'inst'
INFO: [Project 1-236] Implementation specific constraints were found while reading constraint file [/home/alen/git/AMD-FPGA-Practice/zybo-z7-audio/hw/audio-pipe-hw-v1/audio_pipe_hw.gen/sources_1/bd/audio_pipe_hw/ip/audio_pipe_hw_clk_wiz_0_0/audio_pipe_hw_clk_wiz_0_0.xdc]. These constraints will be ignored for synthesis but will be used in implementation. Impacted constraints are listed in the file [.Xil/audio_pipe_hw_clk_wiz_0_0_propImpl.xdc].
Resolution: To avoid this warning, move constraints listed in [.Xil/audio_pipe_hw_clk_wiz_0_0_propImpl.xdc] to another XDC file and exclude this new file from synthesis with the used_in_synthesis property (File Properties dialog in GUI) and re-run elaboration/synthesis.
INFO: [Timing 38-2] Deriving generated clocks
Parsing XDC File [/home/alen/git/AMD-FPGA-Practice/zybo-z7-audio/hw/audio-pipe-hw-v1/audio_pipe_hw.runs/audio_pipe_hw_clk_wiz_0_0_synth_1/dont_touch.xdc]
Finished Parsing XDC File [/home/alen/git/AMD-FPGA-Practice/zybo-z7-audio/hw/audio-pipe-hw-v1/audio_pipe_hw.runs/audio_pipe_hw_clk_wiz_0_0_synth_1/dont_touch.xdc]
Completed Processing XDC Constraints

Netlist sorting complete. Time (s): cpu = 00:00:00 ; elapsed = 00:00:00 . Memory (MB): peak = 2387.875 ; gain = 0.000 ; free physical = 129 ; free virtual = 1832
INFO: [Project 1-111] Unisim Transformation Summary:
No Unisim elements were transformed.

Constraint Validation Runtime : Time (s): cpu = 00:00:00.01 ; elapsed = 00:00:00.04 . Memory (MB): peak = 2387.910 ; gain = 0.000 ; free physical = 132 ; free virtual = 1834
INFO: [Designutils 20-5008] Incremental synthesis strategy off
---------------------------------------------------------------------------------
Finished Constraint Validation : Time (s): cpu = 00:00:34 ; elapsed = 00:00:35 . Memory (MB): peak = 2387.910 ; gain = 632.680 ; free physical = 139 ; free virtual = 1824
---------------------------------------------------------------------------------
---------------------------------------------------------------------------------
Start Loading Part and Timing Information
---------------------------------------------------------------------------------
Loading part: xc7z010clg400-1
---------------------------------------------------------------------------------
Finished Loading Part and Timing Information : Time (s): cpu = 00:00:34 ; elapsed = 00:00:35 . Memory (MB): peak = 2395.879 ; gain = 640.648 ; free physical = 139 ; free virtual = 1824
---------------------------------------------------------------------------------
---------------------------------------------------------------------------------
Start Applying 'set_property' XDC Constraints
---------------------------------------------------------------------------------
---------------------------------------------------------------------------------
Finished applying 'set_property' XDC Constraints : Time (s): cpu = 00:00:34 ; elapsed = 00:00:35 . Memory (MB): peak = 2395.879 ; gain = 640.648 ; free physical = 137 ; free virtual = 1822
---------------------------------------------------------------------------------
---------------------------------------------------------------------------------
Finished RTL Optimization Phase 2 : Time (s): cpu = 00:00:34 ; elapsed = 00:00:35 . Memory (MB): peak = 2395.879 ; gain = 640.648 ; free physical = 145 ; free virtual = 1821
---------------------------------------------------------------------------------
---------------------------------------------------------------------------------
Start RTL Component Statistics 
---------------------------------------------------------------------------------
Detailed RTL Component Info : 
---------------------------------------------------------------------------------
Finished RTL Component Statistics 
---------------------------------------------------------------------------------
---------------------------------------------------------------------------------
Start Part Resource Summary
---------------------------------------------------------------------------------
Part Resources:
DSPs: 80 (col length:40)
BRAMs: 120 (col length: RAMB18 40 RAMB36 20)
---------------------------------------------------------------------------------
Finished Part Resource Summary
---------------------------------------------------------------------------------
---------------------------------------------------------------------------------
Start Cross Boundary and Area Optimization
---------------------------------------------------------------------------------
---------------------------------------------------------------------------------
Finished Cross Boundary and Area Optimization : Time (s): cpu = 00:00:38 ; elapsed = 00:00:39 . Memory (MB): peak = 2395.879 ; gain = 640.648 ; free physical = 157 ; free virtual = 1826
---------------------------------------------------------------------------------
---------------------------------------------------------------------------------
Start Applying XDC Timing Constraints
---------------------------------------------------------------------------------
---------------------------------------------------------------------------------
Finished Applying XDC Timing Constraints : Time (s): cpu = 00:00:51 ; elapsed = 00:00:52 . Memory (MB): peak = 2494.879 ; gain = 739.648 ; free physical = 124 ; free virtual = 1701
---------------------------------------------------------------------------------
---------------------------------------------------------------------------------
Start Timing Optimization
---------------------------------------------------------------------------------
---------------------------------------------------------------------------------
Finished Timing Optimization : Time (s): cpu = 00:00:51 ; elapsed = 00:00:52 . Memory (MB): peak = 2494.879 ; gain = 739.648 ; free physical = 124 ; free virtual = 1701
---------------------------------------------------------------------------------
---------------------------------------------------------------------------------
Start Technology Mapping
---------------------------------------------------------------------------------
---------------------------------------------------------------------------------
Finished Technology Mapping : Time (s): cpu = 00:00:51 ; elapsed = 00:00:52 . Memory (MB): peak = 2503.895 ; gain = 748.664 ; free physical = 118 ; free virtual = 1694
---------------------------------------------------------------------------------
---------------------------------------------------------------------------------
Start IO Insertion
---------------------------------------------------------------------------------
---------------------------------------------------------------------------------
Start Flattening Before IO Insertion
---------------------------------------------------------------------------------
---------------------------------------------------------------------------------
Finished Flattening Before IO Insertion
---------------------------------------------------------------------------------
---------------------------------------------------------------------------------
Start Final Netlist Cleanup
---------------------------------------------------------------------------------
---------------------------------------------------------------------------------
Finished Final Netlist Cleanup
---------------------------------------------------------------------------------
---------------------------------------------------------------------------------
Finished IO Insertion : Time (s): cpu = 00:01:01 ; elapsed = 00:01:02 . Memory (MB): peak = 2690.707 ; gain = 935.477 ; free physical = 118 ; free virtual = 1191
---------------------------------------------------------------------------------
---------------------------------------------------------------------------------
Start Renaming Generated Instances
---------------------------------------------------------------------------------
---------------------------------------------------------------------------------
Finished Renaming Generated Instances : Time (s): cpu = 00:01:01 ; elapsed = 00:01:02 . Memory (MB): peak = 2690.707 ; gain = 935.477 ; free physical = 117 ; free virtual = 1191
---------------------------------------------------------------------------------
---------------------------------------------------------------------------------
Start Rebuilding User Hierarchy
---------------------------------------------------------------------------------
---------------------------------------------------------------------------------
Finished Rebuilding User Hierarchy : Time (s): cpu = 00:01:01 ; elapsed = 00:01:02 . Memory (MB): peak = 2690.707 ; gain = 935.477 ; free physical = 121 ; free virtual = 1191
---------------------------------------------------------------------------------
---------------------------------------------------------------------------------
Start Renaming Generated Ports
---------------------------------------------------------------------------------
---------------------------------------------------------------------------------
Finished Renaming Generated Ports : Time (s): cpu = 00:01:01 ; elapsed = 00:01:02 . Memory (MB): peak = 2690.707 ; gain = 935.477 ; free physical = 122 ; free virtual = 1190
---------------------------------------------------------------------------------
---------------------------------------------------------------------------------
Start Handling Custom Attributes
---------------------------------------------------------------------------------
---------------------------------------------------------------------------------
Finished Handling Custom Attributes : Time (s): cpu = 00:01:01 ; elapsed = 00:01:02 . Memory (MB): peak = 2690.707 ; gain = 935.477 ; free physical = 125 ; free virtual = 1189
---------------------------------------------------------------------------------
---------------------------------------------------------------------------------
Start Renaming Generated Nets
---------------------------------------------------------------------------------
---------------------------------------------------------------------------------
Finished Renaming Generated Nets : Time (s): cpu = 00:01:01 ; elapsed = 00:01:02 . Memory (MB): peak = 2690.707 ; gain = 935.477 ; free physical = 128 ; free virtual = 1189
---------------------------------------------------------------------------------
---------------------------------------------------------------------------------
Start Writing Synthesis Report
---------------------------------------------------------------------------------

Report BlackBoxes: 
+-+--------------+----------+
| |BlackBox name |Instances |
+-+--------------+----------+
+-+--------------+----------+

Report Cell Usage: 
+------+-----------+------+
|      |Cell       |Count |
+------+-----------+------+
|1     |BUFG       |     2|
|2     |MMCME2_ADV |     1|
|3     |IBUF       |     1|
+------+-----------+------+
---------------------------------------------------------------------------------
Finished Writing Synthesis Report : Time (s): cpu = 00:01:01 ; elapsed = 00:01:02 . Memory (MB): peak = 2690.707 ; gain = 935.477 ; free physical = 132 ; free virtual = 1188
---------------------------------------------------------------------------------
Synthesis finished with 0 errors, 0 critical warnings and 0 warnings.
Synthesis Optimization Runtime : Time (s): cpu = 00:00:57 ; elapsed = 00:00:58 . Memory (MB): peak = 2690.707 ; gain = 889.484 ; free physical = 128 ; free virtual = 1184
Synthesis Optimization Complete : Time (s): cpu = 00:01:01 ; elapsed = 00:01:02 . Memory (MB): peak = 2690.715 ; gain = 935.477 ; free physical = 127 ; free virtual = 1183
INFO: [Project 1-571] Translating synthesized netlist
Netlist sorting complete. Time (s): cpu = 00:00:00 ; elapsed = 00:00:00 . Memory (MB): peak = 2690.715 ; gain = 0.000 ; free physical = 125 ; free virtual = 1183
INFO: [Netlist 29-17] Analyzing 1 Unisim elements for replacement
INFO: [Netlist 29-28] Unisim Transformation completed in 0 CPU seconds
INFO: [Project 1-570] Preparing netlist for logic optimization
INFO: [Opt 31-138] Pushed 0 inverter(s) to 0 load pin(s).
Netlist sorting complete. Time (s): cpu = 00:00:00 ; elapsed = 00:00:00 . Memory (MB): peak = 2690.715 ; gain = 0.000 ; free physical = 229 ; free virtual = 1288
INFO: [Project 1-111] Unisim Transformation Summary:
No Unisim elements were transformed.

Synth Design complete | Checksum: 6bc1e48e
INFO: [Common 17-83] Releasing license: Synthesis
29 Infos, 0 Warnings, 0 Critical Warnings and 0 Errors encountered.
synth_design completed successfully
synth_design: Time (s): cpu = 00:01:18 ; elapsed = 00:01:12 . Memory (MB): peak = 2690.742 ; gain = 1105.895 ; free physical = 224 ; free virtual = 1285
INFO: [Common 17-2834] synth_design peak Physical Memory [PSS] (MB): overall = 1728.439; main = 1574.801; forked = 254.182
INFO: [Common 17-2834] synth_design peak Virtual Memory [VSS] (MB): overall = 3644.875; main = 2690.711; forked = 993.977
Write ShapeDB Complete: Time (s): cpu = 00:00:00 ; elapsed = 00:00:00.01 . Memory (MB): peak = 2714.719 ; gain = 0.000 ; free physical = 219 ; free virtual = 1284
INFO: [Common 17-1381] The checkpoint '/home/alen/git/AMD-FPGA-Practice/zybo-z7-audio/hw/audio-pipe-hw-v1/audio_pipe_hw.runs/audio_pipe_hw_clk_wiz_0_0_synth_1/audio_pipe_hw_clk_wiz_0_0.dcp' has been generated.
INFO: [Coretcl 2-1648] Added synthesis output to IP cache for IP audio_pipe_hw_clk_wiz_0_0, cache-ID = 0ca66deb1f42d990
Write ShapeDB Complete: Time (s): cpu = 00:00:00 ; elapsed = 00:00:00 . Memory (MB): peak = 2714.719 ; gain = 0.000 ; free physical = 368 ; free virtual = 1451
INFO: [Common 17-1381] The checkpoint '/home/alen/git/AMD-FPGA-Practice/zybo-z7-audio/hw/audio-pipe-hw-v1/audio_pipe_hw.runs/audio_pipe_hw_clk_wiz_0_0_synth_1/audio_pipe_hw_clk_wiz_0_0.dcp' has been generated.
INFO: [Vivado 12-24828] Executing command : report_utilization -file audio_pipe_hw_clk_wiz_0_0_utilization_synth.rpt -pb audio_pipe_hw_clk_wiz_0_0_utilization_synth.pb
INFO: [Common 17-206] Exiting Vivado at Sat Jul 18 20:46:29 2026...
