

================================================================
== Vitis HLS Report for 'vscale_core_polyphase'
================================================================
* Date:           Fri Dec 22 12:33:09 2023

* Version:        2023.2 (Build 4023990 on Oct 11 2023)
* Project:        prj
* Solution:       sol (Vivado IP Flow Target)
* Product family: zynq
* Target device:  xc7z020-clg484-1


================================================================
== Performance Estimates
================================================================
+ Timing: 
    * Summary: 
    +--------+---------+----------+------------+
    |  Clock |  Target | Estimated| Uncertainty|
    +--------+---------+----------+------------+
    |ap_clk  |  7.00 ns|  6.091 ns|     1.89 ns|
    +--------+---------+----------+------------+

+ Latency: 
    * Summary: 
    +---------+---------+----------+-----------+-----+---------+---------+
    |  Latency (cycles) |  Latency (absolute)  |    Interval   | Pipeline|
    |   min   |   max   |    min   |    max    | min |   max   |   Type  |
    +---------+---------+----------+-----------+-----+---------+---------+
    |      391|  2100951|  2.737 us|  14.707 ms|  391|  2100951|       no|
    +---------+---------+----------+-----------+-----+---------+---------+

    + Detail: 
        * Instance: 
        +-------------------------------------------------------------------------------------+--------------------------------------------------------------------------+---------+---------+-----------+-----------+-----+------+---------+
        |                                                                                     |                                                                          |  Latency (cycles) |   Latency (absolute)  |  Interval  | Pipeline|
        |                                       Instance                                      |                                  Module                                  |   min   |   max   |    min    |    max    | min |  max |   Type  |
        +-------------------------------------------------------------------------------------+--------------------------------------------------------------------------+---------+---------+-----------+-----------+-----+------+---------+
        |grp_vscale_core_polyphase_Pipeline_loop_init_coeff_phase_loop_init_coeff_tap_fu_229  |vscale_core_polyphase_Pipeline_loop_init_coeff_phase_loop_init_coeff_tap  |      389|      389|   2.723 us|   2.723 us|  389|   389|       no|
        |grp_vscale_core_polyphase_Pipeline_loop_width_for_procpix_fu_247                     |vscale_core_polyphase_Pipeline_loop_width_for_procpix                     |        2|     1932|  14.000 ns|  13.524 us|    2|  1932|       no|
        +-------------------------------------------------------------------------------------+--------------------------------------------------------------------------+---------+---------+-----------+-----------+-----+------+---------+

        * Loop: 
        +---------------+---------+---------+----------+-----------+-----------+----------+----------+
        |               |  Latency (cycles) | Iteration|  Initiation Interval  |   Trip   |          |
        |   Loop Name   |   min   |   max   |  Latency |  achieved |   target  |   Count  | Pipelined|
        +---------------+---------+---------+----------+-----------+-----------+----------+----------+
        |- loop_height  |        0|  2100560|  6 ~ 1936|          -|          -|  0 ~ 1085|        no|
        +---------------+---------+---------+----------+-----------+-----------+----------+----------+



================================================================
== Utilization Estimates
================================================================
* Summary: 
+-----------------+---------+-----+--------+-------+-----+
|       Name      | BRAM_18K| DSP |   FF   |  LUT  | URAM|
+-----------------+---------+-----+--------+-------+-----+
|DSP              |        -|    -|       -|      -|    -|
|Expression       |        -|    -|       0|    580|    -|
|FIFO             |        -|    -|       -|      -|    -|
|Instance         |        -|   18|    1814|   1169|    -|
|Memory           |       24|    -|      96|     96|    0|
|Multiplexer      |        -|    -|       -|    403|    -|
|Register         |        -|    -|     339|      -|    -|
+-----------------+---------+-----+--------+-------+-----+
|Total            |       24|   18|    2249|   2248|    0|
+-----------------+---------+-----+--------+-------+-----+
|Available        |      280|  220|  106400|  53200|    0|
+-----------------+---------+-----+--------+-------+-----+
|Utilization (%)  |        8|    8|       2|      4|    0|
+-----------------+---------+-----+--------+-------+-----+

+ Detail: 
    * Instance: 
    +-------------------------------------------------------------------------------------+--------------------------------------------------------------------------+---------+----+------+-----+-----+
    |                                       Instance                                      |                                  Module                                  | BRAM_18K| DSP|  FF  | LUT | URAM|
    +-------------------------------------------------------------------------------------+--------------------------------------------------------------------------+---------+----+------+-----+-----+
    |grp_vscale_core_polyphase_Pipeline_loop_init_coeff_phase_loop_init_coeff_tap_fu_229  |vscale_core_polyphase_Pipeline_loop_init_coeff_phase_loop_init_coeff_tap  |        0|   0|   200|  235|    0|
    |grp_vscale_core_polyphase_Pipeline_loop_width_for_procpix_fu_247                     |vscale_core_polyphase_Pipeline_loop_width_for_procpix                     |        0|  18|  1614|  934|    0|
    +-------------------------------------------------------------------------------------+--------------------------------------------------------------------------+---------+----+------+-----+-----+
    |Total                                                                                |                                                                          |        0|  18|  1814| 1169|    0|
    +-------------------------------------------------------------------------------------+--------------------------------------------------------------------------+---------+----+------+-----+-----+

    * DSP: 
    N/A

    * Memory: 
    +---------------+----------------------------------------------------+---------+----+----+-----+------+-----+------+-------------+
    |     Memory    |                       Module                       | BRAM_18K| FF | LUT| URAM| Words| Bits| Banks| W*Bits*Banks|
    +---------------+----------------------------------------------------+---------+----+----+-----+------+-----+------+-------------+
    |FiltCoeff_U    |vscale_core_polyphase_FiltCoeff_RAM_1P_LUTRAM_1R1W  |        0|  16|  16|    0|    64|   16|     1|         1024|
    |FiltCoeff_1_U  |vscale_core_polyphase_FiltCoeff_RAM_1P_LUTRAM_1R1W  |        0|  16|  16|    0|    64|   16|     1|         1024|
    |FiltCoeff_2_U  |vscale_core_polyphase_FiltCoeff_RAM_1P_LUTRAM_1R1W  |        0|  16|  16|    0|    64|   16|     1|         1024|
    |FiltCoeff_3_U  |vscale_core_polyphase_FiltCoeff_RAM_1P_LUTRAM_1R1W  |        0|  16|  16|    0|    64|   16|     1|         1024|
    |FiltCoeff_4_U  |vscale_core_polyphase_FiltCoeff_RAM_1P_LUTRAM_1R1W  |        0|  16|  16|    0|    64|   16|     1|         1024|
    |FiltCoeff_5_U  |vscale_core_polyphase_FiltCoeff_RAM_1P_LUTRAM_1R1W  |        0|  16|  16|    0|    64|   16|     1|         1024|
    |LineBuf_U      |vscale_core_polyphase_LineBuf_RAM_AUTO_1R1W         |        4|   0|   0|    0|  1920|   30|     1|        57600|
    |LineBuf_1_U    |vscale_core_polyphase_LineBuf_RAM_AUTO_1R1W         |        4|   0|   0|    0|  1920|   30|     1|        57600|
    |LineBuf_2_U    |vscale_core_polyphase_LineBuf_RAM_AUTO_1R1W         |        4|   0|   0|    0|  1920|   30|     1|        57600|
    |LineBuf_3_U    |vscale_core_polyphase_LineBuf_RAM_AUTO_1R1W         |        4|   0|   0|    0|  1920|   30|     1|        57600|
    |LineBuf_4_U    |vscale_core_polyphase_LineBuf_RAM_AUTO_1R1W         |        4|   0|   0|    0|  1920|   30|     1|        57600|
    |LineBuf_5_U    |vscale_core_polyphase_LineBuf_RAM_AUTO_1R1W         |        4|   0|   0|    0|  1920|   30|     1|        57600|
    +---------------+----------------------------------------------------+---------+----+----+-----+------+-----+------+-------------+
    |Total          |                                                    |       24|  96|  96|    0| 11904|  276|    12|       351744|
    +---------------+----------------------------------------------------+---------+----+----+-----+------+-----+------+-------------+

    * FIFO: 
    N/A

    * Expression: 
    +---------------------------+----------+----+---+----+------------+------------+
    |       Variable Name       | Operation| DSP| FF| LUT| Bitwidth P0| Bitwidth P1|
    +---------------------------+----------+----+---+----+------------+------------+
    |PixArrayLoc_1_fu_372_p2    |         +|   0|  0|  23|          16|           1|
    |WriteLocNext_fu_492_p2     |         +|   0|  0|  39|          32|           1|
    |YLoopSize_fu_308_p2        |         +|   0|  0|  12|          11|           2|
    |add119_fu_546_p2           |         +|   0|  0|  24|          17|           2|
    |offset_1_fu_378_p2         |         +|   0|  0|  39|          32|          18|
    |offset_3_fu_487_p2         |         +|   0|  0|  39|          32|          32|
    |y_2_fu_328_p2              |         +|   0|  0|  12|          11|           1|
    |OutputWriteEn_1_fu_534_p2  |       and|   0|  0|   2|           1|           1|
    |OutputWriteEn_fu_481_p2    |       and|   0|  0|   2|           1|           1|
    |GetNewLine_1_fu_366_p2     |      icmp|   0|  0|  23|          16|           1|
    |cmp121_fu_552_p2           |      icmp|   0|  0|  24|          17|          17|
    |cmp161_fu_424_p2           |      icmp|   0|  0|  12|          11|           1|
    |icmp120_fu_418_p2          |      icmp|   0|  0|  14|           9|           1|
    |icmp_ln225_fu_298_p2       |      icmp|   0|  0|  12|          11|          11|
    |icmp_ln259_fu_323_p2       |      icmp|   0|  0|  12|          11|          11|
    |icmp_ln267_fu_340_p2       |      icmp|   0|  0|  12|          11|           2|
    |icmp_ln286_1_fu_476_p2     |      icmp|   0|  0|  39|          32|          32|
    |icmp_ln286_fu_470_p2       |      icmp|   0|  0|  23|          16|           1|
    |ap_block_state1            |        or|   0|  0|   2|           1|           1|
    |brmerge_fu_430_p2          |        or|   0|  0|   2|           1|           1|
    |GetNewLine_2_fu_400_p3     |    select|   0|  0|   2|           1|           1|
    |PhaseV_1_fu_520_p3         |    select|   0|  0|   8|           1|           8|
    |PixArrayLoc_2_fu_384_p3    |    select|   0|  0|  16|           1|          16|
    |PixArrayLoc_3_fu_392_p3    |    select|   0|  0|  16|           1|          16|
    |TotalLines_fu_302_p3       |    select|   0|  0|  11|           1|          11|
    |WriteLocNext_1_fu_506_p3   |    select|   0|  0|  32|           1|          32|
    |WriteLocNext_2_fu_527_p3   |    select|   0|  0|  32|           1|          32|
    |offset_2_fu_455_p3         |    select|   0|  0|  32|           1|          32|
    |offset_4_fu_498_p3         |    select|   0|  0|  32|           1|          32|
    |offset_5_fu_514_p3         |    select|   0|  0|  32|           1|          32|
    +---------------------------+----------+----+---+----+------------+------------+
    |Total                      |          |   0|  0| 580|         299|         350|
    +---------------------------+----------+----+---+----+------------+------------+

    * Multiplexer: 
    +-------------------------+----+-----------+-----+-----------+
    |           Name          | LUT| Input Size| Bits| Total Bits|
    +-------------------------+----+-----------+-----+-----------+
    |FiltCoeff_1_address0     |  14|          3|    6|         18|
    |FiltCoeff_1_ce0          |  14|          3|    1|          3|
    |FiltCoeff_1_we0          |   9|          2|    1|          2|
    |FiltCoeff_2_address0     |  14|          3|    6|         18|
    |FiltCoeff_2_ce0          |  14|          3|    1|          3|
    |FiltCoeff_2_we0          |   9|          2|    1|          2|
    |FiltCoeff_3_address0     |  14|          3|    6|         18|
    |FiltCoeff_3_ce0          |  14|          3|    1|          3|
    |FiltCoeff_3_we0          |   9|          2|    1|          2|
    |FiltCoeff_4_address0     |  14|          3|    6|         18|
    |FiltCoeff_4_ce0          |  14|          3|    1|          3|
    |FiltCoeff_4_we0          |   9|          2|    1|          2|
    |FiltCoeff_5_address0     |  14|          3|    6|         18|
    |FiltCoeff_5_ce0          |  14|          3|    1|          3|
    |FiltCoeff_5_we0          |   9|          2|    1|          2|
    |FiltCoeff_address0       |  14|          3|    6|         18|
    |FiltCoeff_ce0            |  14|          3|    1|          3|
    |FiltCoeff_we0            |   9|          2|    1|          2|
    |GetNewLine_reg_218       |   9|          2|    1|          2|
    |HeightIn_blk_n           |   9|          2|    1|          2|
    |HeightOut_blk_n          |   9|          2|    1|          2|
    |HwReg_HeightOut_c_blk_n  |   9|          2|    1|          2|
    |HwReg_Width_c_blk_n      |   9|          2|    1|          2|
    |LineRate_blk_n           |   9|          2|    1|          2|
    |OutYUV_write             |   9|          2|    1|          2|
    |PhaseV_fu_114            |   9|          2|    8|         16|
    |PixArrayLoc_fu_122       |   9|          2|   16|         32|
    |SrcYUV422_read           |   9|          2|    1|          2|
    |Width_blk_n              |   9|          2|    1|          2|
    |WriteLoc_fu_118          |   9|          2|   32|         64|
    |ap_NS_fsm                |  37|          7|    1|          7|
    |ap_done                  |   9|          2|    1|          2|
    |offset_fu_110            |   9|          2|   32|         64|
    |real_start               |   9|          2|    1|          2|
    |y_fu_126                 |   9|          2|   11|         22|
    +-------------------------+----+-----------+-----+-----------+
    |Total                    | 403|         87|  159|        365|
    +-------------------------+----+-----------+-----+-----------+

    * Register: 
    +--------------------------------------------------------------------------------------------------+----+----+-----+-----------+
    |                                               Name                                               | FF | LUT| Bits| Const Bits|
    +--------------------------------------------------------------------------------------------------+----+----+-----+-----------+
    |GetNewLine_1_reg_663                                                                              |   1|   0|    1|          0|
    |GetNewLine_2_reg_678                                                                              |   1|   0|    1|          0|
    |GetNewLine_reg_218                                                                                |   1|   0|    1|          0|
    |InLines_cast_reg_634                                                                              |  11|   0|   17|          6|
    |InLines_reg_622                                                                                   |  11|   0|   11|          0|
    |InPixels_reg_617                                                                                  |  11|   0|   11|          0|
    |OutLines_reg_610                                                                                  |  11|   0|   11|          0|
    |OutputWriteEn_1_reg_703                                                                           |   1|   0|    1|          0|
    |PhaseV_fu_114                                                                                     |   8|   0|    8|          0|
    |PixArrayLoc_3_reg_673                                                                             |  16|   0|   16|          0|
    |PixArrayLoc_fu_122                                                                                |  16|   0|   16|          0|
    |Rate_reg_605                                                                                      |  32|   0|   32|          0|
    |WriteLocNext_2_reg_698                                                                            |  32|   0|   32|          0|
    |WriteLoc_fu_118                                                                                   |  32|   0|   32|          0|
    |YLoopSize_reg_629                                                                                 |  11|   0|   11|          0|
    |ap_CS_fsm                                                                                         |   6|   0|    6|          0|
    |ap_done_reg                                                                                       |   1|   0|    1|          0|
    |brmerge_reg_688                                                                                   |   1|   0|    1|          0|
    |cmp121_reg_713                                                                                    |   1|   0|    1|          0|
    |cmp161_reg_683                                                                                    |   1|   0|    1|          0|
    |conv47_reg_639                                                                                    |  11|   0|   32|         21|
    |empty_reg_708                                                                                     |   6|   0|    6|          0|
    |grp_vscale_core_polyphase_Pipeline_loop_init_coeff_phase_loop_init_coeff_tap_fu_229_ap_start_reg  |   1|   0|    1|          0|
    |grp_vscale_core_polyphase_Pipeline_loop_width_for_procpix_fu_247_ap_start_reg                     |   1|   0|    1|          0|
    |icmp_ln267_reg_650                                                                                |   1|   0|    1|          0|
    |offset_1_reg_668                                                                                  |  32|   0|   32|          0|
    |offset_5_reg_693                                                                                  |  32|   0|   32|          0|
    |offset_fu_110                                                                                     |  32|   0|   32|          0|
    |start_once_reg                                                                                    |   1|   0|    1|          0|
    |tmp_s_reg_658                                                                                     |   6|   0|    6|          0|
    |y_fu_126                                                                                          |  11|   0|   11|          0|
    +--------------------------------------------------------------------------------------------------+----+----+-----+-----------+
    |Total                                                                                             | 339|   0|  366|         27|
    +--------------------------------------------------------------------------------------------------+----+----+-----+-----------+



================================================================
== Interface
================================================================
* Summary: 
+----------------------------------+-----+-----+------------+-----------------------+--------------+
|             RTL Ports            | Dir | Bits|  Protocol  |     Source Object     |    C Type    |
+----------------------------------+-----+-----+------------+-----------------------+--------------+
|ap_clk                            |   in|    1|  ap_ctrl_hs|  vscale_core_polyphase|  return value|
|ap_rst                            |   in|    1|  ap_ctrl_hs|  vscale_core_polyphase|  return value|
|ap_start                          |   in|    1|  ap_ctrl_hs|  vscale_core_polyphase|  return value|
|start_full_n                      |   in|    1|  ap_ctrl_hs|  vscale_core_polyphase|  return value|
|ap_done                           |  out|    1|  ap_ctrl_hs|  vscale_core_polyphase|  return value|
|ap_continue                       |   in|    1|  ap_ctrl_hs|  vscale_core_polyphase|  return value|
|ap_idle                           |  out|    1|  ap_ctrl_hs|  vscale_core_polyphase|  return value|
|ap_ready                          |  out|    1|  ap_ctrl_hs|  vscale_core_polyphase|  return value|
|start_out                         |  out|    1|  ap_ctrl_hs|  vscale_core_polyphase|  return value|
|start_write                       |  out|    1|  ap_ctrl_hs|  vscale_core_polyphase|  return value|
|SrcYUV422_dout                    |   in|   30|     ap_fifo|              SrcYUV422|       pointer|
|SrcYUV422_num_data_valid          |   in|    5|     ap_fifo|              SrcYUV422|       pointer|
|SrcYUV422_fifo_cap                |   in|    5|     ap_fifo|              SrcYUV422|       pointer|
|SrcYUV422_empty_n                 |   in|    1|     ap_fifo|              SrcYUV422|       pointer|
|SrcYUV422_read                    |  out|    1|     ap_fifo|              SrcYUV422|       pointer|
|HeightIn_dout                     |   in|   11|     ap_fifo|               HeightIn|       pointer|
|HeightIn_num_data_valid           |   in|    3|     ap_fifo|               HeightIn|       pointer|
|HeightIn_fifo_cap                 |   in|    3|     ap_fifo|               HeightIn|       pointer|
|HeightIn_empty_n                  |   in|    1|     ap_fifo|               HeightIn|       pointer|
|HeightIn_read                     |  out|    1|     ap_fifo|               HeightIn|       pointer|
|Width_dout                        |   in|   11|     ap_fifo|                  Width|       pointer|
|Width_num_data_valid              |   in|    3|     ap_fifo|                  Width|       pointer|
|Width_fifo_cap                    |   in|    3|     ap_fifo|                  Width|       pointer|
|Width_empty_n                     |   in|    1|     ap_fifo|                  Width|       pointer|
|Width_read                        |  out|    1|     ap_fifo|                  Width|       pointer|
|HeightOut_dout                    |   in|   11|     ap_fifo|              HeightOut|       pointer|
|HeightOut_num_data_valid          |   in|    3|     ap_fifo|              HeightOut|       pointer|
|HeightOut_fifo_cap                |   in|    3|     ap_fifo|              HeightOut|       pointer|
|HeightOut_empty_n                 |   in|    1|     ap_fifo|              HeightOut|       pointer|
|HeightOut_read                    |  out|    1|     ap_fifo|              HeightOut|       pointer|
|LineRate_dout                     |   in|   32|     ap_fifo|               LineRate|       pointer|
|LineRate_num_data_valid           |   in|    3|     ap_fifo|               LineRate|       pointer|
|LineRate_fifo_cap                 |   in|    3|     ap_fifo|               LineRate|       pointer|
|LineRate_empty_n                  |   in|    1|     ap_fifo|               LineRate|       pointer|
|LineRate_read                     |  out|    1|     ap_fifo|               LineRate|       pointer|
|vfltCoeff_address0                |  out|    9|   ap_memory|              vfltCoeff|         array|
|vfltCoeff_ce0                     |  out|    1|   ap_memory|              vfltCoeff|         array|
|vfltCoeff_q0                      |   in|   16|   ap_memory|              vfltCoeff|         array|
|OutYUV_din                        |  out|   30|     ap_fifo|                 OutYUV|       pointer|
|OutYUV_num_data_valid             |   in|    5|     ap_fifo|                 OutYUV|       pointer|
|OutYUV_fifo_cap                   |   in|    5|     ap_fifo|                 OutYUV|       pointer|
|OutYUV_full_n                     |   in|    1|     ap_fifo|                 OutYUV|       pointer|
|OutYUV_write                      |  out|    1|     ap_fifo|                 OutYUV|       pointer|
|HwReg_Width_c_din                 |  out|   11|     ap_fifo|          HwReg_Width_c|       pointer|
|HwReg_Width_c_num_data_valid      |   in|    3|     ap_fifo|          HwReg_Width_c|       pointer|
|HwReg_Width_c_fifo_cap            |   in|    3|     ap_fifo|          HwReg_Width_c|       pointer|
|HwReg_Width_c_full_n              |   in|    1|     ap_fifo|          HwReg_Width_c|       pointer|
|HwReg_Width_c_write               |  out|    1|     ap_fifo|          HwReg_Width_c|       pointer|
|HwReg_HeightOut_c_din             |  out|   11|     ap_fifo|      HwReg_HeightOut_c|       pointer|
|HwReg_HeightOut_c_num_data_valid  |   in|    3|     ap_fifo|      HwReg_HeightOut_c|       pointer|
|HwReg_HeightOut_c_fifo_cap        |   in|    3|     ap_fifo|      HwReg_HeightOut_c|       pointer|
|HwReg_HeightOut_c_full_n          |   in|    1|     ap_fifo|      HwReg_HeightOut_c|       pointer|
|HwReg_HeightOut_c_write           |  out|    1|     ap_fifo|      HwReg_HeightOut_c|       pointer|
+----------------------------------+-----+-----+------------+-----------------------+--------------+

