================================================================
== Design Size Report
================================================================

* Total Instructions per Compilation Phase
+---------------+----------------------------+--------------+----------------------------------------------------------------------------------------+
| Phase         | Step                       | Instructions | Description                                                                            |
+---------------+----------------------------+--------------+----------------------------------------------------------------------------------------+
| Compile/Link  |                            | 25,182       | After all functions are compiled and linked into a single design                       |
|               |                            |              |                                                                                        |
| Unroll/Inline |                            |              | After user unroll and inline pragmas are applied                                       |
|               | (1) unroll                 |  4,719       | user unroll pragmas are applied                                                        |
|               | (2) simplification         |  2,735       | simplification of applied user unroll pragmas                                          |
|               | (3) inline                 |  2,324       | user inline pragmas are applied                                                        |
|               | (4) simplification         |  2,174       | simplification of applied user inline pragmas                                          |
|               |                            |              |                                                                                        |
| Array/Struct  |                            |              | After user array partition and struct aggregate/disaggregate pragmas are applied       |
|               | (1) array partition        |  2,066       | user array partition pragmas are applied                                               |
|               | (2) simplification         |  1,874       | simplification of applied user array partition & struct aggregate/disaggregate pragmas |
|               | (3) aggregate/disaggregate |  1,884       | user struct aggregate/disaggregate pragmas are applied                                 |
|               | (4) array reshape          |  2,046       | apply array reshape pragmas                                                            |
|               | (5) access patterns        |  2,210       | array access pattern optmizations                                                      |
|               |                            |              |                                                                                        |
| Performance   |                            |              | After transformations are applied to meet performance pragma targets                   |
|               | (1) loop simplification    |  2,181       | loop and instruction simplification                                                    |
|               | (2) parallelization        |  2,074       | loops are unrolled or pipelined to meet performance targets                            |
|               | (3) array partition        |  1,996       | arrays are partitioned to meet performance targets                                     |
|               | (4) simplification         |  1,984       | simplification of design after performance transformations                             |
|               |                            |              |                                                                                        |
| HW Transforms |                            |              | After hardware transfomations                                                          |
|               | (1) lowering               |  1,903       | initial conversion to HW specific instructions                                         |
|               | (2) optimizations          |  1,856       | high level synthesis optimizations                                                     |
+---------------+----------------------------+--------------+----------------------------------------------------------------------------------------+

* Instructions per Function for each Compilation Phase
+--------------------------------------+----------------------+------------------+----------------+----------------+----------------+----------------+
| Function                             | Location             | Compile/Link     | Unroll/Inline  | Array/Struct   | Performance    | HW Transforms  |
+--------------------------------------+----------------------+------------------+----------------+----------------+----------------+----------------+
| + v_demosaic                         | v_demosaic.cpp:89    | 25,182           | 2,174          | 2,210          | 1,984          | 1,856          |
|  + AXIvideo2MultiBayer               | v_demosaic.cpp:133   | 1,069            |  209           |  254           |  187           |  103           |
|     Scalar                           | hls_video_core.h:196 |     5            |                |                |                |                |
|     reg<unsigned short>              | x_hls_utils.h:222    |     2 (2 calls)  |    2 (2 calls) |    2 (2 calls) |    2 (2 calls) |    8 (2 calls) |
|   + AXIGetBitFields<10, ap_uint<...  | hls_axi_io.h:83      |    75            |                |                |                |                |
|      AXIGetBitFields<10, ap_uint<... | hls_axi_io.h:60      |    69            |                |                |                |                |
|  + Debayer                           | v_demosaic.cpp:1060  | 20,966           | 1,618          | 1,529          | 1,452          | 1,428          |
|   + DebayerG                         | v_demosaic.cpp:264   | 12,720           |  680           |  716           |  684           |  671           |
|      Scalar                          | hls_video_core.h:196 |    20 (4 calls)  |                |                |                |                |
|      abs                             | std_abs.h:61         |    80 (20 calls) |                |                |                |                |
|   + DebayerRatBorBatR                | v_demosaic.cpp:593   | 4,152            |  499           |  399           |  375           |  367           |
|      Scalar                          | hls_video_core.h:196 |    40 (8 calls)  |                |                |                |                |
|      abs                             | std_abs.h:61         |    16 (4 calls)  |                |                |                |                |
|   + DebayerRandBatG                  | v_demosaic.cpp:841   | 4,076            |  431           |  406           |  385           |  378           |
|      Scalar                          | hls_video_core.h:196 |    40 (8 calls)  |                |                |                |                |
|      abs                             | std_abs.h:61         |    24 (6 calls)  |                |                |                |                |
|  + ZipperRemoval                     | v_demosaic.cpp:1077  | 2,006            |  217           |  209           |  196           |  208           |
|     Scalar                           | hls_video_core.h:196 |    10 (2 calls)  |                |                |                |                |
|  + MultiPixStream2AXIvideo           | v_demosaic.cpp:208   | 1,099            |  105           |  179           |  116           |   72           |
|     Scalar                           | hls_video_core.h:196 |     5            |                |                |                |                |
+--------------------------------------+----------------------+------------------+----------------+----------------+----------------+----------------+

* Design Size Message Settings
+---------------------------------------------+--------+------------------------------------------------------------------+
| Message Setting                             | Value  | Description                                                      |
+---------------------------------------------+--------+------------------------------------------------------------------+
| config_compile -design_size_maximum_warning | 100000 | Show a warning when total design instructions exceeds this value |
+---------------------------------------------+--------+------------------------------------------------------------------+


