

================================================================
== Vitis HLS Report for 'DebayerRandBatG_Pipeline_VITIS_LOOP_881_2'
================================================================
* Date:           Fri Sep 18 14:28:43 2026

* Version:        2025.2 (Build 6295257 on Nov 14 2025)
* Project:        prj
* Solution:       sol (Vivado IP Flow Target)
* Product family: zynquplus
* Target device:  xck26-sfvc784-2LV-c


================================================================
== Performance Estimates
================================================================
+ Timing: 
    * Summary: 
    +--------+----------+----------+------------+
    |  Clock |  Target  | Estimated| Uncertainty|
    +--------+----------+----------+------------+
    |ap_clk  |  20.41 ns|  7.555 ns|     5.51 ns|
    +--------+----------+----------+------------+

+ Latency: 
    * Summary: 
    +---------+---------+-----------+-----------+-----+-----+-------------------+
    |  Latency (cycles) |   Latency (absolute)  |  Interval |      Pipeline     |
    |   min   |   max   |    min    |    max    | min | max |        Type       |
    +---------+---------+-----------+-----------+-----+-----+-------------------+
    |        4|     1924|  81.632 ns|  39.265 us|    0|    0|  loop pipeline stp|
    +---------+---------+-----------+-----------+-----+-----+-------------------+

    + Detail: 
        * Instance: 
        N/A

        * Loop: 
        +--------------------+---------+---------+----------+-----------+-----------+----------+----------+
        |                    |  Latency (cycles) | Iteration|  Initiation Interval  |   Trip   |          |
        |      Loop Name     |   min   |   max   |  Latency |  achieved |   target  |   Count  | Pipelined|
        +--------------------+---------+---------+----------+-----------+-----------+----------+----------+
        |- VITIS_LOOP_881_2  |        2|     1922|         3|          1|          1|  1 ~ 1921|       yes|
        +--------------------+---------+---------+----------+-----------+-----------+----------+----------+



================================================================
== Utilization Estimates
================================================================
* Summary: 
+-----------------+---------+------+--------+--------+-----+
|       Name      | BRAM_18K|  DSP |   FF   |   LUT  | URAM|
+-----------------+---------+------+--------+--------+-----+
|DSP              |        -|     -|       -|       -|    -|
|Expression       |        -|     -|       0|    1231|    -|
|FIFO             |        -|     -|       -|       -|    -|
|Instance         |        -|     -|       -|       -|    -|
|Memory           |        -|     -|       -|       -|    2|
|Multiplexer      |        -|     -|       0|     414|    -|
|Register         |        -|     -|     291|       -|    -|
+-----------------+---------+------+--------+--------+-----+
|Total            |        0|     0|     291|    1645|    2|
+-----------------+---------+------+--------+--------+-----+
|Available        |      288|  1248|  234240|  117120|   64|
+-----------------+---------+------+--------+--------+-----+
|Utilization (%)  |        0|     0|      ~0|       1|    3|
+-----------------+---------+------+--------+--------+-----+

+ Detail: 
    * Instance: 
    N/A

    * DSP: 
    N/A

    * Memory: 
    +----------------+-------------------------------------------------------------------------------+---------+---+----+-----+------+-----+------+-------------+
    |     Memory     |                                     Module                                    | BRAM_18K| FF| LUT| URAM| Words| Bits| Banks| W*Bits*Banks|
    +----------------+-------------------------------------------------------------------------------+---------+---+----+-----+------+-----+------+-------------+
    |lineBuffer_2_U  |DebayerRatBorBatR_Pipeline_VITIS_LOOP_633_2_lineBuffer_1_XPM_MEMORY_URAM_1R1W  |        0|  0|   0|    1|  1921|   30|     1|        57630|
    |lineBuffer_U    |DebayerRatBorBatR_Pipeline_VITIS_LOOP_633_2_lineBuffer_1_XPM_MEMORY_URAM_1R1W  |        0|  0|   0|    1|  1921|   30|     1|        57630|
    +----------------+-------------------------------------------------------------------------------+---------+---+----+-----+------+-----+------+-------------+
    |Total           |                                                                               |        0|  0|   0|    2|  3842|   60|     2|       115260|
    +----------------+-------------------------------------------------------------------------------+---------+---+----+-----+------+-----+------+-------------+

    * FIFO: 
    N/A

    * Expression: 
    +-----------------------------------+----------+----+---+----+------------+------------+
    |           Variable Name           | Operation| DSP| FF| LUT| Bitwidth P0| Bitwidth P1|
    +-----------------------------------+----------+----+---+----+------------+------------+
    |add_ln1030_1_fu_1418_p2            |         +|   0|  0|  19|          12|          12|
    |add_ln1030_2_fu_1076_p2            |         +|   0|  0|  18|          11|          11|
    |add_ln1030_3_fu_1090_p2            |         +|   0|  0|  19|          12|          12|
    |add_ln1030_fu_1404_p2              |         +|   0|  0|  18|          11|          11|
    |add_ln1033_fu_1449_p2              |         +|   0|  0|  19|          12|          12|
    |add_ln1034_fu_1531_p2              |         +|   0|  0|  19|          12|          12|
    |add_ln1039_fu_1116_p2              |         +|   0|  0|  19|          12|          12|
    |add_ln1040_fu_1194_p2              |         +|   0|  0|  19|          12|          12|
    |x_8_fu_596_p2                      |         +|   0|  0|  18|          11|           1|
    |b_0_in_i_fu_1621_p2                |         -|   0|  0|  19|          12|          12|
    |r_0_in_i_fu_1600_p2                |         -|   0|  0|  19|          12|          12|
    |sub_ln1023_fu_1284_p2              |         -|   0|  0|  18|          11|          11|
    |sub_ln1024_fu_956_p2               |         -|   0|  0|  18|          11|          11|
    |sub_ln1025_fu_1324_p2              |         -|   0|  0|  18|          11|          11|
    |sub_ln1026_fu_996_p2               |         -|   0|  0|  18|          11|          11|
    |sub_ln1027_fu_1364_p2              |         -|   0|  0|  18|          11|          11|
    |sub_ln1028_fu_1036_p2              |         -|   0|  0|  18|          11|          11|
    |sub_ln1033_1_fu_1435_p2            |         -|   0|  0|  18|          11|          11|
    |sub_ln1033_2_fu_1467_p2            |         -|   0|  0|  20|           1|          13|
    |sub_ln1033_3_fu_1483_p2            |         -|   0|  0|  18|           1|          11|
    |sub_ln1033_fu_1429_p2              |         -|   0|  0|  18|          11|          11|
    |sub_ln1034_1_fu_1517_p2            |         -|   0|  0|  18|          11|          11|
    |sub_ln1034_2_fu_1549_p2            |         -|   0|  0|  20|           1|          13|
    |sub_ln1034_3_fu_1565_p2            |         -|   0|  0|  18|           1|          11|
    |sub_ln1034_fu_1511_p2              |         -|   0|  0|  18|          11|          11|
    |sub_ln1039_1_fu_1102_p2            |         -|   0|  0|  18|          11|          11|
    |sub_ln1039_2_fu_1134_p2            |         -|   0|  0|  20|           1|          13|
    |sub_ln1039_3_fu_1150_p2            |         -|   0|  0|  18|           1|          11|
    |sub_ln1039_fu_1096_p2              |         -|   0|  0|  18|          11|          11|
    |sub_ln1040_1_fu_1180_p2            |         -|   0|  0|  18|          11|          11|
    |sub_ln1040_2_fu_1212_p2            |         -|   0|  0|  20|           1|          13|
    |sub_ln1040_3_fu_1228_p2            |         -|   0|  0|  18|           1|          11|
    |sub_ln1040_fu_1174_p2              |         -|   0|  0|  18|          11|          11|
    |sub_ln61_4_fu_974_p2               |         -|   0|  0|  17|           1|          10|
    |sub_ln61_5_fu_1342_p2              |         -|   0|  0|  17|           1|          10|
    |sub_ln61_6_fu_1014_p2              |         -|   0|  0|  17|           1|          10|
    |sub_ln61_7_fu_1382_p2              |         -|   0|  0|  17|           1|          10|
    |sub_ln61_8_fu_1054_p2              |         -|   0|  0|  17|           1|          10|
    |sub_ln61_fu_1302_p2                |         -|   0|  0|  17|           1|          10|
    |and_ln1052_fu_652_p2               |       and|   0|  0|   2|           1|           1|
    |ap_block_pp0                       |       and|   0|  0|   2|           1|           1|
    |ap_block_state2_pp0_stage0_iter1   |       and|   0|  0|   2|           1|           1|
    |ap_block_state3_pp0_stage0_iter2   |       and|   0|  0|   2|           1|           1|
    |ap_condition_1161                  |       and|   0|  0|   2|           1|           1|
    |ap_condition_217                   |       and|   0|  0|   2|           1|           1|
    |ap_enable_state1_pp0_iter0_stage0  |       and|   0|  0|   2|           1|           1|
    |ap_enable_state2_pp0_iter1_stage0  |       and|   0|  0|   2|           1|           1|
    |ap_predicate_op102_load_state2     |       and|   0|  0|   2|           1|           1|
    |ap_predicate_op106_read_state2     |       and|   0|  0|   2|           1|           1|
    |ap_predicate_op70_load_state1      |       and|   0|  0|   2|           1|           1|
    |icmp_ln1014_fu_640_p2              |      icmp|   0|  0|  22|          15|          15|
    |icmp_ln1030_fu_1424_p2             |      icmp|   0|  0|  19|          12|          12|
    |icmp_ln1042_fu_1657_p2             |      icmp|   0|  0|   9|           2|           1|
    |icmp_ln1043_fu_1709_p2             |      icmp|   0|  0|   9|           2|           1|
    |icmp_ln1052_fu_646_p2              |      icmp|   0|  0|  18|          11|           1|
    |icmp_ln881_fu_590_p2               |      icmp|   0|  0|  18|          11|          11|
    |icmp_ln891_fu_612_p2               |      icmp|   0|  0|  18|          11|          11|
    |icmp_ln911_fu_510_p2               |      icmp|   0|  0|  18|          11|          11|
    |icmp_ln957_fu_618_p2               |      icmp|   0|  0|  18|          11|           1|
    |icmp_ln975_fu_516_p2               |      icmp|   0|  0|  18|          11|           1|
    |ap_block_pp0_stage0_01001          |        or|   0|  0|   2|           1|           1|
    |or_ln1042_fu_1677_p2               |        or|   0|  0|   2|           1|           1|
    |or_ln1043_fu_1729_p2               |        or|   0|  0|   2|           1|           1|
    |DBh_fu_1388_p3                     |    select|   0|  0|  10|           1|          10|
    |DBv_fu_1060_p3                     |    select|   0|  0|  10|           1|          10|
    |DGh_fu_1348_p3                     |    select|   0|  0|  10|           1|          10|
    |DGv_fu_1020_p3                     |    select|   0|  0|  10|           1|          10|
    |DRh_fu_1308_p3                     |    select|   0|  0|  10|           1|          10|
    |DRv_fu_980_p3                      |    select|   0|  0|  10|           1|          10|
    |b_0_in_i_v_v_fu_1610_p3            |    select|   0|  0|  10|           1|          11|
    |phi_ln1046_fu_1743_p3              |    select|   0|  0|  10|           1|          10|
    |phi_ln1048_fu_1750_p3              |    select|   0|  0|  10|           1|          10|
    |r_0_in_i_v_v_fu_1589_p3            |    select|   0|  0|  10|           1|          11|
    |select_ln1033_fu_1499_p3           |    select|   0|  0|  10|           1|          11|
    |select_ln1034_fu_1581_p3           |    select|   0|  0|  10|           1|          11|
    |select_ln1039_fu_1166_p3           |    select|   0|  0|  10|           1|          11|
    |select_ln1040_fu_1244_p3           |    select|   0|  0|  10|           1|          11|
    |select_ln1042_fu_1669_p3           |    select|   0|  0|   2|           1|           2|
    |select_ln1043_fu_1721_p3           |    select|   0|  0|   2|           1|           2|
    |select_ln1046_fu_1683_p3           |    select|   0|  0|  10|           1|          10|
    |select_ln1048_fu_1735_p3           |    select|   0|  0|  10|           1|          10|
    |select_ln957_10_fu_855_p3          |    select|   0|  0|  10|           1|          10|
    |select_ln957_11_fu_863_p3          |    select|   0|  0|  10|           1|          10|
    |select_ln957_1_fu_786_p3           |    select|   0|  0|  10|           1|          10|
    |select_ln957_2_fu_794_p3           |    select|   0|  0|  10|           1|          10|
    |select_ln957_3_fu_802_p3           |    select|   0|  0|  10|           1|          10|
    |select_ln957_4_fu_809_p3           |    select|   0|  0|  10|           1|          10|
    |select_ln957_5_fu_816_p3           |    select|   0|  0|  10|           1|          10|
    |select_ln957_6_fu_823_p3           |    select|   0|  0|  10|           1|          10|
    |select_ln957_7_fu_831_p3           |    select|   0|  0|  10|           1|          10|
    |select_ln957_8_fu_839_p3           |    select|   0|  0|  10|           1|          10|
    |select_ln957_9_fu_847_p3           |    select|   0|  0|  10|           1|          10|
    |select_ln957_fu_778_p3             |    select|   0|  0|  10|           1|          10|
    |select_ln975_1_fu_878_p3           |    select|   0|  0|  10|           1|          10|
    |select_ln975_2_fu_885_p3           |    select|   0|  0|  10|           1|          10|
    |select_ln975_fu_871_p3             |    select|   0|  0|  10|           1|          10|
    |ap_enable_pp0                      |       xor|   0|  0|   2|           1|           2|
    |xor_ln1014_2_fu_630_p2             |       xor|   0|  0|   2|           1|           2|
    |xor_ln1014_fu_624_p2               |       xor|   0|  0|   2|           1|           1|
    |xor_ln1046_fu_1663_p2              |       xor|   0|  0|   2|           1|           2|
    |xor_ln1048_fu_1715_p2              |       xor|   0|  0|   2|           1|           2|
    +-----------------------------------+----------+----+---+----+------------+------------+
    |Total                              |          |   0|  0|1231|         446|         837|
    +-----------------------------------+----------+----+---+----+------------+------------+

    * Multiplexer: 
    +-------------------------------------------------+----+-----------+-----+-----------+
    |                       Name                      | LUT| Input Size| Bits| Total Bits|
    +-------------------------------------------------+----+-----------+-----+-----------+
    |ap_done_int                                      |   9|          2|    1|          2|
    |ap_enable_reg_pp0_iter2                          |   9|          2|    1|          2|
    |ap_phi_mux_down_1_phi_fu_411_p4                  |  14|          3|   10|         30|
    |ap_phi_mux_down_2_phi_fu_402_p4                  |  14|          3|   10|         30|
    |ap_phi_mux_down_phi_fu_420_p4                    |  14|          3|   10|         30|
    |ap_phi_mux_p_0_0_01177_21779_ph_i_phi_fu_375_p4  |  14|          3|   10|         30|
    |ap_phi_mux_p_0_0_01178_21777_ph_i_phi_fu_384_p4  |  14|          3|   10|         30|
    |ap_phi_mux_p_0_0_01179_21775_ph_i_phi_fu_393_p4  |  14|          3|   10|         30|
    |ap_phi_mux_pix_7_phi_fu_439_p4                   |  14|          3|   10|         30|
    |ap_phi_mux_pix_8_phi_fu_429_p4                   |  14|          3|   10|         30|
    |ap_phi_mux_pix_phi_fu_449_p4                     |  14|          3|   10|         30|
    |ap_phi_mux_up_1_phi_fu_468_p4                    |  14|          3|   10|         30|
    |ap_phi_mux_up_2_phi_fu_459_p4                    |  14|          3|   10|         30|
    |ap_phi_mux_up_phi_fu_477_p4                      |  14|          3|   10|         30|
    |ap_phi_reg_pp0_iter2_left_1_reg_492              |  14|          3|   10|         30|
    |ap_phi_reg_pp0_iter2_left_2_reg_483              |  14|          3|   10|         30|
    |ap_phi_reg_pp0_iter2_left_reg_501                |  14|          3|   10|         30|
    |ap_sig_allocacmp_z                               |   9|          2|   11|         22|
    |imgRB_blk_n                                      |   9|          2|    1|          2|
    |imgRgb_blk_n                                     |   9|          2|    1|          2|
    |p_0_0_0116417851796_i_fu_168                     |   9|          2|   10|         20|
    |p_0_0_0116517831794_i_fu_164                     |   9|          2|   10|         20|
    |p_0_0_0116617811792_i_fu_160                     |   9|          2|   10|         20|
    |p_0_0_01177_217791808_i_fu_192                   |   9|          2|   10|         20|
    |p_0_0_01178_217771806_i_fu_188                   |   9|          2|   10|         20|
    |p_0_0_01179_217751804_i_fu_184                   |   9|          2|   10|         20|
    |p_0_0_0_0_011581705_i_fu_196                     |   9|          2|   10|         20|
    |p_0_1_0_0_011591708_i_fu_200                     |   9|          2|   10|         20|
    |p_0_2_0_0_011601711_i_fu_204                     |   9|          2|   10|         20|
    |pix_7_reg_436                                    |  14|          3|   10|         30|
    |pix_8_reg_426                                    |  14|          3|   10|         30|
    |pix_reg_446                                      |  14|          3|   10|         30|
    |right_1_fu_176                                   |   9|          2|   10|         20|
    |right_2_fu_180                                   |   9|          2|   10|         20|
    |right_fu_172                                     |   9|          2|   10|         20|
    |x_fu_156                                         |   9|          2|   11|         22|
    +-------------------------------------------------+----+-----------+-----+-----------+
    |Total                                            | 414|         90|  326|        832|
    +-------------------------------------------------+----+-----------+-----+-----------+

    * Register: 
    +-------------------------------------+----+----+-----+-----------+
    |                 Name                | FF | LUT| Bits| Const Bits|
    +-------------------------------------+----+----+-----+-----------+
    |add_ln1030_3_reg_2021                |  12|   0|   12|          0|
    |and_ln1052_reg_1987                  |   1|   0|    1|          0|
    |and_ln1052_reg_1987_pp0_iter1_reg    |   1|   0|    1|          0|
    |ap_CS_fsm                            |   1|   0|    1|          0|
    |ap_done_reg                          |   1|   0|    1|          0|
    |ap_enable_reg_pp0_iter1              |   1|   0|    1|          0|
    |ap_enable_reg_pp0_iter2              |   1|   0|    1|          0|
    |ap_loop_exit_ready_pp0_iter1_reg     |   1|   0|    1|          0|
    |ap_phi_reg_pp0_iter1_left_1_reg_492  |  10|   0|   10|          0|
    |ap_phi_reg_pp0_iter1_left_2_reg_483  |  10|   0|   10|          0|
    |ap_phi_reg_pp0_iter1_left_reg_501    |  10|   0|   10|          0|
    |ap_phi_reg_pp0_iter2_left_1_reg_492  |  10|   0|   10|          0|
    |ap_phi_reg_pp0_iter2_left_2_reg_483  |  10|   0|   10|          0|
    |ap_phi_reg_pp0_iter2_left_reg_501    |  10|   0|   10|          0|
    |icmp_ln1014_reg_1981                 |   1|   0|    1|          0|
    |icmp_ln1014_reg_1981_pp0_iter1_reg   |   1|   0|    1|          0|
    |icmp_ln881_reg_1945                  |   1|   0|    1|          0|
    |icmp_ln891_reg_1949                  |   1|   0|    1|          0|
    |icmp_ln911_reg_1934                  |   1|   0|    1|          0|
    |icmp_ln957_reg_1965                  |   1|   0|    1|          0|
    |icmp_ln975_reg_1938                  |   1|   0|    1|          0|
    |lineBuffer_2_addr_reg_1959           |  11|   0|   11|          0|
    |lineBuffer_addr_reg_1953             |  11|   0|   11|          0|
    |p_0_0_0116417851796_i_fu_168         |  10|   0|   10|          0|
    |p_0_0_0116517831794_i_fu_164         |  10|   0|   10|          0|
    |p_0_0_0116617811792_i_fu_160         |  10|   0|   10|          0|
    |p_0_0_01177_217791808_i_fu_192       |  10|   0|   10|          0|
    |p_0_0_01178_217771806_i_fu_188       |  10|   0|   10|          0|
    |p_0_0_01179_217751804_i_fu_184       |  10|   0|   10|          0|
    |p_0_0_0_0_011581705_i_fu_196         |  10|   0|   10|          0|
    |p_0_1_0_0_011591708_i_fu_200         |  10|   0|   10|          0|
    |p_0_2_0_0_011601711_i_fu_204         |  10|   0|   10|          0|
    |pix_7_reg_436                        |  10|   0|   10|          0|
    |pix_8_reg_426                        |  10|   0|   10|          0|
    |pix_reg_446                          |  10|   0|   10|          0|
    |right_1_fu_176                       |  10|   0|   10|          0|
    |right_2_fu_180                       |  10|   0|   10|          0|
    |right_fu_172                         |  10|   0|   10|          0|
    |select_ln1039_reg_2026               |  11|   0|   11|          0|
    |select_ln1040_reg_2031               |  11|   0|   11|          0|
    |x_fu_156                             |  11|   0|   11|          0|
    +-------------------------------------+----+----+-----+-----------+
    |Total                                | 291|   0|  291|          0|
    +-------------------------------------+----+----+-----+-----------+



================================================================
== Interface
================================================================
* Summary: 
+------------------------------------+-----+-----+------------+-------------------------------------------+--------------+
|              RTL Ports             | Dir | Bits|  Protocol  |               Source Object               |    C Type    |
+------------------------------------+-----+-----+------------+-------------------------------------------+--------------+
|ap_clk                              |   in|    1|  ap_ctrl_hs|  DebayerRandBatG_Pipeline_VITIS_LOOP_881_2|  return value|
|ap_rst                              |   in|    1|  ap_ctrl_hs|  DebayerRandBatG_Pipeline_VITIS_LOOP_881_2|  return value|
|ap_start                            |   in|    1|  ap_ctrl_hs|  DebayerRandBatG_Pipeline_VITIS_LOOP_881_2|  return value|
|ap_done                             |  out|    1|  ap_ctrl_hs|  DebayerRandBatG_Pipeline_VITIS_LOOP_881_2|  return value|
|ap_idle                             |  out|    1|  ap_ctrl_hs|  DebayerRandBatG_Pipeline_VITIS_LOOP_881_2|  return value|
|ap_ready                            |  out|    1|  ap_ctrl_hs|  DebayerRandBatG_Pipeline_VITIS_LOOP_881_2|  return value|
|imgRB_dout                          |   in|   30|     ap_fifo|                                      imgRB|       pointer|
|imgRB_empty_n                       |   in|    1|     ap_fifo|                                      imgRB|       pointer|
|imgRB_read                          |  out|    1|     ap_fifo|                                      imgRB|       pointer|
|imgRB_num_data_valid                |   in|    3|     ap_fifo|                                      imgRB|       pointer|
|imgRB_fifo_cap                      |   in|    3|     ap_fifo|                                      imgRB|       pointer|
|imgRgb_din                          |  out|   30|     ap_fifo|                                     imgRgb|       pointer|
|imgRgb_full_n                       |   in|    1|     ap_fifo|                                     imgRgb|       pointer|
|imgRgb_write                        |  out|    1|     ap_fifo|                                     imgRgb|       pointer|
|imgRgb_num_data_valid               |   in|   32|     ap_fifo|                                     imgRgb|       pointer|
|imgRgb_fifo_cap                     |   in|   32|     ap_fifo|                                     imgRgb|       pointer|
|p_0_0_01177_217791809_lcssa1845_i   |   in|   10|     ap_none|          p_0_0_01177_217791809_lcssa1845_i|        scalar|
|p_0_0_01178_217771807_lcssa1843_i   |   in|   10|     ap_none|          p_0_0_01178_217771807_lcssa1843_i|        scalar|
|p_0_0_01179_217751805_lcssa1841_i   |   in|   10|     ap_none|          p_0_0_01179_217751805_lcssa1841_i|        scalar|
|p_0_2_0_0_011541802_lcssa1839_i     |   in|   10|     ap_none|            p_0_2_0_0_011541802_lcssa1839_i|        scalar|
|p_0_1_0_0_011531800_lcssa1837_i     |   in|   10|     ap_none|            p_0_1_0_0_011531800_lcssa1837_i|        scalar|
|p_0_0_0_0_011521798_lcssa1835_i     |   in|   10|     ap_none|            p_0_0_0_0_011521798_lcssa1835_i|        scalar|
|p_0_0_0116417851797_lcssa1833_i     |   in|   10|     ap_none|            p_0_0_0116417851797_lcssa1833_i|        scalar|
|p_0_0_0116517831795_lcssa1831_i     |   in|   10|     ap_none|            p_0_0_0116517831795_lcssa1831_i|        scalar|
|p_0_0_0116617811793_lcssa1829_i     |   in|   10|     ap_none|            p_0_0_0116617811793_lcssa1829_i|        scalar|
|p_0_2_0_0_011601709_lcssa1751_i     |   in|   10|     ap_none|            p_0_2_0_0_011601709_lcssa1751_i|        scalar|
|p_0_1_0_0_011591706_lcssa1749_i     |   in|   10|     ap_none|            p_0_1_0_0_011591706_lcssa1749_i|        scalar|
|p_0_0_0_0_011581703_lcssa1747_i     |   in|   10|     ap_none|            p_0_0_0_0_011581703_lcssa1747_i|        scalar|
|y                                   |   in|   11|     ap_none|                                          y|        scalar|
|height_val4_load                    |   in|   11|     ap_none|                           height_val4_load|        scalar|
|loopWidth                           |   in|   11|     ap_none|                                  loopWidth|        scalar|
|empty                               |   in|    1|     ap_none|                                      empty|        scalar|
|xor_ln1014_1                        |   in|   15|     ap_none|                               xor_ln1014_1|        scalar|
|width_val8_load                     |   in|   11|     ap_none|                            width_val8_load|        scalar|
|p_0_0_01177_217791808_i_out         |  out|   10|      ap_vld|                p_0_0_01177_217791808_i_out|       pointer|
|p_0_0_01177_217791808_i_out_ap_vld  |  out|    1|      ap_vld|                p_0_0_01177_217791808_i_out|       pointer|
|p_0_0_01178_217771806_i_out         |  out|   10|      ap_vld|                p_0_0_01178_217771806_i_out|       pointer|
|p_0_0_01178_217771806_i_out_ap_vld  |  out|    1|      ap_vld|                p_0_0_01178_217771806_i_out|       pointer|
|p_0_0_01179_217751804_i_out         |  out|   10|      ap_vld|                p_0_0_01179_217751804_i_out|       pointer|
|p_0_0_01179_217751804_i_out_ap_vld  |  out|    1|      ap_vld|                p_0_0_01179_217751804_i_out|       pointer|
|right_2_out                         |  out|   10|      ap_vld|                                right_2_out|       pointer|
|right_2_out_ap_vld                  |  out|    1|      ap_vld|                                right_2_out|       pointer|
|right_1_out                         |  out|   10|      ap_vld|                                right_1_out|       pointer|
|right_1_out_ap_vld                  |  out|    1|      ap_vld|                                right_1_out|       pointer|
|right_out                           |  out|   10|      ap_vld|                                  right_out|       pointer|
|right_out_ap_vld                    |  out|    1|      ap_vld|                                  right_out|       pointer|
|p_0_0_0116417851796_i_out           |  out|   10|      ap_vld|                  p_0_0_0116417851796_i_out|       pointer|
|p_0_0_0116417851796_i_out_ap_vld    |  out|    1|      ap_vld|                  p_0_0_0116417851796_i_out|       pointer|
|p_0_0_0116517831794_i_out           |  out|   10|      ap_vld|                  p_0_0_0116517831794_i_out|       pointer|
|p_0_0_0116517831794_i_out_ap_vld    |  out|    1|      ap_vld|                  p_0_0_0116517831794_i_out|       pointer|
|p_0_0_0116617811792_i_out           |  out|   10|      ap_vld|                  p_0_0_0116617811792_i_out|       pointer|
|p_0_0_0116617811792_i_out_ap_vld    |  out|    1|      ap_vld|                  p_0_0_0116617811792_i_out|       pointer|
|p_0_2_0_0_011601711_i_out           |  out|   10|      ap_vld|                  p_0_2_0_0_011601711_i_out|       pointer|
|p_0_2_0_0_011601711_i_out_ap_vld    |  out|    1|      ap_vld|                  p_0_2_0_0_011601711_i_out|       pointer|
|p_0_1_0_0_011591708_i_out           |  out|   10|      ap_vld|                  p_0_1_0_0_011591708_i_out|       pointer|
|p_0_1_0_0_011591708_i_out_ap_vld    |  out|    1|      ap_vld|                  p_0_1_0_0_011591708_i_out|       pointer|
|p_0_0_0_0_011581705_i_out           |  out|   10|      ap_vld|                  p_0_0_0_0_011581705_i_out|       pointer|
|p_0_0_0_0_011581705_i_out_ap_vld    |  out|    1|      ap_vld|                  p_0_0_0_0_011581705_i_out|       pointer|
+------------------------------------+-----+-----+------------+-------------------------------------------+--------------+

