

================================================================
== Vitis HLS Report for 'DebayerRatBorBatR_Pipeline_VITIS_LOOP_633_2'
================================================================
* Date:           Fri Sep 18 14:28:43 2026

* Version:        2025.2 (Build 6295257 on Nov 14 2025)
* Project:        prj
* Solution:       sol (Vivado IP Flow Target)
* Product family: zynquplus
* Target device:  xck26-sfvc784-2LV-c


================================================================
== Performance Estimates
================================================================
+ Timing: 
    * Summary: 
    +--------+----------+-----------+------------+
    |  Clock |  Target  | Estimated | Uncertainty|
    +--------+----------+-----------+------------+
    |ap_clk  |  20.41 ns|  12.757 ns|     5.51 ns|
    +--------+----------+-----------+------------+

+ Latency: 
    * Summary: 
    +---------+---------+-----------+-----------+-----+-----+-------------------+
    |  Latency (cycles) |   Latency (absolute)  |  Interval |      Pipeline     |
    |   min   |   max   |    min    |    max    | min | max |        Type       |
    +---------+---------+-----------+-----------+-----+-----+-------------------+
    |        4|     1924|  81.632 ns|  39.265 us|    0|    0|  loop pipeline stp|
    +---------+---------+-----------+-----------+-----+-----+-------------------+

    + Detail: 
        * Instance: 
        N/A

        * Loop: 
        +--------------------+---------+---------+----------+-----------+-----------+----------+----------+
        |                    |  Latency (cycles) | Iteration|  Initiation Interval  |   Trip   |          |
        |      Loop Name     |   min   |   max   |  Latency |  achieved |   target  |   Count  | Pipelined|
        +--------------------+---------+---------+----------+-----------+-----------+----------+----------+
        |- VITIS_LOOP_633_2  |        2|     1922|         3|          1|          1|  1 ~ 1921|       yes|
        +--------------------+---------+---------+----------+-----------+-----------+----------+----------+



================================================================
== Utilization Estimates
================================================================
* Summary: 
+-----------------+---------+------+--------+--------+-----+
|       Name      | BRAM_18K|  DSP |   FF   |   LUT  | URAM|
+-----------------+---------+------+--------+--------+-----+
|DSP              |        -|     -|       -|       -|    -|
|Expression       |        -|     -|       0|    1055|    -|
|FIFO             |        -|     -|       -|       -|    -|
|Instance         |        -|     -|       -|       -|    -|
|Memory           |        -|     -|       -|       -|    2|
|Multiplexer      |        -|     -|       0|     525|    -|
|Register         |        -|     -|     291|       -|    -|
+-----------------+---------+------+--------+--------+-----+
|Total            |        0|     0|     291|    1580|    2|
+-----------------+---------+------+--------+--------+-----+
|Available        |      288|  1248|  234240|  117120|   64|
+-----------------+---------+------+--------+--------+-----+
|Utilization (%)  |        0|     0|      ~0|       1|    3|
+-----------------+---------+------+--------+--------+-----+

+ Detail: 
    * Instance: 
    N/A

    * DSP: 
    N/A

    * Memory: 
    +----------------+-------------------------------------------------------------------------------+---------+---+----+-----+------+-----+------+-------------+
    |     Memory     |                                     Module                                    | BRAM_18K| FF| LUT| URAM| Words| Bits| Banks| W*Bits*Banks|
    +----------------+-------------------------------------------------------------------------------+---------+---+----+-----+------+-----+------+-------------+
    |lineBuffer_1_U  |DebayerRatBorBatR_Pipeline_VITIS_LOOP_633_2_lineBuffer_1_XPM_MEMORY_URAM_1R1W  |        0|  0|   0|    1|  1921|   30|     1|        57630|
    |lineBuffer_U    |DebayerRatBorBatR_Pipeline_VITIS_LOOP_633_2_lineBuffer_1_XPM_MEMORY_URAM_1R1W  |        0|  0|   0|    1|  1921|   30|     1|        57630|
    +----------------+-------------------------------------------------------------------------------+---------+---+----+-----+------+-----+------+-------------+
    |Total           |                                                                               |        0|  0|   0|    2|  3842|   60|     2|       115260|
    +----------------+-------------------------------------------------------------------------------+---------+---+----+-----+------+-----+------+-------------+

    * FIFO: 
    N/A

    * Expression: 
    +-----------------------------------+----------+----+---+----+------------+------------+
    |           Variable Name           | Operation| DSP| FF| LUT| Bitwidth P0| Bitwidth P1|
    +-----------------------------------+----------+----+---+----+------------+------------+
    |add_ln817_fu_1751_p2               |         +|   0|  0|  19|          12|          12|
    |add_ln820_1_fu_1831_p2             |         +|   0|  0|  19|          12|          12|
    |add_ln820_fu_1841_p2               |         +|   0|  0|  20|          13|          13|
    |x_5_fu_886_p2                      |         +|   0|  0|  18|          11|           1|
    |CV_fu_1899_p2                      |         -|   0|  0|  19|          12|          12|
    |sub_ln61_1_fu_1427_p2              |         -|   0|  0|  17|           1|          10|
    |sub_ln61_2_fu_1463_p2              |         -|   0|  0|  17|           1|          10|
    |sub_ln61_3_fu_1499_p2              |         -|   0|  0|  17|           1|          10|
    |sub_ln61_fu_1396_p2                |         -|   0|  0|  17|           1|          10|
    |sub_ln790_fu_1379_p2               |         -|   0|  0|  18|          11|          11|
    |sub_ln791_fu_1410_p2               |         -|   0|  0|  18|          11|          11|
    |sub_ln792_fu_1445_p2               |         -|   0|  0|  18|          11|          11|
    |sub_ln793_fu_1481_p2               |         -|   0|  0|  18|          11|          11|
    |sub_ln817_fu_1295_p2               |         -|   0|  0|  18|          11|          11|
    |sub_ln818_fu_1312_p2               |         -|   0|  0|  18|          11|          11|
    |sub_ln819_fu_1768_p2               |         -|   0|  0|  18|          11|          11|
    |sub_ln820_1_fu_1855_p2             |         -|   0|  0|  20|           1|          13|
    |sub_ln820_2_fu_1871_p2             |         -|   0|  0|  19|           1|          12|
    |sub_ln820_fu_1807_p2               |         -|   0|  0|  18|          11|          11|
    |and_ln817_fu_1725_p2               |       and|   0|  0|  11|          11|          11|
    |and_ln818_fu_1742_p2               |       and|   0|  0|  11|          11|          11|
    |and_ln819_fu_1782_p2               |       and|   0|  0|  11|          11|          11|
    |and_ln820_fu_1821_p2               |       and|   0|  0|  11|          11|          11|
    |and_ln833_fu_942_p2                |       and|   0|  0|   2|           1|           1|
    |ap_block_pp0                       |       and|   0|  0|   2|           1|           1|
    |ap_block_state2_pp0_stage0_iter1   |       and|   0|  0|   2|           1|           1|
    |ap_block_state3_pp0_stage0_iter2   |       and|   0|  0|   2|           1|           1|
    |ap_condition_1379                  |       and|   0|  0|   2|           1|           1|
    |ap_condition_259                   |       and|   0|  0|   2|           1|           1|
    |ap_enable_state1_pp0_iter0_stage0  |       and|   0|  0|   2|           1|           1|
    |ap_enable_state2_pp0_iter1_stage0  |       and|   0|  0|   2|           1|           1|
    |ap_predicate_op115_load_state2     |       and|   0|  0|   2|           1|           1|
    |ap_predicate_op123_read_state2     |       and|   0|  0|   2|           1|           1|
    |ap_predicate_op83_load_state1      |       and|   0|  0|   2|           1|           1|
    |enable_fu_1513_p2                  |      icmp|   0|  0|  17|          10|          10|
    |icmp_ln633_fu_880_p2               |      icmp|   0|  0|  18|          11|          11|
    |icmp_ln643_fu_902_p2               |      icmp|   0|  0|  18|          11|          11|
    |icmp_ln664_fu_785_p2               |      icmp|   0|  0|  18|          11|          11|
    |icmp_ln710_fu_908_p2               |      icmp|   0|  0|  18|          11|           1|
    |icmp_ln728_fu_791_p2               |      icmp|   0|  0|  18|          11|           1|
    |icmp_ln772_fu_930_p2               |      icmp|   0|  0|  22|          15|          15|
    |icmp_ln796_fu_1523_p2              |      icmp|   0|  0|  17|          10|          10|
    |icmp_ln797_fu_1549_p2              |      icmp|   0|  0|  17|          10|          10|
    |icmp_ln798_fu_1575_p2              |      icmp|   0|  0|  17|          10|          10|
    |icmp_ln799_fu_1601_p2              |      icmp|   0|  0|  17|          10|          10|
    |icmp_ln800_fu_1627_p2              |      icmp|   0|  0|  17|          10|          10|
    |icmp_ln827_fu_1939_p2              |      icmp|   0|  0|   9|           2|           1|
    |icmp_ln829_fu_1995_p2              |      icmp|   0|  0|   9|           2|           1|
    |icmp_ln833_fu_936_p2               |      icmp|   0|  0|  18|          11|           1|
    |red_fu_779_p2                      |      icmp|   0|  0|  22|          15|          15|
    |ap_block_pp0_stage0_01001          |        or|   0|  0|   2|           1|           1|
    |or_ln827_fu_1963_p2                |        or|   0|  0|   2|           1|           1|
    |or_ln829_fu_2019_p2                |        or|   0|  0|   2|           1|           1|
    |CH_fu_1364_p3                      |    select|   0|  0|  10|           1|          10|
    |agdiff_1_fu_1433_p3                |    select|   0|  0|  10|           1|          10|
    |agdiff_2_fu_1469_p3                |    select|   0|  0|  10|           1|          10|
    |agdiff_3_fu_1505_p3                |    select|   0|  0|  10|           1|          10|
    |agdiff_fu_1402_p3                  |    select|   0|  0|  10|           1|          10|
    |b_fu_1913_p3                       |    select|   0|  0|  11|           1|          12|
    |enable_1_fu_1537_p3                |    select|   0|  0|   2|           1|           2|
    |enable_3_fu_1563_p3                |    select|   0|  0|   3|           1|           3|
    |enable_4_fu_1589_p3                |    select|   0|  0|   4|           1|           4|
    |enable_6_fu_1615_p3                |    select|   0|  0|   5|           1|           5|
    |enable_7_fu_1641_p3                |    select|   0|  0|   6|           1|           6|
    |r_fu_1905_p3                       |    select|   0|  0|  11|           1|          12|
    |select_ln710_10_fu_1159_p3         |    select|   0|  0|  10|           1|          10|
    |select_ln710_11_fu_1167_p3         |    select|   0|  0|  10|           1|          10|
    |select_ln710_12_fu_1175_p3         |    select|   0|  0|  10|           1|          10|
    |select_ln710_13_fu_1183_p3         |    select|   0|  0|  10|           1|          10|
    |select_ln710_14_fu_1191_p3         |    select|   0|  0|  10|           1|          10|
    |select_ln710_1_fu_1088_p3          |    select|   0|  0|  10|           1|          10|
    |select_ln710_2_fu_1096_p3          |    select|   0|  0|  10|           1|          10|
    |select_ln710_3_fu_1103_p3          |    select|   0|  0|  10|           1|          10|
    |select_ln710_4_fu_1111_p3          |    select|   0|  0|  10|           1|          10|
    |select_ln710_5_fu_1119_p3          |    select|   0|  0|  10|           1|          10|
    |select_ln710_6_fu_1127_p3          |    select|   0|  0|  10|           1|          10|
    |select_ln710_7_fu_1135_p3          |    select|   0|  0|  10|           1|          10|
    |select_ln710_8_fu_1143_p3          |    select|   0|  0|  10|           1|          10|
    |select_ln710_9_fu_1151_p3          |    select|   0|  0|  10|           1|          10|
    |select_ln710_fu_1081_p3            |    select|   0|  0|  10|           1|          10|
    |select_ln728_1_fu_1206_p3          |    select|   0|  0|  10|           1|          10|
    |select_ln728_2_fu_1213_p3          |    select|   0|  0|  10|           1|          10|
    |select_ln728_fu_1199_p3            |    select|   0|  0|  10|           1|          10|
    |select_ln817_1_fu_1717_p3          |    select|   0|  0|   2|           1|           2|
    |select_ln817_fu_1284_p3            |    select|   0|  0|  10|           1|          10|
    |select_ln818_1_fu_1734_p3          |    select|   0|  0|   2|           1|           2|
    |select_ln818_fu_1301_p3            |    select|   0|  0|  10|           1|          10|
    |select_ln819_1_fu_1774_p3          |    select|   0|  0|   2|           1|           2|
    |select_ln819_fu_1757_p3            |    select|   0|  0|  10|           1|          10|
    |select_ln820_1_fu_1887_p3          |    select|   0|  0|  11|           1|          12|
    |select_ln820_2_fu_1813_p3          |    select|   0|  0|   2|           1|           2|
    |select_ln820_fu_1796_p3            |    select|   0|  0|  10|           1|          10|
    |select_ln827_1_fu_1955_p3          |    select|   0|  0|   2|           1|           2|
    |select_ln827_fu_1969_p3            |    select|   0|  0|  10|           1|          10|
    |select_ln829_1_fu_2011_p3          |    select|   0|  0|   2|           1|           2|
    |select_ln829_fu_2025_p3            |    select|   0|  0|  10|           1|          10|
    |ap_enable_pp0                      |       xor|   0|  0|   2|           1|           2|
    |xor_ln772_2_fu_914_p2              |       xor|   0|  0|   2|           1|           1|
    |xor_ln772_3_fu_920_p2              |       xor|   0|  0|   2|           1|           2|
    |xor_ln827_fu_1949_p2               |       xor|   0|  0|   2|           1|           2|
    |xor_ln829_fu_2005_p2               |       xor|   0|  0|   2|           1|           2|
    +-----------------------------------+----------+----+---+----+------------+------------+
    |Total                              |          |   0|  0|1055|         420|         756|
    +-----------------------------------+----------+----+---+----+------------+------------+

    * Multiplexer: 
    +------------------------------------------------+----+-----------+-----+-----------+
    |                      Name                      | LUT| Input Size| Bits| Total Bits|
    +------------------------------------------------+----+-----------+-----+-----------+
    |ap_done_int                                     |   9|          2|    1|          2|
    |ap_enable_reg_pp0_iter2                         |   9|          2|    1|          2|
    |ap_phi_mux_b_1_phi_fu_769_p4                    |  14|          3|   12|         36|
    |ap_phi_mux_downleft_1_phi_fu_529_p4             |  14|          3|   10|         30|
    |ap_phi_mux_downleft_2_phi_fu_520_p4             |  14|          3|   10|         30|
    |ap_phi_mux_downleft_phi_fu_538_p4               |  14|          3|   10|         30|
    |ap_phi_mux_en_rgd_1_phi_fu_708_p14              |  14|          3|    1|          3|
    |ap_phi_mux_en_rgd_2_phi_fu_682_p14              |  14|          3|    1|          3|
    |ap_phi_mux_en_rgd_3_phi_fu_656_p14              |  14|          3|    1|          3|
    |ap_phi_mux_en_rgd_phi_fu_734_p14                |  14|          3|    1|          3|
    |ap_phi_mux_p_0_0_09381423_i_phi_fu_611_p4       |  14|          3|   10|         30|
    |ap_phi_mux_p_0_0_0938_21453_i_phi_fu_547_p4     |  14|          3|   10|         30|
    |ap_phi_mux_p_0_0_0938_21501_ph_i_phi_fu_493_p4  |  14|          3|   10|         30|
    |ap_phi_mux_p_0_0_09391420_i_phi_fu_620_p4       |  14|          3|   10|         30|
    |ap_phi_mux_p_0_0_0939_21450_i_phi_fu_556_p4     |  14|          3|   10|         30|
    |ap_phi_mux_p_0_0_0939_21499_ph_i_phi_fu_502_p4  |  14|          3|   10|         30|
    |ap_phi_mux_p_0_0_09401417_i_phi_fu_629_p4       |  14|          3|   10|         30|
    |ap_phi_mux_p_0_0_0940_21447_i_phi_fu_565_p4     |  14|          3|   10|         30|
    |ap_phi_mux_p_0_0_0940_21497_ph_i_phi_fu_511_p4  |  14|          3|   10|         30|
    |ap_phi_mux_r_1_phi_fu_760_p4                    |  14|          3|   12|         36|
    |ap_phi_mux_upleft_1_phi_fu_593_p4               |  14|          3|   10|         30|
    |ap_phi_mux_upleft_2_phi_fu_584_p4               |  14|          3|   10|         30|
    |ap_phi_mux_upleft_phi_fu_602_p4                 |  14|          3|   10|         30|
    |ap_phi_reg_pp0_iter2_pix_4_reg_635              |  14|          3|   10|         30|
    |ap_phi_reg_pp0_iter2_pix_reg_644                |  14|          3|   10|         30|
    |ap_sig_allocacmp_z                              |   9|          2|   11|         22|
    |imgG_blk_n                                      |   9|          2|    1|          2|
    |imgRB_blk_n                                     |   9|          2|    1|          2|
    |p_0_0_09381422_i_fu_280                         |   9|          2|   10|         20|
    |p_0_0_0938_115131524_i_fu_256                   |   9|          2|   10|         20|
    |p_0_0_0938_21452_i_fu_292                       |   9|          2|   10|         20|
    |p_0_0_09391419_i_fu_276                         |   9|          2|   10|         20|
    |p_0_0_0939_115111522_i_fu_252                   |   9|          2|   10|         20|
    |p_0_0_0939_21449_i_fu_288                       |   9|          2|   10|         20|
    |p_0_0_09401416_i_fu_272                         |   9|          2|   10|         20|
    |p_0_0_0940_115091520_i_fu_248                   |   9|          2|   10|         20|
    |p_0_0_0940_21446_i_fu_284                       |   9|          2|   10|         20|
    |p_0_0_0_0_09071527_i_fu_260                     |   9|          2|   10|         20|
    |p_0_0_0_0_09131515_i_fu_236                     |   9|          2|   10|         20|
    |p_0_1_0_0_09081529_i_fu_264                     |   9|          2|   10|         20|
    |p_0_1_0_0_09141517_i_fu_240                     |   9|          2|   10|         20|
    |p_0_2_0_0_09091531_i_fu_268                     |   9|          2|   10|         20|
    |p_0_2_0_0_09151519_i_fu_244                     |   9|          2|   10|         20|
    |pix_3_reg_571                                   |  14|          3|   10|         30|
    |x_fu_232                                        |   9|          2|   11|         22|
    +------------------------------------------------+----+-----------+-----+-----------+
    |Total                                           | 525|        114|  384|        976|
    +------------------------------------------------+----+-----------+-----+-----------+

    * Register: 
    +------------------------------------+----+----+-----+-----------+
    |                Name                | FF | LUT| Bits| Const Bits|
    +------------------------------------+----+----+-----+-----------+
    |and_ln833_reg_2317                  |   1|   0|    1|          0|
    |and_ln833_reg_2317_pp0_iter1_reg    |   1|   0|    1|          0|
    |ap_CS_fsm                           |   1|   0|    1|          0|
    |ap_done_reg                         |   1|   0|    1|          0|
    |ap_enable_reg_pp0_iter1             |   1|   0|    1|          0|
    |ap_enable_reg_pp0_iter2             |   1|   0|    1|          0|
    |ap_loop_exit_ready_pp0_iter1_reg    |   1|   0|    1|          0|
    |ap_phi_reg_pp0_iter1_pix_4_reg_635  |  10|   0|   10|          0|
    |ap_phi_reg_pp0_iter1_pix_reg_644    |  10|   0|   10|          0|
    |ap_phi_reg_pp0_iter2_pix_4_reg_635  |  10|   0|   10|          0|
    |ap_phi_reg_pp0_iter2_pix_reg_644    |  10|   0|   10|          0|
    |icmp_ln633_reg_2274                 |   1|   0|    1|          0|
    |icmp_ln633_reg_2274_pp0_iter1_reg   |   1|   0|    1|          0|
    |icmp_ln643_reg_2278                 |   1|   0|    1|          0|
    |icmp_ln664_reg_2263                 |   1|   0|    1|          0|
    |icmp_ln710_reg_2294                 |   1|   0|    1|          0|
    |icmp_ln728_reg_2267                 |   1|   0|    1|          0|
    |icmp_ln772_reg_2313                 |   1|   0|    1|          0|
    |icmp_ln772_reg_2313_pp0_iter1_reg   |   1|   0|    1|          0|
    |lineBuffer_1_addr_reg_2288          |  11|   0|   11|          0|
    |lineBuffer_addr_reg_2282            |  11|   0|   11|          0|
    |p_0_0_09381422_i_fu_280             |  10|   0|   10|          0|
    |p_0_0_0938_115131524_i_fu_256       |  10|   0|   10|          0|
    |p_0_0_0938_21452_i_fu_292           |  10|   0|   10|          0|
    |p_0_0_09391419_i_fu_276             |  10|   0|   10|          0|
    |p_0_0_0939_115111522_i_fu_252       |  10|   0|   10|          0|
    |p_0_0_0939_21449_i_fu_288           |  10|   0|   10|          0|
    |p_0_0_09401416_i_fu_272             |  10|   0|   10|          0|
    |p_0_0_0940_115091520_i_fu_248       |  10|   0|   10|          0|
    |p_0_0_0940_21446_i_fu_284           |  10|   0|   10|          0|
    |p_0_0_0_0_09071527_i_fu_260         |  10|   0|   10|          0|
    |p_0_0_0_0_09131515_i_fu_236         |  10|   0|   10|          0|
    |p_0_1_0_0_09081529_i_fu_264         |  10|   0|   10|          0|
    |p_0_1_0_0_09141517_i_fu_240         |  10|   0|   10|          0|
    |p_0_2_0_0_09091531_i_fu_268         |  10|   0|   10|          0|
    |p_0_2_0_0_09151519_i_fu_244         |  10|   0|   10|          0|
    |pix_3_reg_571                       |  10|   0|   10|          0|
    |red_reg_2252                        |   1|   0|    1|          0|
    |sub_ln817_reg_2351                  |  11|   0|   11|          0|
    |sub_ln818_reg_2356                  |  11|   0|   11|          0|
    |x_fu_232                            |  11|   0|   11|          0|
    |zext_ln790_1_reg_2341               |  10|   0|   11|          1|
    |zext_ln791_reg_2346                 |  10|   0|   11|          1|
    +------------------------------------+----+----+-----+-----------+
    |Total                               | 291|   0|  293|          2|
    +------------------------------------+----+----+-----+-----------+



================================================================
== Interface
================================================================
* Summary: 
+-----------------------------------+-----+-----+------------+---------------------------------------------+--------------+
|             RTL Ports             | Dir | Bits|  Protocol  |                Source Object                |    C Type    |
+-----------------------------------+-----+-----+------------+---------------------------------------------+--------------+
|ap_clk                             |   in|    1|  ap_ctrl_hs|  DebayerRatBorBatR_Pipeline_VITIS_LOOP_633_2|  return value|
|ap_rst                             |   in|    1|  ap_ctrl_hs|  DebayerRatBorBatR_Pipeline_VITIS_LOOP_633_2|  return value|
|ap_start                           |   in|    1|  ap_ctrl_hs|  DebayerRatBorBatR_Pipeline_VITIS_LOOP_633_2|  return value|
|ap_done                            |  out|    1|  ap_ctrl_hs|  DebayerRatBorBatR_Pipeline_VITIS_LOOP_633_2|  return value|
|ap_idle                            |  out|    1|  ap_ctrl_hs|  DebayerRatBorBatR_Pipeline_VITIS_LOOP_633_2|  return value|
|ap_ready                           |  out|    1|  ap_ctrl_hs|  DebayerRatBorBatR_Pipeline_VITIS_LOOP_633_2|  return value|
|imgG_dout                          |   in|   30|     ap_fifo|                                         imgG|       pointer|
|imgG_empty_n                       |   in|    1|     ap_fifo|                                         imgG|       pointer|
|imgG_read                          |  out|    1|     ap_fifo|                                         imgG|       pointer|
|imgG_num_data_valid                |   in|    3|     ap_fifo|                                         imgG|       pointer|
|imgG_fifo_cap                      |   in|    3|     ap_fifo|                                         imgG|       pointer|
|imgRB_din                          |  out|   30|     ap_fifo|                                        imgRB|       pointer|
|imgRB_full_n                       |   in|    1|     ap_fifo|                                        imgRB|       pointer|
|imgRB_write                        |  out|    1|     ap_fifo|                                        imgRB|       pointer|
|imgRB_num_data_valid               |   in|   32|     ap_fifo|                                        imgRB|       pointer|
|imgRB_fifo_cap                     |   in|   32|     ap_fifo|                                        imgRB|       pointer|
|p_0_2_0_0_09091530_lcssa1567_i     |   in|   10|     ap_none|               p_0_2_0_0_09091530_lcssa1567_i|        scalar|
|p_0_1_0_0_09081528_lcssa1565_i     |   in|   10|     ap_none|               p_0_1_0_0_09081528_lcssa1565_i|        scalar|
|p_0_0_0_0_09071526_lcssa1563_i     |   in|   10|     ap_none|               p_0_0_0_0_09071526_lcssa1563_i|        scalar|
|p_0_0_0938_115131525_lcssa1561_i   |   in|   10|     ap_none|             p_0_0_0938_115131525_lcssa1561_i|        scalar|
|p_0_0_0939_115111523_lcssa1559_i   |   in|   10|     ap_none|             p_0_0_0939_115111523_lcssa1559_i|        scalar|
|p_0_0_0940_115091521_lcssa1557_i   |   in|   10|     ap_none|             p_0_0_0940_115091521_lcssa1557_i|        scalar|
|p_0_2_0_0_09151518_lcssa1555_i     |   in|   10|     ap_none|               p_0_2_0_0_09151518_lcssa1555_i|        scalar|
|p_0_1_0_0_09141516_lcssa1553_i     |   in|   10|     ap_none|               p_0_1_0_0_09141516_lcssa1553_i|        scalar|
|p_0_0_0_0_09131514_lcssa1551_i     |   in|   10|     ap_none|               p_0_0_0_0_09131514_lcssa1551_i|        scalar|
|p_0_0_0938_21453_lcssa1485_i       |   in|   10|     ap_none|                 p_0_0_0938_21453_lcssa1485_i|        scalar|
|p_0_0_0939_21450_lcssa1483_i       |   in|   10|     ap_none|                 p_0_0_0939_21450_lcssa1483_i|        scalar|
|p_0_0_0940_21447_lcssa1481_i       |   in|   10|     ap_none|                 p_0_0_0940_21447_lcssa1481_i|        scalar|
|p_0_0_09381423_lcssa1473_i         |   in|   10|     ap_none|                   p_0_0_09381423_lcssa1473_i|        scalar|
|p_0_0_09391420_lcssa1471_i         |   in|   10|     ap_none|                   p_0_0_09391420_lcssa1471_i|        scalar|
|p_0_0_09401417_lcssa1469_i         |   in|   10|     ap_none|                   p_0_0_09401417_lcssa1469_i|        scalar|
|xor_ln772                          |   in|    1|     ap_none|                                    xor_ln772|        scalar|
|trunc_ln                           |   in|   15|     ap_none|                                     trunc_ln|        scalar|
|y                                  |   in|   11|     ap_none|                                            y|        scalar|
|height_val4_load                   |   in|   11|     ap_none|                             height_val4_load|        scalar|
|loopWidth                          |   in|   11|     ap_none|                                    loopWidth|        scalar|
|empty                              |   in|    1|     ap_none|                                        empty|        scalar|
|xor_ln772_1                        |   in|   15|     ap_none|                                  xor_ln772_1|        scalar|
|width_val8_load                    |   in|   11|     ap_none|                              width_val8_load|        scalar|
|p_0_2_0_0_09091531_i_out           |  out|   10|      ap_vld|                     p_0_2_0_0_09091531_i_out|       pointer|
|p_0_2_0_0_09091531_i_out_ap_vld    |  out|    1|      ap_vld|                     p_0_2_0_0_09091531_i_out|       pointer|
|p_0_1_0_0_09081529_i_out           |  out|   10|      ap_vld|                     p_0_1_0_0_09081529_i_out|       pointer|
|p_0_1_0_0_09081529_i_out_ap_vld    |  out|    1|      ap_vld|                     p_0_1_0_0_09081529_i_out|       pointer|
|p_0_0_0_0_09071527_i_out           |  out|   10|      ap_vld|                     p_0_0_0_0_09071527_i_out|       pointer|
|p_0_0_0_0_09071527_i_out_ap_vld    |  out|    1|      ap_vld|                     p_0_0_0_0_09071527_i_out|       pointer|
|p_0_0_0938_115131524_i_out         |  out|   10|      ap_vld|                   p_0_0_0938_115131524_i_out|       pointer|
|p_0_0_0938_115131524_i_out_ap_vld  |  out|    1|      ap_vld|                   p_0_0_0938_115131524_i_out|       pointer|
|p_0_0_0939_115111522_i_out         |  out|   10|      ap_vld|                   p_0_0_0939_115111522_i_out|       pointer|
|p_0_0_0939_115111522_i_out_ap_vld  |  out|    1|      ap_vld|                   p_0_0_0939_115111522_i_out|       pointer|
|p_0_0_0940_115091520_i_out         |  out|   10|      ap_vld|                   p_0_0_0940_115091520_i_out|       pointer|
|p_0_0_0940_115091520_i_out_ap_vld  |  out|    1|      ap_vld|                   p_0_0_0940_115091520_i_out|       pointer|
|p_0_2_0_0_09151519_i_out           |  out|   10|      ap_vld|                     p_0_2_0_0_09151519_i_out|       pointer|
|p_0_2_0_0_09151519_i_out_ap_vld    |  out|    1|      ap_vld|                     p_0_2_0_0_09151519_i_out|       pointer|
|p_0_1_0_0_09141517_i_out           |  out|   10|      ap_vld|                     p_0_1_0_0_09141517_i_out|       pointer|
|p_0_1_0_0_09141517_i_out_ap_vld    |  out|    1|      ap_vld|                     p_0_1_0_0_09141517_i_out|       pointer|
|p_0_0_0_0_09131515_i_out           |  out|   10|      ap_vld|                     p_0_0_0_0_09131515_i_out|       pointer|
|p_0_0_0_0_09131515_i_out_ap_vld    |  out|    1|      ap_vld|                     p_0_0_0_0_09131515_i_out|       pointer|
|p_0_0_0938_21452_i_out             |  out|   10|      ap_vld|                       p_0_0_0938_21452_i_out|       pointer|
|p_0_0_0938_21452_i_out_ap_vld      |  out|    1|      ap_vld|                       p_0_0_0938_21452_i_out|       pointer|
|p_0_0_0939_21449_i_out             |  out|   10|      ap_vld|                       p_0_0_0939_21449_i_out|       pointer|
|p_0_0_0939_21449_i_out_ap_vld      |  out|    1|      ap_vld|                       p_0_0_0939_21449_i_out|       pointer|
|p_0_0_0940_21446_i_out             |  out|   10|      ap_vld|                       p_0_0_0940_21446_i_out|       pointer|
|p_0_0_0940_21446_i_out_ap_vld      |  out|    1|      ap_vld|                       p_0_0_0940_21446_i_out|       pointer|
|p_0_0_09381422_i_out               |  out|   10|      ap_vld|                         p_0_0_09381422_i_out|       pointer|
|p_0_0_09381422_i_out_ap_vld        |  out|    1|      ap_vld|                         p_0_0_09381422_i_out|       pointer|
|p_0_0_09391419_i_out               |  out|   10|      ap_vld|                         p_0_0_09391419_i_out|       pointer|
|p_0_0_09391419_i_out_ap_vld        |  out|    1|      ap_vld|                         p_0_0_09391419_i_out|       pointer|
|p_0_0_09401416_i_out               |  out|   10|      ap_vld|                         p_0_0_09401416_i_out|       pointer|
|p_0_0_09401416_i_out_ap_vld        |  out|    1|      ap_vld|                         p_0_0_09401416_i_out|       pointer|
+-----------------------------------+-----+-----+------------+---------------------------------------------+--------------+

