

================================================================
== Vitis HLS Report for 'ZipperRemoval_Pipeline_VITIS_LOOP_1101_2'
================================================================
* Date:           Fri Sep 18 14:28:43 2026

* Version:        2025.2 (Build 6295257 on Nov 14 2025)
* Project:        prj
* Solution:       sol (Vivado IP Flow Target)
* Product family: zynquplus
* Target device:  xck26-sfvc784-2LV-c


================================================================
== Performance Estimates
================================================================
+ Timing: 
    * Summary: 
    +--------+----------+----------+------------+
    |  Clock |  Target  | Estimated| Uncertainty|
    +--------+----------+----------+------------+
    |ap_clk  |  20.41 ns|  5.026 ns|     5.51 ns|
    +--------+----------+----------+------------+

+ Latency: 
    * Summary: 
    +---------+---------+-----------+----------+-----+-----+-------------------+
    |  Latency (cycles) |  Latency (absolute)  |  Interval |      Pipeline     |
    |   min   |   max   |    min    |    max   | min | max |        Type       |
    +---------+---------+-----------+----------+-----+-----+-------------------+
    |        4|    65539|  81.632 ns|  1.338 ms|    0|    0|  loop pipeline stp|
    +---------+---------+-----------+----------+-----+-----+-------------------+

    + Detail: 
        * Instance: 
        N/A

        * Loop: 
        +---------------------+---------+---------+----------+-----------+-----------+-----------+----------+
        |                     |  Latency (cycles) | Iteration|  Initiation Interval  |    Trip   |          |
        |      Loop Name      |   min   |   max   |  Latency |  achieved |   target  |   Count   | Pipelined|
        +---------------------+---------+---------+----------+-----------+-----------+-----------+----------+
        |- VITIS_LOOP_1101_2  |        2|    65537|         3|          1|          1|  1 ~ 65536|       yes|
        +---------------------+---------+---------+----------+-----------+-----------+-----------+----------+



================================================================
== Utilization Estimates
================================================================
* Summary: 
+-----------------+---------+------+--------+--------+-----+
|       Name      | BRAM_18K|  DSP |   FF   |   LUT  | URAM|
+-----------------+---------+------+--------+--------+-----+
|DSP              |        -|     -|       -|       -|    -|
|Expression       |        -|     -|       0|     373|    -|
|FIFO             |        -|     -|       -|       -|    -|
|Instance         |        -|     -|       -|       -|    -|
|Memory           |        -|     -|       -|       -|    -|
|Multiplexer      |        -|     -|       0|     140|    -|
|Register         |        -|     -|      94|       -|    -|
+-----------------+---------+------+--------+--------+-----+
|Total            |        0|     0|      94|     513|    0|
+-----------------+---------+------+--------+--------+-----+
|Available        |      288|  1248|  234240|  117120|   64|
+-----------------+---------+------+--------+--------+-----+
|Utilization (%)  |        0|     0|      ~0|      ~0|    0|
+-----------------+---------+------+--------+--------+-----+

+ Detail: 
    * Instance: 
    N/A

    * DSP: 
    N/A

    * Memory: 
    N/A

    * FIFO: 
    N/A

    * Expression: 
    +---------------------------------------+----------+----+---+----+------------+------------+
    |             Variable Name             | Operation| DSP| FF| LUT| Bitwidth P0| Bitwidth P1|
    +---------------------------------------+----------+----+---+----+------------+------------+
    |add_ln1129_1_fu_395_p2                 |         +|   0|  0|  18|          10|          10|
    |add_ln1129_fu_385_p2                   |         +|   0|  0|  16|           9|           9|
    |add_ln1147_1_fu_494_p2                 |         +|   0|  0|  19|          12|          12|
    |add_ln1147_fu_484_p2                   |         +|   0|  0|  18|          11|          11|
    |add_ln1148_1_fu_539_p2                 |         +|   0|  0|  19|          12|          12|
    |add_ln1148_fu_529_p2                   |         +|   0|  0|  18|          11|          11|
    |add_ln1149_1_fu_584_p2                 |         +|   0|  0|  19|          12|          12|
    |add_ln1149_fu_574_p2                   |         +|   0|  0|  18|          11|          11|
    |lum_fu_401_p2                          |         +|   0|  0|  18|          10|          10|
    |x_2_fu_223_p2                          |         +|   0|  0|  24|          17|           1|
    |and_ln1144_1_fu_459_p2                 |       and|   0|  0|   2|           1|           1|
    |and_ln1144_fu_435_p2                   |       and|   0|  0|   2|           1|           1|
    |ap_block_state2_pp0_stage0_iter1_grp1  |       and|   0|  0|   2|           1|           1|
    |ap_block_state3_pp0_stage0_iter2_grp1  |       and|   0|  0|   2|           1|           1|
    |ap_condition_517                       |       and|   0|  0|   2|           1|           1|
    |ap_predicate_op39_read_state2          |       and|   0|  0|   2|           1|           1|
    |icmp_ln1101_fu_217_p2                  |      icmp|   0|  0|  24|          17|          17|
    |icmp_ln1107_fu_229_p2                  |      icmp|   0|  0|  24|          17|          17|
    |icmp_ln1144_1_fu_423_p2                |      icmp|   0|  0|  14|           7|           7|
    |icmp_ln1144_2_fu_441_p2                |      icmp|   0|  0|  17|          10|          10|
    |icmp_ln1144_3_fu_453_p2                |      icmp|   0|  0|  14|           7|           7|
    |icmp_ln1144_fu_417_p2                  |      icmp|   0|  0|  17|          10|          10|
    |icmp_ln1159_fu_235_p2                  |      icmp|   0|  0|  24|          17|           1|
    |ap_block_pp0_stage0_01001_grp1         |        or|   0|  0|   2|           1|           1|
    |or_ln1144_fu_600_p2                    |        or|   0|  0|   2|           1|           1|
    |conv3_i_i188717_fu_620_p3              |    select|   0|  0|  10|           1|          10|
    |conv3_i_i719_fu_606_p3                 |    select|   0|  0|  10|           1|          10|
    |conv3_i_i79718_fu_613_p3               |    select|   0|  0|  10|           1|          10|
    |ap_enable_pp0                          |       xor|   0|  0|   2|           1|           2|
    |xor_ln1144_1_fu_447_p2                 |       xor|   0|  0|   2|           1|           2|
    |xor_ln1144_fu_429_p2                   |       xor|   0|  0|   2|           1|           2|
    +---------------------------------------+----------+----+---+----+------------+------------+
    |Total                                  |          |   0|  0| 373|         214|         212|
    +---------------------------------------+----------+----+---+----+------------+------------+

    * Multiplexer: 
    +-------------------------+----+-----------+-----+-----------+
    |           Name          | LUT| Input Size| Bits| Total Bits|
    +-------------------------+----+-----------+-----+-----------+
    |ap_done_int              |   9|          2|    1|          2|
    |ap_enable_reg_pp0_iter2  |   9|          2|    1|          2|
    |ap_sig_allocacmp_x_1     |   9|          2|   17|         34|
    |imgRgb_blk_n             |   9|          2|    1|          2|
    |imgUnzip_blk_n           |   9|          2|    1|          2|
    |p_0_0_0504_1709_out_o    |   9|          2|   10|         20|
    |p_0_0_0504_1715_fu_126   |   9|          2|   10|         20|
    |p_0_0_0505_1708_out_o    |   9|          2|   10|         20|
    |p_0_0_0505_1713_fu_122   |   9|          2|   10|         20|
    |p_0_0_0506_1707_out_o    |   9|          2|   10|         20|
    |p_0_0_0506_1711_fu_118   |   9|          2|   10|         20|
    |p_0_0_0507_1706_out_o    |   9|          2|   10|         20|
    |p_0_0_0507_1710_fu_114   |   9|          2|    7|         14|
    |phi_ln1132_out           |  14|          3|    7|         21|
    |x_fu_110                 |   9|          2|   17|         34|
    +-------------------------+----+-----------+-----+-----------+
    |Total                    | 140|         31|  122|        251|
    +-------------------------+----+-----------+-----+-----------+

    * Register: 
    +-------------------------------------------+----+----+-----+-----------+
    |                    Name                   | FF | LUT| Bits| Const Bits|
    +-------------------------------------------+----+----+-----+-----------+
    |ap_CS_fsm                                  |   1|   0|    1|          0|
    |ap_block_pp0_stage0_subdone_grp0_done_reg  |   1|   0|    1|          0|
    |ap_done_reg                                |   1|   0|    1|          0|
    |ap_enable_reg_pp0_iter1                    |   1|   0|    1|          0|
    |ap_enable_reg_pp0_iter2                    |   1|   0|    1|          0|
    |ap_loop_exit_ready_pp0_iter1_reg           |   1|   0|    1|          0|
    |icmp_ln1101_reg_727                        |   1|   0|    1|          0|
    |icmp_ln1107_reg_731                        |   1|   0|    1|          0|
    |icmp_ln1159_reg_735                        |   1|   0|    1|          0|
    |icmp_ln1159_reg_735_pp0_iter1_reg          |   1|   0|    1|          0|
    |p_0_0_0504_1715_fu_126                     |  10|   0|   10|          0|
    |p_0_0_0504_1715_load_reg_753               |  10|   0|   10|          0|
    |p_0_0_0505_1713_fu_122                     |  10|   0|   10|          0|
    |p_0_0_0505_1713_load_reg_746               |  10|   0|   10|          0|
    |p_0_0_0506_1711_fu_118                     |  10|   0|   10|          0|
    |p_0_0_0506_1711_load_reg_739               |  10|   0|   10|          0|
    |p_0_0_0507_1710_fu_114                     |   7|   0|    7|          0|
    |x_fu_110                                   |  17|   0|   17|          0|
    +-------------------------------------------+----+----+-----+-----------+
    |Total                                      |  94|   0|   94|          0|
    +-------------------------------------------+----+----+-----+-----------+



================================================================
== Interface
================================================================
* Summary: 
+------------------------------+-----+-----+------------+------------------------------------------+--------------+
|           RTL Ports          | Dir | Bits|  Protocol  |               Source Object              |    C Type    |
+------------------------------+-----+-----+------------+------------------------------------------+--------------+
|ap_clk                        |   in|    1|  ap_ctrl_hs|  ZipperRemoval_Pipeline_VITIS_LOOP_1101_2|  return value|
|ap_rst                        |   in|    1|  ap_ctrl_hs|  ZipperRemoval_Pipeline_VITIS_LOOP_1101_2|  return value|
|ap_start                      |   in|    1|  ap_ctrl_hs|  ZipperRemoval_Pipeline_VITIS_LOOP_1101_2|  return value|
|ap_done                       |  out|    1|  ap_ctrl_hs|  ZipperRemoval_Pipeline_VITIS_LOOP_1101_2|  return value|
|ap_idle                       |  out|    1|  ap_ctrl_hs|  ZipperRemoval_Pipeline_VITIS_LOOP_1101_2|  return value|
|ap_ready                      |  out|    1|  ap_ctrl_hs|  ZipperRemoval_Pipeline_VITIS_LOOP_1101_2|  return value|
|imgRgb_dout                   |   in|   30|     ap_fifo|                                    imgRgb|       pointer|
|imgRgb_empty_n                |   in|    1|     ap_fifo|                                    imgRgb|       pointer|
|imgRgb_read                   |  out|    1|     ap_fifo|                                    imgRgb|       pointer|
|imgRgb_num_data_valid         |   in|    3|     ap_fifo|                                    imgRgb|       pointer|
|imgRgb_fifo_cap               |   in|    3|     ap_fifo|                                    imgRgb|       pointer|
|imgUnzip_din                  |  out|   30|     ap_fifo|                                  imgUnzip|       pointer|
|imgUnzip_full_n               |   in|    1|     ap_fifo|                                  imgUnzip|       pointer|
|imgUnzip_write                |  out|    1|     ap_fifo|                                  imgUnzip|       pointer|
|imgUnzip_num_data_valid       |   in|   32|     ap_fifo|                                  imgUnzip|       pointer|
|imgUnzip_fifo_cap             |   in|   32|     ap_fifo|                                  imgUnzip|       pointer|
|p_0_0_0501703_lcssa716741     |   in|   10|     ap_none|                 p_0_0_0501703_lcssa716741|        scalar|
|p_0_0_0502701_lcssa714739     |   in|   10|     ap_none|                 p_0_0_0502701_lcssa714739|        scalar|
|p_0_0_0503705_lcssa712737     |   in|   10|     ap_none|                 p_0_0_0503705_lcssa712737|        scalar|
|conv2_i_i_lcssa735            |   in|    7|     ap_none|                        conv2_i_i_lcssa735|        scalar|
|width_val                     |   in|   16|   ap_stable|                                 width_val|        scalar|
|loopWidth                     |   in|   17|   ap_stable|                                 loopWidth|        scalar|
|p_0_0_0504_1715_out           |  out|   10|      ap_vld|                       p_0_0_0504_1715_out|       pointer|
|p_0_0_0504_1715_out_ap_vld    |  out|    1|      ap_vld|                       p_0_0_0504_1715_out|       pointer|
|p_0_0_0505_1713_out           |  out|   10|      ap_vld|                       p_0_0_0505_1713_out|       pointer|
|p_0_0_0505_1713_out_ap_vld    |  out|    1|      ap_vld|                       p_0_0_0505_1713_out|       pointer|
|p_0_0_0506_1711_out           |  out|   10|      ap_vld|                       p_0_0_0506_1711_out|       pointer|
|p_0_0_0506_1711_out_ap_vld    |  out|    1|      ap_vld|                       p_0_0_0506_1711_out|       pointer|
|p_0_0_0504_1709_out_i         |   in|   10|     ap_ovld|                       p_0_0_0504_1709_out|       pointer|
|p_0_0_0504_1709_out_o         |  out|   10|     ap_ovld|                       p_0_0_0504_1709_out|       pointer|
|p_0_0_0504_1709_out_o_ap_vld  |  out|    1|     ap_ovld|                       p_0_0_0504_1709_out|       pointer|
|p_0_0_0505_1708_out_i         |   in|   10|     ap_ovld|                       p_0_0_0505_1708_out|       pointer|
|p_0_0_0505_1708_out_o         |  out|   10|     ap_ovld|                       p_0_0_0505_1708_out|       pointer|
|p_0_0_0505_1708_out_o_ap_vld  |  out|    1|     ap_ovld|                       p_0_0_0505_1708_out|       pointer|
|p_0_0_0506_1707_out_i         |   in|   10|     ap_ovld|                       p_0_0_0506_1707_out|       pointer|
|p_0_0_0506_1707_out_o         |  out|   10|     ap_ovld|                       p_0_0_0506_1707_out|       pointer|
|p_0_0_0506_1707_out_o_ap_vld  |  out|    1|     ap_ovld|                       p_0_0_0506_1707_out|       pointer|
|p_0_0_0507_1706_out_i         |   in|   10|     ap_ovld|                       p_0_0_0507_1706_out|       pointer|
|p_0_0_0507_1706_out_o         |  out|   10|     ap_ovld|                       p_0_0_0507_1706_out|       pointer|
|p_0_0_0507_1706_out_o_ap_vld  |  out|    1|     ap_ovld|                       p_0_0_0507_1706_out|       pointer|
|phi_ln1132_out                |  out|    7|      ap_vld|                            phi_ln1132_out|       pointer|
|phi_ln1132_out_ap_vld         |  out|    1|      ap_vld|                            phi_ln1132_out|       pointer|
+------------------------------+-----+-----+------------+------------------------------------------+--------------+

