Copyright 1986-2022 Xilinx, Inc. All Rights Reserved. Copyright 2022-2025 Advanced Micro Devices, Inc. All Rights Reserved.
---------------------------------------------------------------------------------------------------------------------------------------------
| Tool Version : Vivado v.2025.2 (lin64) Build 6299465 Fri Nov 14 12:34:56 MST 2025
| Date         : Fri Sep 18 17:44:22 2026
| Host         : alen-HP-Pavilion-Laptop-14-ec0xxx running 64-bit Ubuntu 24.04.5 LTS
| Command      : report_utilization -file video_pipe_hw_wrapper_utilization_placed.rpt -pb video_pipe_hw_wrapper_utilization_placed.pb
| Design       : video_pipe_hw_wrapper
| Device       : xck26-sfvc784-2LV-c
| Speed File   : -2LV
| Design State : Fully Placed
---------------------------------------------------------------------------------------------------------------------------------------------

Utilization Design Information

Table of Contents
-----------------
1. CLB Logic
1.1 Summary of Registers by Type
2. CLB Logic Distribution
3. BLOCKRAM
4. ARITHMETIC
5. I/O
6. CLOCK
7. ADVANCED
8. CONFIGURATION
9. Primitives
10. Black Boxes
11. Instantiated Netlists

1. CLB Logic
------------

+----------------------------+-------+-------+------------+-----------+-------+
|          Site Type         |  Used | Fixed | Prohibited | Available | Util% |
+----------------------------+-------+-------+------------+-----------+-------+
| CLB LUTs                   | 16596 |     0 |          0 |    117120 | 14.17 |
|   LUT as Logic             | 15352 |     0 |          0 |    117120 | 13.11 |
|   LUT as Memory            |  1244 |     0 |          0 |     57600 |  2.16 |
|     LUT as Distributed RAM |   620 |     0 |            |           |       |
|     LUT as Shift Register  |   624 |     0 |            |           |       |
| CLB Registers              | 24264 |     0 |          0 |    234240 | 10.36 |
|   Register as Flip Flop    | 24264 |     0 |          0 |    234240 | 10.36 |
|   Register as Latch        |     0 |     0 |          0 |    234240 |  0.00 |
| CARRY8                     |   403 |     0 |          0 |     14640 |  2.75 |
| F7 Muxes                   |   306 |     0 |          0 |     58560 |  0.52 |
| F8 Muxes                   |    36 |     0 |          0 |     29280 |  0.12 |
| F9 Muxes                   |     0 |     0 |          0 |     14640 |  0.00 |
| Unique Control Sets        |  1085 |       |          0 |     29280 |  3.71 |
+----------------------------+-------+-------+------------+-----------+-------+
* Warning! LUT value is adjusted to account for LUT combining.
** Note: Available Control Sets calculated as Slices * 2, Review the Control Sets Report for more information regarding control sets.


1.1 Summary of Registers by Type
--------------------------------

+-------+--------------+-------------+--------------+
| Total | Clock Enable | Synchronous | Asynchronous |
+-------+--------------+-------------+--------------+
| 0     |            _ |           - |            - |
| 0     |            _ |           - |          Set |
| 0     |            _ |           - |        Reset |
| 0     |            _ |         Set |            - |
| 0     |            _ |       Reset |            - |
| 0     |          Yes |           - |            - |
| 82    |          Yes |           - |          Set |
| 454   |          Yes |           - |        Reset |
| 721   |          Yes |         Set |            - |
| 23007 |          Yes |       Reset |            - |
+-------+--------------+-------------+--------------+


2. CLB Logic Distribution
-------------------------

+--------------------------------------------+-------+-------+------------+-----------+-------+
|                  Site Type                 |  Used | Fixed | Prohibited | Available | Util% |
+--------------------------------------------+-------+-------+------------+-----------+-------+
| CLB                                        |  3815 |     0 |          0 |     14640 | 26.06 |
|   CLBL                                     |  1689 |     0 |            |           |       |
|   CLBM                                     |  2126 |     0 |            |           |       |
| LUT as Logic                               | 15352 |     0 |          0 |    117120 | 13.11 |
|   using O5 output only                     |   531 |       |            |           |       |
|   using O6 output only                     | 11082 |       |            |           |       |
|   using O5 and O6                          |  3739 |       |            |           |       |
| LUT as Memory                              |  1244 |     0 |          0 |     57600 |  2.16 |
|   LUT as Distributed RAM                   |   620 |     0 |            |           |       |
|     using O5 output only                   |     0 |       |            |           |       |
|     using O6 output only                   |     8 |       |            |           |       |
|     using O5 and O6                        |   612 |       |            |           |       |
|   LUT as Shift Register                    |   624 |     0 |            |           |       |
|     using O5 output only                   |     0 |       |            |           |       |
|     using O6 output only                   |   307 |       |            |           |       |
|     using O5 and O6                        |   317 |       |            |           |       |
| CLB Registers                              | 24264 |     0 |          0 |    234240 | 10.36 |
|   Register driven from within the CLB      | 11800 |       |            |           |       |
|   Register driven from outside the CLB     | 12464 |       |            |           |       |
|     LUT in front of the register is unused |  8902 |       |            |           |       |
|     LUT in front of the register is used   |  3562 |       |            |           |       |
+--------------------------------------------+-------+-------+------------+-----------+-------+


3. BLOCKRAM
-----------

+-------------------+------+-------+------------+-----------+-------+
|     Site Type     | Used | Fixed | Prohibited | Available | Util% |
+-------------------+------+-------+------------+-----------+-------+
| Block RAM Tile    | 19.5 |     0 |          0 |       144 | 13.54 |
|   RAMB36/FIFO*    |   17 |     0 |          0 |       144 | 11.81 |
|     FIFO36E2 only |   10 |       |            |           |       |
|     RAMB36E2 only |    7 |       |            |           |       |
|   RAMB18          |    5 |     0 |          0 |       288 |  1.74 |
|     RAMB18E2 only |    5 |       |            |           |       |
| URAM              |    9 |     0 |          0 |        64 | 14.06 |
+-------------------+------+-------+------------+-----------+-------+
* Note: Each Block RAM Tile only has one FIFO logic available and therefore can accommodate only one FIFO36E2 or one FIFO18E2. However, if a FIFO18E2 occupies a Block RAM Tile, that tile can still accommodate a RAMB18E2


4. ARITHMETIC
-------------

+----------------+------+-------+------------+-----------+-------+
|    Site Type   | Used | Fixed | Prohibited | Available | Util% |
+----------------+------+-------+------------+-----------+-------+
| DSPs           |    8 |     0 |          0 |      1248 |  0.64 |
|   DSP48E2 only |    8 |       |            |           |       |
+----------------+------+-------+------------+-----------+-------+


5. I/O
------

+------------------+------+-------+------------+-----------+-------+
|     Site Type    | Used | Fixed | Prohibited | Available | Util% |
+------------------+------+-------+------------+-----------+-------+
| Bonded IOB       |    9 |     9 |          0 |       189 |  4.76 |
|   HPIOB_M        |    3 |     3 |          0 |        58 |  5.17 |
|     INPUT        |    3 |       |            |           |       |
|     OUTPUT       |    0 |       |            |           |       |
|     BIDIR        |    0 |       |            |           |       |
|   HPIOB_S        |    3 |     3 |          0 |        58 |  5.17 |
|     INPUT        |    3 |       |            |           |       |
|     OUTPUT       |    0 |       |            |           |       |
|     BIDIR        |    0 |       |            |           |       |
|   HDIOB_M        |    1 |     1 |          0 |        35 |  2.86 |
|     INPUT        |    0 |       |            |           |       |
|     OUTPUT       |    0 |       |            |           |       |
|     BIDIR        |    1 |       |            |           |       |
|   HDIOB_S        |    2 |     2 |          0 |        35 |  5.71 |
|     INPUT        |    0 |       |            |           |       |
|     OUTPUT       |    1 |       |            |           |       |
|     BIDIR        |    1 |       |            |           |       |
|   HPIOB_SNGL     |    0 |     0 |          0 |         3 |  0.00 |
| HPIOBDIFFINBUF   |    3 |     3 |          0 |        82 |  3.66 |
| HPIOBDIFFOUTBUF  |    0 |     0 |          0 |        82 |  0.00 |
| HDIOBDIFFINBUF   |    0 |     0 |          0 |        35 |  0.00 |
| BITSLICE_CONTROL |    1 |     0 |          0 |        32 |  3.13 |
| BITSLICE_RX_TX   |    3 |     3 |          0 |      1248 |  0.24 |
|   RX_BITSLICE    |    3 |     3 |            |           |       |
| BITSLICE_TX      |    0 |     0 |          0 |        32 |  0.00 |
| RIU_OR           |    0 |     0 |          0 |        16 |  0.00 |
+------------------+------+-------+------------+-----------+-------+


6. CLOCK
--------

+------------+------+-------+------------+-----------+-------+
|  Site Type | Used | Fixed | Prohibited | Available | Util% |
+------------+------+-------+------------+-----------+-------+
| BUFGCE     |    6 |     0 |          0 |       112 |  5.36 |
| BUFGCE_DIV |    0 |     0 |          0 |        16 |  0.00 |
| BUFG_GT    |    0 |     0 |          0 |        96 |  0.00 |
| BUFG_PS    |    1 |     0 |          0 |        96 |  1.04 |
| BUFGCTRL*  |    0 |     0 |          0 |        32 |  0.00 |
| PLL        |    2 |     0 |          0 |         8 | 25.00 |
| MMCM       |    2 |     0 |          0 |         4 | 50.00 |
+------------+------+-------+------------+-----------+-------+
* Note: Each used BUFGCTRL counts as two GLOBAL CLOCK BUFFERs. This table does not include global clocking resources, only buffer cell usage. See the Clock Utilization Report (report_clock_utilization) for detailed accounting of global clocking resource availability.


7. ADVANCED
-----------

+-----------------+------+-------+------------+-----------+--------+
|    Site Type    | Used | Fixed | Prohibited | Available |  Util% |
+-----------------+------+-------+------------+-----------+--------+
| GTHE4_CHANNEL   |    0 |     0 |          0 |         4 |   0.00 |
| GTHE4_COMMON    |    0 |     0 |          0 |         1 |   0.00 |
| OBUFDS_GTE4     |    0 |     0 |          0 |         2 |   0.00 |
| OBUFDS_GTE4_ADV |    0 |     0 |          0 |         2 |   0.00 |
| PCIE40E4        |    0 |     0 |          0 |         2 |   0.00 |
| PS8             |    1 |     0 |          0 |         1 | 100.00 |
| SYSMONE4        |    0 |     0 |          0 |         1 |   0.00 |
| VCU             |    0 |     0 |          0 |         1 |   0.00 |
+-----------------+------+-------+------------+-----------+--------+


8. CONFIGURATION
----------------

+-------------+------+-------+------------+-----------+-------+
|  Site Type  | Used | Fixed | Prohibited | Available | Util% |
+-------------+------+-------+------------+-----------+-------+
| BSCANE2     |    1 |     0 |          0 |         4 | 25.00 |
| DNA_PORTE2  |    0 |     0 |          0 |         1 |  0.00 |
| EFUSE_USR   |    0 |     0 |          0 |         1 |  0.00 |
| FRAME_ECCE4 |    0 |     0 |          0 |         1 |  0.00 |
| ICAPE3      |    0 |     0 |          0 |         2 |  0.00 |
| MASTER_JTAG |    0 |     0 |          0 |         1 |  0.00 |
| STARTUPE3   |    0 |     0 |          0 |         1 |  0.00 |
+-------------+------+-------+------------+-----------+-------+


9. Primitives
-------------

+------------------+-------+---------------------+
|     Ref Name     |  Used | Functional Category |
+------------------+-------+---------------------+
| FDRE             | 23007 |            Register |
| LUT6             |  5520 |                 CLB |
| LUT3             |  3921 |                 CLB |
| LUT5             |  3288 |                 CLB |
| LUT4             |  3026 |                 CLB |
| LUT2             |  2781 |                 CLB |
| RAMD32           |  1078 |                 CLB |
| SRL16E           |   759 |                 CLB |
| FDSE             |   721 |            Register |
| LUT1             |   555 |                 CLB |
| FDCE             |   454 |            Register |
| CARRY8           |   403 |                 CLB |
| MUXF7            |   306 |                 CLB |
| SRLC32E          |   178 |                 CLB |
| RAMS32           |   154 |                 CLB |
| FDPE             |    82 |            Register |
| MUXF8            |    36 |                 CLB |
| FIFO36E2         |    10 |            BLOCKRAM |
| URAM288          |     9 |            BLOCKRAM |
| DSP48E2          |     8 |          Arithmetic |
| RAMB36E2         |     7 |            BLOCKRAM |
| BUFGCE           |     6 |               Clock |
| RAMB18E2         |     5 |            BLOCKRAM |
| IBUFCTRL         |     5 |              Others |
| SRLC16E          |     4 |                 CLB |
| RX_BITSLICE      |     3 |                 I/O |
| DPHY_DIFFINBUF   |     3 |              Others |
| PLLE4_ADV        |     2 |               Clock |
| OBUFT            |     2 |                 I/O |
| MMCME4_ADV       |     2 |               Clock |
| INBUF            |     2 |                 I/O |
| PS8              |     1 |            Advanced |
| OBUF             |     1 |                 I/O |
| BUFG_PS          |     1 |               Clock |
| BSCANE2          |     1 |       Configuration |
| BITSLICE_CONTROL |     1 |                 I/O |
+------------------+-------+---------------------+


10. Black Boxes
---------------

+----------+------+
| Ref Name | Used |
+----------+------+


11. Instantiated Netlists
-------------------------

+----------------------------------------+------+
|                Ref Name                | Used |
+----------------------------------------+------+
| video_pipe_hw_zynq_ultra_ps_e_0_1      |    1 |
| video_pipe_hw_vio_0_0                  |    1 |
| video_pipe_hw_v_tc_0_0                 |    1 |
| video_pipe_hw_v_demosaic_0_0           |    1 |
| video_pipe_hw_v_axi4s_vid_out_0_0      |    1 |
| video_pipe_hw_system_ila_0_1           |    1 |
| video_pipe_hw_system_ila_0_0           |    1 |
| video_pipe_hw_proc_sys_reset_1_0       |    1 |
| video_pipe_hw_proc_sys_reset_0_1       |    1 |
| video_pipe_hw_proc_sys_reset_0_0       |    1 |
| video_pipe_hw_mipi_csi2_rx_subsyst_0_0 |    1 |
| video_pipe_hw_clk_wiz_1_1              |    1 |
| video_pipe_hw_clk_wiz_1_0              |    1 |
| video_pipe_hw_clk_wiz_0_0              |    1 |
| video_pipe_hw_axi_vdma_0_0             |    1 |
| video_pipe_hw_axi_smc_2_0              |    1 |
| video_pipe_hw_axi_smc_1_0              |    1 |
| video_pipe_hw_axi_smc_0                |    1 |
| dbg_hub                                |    1 |
| bd_0c52_vfb_0_0                        |    1 |
| bd_0c52_rx_0                           |    1 |
| bd_0c52_r_sync_0                       |    1 |
| bd_0c52_phy_0                          |    1 |
+----------------------------------------+------+


