

================================================================
== Vitis HLS Report for 'AXIvideo2MultiBayer_Pipeline_loop_width'
================================================================
* Date:           Fri Sep 18 14:28:39 2026

* Version:        2025.2 (Build 6295257 on Nov 14 2025)
* Project:        prj
* Solution:       sol (Vivado IP Flow Target)
* Product family: zynquplus
* Target device:  xck26-sfvc784-2LV-c


================================================================
== Performance Estimates
================================================================
+ Timing: 
    * Summary: 
    +--------+----------+----------+------------+
    |  Clock |  Target  | Estimated| Uncertainty|
    +--------+----------+----------+------------+
    |ap_clk  |  20.41 ns|  1.838 ns|     5.51 ns|
    +--------+----------+----------+------------+

+ Latency: 
    * Summary: 
    +---------+---------+-----------+-----------+-----+-----+-------------------+
    |  Latency (cycles) |   Latency (absolute)  |  Interval |      Pipeline     |
    |   min   |   max   |    min    |    max    | min | max |        Type       |
    +---------+---------+-----------+-----------+-----+-----+-------------------+
    |        3|     1923|  61.224 ns|  39.245 us|    0|    0|  loop pipeline stp|
    +---------+---------+-----------+-----------+-----+-----+-------------------+

    + Detail: 
        * Instance: 
        N/A

        * Loop: 
        +--------------+---------+---------+----------+-----------+-----------+----------+----------+
        |              |  Latency (cycles) | Iteration|  Initiation Interval  |   Trip   |          |
        |   Loop Name  |   min   |   max   |  Latency |  achieved |   target  |   Count  | Pipelined|
        +--------------+---------+---------+----------+-----------+-----------+----------+----------+
        |- loop_width  |        1|     1921|         3|          1|          1|  0 ~ 1920|       yes|
        +--------------+---------+---------+----------+-----------+-----------+----------+----------+

============================================================
+ Verbose Summary: Synthesis Manager
============================================================
InlineROM: 1
ExposeGlobal: 0
============================================================
+ Verbose Summary: CDFG Model
============================================================
IsTopModel: 0
ResetActiveHigh: 1
IsCombinational: 0
IsDatapathOnly: 0
HasWiredReturn: 1
HasMFsm: 2
HasVarLatency: 1
IsPipeline: 0
IsRtlPipelined: 0
IsInstanceOverlapped: 0
IsDontTouch: 0
HasImplIP: 0
IsGatedGlobalClock: 0

+ Individual pipeline summary: 
  * Pipeline-0: initiation interval (II) = 1, depth = 3


============================================================
+ Verbose Summary: Schedule
============================================================
* Number of FSM states : 3
* Pipeline : 1
  Pipeline-0 : II = 1, D = 3, States = { 1 2 3 }
* Dataflow Pipeline: 0

* FSM state transitions: 
1 --> 2 
2 --> 3 
3 --> 

* FSM state operations: 

State 1 <SV = 0> <Delay = 1.65>
ST_1 : Operation 6 [1/1] (0.00ns)   --->   "%j = alloca i32 1" [prj/sol/.autopilot/db/v_demosaic.cpp:166]   --->   Operation 6 'alloca' 'j' <Predicate = true> <Delay = 0.00>
ST_1 : Operation 7 [1/1] (0.00ns)   --->   "%p_0_0_0_097262 = alloca i32 1"   --->   Operation 7 'alloca' 'p_0_0_0_097262' <Predicate = true> <Delay = 0.00>
ST_1 : Operation 8 [1/1] (0.00ns)   --->   "%p_4_0_0_0105271 = alloca i32 1"   --->   Operation 8 'alloca' 'p_4_0_0_0105271' <Predicate = true> <Delay = 0.00>
ST_1 : Operation 9 [1/1] (0.00ns)   --->   "%specaxissidechannel_ln0 = specaxissidechannel void @_ssdm_op_SpecAXISSideChannel, i10 %s_axis_video_V_data_V, i2 %s_axis_video_V_keep_V, i2 %s_axis_video_V_strb_V, i1 %s_axis_video_V_user_V, i1 %s_axis_video_V_last_V, i1 %s_axis_video_V_id_V, i1 %s_axis_video_V_dest_V, void @empty_3"   --->   Operation 9 'specaxissidechannel' 'specaxissidechannel_ln0' <Predicate = true> <Delay = 0.00>
ST_1 : Operation 10 [1/1] (0.00ns)   --->   "%specinterface_ln0 = specinterface void @_ssdm_op_SpecInterface, i10 %s_axis_video_V_data_V, void @empty_20, i32 0, i32 0, void @empty_1, i32 0, i32 0, void @empty_25, void @empty_25, void @empty_25, i32 0, i32 0, i32 0, i32 0, void @empty_25, void @empty_25, i32 4294967295, i32 0, i32 0, i32 0"   --->   Operation 10 'specinterface' 'specinterface_ln0' <Predicate = true> <Delay = 0.00>
ST_1 : Operation 11 [1/1] (0.00ns)   --->   "%specinterface_ln0 = specinterface void @_ssdm_op_SpecInterface, i2 %s_axis_video_V_keep_V, void @empty_20, i32 0, i32 0, void @empty_1, i32 0, i32 0, void @empty_25, void @empty_25, void @empty_25, i32 0, i32 0, i32 0, i32 0, void @empty_25, void @empty_25, i32 4294967295, i32 0, i32 0, i32 0"   --->   Operation 11 'specinterface' 'specinterface_ln0' <Predicate = true> <Delay = 0.00>
ST_1 : Operation 12 [1/1] (0.00ns)   --->   "%specinterface_ln0 = specinterface void @_ssdm_op_SpecInterface, i2 %s_axis_video_V_strb_V, void @empty_20, i32 0, i32 0, void @empty_1, i32 0, i32 0, void @empty_25, void @empty_25, void @empty_25, i32 0, i32 0, i32 0, i32 0, void @empty_25, void @empty_25, i32 4294967295, i32 0, i32 0, i32 0"   --->   Operation 12 'specinterface' 'specinterface_ln0' <Predicate = true> <Delay = 0.00>
ST_1 : Operation 13 [1/1] (0.00ns)   --->   "%specinterface_ln0 = specinterface void @_ssdm_op_SpecInterface, i1 %s_axis_video_V_user_V, void @empty_20, i32 0, i32 0, void @empty_1, i32 0, i32 0, void @empty_25, void @empty_25, void @empty_25, i32 0, i32 0, i32 0, i32 0, void @empty_25, void @empty_25, i32 4294967295, i32 0, i32 0, i32 0"   --->   Operation 13 'specinterface' 'specinterface_ln0' <Predicate = true> <Delay = 0.00>
ST_1 : Operation 14 [1/1] (0.00ns)   --->   "%specinterface_ln0 = specinterface void @_ssdm_op_SpecInterface, i1 %s_axis_video_V_last_V, void @empty_20, i32 0, i32 0, void @empty_1, i32 0, i32 0, void @empty_25, void @empty_25, void @empty_25, i32 0, i32 0, i32 0, i32 0, void @empty_25, void @empty_25, i32 4294967295, i32 0, i32 0, i32 0"   --->   Operation 14 'specinterface' 'specinterface_ln0' <Predicate = true> <Delay = 0.00>
ST_1 : Operation 15 [1/1] (0.00ns)   --->   "%specinterface_ln0 = specinterface void @_ssdm_op_SpecInterface, i1 %s_axis_video_V_id_V, void @empty_20, i32 0, i32 0, void @empty_1, i32 0, i32 0, void @empty_25, void @empty_25, void @empty_25, i32 0, i32 0, i32 0, i32 0, void @empty_25, void @empty_25, i32 4294967295, i32 0, i32 0, i32 0"   --->   Operation 15 'specinterface' 'specinterface_ln0' <Predicate = true> <Delay = 0.00>
ST_1 : Operation 16 [1/1] (0.00ns)   --->   "%specinterface_ln0 = specinterface void @_ssdm_op_SpecInterface, i1 %s_axis_video_V_dest_V, void @empty_20, i32 0, i32 0, void @empty_1, i32 0, i32 0, void @empty_25, void @empty_25, void @empty_25, i32 0, i32 0, i32 0, i32 0, void @empty_25, void @empty_25, i32 4294967295, i32 0, i32 0, i32 0"   --->   Operation 16 'specinterface' 'specinterface_ln0' <Predicate = true> <Delay = 0.00>
ST_1 : Operation 17 [1/1] (0.00ns)   --->   "%specinterface_ln0 = specinterface void @_ssdm_op_SpecInterface, i10 %imgBayer, void @empty_19, i32 0, i32 0, void @empty_25, i32 0, i32 0, void @empty_25, void @empty_25, void @empty_25, i32 0, i32 0, i32 0, i32 0, void @empty_25, void @empty_25, i32 4294967295, i32 0, i32 0, i32 0"   --->   Operation 17 'specinterface' 'specinterface_ln0' <Predicate = true> <Delay = 0.00>
ST_1 : Operation 18 [1/1] (0.00ns)   --->   "%cols_read = read i11 @_ssdm_op_Read.ap_auto.i11, i11 %cols"   --->   Operation 18 'read' 'cols_read' <Predicate = true> <Delay = 0.00>
ST_1 : Operation 19 [1/1] (0.00ns)   --->   "%sof_3_read = read i1 @_ssdm_op_Read.ap_auto.i1, i1 %sof_3"   --->   Operation 19 'read' 'sof_3_read' <Predicate = true> <Delay = 0.00>
ST_1 : Operation 20 [1/1] (0.00ns)   --->   "%p_0_0_0_097263_lcssa281_read = read i10 @_ssdm_op_Read.ap_auto.i10, i10 %p_0_0_0_097263_lcssa281"   --->   Operation 20 'read' 'p_0_0_0_097263_lcssa281_read' <Predicate = true> <Delay = 0.00>
ST_1 : Operation 21 [1/1] (0.00ns)   --->   "%p_4_0_0_0105270_lcssa297_read = read i1 @_ssdm_op_Read.ap_auto.i1, i1 %p_4_0_0_0105270_lcssa297"   --->   Operation 21 'read' 'p_4_0_0_0105270_lcssa297_read' <Predicate = true> <Delay = 0.00>
ST_1 : Operation 22 [1/1] (0.42ns)   --->   "%store_ln0 = store i1 %p_4_0_0_0105270_lcssa297_read, i1 %p_4_0_0_0105271"   --->   Operation 22 'store' 'store_ln0' <Predicate = true> <Delay = 0.42>
ST_1 : Operation 23 [1/1] (0.42ns)   --->   "%store_ln0 = store i10 %p_0_0_0_097263_lcssa281_read, i10 %p_0_0_0_097262"   --->   Operation 23 'store' 'store_ln0' <Predicate = true> <Delay = 0.42>
ST_1 : Operation 24 [1/1] (0.42ns)   --->   "%store_ln166 = store i11 0, i11 %j" [prj/sol/.autopilot/db/v_demosaic.cpp:166]   --->   Operation 24 'store' 'store_ln166' <Predicate = true> <Delay = 0.42>
ST_1 : Operation 25 [1/1] (0.42ns)   --->   "%br_ln166 = br void %for.body12" [prj/sol/.autopilot/db/v_demosaic.cpp:166]   --->   Operation 25 'br' 'br_ln166' <Predicate = true> <Delay = 0.42>
ST_1 : Operation 26 [1/1] (0.00ns)   --->   "%j_3 = load i11 %j" [prj/sol/.autopilot/db/v_demosaic.cpp:166]   --->   Operation 26 'load' 'j_3' <Predicate = true> <Delay = 0.00>
ST_1 : Operation 27 [1/1] (0.79ns)   --->   "%icmp_ln166 = icmp_eq  i11 %j_3, i11 %cols_read" [prj/sol/.autopilot/db/v_demosaic.cpp:166]   --->   Operation 27 'icmp' 'icmp_ln166' <Predicate = true> <Delay = 0.79> <CoreInst = "Cmp">   --->   Core 9 'Cmp' <Latency = 0> <II = 1> <Delay = 0.79> <FuncUnit> <Opcode : 'seteq' 'setne' 'setle' 'setge' 'setlt' 'setgt'> <InPorts = 2> <OutPorts = 1>
ST_1 : Operation 28 [1/1] (0.79ns)   --->   "%j_4 = add i11 %j_3, i11 1" [prj/sol/.autopilot/db/v_demosaic.cpp:166]   --->   Operation 28 'add' 'j_4' <Predicate = true> <Delay = 0.79> <CoreInst = "Adder">   --->   Core 1 'Adder' <Latency = 0> <II = 1> <Delay = 0.79> <FuncUnit> <Opcode : 'add' 'sub'> <InPorts = 2> <OutPorts = 1>
ST_1 : Operation 29 [1/1] (0.00ns)   --->   "%br_ln166 = br i1 %icmp_ln166, void %for.body12.split, void %loop_wait_for_eol.exitStub" [prj/sol/.autopilot/db/v_demosaic.cpp:166]   --->   Operation 29 'br' 'br_ln166' <Predicate = true> <Delay = 0.00>
ST_1 : Operation 30 [1/1] (0.42ns)   --->   "%store_ln166 = store i11 %j_4, i11 %j" [prj/sol/.autopilot/db/v_demosaic.cpp:166]   --->   Operation 30 'store' 'store_ln166' <Predicate = (!icmp_ln166)> <Delay = 0.42>
ST_1 : Operation 31 [1/1] (0.00ns)   --->   "%br_ln166 = br void %for.body12" [prj/sol/.autopilot/db/v_demosaic.cpp:166]   --->   Operation 31 'br' 'br_ln166' <Predicate = (!icmp_ln166)> <Delay = 0.00>

State 2 <SV = 1> <Delay = 0.71>
ST_2 : Operation 32 [1/1] (0.00ns)   --->   "%eol = phi i1 0, void %newFuncRoot, i1 %eol_2, void %if.end"   --->   Operation 32 'phi' 'eol' <Predicate = true> <Delay = 0.00>
ST_2 : Operation 33 [1/1] (0.00ns)   --->   "%sof = phi i1 %sof_3_read, void %newFuncRoot, i1 0, void %if.end"   --->   Operation 33 'phi' 'sof' <Predicate = true> <Delay = 0.00>
ST_2 : Operation 34 [1/1] (0.00ns)   --->   "%speclooptripcount_ln0 = speclooptripcount void @_ssdm_op_SpecLoopTripCount, i64 0, i64 1920, i64 0"   --->   Operation 34 'speclooptripcount' 'speclooptripcount_ln0' <Predicate = true> <Delay = 0.00>
ST_2 : Operation 35 [1/1] (0.00ns)   --->   "%specpipeline_ln169 = specpipeline void @_ssdm_op_SpecPipeline, i32 1, i32 0, i32 0, i32 0, i32 4294967295, void @empty_25" [prj/sol/.autopilot/db/v_demosaic.cpp:169]   --->   Operation 35 'specpipeline' 'specpipeline_ln169' <Predicate = (!icmp_ln166)> <Delay = 0.00>
ST_2 : Operation 36 [1/1] (0.00ns)   --->   "%specloopname_ln166 = specloopname void @_ssdm_op_SpecLoopName, void @empty_6" [prj/sol/.autopilot/db/v_demosaic.cpp:166]   --->   Operation 36 'specloopname' 'specloopname_ln166' <Predicate = (!icmp_ln166)> <Delay = 0.00>
ST_2 : Operation 37 [1/1] (0.28ns)   --->   "%or_ln170 = or i1 %sof, i1 %eol" [prj/sol/.autopilot/db/v_demosaic.cpp:170]   --->   Operation 37 'or' 'or_ln170' <Predicate = (!icmp_ln166)> <Delay = 0.28> <CoreInst = "LogicGate">   --->   Core 74 'LogicGate' <Latency = 0> <II = 1> <Delay = 0.28> <FuncUnit> <Opcode : 'and' 'or' 'xor'> <InPorts = 2> <OutPorts = 1>
ST_2 : Operation 38 [1/1] (0.00ns)   --->   "%br_ln170 = br i1 %or_ln170, void %if.else, void %if.end" [prj/sol/.autopilot/db/v_demosaic.cpp:170]   --->   Operation 38 'br' 'br_ln170' <Predicate = (!icmp_ln166)> <Delay = 0.00>
ST_2 : Operation 39 [1/1] ( I:0.07ns O:0.07ns )   --->   "%empty = read i18 @_ssdm_op_Read.axis.volatile.i10P0A.i2P0A.i2P0A.i1P0A.i1P0A.i1P0A.i1P0A, i10 %s_axis_video_V_data_V, i2 %s_axis_video_V_keep_V, i2 %s_axis_video_V_strb_V, i1 %s_axis_video_V_user_V, i1 %s_axis_video_V_last_V, i1 %s_axis_video_V_id_V, i1 %s_axis_video_V_dest_V" [prj/sol/.autopilot/db/v_demosaic.cpp:174]   --->   Operation 39 'read' 'empty' <Predicate = (!icmp_ln166 & !or_ln170)> <Delay = 0.07> <CoreInst = "regslice">   --->   Core 147 'regslice' <Latency = 0> <II = 1> <Delay = 0.57> <Adapter> <Opcode : 'read' 'write'>
ST_2 : Operation 40 [1/1] (0.00ns)   --->   "%p_s = extractvalue i18 %empty" [prj/sol/.autopilot/db/v_demosaic.cpp:174]   --->   Operation 40 'extractvalue' 'p_s' <Predicate = (!icmp_ln166 & !or_ln170)> <Delay = 0.00>
ST_2 : Operation 41 [1/1] (0.00ns)   --->   "%eol_1 = extractvalue i18 %empty" [prj/sol/.autopilot/db/v_demosaic.cpp:174]   --->   Operation 41 'extractvalue' 'eol_1' <Predicate = (!icmp_ln166 & !or_ln170)> <Delay = 0.00>
ST_2 : Operation 42 [1/1] (0.42ns)   --->   "%store_ln174 = store i1 %eol_1, i1 %p_4_0_0_0105271" [prj/sol/.autopilot/db/v_demosaic.cpp:174]   --->   Operation 42 'store' 'store_ln174' <Predicate = (!icmp_ln166 & !or_ln170)> <Delay = 0.42>
ST_2 : Operation 43 [1/1] (0.42ns)   --->   "%store_ln174 = store i10 %p_s, i10 %p_0_0_0_097262" [prj/sol/.autopilot/db/v_demosaic.cpp:174]   --->   Operation 43 'store' 'store_ln174' <Predicate = (!icmp_ln166 & !or_ln170)> <Delay = 0.42>
ST_2 : Operation 44 [1/1] (0.00ns)   --->   "%br_ln0 = br void %if.end"   --->   Operation 44 'br' 'br_ln0' <Predicate = (!icmp_ln166 & !or_ln170)> <Delay = 0.00>
ST_2 : Operation 48 [1/1] (0.00ns)   --->   "%p_0_0_0_097262_load = load i10 %p_0_0_0_097262"   --->   Operation 48 'load' 'p_0_0_0_097262_load' <Predicate = (icmp_ln166)> <Delay = 0.00>
ST_2 : Operation 49 [1/1] (0.00ns)   --->   "%p_4_0_0_0105271_load = load i1 %p_4_0_0_0105271"   --->   Operation 49 'load' 'p_4_0_0_0105271_load' <Predicate = (icmp_ln166)> <Delay = 0.00>
ST_2 : Operation 50 [1/1] (0.00ns)   --->   "%write_ln0 = write void @_ssdm_op_Write.ap_auto.i1P0A, i1 %p_4_0_0_0105271_out, i1 %p_4_0_0_0105271_load"   --->   Operation 50 'write' 'write_ln0' <Predicate = (icmp_ln166)> <Delay = 0.00>
ST_2 : Operation 51 [1/1] (0.00ns)   --->   "%write_ln0 = write void @_ssdm_op_Write.ap_auto.i10P0A, i10 %p_0_0_0_097262_out, i10 %p_0_0_0_097262_load"   --->   Operation 51 'write' 'write_ln0' <Predicate = (icmp_ln166)> <Delay = 0.00>
ST_2 : Operation 52 [1/1] (0.42ns)   --->   "%ret_ln0 = ret"   --->   Operation 52 'ret' 'ret_ln0' <Predicate = (icmp_ln166)> <Delay = 0.42>

State 3 <SV = 2> <Delay = 1.83>
ST_3 : Operation 45 [1/1] (0.00ns)   --->   "%axi_data = load i10 %p_0_0_0_097262" [prj/sol/.autopilot/db/v_demosaic.cpp:185]   --->   Operation 45 'load' 'axi_data' <Predicate = (!icmp_ln166)> <Delay = 0.00>
ST_3 : Operation 46 [1/1] (0.00ns)   --->   "%eol_2 = load i1 %p_4_0_0_0105271"   --->   Operation 46 'load' 'eol_2' <Predicate = (!icmp_ln166)> <Delay = 0.00>
ST_3 : Operation 47 [1/1] ( I:1.83ns O:1.83ns )   --->   "%write_ln185 = write void @_ssdm_op_Write.ap_fifo.volatile.i10P0A, i10 %imgBayer, i10 %axi_data" [prj/sol/.autopilot/db/v_demosaic.cpp:185]   --->   Operation 47 'write' 'write_ln185' <Predicate = (!icmp_ln166)> <Delay = 1.83> <CoreInst = "FIFO_SRL">   --->   Core 80 'FIFO_SRL' <Latency = 0> <II = 1> <Delay = 1.83> <Storage> <Opcode : 'read' 'write' 'nbread' 'nbwrite'> <Ports = 0> <Width = 10> <Depth = 2> <FIFO>


============================================================
+ Verbose Summary: Timing violations
============================================================
Target clock period: 20.408ns, clock uncertainty: 5.510ns.

 <State 1>: 1.652ns
The critical path consists of the following:
	'store' operation ('store_ln166', prj/sol/.autopilot/db/v_demosaic.cpp:166) of constant 0 11 bit on local variable 'j', prj/sol/.autopilot/db/v_demosaic.cpp:166 [33]  (0.427 ns)
	'load' operation 11 bit ('j', prj/sol/.autopilot/db/v_demosaic.cpp:166) on local variable 'j', prj/sol/.autopilot/db/v_demosaic.cpp:166 [38]  (0.000 ns)
	'icmp' operation 1 bit ('icmp_ln166', prj/sol/.autopilot/db/v_demosaic.cpp:166) [39]  (0.798 ns)
	'store' operation ('store_ln166', prj/sol/.autopilot/db/v_demosaic.cpp:166) of variable 'j', prj/sol/.autopilot/db/v_demosaic.cpp:166 11 bit on local variable 'j', prj/sol/.autopilot/db/v_demosaic.cpp:166 [59]  (0.427 ns)

 <State 2>: 0.714ns
The critical path consists of the following:
	'phi' operation 1 bit ('eol') with incoming values : ('eol') [36]  (0.000 ns)
	'or' operation 1 bit ('or_ln170', prj/sol/.autopilot/db/v_demosaic.cpp:170) [46]  (0.287 ns)
	'store' operation ('store_ln174', prj/sol/.autopilot/db/v_demosaic.cpp:174) of variable 'eol', prj/sol/.autopilot/db/v_demosaic.cpp:174 1 bit on local variable 'p_4_0_0_0105271' [52]  (0.427 ns)

 <State 3>: 1.838ns
The critical path consists of the following:
	'load' operation 10 bit ('axi.data', prj/sol/.autopilot/db/v_demosaic.cpp:185) on local variable 'p_0_0_0_097262' [56]  (0.000 ns)
	fifo write operation ('write_ln185', prj/sol/.autopilot/db/v_demosaic.cpp:185) on port 'imgBayer' (prj/sol/.autopilot/db/v_demosaic.cpp:185) [58]  (1.838 ns)


============================================================
+ Verbose Summary: Binding
============================================================
N/A
* FSMD analyzer results:
  - Output states:
 - Input state : 
  - Chain level:
	State 1
	State 2
	State 3


============================================================
+ Verbose Summary: Datapath Resource usage 
============================================================
N/A
