
*** Running vivado
    with args -log broncho_video_clahe_accel_0_0.vds -m64 -product Vivado -mode batch -messageDb vivado.pb -notrace -source broncho_video_clahe_accel_0_0.tcl


****** Vivado v2023.2 (64-bit)
  **** SW Build 4029153 on Fri Oct 13 20:13:54 MDT 2023
  **** IP Build 4028589 on Sat Oct 14 00:45:43 MDT 2023
  **** SharedData Build 4025554 on Tue Oct 10 17:18:54 MDT 2023
    ** Copyright 1986-2022 Xilinx, Inc. All Rights Reserved.
    ** Copyright 2022-2023 Advanced Micro Devices, Inc. All Rights Reserved.

source broncho_video_clahe_accel_0_0.tcl -notrace
create_project: Time (s): cpu = 00:00:06 ; elapsed = 00:00:07 . Memory (MB): peak = 1294.180 ; gain = 0.023 ; free physical = 294 ; free virtual = 1102
INFO: [IP_Flow 19-234] Refreshing IP repositories
INFO: [IP_Flow 19-1700] Loaded user IP repository '/home/alen/repo/zynq-7020-video-pipe-3/IP'.
INFO: [IP_Flow 19-2313] Loaded Vivado IP repository '/home/alen/Xilinx/Vivado/2023.2/data/ip'.
INFO: [IP_Flow 19-6924] IPCACHE: Running cache check for IP inst: broncho_video_clahe_accel_0_0
INFO: [IP_Flow 19-6922] IPCACHE: Exporting cached entry f079faa83a4634b6 to dir: /home/alen/repo/zynq-7020-video-pipe-3/hw/video-pipe-hw-v5/hw_011223.runs/broncho_video_clahe_accel_0_0_synth_1
INFO: [IP_Flow 19-6928] IPCACHE: copied cached file /home/alen/repo/zynq-7020-video-pipe-3/hw/video-pipe-hw-v5/hw_011223.cache/ip/2023.2/f/0/f079faa83a4634b6/broncho_video_clahe_accel_0_0.dcp to /home/alen/repo/zynq-7020-video-pipe-3/hw/video-pipe-hw-v5/hw_011223.runs/broncho_video_clahe_accel_0_0_synth_1/broncho_video_clahe_accel_0_0.dcp.
INFO: [IP_Flow 19-6928] IPCACHE: copied cached file /home/alen/repo/zynq-7020-video-pipe-3/hw/video-pipe-hw-v5/hw_011223.cache/ip/2023.2/f/0/f079faa83a4634b6/broncho_video_clahe_accel_0_0_stub.v to /home/alen/repo/zynq-7020-video-pipe-3/hw/video-pipe-hw-v5/hw_011223.runs/broncho_video_clahe_accel_0_0_synth_1/broncho_video_clahe_accel_0_0_stub.v.
INFO: [IP_Flow 19-6928] IPCACHE: copied cached file /home/alen/repo/zynq-7020-video-pipe-3/hw/video-pipe-hw-v5/hw_011223.cache/ip/2023.2/f/0/f079faa83a4634b6/broncho_video_clahe_accel_0_0_sim_netlist.v to /home/alen/repo/zynq-7020-video-pipe-3/hw/video-pipe-hw-v5/hw_011223.runs/broncho_video_clahe_accel_0_0_synth_1/broncho_video_clahe_accel_0_0_sim_netlist.v.
INFO: [IP_Flow 19-6928] IPCACHE: copied cached file /home/alen/repo/zynq-7020-video-pipe-3/hw/video-pipe-hw-v5/hw_011223.cache/ip/2023.2/f/0/f079faa83a4634b6/broncho_video_clahe_accel_0_0_sim_netlist.vhdl to /home/alen/repo/zynq-7020-video-pipe-3/hw/video-pipe-hw-v5/hw_011223.runs/broncho_video_clahe_accel_0_0_synth_1/broncho_video_clahe_accel_0_0_sim_netlist.vhdl.
INFO: [IP_Flow 19-6928] IPCACHE: copied cached file /home/alen/repo/zynq-7020-video-pipe-3/hw/video-pipe-hw-v5/hw_011223.cache/ip/2023.2/f/0/f079faa83a4634b6/broncho_video_clahe_accel_0_0_stub.vhdl to /home/alen/repo/zynq-7020-video-pipe-3/hw/video-pipe-hw-v5/hw_011223.runs/broncho_video_clahe_accel_0_0_synth_1/broncho_video_clahe_accel_0_0_stub.vhdl.
INFO: [IP_Flow 19-4838] Using cached IP synthesis design for IP broncho_video_clahe_accel_0_0, cache-ID = f079faa83a4634b6.
INFO: [Common 17-206] Exiting Vivado at Wed Dec 27 13:58:46 2023...
