  **** HLS Build v2025.2 6295257
INFO: [HLS 200-2005] Using work_dir /home/alen/git/AMD-FPGA-Practice/kv260-imx219-video/sw/video-pipe-sw-v4/awb-hls-L1/autowhitebalance_accel 
INFO: [HLS 200-2176] Writing Vitis IDE component file /home/alen/git/AMD-FPGA-Practice/kv260-imx219-video/sw/video-pipe-sw-v4/awb-hls-L1/autowhitebalance_accel/vitis-comp.json
INFO: [HLS 200-10] Creating and opening component '/home/alen/git/AMD-FPGA-Practice/kv260-imx219-video/sw/video-pipe-sw-v4/awb-hls-L1/autowhitebalance_accel'.
INFO: [HLS 200-1505] Using default flow_target 'vivado'
Resolution: For help on HLS 200-1505 see docs.amd.com/access/sources/dita/topic?Doc_Version=2025.2%20English&url=ug1448-hls-guidance&resourceid=200-1505.html
INFO: [HLS 200-2174] Applying component config ini file hls_config.cfg
INFO: [HLS 200-1465] Applying config ini 'syn.file=../xf_autowhitebalance_accel.cpp' from hls_config.cfg(11)
INFO: [HLS 200-10] Adding design file '/home/alen/git/AMD-FPGA-Practice/kv260-imx219-video/sw/video-pipe-sw-v4/xf_autowhitebalance_accel.cpp' to the project
INFO: [HLS 200-1465] Applying config ini 'syn.file=../xf_autowhitebalance_accel_config.h' from hls_config.cfg(12)
INFO: [HLS 200-10] Adding design file '/home/alen/git/AMD-FPGA-Practice/kv260-imx219-video/sw/video-pipe-sw-v4/xf_autowhitebalance_accel_config.h' to the project
INFO: [HLS 200-1465] Applying config ini 'syn.file=../xf_config_params.h' from hls_config.cfg(13)
INFO: [HLS 200-10] Adding design file '/home/alen/git/AMD-FPGA-Practice/kv260-imx219-video/sw/video-pipe-sw-v4/xf_config_params.h' to the project
INFO: [HLS 200-1465] Applying config ini 'syn.file=../xf_common.hpp' from hls_config.cfg(14)
INFO: [HLS 200-10] Adding design file '/home/alen/git/AMD-FPGA-Practice/kv260-imx219-video/sw/video-pipe-sw-v4/xf_common.hpp' to the project
INFO: [HLS 200-1465] Applying config ini 'syn.file=../xf_params.hpp' from hls_config.cfg(15)
INFO: [HLS 200-10] Adding design file '/home/alen/git/AMD-FPGA-Practice/kv260-imx219-video/sw/video-pipe-sw-v4/xf_params.hpp' to the project
INFO: [HLS 200-1465] Applying config ini 'syn.file=../xf_structs.hpp' from hls_config.cfg(16)
INFO: [HLS 200-10] Adding design file '/home/alen/git/AMD-FPGA-Practice/kv260-imx219-video/sw/video-pipe-sw-v4/xf_structs.hpp' to the project
INFO: [HLS 200-1465] Applying config ini 'syn.file=../xf_types.hpp' from hls_config.cfg(17)
INFO: [HLS 200-10] Adding design file '/home/alen/git/AMD-FPGA-Practice/kv260-imx219-video/sw/video-pipe-sw-v4/xf_types.hpp' to the project
INFO: [HLS 200-1465] Applying config ini 'syn.file=../xf_autowhitebalance.hpp' from hls_config.cfg(18)
INFO: [HLS 200-10] Adding design file '/home/alen/git/AMD-FPGA-Practice/kv260-imx219-video/sw/video-pipe-sw-v4/xf_autowhitebalance.hpp' to the project
INFO: [HLS 200-1465] Applying config ini 'syn.file=../xf_duplicateimage.hpp' from hls_config.cfg(19)
INFO: [HLS 200-10] Adding design file '/home/alen/git/AMD-FPGA-Practice/kv260-imx219-video/sw/video-pipe-sw-v4/xf_duplicateimage.hpp' to the project
INFO: [HLS 200-1465] Applying config ini 'syn.file=../xf_utility.hpp' from hls_config.cfg(20)
INFO: [HLS 200-10] Adding design file '/home/alen/git/AMD-FPGA-Practice/kv260-imx219-video/sw/video-pipe-sw-v4/xf_utility.hpp' to the project
INFO: [HLS 200-1465] Applying config ini 'syn.file=../xf_video_mem.hpp' from hls_config.cfg(21)
INFO: [HLS 200-10] Adding design file '/home/alen/git/AMD-FPGA-Practice/kv260-imx219-video/sw/video-pipe-sw-v4/xf_video_mem.hpp' to the project
INFO: [HLS 200-1465] Applying config ini 'tb.file=../xf_headers.hpp' from hls_config.cfg(8)
INFO: [HLS 200-10] Adding test bench file '/home/alen/git/AMD-FPGA-Practice/kv260-imx219-video/sw/video-pipe-sw-v4/xf_headers.hpp' to the project
INFO: [HLS 200-1465] Applying config ini 'tb.file=../xf_autowhitebalance_tb.cpp' from hls_config.cfg(9)
INFO: [HLS 200-10] Adding test bench file '/home/alen/git/AMD-FPGA-Practice/kv260-imx219-video/sw/video-pipe-sw-v4/xf_autowhitebalance_tb.cpp' to the project
INFO: [HLS 200-1465] Applying config ini 'tb.file=../xf_autowhitebalance_tb_config.h' from hls_config.cfg(10)
INFO: [HLS 200-10] Adding test bench file '/home/alen/git/AMD-FPGA-Practice/kv260-imx219-video/sw/video-pipe-sw-v4/xf_autowhitebalance_tb_config.h' to the project
INFO: [HLS 200-1465] Applying config ini 'syn.top=autowhitebalance_accel' from hls_config.cfg(7)
INFO: [HLS 200-1465] Applying config ini 'flow_target=vivado' from hls_config.cfg(4)
INFO: [HLS 200-1505] Using flow_target 'vivado'
Resolution: For help on HLS 200-1505 see docs.amd.com/access/sources/dita/topic?Doc_Version=2025.2%20English&url=ug1448-hls-guidance&resourceid=200-1505.html
INFO: [HLS 200-1465] Applying config ini 'part=xck26-sfvc784-2LV-c' from hls_config.cfg(1)
INFO: [HLS 200-1611] Setting target device to 'xck26-sfvc784-2LV-c'
INFO: [HLS 200-1465] Applying config ini 'package.output.format=ip_catalog' from hls_config.cfg(5)
INFO: [HLS 200-2176] Writing Vitis IDE component file /home/alen/git/AMD-FPGA-Practice/kv260-imx219-video/sw/video-pipe-sw-v4/awb-hls-L1/autowhitebalance_accel/vitis-comp.json
INFO: [HLS 200-111] Finished File checks and directory preparation: CPU user time: 2.24 seconds. CPU system time: 0.55 seconds. Elapsed time: 2.63 seconds; current allocated memory: 262.512 MB.
INFO: [HLS 200-2191] C-Synthesis will use clang-16 as the compiler
INFO: [HLS 200-10] Analyzing design file '../xf_autowhitebalance_accel.cpp' ... 
ERROR: [HLS 207-974] 'common/xf_params.hpp' file not found (../xf_video_mem.hpp:32:10)
ERROR: compilation failed: 
INFO: [HLS 200-112] Total CPU user time: 2.46 seconds. Total CPU system time: 0.66 seconds. Total elapsed time: 2.98 seconds; peak allocated memory: 263.723 MB.
