  **** HLS Build v2025.2 6295257
INFO: [HLS 200-2005] Using work_dir /home/alen/git/AMD-FPGA-Practice/kv260-imx219-video/sw/video-pipe-sw-v4/awb-hls-L1/autowhitebalance_accel 
INFO: [HLS 200-2176] Writing Vitis IDE component file /home/alen/git/AMD-FPGA-Practice/kv260-imx219-video/sw/video-pipe-sw-v4/awb-hls-L1/autowhitebalance_accel/vitis-comp.json
INFO: [HLS 200-10] Creating and opening component '/home/alen/git/AMD-FPGA-Practice/kv260-imx219-video/sw/video-pipe-sw-v4/awb-hls-L1/autowhitebalance_accel'.
INFO: [HLS 200-1611] Setting target device to 'xck26-sfvc784-2LV-c'
INFO: [HLS 200-1505] Using default flow_target 'vivado'
Resolution: For help on HLS 200-1505 see docs.amd.com/access/sources/dita/topic?Doc_Version=2025.2%20English&url=ug1448-hls-guidance&resourceid=200-1505.html
INFO: [HLS 200-2174] Applying component config ini file hls_config.cfg
INFO: [HLS 200-1465] Applying config ini 'syn.file=../xf_autowhitebalance_accel.cpp' from hls_config.cfg(11)
INFO: [HLS 200-10] Adding design file '/home/alen/git/AMD-FPGA-Practice/kv260-imx219-video/sw/video-pipe-sw-v4/xf_autowhitebalance_accel.cpp' to the project
INFO: [HLS 200-1465] Applying config ini 'syn.file=../xf_autowhitebalance_accel_config.h' from hls_config.cfg(12)
INFO: [HLS 200-10] Adding design file '/home/alen/git/AMD-FPGA-Practice/kv260-imx219-video/sw/video-pipe-sw-v4/xf_autowhitebalance_accel_config.h' to the project
INFO: [HLS 200-1465] Applying config ini 'syn.file=../xf_config_params.h' from hls_config.cfg(13)
INFO: [HLS 200-10] Adding design file '/home/alen/git/AMD-FPGA-Practice/kv260-imx219-video/sw/video-pipe-sw-v4/xf_config_params.h' to the project
INFO: [HLS 200-1465] Applying config ini 'syn.file=../xf_common.hpp' from hls_config.cfg(14)
INFO: [HLS 200-10] Adding design file '/home/alen/git/AMD-FPGA-Practice/kv260-imx219-video/sw/video-pipe-sw-v4/xf_common.hpp' to the project
INFO: [HLS 200-1465] Applying config ini 'syn.file=../xf_params.hpp' from hls_config.cfg(15)
INFO: [HLS 200-10] Adding design file '/home/alen/git/AMD-FPGA-Practice/kv260-imx219-video/sw/video-pipe-sw-v4/xf_params.hpp' to the project
INFO: [HLS 200-1465] Applying config ini 'syn.file=../xf_structs.hpp' from hls_config.cfg(16)
INFO: [HLS 200-10] Adding design file '/home/alen/git/AMD-FPGA-Practice/kv260-imx219-video/sw/video-pipe-sw-v4/xf_structs.hpp' to the project
INFO: [HLS 200-1465] Applying config ini 'syn.file=../xf_types.hpp' from hls_config.cfg(17)
INFO: [HLS 200-10] Adding design file '/home/alen/git/AMD-FPGA-Practice/kv260-imx219-video/sw/video-pipe-sw-v4/xf_types.hpp' to the project
INFO: [HLS 200-1465] Applying config ini 'syn.file=../xf_autowhitebalance.hpp' from hls_config.cfg(18)
INFO: [HLS 200-10] Adding design file '/home/alen/git/AMD-FPGA-Practice/kv260-imx219-video/sw/video-pipe-sw-v4/xf_autowhitebalance.hpp' to the project
INFO: [HLS 200-1465] Applying config ini 'syn.file=../xf_duplicateimage.hpp' from hls_config.cfg(19)
INFO: [HLS 200-10] Adding design file '/home/alen/git/AMD-FPGA-Practice/kv260-imx219-video/sw/video-pipe-sw-v4/xf_duplicateimage.hpp' to the project
INFO: [HLS 200-1465] Applying config ini 'syn.file=../xf_utility.hpp' from hls_config.cfg(20)
INFO: [HLS 200-10] Adding design file '/home/alen/git/AMD-FPGA-Practice/kv260-imx219-video/sw/video-pipe-sw-v4/xf_utility.hpp' to the project
INFO: [HLS 200-1465] Applying config ini 'syn.file=../xf_video_mem.hpp' from hls_config.cfg(21)
INFO: [HLS 200-10] Adding design file '/home/alen/git/AMD-FPGA-Practice/kv260-imx219-video/sw/video-pipe-sw-v4/xf_video_mem.hpp' to the project
INFO: [HLS 200-1465] Applying config ini 'tb.file=../xf_headers.hpp' from hls_config.cfg(8)
INFO: [HLS 200-10] Adding test bench file '/home/alen/git/AMD-FPGA-Practice/kv260-imx219-video/sw/video-pipe-sw-v4/xf_headers.hpp' to the project
INFO: [HLS 200-1465] Applying config ini 'tb.file=../xf_autowhitebalance_tb.cpp' from hls_config.cfg(9)
INFO: [HLS 200-10] Adding test bench file '/home/alen/git/AMD-FPGA-Practice/kv260-imx219-video/sw/video-pipe-sw-v4/xf_autowhitebalance_tb.cpp' to the project
INFO: [HLS 200-1465] Applying config ini 'tb.file=../xf_autowhitebalance_tb_config.h' from hls_config.cfg(10)
INFO: [HLS 200-10] Adding test bench file '/home/alen/git/AMD-FPGA-Practice/kv260-imx219-video/sw/video-pipe-sw-v4/xf_autowhitebalance_tb_config.h' to the project
INFO: [HLS 200-1465] Applying config ini 'syn.top=autowhitebalance_accel' from hls_config.cfg(7)
INFO: [HLS 200-1465] Applying config ini 'flow_target=vivado' from hls_config.cfg(4)
INFO: [HLS 200-1505] Using flow_target 'vivado'
Resolution: For help on HLS 200-1505 see docs.amd.com/access/sources/dita/topic?Doc_Version=2025.2%20English&url=ug1448-hls-guidance&resourceid=200-1505.html
INFO: [HLS 200-1465] Applying config ini 'part=xck26-sfvc784-2LV-c' from hls_config.cfg(1)
INFO: [HLS 200-1465] Applying config ini 'package.output.format=ip_catalog' from hls_config.cfg(5)
INFO: [HLS 200-2176] Writing Vitis IDE component file /home/alen/git/AMD-FPGA-Practice/kv260-imx219-video/sw/video-pipe-sw-v4/awb-hls-L1/autowhitebalance_accel/vitis-comp.json
INFO: [IMPL 213-8] Exporting RTL as a Vivado IP.

****** Vivado v2025.2 (64-bit)
  **** SW Build 6299465 on Fri Nov 14 12:34:56 MST 2025
  **** IP Build 6300035 on Fri Nov 14 10:48:45 MST 2025
  **** SharedData Build 6298862 on Thu Nov 13 04:50:51 MST 2025
  **** Start of session at: Sun Sep 27 23:05:24 2026
    ** Copyright 1986-2022 Xilinx, Inc. All Rights Reserved.
    ** Copyright 2022-2025 Advanced Micro Devices, Inc. All Rights Reserved.

source run_ippack.tcl -notrace
INFO: calling package_hls_ip ip_types=vitis sysgen json_file=/home/alen/git/AMD-FPGA-Practice/kv260-imx219-video/sw/video-pipe-sw-v4/awb-hls-L1/autowhitebalance_accel/hls/hls_data.json outdir=/home/alen/git/AMD-FPGA-Practice/kv260-imx219-video/sw/video-pipe-sw-v4/awb-hls-L1/autowhitebalance_accel/hls/impl/ip srcdir=/home/alen/git/AMD-FPGA-Practice/kv260-imx219-video/sw/video-pipe-sw-v4/awb-hls-L1/autowhitebalance_accel/hls ippack_options_dict= ippack_options_dict=
INFO: Copied 1 ipmisc file(s) to /home/alen/git/AMD-FPGA-Practice/kv260-imx219-video/sw/video-pipe-sw-v4/awb-hls-L1/autowhitebalance_accel/hls/impl/ip/misc
INFO: Copied 52 verilog file(s) to /home/alen/git/AMD-FPGA-Practice/kv260-imx219-video/sw/video-pipe-sw-v4/awb-hls-L1/autowhitebalance_accel/hls/impl/ip/hdl/verilog
INFO: Copied 49 vhdl file(s) to /home/alen/git/AMD-FPGA-Practice/kv260-imx219-video/sw/video-pipe-sw-v4/awb-hls-L1/autowhitebalance_accel/hls/impl/ip/hdl/vhdl
INFO: Copied 10 swdriver file(s) to /home/alen/git/AMD-FPGA-Practice/kv260-imx219-video/sw/video-pipe-sw-v4/awb-hls-L1/autowhitebalance_accel/hls/impl/ip/drivers
Generating 3 subcores in /home/alen/git/AMD-FPGA-Practice/kv260-imx219-video/sw/video-pipe-sw-v4/awb-hls-L1/autowhitebalance_accel/hls/impl/ip/subcore_prj:
impl/misc/autowhitebalance_accel_fmul_32ns_32ns_32_3_max_dsp_1_ip.tcl
impl/misc/autowhitebalance_accel_fpext_32ns_64_2_no_dsp_1_ip.tcl
impl/misc/autowhitebalance_accel_sitofp_32ns_32_4_no_dsp_1_ip.tcl
create_project: Time (s): cpu = 00:00:41 ; elapsed = 00:00:07 . Memory (MB): peak = 1894.316 ; gain = 414.059 ; free physical = 11914 ; free virtual = 28165
INFO: Using COE_DIR=/home/alen/git/AMD-FPGA-Practice/kv260-imx219-video/sw/video-pipe-sw-v4/awb-hls-L1/autowhitebalance_accel/hls/impl/ip/hdl/verilog
INFO: Generating autowhitebalance_accel_fmul_32ns_32ns_32_3_max_dsp_1_ip via file impl/misc/autowhitebalance_accel_fmul_32ns_32ns_32_3_max_dsp_1_ip.tcl
INFO: [IP_Flow 19-234] Refreshing IP repositories
INFO: [IP_Flow 19-1704] No user IP repositories specified
INFO: [IP_Flow 19-2313] Loaded Vivado IP repository '/home/alen/AMD-Xilinx/2025.2/data/ip'.
INFO: [IP_Flow 19-1686] Generating 'Synthesis' target for IP 'autowhitebalance_accel_fmul_32ns_32ns_32_3_max_dsp_1_ip'...
INFO: [IP_Flow 19-1686] Generating 'Simulation' target for IP 'autowhitebalance_accel_fmul_32ns_32ns_32_3_max_dsp_1_ip'...
INFO: Done generating autowhitebalance_accel_fmul_32ns_32ns_32_3_max_dsp_1_ip via file impl/misc/autowhitebalance_accel_fmul_32ns_32ns_32_3_max_dsp_1_ip.tcl
INFO: Generating autowhitebalance_accel_fpext_32ns_64_2_no_dsp_1_ip via file impl/misc/autowhitebalance_accel_fpext_32ns_64_2_no_dsp_1_ip.tcl
INFO: [IP_Flow 19-1686] Generating 'Synthesis' target for IP 'autowhitebalance_accel_fpext_32ns_64_2_no_dsp_1_ip'...
INFO: [IP_Flow 19-1686] Generating 'Simulation' target for IP 'autowhitebalance_accel_fpext_32ns_64_2_no_dsp_1_ip'...
INFO: Done generating autowhitebalance_accel_fpext_32ns_64_2_no_dsp_1_ip via file impl/misc/autowhitebalance_accel_fpext_32ns_64_2_no_dsp_1_ip.tcl
INFO: Generating autowhitebalance_accel_sitofp_32ns_32_4_no_dsp_1_ip via file impl/misc/autowhitebalance_accel_sitofp_32ns_32_4_no_dsp_1_ip.tcl
INFO: [IP_Flow 19-1686] Generating 'Synthesis' target for IP 'autowhitebalance_accel_sitofp_32ns_32_4_no_dsp_1_ip'...
INFO: [IP_Flow 19-1686] Generating 'Simulation' target for IP 'autowhitebalance_accel_sitofp_32ns_32_4_no_dsp_1_ip'...
INFO: Done generating autowhitebalance_accel_sitofp_32ns_32_4_no_dsp_1_ip via file impl/misc/autowhitebalance_accel_sitofp_32ns_32_4_no_dsp_1_ip.tcl
INFO: Found 1 unique subcore IP: xilinx.com:ip:floating_point:7.1
INFO: Copied 3 subcore files: /home/alen/git/AMD-FPGA-Practice/kv260-imx219-video/sw/video-pipe-sw-v4/awb-hls-L1/autowhitebalance_accel/hls/impl/ip/hdl/ip/autowhitebalance_accel_fmul_32ns_32ns_32_3_max_dsp_1_ip/autowhitebalance_accel_fmul_32ns_32ns_32_3_max_dsp_1_ip.xci /home/alen/git/AMD-FPGA-Practice/kv260-imx219-video/sw/video-pipe-sw-v4/awb-hls-L1/autowhitebalance_accel/hls/impl/ip/hdl/ip/autowhitebalance_accel_sitofp_32ns_32_4_no_dsp_1_ip/autowhitebalance_accel_sitofp_32ns_32_4_no_dsp_1_ip.xci /home/alen/git/AMD-FPGA-Practice/kv260-imx219-video/sw/video-pipe-sw-v4/awb-hls-L1/autowhitebalance_accel/hls/impl/ip/hdl/ip/autowhitebalance_accel_fpext_32ns_64_2_no_dsp_1_ip/autowhitebalance_accel_fpext_32ns_64_2_no_dsp_1_ip.xci
INFO: Import ports from HDL: /home/alen/git/AMD-FPGA-Practice/kv260-imx219-video/sw/video-pipe-sw-v4/awb-hls-L1/autowhitebalance_accel/hls/impl/ip/hdl/vhdl/autowhitebalance_accel.vhd (autowhitebalance_accel)
INFO: Add axi4lite interface s_axi_control
INFO: Add clock interface ap_clk
INFO: Add reset interface ap_rst_n
INFO: Add interrupt interface interrupt
INFO: [IP_Flow 19-234] Refreshing IP repositories
INFO: [IP_Flow 19-1704] No user IP repositories specified
INFO: [IP_Flow 19-2313] Loaded Vivado IP repository '/home/alen/AMD-Xilinx/2025.2/data/ip'.
INFO: Add axi4full interface m_axi_gmem1
INFO: Add axi4full interface m_axi_gmem3
INFO: Calling post_process_vitis to specialize IP
INFO: Calling post_process_sysgen to specialize IP
Generating sysgen info xml from json file
INFO: Created IP /home/alen/git/AMD-FPGA-Practice/kv260-imx219-video/sw/video-pipe-sw-v4/awb-hls-L1/autowhitebalance_accel/hls/impl/ip/component.xml
INFO: Created IP archive /home/alen/git/AMD-FPGA-Practice/kv260-imx219-video/sw/video-pipe-sw-v4/awb-hls-L1/autowhitebalance_accel/hls/impl/ip/xilinx_com_hls_autowhitebalance_accel_1_0.zip
INFO: [Common 17-206] Exiting Vivado at Sun Sep 27 23:05:38 2026...
INFO: [HLS 200-802] Generated output file autowhitebalance_accel/autowhitebalance_accel.zip
INFO: [HLS 200-112] Total CPU user time: 51.22 seconds. Total CPU system time: 5.14 seconds. Total elapsed time: 18.29 seconds; peak allocated memory: 330.641 MB.
INFO: [vitis-run 60-791] Total elapsed time: 0h 0m 23s
