

================================================================
== Vitis HLS Report for 'hscale_core_polyphase_Pipeline_loop_width'
================================================================
* Date:           Fri Dec 22 12:32:58 2023

* Version:        2023.2 (Build 4023990 on Oct 11 2023)
* Project:        prj
* Solution:       sol (Vivado IP Flow Target)
* Product family: zynq
* Target device:  xc7z020-clg484-1


================================================================
== Performance Estimates
================================================================
+ Timing: 
    * Summary: 
    +--------+---------+----------+------------+
    |  Clock |  Target | Estimated| Uncertainty|
    +--------+---------+----------+------------+
    |ap_clk  |  7.00 ns|  6.481 ns|     1.89 ns|
    +--------+---------+----------+------------+

+ Latency: 
    * Summary: 
    +---------+---------+----------+-----------+-----+------+---------+
    |  Latency (cycles) |  Latency (absolute)  |  Interval  | Pipeline|
    |   min   |   max   |    min   |    max    | min |  max |   Type  |
    +---------+---------+----------+-----------+-----+------+---------+
    |       36|     1940|  0.252 us|  13.580 us|   36|  1940|       no|
    +---------+---------+----------+-----------+-----+------+---------+

    + Detail: 
        * Instance: 
        N/A

        * Loop: 
        +--------------+---------+---------+----------+-----------+-----------+-----------+----------+
        |              |  Latency (cycles) | Iteration|  Initiation Interval  |    Trip   |          |
        |   Loop Name  |   min   |   max   |  Latency |  achieved |   target  |   Count   | Pipelined|
        +--------------+---------+---------+----------+-----------+-----------+-----------+----------+
        |- loop_width  |       34|     1938|        15|          1|          1|  21 ~ 1925|       yes|
        +--------------+---------+---------+----------+-----------+-----------+-----------+----------+

============================================================
+ Verbose Summary: Synthesis Manager
============================================================
InlineROM: 1
ExposeGlobal: 0
============================================================
+ Verbose Summary: CDFG Model
============================================================
IsTopModel: 0
ResetActiveHigh: 1
IsCombinational: 0
IsDatapathOnly: 0
HasWiredReturn: 1
HasMFsm: 2
HasVarLatency: 1
IsPipeline: 0
IsRtlPipelined: 0
IsInstanceOverlapped: 0
IsDontTouch: 0
HasImplIP: 0
IsGatedGlobalClock: 0

+ Individual pipeline summary: 
  * Pipeline-0: initiation interval (II) = 1, depth = 15


============================================================
+ Verbose Summary: Schedule
============================================================
* Number of FSM states : 15
* Pipeline : 1
  Pipeline-0 : II = 1, D = 15, States = { 1 2 3 4 5 6 7 8 9 10 11 12 13 14 15 }
* Dataflow Pipeline: 0

* FSM state transitions: 
1 --> 2 
2 --> 3 
3 --> 4 
4 --> 5 
5 --> 6 
6 --> 7 
7 --> 8 
8 --> 9 
9 --> 10 
10 --> 11 
11 --> 12 
12 --> 13 
13 --> 14 
14 --> 15 
15 --> 

* FSM state operations: 

State 1 <SV = 0> <Delay = 6.48>
ST_1 : Operation 18 [1/1] (0.00ns)   --->   "%x = alloca i32 1" [G:/Project-Workspace/zynq-7020-video-pipe-3/hw/video-pipe-hw-v5/hw_011223.runs/bd_8126_hsc_0_synth_1/prj/sol/.autopilot/db/v_hscaler.cpp:632]   --->   Operation 18 'alloca' 'x' <Predicate = true> <Delay = 0.00>
ST_1 : Operation 19 [1/1] (0.00ns)   --->   "%xReadPos = alloca i32 1" [G:/Project-Workspace/zynq-7020-video-pipe-3/hw/video-pipe-hw-v5/hw_011223.runs/bd_8126_hsc_0_synth_1/prj/sol/.autopilot/db/v_hscaler.cpp:631]   --->   Operation 19 'alloca' 'xReadPos' <Predicate = true> <Delay = 0.00>
ST_1 : Operation 20 [1/1] (0.00ns)   --->   "%ReadEn = alloca i32 1" [G:/Project-Workspace/zynq-7020-video-pipe-3/hw/video-pipe-hw-v5/hw_011223.runs/bd_8126_hsc_0_synth_1/prj/sol/.autopilot/db/v_hscaler.cpp:685]   --->   Operation 20 'alloca' 'ReadEn' <Predicate = true> <Delay = 0.00>
ST_1 : Operation 21 [1/1] (0.00ns)   --->   "%zext_ln682_read = read i16 @_ssdm_op_Read.ap_auto.i16, i16 %zext_ln682"   --->   Operation 21 'read' 'zext_ln682_read' <Predicate = true> <Delay = 0.00>
ST_1 : Operation 22 [1/1] (0.00ns)   --->   "%LoopSize_read = read i11 @_ssdm_op_Read.ap_auto.i11, i11 %LoopSize"   --->   Operation 22 'read' 'LoopSize_read' <Predicate = true> <Delay = 0.00>
ST_1 : Operation 23 [1/1] (0.00ns)   --->   "%add_ln682_read = read i11 @_ssdm_op_Read.ap_auto.i11, i11 %add_ln682"   --->   Operation 23 'read' 'add_ln682_read' <Predicate = true> <Delay = 0.00>
ST_1 : Operation 24 [1/1] (0.00ns)   --->   "%zext_ln682_cast = zext i16 %zext_ln682_read"   --->   Operation 24 'zext' 'zext_ln682_cast' <Predicate = true> <Delay = 0.00>
ST_1 : Operation 25 [1/1] (0.00ns)   --->   "%specmemcore_ln0 = specmemcore void @_ssdm_op_SpecMemCore, i16 %FiltCoeff, i64 666, i64 19, i64 18446744073709551615"   --->   Operation 25 'specmemcore' 'specmemcore_ln0' <Predicate = true> <Delay = 0.00>
ST_1 : Operation 26 [1/1] (0.00ns)   --->   "%specmemcore_ln0 = specmemcore void @_ssdm_op_SpecMemCore, i16 %FiltCoeff_1, i64 666, i64 19, i64 18446744073709551615"   --->   Operation 26 'specmemcore' 'specmemcore_ln0' <Predicate = true> <Delay = 0.00>
ST_1 : Operation 27 [1/1] (0.00ns)   --->   "%specmemcore_ln0 = specmemcore void @_ssdm_op_SpecMemCore, i16 %FiltCoeff_2, i64 666, i64 19, i64 18446744073709551615"   --->   Operation 27 'specmemcore' 'specmemcore_ln0' <Predicate = true> <Delay = 0.00>
ST_1 : Operation 28 [1/1] (0.00ns)   --->   "%specmemcore_ln0 = specmemcore void @_ssdm_op_SpecMemCore, i16 %FiltCoeff_3, i64 666, i64 19, i64 18446744073709551615"   --->   Operation 28 'specmemcore' 'specmemcore_ln0' <Predicate = true> <Delay = 0.00>
ST_1 : Operation 29 [1/1] (0.00ns)   --->   "%specmemcore_ln0 = specmemcore void @_ssdm_op_SpecMemCore, i16 %FiltCoeff_4, i64 666, i64 19, i64 18446744073709551615"   --->   Operation 29 'specmemcore' 'specmemcore_ln0' <Predicate = true> <Delay = 0.00>
ST_1 : Operation 30 [1/1] (0.00ns)   --->   "%specmemcore_ln0 = specmemcore void @_ssdm_op_SpecMemCore, i16 %FiltCoeff_5, i64 666, i64 19, i64 18446744073709551615"   --->   Operation 30 'specmemcore' 'specmemcore_ln0' <Predicate = true> <Delay = 0.00>
ST_1 : Operation 31 [1/1] (0.00ns)   --->   "%specmemcore_ln0 = specmemcore void @_ssdm_op_SpecMemCore, i9 %phasesH, i64 666, i64 207, i64 1"   --->   Operation 31 'specmemcore' 'specmemcore_ln0' <Predicate = true> <Delay = 0.00>
ST_1 : Operation 32 [1/1] (0.00ns)   --->   "%specinterface_ln0 = specinterface void @_ssdm_op_SpecInterface, i9 %phasesH, void @empty_1, i32 0, i32 0, void @empty_10, i32 1, i32 0, void @empty_10, void @empty_10, void @empty_10, i32 0, i32 0, i32 0, i32 0, void @empty_10, void @empty_10, i32 4294967295, i32 0"   --->   Operation 32 'specinterface' 'specinterface_ln0' <Predicate = true> <Delay = 0.00>
ST_1 : Operation 33 [1/1] (0.00ns)   --->   "%specinterface_ln0 = specinterface void @_ssdm_op_SpecInterface, i30 %stream_upsampled, void @empty_23, i32 0, i32 0, void @empty_10, i32 0, i32 0, void @empty_10, void @empty_10, void @empty_10, i32 0, i32 0, i32 0, i32 0, void @empty_10, void @empty_10, i32 4294967295, i32 0"   --->   Operation 33 'specinterface' 'specinterface_ln0' <Predicate = true> <Delay = 0.00>
ST_1 : Operation 34 [1/1] (0.00ns)   --->   "%specinterface_ln0 = specinterface void @_ssdm_op_SpecInterface, i30 %stream_scaled, void @empty_23, i32 0, i32 0, void @empty_10, i32 0, i32 0, void @empty_10, void @empty_10, void @empty_10, i32 0, i32 0, i32 0, i32 0, void @empty_10, void @empty_10, i32 4294967295, i32 0"   --->   Operation 34 'specinterface' 'specinterface_ln0' <Predicate = true> <Delay = 0.00>
ST_1 : Operation 35 [1/1] (1.58ns)   --->   "%store_ln685 = store i32 1, i32 %ReadEn" [G:/Project-Workspace/zynq-7020-video-pipe-3/hw/video-pipe-hw-v5/hw_011223.runs/bd_8126_hsc_0_synth_1/prj/sol/.autopilot/db/v_hscaler.cpp:685]   --->   Operation 35 'store' 'store_ln685' <Predicate = true> <Delay = 1.58>
ST_1 : Operation 36 [1/1] (1.58ns)   --->   "%store_ln631 = store i16 0, i16 %xReadPos" [G:/Project-Workspace/zynq-7020-video-pipe-3/hw/video-pipe-hw-v5/hw_011223.runs/bd_8126_hsc_0_synth_1/prj/sol/.autopilot/db/v_hscaler.cpp:631]   --->   Operation 36 'store' 'store_ln631' <Predicate = true> <Delay = 1.58>
ST_1 : Operation 37 [1/1] (1.58ns)   --->   "%store_ln632 = store i11 0, i11 %x" [G:/Project-Workspace/zynq-7020-video-pipe-3/hw/video-pipe-hw-v5/hw_011223.runs/bd_8126_hsc_0_synth_1/prj/sol/.autopilot/db/v_hscaler.cpp:632]   --->   Operation 37 'store' 'store_ln632' <Predicate = true> <Delay = 1.58>
ST_1 : Operation 38 [1/1] (0.00ns)   --->   "%br_ln0 = br void %for.body53"   --->   Operation 38 'br' 'br_ln0' <Predicate = true> <Delay = 0.00>
ST_1 : Operation 39 [1/1] (0.00ns)   --->   "%x_5 = load i11 %x" [G:/Project-Workspace/zynq-7020-video-pipe-3/hw/video-pipe-hw-v5/hw_011223.runs/bd_8126_hsc_0_synth_1/prj/sol/.autopilot/db/v_hscaler.cpp:762]   --->   Operation 39 'load' 'x_5' <Predicate = true> <Delay = 0.00>
ST_1 : Operation 40 [1/1] (1.63ns)   --->   "%icmp_ln698 = icmp_eq  i11 %x_5, i11 %add_ln682_read" [G:/Project-Workspace/zynq-7020-video-pipe-3/hw/video-pipe-hw-v5/hw_011223.runs/bd_8126_hsc_0_synth_1/prj/sol/.autopilot/db/v_hscaler.cpp:698]   --->   Operation 40 'icmp' 'icmp_ln698' <Predicate = true> <Delay = 1.63> <CoreInst = "Cmp">   --->   Core 9 'Cmp' <Latency = 0> <II = 1> <Delay = 1.63> <FuncUnit> <Opcode : 'icmp'> <InPorts = 2> <OutPorts = 1>
ST_1 : Operation 41 [1/1] (1.63ns)   --->   "%add_ln698 = add i11 %x_5, i11 1" [G:/Project-Workspace/zynq-7020-video-pipe-3/hw/video-pipe-hw-v5/hw_011223.runs/bd_8126_hsc_0_synth_1/prj/sol/.autopilot/db/v_hscaler.cpp:698]   --->   Operation 41 'add' 'add_ln698' <Predicate = true> <Delay = 1.63> <CoreInst = "Adder">   --->   Core 1 'Adder' <Latency = 0> <II = 1> <Delay = 1.63> <FuncUnit> <Opcode : 'add' 'sub'> <InPorts = 2> <OutPorts = 1>
ST_1 : Operation 42 [1/1] (0.00ns)   --->   "%br_ln698 = br i1 %icmp_ln698, void %for.body53.split, void %for.inc190.exitStub" [G:/Project-Workspace/zynq-7020-video-pipe-3/hw/video-pipe-hw-v5/hw_011223.runs/bd_8126_hsc_0_synth_1/prj/sol/.autopilot/db/v_hscaler.cpp:698]   --->   Operation 42 'br' 'br_ln698' <Predicate = true> <Delay = 0.00>
ST_1 : Operation 43 [1/1] (0.00ns)   --->   "%tmp_23 = partselect i9 @_ssdm_op_PartSelect.i9.i11.i32.i32, i11 %x_5, i32 2, i32 10" [G:/Project-Workspace/zynq-7020-video-pipe-3/hw/video-pipe-hw-v5/hw_011223.runs/bd_8126_hsc_0_synth_1/prj/sol/.autopilot/db/v_hscaler.cpp:760]   --->   Operation 43 'partselect' 'tmp_23' <Predicate = (!icmp_ln698)> <Delay = 0.00>
ST_1 : Operation 44 [1/1] (1.82ns)   --->   "%icmp_ln760 = icmp_eq  i9 %tmp_23, i9 0" [G:/Project-Workspace/zynq-7020-video-pipe-3/hw/video-pipe-hw-v5/hw_011223.runs/bd_8126_hsc_0_synth_1/prj/sol/.autopilot/db/v_hscaler.cpp:760]   --->   Operation 44 'icmp' 'icmp_ln760' <Predicate = (!icmp_ln698)> <Delay = 1.82> <CoreInst = "Cmp">   --->   Core 9 'Cmp' <Latency = 0> <II = 1> <Delay = 1.82> <FuncUnit> <Opcode : 'icmp'> <InPorts = 2> <OutPorts = 1>
ST_1 : Operation 45 [1/1] (0.00ns)   --->   "%br_ln760 = br i1 %icmp_ln760, void %loop_samples, void %for.inc185" [G:/Project-Workspace/zynq-7020-video-pipe-3/hw/video-pipe-hw-v5/hw_011223.runs/bd_8126_hsc_0_synth_1/prj/sol/.autopilot/db/v_hscaler.cpp:760]   --->   Operation 45 'br' 'br_ln760' <Predicate = (!icmp_ln698)> <Delay = 0.00>
ST_1 : Operation 46 [1/1] (1.63ns)   --->   "%xbySamples = add i11 %x_5, i11 2044" [G:/Project-Workspace/zynq-7020-video-pipe-3/hw/video-pipe-hw-v5/hw_011223.runs/bd_8126_hsc_0_synth_1/prj/sol/.autopilot/db/v_hscaler.cpp:762]   --->   Operation 46 'add' 'xbySamples' <Predicate = (!icmp_ln698 & !icmp_ln760)> <Delay = 1.63> <CoreInst = "Adder">   --->   Core 1 'Adder' <Latency = 0> <II = 1> <Delay = 1.63> <FuncUnit> <Opcode : 'add' 'sub'> <InPorts = 2> <OutPorts = 1>
ST_1 : Operation 47 [1/1] (0.00ns)   --->   "%zext_ln767 = zext i11 %xbySamples" [G:/Project-Workspace/zynq-7020-video-pipe-3/hw/video-pipe-hw-v5/hw_011223.runs/bd_8126_hsc_0_synth_1/prj/sol/.autopilot/db/v_hscaler.cpp:767]   --->   Operation 47 'zext' 'zext_ln767' <Predicate = (!icmp_ln698 & !icmp_ln760)> <Delay = 0.00>
ST_1 : Operation 48 [1/1] (0.00ns)   --->   "%phasesH_addr = getelementptr i9 %phasesH, i64 0, i64 %zext_ln767" [G:/Project-Workspace/zynq-7020-video-pipe-3/hw/video-pipe-hw-v5/hw_011223.runs/bd_8126_hsc_0_synth_1/prj/sol/.autopilot/db/v_hscaler.cpp:767]   --->   Operation 48 'getelementptr' 'phasesH_addr' <Predicate = (!icmp_ln698 & !icmp_ln760)> <Delay = 0.00>
ST_1 : Operation 49 [2/2] (3.25ns)   --->   "%phasesH_load = load i11 %phasesH_addr" [G:/Project-Workspace/zynq-7020-video-pipe-3/hw/video-pipe-hw-v5/hw_011223.runs/bd_8126_hsc_0_synth_1/prj/sol/.autopilot/db/v_hscaler.cpp:767]   --->   Operation 49 'load' 'phasesH_load' <Predicate = (!icmp_ln698 & !icmp_ln760)> <Delay = 3.25> <CoreInst = "RAM_1P">   --->   Core 86 'RAM_1P' <Latency = 1> <II = 1> <Delay = 3.25> <Storage> <Opcode : 'load' 'store'> <Ports = 1> <Width = 9> <Depth = 1920> <RAM>
ST_1 : Operation 50 [1/1] (1.58ns)   --->   "%store_ln632 = store i11 %add_ln698, i11 %x" [G:/Project-Workspace/zynq-7020-video-pipe-3/hw/video-pipe-hw-v5/hw_011223.runs/bd_8126_hsc_0_synth_1/prj/sol/.autopilot/db/v_hscaler.cpp:632]   --->   Operation 50 'store' 'store_ln632' <Predicate = (!icmp_ln698)> <Delay = 1.58>
ST_1 : Operation 51 [1/1] (0.00ns)   --->   "%br_ln698 = br void %for.body53" [G:/Project-Workspace/zynq-7020-video-pipe-3/hw/video-pipe-hw-v5/hw_011223.runs/bd_8126_hsc_0_synth_1/prj/sol/.autopilot/db/v_hscaler.cpp:698]   --->   Operation 51 'br' 'br_ln698' <Predicate = (!icmp_ln698)> <Delay = 0.00>

State 2 <SV = 1> <Delay = 3.25>
ST_2 : Operation 52 [1/2] (3.25ns)   --->   "%phasesH_load = load i11 %phasesH_addr" [G:/Project-Workspace/zynq-7020-video-pipe-3/hw/video-pipe-hw-v5/hw_011223.runs/bd_8126_hsc_0_synth_1/prj/sol/.autopilot/db/v_hscaler.cpp:767]   --->   Operation 52 'load' 'phasesH_load' <Predicate = (!icmp_ln698 & !icmp_ln760)> <Delay = 3.25> <CoreInst = "RAM_1P">   --->   Core 86 'RAM_1P' <Latency = 1> <II = 1> <Delay = 3.25> <Storage> <Opcode : 'load' 'store'> <Ports = 1> <Width = 9> <Depth = 1920> <RAM>
ST_2 : Operation 53 [2/2] (0.00ns)   --->   "%phases = call i9 @reg<ap_uint<9> >, i9 %phasesH_load" [G:/Project-Workspace/zynq-7020-video-pipe-3/hw/video-pipe-hw-v5/hw_011223.runs/bd_8126_hsc_0_synth_1/prj/sol/.autopilot/db/v_hscaler.cpp:767]   --->   Operation 53 'call' 'phases' <Predicate = (!icmp_ln698 & !icmp_ln760)> <Delay = 0.00> <CoreType = "Generic">   --->   Core 0 '' <Latency = 0> <II = 1> <Delay = 1.00> <Generic> <Opcode : >

State 3 <SV = 2> <Delay = 4.47>
ST_3 : Operation 54 [1/1] (0.00ns)   --->   "%xReadPos_2 = load i16 %xReadPos" [G:/Project-Workspace/zynq-7020-video-pipe-3/hw/video-pipe-hw-v5/hw_011223.runs/bd_8126_hsc_0_synth_1/prj/sol/.autopilot/db/v_hscaler.cpp:797]   --->   Operation 54 'load' 'xReadPos_2' <Predicate = true> <Delay = 0.00>
ST_3 : Operation 55 [1/1] (0.00ns)   --->   "%ReadEn_load = load i32 %ReadEn" [G:/Project-Workspace/zynq-7020-video-pipe-3/hw/video-pipe-hw-v5/hw_011223.runs/bd_8126_hsc_0_synth_1/prj/sol/.autopilot/db/v_hscaler.cpp:708]   --->   Operation 55 'load' 'ReadEn_load' <Predicate = (!icmp_ln698)> <Delay = 0.00>
ST_3 : Operation 56 [1/1] (0.00ns)   --->   "%specpipeline_ln702 = specpipeline void @_ssdm_op_SpecPipeline, i32 1, i32 0, i32 0, i32 0, void @empty_10" [G:/Project-Workspace/zynq-7020-video-pipe-3/hw/video-pipe-hw-v5/hw_011223.runs/bd_8126_hsc_0_synth_1/prj/sol/.autopilot/db/v_hscaler.cpp:702]   --->   Operation 56 'specpipeline' 'specpipeline_ln702' <Predicate = (!icmp_ln698)> <Delay = 0.00>
ST_3 : Operation 57 [1/1] (0.00ns)   --->   "%speclooptripcount_ln639 = speclooptripcount void @_ssdm_op_SpecLoopTripCount, i64 21, i64 1925, i64 973" [G:/Project-Workspace/zynq-7020-video-pipe-3/hw/video-pipe-hw-v5/hw_011223.runs/bd_8126_hsc_0_synth_1/prj/sol/.autopilot/db/v_hscaler.cpp:639]   --->   Operation 57 'speclooptripcount' 'speclooptripcount_ln639' <Predicate = (!icmp_ln698)> <Delay = 0.00>
ST_3 : Operation 58 [1/1] (0.00ns)   --->   "%specloopname_ln698 = specloopname void @_ssdm_op_SpecLoopName, void @empty_26" [G:/Project-Workspace/zynq-7020-video-pipe-3/hw/video-pipe-hw-v5/hw_011223.runs/bd_8126_hsc_0_synth_1/prj/sol/.autopilot/db/v_hscaler.cpp:698]   --->   Operation 58 'specloopname' 'specloopname_ln698' <Predicate = (!icmp_ln698)> <Delay = 0.00>
ST_3 : Operation 59 [1/1] (2.55ns)   --->   "%icmp_ln708 = icmp_eq  i32 %ReadEn_load, i32 0" [G:/Project-Workspace/zynq-7020-video-pipe-3/hw/video-pipe-hw-v5/hw_011223.runs/bd_8126_hsc_0_synth_1/prj/sol/.autopilot/db/v_hscaler.cpp:708]   --->   Operation 59 'icmp' 'icmp_ln708' <Predicate = (!icmp_ln698)> <Delay = 2.55> <CoreInst = "Cmp">   --->   Core 9 'Cmp' <Latency = 0> <II = 1> <Delay = 2.55> <FuncUnit> <Opcode : 'icmp'> <InPorts = 2> <OutPorts = 1>
ST_3 : Operation 60 [1/1] (0.00ns)   --->   "%br_ln708 = br i1 %icmp_ln708, void %VITIS_LOOP_711_2, void %if.end122" [G:/Project-Workspace/zynq-7020-video-pipe-3/hw/video-pipe-hw-v5/hw_011223.runs/bd_8126_hsc_0_synth_1/prj/sol/.autopilot/db/v_hscaler.cpp:708]   --->   Operation 60 'br' 'br_ln708' <Predicate = (!icmp_ln698)> <Delay = 0.00>
ST_3 : Operation 61 [1/1] (0.00ns)   --->   "%tmp = partselect i10 @_ssdm_op_PartSelect.i10.i11.i32.i32, i11 %x_5, i32 1, i32 10" [G:/Project-Workspace/zynq-7020-video-pipe-3/hw/video-pipe-hw-v5/hw_011223.runs/bd_8126_hsc_0_synth_1/prj/sol/.autopilot/db/v_hscaler.cpp:762]   --->   Operation 61 'partselect' 'tmp' <Predicate = (!icmp_ln698 & !icmp_ln708)> <Delay = 0.00>
ST_3 : Operation 62 [1/1] (1.73ns)   --->   "%icmp = icmp_eq  i10 %tmp, i10 0" [G:/Project-Workspace/zynq-7020-video-pipe-3/hw/video-pipe-hw-v5/hw_011223.runs/bd_8126_hsc_0_synth_1/prj/sol/.autopilot/db/v_hscaler.cpp:762]   --->   Operation 62 'icmp' 'icmp' <Predicate = (!icmp_ln698 & !icmp_ln708)> <Delay = 1.73> <CoreInst = "Cmp">   --->   Core 9 'Cmp' <Latency = 0> <II = 1> <Delay = 1.73> <FuncUnit> <Opcode : 'icmp'> <InPorts = 2> <OutPorts = 1>
ST_3 : Operation 63 [1/1] (0.00ns)   --->   "%zext_ln721 = zext i16 %xReadPos_2" [G:/Project-Workspace/zynq-7020-video-pipe-3/hw/video-pipe-hw-v5/hw_011223.runs/bd_8126_hsc_0_synth_1/prj/sol/.autopilot/db/v_hscaler.cpp:721]   --->   Operation 63 'zext' 'zext_ln721' <Predicate = (!icmp_ln698 & !icmp_ln708)> <Delay = 0.00>
ST_3 : Operation 64 [1/1] (2.07ns)   --->   "%add_ln721 = add i17 %zext_ln721, i17 4" [G:/Project-Workspace/zynq-7020-video-pipe-3/hw/video-pipe-hw-v5/hw_011223.runs/bd_8126_hsc_0_synth_1/prj/sol/.autopilot/db/v_hscaler.cpp:721]   --->   Operation 64 'add' 'add_ln721' <Predicate = (!icmp_ln698 & !icmp_ln708)> <Delay = 2.07> <CoreInst = "Adder">   --->   Core 1 'Adder' <Latency = 0> <II = 1> <Delay = 2.07> <FuncUnit> <Opcode : 'add' 'sub'> <InPorts = 2> <OutPorts = 1>
ST_3 : Operation 65 [1/1] (2.10ns)   --->   "%icmp_ln721 = icmp_ult  i17 %add_ln721, i17 %zext_ln682_cast" [G:/Project-Workspace/zynq-7020-video-pipe-3/hw/video-pipe-hw-v5/hw_011223.runs/bd_8126_hsc_0_synth_1/prj/sol/.autopilot/db/v_hscaler.cpp:721]   --->   Operation 65 'icmp' 'icmp_ln721' <Predicate = (!icmp_ln698 & !icmp_ln708)> <Delay = 2.10> <CoreInst = "Cmp">   --->   Core 9 'Cmp' <Latency = 0> <II = 1> <Delay = 2.10> <FuncUnit> <Opcode : 'icmp'> <InPorts = 2> <OutPorts = 1>
ST_3 : Operation 66 [1/1] (0.00ns)   --->   "%br_ln721 = br i1 %icmp_ln721, void %if.end122, void %VITIS_LOOP_728_3" [G:/Project-Workspace/zynq-7020-video-pipe-3/hw/video-pipe-hw-v5/hw_011223.runs/bd_8126_hsc_0_synth_1/prj/sol/.autopilot/db/v_hscaler.cpp:721]   --->   Operation 66 'br' 'br_ln721' <Predicate = (!icmp_ln698 & !icmp_ln708)> <Delay = 0.00>
ST_3 : Operation 67 [1/2] (0.00ns)   --->   "%phases = call i9 @reg<ap_uint<9> >, i9 %phasesH_load" [G:/Project-Workspace/zynq-7020-video-pipe-3/hw/video-pipe-hw-v5/hw_011223.runs/bd_8126_hsc_0_synth_1/prj/sol/.autopilot/db/v_hscaler.cpp:767]   --->   Operation 67 'call' 'phases' <Predicate = (!icmp_ln698 & !icmp_ln760)> <Delay = 0.00> <CoreType = "Generic">   --->   Core 0 '' <Latency = 0> <II = 1> <Delay = 1.00> <Generic> <Opcode : >
ST_3 : Operation 68 [1/1] (0.00ns)   --->   "%trunc_ln776 = trunc i9 %phases" [G:/Project-Workspace/zynq-7020-video-pipe-3/hw/video-pipe-hw-v5/hw_011223.runs/bd_8126_hsc_0_synth_1/prj/sol/.autopilot/db/v_hscaler.cpp:776]   --->   Operation 68 'trunc' 'trunc_ln776' <Predicate = (!icmp_ln698 & !icmp_ln760)> <Delay = 0.00>
ST_3 : Operation 69 [1/1] (0.00ns)   --->   "%ArrayLoc = partselect i2 @_ssdm_op_PartSelect.i2.i9.i32.i32, i9 %phases, i32 6, i32 7" [G:/Project-Workspace/zynq-7020-video-pipe-3/hw/video-pipe-hw-v5/hw_011223.runs/bd_8126_hsc_0_synth_1/prj/sol/.autopilot/db/v_hscaler.cpp:778]   --->   Operation 69 'partselect' 'ArrayLoc' <Predicate = (!icmp_ln698 & !icmp_ln760)> <Delay = 0.00>
ST_3 : Operation 70 [1/1] (0.00ns)   --->   "%OutputWriteEn = bitselect i1 @_ssdm_op_BitSelect.i1.i9.i32, i9 %phases, i32 8" [G:/Project-Workspace/zynq-7020-video-pipe-3/hw/video-pipe-hw-v5/hw_011223.runs/bd_8126_hsc_0_synth_1/prj/sol/.autopilot/db/v_hscaler.cpp:780]   --->   Operation 70 'bitselect' 'OutputWriteEn' <Predicate = (!icmp_ln698 & !icmp_ln760)> <Delay = 0.00>
ST_3 : Operation 71 [1/1] (1.56ns)   --->   "%ReadEn_1 = icmp_ne  i2 %ArrayLoc, i2 0" [G:/Project-Workspace/zynq-7020-video-pipe-3/hw/video-pipe-hw-v5/hw_011223.runs/bd_8126_hsc_0_synth_1/prj/sol/.autopilot/db/v_hscaler.cpp:782]   --->   Operation 71 'icmp' 'ReadEn_1' <Predicate = (!icmp_ln698 & !icmp_ln760)> <Delay = 1.56> <CoreInst = "Cmp">   --->   Core 9 'Cmp' <Latency = 0> <II = 1> <Delay = 1.56> <FuncUnit> <Opcode : 'icmp'> <InPorts = 2> <OutPorts = 1>
ST_3 : Operation 72 [1/1] (0.00ns)   --->   "%zext_ln782 = zext i1 %ReadEn_1" [G:/Project-Workspace/zynq-7020-video-pipe-3/hw/video-pipe-hw-v5/hw_011223.runs/bd_8126_hsc_0_synth_1/prj/sol/.autopilot/db/v_hscaler.cpp:782]   --->   Operation 72 'zext' 'zext_ln782' <Predicate = (!icmp_ln698 & !icmp_ln760)> <Delay = 0.00>
ST_3 : Operation 73 [1/1] (2.07ns)   --->   "%xReadPos_4 = add i16 %xReadPos_2, i16 1" [G:/Project-Workspace/zynq-7020-video-pipe-3/hw/video-pipe-hw-v5/hw_011223.runs/bd_8126_hsc_0_synth_1/prj/sol/.autopilot/db/v_hscaler.cpp:797]   --->   Operation 73 'add' 'xReadPos_4' <Predicate = (!icmp_ln698 & !icmp_ln760)> <Delay = 2.07> <CoreInst = "Adder">   --->   Core 1 'Adder' <Latency = 0> <II = 1> <Delay = 2.07> <FuncUnit> <Opcode : 'add' 'sub'> <InPorts = 2> <OutPorts = 1>
ST_3 : Operation 74 [1/1] (0.80ns)   --->   "%xReadPos_5 = select i1 %ReadEn_1, i16 %xReadPos_4, i16 %xReadPos_2" [G:/Project-Workspace/zynq-7020-video-pipe-3/hw/video-pipe-hw-v5/hw_011223.runs/bd_8126_hsc_0_synth_1/prj/sol/.autopilot/db/v_hscaler.cpp:795]   --->   Operation 74 'select' 'xReadPos_5' <Predicate = (!icmp_ln698 & !icmp_ln760)> <Delay = 0.80> <CoreInst = "Sel">   --->   Core 73 'Sel' <Latency = 0> <II = 1> <Delay = 0.80> <FuncUnit> <Opcode : 'select'> <InPorts = 3> <OutPorts = 1>
ST_3 : Operation 75 [1/1] (1.63ns)   --->   "%icmp_ln802 = icmp_ult  i11 %x_5, i11 %LoopSize_read" [G:/Project-Workspace/zynq-7020-video-pipe-3/hw/video-pipe-hw-v5/hw_011223.runs/bd_8126_hsc_0_synth_1/prj/sol/.autopilot/db/v_hscaler.cpp:802]   --->   Operation 75 'icmp' 'icmp_ln802' <Predicate = (!icmp_ln698 & !icmp_ln760)> <Delay = 1.63> <CoreInst = "Cmp">   --->   Core 9 'Cmp' <Latency = 0> <II = 1> <Delay = 1.63> <FuncUnit> <Opcode : 'icmp'> <InPorts = 2> <OutPorts = 1>
ST_3 : Operation 76 [1/1] (0.97ns)   --->   "%and_ln802 = and i1 %OutputWriteEn, i1 %icmp_ln802" [G:/Project-Workspace/zynq-7020-video-pipe-3/hw/video-pipe-hw-v5/hw_011223.runs/bd_8126_hsc_0_synth_1/prj/sol/.autopilot/db/v_hscaler.cpp:802]   --->   Operation 76 'and' 'and_ln802' <Predicate = (!icmp_ln698 & !icmp_ln760)> <Delay = 0.97> <CoreInst = "LogicGate">   --->   Core 74 'LogicGate' <Latency = 0> <II = 1> <Delay = 0.97> <FuncUnit> <Opcode : 'and' 'or' 'xor'> <InPorts = 2> <OutPorts = 1>
ST_3 : Operation 77 [1/1] (0.00ns)   --->   "%br_ln802 = br i1 %and_ln802, void %if.end183, void %if.then182" [G:/Project-Workspace/zynq-7020-video-pipe-3/hw/video-pipe-hw-v5/hw_011223.runs/bd_8126_hsc_0_synth_1/prj/sol/.autopilot/db/v_hscaler.cpp:802]   --->   Operation 77 'br' 'br_ln802' <Predicate = (!icmp_ln698 & !icmp_ln760)> <Delay = 0.00>
ST_3 : Operation 78 [1/1] (1.58ns)   --->   "%store_ln685 = store i32 %zext_ln782, i32 %ReadEn" [G:/Project-Workspace/zynq-7020-video-pipe-3/hw/video-pipe-hw-v5/hw_011223.runs/bd_8126_hsc_0_synth_1/prj/sol/.autopilot/db/v_hscaler.cpp:685]   --->   Operation 78 'store' 'store_ln685' <Predicate = (!icmp_ln698 & !icmp_ln760)> <Delay = 1.58>
ST_3 : Operation 79 [1/1] (1.58ns)   --->   "%store_ln631 = store i16 %xReadPos_5, i16 %xReadPos" [G:/Project-Workspace/zynq-7020-video-pipe-3/hw/video-pipe-hw-v5/hw_011223.runs/bd_8126_hsc_0_synth_1/prj/sol/.autopilot/db/v_hscaler.cpp:631]   --->   Operation 79 'store' 'store_ln631' <Predicate = (!icmp_ln698 & !icmp_ln760)> <Delay = 1.58>
ST_3 : Operation 80 [1/1] (0.00ns)   --->   "%br_ln975 = br void %for.inc185" [G:/Project-Workspace/zynq-7020-video-pipe-3/hw/video-pipe-hw-v5/hw_011223.runs/bd_8126_hsc_0_synth_1/prj/sol/.autopilot/db/v_hscaler.cpp:975]   --->   Operation 80 'br' 'br_ln975' <Predicate = (!icmp_ln698 & !icmp_ln760)> <Delay = 0.00>

State 4 <SV = 3> <Delay = 2.55>
ST_4 : Operation 81 [1/1] (0.00ns)   --->   "%PixArray_24_out_load = load i10 %PixArray_24_out" [G:/Project-Workspace/zynq-7020-video-pipe-3/hw/video-pipe-hw-v5/hw_011223.runs/bd_8126_hsc_0_synth_1/prj/sol/.autopilot/db/v_hscaler.cpp:639]   --->   Operation 81 'load' 'PixArray_24_out_load' <Predicate = (!icmp_ln708)> <Delay = 0.00>
ST_4 : Operation 82 [1/1] (0.00ns)   --->   "%PixArray_46_out_load = load i10 %PixArray_46_out" [G:/Project-Workspace/zynq-7020-video-pipe-3/hw/video-pipe-hw-v5/hw_011223.runs/bd_8126_hsc_0_synth_1/prj/sol/.autopilot/db/v_hscaler.cpp:639]   --->   Operation 82 'load' 'PixArray_46_out_load' <Predicate = (!icmp_ln708)> <Delay = 0.00>
ST_4 : Operation 83 [1/1] (0.00ns)   --->   "%PixArray_47_out_load = load i10 %PixArray_47_out" [G:/Project-Workspace/zynq-7020-video-pipe-3/hw/video-pipe-hw-v5/hw_011223.runs/bd_8126_hsc_0_synth_1/prj/sol/.autopilot/db/v_hscaler.cpp:639]   --->   Operation 83 'load' 'PixArray_47_out_load' <Predicate = (!icmp_ln708)> <Delay = 0.00>
ST_4 : Operation 84 [1/1] (0.00ns)   --->   "%PixArray_28_out_load = load i10 %PixArray_28_out" [G:/Project-Workspace/zynq-7020-video-pipe-3/hw/video-pipe-hw-v5/hw_011223.runs/bd_8126_hsc_0_synth_1/prj/sol/.autopilot/db/v_hscaler.cpp:715]   --->   Operation 84 'load' 'PixArray_28_out_load' <Predicate = (!icmp_ln708 & !icmp)> <Delay = 0.00>
ST_4 : Operation 85 [1/1] (0.00ns)   --->   "%PixArray_29_out_load = load i10 %PixArray_29_out" [G:/Project-Workspace/zynq-7020-video-pipe-3/hw/video-pipe-hw-v5/hw_011223.runs/bd_8126_hsc_0_synth_1/prj/sol/.autopilot/db/v_hscaler.cpp:715]   --->   Operation 85 'load' 'PixArray_29_out_load' <Predicate = (!icmp_ln708 & !icmp)> <Delay = 0.00>
ST_4 : Operation 86 [1/1] (0.00ns)   --->   "%PixArray_30_out_load = load i10 %PixArray_30_out" [G:/Project-Workspace/zynq-7020-video-pipe-3/hw/video-pipe-hw-v5/hw_011223.runs/bd_8126_hsc_0_synth_1/prj/sol/.autopilot/db/v_hscaler.cpp:715]   --->   Operation 86 'load' 'PixArray_30_out_load' <Predicate = (!icmp_ln708 & !icmp)> <Delay = 0.00>
ST_4 : Operation 87 [1/1] (0.00ns)   --->   "%PixArray_31_out_load = load i10 %PixArray_31_out" [G:/Project-Workspace/zynq-7020-video-pipe-3/hw/video-pipe-hw-v5/hw_011223.runs/bd_8126_hsc_0_synth_1/prj/sol/.autopilot/db/v_hscaler.cpp:715]   --->   Operation 87 'load' 'PixArray_31_out_load' <Predicate = (!icmp_ln708 & !icmp)> <Delay = 0.00>
ST_4 : Operation 88 [1/1] (0.00ns)   --->   "%PixArray_32_out_load = load i10 %PixArray_32_out" [G:/Project-Workspace/zynq-7020-video-pipe-3/hw/video-pipe-hw-v5/hw_011223.runs/bd_8126_hsc_0_synth_1/prj/sol/.autopilot/db/v_hscaler.cpp:715]   --->   Operation 88 'load' 'PixArray_32_out_load' <Predicate = (!icmp_ln708 & !icmp)> <Delay = 0.00>
ST_4 : Operation 89 [1/1] (0.00ns)   --->   "%PixArray_33_out_load = load i10 %PixArray_33_out" [G:/Project-Workspace/zynq-7020-video-pipe-3/hw/video-pipe-hw-v5/hw_011223.runs/bd_8126_hsc_0_synth_1/prj/sol/.autopilot/db/v_hscaler.cpp:715]   --->   Operation 89 'load' 'PixArray_33_out_load' <Predicate = (!icmp_ln708 & !icmp)> <Delay = 0.00>
ST_4 : Operation 90 [1/1] (0.00ns)   --->   "%PixArray_34_out_load = load i10 %PixArray_34_out" [G:/Project-Workspace/zynq-7020-video-pipe-3/hw/video-pipe-hw-v5/hw_011223.runs/bd_8126_hsc_0_synth_1/prj/sol/.autopilot/db/v_hscaler.cpp:715]   --->   Operation 90 'load' 'PixArray_34_out_load' <Predicate = (!icmp_ln708 & !icmp)> <Delay = 0.00>
ST_4 : Operation 91 [1/1] (0.00ns)   --->   "%PixArray_35_out_load = load i10 %PixArray_35_out" [G:/Project-Workspace/zynq-7020-video-pipe-3/hw/video-pipe-hw-v5/hw_011223.runs/bd_8126_hsc_0_synth_1/prj/sol/.autopilot/db/v_hscaler.cpp:715]   --->   Operation 91 'load' 'PixArray_35_out_load' <Predicate = (!icmp_ln708 & !icmp)> <Delay = 0.00>
ST_4 : Operation 92 [1/1] (0.00ns)   --->   "%PixArray_36_out_load = load i10 %PixArray_36_out" [G:/Project-Workspace/zynq-7020-video-pipe-3/hw/video-pipe-hw-v5/hw_011223.runs/bd_8126_hsc_0_synth_1/prj/sol/.autopilot/db/v_hscaler.cpp:715]   --->   Operation 92 'load' 'PixArray_36_out_load' <Predicate = (!icmp_ln708 & !icmp)> <Delay = 0.00>
ST_4 : Operation 93 [1/1] (0.00ns)   --->   "%PixArray_37_out_load = load i10 %PixArray_37_out" [G:/Project-Workspace/zynq-7020-video-pipe-3/hw/video-pipe-hw-v5/hw_011223.runs/bd_8126_hsc_0_synth_1/prj/sol/.autopilot/db/v_hscaler.cpp:715]   --->   Operation 93 'load' 'PixArray_37_out_load' <Predicate = (!icmp_ln708 & !icmp)> <Delay = 0.00>
ST_4 : Operation 94 [1/1] (0.00ns)   --->   "%PixArray_38_out_load = load i10 %PixArray_38_out" [G:/Project-Workspace/zynq-7020-video-pipe-3/hw/video-pipe-hw-v5/hw_011223.runs/bd_8126_hsc_0_synth_1/prj/sol/.autopilot/db/v_hscaler.cpp:715]   --->   Operation 94 'load' 'PixArray_38_out_load' <Predicate = (!icmp_ln708 & !icmp)> <Delay = 0.00>
ST_4 : Operation 95 [1/1] (0.00ns)   --->   "%PixArray_39_out_load = load i10 %PixArray_39_out" [G:/Project-Workspace/zynq-7020-video-pipe-3/hw/video-pipe-hw-v5/hw_011223.runs/bd_8126_hsc_0_synth_1/prj/sol/.autopilot/db/v_hscaler.cpp:715]   --->   Operation 95 'load' 'PixArray_39_out_load' <Predicate = (!icmp_ln708 & !icmp)> <Delay = 0.00>
ST_4 : Operation 96 [1/1] (0.00ns)   --->   "%PixArray_40_out_load = load i10 %PixArray_40_out" [G:/Project-Workspace/zynq-7020-video-pipe-3/hw/video-pipe-hw-v5/hw_011223.runs/bd_8126_hsc_0_synth_1/prj/sol/.autopilot/db/v_hscaler.cpp:715]   --->   Operation 96 'load' 'PixArray_40_out_load' <Predicate = (!icmp_ln708 & !icmp)> <Delay = 0.00>
ST_4 : Operation 97 [1/1] (0.00ns)   --->   "%PixArray_41_out_load = load i10 %PixArray_41_out" [G:/Project-Workspace/zynq-7020-video-pipe-3/hw/video-pipe-hw-v5/hw_011223.runs/bd_8126_hsc_0_synth_1/prj/sol/.autopilot/db/v_hscaler.cpp:715]   --->   Operation 97 'load' 'PixArray_41_out_load' <Predicate = (!icmp_ln708 & !icmp)> <Delay = 0.00>
ST_4 : Operation 98 [1/1] (0.00ns)   --->   "%PixArray_42_out_load = load i10 %PixArray_42_out" [G:/Project-Workspace/zynq-7020-video-pipe-3/hw/video-pipe-hw-v5/hw_011223.runs/bd_8126_hsc_0_synth_1/prj/sol/.autopilot/db/v_hscaler.cpp:715]   --->   Operation 98 'load' 'PixArray_42_out_load' <Predicate = (!icmp_ln708 & !icmp)> <Delay = 0.00>
ST_4 : Operation 99 [1/1] (0.00ns)   --->   "%PixArray_43_out_load = load i10 %PixArray_43_out" [G:/Project-Workspace/zynq-7020-video-pipe-3/hw/video-pipe-hw-v5/hw_011223.runs/bd_8126_hsc_0_synth_1/prj/sol/.autopilot/db/v_hscaler.cpp:715]   --->   Operation 99 'load' 'PixArray_43_out_load' <Predicate = (!icmp_ln708 & !icmp)> <Delay = 0.00>
ST_4 : Operation 100 [1/1] (0.00ns)   --->   "%PixArray_44_out_load = load i10 %PixArray_44_out" [G:/Project-Workspace/zynq-7020-video-pipe-3/hw/video-pipe-hw-v5/hw_011223.runs/bd_8126_hsc_0_synth_1/prj/sol/.autopilot/db/v_hscaler.cpp:715]   --->   Operation 100 'load' 'PixArray_44_out_load' <Predicate = (!icmp_ln708 & !icmp)> <Delay = 0.00>
ST_4 : Operation 101 [1/1] (0.00ns)   --->   "%PixArray_45_out_load = load i10 %PixArray_45_out" [G:/Project-Workspace/zynq-7020-video-pipe-3/hw/video-pipe-hw-v5/hw_011223.runs/bd_8126_hsc_0_synth_1/prj/sol/.autopilot/db/v_hscaler.cpp:715]   --->   Operation 101 'load' 'PixArray_45_out_load' <Predicate = (!icmp_ln708 & !icmp)> <Delay = 0.00>
ST_4 : Operation 102 [1/1] (0.68ns)   --->   "%PixArray_17 = select i1 %icmp, i10 %PixArray_24_out_load, i10 %PixArray_45_out_load" [G:/Project-Workspace/zynq-7020-video-pipe-3/hw/video-pipe-hw-v5/hw_011223.runs/bd_8126_hsc_0_synth_1/prj/sol/.autopilot/db/v_hscaler.cpp:715]   --->   Operation 102 'select' 'PixArray_17' <Predicate = (!icmp_ln708)> <Delay = 0.68> <CoreInst = "Sel">   --->   Core 73 'Sel' <Latency = 0> <II = 1> <Delay = 0.68> <FuncUnit> <Opcode : 'select'> <InPorts = 3> <OutPorts = 1>
ST_4 : Operation 103 [1/1] (0.68ns)   --->   "%PixArray_16 = select i1 %icmp, i10 %PixArray_47_out_load, i10 %PixArray_44_out_load" [G:/Project-Workspace/zynq-7020-video-pipe-3/hw/video-pipe-hw-v5/hw_011223.runs/bd_8126_hsc_0_synth_1/prj/sol/.autopilot/db/v_hscaler.cpp:715]   --->   Operation 103 'select' 'PixArray_16' <Predicate = (!icmp_ln708)> <Delay = 0.68> <CoreInst = "Sel">   --->   Core 73 'Sel' <Latency = 0> <II = 1> <Delay = 0.68> <FuncUnit> <Opcode : 'select'> <InPorts = 3> <OutPorts = 1>
ST_4 : Operation 104 [1/1] (0.68ns)   --->   "%PixArray_15 = select i1 %icmp, i10 %PixArray_46_out_load, i10 %PixArray_43_out_load" [G:/Project-Workspace/zynq-7020-video-pipe-3/hw/video-pipe-hw-v5/hw_011223.runs/bd_8126_hsc_0_synth_1/prj/sol/.autopilot/db/v_hscaler.cpp:715]   --->   Operation 104 'select' 'PixArray_15' <Predicate = (!icmp_ln708)> <Delay = 0.68> <CoreInst = "Sel">   --->   Core 73 'Sel' <Latency = 0> <II = 1> <Delay = 0.68> <FuncUnit> <Opcode : 'select'> <InPorts = 3> <OutPorts = 1>
ST_4 : Operation 105 [1/1] (0.68ns)   --->   "%PixArray_14 = select i1 %icmp, i10 %PixArray_24_out_load, i10 %PixArray_42_out_load" [G:/Project-Workspace/zynq-7020-video-pipe-3/hw/video-pipe-hw-v5/hw_011223.runs/bd_8126_hsc_0_synth_1/prj/sol/.autopilot/db/v_hscaler.cpp:715]   --->   Operation 105 'select' 'PixArray_14' <Predicate = (!icmp_ln708)> <Delay = 0.68> <CoreInst = "Sel">   --->   Core 73 'Sel' <Latency = 0> <II = 1> <Delay = 0.68> <FuncUnit> <Opcode : 'select'> <InPorts = 3> <OutPorts = 1>
ST_4 : Operation 106 [1/1] (0.68ns)   --->   "%PixArray_13 = select i1 %icmp, i10 %PixArray_47_out_load, i10 %PixArray_41_out_load" [G:/Project-Workspace/zynq-7020-video-pipe-3/hw/video-pipe-hw-v5/hw_011223.runs/bd_8126_hsc_0_synth_1/prj/sol/.autopilot/db/v_hscaler.cpp:715]   --->   Operation 106 'select' 'PixArray_13' <Predicate = (!icmp_ln708)> <Delay = 0.68> <CoreInst = "Sel">   --->   Core 73 'Sel' <Latency = 0> <II = 1> <Delay = 0.68> <FuncUnit> <Opcode : 'select'> <InPorts = 3> <OutPorts = 1>
ST_4 : Operation 107 [1/1] (0.68ns)   --->   "%PixArray_12 = select i1 %icmp, i10 %PixArray_46_out_load, i10 %PixArray_40_out_load" [G:/Project-Workspace/zynq-7020-video-pipe-3/hw/video-pipe-hw-v5/hw_011223.runs/bd_8126_hsc_0_synth_1/prj/sol/.autopilot/db/v_hscaler.cpp:715]   --->   Operation 107 'select' 'PixArray_12' <Predicate = (!icmp_ln708)> <Delay = 0.68> <CoreInst = "Sel">   --->   Core 73 'Sel' <Latency = 0> <II = 1> <Delay = 0.68> <FuncUnit> <Opcode : 'select'> <InPorts = 3> <OutPorts = 1>
ST_4 : Operation 108 [1/1] (0.68ns)   --->   "%PixArray_11 = select i1 %icmp, i10 %PixArray_24_out_load, i10 %PixArray_39_out_load" [G:/Project-Workspace/zynq-7020-video-pipe-3/hw/video-pipe-hw-v5/hw_011223.runs/bd_8126_hsc_0_synth_1/prj/sol/.autopilot/db/v_hscaler.cpp:715]   --->   Operation 108 'select' 'PixArray_11' <Predicate = (!icmp_ln708)> <Delay = 0.68> <CoreInst = "Sel">   --->   Core 73 'Sel' <Latency = 0> <II = 1> <Delay = 0.68> <FuncUnit> <Opcode : 'select'> <InPorts = 3> <OutPorts = 1>
ST_4 : Operation 109 [1/1] (0.68ns)   --->   "%PixArray_10 = select i1 %icmp, i10 %PixArray_47_out_load, i10 %PixArray_38_out_load" [G:/Project-Workspace/zynq-7020-video-pipe-3/hw/video-pipe-hw-v5/hw_011223.runs/bd_8126_hsc_0_synth_1/prj/sol/.autopilot/db/v_hscaler.cpp:715]   --->   Operation 109 'select' 'PixArray_10' <Predicate = (!icmp_ln708)> <Delay = 0.68> <CoreInst = "Sel">   --->   Core 73 'Sel' <Latency = 0> <II = 1> <Delay = 0.68> <FuncUnit> <Opcode : 'select'> <InPorts = 3> <OutPorts = 1>
ST_4 : Operation 110 [1/1] (0.68ns)   --->   "%PixArray_9 = select i1 %icmp, i10 %PixArray_46_out_load, i10 %PixArray_37_out_load" [G:/Project-Workspace/zynq-7020-video-pipe-3/hw/video-pipe-hw-v5/hw_011223.runs/bd_8126_hsc_0_synth_1/prj/sol/.autopilot/db/v_hscaler.cpp:715]   --->   Operation 110 'select' 'PixArray_9' <Predicate = (!icmp_ln708)> <Delay = 0.68> <CoreInst = "Sel">   --->   Core 73 'Sel' <Latency = 0> <II = 1> <Delay = 0.68> <FuncUnit> <Opcode : 'select'> <InPorts = 3> <OutPorts = 1>
ST_4 : Operation 111 [1/1] (0.68ns)   --->   "%PixArray_8 = select i1 %icmp, i10 %PixArray_24_out_load, i10 %PixArray_36_out_load" [G:/Project-Workspace/zynq-7020-video-pipe-3/hw/video-pipe-hw-v5/hw_011223.runs/bd_8126_hsc_0_synth_1/prj/sol/.autopilot/db/v_hscaler.cpp:715]   --->   Operation 111 'select' 'PixArray_8' <Predicate = (!icmp_ln708)> <Delay = 0.68> <CoreInst = "Sel">   --->   Core 73 'Sel' <Latency = 0> <II = 1> <Delay = 0.68> <FuncUnit> <Opcode : 'select'> <InPorts = 3> <OutPorts = 1>
ST_4 : Operation 112 [1/1] (0.68ns)   --->   "%PixArray_7 = select i1 %icmp, i10 %PixArray_47_out_load, i10 %PixArray_35_out_load" [G:/Project-Workspace/zynq-7020-video-pipe-3/hw/video-pipe-hw-v5/hw_011223.runs/bd_8126_hsc_0_synth_1/prj/sol/.autopilot/db/v_hscaler.cpp:715]   --->   Operation 112 'select' 'PixArray_7' <Predicate = (!icmp_ln708)> <Delay = 0.68> <CoreInst = "Sel">   --->   Core 73 'Sel' <Latency = 0> <II = 1> <Delay = 0.68> <FuncUnit> <Opcode : 'select'> <InPorts = 3> <OutPorts = 1>
ST_4 : Operation 113 [1/1] (0.68ns)   --->   "%PixArray_6 = select i1 %icmp, i10 %PixArray_46_out_load, i10 %PixArray_34_out_load" [G:/Project-Workspace/zynq-7020-video-pipe-3/hw/video-pipe-hw-v5/hw_011223.runs/bd_8126_hsc_0_synth_1/prj/sol/.autopilot/db/v_hscaler.cpp:715]   --->   Operation 113 'select' 'PixArray_6' <Predicate = (!icmp_ln708)> <Delay = 0.68> <CoreInst = "Sel">   --->   Core 73 'Sel' <Latency = 0> <II = 1> <Delay = 0.68> <FuncUnit> <Opcode : 'select'> <InPorts = 3> <OutPorts = 1>
ST_4 : Operation 114 [1/1] (0.68ns)   --->   "%PixArray_5 = select i1 %icmp, i10 %PixArray_24_out_load, i10 %PixArray_33_out_load" [G:/Project-Workspace/zynq-7020-video-pipe-3/hw/video-pipe-hw-v5/hw_011223.runs/bd_8126_hsc_0_synth_1/prj/sol/.autopilot/db/v_hscaler.cpp:715]   --->   Operation 114 'select' 'PixArray_5' <Predicate = (!icmp_ln708)> <Delay = 0.68> <CoreInst = "Sel">   --->   Core 73 'Sel' <Latency = 0> <II = 1> <Delay = 0.68> <FuncUnit> <Opcode : 'select'> <InPorts = 3> <OutPorts = 1>
ST_4 : Operation 115 [1/1] (0.68ns)   --->   "%PixArray_4 = select i1 %icmp, i10 %PixArray_47_out_load, i10 %PixArray_32_out_load" [G:/Project-Workspace/zynq-7020-video-pipe-3/hw/video-pipe-hw-v5/hw_011223.runs/bd_8126_hsc_0_synth_1/prj/sol/.autopilot/db/v_hscaler.cpp:715]   --->   Operation 115 'select' 'PixArray_4' <Predicate = (!icmp_ln708)> <Delay = 0.68> <CoreInst = "Sel">   --->   Core 73 'Sel' <Latency = 0> <II = 1> <Delay = 0.68> <FuncUnit> <Opcode : 'select'> <InPorts = 3> <OutPorts = 1>
ST_4 : Operation 116 [1/1] (0.68ns)   --->   "%PixArray_3 = select i1 %icmp, i10 %PixArray_46_out_load, i10 %PixArray_31_out_load" [G:/Project-Workspace/zynq-7020-video-pipe-3/hw/video-pipe-hw-v5/hw_011223.runs/bd_8126_hsc_0_synth_1/prj/sol/.autopilot/db/v_hscaler.cpp:715]   --->   Operation 116 'select' 'PixArray_3' <Predicate = (!icmp_ln708)> <Delay = 0.68> <CoreInst = "Sel">   --->   Core 73 'Sel' <Latency = 0> <II = 1> <Delay = 0.68> <FuncUnit> <Opcode : 'select'> <InPorts = 3> <OutPorts = 1>
ST_4 : Operation 117 [1/1] (0.68ns)   --->   "%PixArray_2 = select i1 %icmp, i10 %PixArray_24_out_load, i10 %PixArray_30_out_load" [G:/Project-Workspace/zynq-7020-video-pipe-3/hw/video-pipe-hw-v5/hw_011223.runs/bd_8126_hsc_0_synth_1/prj/sol/.autopilot/db/v_hscaler.cpp:715]   --->   Operation 117 'select' 'PixArray_2' <Predicate = (!icmp_ln708)> <Delay = 0.68> <CoreInst = "Sel">   --->   Core 73 'Sel' <Latency = 0> <II = 1> <Delay = 0.68> <FuncUnit> <Opcode : 'select'> <InPorts = 3> <OutPorts = 1>
ST_4 : Operation 118 [1/1] (0.68ns)   --->   "%PixArray_1 = select i1 %icmp, i10 %PixArray_47_out_load, i10 %PixArray_29_out_load" [G:/Project-Workspace/zynq-7020-video-pipe-3/hw/video-pipe-hw-v5/hw_011223.runs/bd_8126_hsc_0_synth_1/prj/sol/.autopilot/db/v_hscaler.cpp:715]   --->   Operation 118 'select' 'PixArray_1' <Predicate = (!icmp_ln708)> <Delay = 0.68> <CoreInst = "Sel">   --->   Core 73 'Sel' <Latency = 0> <II = 1> <Delay = 0.68> <FuncUnit> <Opcode : 'select'> <InPorts = 3> <OutPorts = 1>
ST_4 : Operation 119 [1/1] (0.68ns)   --->   "%PixArray = select i1 %icmp, i10 %PixArray_46_out_load, i10 %PixArray_28_out_load" [G:/Project-Workspace/zynq-7020-video-pipe-3/hw/video-pipe-hw-v5/hw_011223.runs/bd_8126_hsc_0_synth_1/prj/sol/.autopilot/db/v_hscaler.cpp:715]   --->   Operation 119 'select' 'PixArray' <Predicate = (!icmp_ln708)> <Delay = 0.68> <CoreInst = "Sel">   --->   Core 73 'Sel' <Latency = 0> <II = 1> <Delay = 0.68> <FuncUnit> <Opcode : 'select'> <InPorts = 3> <OutPorts = 1>
ST_4 : Operation 120 [1/1] (0.00ns)   --->   "%store_ln639 = store i10 %PixArray_24_out_load, i10 %PixArray_45_out" [G:/Project-Workspace/zynq-7020-video-pipe-3/hw/video-pipe-hw-v5/hw_011223.runs/bd_8126_hsc_0_synth_1/prj/sol/.autopilot/db/v_hscaler.cpp:639]   --->   Operation 120 'store' 'store_ln639' <Predicate = (!icmp_ln708)> <Delay = 0.00>
ST_4 : Operation 121 [1/1] (0.00ns)   --->   "%store_ln639 = store i10 %PixArray_47_out_load, i10 %PixArray_44_out" [G:/Project-Workspace/zynq-7020-video-pipe-3/hw/video-pipe-hw-v5/hw_011223.runs/bd_8126_hsc_0_synth_1/prj/sol/.autopilot/db/v_hscaler.cpp:639]   --->   Operation 121 'store' 'store_ln639' <Predicate = (!icmp_ln708)> <Delay = 0.00>
ST_4 : Operation 122 [1/1] (0.00ns)   --->   "%store_ln639 = store i10 %PixArray_46_out_load, i10 %PixArray_43_out" [G:/Project-Workspace/zynq-7020-video-pipe-3/hw/video-pipe-hw-v5/hw_011223.runs/bd_8126_hsc_0_synth_1/prj/sol/.autopilot/db/v_hscaler.cpp:639]   --->   Operation 122 'store' 'store_ln639' <Predicate = (!icmp_ln708)> <Delay = 0.00>
ST_4 : Operation 123 [1/1] (0.00ns)   --->   "%store_ln639 = store i10 %PixArray_17, i10 %PixArray_42_out" [G:/Project-Workspace/zynq-7020-video-pipe-3/hw/video-pipe-hw-v5/hw_011223.runs/bd_8126_hsc_0_synth_1/prj/sol/.autopilot/db/v_hscaler.cpp:639]   --->   Operation 123 'store' 'store_ln639' <Predicate = (!icmp_ln708)> <Delay = 0.00>
ST_4 : Operation 124 [1/1] (0.00ns)   --->   "%store_ln639 = store i10 %PixArray_16, i10 %PixArray_41_out" [G:/Project-Workspace/zynq-7020-video-pipe-3/hw/video-pipe-hw-v5/hw_011223.runs/bd_8126_hsc_0_synth_1/prj/sol/.autopilot/db/v_hscaler.cpp:639]   --->   Operation 124 'store' 'store_ln639' <Predicate = (!icmp_ln708)> <Delay = 0.00>
ST_4 : Operation 125 [1/1] (0.00ns)   --->   "%store_ln639 = store i10 %PixArray_15, i10 %PixArray_40_out" [G:/Project-Workspace/zynq-7020-video-pipe-3/hw/video-pipe-hw-v5/hw_011223.runs/bd_8126_hsc_0_synth_1/prj/sol/.autopilot/db/v_hscaler.cpp:639]   --->   Operation 125 'store' 'store_ln639' <Predicate = (!icmp_ln708)> <Delay = 0.00>
ST_4 : Operation 126 [1/1] (0.00ns)   --->   "%store_ln639 = store i10 %PixArray_14, i10 %PixArray_39_out" [G:/Project-Workspace/zynq-7020-video-pipe-3/hw/video-pipe-hw-v5/hw_011223.runs/bd_8126_hsc_0_synth_1/prj/sol/.autopilot/db/v_hscaler.cpp:639]   --->   Operation 126 'store' 'store_ln639' <Predicate = (!icmp_ln708)> <Delay = 0.00>
ST_4 : Operation 127 [1/1] (0.00ns)   --->   "%store_ln639 = store i10 %PixArray_13, i10 %PixArray_38_out" [G:/Project-Workspace/zynq-7020-video-pipe-3/hw/video-pipe-hw-v5/hw_011223.runs/bd_8126_hsc_0_synth_1/prj/sol/.autopilot/db/v_hscaler.cpp:639]   --->   Operation 127 'store' 'store_ln639' <Predicate = (!icmp_ln708)> <Delay = 0.00>
ST_4 : Operation 128 [1/1] (0.00ns)   --->   "%store_ln639 = store i10 %PixArray_12, i10 %PixArray_37_out" [G:/Project-Workspace/zynq-7020-video-pipe-3/hw/video-pipe-hw-v5/hw_011223.runs/bd_8126_hsc_0_synth_1/prj/sol/.autopilot/db/v_hscaler.cpp:639]   --->   Operation 128 'store' 'store_ln639' <Predicate = (!icmp_ln708)> <Delay = 0.00>
ST_4 : Operation 129 [1/1] (0.00ns)   --->   "%store_ln639 = store i10 %PixArray_11, i10 %PixArray_36_out" [G:/Project-Workspace/zynq-7020-video-pipe-3/hw/video-pipe-hw-v5/hw_011223.runs/bd_8126_hsc_0_synth_1/prj/sol/.autopilot/db/v_hscaler.cpp:639]   --->   Operation 129 'store' 'store_ln639' <Predicate = (!icmp_ln708)> <Delay = 0.00>
ST_4 : Operation 130 [1/1] (0.00ns)   --->   "%store_ln639 = store i10 %PixArray_10, i10 %PixArray_35_out" [G:/Project-Workspace/zynq-7020-video-pipe-3/hw/video-pipe-hw-v5/hw_011223.runs/bd_8126_hsc_0_synth_1/prj/sol/.autopilot/db/v_hscaler.cpp:639]   --->   Operation 130 'store' 'store_ln639' <Predicate = (!icmp_ln708)> <Delay = 0.00>
ST_4 : Operation 131 [1/1] (0.00ns)   --->   "%store_ln639 = store i10 %PixArray_9, i10 %PixArray_34_out" [G:/Project-Workspace/zynq-7020-video-pipe-3/hw/video-pipe-hw-v5/hw_011223.runs/bd_8126_hsc_0_synth_1/prj/sol/.autopilot/db/v_hscaler.cpp:639]   --->   Operation 131 'store' 'store_ln639' <Predicate = (!icmp_ln708)> <Delay = 0.00>
ST_4 : Operation 132 [1/1] (0.00ns)   --->   "%store_ln639 = store i10 %PixArray_8, i10 %PixArray_33_out" [G:/Project-Workspace/zynq-7020-video-pipe-3/hw/video-pipe-hw-v5/hw_011223.runs/bd_8126_hsc_0_synth_1/prj/sol/.autopilot/db/v_hscaler.cpp:639]   --->   Operation 132 'store' 'store_ln639' <Predicate = (!icmp_ln708)> <Delay = 0.00>
ST_4 : Operation 133 [1/1] (0.00ns)   --->   "%store_ln639 = store i10 %PixArray_7, i10 %PixArray_32_out" [G:/Project-Workspace/zynq-7020-video-pipe-3/hw/video-pipe-hw-v5/hw_011223.runs/bd_8126_hsc_0_synth_1/prj/sol/.autopilot/db/v_hscaler.cpp:639]   --->   Operation 133 'store' 'store_ln639' <Predicate = (!icmp_ln708)> <Delay = 0.00>
ST_4 : Operation 134 [1/1] (0.00ns)   --->   "%store_ln639 = store i10 %PixArray_6, i10 %PixArray_31_out" [G:/Project-Workspace/zynq-7020-video-pipe-3/hw/video-pipe-hw-v5/hw_011223.runs/bd_8126_hsc_0_synth_1/prj/sol/.autopilot/db/v_hscaler.cpp:639]   --->   Operation 134 'store' 'store_ln639' <Predicate = (!icmp_ln708)> <Delay = 0.00>
ST_4 : Operation 135 [1/1] (0.00ns)   --->   "%store_ln639 = store i10 %PixArray_5, i10 %PixArray_30_out" [G:/Project-Workspace/zynq-7020-video-pipe-3/hw/video-pipe-hw-v5/hw_011223.runs/bd_8126_hsc_0_synth_1/prj/sol/.autopilot/db/v_hscaler.cpp:639]   --->   Operation 135 'store' 'store_ln639' <Predicate = (!icmp_ln708)> <Delay = 0.00>
ST_4 : Operation 136 [1/1] (0.00ns)   --->   "%store_ln639 = store i10 %PixArray_4, i10 %PixArray_29_out" [G:/Project-Workspace/zynq-7020-video-pipe-3/hw/video-pipe-hw-v5/hw_011223.runs/bd_8126_hsc_0_synth_1/prj/sol/.autopilot/db/v_hscaler.cpp:639]   --->   Operation 136 'store' 'store_ln639' <Predicate = (!icmp_ln708)> <Delay = 0.00>
ST_4 : Operation 137 [1/1] (0.00ns)   --->   "%store_ln639 = store i10 %PixArray_3, i10 %PixArray_28_out" [G:/Project-Workspace/zynq-7020-video-pipe-3/hw/video-pipe-hw-v5/hw_011223.runs/bd_8126_hsc_0_synth_1/prj/sol/.autopilot/db/v_hscaler.cpp:639]   --->   Operation 137 'store' 'store_ln639' <Predicate = (!icmp_ln708)> <Delay = 0.00>
ST_4 : Operation 138 [1/1] (0.00ns)   --->   "%store_ln639 = store i10 %PixArray_2, i10 %PixArray_27_out" [G:/Project-Workspace/zynq-7020-video-pipe-3/hw/video-pipe-hw-v5/hw_011223.runs/bd_8126_hsc_0_synth_1/prj/sol/.autopilot/db/v_hscaler.cpp:639]   --->   Operation 138 'store' 'store_ln639' <Predicate = (!icmp_ln708)> <Delay = 0.00>
ST_4 : Operation 139 [1/1] (0.00ns)   --->   "%store_ln639 = store i10 %PixArray_1, i10 %PixArray_26_out" [G:/Project-Workspace/zynq-7020-video-pipe-3/hw/video-pipe-hw-v5/hw_011223.runs/bd_8126_hsc_0_synth_1/prj/sol/.autopilot/db/v_hscaler.cpp:639]   --->   Operation 139 'store' 'store_ln639' <Predicate = (!icmp_ln708)> <Delay = 0.00>
ST_4 : Operation 140 [1/1] (0.00ns)   --->   "%store_ln639 = store i10 %PixArray, i10 %PixArray_25_out" [G:/Project-Workspace/zynq-7020-video-pipe-3/hw/video-pipe-hw-v5/hw_011223.runs/bd_8126_hsc_0_synth_1/prj/sol/.autopilot/db/v_hscaler.cpp:639]   --->   Operation 140 'store' 'store_ln639' <Predicate = (!icmp_ln708)> <Delay = 0.00>
ST_4 : Operation 141 [1/1] (2.55ns)   --->   "%stream_upsampled_read = read i30 @_ssdm_op_Read.ap_fifo.volatile.i30P0A, i30 %stream_upsampled" [G:/Project-Workspace/zynq-7020-video-pipe-3/hw/video-pipe-hw-v5/hw_011223.runs/bd_8126_hsc_0_synth_1/prj/sol/.autopilot/db/v_hscaler.cpp:727]   --->   Operation 141 'read' 'stream_upsampled_read' <Predicate = (!icmp_ln708 & icmp_ln721)> <Delay = 2.55> <CoreInst = "FIFO_SRL">   --->   Core 81 'FIFO_SRL' <Latency = 0> <II = 1> <Delay = 3.80> <Storage> <Opcode : 'read' 'write' 'nbread' 'nbwrite'> <Ports = 0> <Width = 30> <Depth = 16> <FIFO>
ST_4 : Operation 142 [1/1] (0.00ns)   --->   "%PixArray_19 = trunc i30 %stream_upsampled_read" [G:/Project-Workspace/zynq-7020-video-pipe-3/hw/video-pipe-hw-v5/hw_011223.runs/bd_8126_hsc_0_synth_1/prj/sol/.autopilot/db/v_hscaler.cpp:727]   --->   Operation 142 'trunc' 'PixArray_19' <Predicate = (!icmp_ln708 & icmp_ln721)> <Delay = 0.00>
ST_4 : Operation 143 [1/1] (0.00ns)   --->   "%PixArray_20 = partselect i10 @_ssdm_op_PartSelect.i10.i30.i32.i32, i30 %stream_upsampled_read, i32 10, i32 19" [G:/Project-Workspace/zynq-7020-video-pipe-3/hw/video-pipe-hw-v5/hw_011223.runs/bd_8126_hsc_0_synth_1/prj/sol/.autopilot/db/v_hscaler.cpp:727]   --->   Operation 143 'partselect' 'PixArray_20' <Predicate = (!icmp_ln708 & icmp_ln721)> <Delay = 0.00>
ST_4 : Operation 144 [1/1] (0.00ns)   --->   "%PixArray_18 = partselect i10 @_ssdm_op_PartSelect.i10.i30.i32.i32, i30 %stream_upsampled_read, i32 20, i32 29" [G:/Project-Workspace/zynq-7020-video-pipe-3/hw/video-pipe-hw-v5/hw_011223.runs/bd_8126_hsc_0_synth_1/prj/sol/.autopilot/db/v_hscaler.cpp:727]   --->   Operation 144 'partselect' 'PixArray_18' <Predicate = (!icmp_ln708 & icmp_ln721)> <Delay = 0.00>
ST_4 : Operation 145 [1/1] (0.00ns)   --->   "%store_ln639 = store i10 %PixArray_20, i10 %PixArray_47_out" [G:/Project-Workspace/zynq-7020-video-pipe-3/hw/video-pipe-hw-v5/hw_011223.runs/bd_8126_hsc_0_synth_1/prj/sol/.autopilot/db/v_hscaler.cpp:639]   --->   Operation 145 'store' 'store_ln639' <Predicate = (!icmp_ln708 & icmp_ln721)> <Delay = 0.00>
ST_4 : Operation 146 [1/1] (0.00ns)   --->   "%store_ln639 = store i10 %PixArray_19, i10 %PixArray_46_out" [G:/Project-Workspace/zynq-7020-video-pipe-3/hw/video-pipe-hw-v5/hw_011223.runs/bd_8126_hsc_0_synth_1/prj/sol/.autopilot/db/v_hscaler.cpp:639]   --->   Operation 146 'store' 'store_ln639' <Predicate = (!icmp_ln708 & icmp_ln721)> <Delay = 0.00>
ST_4 : Operation 147 [1/1] (0.00ns)   --->   "%store_ln639 = store i10 %PixArray_18, i10 %PixArray_24_out" [G:/Project-Workspace/zynq-7020-video-pipe-3/hw/video-pipe-hw-v5/hw_011223.runs/bd_8126_hsc_0_synth_1/prj/sol/.autopilot/db/v_hscaler.cpp:639]   --->   Operation 147 'store' 'store_ln639' <Predicate = (!icmp_ln708 & icmp_ln721)> <Delay = 0.00>
ST_4 : Operation 148 [1/1] (0.00ns)   --->   "%br_ln736 = br void %if.end122" [G:/Project-Workspace/zynq-7020-video-pipe-3/hw/video-pipe-hw-v5/hw_011223.runs/bd_8126_hsc_0_synth_1/prj/sol/.autopilot/db/v_hscaler.cpp:736]   --->   Operation 148 'br' 'br_ln736' <Predicate = (!icmp_ln708 & icmp_ln721)> <Delay = 0.00>

State 5 <SV = 4> <Delay = 3.39>
ST_5 : Operation 149 [1/1] (0.00ns)   --->   "%PixArray_24_out_load_1 = load i10 %PixArray_24_out" [G:/Project-Workspace/zynq-7020-video-pipe-3/hw/video-pipe-hw-v5/hw_011223.runs/bd_8126_hsc_0_synth_1/prj/sol/.autopilot/db/v_hscaler.cpp:794]   --->   Operation 149 'load' 'PixArray_24_out_load_1' <Predicate = (!icmp_ln760)> <Delay = 0.00>
ST_5 : Operation 150 [1/1] (0.00ns)   --->   "%PixArray_46_out_load_1 = load i10 %PixArray_46_out" [G:/Project-Workspace/zynq-7020-video-pipe-3/hw/video-pipe-hw-v5/hw_011223.runs/bd_8126_hsc_0_synth_1/prj/sol/.autopilot/db/v_hscaler.cpp:794]   --->   Operation 150 'load' 'PixArray_46_out_load_1' <Predicate = (!icmp_ln760)> <Delay = 0.00>
ST_5 : Operation 151 [1/1] (0.00ns)   --->   "%PixArray_47_out_load_1 = load i10 %PixArray_47_out" [G:/Project-Workspace/zynq-7020-video-pipe-3/hw/video-pipe-hw-v5/hw_011223.runs/bd_8126_hsc_0_synth_1/prj/sol/.autopilot/db/v_hscaler.cpp:794]   --->   Operation 151 'load' 'PixArray_47_out_load_1' <Predicate = (!icmp_ln760)> <Delay = 0.00>
ST_5 : Operation 152 [1/1] (0.00ns)   --->   "%PixArray_25_out_load = load i10 %PixArray_25_out" [G:/Project-Workspace/zynq-7020-video-pipe-3/hw/video-pipe-hw-v5/hw_011223.runs/bd_8126_hsc_0_synth_1/prj/sol/.autopilot/db/v_hscaler.cpp:794]   --->   Operation 152 'load' 'PixArray_25_out_load' <Predicate = (!icmp_ln760)> <Delay = 0.00>
ST_5 : Operation 153 [1/1] (0.00ns)   --->   "%PixArray_26_out_load = load i10 %PixArray_26_out" [G:/Project-Workspace/zynq-7020-video-pipe-3/hw/video-pipe-hw-v5/hw_011223.runs/bd_8126_hsc_0_synth_1/prj/sol/.autopilot/db/v_hscaler.cpp:794]   --->   Operation 153 'load' 'PixArray_26_out_load' <Predicate = (!icmp_ln760)> <Delay = 0.00>
ST_5 : Operation 154 [1/1] (0.00ns)   --->   "%PixArray_27_out_load = load i10 %PixArray_27_out" [G:/Project-Workspace/zynq-7020-video-pipe-3/hw/video-pipe-hw-v5/hw_011223.runs/bd_8126_hsc_0_synth_1/prj/sol/.autopilot/db/v_hscaler.cpp:794]   --->   Operation 154 'load' 'PixArray_27_out_load' <Predicate = (!icmp_ln760)> <Delay = 0.00>
ST_5 : Operation 155 [1/1] (0.00ns)   --->   "%PixArray_28_out_load_1 = load i10 %PixArray_28_out" [G:/Project-Workspace/zynq-7020-video-pipe-3/hw/video-pipe-hw-v5/hw_011223.runs/bd_8126_hsc_0_synth_1/prj/sol/.autopilot/db/v_hscaler.cpp:794]   --->   Operation 155 'load' 'PixArray_28_out_load_1' <Predicate = (!icmp_ln760)> <Delay = 0.00>
ST_5 : Operation 156 [1/1] (0.00ns)   --->   "%PixArray_29_out_load_1 = load i10 %PixArray_29_out" [G:/Project-Workspace/zynq-7020-video-pipe-3/hw/video-pipe-hw-v5/hw_011223.runs/bd_8126_hsc_0_synth_1/prj/sol/.autopilot/db/v_hscaler.cpp:794]   --->   Operation 156 'load' 'PixArray_29_out_load_1' <Predicate = (!icmp_ln760)> <Delay = 0.00>
ST_5 : Operation 157 [1/1] (0.00ns)   --->   "%PixArray_30_out_load_1 = load i10 %PixArray_30_out" [G:/Project-Workspace/zynq-7020-video-pipe-3/hw/video-pipe-hw-v5/hw_011223.runs/bd_8126_hsc_0_synth_1/prj/sol/.autopilot/db/v_hscaler.cpp:794]   --->   Operation 157 'load' 'PixArray_30_out_load_1' <Predicate = (!icmp_ln760)> <Delay = 0.00>
ST_5 : Operation 158 [1/1] (0.00ns)   --->   "%PixArray_31_out_load_1 = load i10 %PixArray_31_out" [G:/Project-Workspace/zynq-7020-video-pipe-3/hw/video-pipe-hw-v5/hw_011223.runs/bd_8126_hsc_0_synth_1/prj/sol/.autopilot/db/v_hscaler.cpp:794]   --->   Operation 158 'load' 'PixArray_31_out_load_1' <Predicate = (!icmp_ln760)> <Delay = 0.00>
ST_5 : Operation 159 [1/1] (0.00ns)   --->   "%PixArray_32_out_load_1 = load i10 %PixArray_32_out" [G:/Project-Workspace/zynq-7020-video-pipe-3/hw/video-pipe-hw-v5/hw_011223.runs/bd_8126_hsc_0_synth_1/prj/sol/.autopilot/db/v_hscaler.cpp:794]   --->   Operation 159 'load' 'PixArray_32_out_load_1' <Predicate = (!icmp_ln760)> <Delay = 0.00>
ST_5 : Operation 160 [1/1] (0.00ns)   --->   "%PixArray_33_out_load_1 = load i10 %PixArray_33_out" [G:/Project-Workspace/zynq-7020-video-pipe-3/hw/video-pipe-hw-v5/hw_011223.runs/bd_8126_hsc_0_synth_1/prj/sol/.autopilot/db/v_hscaler.cpp:794]   --->   Operation 160 'load' 'PixArray_33_out_load_1' <Predicate = (!icmp_ln760)> <Delay = 0.00>
ST_5 : Operation 161 [1/1] (0.00ns)   --->   "%PixArray_34_out_load_1 = load i10 %PixArray_34_out" [G:/Project-Workspace/zynq-7020-video-pipe-3/hw/video-pipe-hw-v5/hw_011223.runs/bd_8126_hsc_0_synth_1/prj/sol/.autopilot/db/v_hscaler.cpp:794]   --->   Operation 161 'load' 'PixArray_34_out_load_1' <Predicate = (!icmp_ln760)> <Delay = 0.00>
ST_5 : Operation 162 [1/1] (0.00ns)   --->   "%PixArray_35_out_load_1 = load i10 %PixArray_35_out" [G:/Project-Workspace/zynq-7020-video-pipe-3/hw/video-pipe-hw-v5/hw_011223.runs/bd_8126_hsc_0_synth_1/prj/sol/.autopilot/db/v_hscaler.cpp:794]   --->   Operation 162 'load' 'PixArray_35_out_load_1' <Predicate = (!icmp_ln760)> <Delay = 0.00>
ST_5 : Operation 163 [1/1] (0.00ns)   --->   "%PixArray_36_out_load_1 = load i10 %PixArray_36_out" [G:/Project-Workspace/zynq-7020-video-pipe-3/hw/video-pipe-hw-v5/hw_011223.runs/bd_8126_hsc_0_synth_1/prj/sol/.autopilot/db/v_hscaler.cpp:794]   --->   Operation 163 'load' 'PixArray_36_out_load_1' <Predicate = (!icmp_ln760)> <Delay = 0.00>
ST_5 : Operation 164 [1/1] (0.00ns)   --->   "%PixArray_37_out_load_1 = load i10 %PixArray_37_out" [G:/Project-Workspace/zynq-7020-video-pipe-3/hw/video-pipe-hw-v5/hw_011223.runs/bd_8126_hsc_0_synth_1/prj/sol/.autopilot/db/v_hscaler.cpp:794]   --->   Operation 164 'load' 'PixArray_37_out_load_1' <Predicate = (!icmp_ln760)> <Delay = 0.00>
ST_5 : Operation 165 [1/1] (0.00ns)   --->   "%PixArray_38_out_load_1 = load i10 %PixArray_38_out" [G:/Project-Workspace/zynq-7020-video-pipe-3/hw/video-pipe-hw-v5/hw_011223.runs/bd_8126_hsc_0_synth_1/prj/sol/.autopilot/db/v_hscaler.cpp:794]   --->   Operation 165 'load' 'PixArray_38_out_load_1' <Predicate = (!icmp_ln760)> <Delay = 0.00>
ST_5 : Operation 166 [1/1] (0.00ns)   --->   "%PixArray_39_out_load_1 = load i10 %PixArray_39_out" [G:/Project-Workspace/zynq-7020-video-pipe-3/hw/video-pipe-hw-v5/hw_011223.runs/bd_8126_hsc_0_synth_1/prj/sol/.autopilot/db/v_hscaler.cpp:794]   --->   Operation 166 'load' 'PixArray_39_out_load_1' <Predicate = (!icmp_ln760)> <Delay = 0.00>
ST_5 : Operation 167 [1/1] (0.00ns)   --->   "%PixArray_40_out_load_1 = load i10 %PixArray_40_out" [G:/Project-Workspace/zynq-7020-video-pipe-3/hw/video-pipe-hw-v5/hw_011223.runs/bd_8126_hsc_0_synth_1/prj/sol/.autopilot/db/v_hscaler.cpp:794]   --->   Operation 167 'load' 'PixArray_40_out_load_1' <Predicate = (!icmp_ln760)> <Delay = 0.00>
ST_5 : Operation 168 [1/1] (0.00ns)   --->   "%PixArray_41_out_load_1 = load i10 %PixArray_41_out" [G:/Project-Workspace/zynq-7020-video-pipe-3/hw/video-pipe-hw-v5/hw_011223.runs/bd_8126_hsc_0_synth_1/prj/sol/.autopilot/db/v_hscaler.cpp:794]   --->   Operation 168 'load' 'PixArray_41_out_load_1' <Predicate = (!icmp_ln760)> <Delay = 0.00>
ST_5 : Operation 169 [1/1] (0.00ns)   --->   "%PixArray_42_out_load_1 = load i10 %PixArray_42_out" [G:/Project-Workspace/zynq-7020-video-pipe-3/hw/video-pipe-hw-v5/hw_011223.runs/bd_8126_hsc_0_synth_1/prj/sol/.autopilot/db/v_hscaler.cpp:794]   --->   Operation 169 'load' 'PixArray_42_out_load_1' <Predicate = (!icmp_ln760)> <Delay = 0.00>
ST_5 : Operation 170 [1/1] (0.00ns)   --->   "%PixArray_43_out_load_1 = load i10 %PixArray_43_out" [G:/Project-Workspace/zynq-7020-video-pipe-3/hw/video-pipe-hw-v5/hw_011223.runs/bd_8126_hsc_0_synth_1/prj/sol/.autopilot/db/v_hscaler.cpp:794]   --->   Operation 170 'load' 'PixArray_43_out_load_1' <Predicate = (!icmp_ln760)> <Delay = 0.00>
ST_5 : Operation 171 [1/1] (0.00ns)   --->   "%PixArray_44_out_load_1 = load i10 %PixArray_44_out" [G:/Project-Workspace/zynq-7020-video-pipe-3/hw/video-pipe-hw-v5/hw_011223.runs/bd_8126_hsc_0_synth_1/prj/sol/.autopilot/db/v_hscaler.cpp:794]   --->   Operation 171 'load' 'PixArray_44_out_load_1' <Predicate = (!icmp_ln760)> <Delay = 0.00>
ST_5 : Operation 172 [1/1] (0.00ns)   --->   "%PixArray_45_out_load_1 = load i10 %PixArray_45_out" [G:/Project-Workspace/zynq-7020-video-pipe-3/hw/video-pipe-hw-v5/hw_011223.runs/bd_8126_hsc_0_synth_1/prj/sol/.autopilot/db/v_hscaler.cpp:794]   --->   Operation 172 'load' 'PixArray_45_out_load_1' <Predicate = (!icmp_ln760)> <Delay = 0.00>
ST_5 : Operation 173 [11/11] (3.39ns)   --->   "%call_ret6 = call i30 @hscale_polyphase, i16 %FiltCoeff, i16 %FiltCoeff_1, i16 %FiltCoeff_2, i16 %FiltCoeff_3, i16 %FiltCoeff_4, i16 %FiltCoeff_5, i10 %PixArray_25_out_load, i10 %PixArray_26_out_load, i10 %PixArray_27_out_load, i10 %PixArray_28_out_load_1, i10 %PixArray_29_out_load_1, i10 %PixArray_30_out_load_1, i10 %PixArray_31_out_load_1, i10 %PixArray_32_out_load_1, i10 %PixArray_33_out_load_1, i10 %PixArray_34_out_load_1, i10 %PixArray_35_out_load_1, i10 %PixArray_36_out_load_1, i10 %PixArray_37_out_load_1, i10 %PixArray_38_out_load_1, i10 %PixArray_39_out_load_1, i10 %PixArray_40_out_load_1, i10 %PixArray_41_out_load_1, i10 %PixArray_42_out_load_1, i10 %PixArray_43_out_load_1, i10 %PixArray_44_out_load_1, i10 %PixArray_45_out_load_1, i10 %PixArray_46_out_load_1, i10 %PixArray_47_out_load_1, i10 %PixArray_24_out_load_1, i6 %trunc_ln776, i2 %ArrayLoc" [G:/Project-Workspace/zynq-7020-video-pipe-3/hw/video-pipe-hw-v5/hw_011223.runs/bd_8126_hsc_0_synth_1/prj/sol/.autopilot/db/v_hscaler.cpp:794]   --->   Operation 173 'call' 'call_ret6' <Predicate = (!icmp_ln698 & !icmp_ln760)> <Delay = 3.39> <CoreType = "Generic">   --->   Core 0 '' <Latency = 0> <II = 1> <Delay = 1.00> <Generic> <Opcode : >

State 6 <SV = 5> <Delay = 4.20>
ST_6 : Operation 174 [10/11] (4.20ns)   --->   "%call_ret6 = call i30 @hscale_polyphase, i16 %FiltCoeff, i16 %FiltCoeff_1, i16 %FiltCoeff_2, i16 %FiltCoeff_3, i16 %FiltCoeff_4, i16 %FiltCoeff_5, i10 %PixArray_25_out_load, i10 %PixArray_26_out_load, i10 %PixArray_27_out_load, i10 %PixArray_28_out_load_1, i10 %PixArray_29_out_load_1, i10 %PixArray_30_out_load_1, i10 %PixArray_31_out_load_1, i10 %PixArray_32_out_load_1, i10 %PixArray_33_out_load_1, i10 %PixArray_34_out_load_1, i10 %PixArray_35_out_load_1, i10 %PixArray_36_out_load_1, i10 %PixArray_37_out_load_1, i10 %PixArray_38_out_load_1, i10 %PixArray_39_out_load_1, i10 %PixArray_40_out_load_1, i10 %PixArray_41_out_load_1, i10 %PixArray_42_out_load_1, i10 %PixArray_43_out_load_1, i10 %PixArray_44_out_load_1, i10 %PixArray_45_out_load_1, i10 %PixArray_46_out_load_1, i10 %PixArray_47_out_load_1, i10 %PixArray_24_out_load_1, i6 %trunc_ln776, i2 %ArrayLoc" [G:/Project-Workspace/zynq-7020-video-pipe-3/hw/video-pipe-hw-v5/hw_011223.runs/bd_8126_hsc_0_synth_1/prj/sol/.autopilot/db/v_hscaler.cpp:794]   --->   Operation 174 'call' 'call_ret6' <Predicate = (!icmp_ln698 & !icmp_ln760)> <Delay = 4.20> <CoreType = "Generic">   --->   Core 0 '' <Latency = 0> <II = 1> <Delay = 1.00> <Generic> <Opcode : >

State 7 <SV = 6> <Delay = 4.20>
ST_7 : Operation 175 [9/11] (4.20ns)   --->   "%call_ret6 = call i30 @hscale_polyphase, i16 %FiltCoeff, i16 %FiltCoeff_1, i16 %FiltCoeff_2, i16 %FiltCoeff_3, i16 %FiltCoeff_4, i16 %FiltCoeff_5, i10 %PixArray_25_out_load, i10 %PixArray_26_out_load, i10 %PixArray_27_out_load, i10 %PixArray_28_out_load_1, i10 %PixArray_29_out_load_1, i10 %PixArray_30_out_load_1, i10 %PixArray_31_out_load_1, i10 %PixArray_32_out_load_1, i10 %PixArray_33_out_load_1, i10 %PixArray_34_out_load_1, i10 %PixArray_35_out_load_1, i10 %PixArray_36_out_load_1, i10 %PixArray_37_out_load_1, i10 %PixArray_38_out_load_1, i10 %PixArray_39_out_load_1, i10 %PixArray_40_out_load_1, i10 %PixArray_41_out_load_1, i10 %PixArray_42_out_load_1, i10 %PixArray_43_out_load_1, i10 %PixArray_44_out_load_1, i10 %PixArray_45_out_load_1, i10 %PixArray_46_out_load_1, i10 %PixArray_47_out_load_1, i10 %PixArray_24_out_load_1, i6 %trunc_ln776, i2 %ArrayLoc" [G:/Project-Workspace/zynq-7020-video-pipe-3/hw/video-pipe-hw-v5/hw_011223.runs/bd_8126_hsc_0_synth_1/prj/sol/.autopilot/db/v_hscaler.cpp:794]   --->   Operation 175 'call' 'call_ret6' <Predicate = (!icmp_ln698 & !icmp_ln760)> <Delay = 4.20> <CoreType = "Generic">   --->   Core 0 '' <Latency = 0> <II = 1> <Delay = 1.00> <Generic> <Opcode : >

State 8 <SV = 7> <Delay = 4.20>
ST_8 : Operation 176 [8/11] (4.20ns)   --->   "%call_ret6 = call i30 @hscale_polyphase, i16 %FiltCoeff, i16 %FiltCoeff_1, i16 %FiltCoeff_2, i16 %FiltCoeff_3, i16 %FiltCoeff_4, i16 %FiltCoeff_5, i10 %PixArray_25_out_load, i10 %PixArray_26_out_load, i10 %PixArray_27_out_load, i10 %PixArray_28_out_load_1, i10 %PixArray_29_out_load_1, i10 %PixArray_30_out_load_1, i10 %PixArray_31_out_load_1, i10 %PixArray_32_out_load_1, i10 %PixArray_33_out_load_1, i10 %PixArray_34_out_load_1, i10 %PixArray_35_out_load_1, i10 %PixArray_36_out_load_1, i10 %PixArray_37_out_load_1, i10 %PixArray_38_out_load_1, i10 %PixArray_39_out_load_1, i10 %PixArray_40_out_load_1, i10 %PixArray_41_out_load_1, i10 %PixArray_42_out_load_1, i10 %PixArray_43_out_load_1, i10 %PixArray_44_out_load_1, i10 %PixArray_45_out_load_1, i10 %PixArray_46_out_load_1, i10 %PixArray_47_out_load_1, i10 %PixArray_24_out_load_1, i6 %trunc_ln776, i2 %ArrayLoc" [G:/Project-Workspace/zynq-7020-video-pipe-3/hw/video-pipe-hw-v5/hw_011223.runs/bd_8126_hsc_0_synth_1/prj/sol/.autopilot/db/v_hscaler.cpp:794]   --->   Operation 176 'call' 'call_ret6' <Predicate = (!icmp_ln698 & !icmp_ln760)> <Delay = 4.20> <CoreType = "Generic">   --->   Core 0 '' <Latency = 0> <II = 1> <Delay = 1.00> <Generic> <Opcode : >

State 9 <SV = 8> <Delay = 4.20>
ST_9 : Operation 177 [7/11] (4.20ns)   --->   "%call_ret6 = call i30 @hscale_polyphase, i16 %FiltCoeff, i16 %FiltCoeff_1, i16 %FiltCoeff_2, i16 %FiltCoeff_3, i16 %FiltCoeff_4, i16 %FiltCoeff_5, i10 %PixArray_25_out_load, i10 %PixArray_26_out_load, i10 %PixArray_27_out_load, i10 %PixArray_28_out_load_1, i10 %PixArray_29_out_load_1, i10 %PixArray_30_out_load_1, i10 %PixArray_31_out_load_1, i10 %PixArray_32_out_load_1, i10 %PixArray_33_out_load_1, i10 %PixArray_34_out_load_1, i10 %PixArray_35_out_load_1, i10 %PixArray_36_out_load_1, i10 %PixArray_37_out_load_1, i10 %PixArray_38_out_load_1, i10 %PixArray_39_out_load_1, i10 %PixArray_40_out_load_1, i10 %PixArray_41_out_load_1, i10 %PixArray_42_out_load_1, i10 %PixArray_43_out_load_1, i10 %PixArray_44_out_load_1, i10 %PixArray_45_out_load_1, i10 %PixArray_46_out_load_1, i10 %PixArray_47_out_load_1, i10 %PixArray_24_out_load_1, i6 %trunc_ln776, i2 %ArrayLoc" [G:/Project-Workspace/zynq-7020-video-pipe-3/hw/video-pipe-hw-v5/hw_011223.runs/bd_8126_hsc_0_synth_1/prj/sol/.autopilot/db/v_hscaler.cpp:794]   --->   Operation 177 'call' 'call_ret6' <Predicate = (!icmp_ln698 & !icmp_ln760)> <Delay = 4.20> <CoreType = "Generic">   --->   Core 0 '' <Latency = 0> <II = 1> <Delay = 1.00> <Generic> <Opcode : >

State 10 <SV = 9> <Delay = 4.20>
ST_10 : Operation 178 [6/11] (4.20ns)   --->   "%call_ret6 = call i30 @hscale_polyphase, i16 %FiltCoeff, i16 %FiltCoeff_1, i16 %FiltCoeff_2, i16 %FiltCoeff_3, i16 %FiltCoeff_4, i16 %FiltCoeff_5, i10 %PixArray_25_out_load, i10 %PixArray_26_out_load, i10 %PixArray_27_out_load, i10 %PixArray_28_out_load_1, i10 %PixArray_29_out_load_1, i10 %PixArray_30_out_load_1, i10 %PixArray_31_out_load_1, i10 %PixArray_32_out_load_1, i10 %PixArray_33_out_load_1, i10 %PixArray_34_out_load_1, i10 %PixArray_35_out_load_1, i10 %PixArray_36_out_load_1, i10 %PixArray_37_out_load_1, i10 %PixArray_38_out_load_1, i10 %PixArray_39_out_load_1, i10 %PixArray_40_out_load_1, i10 %PixArray_41_out_load_1, i10 %PixArray_42_out_load_1, i10 %PixArray_43_out_load_1, i10 %PixArray_44_out_load_1, i10 %PixArray_45_out_load_1, i10 %PixArray_46_out_load_1, i10 %PixArray_47_out_load_1, i10 %PixArray_24_out_load_1, i6 %trunc_ln776, i2 %ArrayLoc" [G:/Project-Workspace/zynq-7020-video-pipe-3/hw/video-pipe-hw-v5/hw_011223.runs/bd_8126_hsc_0_synth_1/prj/sol/.autopilot/db/v_hscaler.cpp:794]   --->   Operation 178 'call' 'call_ret6' <Predicate = (!icmp_ln698 & !icmp_ln760)> <Delay = 4.20> <CoreType = "Generic">   --->   Core 0 '' <Latency = 0> <II = 1> <Delay = 1.00> <Generic> <Opcode : >

State 11 <SV = 10> <Delay = 4.20>
ST_11 : Operation 179 [5/11] (4.20ns)   --->   "%call_ret6 = call i30 @hscale_polyphase, i16 %FiltCoeff, i16 %FiltCoeff_1, i16 %FiltCoeff_2, i16 %FiltCoeff_3, i16 %FiltCoeff_4, i16 %FiltCoeff_5, i10 %PixArray_25_out_load, i10 %PixArray_26_out_load, i10 %PixArray_27_out_load, i10 %PixArray_28_out_load_1, i10 %PixArray_29_out_load_1, i10 %PixArray_30_out_load_1, i10 %PixArray_31_out_load_1, i10 %PixArray_32_out_load_1, i10 %PixArray_33_out_load_1, i10 %PixArray_34_out_load_1, i10 %PixArray_35_out_load_1, i10 %PixArray_36_out_load_1, i10 %PixArray_37_out_load_1, i10 %PixArray_38_out_load_1, i10 %PixArray_39_out_load_1, i10 %PixArray_40_out_load_1, i10 %PixArray_41_out_load_1, i10 %PixArray_42_out_load_1, i10 %PixArray_43_out_load_1, i10 %PixArray_44_out_load_1, i10 %PixArray_45_out_load_1, i10 %PixArray_46_out_load_1, i10 %PixArray_47_out_load_1, i10 %PixArray_24_out_load_1, i6 %trunc_ln776, i2 %ArrayLoc" [G:/Project-Workspace/zynq-7020-video-pipe-3/hw/video-pipe-hw-v5/hw_011223.runs/bd_8126_hsc_0_synth_1/prj/sol/.autopilot/db/v_hscaler.cpp:794]   --->   Operation 179 'call' 'call_ret6' <Predicate = (!icmp_ln698 & !icmp_ln760)> <Delay = 4.20> <CoreType = "Generic">   --->   Core 0 '' <Latency = 0> <II = 1> <Delay = 1.00> <Generic> <Opcode : >

State 12 <SV = 11> <Delay = 4.20>
ST_12 : Operation 180 [4/11] (4.20ns)   --->   "%call_ret6 = call i30 @hscale_polyphase, i16 %FiltCoeff, i16 %FiltCoeff_1, i16 %FiltCoeff_2, i16 %FiltCoeff_3, i16 %FiltCoeff_4, i16 %FiltCoeff_5, i10 %PixArray_25_out_load, i10 %PixArray_26_out_load, i10 %PixArray_27_out_load, i10 %PixArray_28_out_load_1, i10 %PixArray_29_out_load_1, i10 %PixArray_30_out_load_1, i10 %PixArray_31_out_load_1, i10 %PixArray_32_out_load_1, i10 %PixArray_33_out_load_1, i10 %PixArray_34_out_load_1, i10 %PixArray_35_out_load_1, i10 %PixArray_36_out_load_1, i10 %PixArray_37_out_load_1, i10 %PixArray_38_out_load_1, i10 %PixArray_39_out_load_1, i10 %PixArray_40_out_load_1, i10 %PixArray_41_out_load_1, i10 %PixArray_42_out_load_1, i10 %PixArray_43_out_load_1, i10 %PixArray_44_out_load_1, i10 %PixArray_45_out_load_1, i10 %PixArray_46_out_load_1, i10 %PixArray_47_out_load_1, i10 %PixArray_24_out_load_1, i6 %trunc_ln776, i2 %ArrayLoc" [G:/Project-Workspace/zynq-7020-video-pipe-3/hw/video-pipe-hw-v5/hw_011223.runs/bd_8126_hsc_0_synth_1/prj/sol/.autopilot/db/v_hscaler.cpp:794]   --->   Operation 180 'call' 'call_ret6' <Predicate = (!icmp_ln698 & !icmp_ln760)> <Delay = 4.20> <CoreType = "Generic">   --->   Core 0 '' <Latency = 0> <II = 1> <Delay = 1.00> <Generic> <Opcode : >

State 13 <SV = 12> <Delay = 4.20>
ST_13 : Operation 181 [3/11] (4.20ns)   --->   "%call_ret6 = call i30 @hscale_polyphase, i16 %FiltCoeff, i16 %FiltCoeff_1, i16 %FiltCoeff_2, i16 %FiltCoeff_3, i16 %FiltCoeff_4, i16 %FiltCoeff_5, i10 %PixArray_25_out_load, i10 %PixArray_26_out_load, i10 %PixArray_27_out_load, i10 %PixArray_28_out_load_1, i10 %PixArray_29_out_load_1, i10 %PixArray_30_out_load_1, i10 %PixArray_31_out_load_1, i10 %PixArray_32_out_load_1, i10 %PixArray_33_out_load_1, i10 %PixArray_34_out_load_1, i10 %PixArray_35_out_load_1, i10 %PixArray_36_out_load_1, i10 %PixArray_37_out_load_1, i10 %PixArray_38_out_load_1, i10 %PixArray_39_out_load_1, i10 %PixArray_40_out_load_1, i10 %PixArray_41_out_load_1, i10 %PixArray_42_out_load_1, i10 %PixArray_43_out_load_1, i10 %PixArray_44_out_load_1, i10 %PixArray_45_out_load_1, i10 %PixArray_46_out_load_1, i10 %PixArray_47_out_load_1, i10 %PixArray_24_out_load_1, i6 %trunc_ln776, i2 %ArrayLoc" [G:/Project-Workspace/zynq-7020-video-pipe-3/hw/video-pipe-hw-v5/hw_011223.runs/bd_8126_hsc_0_synth_1/prj/sol/.autopilot/db/v_hscaler.cpp:794]   --->   Operation 181 'call' 'call_ret6' <Predicate = (!icmp_ln698 & !icmp_ln760)> <Delay = 4.20> <CoreType = "Generic">   --->   Core 0 '' <Latency = 0> <II = 1> <Delay = 1.00> <Generic> <Opcode : >

State 14 <SV = 13> <Delay = 4.20>
ST_14 : Operation 182 [2/11] (4.20ns)   --->   "%call_ret6 = call i30 @hscale_polyphase, i16 %FiltCoeff, i16 %FiltCoeff_1, i16 %FiltCoeff_2, i16 %FiltCoeff_3, i16 %FiltCoeff_4, i16 %FiltCoeff_5, i10 %PixArray_25_out_load, i10 %PixArray_26_out_load, i10 %PixArray_27_out_load, i10 %PixArray_28_out_load_1, i10 %PixArray_29_out_load_1, i10 %PixArray_30_out_load_1, i10 %PixArray_31_out_load_1, i10 %PixArray_32_out_load_1, i10 %PixArray_33_out_load_1, i10 %PixArray_34_out_load_1, i10 %PixArray_35_out_load_1, i10 %PixArray_36_out_load_1, i10 %PixArray_37_out_load_1, i10 %PixArray_38_out_load_1, i10 %PixArray_39_out_load_1, i10 %PixArray_40_out_load_1, i10 %PixArray_41_out_load_1, i10 %PixArray_42_out_load_1, i10 %PixArray_43_out_load_1, i10 %PixArray_44_out_load_1, i10 %PixArray_45_out_load_1, i10 %PixArray_46_out_load_1, i10 %PixArray_47_out_load_1, i10 %PixArray_24_out_load_1, i6 %trunc_ln776, i2 %ArrayLoc" [G:/Project-Workspace/zynq-7020-video-pipe-3/hw/video-pipe-hw-v5/hw_011223.runs/bd_8126_hsc_0_synth_1/prj/sol/.autopilot/db/v_hscaler.cpp:794]   --->   Operation 182 'call' 'call_ret6' <Predicate = (!icmp_ln698 & !icmp_ln760)> <Delay = 4.20> <CoreType = "Generic">   --->   Core 0 '' <Latency = 0> <II = 1> <Delay = 1.00> <Generic> <Opcode : >
ST_14 : Operation 190 [1/1] (0.00ns)   --->   "%ret_ln0 = ret"   --->   Operation 190 'ret' 'ret_ln0' <Predicate = (icmp_ln698)> <Delay = 0.00>

State 15 <SV = 14> <Delay = 3.54>
ST_15 : Operation 183 [1/11] (0.99ns)   --->   "%call_ret6 = call i30 @hscale_polyphase, i16 %FiltCoeff, i16 %FiltCoeff_1, i16 %FiltCoeff_2, i16 %FiltCoeff_3, i16 %FiltCoeff_4, i16 %FiltCoeff_5, i10 %PixArray_25_out_load, i10 %PixArray_26_out_load, i10 %PixArray_27_out_load, i10 %PixArray_28_out_load_1, i10 %PixArray_29_out_load_1, i10 %PixArray_30_out_load_1, i10 %PixArray_31_out_load_1, i10 %PixArray_32_out_load_1, i10 %PixArray_33_out_load_1, i10 %PixArray_34_out_load_1, i10 %PixArray_35_out_load_1, i10 %PixArray_36_out_load_1, i10 %PixArray_37_out_load_1, i10 %PixArray_38_out_load_1, i10 %PixArray_39_out_load_1, i10 %PixArray_40_out_load_1, i10 %PixArray_41_out_load_1, i10 %PixArray_42_out_load_1, i10 %PixArray_43_out_load_1, i10 %PixArray_44_out_load_1, i10 %PixArray_45_out_load_1, i10 %PixArray_46_out_load_1, i10 %PixArray_47_out_load_1, i10 %PixArray_24_out_load_1, i6 %trunc_ln776, i2 %ArrayLoc" [G:/Project-Workspace/zynq-7020-video-pipe-3/hw/video-pipe-hw-v5/hw_011223.runs/bd_8126_hsc_0_synth_1/prj/sol/.autopilot/db/v_hscaler.cpp:794]   --->   Operation 183 'call' 'call_ret6' <Predicate = (!icmp_ln698 & !icmp_ln760)> <Delay = 0.99> <CoreType = "Generic">   --->   Core 0 '' <Latency = 0> <II = 1> <Delay = 1.00> <Generic> <Opcode : >
ST_15 : Operation 184 [1/1] (0.00ns)   --->   "%OutPix = extractvalue i30 %call_ret6" [G:/Project-Workspace/zynq-7020-video-pipe-3/hw/video-pipe-hw-v5/hw_011223.runs/bd_8126_hsc_0_synth_1/prj/sol/.autopilot/db/v_hscaler.cpp:794]   --->   Operation 184 'extractvalue' 'OutPix' <Predicate = (!icmp_ln760)> <Delay = 0.00>
ST_15 : Operation 185 [1/1] (0.00ns)   --->   "%OutPix_1 = extractvalue i30 %call_ret6" [G:/Project-Workspace/zynq-7020-video-pipe-3/hw/video-pipe-hw-v5/hw_011223.runs/bd_8126_hsc_0_synth_1/prj/sol/.autopilot/db/v_hscaler.cpp:794]   --->   Operation 185 'extractvalue' 'OutPix_1' <Predicate = (!icmp_ln760)> <Delay = 0.00>
ST_15 : Operation 186 [1/1] (0.00ns)   --->   "%OutPix_2 = extractvalue i30 %call_ret6" [G:/Project-Workspace/zynq-7020-video-pipe-3/hw/video-pipe-hw-v5/hw_011223.runs/bd_8126_hsc_0_synth_1/prj/sol/.autopilot/db/v_hscaler.cpp:794]   --->   Operation 186 'extractvalue' 'OutPix_2' <Predicate = (!icmp_ln760)> <Delay = 0.00>
ST_15 : Operation 187 [1/1] (0.00ns)   --->   "%p_0 = bitconcatenate i30 @_ssdm_op_BitConcatenate.i30.i10.i10.i10, i10 %OutPix_2, i10 %OutPix_1, i10 %OutPix" [G:/Project-Workspace/zynq-7020-video-pipe-3/hw/video-pipe-hw-v5/hw_011223.runs/bd_8126_hsc_0_synth_1/prj/sol/.autopilot/db/v_hscaler.cpp:804]   --->   Operation 187 'bitconcatenate' 'p_0' <Predicate = (!icmp_ln760 & and_ln802)> <Delay = 0.00>
ST_15 : Operation 188 [1/1] (2.55ns)   --->   "%write_ln804 = write void @_ssdm_op_Write.ap_fifo.volatile.i30P0A, i30 %stream_scaled, i30 %p_0" [G:/Project-Workspace/zynq-7020-video-pipe-3/hw/video-pipe-hw-v5/hw_011223.runs/bd_8126_hsc_0_synth_1/prj/sol/.autopilot/db/v_hscaler.cpp:804]   --->   Operation 188 'write' 'write_ln804' <Predicate = (!icmp_ln760 & and_ln802)> <Delay = 2.55> <CoreInst = "FIFO_SRL">   --->   Core 81 'FIFO_SRL' <Latency = 0> <II = 1> <Delay = 3.80> <Storage> <Opcode : 'read' 'write' 'nbread' 'nbwrite'> <Ports = 0> <Width = 30> <Depth = 16> <FIFO>
ST_15 : Operation 189 [1/1] (0.00ns)   --->   "%br_ln808 = br void %if.end183" [G:/Project-Workspace/zynq-7020-video-pipe-3/hw/video-pipe-hw-v5/hw_011223.runs/bd_8126_hsc_0_synth_1/prj/sol/.autopilot/db/v_hscaler.cpp:808]   --->   Operation 189 'br' 'br_ln808' <Predicate = (!icmp_ln760 & and_ln802)> <Delay = 0.00>


============================================================
+ Verbose Summary: Timing violations
============================================================
Target clock period: 7.000ns, clock uncertainty: 1.890ns.

 <State 1>: 6.481ns
The critical path consists of the following:
	'store' operation 0 bit ('store_ln632', G:/Project-Workspace/zynq-7020-video-pipe-3/hw/video-pipe-hw-v5/hw_011223.runs/bd_8126_hsc_0_synth_1/prj/sol/.autopilot/db/v_hscaler.cpp:632) of constant 0 on local variable 'x', G:/Project-Workspace/zynq-7020-video-pipe-3/hw/video-pipe-hw-v5/hw_011223.runs/bd_8126_hsc_0_synth_1/prj/sol/.autopilot/db/v_hscaler.cpp:632 [56]  (1.588 ns)
	'load' operation 11 bit ('x', G:/Project-Workspace/zynq-7020-video-pipe-3/hw/video-pipe-hw-v5/hw_011223.runs/bd_8126_hsc_0_synth_1/prj/sol/.autopilot/db/v_hscaler.cpp:762) on local variable 'x', G:/Project-Workspace/zynq-7020-video-pipe-3/hw/video-pipe-hw-v5/hw_011223.runs/bd_8126_hsc_0_synth_1/prj/sol/.autopilot/db/v_hscaler.cpp:632 [59]  (0.000 ns)
	'add' operation 11 bit ('xbySamples', G:/Project-Workspace/zynq-7020-video-pipe-3/hw/video-pipe-hw-v5/hw_011223.runs/bd_8126_hsc_0_synth_1/prj/sol/.autopilot/db/v_hscaler.cpp:762) [176]  (1.639 ns)
	'getelementptr' operation 11 bit ('phasesH_addr', G:/Project-Workspace/zynq-7020-video-pipe-3/hw/video-pipe-hw-v5/hw_011223.runs/bd_8126_hsc_0_synth_1/prj/sol/.autopilot/db/v_hscaler.cpp:767) [178]  (0.000 ns)
	'load' operation 9 bit ('phasesH_load', G:/Project-Workspace/zynq-7020-video-pipe-3/hw/video-pipe-hw-v5/hw_011223.runs/bd_8126_hsc_0_synth_1/prj/sol/.autopilot/db/v_hscaler.cpp:767) on array 'phasesH' [179]  (3.254 ns)

 <State 2>: 3.254ns
The critical path consists of the following:
	'load' operation 9 bit ('phasesH_load', G:/Project-Workspace/zynq-7020-video-pipe-3/hw/video-pipe-hw-v5/hw_011223.runs/bd_8126_hsc_0_synth_1/prj/sol/.autopilot/db/v_hscaler.cpp:767) on array 'phasesH' [179]  (3.254 ns)

 <State 3>: 4.470ns
The critical path consists of the following:
	'load' operation 16 bit ('xReadPos', G:/Project-Workspace/zynq-7020-video-pipe-3/hw/video-pipe-hw-v5/hw_011223.runs/bd_8126_hsc_0_synth_1/prj/sol/.autopilot/db/v_hscaler.cpp:797) on local variable 'xReadPos', G:/Project-Workspace/zynq-7020-video-pipe-3/hw/video-pipe-hw-v5/hw_011223.runs/bd_8126_hsc_0_synth_1/prj/sol/.autopilot/db/v_hscaler.cpp:631 [60]  (0.000 ns)
	'add' operation 16 bit ('xReadPos', G:/Project-Workspace/zynq-7020-video-pipe-3/hw/video-pipe-hw-v5/hw_011223.runs/bd_8126_hsc_0_synth_1/prj/sol/.autopilot/db/v_hscaler.cpp:797) [190]  (2.077 ns)
	'select' operation 16 bit ('xReadPos', G:/Project-Workspace/zynq-7020-video-pipe-3/hw/video-pipe-hw-v5/hw_011223.runs/bd_8126_hsc_0_synth_1/prj/sol/.autopilot/db/v_hscaler.cpp:795) [191]  (0.805 ns)
	'store' operation 0 bit ('store_ln631', G:/Project-Workspace/zynq-7020-video-pipe-3/hw/video-pipe-hw-v5/hw_011223.runs/bd_8126_hsc_0_synth_1/prj/sol/.autopilot/db/v_hscaler.cpp:631) of variable 'xReadPos', G:/Project-Workspace/zynq-7020-video-pipe-3/hw/video-pipe-hw-v5/hw_011223.runs/bd_8126_hsc_0_synth_1/prj/sol/.autopilot/db/v_hscaler.cpp:795 on local variable 'xReadPos', G:/Project-Workspace/zynq-7020-video-pipe-3/hw/video-pipe-hw-v5/hw_011223.runs/bd_8126_hsc_0_synth_1/prj/sol/.autopilot/db/v_hscaler.cpp:631 [201]  (1.588 ns)

 <State 4>: 2.555ns
The critical path consists of the following:
	fifo read operation ('stream_upsampled_read', G:/Project-Workspace/zynq-7020-video-pipe-3/hw/video-pipe-hw-v5/hw_011223.runs/bd_8126_hsc_0_synth_1/prj/sol/.autopilot/db/v_hscaler.cpp:727) on port 'stream_upsampled' (G:/Project-Workspace/zynq-7020-video-pipe-3/hw/video-pipe-hw-v5/hw_011223.runs/bd_8126_hsc_0_synth_1/prj/sol/.autopilot/db/v_hscaler.cpp:727) [139]  (2.555 ns)

 <State 5>: 3.392ns
The critical path consists of the following:
	'load' operation 10 bit ('PixArray_24_out_load_1', G:/Project-Workspace/zynq-7020-video-pipe-3/hw/video-pipe-hw-v5/hw_011223.runs/bd_8126_hsc_0_synth_1/prj/sol/.autopilot/db/v_hscaler.cpp:794) on local variable 'PixArray_24_out' [152]  (0.000 ns)
	'call' operation 30 bit ('call_ret6', G:/Project-Workspace/zynq-7020-video-pipe-3/hw/video-pipe-hw-v5/hw_011223.runs/bd_8126_hsc_0_synth_1/prj/sol/.autopilot/db/v_hscaler.cpp:794) to 'hscale_polyphase' [186]  (3.392 ns)

 <State 6>: 4.200ns
The critical path consists of the following:
	'call' operation 30 bit ('call_ret6', G:/Project-Workspace/zynq-7020-video-pipe-3/hw/video-pipe-hw-v5/hw_011223.runs/bd_8126_hsc_0_synth_1/prj/sol/.autopilot/db/v_hscaler.cpp:794) to 'hscale_polyphase' [186]  (4.200 ns)

 <State 7>: 4.200ns
The critical path consists of the following:
	'call' operation 30 bit ('call_ret6', G:/Project-Workspace/zynq-7020-video-pipe-3/hw/video-pipe-hw-v5/hw_011223.runs/bd_8126_hsc_0_synth_1/prj/sol/.autopilot/db/v_hscaler.cpp:794) to 'hscale_polyphase' [186]  (4.200 ns)

 <State 8>: 4.200ns
The critical path consists of the following:
	'call' operation 30 bit ('call_ret6', G:/Project-Workspace/zynq-7020-video-pipe-3/hw/video-pipe-hw-v5/hw_011223.runs/bd_8126_hsc_0_synth_1/prj/sol/.autopilot/db/v_hscaler.cpp:794) to 'hscale_polyphase' [186]  (4.200 ns)

 <State 9>: 4.200ns
The critical path consists of the following:
	'call' operation 30 bit ('call_ret6', G:/Project-Workspace/zynq-7020-video-pipe-3/hw/video-pipe-hw-v5/hw_011223.runs/bd_8126_hsc_0_synth_1/prj/sol/.autopilot/db/v_hscaler.cpp:794) to 'hscale_polyphase' [186]  (4.200 ns)

 <State 10>: 4.200ns
The critical path consists of the following:
	'call' operation 30 bit ('call_ret6', G:/Project-Workspace/zynq-7020-video-pipe-3/hw/video-pipe-hw-v5/hw_011223.runs/bd_8126_hsc_0_synth_1/prj/sol/.autopilot/db/v_hscaler.cpp:794) to 'hscale_polyphase' [186]  (4.200 ns)

 <State 11>: 4.200ns
The critical path consists of the following:
	'call' operation 30 bit ('call_ret6', G:/Project-Workspace/zynq-7020-video-pipe-3/hw/video-pipe-hw-v5/hw_011223.runs/bd_8126_hsc_0_synth_1/prj/sol/.autopilot/db/v_hscaler.cpp:794) to 'hscale_polyphase' [186]  (4.200 ns)

 <State 12>: 4.200ns
The critical path consists of the following:
	'call' operation 30 bit ('call_ret6', G:/Project-Workspace/zynq-7020-video-pipe-3/hw/video-pipe-hw-v5/hw_011223.runs/bd_8126_hsc_0_synth_1/prj/sol/.autopilot/db/v_hscaler.cpp:794) to 'hscale_polyphase' [186]  (4.200 ns)

 <State 13>: 4.200ns
The critical path consists of the following:
	'call' operation 30 bit ('call_ret6', G:/Project-Workspace/zynq-7020-video-pipe-3/hw/video-pipe-hw-v5/hw_011223.runs/bd_8126_hsc_0_synth_1/prj/sol/.autopilot/db/v_hscaler.cpp:794) to 'hscale_polyphase' [186]  (4.200 ns)

 <State 14>: 4.200ns
The critical path consists of the following:
	'call' operation 30 bit ('call_ret6', G:/Project-Workspace/zynq-7020-video-pipe-3/hw/video-pipe-hw-v5/hw_011223.runs/bd_8126_hsc_0_synth_1/prj/sol/.autopilot/db/v_hscaler.cpp:794) to 'hscale_polyphase' [186]  (4.200 ns)

 <State 15>: 3.548ns
The critical path consists of the following:
	'call' operation 30 bit ('call_ret6', G:/Project-Workspace/zynq-7020-video-pipe-3/hw/video-pipe-hw-v5/hw_011223.runs/bd_8126_hsc_0_synth_1/prj/sol/.autopilot/db/v_hscaler.cpp:794) to 'hscale_polyphase' [186]  (0.993 ns)
	fifo write operation ('write_ln804', G:/Project-Workspace/zynq-7020-video-pipe-3/hw/video-pipe-hw-v5/hw_011223.runs/bd_8126_hsc_0_synth_1/prj/sol/.autopilot/db/v_hscaler.cpp:804) on port 'stream_scaled' (G:/Project-Workspace/zynq-7020-video-pipe-3/hw/video-pipe-hw-v5/hw_011223.runs/bd_8126_hsc_0_synth_1/prj/sol/.autopilot/db/v_hscaler.cpp:804) [197]  (2.555 ns)


============================================================
+ Verbose Summary: Binding
============================================================
N/A
* FSMD analyzer results:
  - Output states:
 - Input state : 
  - Chain level:
	State 1
	State 2
	State 3
	State 4
	State 5
	State 6
	State 7
	State 8
	State 9
	State 10
	State 11
	State 12
	State 13
	State 14
	State 15


============================================================
+ Verbose Summary: Datapath Resource usage 
============================================================
N/A
