

================================================================
== Vitis HLS Report for 'v_csc_core'
================================================================
* Date:           Fri Dec 22 12:33:03 2023

* Version:        2023.2 (Build 4023990 on Oct 11 2023)
* Project:        prj
* Solution:       sol (Vivado IP Flow Target)
* Product family: zynq
* Target device:  xc7z020-clg484-1


================================================================
== Performance Estimates
================================================================
+ Timing: 
    * Summary: 
    +--------+---------+----------+------------+
    |  Clock |  Target | Estimated| Uncertainty|
    +--------+---------+----------+------------+
    |ap_clk  |  7.00 ns|  5.110 ns|     1.89 ns|
    +--------+---------+----------+------------+

+ Latency: 
    * Summary: 
    +---------+---------+----------+-----------+-----+---------+---------+
    |  Latency (cycles) |  Latency (absolute)  |    Interval   | Pipeline|
    |   min   |   max   |    min   |    max    | min |   max   |   Type  |
    +---------+---------+----------+-----------+-----+---------+---------+
    |        1|  2086561|  7.000 ns|  14.606 ms|    1|  2086561|       no|
    +---------+---------+----------+-----------+-----+---------+---------+

    + Detail: 
        * Instance: 
        N/A

        * Loop: 
        +---------------------+---------+---------+----------+-----------+-----------+----------+----------+
        |                     |  Latency (cycles) | Iteration|  Initiation Interval  |   Trip   |          |
        |      Loop Name      |   min   |   max   |  Latency |  achieved |   target  |   Count  | Pipelined|
        +---------------------+---------+---------+----------+-----------+-----------+----------+----------+
        |- VITIS_LOOP_2078_1  |        0|  2086560|  4 ~ 1932|          -|          -|  0 ~ 1080|        no|
        +---------------------+---------+---------+----------+-----------+-----------+----------+----------+

============================================================
+ Verbose Summary: Synthesis Manager
============================================================
InlineROM: 1
ExposeGlobal: 0
============================================================
+ Verbose Summary: CDFG Model
============================================================
IsTopModel: 0
ResetActiveHigh: 1
IsCombinational: 2
IsDatapathOnly: 0
HasWiredReturn: 1
HasMFsm: 0
HasVarLatency: 1
IsPipeline: 0
IsRtlPipelined: 0
IsInstanceOverlapped: 0
IsDontTouch: 0
HasImplIP: 0
IsGatedGlobalClock: 0


============================================================
+ Verbose Summary: Schedule
============================================================
* Number of FSM states : 3
* Pipeline : 0
* Dataflow Pipeline: 0

* FSM state transitions: 
1 --> 2 
2 --> 3 
3 --> 2 

* FSM state operations: 

State 1 <SV = 0> <Delay = 5.11>
ST_1 : Operation 4 [1/1] (0.00ns)   --->   "%y = alloca i32 1" [G:/Project-Workspace/zynq-7020-video-pipe-3/hw/video-pipe-hw-v5/hw_011223.runs/bd_8126_hsc_0_synth_1/prj/sol/.autopilot/db/v_hscaler.cpp:2071]   --->   Operation 4 'alloca' 'y' <Predicate = true> <Delay = 0.00>
ST_1 : Operation 5 [1/1] (0.00ns)   --->   "%specinterface_ln0 = specinterface void @_ssdm_op_SpecInterface, i8 %ColorMode, void @ap_fifo_str, i32 0, i32 0, void @p_str, i32 0, i32 0, void @p_str, void @p_str, void @p_str, i32 2, i32 2, i32 16, i32 16, void @p_str, void @ScalarProp_str, i32 4294967295, i32 0"   --->   Operation 5 'specinterface' 'specinterface_ln0' <Predicate = true> <Delay = 0.00>
ST_1 : Operation 6 [1/1] (2.55ns)   --->   "%bPassThru_read_2 = read i1 @_ssdm_op_Read.ap_auto.i1, i1 %bPassThru_read"   --->   Operation 6 'read' 'bPassThru_read_2' <Predicate = true> <Delay = 2.55> <CoreInst = "FIFO_SRL">   --->   Core 81 'FIFO_SRL' <Latency = 0> <II = 1> <Delay = 3.63> <Storage> <Opcode : 'read' 'write' 'nbread' 'nbwrite'> <Ports = 0> <Width = -1> <Depth = -1> <FIFO>
ST_1 : Operation 7 [1/1] (2.55ns)   --->   "%ColorMode_read = read i8 @_ssdm_op_Read.ap_fifo.i8P0A, i8 %ColorMode"   --->   Operation 7 'read' 'ColorMode_read' <Predicate = true> <Delay = 2.55> <CoreInst = "FIFO_SRL">   --->   Core 81 'FIFO_SRL' <Latency = 0> <II = 1> <Delay = 3.63> <Storage> <Opcode : 'read' 'write' 'nbread' 'nbwrite'> <Ports = 0> <Width = 8> <Depth = 4> <FIFO>
ST_1 : Operation 8 [1/1] (0.00ns)   --->   "%specinterface_ln0 = specinterface void @_ssdm_op_SpecInterface, i16 %WidthOut, void @ap_fifo_str, i32 0, i32 0, void @p_str, i32 0, i32 0, void @p_str, void @p_str, void @p_str, i32 2, i32 2, i32 16, i32 16, void @p_str, void @ScalarProp_str, i32 4294967295, i32 0"   --->   Operation 8 'specinterface' 'specinterface_ln0' <Predicate = true> <Delay = 0.00>
ST_1 : Operation 9 [1/1] (2.55ns)   --->   "%WidthOut_read = read i16 @_ssdm_op_Read.ap_fifo.i16P0A, i16 %WidthOut"   --->   Operation 9 'read' 'WidthOut_read' <Predicate = true> <Delay = 2.55> <CoreInst = "FIFO_SRL">   --->   Core 81 'FIFO_SRL' <Latency = 0> <II = 1> <Delay = 3.63> <Storage> <Opcode : 'read' 'write' 'nbread' 'nbwrite'> <Ports = 0> <Width = 16> <Depth = 2> <FIFO>
ST_1 : Operation 10 [1/1] (0.00ns)   --->   "%specinterface_ln0 = specinterface void @_ssdm_op_SpecInterface, i16 %WidthOut_c22, void @ap_fifo_str, i32 0, i32 0, void @p_str, i32 0, i32 0, void @p_str, void @p_str, void @p_str, i32 2, i32 2, i32 16, i32 16, void @p_str, void @ScalarProp_str, i32 4294967295, i32 0"   --->   Operation 10 'specinterface' 'specinterface_ln0' <Predicate = true> <Delay = 0.00>
ST_1 : Operation 11 [1/1] (2.55ns)   --->   "%write_ln0 = write void @_ssdm_op_Write.ap_fifo.i16P0A, i16 %WidthOut_c22, i16 %WidthOut_read"   --->   Operation 11 'write' 'write_ln0' <Predicate = true> <Delay = 2.55> <CoreInst = "FIFO_SRL">   --->   Core 81 'FIFO_SRL' <Latency = 0> <II = 1> <Delay = 3.63> <Storage> <Opcode : 'read' 'write' 'nbread' 'nbwrite'> <Ports = 0> <Width = 16> <Depth = 2> <FIFO>
ST_1 : Operation 12 [1/1] (0.00ns)   --->   "%specinterface_ln0 = specinterface void @_ssdm_op_SpecInterface, i16 %Height, void @ap_fifo_str, i32 0, i32 0, void @p_str, i32 0, i32 0, void @p_str, void @p_str, void @p_str, i32 2, i32 2, i32 16, i32 16, void @p_str, void @ScalarProp_str, i32 4294967295, i32 0"   --->   Operation 12 'specinterface' 'specinterface_ln0' <Predicate = true> <Delay = 0.00>
ST_1 : Operation 13 [1/1] (2.55ns)   --->   "%Height_read = read i16 @_ssdm_op_Read.ap_fifo.i16P0A, i16 %Height"   --->   Operation 13 'read' 'Height_read' <Predicate = true> <Delay = 2.55> <CoreInst = "FIFO_SRL">   --->   Core 81 'FIFO_SRL' <Latency = 0> <II = 1> <Delay = 3.63> <Storage> <Opcode : 'read' 'write' 'nbread' 'nbwrite'> <Ports = 0> <Width = 16> <Depth = 2> <FIFO>
ST_1 : Operation 14 [1/1] (0.00ns)   --->   "%specinterface_ln0 = specinterface void @_ssdm_op_SpecInterface, i16 %Height_c18, void @ap_fifo_str, i32 0, i32 0, void @p_str, i32 0, i32 0, void @p_str, void @p_str, void @p_str, i32 2, i32 2, i32 16, i32 16, void @p_str, void @ScalarProp_str, i32 4294967295, i32 0"   --->   Operation 14 'specinterface' 'specinterface_ln0' <Predicate = true> <Delay = 0.00>
ST_1 : Operation 15 [1/1] (2.55ns)   --->   "%write_ln0 = write void @_ssdm_op_Write.ap_fifo.i16P0A, i16 %Height_c18, i16 %Height_read"   --->   Operation 15 'write' 'write_ln0' <Predicate = true> <Delay = 2.55> <CoreInst = "FIFO_SRL">   --->   Core 81 'FIFO_SRL' <Latency = 0> <II = 1> <Delay = 3.63> <Storage> <Opcode : 'read' 'write' 'nbread' 'nbwrite'> <Ports = 0> <Width = 16> <Depth = 2> <FIFO>
ST_1 : Operation 16 [1/1] (0.00ns)   --->   "%specstablecontent_ln0 = specstablecontent void @_ssdm_op_SpecStableContent, i16 %WidthOut, void "   --->   Operation 16 'specstablecontent' 'specstablecontent_ln0' <Predicate = true> <Delay = 0.00>
ST_1 : Operation 17 [1/1] (0.00ns)   --->   "%specstablecontent_ln0 = specstablecontent void @_ssdm_op_SpecStableContent, i16 %Height, void "   --->   Operation 17 'specstablecontent' 'specstablecontent_ln0' <Predicate = true> <Delay = 0.00>
ST_1 : Operation 18 [1/1] (0.00ns)   --->   "%specinterface_ln0 = specinterface void @_ssdm_op_SpecInterface, i30 %stream_scaled_csc, void @empty_23, i32 0, i32 0, void @empty_10, i32 0, i32 0, void @empty_10, void @empty_10, void @empty_10, i32 0, i32 0, i32 0, i32 0, void @empty_10, void @empty_10, i32 4294967295, i32 0"   --->   Operation 18 'specinterface' 'specinterface_ln0' <Predicate = true> <Delay = 0.00>
ST_1 : Operation 19 [1/1] (0.00ns)   --->   "%specinterface_ln0 = specinterface void @_ssdm_op_SpecInterface, i30 %stream_scaled, void @empty_23, i32 0, i32 0, void @empty_10, i32 0, i32 0, void @empty_10, void @empty_10, void @empty_10, i32 0, i32 0, i32 0, i32 0, void @empty_10, void @empty_10, i32 4294967295, i32 0"   --->   Operation 19 'specinterface' 'specinterface_ln0' <Predicate = true> <Delay = 0.00>
ST_1 : Operation 20 [1/1] (0.00ns)   --->   "%empty = trunc i16 %WidthOut_read"   --->   Operation 20 'trunc' 'empty' <Predicate = true> <Delay = 0.00>
ST_1 : Operation 21 [1/1] (0.00ns)   --->   "%empty_79 = trunc i16 %Height_read"   --->   Operation 21 'trunc' 'empty_79' <Predicate = true> <Delay = 0.00>
ST_1 : Operation 22 [1/1] (1.91ns)   --->   "%cmp74 = icmp_ne  i8 %ColorMode_read, i8 0"   --->   Operation 22 'icmp' 'cmp74' <Predicate = true> <Delay = 1.91> <CoreInst = "Cmp">   --->   Core 9 'Cmp' <Latency = 0> <II = 1> <Delay = 1.91> <FuncUnit> <Opcode : 'icmp'> <InPorts = 2> <OutPorts = 1>
ST_1 : Operation 23 [1/1] (1.58ns)   --->   "%store_ln2071 = store i11 0, i11 %y" [G:/Project-Workspace/zynq-7020-video-pipe-3/hw/video-pipe-hw-v5/hw_011223.runs/bd_8126_hsc_0_synth_1/prj/sol/.autopilot/db/v_hscaler.cpp:2071]   --->   Operation 23 'store' 'store_ln2071' <Predicate = true> <Delay = 1.58>
ST_1 : Operation 24 [1/1] (0.00ns)   --->   "%br_ln2078 = br void %VITIS_LOOP_2080_2" [G:/Project-Workspace/zynq-7020-video-pipe-3/hw/video-pipe-hw-v5/hw_011223.runs/bd_8126_hsc_0_synth_1/prj/sol/.autopilot/db/v_hscaler.cpp:2078]   --->   Operation 24 'br' 'br_ln2078' <Predicate = true> <Delay = 0.00>

State 2 <SV = 1> <Delay = 4.86>
ST_2 : Operation 25 [1/1] (0.00ns)   --->   "%y_2 = load i11 %y" [G:/Project-Workspace/zynq-7020-video-pipe-3/hw/video-pipe-hw-v5/hw_011223.runs/bd_8126_hsc_0_synth_1/prj/sol/.autopilot/db/v_hscaler.cpp:2078]   --->   Operation 25 'load' 'y_2' <Predicate = true> <Delay = 0.00>
ST_2 : Operation 26 [1/1] (1.63ns)   --->   "%icmp_ln2078 = icmp_eq  i11 %y_2, i11 %empty_79" [G:/Project-Workspace/zynq-7020-video-pipe-3/hw/video-pipe-hw-v5/hw_011223.runs/bd_8126_hsc_0_synth_1/prj/sol/.autopilot/db/v_hscaler.cpp:2078]   --->   Operation 26 'icmp' 'icmp_ln2078' <Predicate = true> <Delay = 1.63> <CoreInst = "Cmp">   --->   Core 9 'Cmp' <Latency = 0> <II = 1> <Delay = 1.63> <FuncUnit> <Opcode : 'icmp'> <InPorts = 2> <OutPorts = 1>
ST_2 : Operation 27 [1/1] (0.00ns)   --->   "%speclooptripcount_ln0 = speclooptripcount void @_ssdm_op_SpecLoopTripCount, i64 0, i64 1080, i64 0"   --->   Operation 27 'speclooptripcount' 'speclooptripcount_ln0' <Predicate = true> <Delay = 0.00>
ST_2 : Operation 28 [1/1] (1.63ns)   --->   "%y_3 = add i11 %y_2, i11 1" [G:/Project-Workspace/zynq-7020-video-pipe-3/hw/video-pipe-hw-v5/hw_011223.runs/bd_8126_hsc_0_synth_1/prj/sol/.autopilot/db/v_hscaler.cpp:2078]   --->   Operation 28 'add' 'y_3' <Predicate = true> <Delay = 1.63> <CoreInst = "Adder">   --->   Core 1 'Adder' <Latency = 0> <II = 1> <Delay = 1.63> <FuncUnit> <Opcode : 'add' 'sub'> <InPorts = 2> <OutPorts = 1>
ST_2 : Operation 29 [1/1] (0.00ns)   --->   "%br_ln2078 = br i1 %icmp_ln2078, void %VITIS_LOOP_2080_2.split, void %for.end211.loopexit" [G:/Project-Workspace/zynq-7020-video-pipe-3/hw/video-pipe-hw-v5/hw_011223.runs/bd_8126_hsc_0_synth_1/prj/sol/.autopilot/db/v_hscaler.cpp:2078]   --->   Operation 29 'br' 'br_ln2078' <Predicate = true> <Delay = 0.00>
ST_2 : Operation 30 [1/1] (0.00ns)   --->   "%empty_80 = wait i32 @_ssdm_op_Wait"   --->   Operation 30 'wait' 'empty_80' <Predicate = (!icmp_ln2078)> <Delay = 0.00>
ST_2 : Operation 31 [2/2] (3.22ns)   --->   "%call_ln0 = call void @v_csc_core_Pipeline_VITIS_LOOP_2080_2, i11 %empty, i30 %stream_scaled_csc, i30 %stream_scaled, i1 %cmp74, i1 %bPassThru_read_2"   --->   Operation 31 'call' 'call_ln0' <Predicate = (!icmp_ln2078)> <Delay = 3.22> <CoreType = "Generic">   --->   Core 0 '' <Latency = 0> <II = 1> <Delay = 1.00> <Generic> <Opcode : >
ST_2 : Operation 32 [1/1] (1.58ns)   --->   "%store_ln2071 = store i11 %y_3, i11 %y" [G:/Project-Workspace/zynq-7020-video-pipe-3/hw/video-pipe-hw-v5/hw_011223.runs/bd_8126_hsc_0_synth_1/prj/sol/.autopilot/db/v_hscaler.cpp:2071]   --->   Operation 32 'store' 'store_ln2071' <Predicate = (!icmp_ln2078)> <Delay = 1.58>
ST_2 : Operation 33 [1/1] (0.00ns)   --->   "%ret_ln2118 = ret" [G:/Project-Workspace/zynq-7020-video-pipe-3/hw/video-pipe-hw-v5/hw_011223.runs/bd_8126_hsc_0_synth_1/prj/sol/.autopilot/db/v_hscaler.cpp:2118]   --->   Operation 33 'ret' 'ret_ln2118' <Predicate = (icmp_ln2078)> <Delay = 0.00>

State 3 <SV = 2> <Delay = 0.00>
ST_3 : Operation 34 [1/1] (0.00ns)   --->   "%specloopname_ln2078 = specloopname void @_ssdm_op_SpecLoopName, void @empty" [G:/Project-Workspace/zynq-7020-video-pipe-3/hw/video-pipe-hw-v5/hw_011223.runs/bd_8126_hsc_0_synth_1/prj/sol/.autopilot/db/v_hscaler.cpp:2078]   --->   Operation 34 'specloopname' 'specloopname_ln2078' <Predicate = true> <Delay = 0.00>
ST_3 : Operation 35 [1/2] (0.00ns)   --->   "%call_ln0 = call void @v_csc_core_Pipeline_VITIS_LOOP_2080_2, i11 %empty, i30 %stream_scaled_csc, i30 %stream_scaled, i1 %cmp74, i1 %bPassThru_read_2"   --->   Operation 35 'call' 'call_ln0' <Predicate = true> <Delay = 0.00> <CoreType = "Generic">   --->   Core 0 '' <Latency = 0> <II = 1> <Delay = 1.00> <Generic> <Opcode : >
ST_3 : Operation 36 [1/1] (0.00ns)   --->   "%br_ln2078 = br void %VITIS_LOOP_2080_2" [G:/Project-Workspace/zynq-7020-video-pipe-3/hw/video-pipe-hw-v5/hw_011223.runs/bd_8126_hsc_0_synth_1/prj/sol/.autopilot/db/v_hscaler.cpp:2078]   --->   Operation 36 'br' 'br_ln2078' <Predicate = true> <Delay = 0.00>


============================================================
+ Verbose Summary: Timing violations
============================================================
Target clock period: 7.000ns, clock uncertainty: 1.890ns.

 <State 1>: 5.110ns
The critical path consists of the following:
	fifo read operation ('WidthOut_read') on port 'WidthOut' [14]  (2.555 ns)
	fifo write operation ('write_ln0') on port 'WidthOut_c22' [16]  (2.555 ns)

 <State 2>: 4.866ns
The critical path consists of the following:
	'load' operation 11 bit ('y', G:/Project-Workspace/zynq-7020-video-pipe-3/hw/video-pipe-hw-v5/hw_011223.runs/bd_8126_hsc_0_synth_1/prj/sol/.autopilot/db/v_hscaler.cpp:2078) on local variable 'y', G:/Project-Workspace/zynq-7020-video-pipe-3/hw/video-pipe-hw-v5/hw_011223.runs/bd_8126_hsc_0_synth_1/prj/sol/.autopilot/db/v_hscaler.cpp:2071 [31]  (0.000 ns)
	'icmp' operation 1 bit ('icmp_ln2078', G:/Project-Workspace/zynq-7020-video-pipe-3/hw/video-pipe-hw-v5/hw_011223.runs/bd_8126_hsc_0_synth_1/prj/sol/.autopilot/db/v_hscaler.cpp:2078) [32]  (1.639 ns)
	'call' operation 0 bit ('call_ln0') to 'v_csc_core_Pipeline_VITIS_LOOP_2080_2' [39]  (3.227 ns)

 <State 3>: 0.000ns
The critical path consists of the following:


============================================================
+ Verbose Summary: Binding
============================================================
N/A
* FSMD analyzer results:
  - Output states:
 - Input state : 
  - Chain level:
	State 1
	State 2
	State 3


============================================================
+ Verbose Summary: Datapath Resource usage 
============================================================
N/A
