

================================================================
== Vitis HLS Report for 'v_hcresampler_core_1'
================================================================
* Date:           Fri Dec 22 12:32:50 2023

* Version:        2023.2 (Build 4023990 on Oct 11 2023)
* Project:        prj
* Solution:       sol (Vivado IP Flow Target)
* Product family: zynq
* Target device:  xc7z020-clg484-1


================================================================
== Performance Estimates
================================================================
+ Timing: 
    * Summary: 
    +--------+---------+----------+------------+
    |  Clock |  Target | Estimated| Uncertainty|
    +--------+---------+----------+------------+
    |ap_clk  |  7.00 ns|  5.253 ns|     1.89 ns|
    +--------+---------+----------+------------+

+ Latency: 
    * Summary: 
    +---------+------------+-----------+-----------+-----+------------+---------+
    |   Latency (cycles)   |   Latency (absolute)  |     Interval     | Pipeline|
    |   min   |     max    |    min    |    max    | min |     max    |   Type  |
    +---------+------------+-----------+-----------+-----+------------+---------+
    |        2|  1073938427|  14.000 ns|  7.518 sec|    2|  1073938427|       no|
    +---------+------------+-----------+-----------+-----+------------+---------+

    + Detail: 
        * Instance: 
        N/A

        * Loop: 
        +---------------------+---------+------------+-----------+-----------+-----------+-----------+----------+
        |                     |   Latency (cycles)   | Iteration |  Initiation Interval  |    Trip   |          |
        |      Loop Name      |   min   |     max    |  Latency  |  achieved |   target  |   Count   | Pipelined|
        +---------------------+---------+------------+-----------+-----------+-----------+-----------+----------+
        |- VITIS_LOOP_1679_1  |        0|  1073938425|  8 ~ 32775|          -|          -|  0 ~ 32767|        no|
        +---------------------+---------+------------+-----------+-----------+-----------+-----------+----------+

============================================================
+ Verbose Summary: Synthesis Manager
============================================================
InlineROM: 1
ExposeGlobal: 0
============================================================
+ Verbose Summary: CDFG Model
============================================================
IsTopModel: 0
ResetActiveHigh: 1
IsCombinational: 2
IsDatapathOnly: 0
HasWiredReturn: 1
HasMFsm: 0
HasVarLatency: 1
IsPipeline: 0
IsRtlPipelined: 0
IsInstanceOverlapped: 0
IsDontTouch: 0
HasImplIP: 0
IsGatedGlobalClock: 0


============================================================
+ Verbose Summary: Schedule
============================================================
* Number of FSM states : 6
* Pipeline : 0
* Dataflow Pipeline: 0

* FSM state transitions: 
1 --> 2 
2 --> 3 
3 --> 4 
4 --> 5 
5 --> 6 
6 --> 3 

* FSM state operations: 

State 1 <SV = 0> <Delay = 2.55>
ST_1 : Operation 7 [1/1] (0.00ns)   --->   "%y = alloca i32 1"   --->   Operation 7 'alloca' 'y' <Predicate = true> <Delay = 0.00>
ST_1 : Operation 8 [1/1] (0.00ns)   --->   "%inpix_0_0_0_0_0_load679_lcssa725 = alloca i32 1"   --->   Operation 8 'alloca' 'inpix_0_0_0_0_0_load679_lcssa725' <Predicate = true> <Delay = 0.00>
ST_1 : Operation 9 [1/1] (0.00ns)   --->   "%inpix_0_1_0_0_0_load681_lcssa728 = alloca i32 1"   --->   Operation 9 'alloca' 'inpix_0_1_0_0_0_load681_lcssa728' <Predicate = true> <Delay = 0.00>
ST_1 : Operation 10 [1/1] (0.00ns)   --->   "%inpix_0_2_0_0_0_load683_lcssa731 = alloca i32 1"   --->   Operation 10 'alloca' 'inpix_0_2_0_0_0_load683_lcssa731' <Predicate = true> <Delay = 0.00>
ST_1 : Operation 11 [1/1] (0.00ns)   --->   "%p_0_0_0_0_0495685_lcssa734 = alloca i32 1"   --->   Operation 11 'alloca' 'p_0_0_0_0_0495685_lcssa734' <Predicate = true> <Delay = 0.00>
ST_1 : Operation 12 [1/1] (0.00ns)   --->   "%p_0_1_0_0_0687_lcssa737 = alloca i32 1"   --->   Operation 12 'alloca' 'p_0_1_0_0_0687_lcssa737' <Predicate = true> <Delay = 0.00>
ST_1 : Operation 13 [1/1] (0.00ns)   --->   "%p_0_2_0_0_0691_lcssa740 = alloca i32 1"   --->   Operation 13 'alloca' 'p_0_2_0_0_0691_lcssa740' <Predicate = true> <Delay = 0.00>
ST_1 : Operation 14 [1/1] (0.00ns)   --->   "%p_0_0_0_0_0487_1695_lcssa743 = alloca i32 1"   --->   Operation 14 'alloca' 'p_0_0_0_0_0487_1695_lcssa743' <Predicate = true> <Delay = 0.00>
ST_1 : Operation 15 [1/1] (0.00ns)   --->   "%p_0_0_0_0_0_1701_lcssa749 = alloca i32 1"   --->   Operation 15 'alloca' 'p_0_0_0_0_0_1701_lcssa749' <Predicate = true> <Delay = 0.00>
ST_1 : Operation 16 [1/1] (0.00ns)   --->   "%p_0_0_0_0_0487_2707_lcssa755 = alloca i32 1"   --->   Operation 16 'alloca' 'p_0_0_0_0_0487_2707_lcssa755' <Predicate = true> <Delay = 0.00>
ST_1 : Operation 17 [1/1] (0.00ns)   --->   "%p_0_0_0_0_0_2710_lcssa758 = alloca i32 1"   --->   Operation 17 'alloca' 'p_0_0_0_0_0_2710_lcssa758' <Predicate = true> <Delay = 0.00>
ST_1 : Operation 18 [1/1] (0.00ns)   --->   "%p_0_1_0_0_0687713_lcssa761 = alloca i32 1"   --->   Operation 18 'alloca' 'p_0_1_0_0_0687713_lcssa761' <Predicate = true> <Delay = 0.00>
ST_1 : Operation 19 [1/1] (0.00ns)   --->   "%p_0_2_0_0_0691717_lcssa764 = alloca i32 1"   --->   Operation 19 'alloca' 'p_0_2_0_0_0691717_lcssa764' <Predicate = true> <Delay = 0.00>
ST_1 : Operation 20 [1/1] (0.00ns)   --->   "%pixbuf_y = alloca i32 1" [G:/Project-Workspace/zynq-7020-video-pipe-3/hw/video-pipe-hw-v5/hw_011223.runs/bd_8126_hsc_0_synth_1/prj/sol/.autopilot/db/v_hscaler.cpp:1655]   --->   Operation 20 'alloca' 'pixbuf_y' <Predicate = true> <Delay = 0.00>
ST_1 : Operation 21 [1/1] (0.00ns)   --->   "%pixbuf_y_1 = alloca i32 1" [G:/Project-Workspace/zynq-7020-video-pipe-3/hw/video-pipe-hw-v5/hw_011223.runs/bd_8126_hsc_0_synth_1/prj/sol/.autopilot/db/v_hscaler.cpp:1655]   --->   Operation 21 'alloca' 'pixbuf_y_1' <Predicate = true> <Delay = 0.00>
ST_1 : Operation 22 [1/1] (0.00ns)   --->   "%pixbuf_y_2 = alloca i32 1" [G:/Project-Workspace/zynq-7020-video-pipe-3/hw/video-pipe-hw-v5/hw_011223.runs/bd_8126_hsc_0_synth_1/prj/sol/.autopilot/db/v_hscaler.cpp:1655]   --->   Operation 22 'alloca' 'pixbuf_y_2' <Predicate = true> <Delay = 0.00>
ST_1 : Operation 23 [1/1] (0.00ns)   --->   "%pixbuf_y_3 = alloca i32 1" [G:/Project-Workspace/zynq-7020-video-pipe-3/hw/video-pipe-hw-v5/hw_011223.runs/bd_8126_hsc_0_synth_1/prj/sol/.autopilot/db/v_hscaler.cpp:1655]   --->   Operation 23 'alloca' 'pixbuf_y_3' <Predicate = true> <Delay = 0.00>
ST_1 : Operation 24 [1/1] (0.00ns)   --->   "%pixbuf_y_4 = alloca i32 1" [G:/Project-Workspace/zynq-7020-video-pipe-3/hw/video-pipe-hw-v5/hw_011223.runs/bd_8126_hsc_0_synth_1/prj/sol/.autopilot/db/v_hscaler.cpp:1655]   --->   Operation 24 'alloca' 'pixbuf_y_4' <Predicate = true> <Delay = 0.00>
ST_1 : Operation 25 [1/1] (2.55ns)   --->   "%p_read_5 = read i1 @_ssdm_op_Read.ap_auto.i1, i1 %p_read"   --->   Operation 25 'read' 'p_read_5' <Predicate = true> <Delay = 2.55> <CoreInst = "FIFO_SRL">   --->   Core 81 'FIFO_SRL' <Latency = 0> <II = 1> <Delay = 3.63> <Storage> <Opcode : 'read' 'write' 'nbread' 'nbwrite'> <Ports = 0> <Width = -1> <Depth = -1> <FIFO>
ST_1 : Operation 26 [1/1] (0.00ns)   --->   "%pixbuf_y_9_loc = alloca i64 1"   --->   Operation 26 'alloca' 'pixbuf_y_9_loc' <Predicate = true> <Delay = 0.00>
ST_1 : Operation 27 [1/1] (2.55ns)   --->   "%WidthIn_read = read i16 @_ssdm_op_Read.ap_fifo.i16P0A, i16 %WidthIn"   --->   Operation 27 'read' 'WidthIn_read' <Predicate = true> <Delay = 2.55> <CoreInst = "FIFO_SRL">   --->   Core 81 'FIFO_SRL' <Latency = 0> <II = 1> <Delay = 3.63> <Storage> <Opcode : 'read' 'write' 'nbread' 'nbwrite'> <Ports = 0> <Width = 16> <Depth = 2> <FIFO>
ST_1 : Operation 28 [1/1] (2.55ns)   --->   "%loopHeight = read i16 @_ssdm_op_Read.ap_fifo.i16P0A, i16 %Height"   --->   Operation 28 'read' 'loopHeight' <Predicate = true> <Delay = 2.55> <CoreInst = "FIFO_SRL">   --->   Core 81 'FIFO_SRL' <Latency = 0> <II = 1> <Delay = 3.63> <Storage> <Opcode : 'read' 'write' 'nbread' 'nbwrite'> <Ports = 0> <Width = 16> <Depth = 2> <FIFO>
ST_1 : Operation 29 [1/1] (1.58ns)   --->   "%store_ln0 = store i15 0, i15 %y"   --->   Operation 29 'store' 'store_ln0' <Predicate = true> <Delay = 1.58>

State 2 <SV = 1> <Delay = 4.15>
ST_2 : Operation 30 [1/1] (0.00ns)   --->   "%specinterface_ln0 = specinterface void @_ssdm_op_SpecInterface, i16 %WidthIn, void @ap_fifo_str, i32 0, i32 0, void @p_str, i32 0, i32 0, void @p_str, void @p_str, void @p_str, i32 2, i32 2, i32 16, i32 16, void @p_str, void @ScalarProp_str, i32 4294967295, i32 0"   --->   Operation 30 'specinterface' 'specinterface_ln0' <Predicate = true> <Delay = 0.00>
ST_2 : Operation 31 [1/1] (0.00ns)   --->   "%specinterface_ln0 = specinterface void @_ssdm_op_SpecInterface, i16 %Height, void @ap_fifo_str, i32 0, i32 0, void @p_str, i32 0, i32 0, void @p_str, void @p_str, void @p_str, i32 2, i32 2, i32 16, i32 16, void @p_str, void @ScalarProp_str, i32 4294967295, i32 0"   --->   Operation 31 'specinterface' 'specinterface_ln0' <Predicate = true> <Delay = 0.00>
ST_2 : Operation 32 [1/1] (0.00ns)   --->   "%specstablecontent_ln0 = specstablecontent void @_ssdm_op_SpecStableContent, i16 %WidthIn, void "   --->   Operation 32 'specstablecontent' 'specstablecontent_ln0' <Predicate = true> <Delay = 0.00>
ST_2 : Operation 33 [1/1] (0.00ns)   --->   "%specstablecontent_ln0 = specstablecontent void @_ssdm_op_SpecStableContent, i16 %Height, void "   --->   Operation 33 'specstablecontent' 'specstablecontent_ln0' <Predicate = true> <Delay = 0.00>
ST_2 : Operation 34 [1/1] (0.00ns)   --->   "%specinterface_ln0 = specinterface void @_ssdm_op_SpecInterface, i30 %stream_upsampled, void @empty_23, i32 0, i32 0, void @empty_10, i32 0, i32 0, void @empty_10, void @empty_10, void @empty_10, i32 0, i32 0, i32 0, i32 0, void @empty_10, void @empty_10, i32 4294967295, i32 0"   --->   Operation 34 'specinterface' 'specinterface_ln0' <Predicate = true> <Delay = 0.00>
ST_2 : Operation 35 [1/1] (0.00ns)   --->   "%specinterface_ln0 = specinterface void @_ssdm_op_SpecInterface, i30 %stream_in, void @empty_23, i32 0, i32 0, void @empty_10, i32 0, i32 0, void @empty_10, void @empty_10, void @empty_10, i32 0, i32 0, i32 0, i32 0, void @empty_10, void @empty_10, i32 4294967295, i32 0"   --->   Operation 35 'specinterface' 'specinterface_ln0' <Predicate = true> <Delay = 0.00>
ST_2 : Operation 36 [1/1] (0.98ns)   --->   "%select_ln1677 = select i1 %p_read_5, i3 0, i3 5" [G:/Project-Workspace/zynq-7020-video-pipe-3/hw/video-pipe-hw-v5/hw_011223.runs/bd_8126_hsc_0_synth_1/prj/sol/.autopilot/db/v_hscaler.cpp:1677]   --->   Operation 36 'select' 'select_ln1677' <Predicate = true> <Delay = 0.98> <CoreInst = "Sel">   --->   Core 73 'Sel' <Latency = 0> <II = 1> <Delay = 0.98> <FuncUnit> <Opcode : 'select'> <InPorts = 3> <OutPorts = 1>
ST_2 : Operation 37 [1/1] (0.00ns) (grouped into LUT with out node loopWidth)   --->   "%select_ln1677_1 = select i1 %p_read_5, i16 0, i16 5" [G:/Project-Workspace/zynq-7020-video-pipe-3/hw/video-pipe-hw-v5/hw_011223.runs/bd_8126_hsc_0_synth_1/prj/sol/.autopilot/db/v_hscaler.cpp:1677]   --->   Operation 37 'select' 'select_ln1677_1' <Predicate = true> <Delay = 0.00> <CoreInst = "Sel">   --->   Core 73 'Sel' <Latency = 0> <II = 1> <Delay = 1.02> <FuncUnit> <Opcode : 'select'> <InPorts = 3> <OutPorts = 1>
ST_2 : Operation 38 [1/1] (2.07ns) (out node of the LUT)   --->   "%loopWidth = add i16 %WidthIn_read, i16 %select_ln1677_1" [G:/Project-Workspace/zynq-7020-video-pipe-3/hw/video-pipe-hw-v5/hw_011223.runs/bd_8126_hsc_0_synth_1/prj/sol/.autopilot/db/v_hscaler.cpp:1677]   --->   Operation 38 'add' 'loopWidth' <Predicate = true> <Delay = 2.07> <CoreInst = "Adder">   --->   Core 1 'Adder' <Latency = 0> <II = 1> <Delay = 2.07> <FuncUnit> <Opcode : 'add' 'sub'> <InPorts = 2> <OutPorts = 1>
ST_2 : Operation 39 [1/1] (2.07ns)   --->   "%cmp36670 = icmp_sgt  i16 %loopWidth, i16 0" [G:/Project-Workspace/zynq-7020-video-pipe-3/hw/video-pipe-hw-v5/hw_011223.runs/bd_8126_hsc_0_synth_1/prj/sol/.autopilot/db/v_hscaler.cpp:1677]   --->   Operation 39 'icmp' 'cmp36670' <Predicate = true> <Delay = 2.07> <CoreInst = "Cmp">   --->   Core 9 'Cmp' <Latency = 0> <II = 1> <Delay = 2.07> <FuncUnit> <Opcode : 'icmp'> <InPorts = 2> <OutPorts = 1>
ST_2 : Operation 40 [1/1] (0.00ns)   --->   "%br_ln1679 = br void %VITIS_LOOP_1681_2" [G:/Project-Workspace/zynq-7020-video-pipe-3/hw/video-pipe-hw-v5/hw_011223.runs/bd_8126_hsc_0_synth_1/prj/sol/.autopilot/db/v_hscaler.cpp:1679]   --->   Operation 40 'br' 'br_ln1679' <Predicate = true> <Delay = 0.00>

State 3 <SV = 2> <Delay = 3.66>
ST_3 : Operation 41 [1/1] (0.00ns)   --->   "%y_load = load i15 %y" [G:/Project-Workspace/zynq-7020-video-pipe-3/hw/video-pipe-hw-v5/hw_011223.runs/bd_8126_hsc_0_synth_1/prj/sol/.autopilot/db/v_hscaler.cpp:1679]   --->   Operation 41 'load' 'y_load' <Predicate = true> <Delay = 0.00>
ST_3 : Operation 42 [1/1] (0.00ns)   --->   "%zext_ln1679 = zext i15 %y_load" [G:/Project-Workspace/zynq-7020-video-pipe-3/hw/video-pipe-hw-v5/hw_011223.runs/bd_8126_hsc_0_synth_1/prj/sol/.autopilot/db/v_hscaler.cpp:1679]   --->   Operation 42 'zext' 'zext_ln1679' <Predicate = true> <Delay = 0.00>
ST_3 : Operation 43 [1/1] (2.07ns)   --->   "%icmp_ln1679 = icmp_slt  i16 %zext_ln1679, i16 %loopHeight" [G:/Project-Workspace/zynq-7020-video-pipe-3/hw/video-pipe-hw-v5/hw_011223.runs/bd_8126_hsc_0_synth_1/prj/sol/.autopilot/db/v_hscaler.cpp:1679]   --->   Operation 43 'icmp' 'icmp_ln1679' <Predicate = true> <Delay = 2.07> <CoreInst = "Cmp">   --->   Core 9 'Cmp' <Latency = 0> <II = 1> <Delay = 2.07> <FuncUnit> <Opcode : 'icmp'> <InPorts = 2> <OutPorts = 1>
ST_3 : Operation 44 [1/1] (0.00ns)   --->   "%speclooptripcount_ln0 = speclooptripcount void @_ssdm_op_SpecLoopTripCount, i64 0, i64 32767, i64 32767"   --->   Operation 44 'speclooptripcount' 'speclooptripcount_ln0' <Predicate = true> <Delay = 0.00>
ST_3 : Operation 45 [1/1] (1.94ns)   --->   "%add_ln1679 = add i15 %y_load, i15 1" [G:/Project-Workspace/zynq-7020-video-pipe-3/hw/video-pipe-hw-v5/hw_011223.runs/bd_8126_hsc_0_synth_1/prj/sol/.autopilot/db/v_hscaler.cpp:1679]   --->   Operation 45 'add' 'add_ln1679' <Predicate = true> <Delay = 1.94> <CoreInst = "Adder">   --->   Core 1 'Adder' <Latency = 0> <II = 1> <Delay = 1.94> <FuncUnit> <Opcode : 'add' 'sub'> <InPorts = 2> <OutPorts = 1>
ST_3 : Operation 46 [1/1] (0.00ns)   --->   "%br_ln1679 = br i1 %icmp_ln1679, void %for.end455.loopexit, void %VITIS_LOOP_1681_2.split" [G:/Project-Workspace/zynq-7020-video-pipe-3/hw/video-pipe-hw-v5/hw_011223.runs/bd_8126_hsc_0_synth_1/prj/sol/.autopilot/db/v_hscaler.cpp:1679]   --->   Operation 46 'br' 'br_ln1679' <Predicate = true> <Delay = 0.00>
ST_3 : Operation 47 [1/1] (0.00ns)   --->   "%pixbuf_y_1_load = load i10 %pixbuf_y_1"   --->   Operation 47 'load' 'pixbuf_y_1_load' <Predicate = (icmp_ln1679)> <Delay = 0.00>
ST_3 : Operation 48 [1/1] (0.00ns)   --->   "%pixbuf_y_2_load = load i10 %pixbuf_y_2"   --->   Operation 48 'load' 'pixbuf_y_2_load' <Predicate = (icmp_ln1679)> <Delay = 0.00>
ST_3 : Operation 49 [1/1] (0.00ns)   --->   "%pixbuf_y_3_load = load i10 %pixbuf_y_3"   --->   Operation 49 'load' 'pixbuf_y_3_load' <Predicate = (icmp_ln1679)> <Delay = 0.00>
ST_3 : Operation 50 [1/1] (0.00ns)   --->   "%empty = wait i32 @_ssdm_op_Wait"   --->   Operation 50 'wait' 'empty' <Predicate = (icmp_ln1679)> <Delay = 0.00>
ST_3 : Operation 51 [1/1] (1.58ns)   --->   "%store_ln1679 = store i15 %add_ln1679, i15 %y" [G:/Project-Workspace/zynq-7020-video-pipe-3/hw/video-pipe-hw-v5/hw_011223.runs/bd_8126_hsc_0_synth_1/prj/sol/.autopilot/db/v_hscaler.cpp:1679]   --->   Operation 51 'store' 'store_ln1679' <Predicate = (icmp_ln1679)> <Delay = 1.58>
ST_3 : Operation 52 [1/1] (0.00ns)   --->   "%ret_ln1837 = ret" [G:/Project-Workspace/zynq-7020-video-pipe-3/hw/video-pipe-hw-v5/hw_011223.runs/bd_8126_hsc_0_synth_1/prj/sol/.autopilot/db/v_hscaler.cpp:1837]   --->   Operation 52 'ret' 'ret_ln1837' <Predicate = (!icmp_ln1679)> <Delay = 0.00>

State 4 <SV = 3> <Delay = 3.66>
ST_4 : Operation 53 [1/1] (0.00ns)   --->   "%p_0_0_0_0_0495685_lcssa734_load = load i10 %p_0_0_0_0_0495685_lcssa734"   --->   Operation 53 'load' 'p_0_0_0_0_0495685_lcssa734_load' <Predicate = true> <Delay = 0.00>
ST_4 : Operation 54 [1/1] (0.00ns)   --->   "%pixbuf_y_4_load = load i10 %pixbuf_y_4"   --->   Operation 54 'load' 'pixbuf_y_4_load' <Predicate = true> <Delay = 0.00>
ST_4 : Operation 55 [2/2] (3.66ns)   --->   "%call_ln1677 = call void @v_hcresampler_core.1_Pipeline_VITIS_LOOP_1681_2, i10 %pixbuf_y_4_load, i10 %pixbuf_y_3_load, i10 %pixbuf_y_2_load, i10 %pixbuf_y_1_load, i10 %p_0_0_0_0_0495685_lcssa734_load, i16 %loopWidth, i30 %stream_upsampled, i1 %p_read_5, i3 %select_ln1677, i16 %WidthIn_read, i30 %stream_in, i10 %pixbuf_y_9_loc, i10 %pixbuf_y_3, i10 %pixbuf_y_2, i10 %pixbuf_y_1, i10 %pixbuf_y, i10 %p_0_2_0_0_0691717_lcssa764, i10 %p_0_1_0_0_0687713_lcssa761, i10 %p_0_0_0_0_0_2710_lcssa758, i10 %p_0_0_0_0_0487_2707_lcssa755, i10 %p_0_0_0_0_0_1701_lcssa749, i10 %p_0_0_0_0_0487_1695_lcssa743, i10 %p_0_2_0_0_0691_lcssa740, i10 %p_0_1_0_0_0687_lcssa737, i10 %inpix_0_2_0_0_0_load683_lcssa731, i10 %inpix_0_1_0_0_0_load681_lcssa728, i10 %inpix_0_0_0_0_0_load679_lcssa725" [G:/Project-Workspace/zynq-7020-video-pipe-3/hw/video-pipe-hw-v5/hw_011223.runs/bd_8126_hsc_0_synth_1/prj/sol/.autopilot/db/v_hscaler.cpp:1677]   --->   Operation 55 'call' 'call_ln1677' <Predicate = true> <Delay = 3.66> <CoreType = "Generic">   --->   Core 0 '' <Latency = 0> <II = 1> <Delay = 1.00> <Generic> <Opcode : >

State 5 <SV = 4> <Delay = 0.00>
ST_5 : Operation 56 [1/2] (0.00ns)   --->   "%call_ln1677 = call void @v_hcresampler_core.1_Pipeline_VITIS_LOOP_1681_2, i10 %pixbuf_y_4_load, i10 %pixbuf_y_3_load, i10 %pixbuf_y_2_load, i10 %pixbuf_y_1_load, i10 %p_0_0_0_0_0495685_lcssa734_load, i16 %loopWidth, i30 %stream_upsampled, i1 %p_read_5, i3 %select_ln1677, i16 %WidthIn_read, i30 %stream_in, i10 %pixbuf_y_9_loc, i10 %pixbuf_y_3, i10 %pixbuf_y_2, i10 %pixbuf_y_1, i10 %pixbuf_y, i10 %p_0_2_0_0_0691717_lcssa764, i10 %p_0_1_0_0_0687713_lcssa761, i10 %p_0_0_0_0_0_2710_lcssa758, i10 %p_0_0_0_0_0487_2707_lcssa755, i10 %p_0_0_0_0_0_1701_lcssa749, i10 %p_0_0_0_0_0487_1695_lcssa743, i10 %p_0_2_0_0_0691_lcssa740, i10 %p_0_1_0_0_0687_lcssa737, i10 %inpix_0_2_0_0_0_load683_lcssa731, i10 %inpix_0_1_0_0_0_load681_lcssa728, i10 %inpix_0_0_0_0_0_load679_lcssa725" [G:/Project-Workspace/zynq-7020-video-pipe-3/hw/video-pipe-hw-v5/hw_011223.runs/bd_8126_hsc_0_synth_1/prj/sol/.autopilot/db/v_hscaler.cpp:1677]   --->   Operation 56 'call' 'call_ln1677' <Predicate = true> <Delay = 0.00> <CoreType = "Generic">   --->   Core 0 '' <Latency = 0> <II = 1> <Delay = 1.00> <Generic> <Opcode : >

State 6 <SV = 5> <Delay = 0.68>
ST_6 : Operation 57 [1/1] (0.00ns)   --->   "%specloopname_ln1679 = specloopname void @_ssdm_op_SpecLoopName, void @empty_9" [G:/Project-Workspace/zynq-7020-video-pipe-3/hw/video-pipe-hw-v5/hw_011223.runs/bd_8126_hsc_0_synth_1/prj/sol/.autopilot/db/v_hscaler.cpp:1679]   --->   Operation 57 'specloopname' 'specloopname_ln1679' <Predicate = true> <Delay = 0.00>
ST_6 : Operation 58 [1/1] (0.00ns)   --->   "%pixbuf_y_9_loc_load = load i10 %pixbuf_y_9_loc"   --->   Operation 58 'load' 'pixbuf_y_9_loc_load' <Predicate = true> <Delay = 0.00>
ST_6 : Operation 59 [1/1] (0.68ns)   --->   "%select_ln1655 = select i1 %cmp36670, i10 %pixbuf_y_9_loc_load, i10 %p_0_0_0_0_0495685_lcssa734_load" [G:/Project-Workspace/zynq-7020-video-pipe-3/hw/video-pipe-hw-v5/hw_011223.runs/bd_8126_hsc_0_synth_1/prj/sol/.autopilot/db/v_hscaler.cpp:1655]   --->   Operation 59 'select' 'select_ln1655' <Predicate = true> <Delay = 0.68> <CoreInst = "Sel">   --->   Core 73 'Sel' <Latency = 0> <II = 1> <Delay = 0.68> <FuncUnit> <Opcode : 'select'> <InPorts = 3> <OutPorts = 1>
ST_6 : Operation 60 [1/1] (0.00ns)   --->   "%store_ln1655 = store i10 %pixbuf_y_9_loc_load, i10 %pixbuf_y_4" [G:/Project-Workspace/zynq-7020-video-pipe-3/hw/video-pipe-hw-v5/hw_011223.runs/bd_8126_hsc_0_synth_1/prj/sol/.autopilot/db/v_hscaler.cpp:1655]   --->   Operation 60 'store' 'store_ln1655' <Predicate = true> <Delay = 0.00>
ST_6 : Operation 61 [1/1] (0.00ns)   --->   "%store_ln1655 = store i10 %select_ln1655, i10 %p_0_0_0_0_0495685_lcssa734" [G:/Project-Workspace/zynq-7020-video-pipe-3/hw/video-pipe-hw-v5/hw_011223.runs/bd_8126_hsc_0_synth_1/prj/sol/.autopilot/db/v_hscaler.cpp:1655]   --->   Operation 61 'store' 'store_ln1655' <Predicate = true> <Delay = 0.00>
ST_6 : Operation 62 [1/1] (0.00ns)   --->   "%br_ln1679 = br void %VITIS_LOOP_1681_2" [G:/Project-Workspace/zynq-7020-video-pipe-3/hw/video-pipe-hw-v5/hw_011223.runs/bd_8126_hsc_0_synth_1/prj/sol/.autopilot/db/v_hscaler.cpp:1679]   --->   Operation 62 'br' 'br_ln1679' <Predicate = true> <Delay = 0.00>


============================================================
+ Verbose Summary: Timing violations
============================================================
Target clock period: 7.000ns, clock uncertainty: 1.890ns.

 <State 1>: 2.555ns
The critical path consists of the following:
	wire read operation ('p_read_5') on port 'p_read' [24]  (2.555 ns)

 <State 2>: 4.154ns
The critical path consists of the following:
	'select' operation 16 bit ('select_ln1677_1', G:/Project-Workspace/zynq-7020-video-pipe-3/hw/video-pipe-hw-v5/hw_011223.runs/bd_8126_hsc_0_synth_1/prj/sol/.autopilot/db/v_hscaler.cpp:1677) [35]  (0.000 ns)
	'add' operation 16 bit ('loopWidth', G:/Project-Workspace/zynq-7020-video-pipe-3/hw/video-pipe-hw-v5/hw_011223.runs/bd_8126_hsc_0_synth_1/prj/sol/.autopilot/db/v_hscaler.cpp:1677) [36]  (2.077 ns)
	'icmp' operation 1 bit ('cmp36670', G:/Project-Workspace/zynq-7020-video-pipe-3/hw/video-pipe-hw-v5/hw_011223.runs/bd_8126_hsc_0_synth_1/prj/sol/.autopilot/db/v_hscaler.cpp:1677) [37]  (2.077 ns)

 <State 3>: 3.665ns
The critical path consists of the following:
	'load' operation 15 bit ('y_load', G:/Project-Workspace/zynq-7020-video-pipe-3/hw/video-pipe-hw-v5/hw_011223.runs/bd_8126_hsc_0_synth_1/prj/sol/.autopilot/db/v_hscaler.cpp:1679) on local variable 'y' [41]  (0.000 ns)
	'icmp' operation 1 bit ('icmp_ln1679', G:/Project-Workspace/zynq-7020-video-pipe-3/hw/video-pipe-hw-v5/hw_011223.runs/bd_8126_hsc_0_synth_1/prj/sol/.autopilot/db/v_hscaler.cpp:1679) [43]  (2.077 ns)
	'store' operation 0 bit ('store_ln1679', G:/Project-Workspace/zynq-7020-video-pipe-3/hw/video-pipe-hw-v5/hw_011223.runs/bd_8126_hsc_0_synth_1/prj/sol/.autopilot/db/v_hscaler.cpp:1679) of variable 'add_ln1679', G:/Project-Workspace/zynq-7020-video-pipe-3/hw/video-pipe-hw-v5/hw_011223.runs/bd_8126_hsc_0_synth_1/prj/sol/.autopilot/db/v_hscaler.cpp:1679 on local variable 'y' [60]  (1.588 ns)

 <State 4>: 3.665ns
The critical path consists of the following:
	'load' operation 10 bit ('p_0_0_0_0_0495685_lcssa734_load') on local variable 'p_0_0_0_0_0495685_lcssa734' [48]  (0.000 ns)
	'call' operation 0 bit ('call_ln1677', G:/Project-Workspace/zynq-7020-video-pipe-3/hw/video-pipe-hw-v5/hw_011223.runs/bd_8126_hsc_0_synth_1/prj/sol/.autopilot/db/v_hscaler.cpp:1677) to 'v_hcresampler_core.1_Pipeline_VITIS_LOOP_1681_2' [55]  (3.665 ns)

 <State 5>: 0.000ns
The critical path consists of the following:

 <State 6>: 0.687ns
The critical path consists of the following:
	'load' operation 10 bit ('pixbuf_y_9_loc_load') on local variable 'pixbuf_y_9_loc' [56]  (0.000 ns)
	'select' operation 10 bit ('select_ln1655', G:/Project-Workspace/zynq-7020-video-pipe-3/hw/video-pipe-hw-v5/hw_011223.runs/bd_8126_hsc_0_synth_1/prj/sol/.autopilot/db/v_hscaler.cpp:1655) [57]  (0.687 ns)


============================================================
+ Verbose Summary: Binding
============================================================
N/A
* FSMD analyzer results:
  - Output states:
 - Input state : 
  - Chain level:
	State 1
	State 2
	State 3
	State 4
	State 5
	State 6


============================================================
+ Verbose Summary: Datapath Resource usage 
============================================================
N/A
