

================================================================
== Vitis HLS Report for 'v_hcresampler_core_1'
================================================================
* Date:           Fri Dec 22 12:33:20 2023

* Version:        2023.2 (Build 4023990 on Oct 11 2023)
* Project:        prj
* Solution:       sol (Vivado IP Flow Target)
* Product family: zynq
* Target device:  xc7z020-clg484-1


================================================================
== Performance Estimates
================================================================
+ Timing: 
    * Summary: 
    +--------+---------+----------+------------+
    |  Clock |  Target | Estimated| Uncertainty|
    +--------+---------+----------+------------+
    |ap_clk  |  7.00 ns|  5.253 ns|     1.89 ns|
    +--------+---------+----------+------------+

+ Latency: 
    * Summary: 
    +---------+------------+-----------+-----------+-----+------------+---------+
    |   Latency (cycles)   |   Latency (absolute)  |     Interval     | Pipeline|
    |   min   |     max    |    min    |    max    | min |     max    |   Type  |
    +---------+------------+-----------+-----------+-----+------------+---------+
    |        2|  1073938427|  14.000 ns|  7.518 sec|    2|  1073938427|       no|
    +---------+------------+-----------+-----------+-----+------------+---------+

    + Detail: 
        * Instance: 
        +------------------------------------------------------------+-------------------------------------------------+---------+---------+-----------+----------+-----+-------+---------+
        |                                                            |                                                 |  Latency (cycles) |  Latency (absolute)  |   Interval  | Pipeline|
        |                          Instance                          |                      Module                     |   min   |   max   |    min    |    max   | min |  max  |   Type  |
        +------------------------------------------------------------+-------------------------------------------------+---------+---------+-----------+----------+-----+-------+---------+
        |grp_v_hcresampler_core_1_Pipeline_VITIS_LOOP_1681_2_fu_162  |v_hcresampler_core_1_Pipeline_VITIS_LOOP_1681_2  |        4|    32771|  28.000 ns|  0.229 ms|    4|  32771|       no|
        +------------------------------------------------------------+-------------------------------------------------+---------+---------+-----------+----------+-----+-------+---------+

        * Loop: 
        +---------------------+---------+------------+-----------+-----------+-----------+-----------+----------+
        |                     |   Latency (cycles)   | Iteration |  Initiation Interval  |    Trip   |          |
        |      Loop Name      |   min   |     max    |  Latency  |  achieved |   target  |   Count   | Pipelined|
        +---------------------+---------+------------+-----------+-----------+-----------+-----------+----------+
        |- VITIS_LOOP_1679_1  |        0|  1073938425|  8 ~ 32775|          -|          -|  0 ~ 32767|        no|
        +---------------------+---------+------------+-----------+-----------+-----------+-----------+----------+



================================================================
== Utilization Estimates
================================================================
* Summary: 
+-----------------+---------+-----+--------+-------+-----+
|       Name      | BRAM_18K| DSP |   FF   |  LUT  | URAM|
+-----------------+---------+-----+--------+-------+-----+
|DSP              |        -|    -|       -|      -|    -|
|Expression       |        -|    -|       0|    107|    -|
|FIFO             |        -|    -|       -|      -|    -|
|Instance         |        -|    -|     259|    616|    -|
|Memory           |        -|    -|       -|      -|    -|
|Multiplexer      |        -|    -|       -|     91|    -|
|Register         |        -|    -|     274|      -|    -|
+-----------------+---------+-----+--------+-------+-----+
|Total            |        0|    0|     533|    814|    0|
+-----------------+---------+-----+--------+-------+-----+
|Available        |      280|  220|  106400|  53200|    0|
+-----------------+---------+-----+--------+-------+-----+
|Utilization (%)  |        0|    0|      ~0|      1|    0|
+-----------------+---------+-----+--------+-------+-----+

+ Detail: 
    * Instance: 
    +------------------------------------------------------------+-------------------------------------------------+---------+----+-----+-----+-----+
    |                          Instance                          |                      Module                     | BRAM_18K| DSP|  FF | LUT | URAM|
    +------------------------------------------------------------+-------------------------------------------------+---------+----+-----+-----+-----+
    |grp_v_hcresampler_core_1_Pipeline_VITIS_LOOP_1681_2_fu_162  |v_hcresampler_core_1_Pipeline_VITIS_LOOP_1681_2  |        0|   0|  259|  616|    0|
    +------------------------------------------------------------+-------------------------------------------------+---------+----+-----+-----+-----+
    |Total                                                       |                                                 |        0|   0|  259|  616|    0|
    +------------------------------------------------------------+-------------------------------------------------+---------+----+-----+-----+-----+

    * DSP: 
    N/A

    * Memory: 
    N/A

    * FIFO: 
    N/A

    * Expression: 
    +---------------------------+----------+----+---+----+------------+------------+
    |       Variable Name       | Operation| DSP| FF| LUT| Bitwidth P0| Bitwidth P1|
    +---------------------------+----------+----+---+----+------------+------------+
    |add_ln1679_fu_237_p2       |         +|   0|  0|  20|          15|           1|
    |loopWidth_fu_214_p2        |         +|   0|  0|  23|          16|          16|
    |cmp36670_fu_219_p2         |      icmp|   0|  0|  23|          16|           1|
    |icmp_ln1679_fu_232_p2      |      icmp|   0|  0|  23|          16|          16|
    |ap_block_state1            |        or|   0|  0|   2|           1|           1|
    |select_ln1655_fu_268_p3    |    select|   0|  0|  10|           1|          10|
    |select_ln1677_1_fu_207_p3  |    select|   0|  0|   3|           1|           1|
    |select_ln1677_fu_200_p3    |    select|   0|  0|   3|           1|           1|
    +---------------------------+----------+----+---+----+------------+------------+
    |Total                      |          |   0|  0| 107|          67|          47|
    +---------------------------+----------+----+---+----+------------+------------+

    * Multiplexer: 
    +------------------------+----+-----------+-----+-----------+
    |          Name          | LUT| Input Size| Bits| Total Bits|
    +------------------------+----+-----------+-----+-----------+
    |Height_blk_n            |   9|          2|    1|          2|
    |WidthIn_blk_n           |   9|          2|    1|          2|
    |ap_NS_fsm               |  37|          7|    1|          7|
    |ap_done                 |   9|          2|    1|          2|
    |stream_in_read          |   9|          2|    1|          2|
    |stream_upsampled_write  |   9|          2|    1|          2|
    |y_fu_68                 |   9|          2|   15|         30|
    +------------------------+----+-----------+-----+-----------+
    |Total                   |  91|         19|   21|         47|
    +------------------------+----+-----------+-----+-----------+

    * Register: 
    +-------------------------------------------------------------------------+----+----+-----+-----------+
    |                                   Name                                  | FF | LUT| Bits| Const Bits|
    +-------------------------------------------------------------------------+----+----+-----+-----------+
    |WidthIn_read_reg_394                                                     |  16|   0|   16|          0|
    |ap_CS_fsm                                                                |   6|   0|    6|          0|
    |ap_done_reg                                                              |   1|   0|    1|          0|
    |cmp36670_reg_415                                                         |   1|   0|    1|          0|
    |grp_v_hcresampler_core_1_Pipeline_VITIS_LOOP_1681_2_fu_162_ap_start_reg  |   1|   0|    1|          0|
    |inpix_0_0_0_0_0_load679_lcssa725_fu_72                                   |  10|   0|   10|          0|
    |inpix_0_1_0_0_0_load681_lcssa728_fu_76                                   |  10|   0|   10|          0|
    |inpix_0_2_0_0_0_load683_lcssa731_fu_80                                   |  10|   0|   10|          0|
    |loopHeight_reg_400                                                       |  16|   0|   16|          0|
    |loopWidth_reg_410                                                        |  16|   0|   16|          0|
    |p_0_0_0_0_0487_1695_lcssa743_fu_96                                       |  10|   0|   10|          0|
    |p_0_0_0_0_0487_2707_lcssa755_fu_104                                      |  10|   0|   10|          0|
    |p_0_0_0_0_0495685_lcssa734_fu_84                                         |  10|   0|   10|          0|
    |p_0_0_0_0_0_1701_lcssa749_fu_100                                         |  10|   0|   10|          0|
    |p_0_0_0_0_0_2710_lcssa758_fu_108                                         |  10|   0|   10|          0|
    |p_0_1_0_0_0687713_lcssa761_fu_112                                        |  10|   0|   10|          0|
    |p_0_1_0_0_0687_lcssa737_fu_88                                            |  10|   0|   10|          0|
    |p_0_2_0_0_0691717_lcssa764_fu_116                                        |  10|   0|   10|          0|
    |p_0_2_0_0_0691_lcssa740_fu_92                                            |  10|   0|   10|          0|
    |pixbuf_y_1_fu_124                                                        |  10|   0|   10|          0|
    |pixbuf_y_1_load_reg_423                                                  |  10|   0|   10|          0|
    |pixbuf_y_2_fu_128                                                        |  10|   0|   10|          0|
    |pixbuf_y_2_load_reg_428                                                  |  10|   0|   10|          0|
    |pixbuf_y_3_fu_132                                                        |  10|   0|   10|          0|
    |pixbuf_y_3_load_reg_433                                                  |  10|   0|   10|          0|
    |pixbuf_y_4_fu_136                                                        |  10|   0|   10|          0|
    |pixbuf_y_fu_120                                                          |  10|   0|   10|          0|
    |select_ln1677_reg_405                                                    |   2|   0|    3|          1|
    |y_fu_68                                                                  |  15|   0|   15|          0|
    +-------------------------------------------------------------------------+----+----+-----+-----------+
    |Total                                                                    | 274|   0|  275|          1|
    +-------------------------------------------------------------------------+----+----+-----+-----------+



================================================================
== Interface
================================================================
* Summary: 
+---------------------------------+-----+-----+------------+----------------------+--------------+
|            RTL Ports            | Dir | Bits|  Protocol  |     Source Object    |    C Type    |
+---------------------------------+-----+-----+------------+----------------------+--------------+
|ap_clk                           |   in|    1|  ap_ctrl_hs|  v_hcresampler_core.1|  return value|
|ap_rst                           |   in|    1|  ap_ctrl_hs|  v_hcresampler_core.1|  return value|
|ap_start                         |   in|    1|  ap_ctrl_hs|  v_hcresampler_core.1|  return value|
|ap_done                          |  out|    1|  ap_ctrl_hs|  v_hcresampler_core.1|  return value|
|ap_continue                      |   in|    1|  ap_ctrl_hs|  v_hcresampler_core.1|  return value|
|ap_idle                          |  out|    1|  ap_ctrl_hs|  v_hcresampler_core.1|  return value|
|ap_ready                         |  out|    1|  ap_ctrl_hs|  v_hcresampler_core.1|  return value|
|stream_in_dout                   |   in|   30|     ap_fifo|             stream_in|       pointer|
|stream_in_num_data_valid         |   in|    5|     ap_fifo|             stream_in|       pointer|
|stream_in_fifo_cap               |   in|    5|     ap_fifo|             stream_in|       pointer|
|stream_in_empty_n                |   in|    1|     ap_fifo|             stream_in|       pointer|
|stream_in_read                   |  out|    1|     ap_fifo|             stream_in|       pointer|
|Height_dout                      |   in|   16|     ap_fifo|                Height|       pointer|
|Height_num_data_valid            |   in|    3|     ap_fifo|                Height|       pointer|
|Height_fifo_cap                  |   in|    3|     ap_fifo|                Height|       pointer|
|Height_empty_n                   |   in|    1|     ap_fifo|                Height|       pointer|
|Height_read                      |  out|    1|     ap_fifo|                Height|       pointer|
|WidthIn_dout                     |   in|   16|     ap_fifo|               WidthIn|       pointer|
|WidthIn_num_data_valid           |   in|    3|     ap_fifo|               WidthIn|       pointer|
|WidthIn_fifo_cap                 |   in|    3|     ap_fifo|               WidthIn|       pointer|
|WidthIn_empty_n                  |   in|    1|     ap_fifo|               WidthIn|       pointer|
|WidthIn_read                     |  out|    1|     ap_fifo|               WidthIn|       pointer|
|p_read                           |   in|    1|     ap_none|                p_read|        scalar|
|stream_upsampled_din             |  out|   30|     ap_fifo|      stream_upsampled|       pointer|
|stream_upsampled_num_data_valid  |   in|    5|     ap_fifo|      stream_upsampled|       pointer|
|stream_upsampled_fifo_cap        |   in|    5|     ap_fifo|      stream_upsampled|       pointer|
|stream_upsampled_full_n          |   in|    1|     ap_fifo|      stream_upsampled|       pointer|
|stream_upsampled_write           |  out|    1|     ap_fifo|      stream_upsampled|       pointer|
+---------------------------------+-----+-----+------------+----------------------+--------------+

============================================================
+ Verbose Summary: Synthesis Manager
============================================================
InlineROM: 1
ExposeGlobal: 0
============================================================
+ Verbose Summary: CDFG Model
============================================================
IsTopModel: 0
ResetActiveHigh: 1
IsCombinational: 2
IsDatapathOnly: 0
HasWiredReturn: 1
HasMFsm: 0
HasVarLatency: 1
IsPipeline: 0
IsRtlPipelined: 0
IsInstanceOverlapped: 0
IsDontTouch: 0
HasImplIP: 0
IsGatedGlobalClock: 0


============================================================
+ Verbose Summary: Schedule
============================================================
* Number of FSM states : 6
* Pipeline : 0
* Dataflow Pipeline: 0

* FSM state transitions: 
1 --> 2 
2 --> 3 
3 --> 4 
4 --> 5 
5 --> 6 
6 --> 3 

* FSM state operations: 

State 1 <SV = 0> <Delay = 2.55>
ST_1 : Operation 7 [1/1] (0.00ns)   --->   "%y = alloca i32 1"   --->   Operation 7 'alloca' 'y' <Predicate = true> <Delay = 0.00>
ST_1 : Operation 8 [1/1] (0.00ns)   --->   "%inpix_0_0_0_0_0_load679_lcssa725 = alloca i32 1"   --->   Operation 8 'alloca' 'inpix_0_0_0_0_0_load679_lcssa725' <Predicate = true> <Delay = 0.00>
ST_1 : Operation 9 [1/1] (0.00ns)   --->   "%inpix_0_1_0_0_0_load681_lcssa728 = alloca i32 1"   --->   Operation 9 'alloca' 'inpix_0_1_0_0_0_load681_lcssa728' <Predicate = true> <Delay = 0.00>
ST_1 : Operation 10 [1/1] (0.00ns)   --->   "%inpix_0_2_0_0_0_load683_lcssa731 = alloca i32 1"   --->   Operation 10 'alloca' 'inpix_0_2_0_0_0_load683_lcssa731' <Predicate = true> <Delay = 0.00>
ST_1 : Operation 11 [1/1] (0.00ns)   --->   "%p_0_0_0_0_0495685_lcssa734 = alloca i32 1"   --->   Operation 11 'alloca' 'p_0_0_0_0_0495685_lcssa734' <Predicate = true> <Delay = 0.00>
ST_1 : Operation 12 [1/1] (0.00ns)   --->   "%p_0_1_0_0_0687_lcssa737 = alloca i32 1"   --->   Operation 12 'alloca' 'p_0_1_0_0_0687_lcssa737' <Predicate = true> <Delay = 0.00>
ST_1 : Operation 13 [1/1] (0.00ns)   --->   "%p_0_2_0_0_0691_lcssa740 = alloca i32 1"   --->   Operation 13 'alloca' 'p_0_2_0_0_0691_lcssa740' <Predicate = true> <Delay = 0.00>
ST_1 : Operation 14 [1/1] (0.00ns)   --->   "%p_0_0_0_0_0487_1695_lcssa743 = alloca i32 1"   --->   Operation 14 'alloca' 'p_0_0_0_0_0487_1695_lcssa743' <Predicate = true> <Delay = 0.00>
ST_1 : Operation 15 [1/1] (0.00ns)   --->   "%p_0_0_0_0_0_1701_lcssa749 = alloca i32 1"   --->   Operation 15 'alloca' 'p_0_0_0_0_0_1701_lcssa749' <Predicate = true> <Delay = 0.00>
ST_1 : Operation 16 [1/1] (0.00ns)   --->   "%p_0_0_0_0_0487_2707_lcssa755 = alloca i32 1"   --->   Operation 16 'alloca' 'p_0_0_0_0_0487_2707_lcssa755' <Predicate = true> <Delay = 0.00>
ST_1 : Operation 17 [1/1] (0.00ns)   --->   "%p_0_0_0_0_0_2710_lcssa758 = alloca i32 1"   --->   Operation 17 'alloca' 'p_0_0_0_0_0_2710_lcssa758' <Predicate = true> <Delay = 0.00>
ST_1 : Operation 18 [1/1] (0.00ns)   --->   "%p_0_1_0_0_0687713_lcssa761 = alloca i32 1"   --->   Operation 18 'alloca' 'p_0_1_0_0_0687713_lcssa761' <Predicate = true> <Delay = 0.00>
ST_1 : Operation 19 [1/1] (0.00ns)   --->   "%p_0_2_0_0_0691717_lcssa764 = alloca i32 1"   --->   Operation 19 'alloca' 'p_0_2_0_0_0691717_lcssa764' <Predicate = true> <Delay = 0.00>
ST_1 : Operation 20 [1/1] (0.00ns)   --->   "%pixbuf_y = alloca i32 1" [G:/Project-Workspace/zynq-7020-video-pipe-3/hw/video-pipe-hw-v5/hw_011223.runs/bd_8126_hsc_0_synth_1/prj/sol/.autopilot/db/v_hscaler.cpp:1655]   --->   Operation 20 'alloca' 'pixbuf_y' <Predicate = true> <Delay = 0.00>
ST_1 : Operation 21 [1/1] (0.00ns)   --->   "%pixbuf_y_1 = alloca i32 1" [G:/Project-Workspace/zynq-7020-video-pipe-3/hw/video-pipe-hw-v5/hw_011223.runs/bd_8126_hsc_0_synth_1/prj/sol/.autopilot/db/v_hscaler.cpp:1655]   --->   Operation 21 'alloca' 'pixbuf_y_1' <Predicate = true> <Delay = 0.00>
ST_1 : Operation 22 [1/1] (0.00ns)   --->   "%pixbuf_y_2 = alloca i32 1" [G:/Project-Workspace/zynq-7020-video-pipe-3/hw/video-pipe-hw-v5/hw_011223.runs/bd_8126_hsc_0_synth_1/prj/sol/.autopilot/db/v_hscaler.cpp:1655]   --->   Operation 22 'alloca' 'pixbuf_y_2' <Predicate = true> <Delay = 0.00>
ST_1 : Operation 23 [1/1] (0.00ns)   --->   "%pixbuf_y_3 = alloca i32 1" [G:/Project-Workspace/zynq-7020-video-pipe-3/hw/video-pipe-hw-v5/hw_011223.runs/bd_8126_hsc_0_synth_1/prj/sol/.autopilot/db/v_hscaler.cpp:1655]   --->   Operation 23 'alloca' 'pixbuf_y_3' <Predicate = true> <Delay = 0.00>
ST_1 : Operation 24 [1/1] (0.00ns)   --->   "%pixbuf_y_4 = alloca i32 1" [G:/Project-Workspace/zynq-7020-video-pipe-3/hw/video-pipe-hw-v5/hw_011223.runs/bd_8126_hsc_0_synth_1/prj/sol/.autopilot/db/v_hscaler.cpp:1655]   --->   Operation 24 'alloca' 'pixbuf_y_4' <Predicate = true> <Delay = 0.00>
ST_1 : Operation 25 [1/1] (2.55ns)   --->   "%p_read_5 = read i1 @_ssdm_op_Read.ap_auto.i1, i1 %p_read"   --->   Operation 25 'read' 'p_read_5' <Predicate = true> <Delay = 2.55> <CoreInst = "FIFO_SRL">   --->   Core 81 'FIFO_SRL' <Latency = 0> <II = 1> <Delay = 3.63> <Storage> <Opcode : 'read' 'write' 'nbread' 'nbwrite'> <Ports = 0> <Width = -1> <Depth = -1> <FIFO>
ST_1 : Operation 26 [1/1] (0.00ns)   --->   "%pixbuf_y_9_loc = alloca i64 1"   --->   Operation 26 'alloca' 'pixbuf_y_9_loc' <Predicate = true> <Delay = 0.00>
ST_1 : Operation 27 [1/1] (2.55ns)   --->   "%WidthIn_read = read i16 @_ssdm_op_Read.ap_fifo.i16P0A, i16 %WidthIn"   --->   Operation 27 'read' 'WidthIn_read' <Predicate = true> <Delay = 2.55> <CoreInst = "FIFO_SRL">   --->   Core 81 'FIFO_SRL' <Latency = 0> <II = 1> <Delay = 3.63> <Storage> <Opcode : 'read' 'write' 'nbread' 'nbwrite'> <Ports = 0> <Width = 16> <Depth = 2> <FIFO>
ST_1 : Operation 28 [1/1] (2.55ns)   --->   "%loopHeight = read i16 @_ssdm_op_Read.ap_fifo.i16P0A, i16 %Height"   --->   Operation 28 'read' 'loopHeight' <Predicate = true> <Delay = 2.55> <CoreInst = "FIFO_SRL">   --->   Core 81 'FIFO_SRL' <Latency = 0> <II = 1> <Delay = 3.63> <Storage> <Opcode : 'read' 'write' 'nbread' 'nbwrite'> <Ports = 0> <Width = 16> <Depth = 2> <FIFO>
ST_1 : Operation 29 [1/1] (1.58ns)   --->   "%store_ln0 = store i15 0, i15 %y"   --->   Operation 29 'store' 'store_ln0' <Predicate = true> <Delay = 1.58>

State 2 <SV = 1> <Delay = 4.15>
ST_2 : Operation 30 [1/1] (0.00ns)   --->   "%specinterface_ln0 = specinterface void @_ssdm_op_SpecInterface, i16 %WidthIn, void @ap_fifo_str, i32 0, i32 0, void @p_str, i32 0, i32 0, void @p_str, void @p_str, void @p_str, i32 2, i32 2, i32 16, i32 16, void @p_str, void @ScalarProp_str, i32 4294967295, i32 0"   --->   Operation 30 'specinterface' 'specinterface_ln0' <Predicate = true> <Delay = 0.00>
ST_2 : Operation 31 [1/1] (0.00ns)   --->   "%specinterface_ln0 = specinterface void @_ssdm_op_SpecInterface, i16 %Height, void @ap_fifo_str, i32 0, i32 0, void @p_str, i32 0, i32 0, void @p_str, void @p_str, void @p_str, i32 2, i32 2, i32 16, i32 16, void @p_str, void @ScalarProp_str, i32 4294967295, i32 0"   --->   Operation 31 'specinterface' 'specinterface_ln0' <Predicate = true> <Delay = 0.00>
ST_2 : Operation 32 [1/1] (0.00ns)   --->   "%specstablecontent_ln0 = specstablecontent void @_ssdm_op_SpecStableContent, i16 %WidthIn, void "   --->   Operation 32 'specstablecontent' 'specstablecontent_ln0' <Predicate = true> <Delay = 0.00>
ST_2 : Operation 33 [1/1] (0.00ns)   --->   "%specstablecontent_ln0 = specstablecontent void @_ssdm_op_SpecStableContent, i16 %Height, void "   --->   Operation 33 'specstablecontent' 'specstablecontent_ln0' <Predicate = true> <Delay = 0.00>
ST_2 : Operation 34 [1/1] (0.00ns)   --->   "%specinterface_ln0 = specinterface void @_ssdm_op_SpecInterface, i30 %stream_upsampled, void @empty_23, i32 0, i32 0, void @empty_10, i32 0, i32 0, void @empty_10, void @empty_10, void @empty_10, i32 0, i32 0, i32 0, i32 0, void @empty_10, void @empty_10, i32 4294967295, i32 0"   --->   Operation 34 'specinterface' 'specinterface_ln0' <Predicate = true> <Delay = 0.00>
ST_2 : Operation 35 [1/1] (0.00ns)   --->   "%specinterface_ln0 = specinterface void @_ssdm_op_SpecInterface, i30 %stream_in, void @empty_23, i32 0, i32 0, void @empty_10, i32 0, i32 0, void @empty_10, void @empty_10, void @empty_10, i32 0, i32 0, i32 0, i32 0, void @empty_10, void @empty_10, i32 4294967295, i32 0"   --->   Operation 35 'specinterface' 'specinterface_ln0' <Predicate = true> <Delay = 0.00>
ST_2 : Operation 36 [1/1] (0.98ns)   --->   "%select_ln1677 = select i1 %p_read_5, i3 0, i3 5" [G:/Project-Workspace/zynq-7020-video-pipe-3/hw/video-pipe-hw-v5/hw_011223.runs/bd_8126_hsc_0_synth_1/prj/sol/.autopilot/db/v_hscaler.cpp:1677]   --->   Operation 36 'select' 'select_ln1677' <Predicate = true> <Delay = 0.98> <CoreInst = "Sel">   --->   Core 73 'Sel' <Latency = 0> <II = 1> <Delay = 0.98> <FuncUnit> <Opcode : 'select'> <InPorts = 3> <OutPorts = 1>
ST_2 : Operation 37 [1/1] (0.00ns) (grouped into LUT with out node loopWidth)   --->   "%select_ln1677_1 = select i1 %p_read_5, i16 0, i16 5" [G:/Project-Workspace/zynq-7020-video-pipe-3/hw/video-pipe-hw-v5/hw_011223.runs/bd_8126_hsc_0_synth_1/prj/sol/.autopilot/db/v_hscaler.cpp:1677]   --->   Operation 37 'select' 'select_ln1677_1' <Predicate = true> <Delay = 0.00> <CoreInst = "Sel">   --->   Core 73 'Sel' <Latency = 0> <II = 1> <Delay = 0.98> <FuncUnit> <Opcode : 'select'> <InPorts = 3> <OutPorts = 1>
ST_2 : Operation 38 [1/1] (2.07ns) (out node of the LUT)   --->   "%loopWidth = add i16 %WidthIn_read, i16 %select_ln1677_1" [G:/Project-Workspace/zynq-7020-video-pipe-3/hw/video-pipe-hw-v5/hw_011223.runs/bd_8126_hsc_0_synth_1/prj/sol/.autopilot/db/v_hscaler.cpp:1677]   --->   Operation 38 'add' 'loopWidth' <Predicate = true> <Delay = 2.07> <CoreInst = "Adder">   --->   Core 1 'Adder' <Latency = 0> <II = 1> <Delay = 2.07> <FuncUnit> <Opcode : 'add' 'sub'> <InPorts = 2> <OutPorts = 1>
ST_2 : Operation 39 [1/1] (2.07ns)   --->   "%cmp36670 = icmp_sgt  i16 %loopWidth, i16 0" [G:/Project-Workspace/zynq-7020-video-pipe-3/hw/video-pipe-hw-v5/hw_011223.runs/bd_8126_hsc_0_synth_1/prj/sol/.autopilot/db/v_hscaler.cpp:1677]   --->   Operation 39 'icmp' 'cmp36670' <Predicate = true> <Delay = 2.07> <CoreInst = "Cmp">   --->   Core 9 'Cmp' <Latency = 0> <II = 1> <Delay = 2.07> <FuncUnit> <Opcode : 'icmp'> <InPorts = 2> <OutPorts = 1>
ST_2 : Operation 40 [1/1] (0.00ns)   --->   "%br_ln1679 = br void %VITIS_LOOP_1681_2" [G:/Project-Workspace/zynq-7020-video-pipe-3/hw/video-pipe-hw-v5/hw_011223.runs/bd_8126_hsc_0_synth_1/prj/sol/.autopilot/db/v_hscaler.cpp:1679]   --->   Operation 40 'br' 'br_ln1679' <Predicate = true> <Delay = 0.00>

State 3 <SV = 2> <Delay = 3.66>
ST_3 : Operation 41 [1/1] (0.00ns)   --->   "%y_load = load i15 %y" [G:/Project-Workspace/zynq-7020-video-pipe-3/hw/video-pipe-hw-v5/hw_011223.runs/bd_8126_hsc_0_synth_1/prj/sol/.autopilot/db/v_hscaler.cpp:1679]   --->   Operation 41 'load' 'y_load' <Predicate = true> <Delay = 0.00>
ST_3 : Operation 42 [1/1] (0.00ns)   --->   "%zext_ln1679 = zext i15 %y_load" [G:/Project-Workspace/zynq-7020-video-pipe-3/hw/video-pipe-hw-v5/hw_011223.runs/bd_8126_hsc_0_synth_1/prj/sol/.autopilot/db/v_hscaler.cpp:1679]   --->   Operation 42 'zext' 'zext_ln1679' <Predicate = true> <Delay = 0.00>
ST_3 : Operation 43 [1/1] (2.07ns)   --->   "%icmp_ln1679 = icmp_slt  i16 %zext_ln1679, i16 %loopHeight" [G:/Project-Workspace/zynq-7020-video-pipe-3/hw/video-pipe-hw-v5/hw_011223.runs/bd_8126_hsc_0_synth_1/prj/sol/.autopilot/db/v_hscaler.cpp:1679]   --->   Operation 43 'icmp' 'icmp_ln1679' <Predicate = true> <Delay = 2.07> <CoreInst = "Cmp">   --->   Core 9 'Cmp' <Latency = 0> <II = 1> <Delay = 2.07> <FuncUnit> <Opcode : 'icmp'> <InPorts = 2> <OutPorts = 1>
ST_3 : Operation 44 [1/1] (0.00ns)   --->   "%speclooptripcount_ln0 = speclooptripcount void @_ssdm_op_SpecLoopTripCount, i64 0, i64 32767, i64 32767"   --->   Operation 44 'speclooptripcount' 'speclooptripcount_ln0' <Predicate = true> <Delay = 0.00>
ST_3 : Operation 45 [1/1] (1.94ns)   --->   "%add_ln1679 = add i15 %y_load, i15 1" [G:/Project-Workspace/zynq-7020-video-pipe-3/hw/video-pipe-hw-v5/hw_011223.runs/bd_8126_hsc_0_synth_1/prj/sol/.autopilot/db/v_hscaler.cpp:1679]   --->   Operation 45 'add' 'add_ln1679' <Predicate = true> <Delay = 1.94> <CoreInst = "Adder">   --->   Core 1 'Adder' <Latency = 0> <II = 1> <Delay = 1.94> <FuncUnit> <Opcode : 'add' 'sub'> <InPorts = 2> <OutPorts = 1>
ST_3 : Operation 46 [1/1] (0.00ns)   --->   "%br_ln1679 = br i1 %icmp_ln1679, void %for.end455.loopexit, void %VITIS_LOOP_1681_2.split" [G:/Project-Workspace/zynq-7020-video-pipe-3/hw/video-pipe-hw-v5/hw_011223.runs/bd_8126_hsc_0_synth_1/prj/sol/.autopilot/db/v_hscaler.cpp:1679]   --->   Operation 46 'br' 'br_ln1679' <Predicate = true> <Delay = 0.00>
ST_3 : Operation 47 [1/1] (0.00ns)   --->   "%pixbuf_y_1_load = load i10 %pixbuf_y_1"   --->   Operation 47 'load' 'pixbuf_y_1_load' <Predicate = (icmp_ln1679)> <Delay = 0.00>
ST_3 : Operation 48 [1/1] (0.00ns)   --->   "%pixbuf_y_2_load = load i10 %pixbuf_y_2"   --->   Operation 48 'load' 'pixbuf_y_2_load' <Predicate = (icmp_ln1679)> <Delay = 0.00>
ST_3 : Operation 49 [1/1] (0.00ns)   --->   "%pixbuf_y_3_load = load i10 %pixbuf_y_3"   --->   Operation 49 'load' 'pixbuf_y_3_load' <Predicate = (icmp_ln1679)> <Delay = 0.00>
ST_3 : Operation 50 [1/1] (0.00ns)   --->   "%empty = wait i32 @_ssdm_op_Wait"   --->   Operation 50 'wait' 'empty' <Predicate = (icmp_ln1679)> <Delay = 0.00>
ST_3 : Operation 51 [1/1] (1.58ns)   --->   "%store_ln1679 = store i15 %add_ln1679, i15 %y" [G:/Project-Workspace/zynq-7020-video-pipe-3/hw/video-pipe-hw-v5/hw_011223.runs/bd_8126_hsc_0_synth_1/prj/sol/.autopilot/db/v_hscaler.cpp:1679]   --->   Operation 51 'store' 'store_ln1679' <Predicate = (icmp_ln1679)> <Delay = 1.58>
ST_3 : Operation 52 [1/1] (0.00ns)   --->   "%ret_ln1837 = ret" [G:/Project-Workspace/zynq-7020-video-pipe-3/hw/video-pipe-hw-v5/hw_011223.runs/bd_8126_hsc_0_synth_1/prj/sol/.autopilot/db/v_hscaler.cpp:1837]   --->   Operation 52 'ret' 'ret_ln1837' <Predicate = (!icmp_ln1679)> <Delay = 0.00>

State 4 <SV = 3> <Delay = 3.66>
ST_4 : Operation 53 [1/1] (0.00ns)   --->   "%p_0_0_0_0_0495685_lcssa734_load = load i10 %p_0_0_0_0_0495685_lcssa734"   --->   Operation 53 'load' 'p_0_0_0_0_0495685_lcssa734_load' <Predicate = true> <Delay = 0.00>
ST_4 : Operation 54 [1/1] (0.00ns)   --->   "%pixbuf_y_4_load = load i10 %pixbuf_y_4"   --->   Operation 54 'load' 'pixbuf_y_4_load' <Predicate = true> <Delay = 0.00>
ST_4 : Operation 55 [2/2] (3.66ns)   --->   "%call_ln1677 = call void @v_hcresampler_core.1_Pipeline_VITIS_LOOP_1681_2, i10 %pixbuf_y_4_load, i10 %pixbuf_y_3_load, i10 %pixbuf_y_2_load, i10 %pixbuf_y_1_load, i10 %p_0_0_0_0_0495685_lcssa734_load, i16 %loopWidth, i30 %stream_upsampled, i1 %p_read_5, i3 %select_ln1677, i16 %WidthIn_read, i30 %stream_in, i10 %pixbuf_y_9_loc, i10 %pixbuf_y_3, i10 %pixbuf_y_2, i10 %pixbuf_y_1, i10 %pixbuf_y, i10 %p_0_2_0_0_0691717_lcssa764, i10 %p_0_1_0_0_0687713_lcssa761, i10 %p_0_0_0_0_0_2710_lcssa758, i10 %p_0_0_0_0_0487_2707_lcssa755, i10 %p_0_0_0_0_0_1701_lcssa749, i10 %p_0_0_0_0_0487_1695_lcssa743, i10 %p_0_2_0_0_0691_lcssa740, i10 %p_0_1_0_0_0687_lcssa737, i10 %inpix_0_2_0_0_0_load683_lcssa731, i10 %inpix_0_1_0_0_0_load681_lcssa728, i10 %inpix_0_0_0_0_0_load679_lcssa725" [G:/Project-Workspace/zynq-7020-video-pipe-3/hw/video-pipe-hw-v5/hw_011223.runs/bd_8126_hsc_0_synth_1/prj/sol/.autopilot/db/v_hscaler.cpp:1677]   --->   Operation 55 'call' 'call_ln1677' <Predicate = true> <Delay = 3.66> <CoreType = "Generic">   --->   Core 0 '' <Latency = 0> <II = 1> <Delay = 1.00> <Generic> <Opcode : >

State 5 <SV = 4> <Delay = 0.00>
ST_5 : Operation 56 [1/2] (0.00ns)   --->   "%call_ln1677 = call void @v_hcresampler_core.1_Pipeline_VITIS_LOOP_1681_2, i10 %pixbuf_y_4_load, i10 %pixbuf_y_3_load, i10 %pixbuf_y_2_load, i10 %pixbuf_y_1_load, i10 %p_0_0_0_0_0495685_lcssa734_load, i16 %loopWidth, i30 %stream_upsampled, i1 %p_read_5, i3 %select_ln1677, i16 %WidthIn_read, i30 %stream_in, i10 %pixbuf_y_9_loc, i10 %pixbuf_y_3, i10 %pixbuf_y_2, i10 %pixbuf_y_1, i10 %pixbuf_y, i10 %p_0_2_0_0_0691717_lcssa764, i10 %p_0_1_0_0_0687713_lcssa761, i10 %p_0_0_0_0_0_2710_lcssa758, i10 %p_0_0_0_0_0487_2707_lcssa755, i10 %p_0_0_0_0_0_1701_lcssa749, i10 %p_0_0_0_0_0487_1695_lcssa743, i10 %p_0_2_0_0_0691_lcssa740, i10 %p_0_1_0_0_0687_lcssa737, i10 %inpix_0_2_0_0_0_load683_lcssa731, i10 %inpix_0_1_0_0_0_load681_lcssa728, i10 %inpix_0_0_0_0_0_load679_lcssa725" [G:/Project-Workspace/zynq-7020-video-pipe-3/hw/video-pipe-hw-v5/hw_011223.runs/bd_8126_hsc_0_synth_1/prj/sol/.autopilot/db/v_hscaler.cpp:1677]   --->   Operation 56 'call' 'call_ln1677' <Predicate = true> <Delay = 0.00> <CoreType = "Generic">   --->   Core 0 '' <Latency = 0> <II = 1> <Delay = 1.00> <Generic> <Opcode : >

State 6 <SV = 5> <Delay = 0.68>
ST_6 : Operation 57 [1/1] (0.00ns)   --->   "%specloopname_ln1679 = specloopname void @_ssdm_op_SpecLoopName, void @empty_9" [G:/Project-Workspace/zynq-7020-video-pipe-3/hw/video-pipe-hw-v5/hw_011223.runs/bd_8126_hsc_0_synth_1/prj/sol/.autopilot/db/v_hscaler.cpp:1679]   --->   Operation 57 'specloopname' 'specloopname_ln1679' <Predicate = true> <Delay = 0.00>
ST_6 : Operation 58 [1/1] (0.00ns)   --->   "%pixbuf_y_9_loc_load = load i10 %pixbuf_y_9_loc"   --->   Operation 58 'load' 'pixbuf_y_9_loc_load' <Predicate = true> <Delay = 0.00>
ST_6 : Operation 59 [1/1] (0.68ns)   --->   "%select_ln1655 = select i1 %cmp36670, i10 %pixbuf_y_9_loc_load, i10 %p_0_0_0_0_0495685_lcssa734_load" [G:/Project-Workspace/zynq-7020-video-pipe-3/hw/video-pipe-hw-v5/hw_011223.runs/bd_8126_hsc_0_synth_1/prj/sol/.autopilot/db/v_hscaler.cpp:1655]   --->   Operation 59 'select' 'select_ln1655' <Predicate = true> <Delay = 0.68> <CoreInst = "Sel">   --->   Core 73 'Sel' <Latency = 0> <II = 1> <Delay = 0.68> <FuncUnit> <Opcode : 'select'> <InPorts = 3> <OutPorts = 1>
ST_6 : Operation 60 [1/1] (0.00ns)   --->   "%store_ln1655 = store i10 %pixbuf_y_9_loc_load, i10 %pixbuf_y_4" [G:/Project-Workspace/zynq-7020-video-pipe-3/hw/video-pipe-hw-v5/hw_011223.runs/bd_8126_hsc_0_synth_1/prj/sol/.autopilot/db/v_hscaler.cpp:1655]   --->   Operation 60 'store' 'store_ln1655' <Predicate = true> <Delay = 0.00>
ST_6 : Operation 61 [1/1] (0.00ns)   --->   "%store_ln1655 = store i10 %select_ln1655, i10 %p_0_0_0_0_0495685_lcssa734" [G:/Project-Workspace/zynq-7020-video-pipe-3/hw/video-pipe-hw-v5/hw_011223.runs/bd_8126_hsc_0_synth_1/prj/sol/.autopilot/db/v_hscaler.cpp:1655]   --->   Operation 61 'store' 'store_ln1655' <Predicate = true> <Delay = 0.00>
ST_6 : Operation 62 [1/1] (0.00ns)   --->   "%br_ln1679 = br void %VITIS_LOOP_1681_2" [G:/Project-Workspace/zynq-7020-video-pipe-3/hw/video-pipe-hw-v5/hw_011223.runs/bd_8126_hsc_0_synth_1/prj/sol/.autopilot/db/v_hscaler.cpp:1679]   --->   Operation 62 'br' 'br_ln1679' <Predicate = true> <Delay = 0.00>


============================================================
+ Verbose Summary: Binding
============================================================
STG Binding: 
---------------- STG Properties BEGIN ----------------
- Is combinational: 0
- Is one-state seq: 0
- Is datapath-only: 0
- Is pipelined: 0
- Is top level: 0
Port [ Return ] is wired: 1; IO mode=ap_ctrl_hs:ce=0
Port [ stream_in]:  wired=1; compound=1; hidden=0; nouse=0; global=0; static=0; extern=0; dir=0; type=3; pingpong=0; private_global=0; IO mode=ap_fifo:ce=0
Port [ Height]:  wired=1; compound=1; hidden=0; nouse=0; global=0; static=0; extern=0; dir=0; type=3; pingpong=0; private_global=0; IO mode=ap_fifo:ce=0
Port [ WidthIn]:  wired=1; compound=1; hidden=0; nouse=0; global=0; static=0; extern=0; dir=0; type=3; pingpong=0; private_global=0; IO mode=ap_fifo:ce=0
Port [ p_read]:  wired=1; compound=0; hidden=0; nouse=0; global=0; static=0; extern=0; dir=0; type=0; pingpong=0; private_global=0; IO mode=ap_none:ce=0
Port [ stream_upsampled]:  wired=1; compound=1; hidden=0; nouse=0; global=0; static=0; extern=0; dir=1; type=3; pingpong=0; private_global=0; IO mode=ap_fifo:ce=0
---------------- STG Properties END ------------------

---------------- Datapath Model BEGIN ----------------

<LifeTime>
<method=bitvector/>
y                                (alloca           ) [ 0111111]
inpix_0_0_0_0_0_load679_lcssa725 (alloca           ) [ 0011111]
inpix_0_1_0_0_0_load681_lcssa728 (alloca           ) [ 0011111]
inpix_0_2_0_0_0_load683_lcssa731 (alloca           ) [ 0011111]
p_0_0_0_0_0495685_lcssa734       (alloca           ) [ 0011111]
p_0_1_0_0_0687_lcssa737          (alloca           ) [ 0011111]
p_0_2_0_0_0691_lcssa740          (alloca           ) [ 0011111]
p_0_0_0_0_0487_1695_lcssa743     (alloca           ) [ 0011111]
p_0_0_0_0_0_1701_lcssa749        (alloca           ) [ 0011111]
p_0_0_0_0_0487_2707_lcssa755     (alloca           ) [ 0011111]
p_0_0_0_0_0_2710_lcssa758        (alloca           ) [ 0011111]
p_0_1_0_0_0687713_lcssa761       (alloca           ) [ 0011111]
p_0_2_0_0_0691717_lcssa764       (alloca           ) [ 0011111]
pixbuf_y                         (alloca           ) [ 0011111]
pixbuf_y_1                       (alloca           ) [ 0011111]
pixbuf_y_2                       (alloca           ) [ 0011111]
pixbuf_y_3                       (alloca           ) [ 0011111]
pixbuf_y_4                       (alloca           ) [ 0011111]
p_read_5                         (read             ) [ 0011111]
pixbuf_y_9_loc                   (alloca           ) [ 0011111]
WidthIn_read                     (read             ) [ 0011111]
loopHeight                       (read             ) [ 0011111]
store_ln0                        (store            ) [ 0000000]
specinterface_ln0                (specinterface    ) [ 0000000]
specinterface_ln0                (specinterface    ) [ 0000000]
specstablecontent_ln0            (specstablecontent) [ 0000000]
specstablecontent_ln0            (specstablecontent) [ 0000000]
specinterface_ln0                (specinterface    ) [ 0000000]
specinterface_ln0                (specinterface    ) [ 0000000]
select_ln1677                    (select           ) [ 0001111]
select_ln1677_1                  (select           ) [ 0000000]
loopWidth                        (add              ) [ 0001111]
cmp36670                         (icmp             ) [ 0001111]
br_ln1679                        (br               ) [ 0000000]
y_load                           (load             ) [ 0000000]
zext_ln1679                      (zext             ) [ 0000000]
icmp_ln1679                      (icmp             ) [ 0001111]
speclooptripcount_ln0            (speclooptripcount) [ 0000000]
add_ln1679                       (add              ) [ 0000000]
br_ln1679                        (br               ) [ 0000000]
pixbuf_y_1_load                  (load             ) [ 0000110]
pixbuf_y_2_load                  (load             ) [ 0000110]
pixbuf_y_3_load                  (load             ) [ 0000110]
empty                            (wait             ) [ 0000000]
store_ln1679                     (store            ) [ 0000000]
ret_ln1837                       (ret              ) [ 0000000]
p_0_0_0_0_0495685_lcssa734_load  (load             ) [ 0000011]
pixbuf_y_4_load                  (load             ) [ 0000010]
call_ln1677                      (call             ) [ 0000000]
specloopname_ln1679              (specloopname     ) [ 0000000]
pixbuf_y_9_loc_load              (load             ) [ 0000000]
select_ln1655                    (select           ) [ 0000000]
store_ln1655                     (store            ) [ 0000000]
store_ln1655                     (store            ) [ 0000000]
br_ln1679                        (br               ) [ 0000000]
</LifeTime>

<model>

<comp_list>
<comp id="0" class="1000" name="stream_in">
<pin_list>
<pin id="1" dir="1" index="0" bw="1" slack="0"/>
</pin_list>
<bind>
<StgValue><ssdm name="stream_in"/></StgValue>
</bind>
</comp>

<comp id="2" class="1000" name="Height">
<pin_list>
<pin id="3" dir="1" index="0" bw="1" slack="0"/>
</pin_list>
<bind>
<StgValue><ssdm name="Height"/></StgValue>
</bind>
</comp>

<comp id="4" class="1000" name="WidthIn">
<pin_list>
<pin id="5" dir="1" index="0" bw="1" slack="0"/>
</pin_list>
<bind>
<StgValue><ssdm name="WidthIn"/></StgValue>
</bind>
</comp>

<comp id="6" class="1000" name="p_read">
<pin_list>
<pin id="7" dir="1" index="0" bw="1" slack="0"/>
</pin_list>
<bind>
<StgValue><ssdm name="p_read"/></StgValue>
</bind>
</comp>

<comp id="8" class="1000" name="stream_upsampled">
<pin_list>
<pin id="9" dir="1" index="0" bw="1" slack="0"/>
</pin_list>
<bind>
<StgValue><ssdm name="stream_upsampled"/></StgValue>
</bind>
</comp>

<comp id="10" class="1001" name="const_10">
<pin_list>
<pin id="11" dir="1" index="0" bw="1" slack="0"/>
</pin_list>
<bind>
<StgValue><ssdm name=""/></StgValue>
</bind>
</comp>

<comp id="12" class="1001" name="const_12">
<pin_list>
<pin id="13" dir="1" index="0" bw="1" slack="0"/>
</pin_list>
<bind>
<StgValue><ssdm name="_ssdm_op_Read.ap_auto.i1"/></StgValue>
</bind>
</comp>

<comp id="14" class="1001" name="const_14">
<pin_list>
<pin id="15" dir="1" index="0" bw="1" slack="0"/>
</pin_list>
<bind>
<StgValue><ssdm name=""/></StgValue>
</bind>
</comp>

<comp id="16" class="1001" name="const_16">
<pin_list>
<pin id="17" dir="1" index="0" bw="1" slack="0"/>
</pin_list>
<bind>
<StgValue><ssdm name="_ssdm_op_Read.ap_fifo.i16P0A"/></StgValue>
</bind>
</comp>

<comp id="18" class="1001" name="const_18">
<pin_list>
<pin id="19" dir="1" index="0" bw="1" slack="0"/>
</pin_list>
<bind>
<StgValue><ssdm name=""/></StgValue>
</bind>
</comp>

<comp id="20" class="1001" name="const_20">
<pin_list>
<pin id="21" dir="1" index="0" bw="1" slack="2147483647"/>
</pin_list>
<bind>
<StgValue><ssdm name="_ssdm_op_SpecInterface"/></StgValue>
</bind>
</comp>

<comp id="22" class="1001" name="const_22">
<pin_list>
<pin id="23" dir="1" index="0" bw="1" slack="2147483647"/>
</pin_list>
<bind>
<StgValue><ssdm name="ap_fifo_str"/></StgValue>
</bind>
</comp>

<comp id="24" class="1001" name="const_24">
<pin_list>
<pin id="25" dir="1" index="0" bw="1" slack="2147483647"/>
</pin_list>
<bind>
<StgValue><ssdm name=""/></StgValue>
</bind>
</comp>

<comp id="26" class="1001" name="const_26">
<pin_list>
<pin id="27" dir="1" index="0" bw="1" slack="2147483647"/>
</pin_list>
<bind>
<StgValue><ssdm name="p_str"/></StgValue>
</bind>
</comp>

<comp id="28" class="1001" name="const_28">
<pin_list>
<pin id="29" dir="1" index="0" bw="1" slack="2147483647"/>
</pin_list>
<bind>
<StgValue><ssdm name=""/></StgValue>
</bind>
</comp>

<comp id="30" class="1001" name="const_30">
<pin_list>
<pin id="31" dir="1" index="0" bw="1" slack="2147483647"/>
</pin_list>
<bind>
<StgValue><ssdm name=""/></StgValue>
</bind>
</comp>

<comp id="32" class="1001" name="const_32">
<pin_list>
<pin id="33" dir="1" index="0" bw="1" slack="2147483647"/>
</pin_list>
<bind>
<StgValue><ssdm name="ScalarProp_str"/></StgValue>
</bind>
</comp>

<comp id="34" class="1001" name="const_34">
<pin_list>
<pin id="35" dir="1" index="0" bw="1" slack="2147483647"/>
</pin_list>
<bind>
<StgValue><ssdm name=""/></StgValue>
</bind>
</comp>

<comp id="36" class="1001" name="const_36">
<pin_list>
<pin id="37" dir="1" index="0" bw="1" slack="2147483647"/>
</pin_list>
<bind>
<StgValue><ssdm name="_ssdm_op_SpecStableContent"/></StgValue>
</bind>
</comp>

<comp id="38" class="1001" name="const_38">
<pin_list>
<pin id="39" dir="1" index="0" bw="1" slack="2147483647"/>
</pin_list>
<bind>
<StgValue><ssdm name=""/></StgValue>
</bind>
</comp>

<comp id="40" class="1001" name="const_40">
<pin_list>
<pin id="41" dir="1" index="0" bw="1" slack="2147483647"/>
</pin_list>
<bind>
<StgValue><ssdm name="empty_23"/></StgValue>
</bind>
</comp>

<comp id="42" class="1001" name="const_42">
<pin_list>
<pin id="43" dir="1" index="0" bw="1" slack="2147483647"/>
</pin_list>
<bind>
<StgValue><ssdm name="empty_10"/></StgValue>
</bind>
</comp>

<comp id="44" class="1001" name="const_44">
<pin_list>
<pin id="45" dir="1" index="0" bw="1" slack="0"/>
</pin_list>
<bind>
<StgValue><ssdm name=""/></StgValue>
</bind>
</comp>

<comp id="46" class="1001" name="const_46">
<pin_list>
<pin id="47" dir="1" index="0" bw="1" slack="0"/>
</pin_list>
<bind>
<StgValue><ssdm name=""/></StgValue>
</bind>
</comp>

<comp id="48" class="1001" name="const_48">
<pin_list>
<pin id="49" dir="1" index="0" bw="1" slack="0"/>
</pin_list>
<bind>
<StgValue><ssdm name=""/></StgValue>
</bind>
</comp>

<comp id="50" class="1001" name="const_50">
<pin_list>
<pin id="51" dir="1" index="0" bw="1" slack="0"/>
</pin_list>
<bind>
<StgValue><ssdm name=""/></StgValue>
</bind>
</comp>

<comp id="52" class="1001" name="const_52">
<pin_list>
<pin id="53" dir="1" index="0" bw="1" slack="2147483647"/>
</pin_list>
<bind>
<StgValue><ssdm name="_ssdm_op_SpecLoopTripCount"/></StgValue>
</bind>
</comp>

<comp id="54" class="1001" name="const_54">
<pin_list>
<pin id="55" dir="1" index="0" bw="1" slack="2147483647"/>
</pin_list>
<bind>
<StgValue><ssdm name=""/></StgValue>
</bind>
</comp>

<comp id="56" class="1001" name="const_56">
<pin_list>
<pin id="57" dir="1" index="0" bw="1" slack="2147483647"/>
</pin_list>
<bind>
<StgValue><ssdm name=""/></StgValue>
</bind>
</comp>

<comp id="58" class="1001" name="const_58">
<pin_list>
<pin id="59" dir="1" index="0" bw="1" slack="0"/>
</pin_list>
<bind>
<StgValue><ssdm name=""/></StgValue>
</bind>
</comp>

<comp id="60" class="1001" name="const_60">
<pin_list>
<pin id="61" dir="1" index="0" bw="1" slack="2147483647"/>
</pin_list>
<bind>
<StgValue><ssdm name="_ssdm_op_Wait"/></StgValue>
</bind>
</comp>

<comp id="62" class="1001" name="const_62">
<pin_list>
<pin id="63" dir="1" index="0" bw="1" slack="0"/>
</pin_list>
<bind>
<StgValue><ssdm name="v_hcresampler_core.1_Pipeline_VITIS_LOOP_1681_2"/></StgValue>
</bind>
</comp>

<comp id="64" class="1001" name="const_64">
<pin_list>
<pin id="65" dir="1" index="0" bw="1" slack="2147483647"/>
</pin_list>
<bind>
<StgValue><ssdm name="_ssdm_op_SpecLoopName"/></StgValue>
</bind>
</comp>

<comp id="66" class="1001" name="const_66">
<pin_list>
<pin id="67" dir="1" index="0" bw="1" slack="2147483647"/>
</pin_list>
<bind>
<StgValue><ssdm name="empty_9"/></StgValue>
</bind>
</comp>

<comp id="68" class="1004" name="y_fu_68">
<pin_list>
<pin id="69" dir="0" index="0" bw="1" slack="0"/>
<pin id="70" dir="1" index="1" bw="15" slack="0"/>
</pin_list>
<bind>
<opcode="alloca(26) " fcode="alloca"/>
<opset="y/1 "/>
</bind>
</comp>

<comp id="72" class="1004" name="inpix_0_0_0_0_0_load679_lcssa725_fu_72">
<pin_list>
<pin id="73" dir="0" index="0" bw="1" slack="0"/>
<pin id="74" dir="1" index="1" bw="10" slack="3"/>
</pin_list>
<bind>
<opcode="alloca(26) " fcode="alloca"/>
<opset="inpix_0_0_0_0_0_load679_lcssa725/1 "/>
</bind>
</comp>

<comp id="76" class="1004" name="inpix_0_1_0_0_0_load681_lcssa728_fu_76">
<pin_list>
<pin id="77" dir="0" index="0" bw="1" slack="0"/>
<pin id="78" dir="1" index="1" bw="10" slack="3"/>
</pin_list>
<bind>
<opcode="alloca(26) " fcode="alloca"/>
<opset="inpix_0_1_0_0_0_load681_lcssa728/1 "/>
</bind>
</comp>

<comp id="80" class="1004" name="inpix_0_2_0_0_0_load683_lcssa731_fu_80">
<pin_list>
<pin id="81" dir="0" index="0" bw="1" slack="0"/>
<pin id="82" dir="1" index="1" bw="10" slack="3"/>
</pin_list>
<bind>
<opcode="alloca(26) " fcode="alloca"/>
<opset="inpix_0_2_0_0_0_load683_lcssa731/1 "/>
</bind>
</comp>

<comp id="84" class="1004" name="p_0_0_0_0_0495685_lcssa734_fu_84">
<pin_list>
<pin id="85" dir="0" index="0" bw="1" slack="0"/>
<pin id="86" dir="1" index="1" bw="10" slack="3"/>
</pin_list>
<bind>
<opcode="alloca(26) " fcode="alloca"/>
<opset="p_0_0_0_0_0495685_lcssa734/1 "/>
</bind>
</comp>

<comp id="88" class="1004" name="p_0_1_0_0_0687_lcssa737_fu_88">
<pin_list>
<pin id="89" dir="0" index="0" bw="1" slack="0"/>
<pin id="90" dir="1" index="1" bw="10" slack="3"/>
</pin_list>
<bind>
<opcode="alloca(26) " fcode="alloca"/>
<opset="p_0_1_0_0_0687_lcssa737/1 "/>
</bind>
</comp>

<comp id="92" class="1004" name="p_0_2_0_0_0691_lcssa740_fu_92">
<pin_list>
<pin id="93" dir="0" index="0" bw="1" slack="0"/>
<pin id="94" dir="1" index="1" bw="10" slack="3"/>
</pin_list>
<bind>
<opcode="alloca(26) " fcode="alloca"/>
<opset="p_0_2_0_0_0691_lcssa740/1 "/>
</bind>
</comp>

<comp id="96" class="1004" name="p_0_0_0_0_0487_1695_lcssa743_fu_96">
<pin_list>
<pin id="97" dir="0" index="0" bw="1" slack="0"/>
<pin id="98" dir="1" index="1" bw="10" slack="3"/>
</pin_list>
<bind>
<opcode="alloca(26) " fcode="alloca"/>
<opset="p_0_0_0_0_0487_1695_lcssa743/1 "/>
</bind>
</comp>

<comp id="100" class="1004" name="p_0_0_0_0_0_1701_lcssa749_fu_100">
<pin_list>
<pin id="101" dir="0" index="0" bw="1" slack="0"/>
<pin id="102" dir="1" index="1" bw="10" slack="3"/>
</pin_list>
<bind>
<opcode="alloca(26) " fcode="alloca"/>
<opset="p_0_0_0_0_0_1701_lcssa749/1 "/>
</bind>
</comp>

<comp id="104" class="1004" name="p_0_0_0_0_0487_2707_lcssa755_fu_104">
<pin_list>
<pin id="105" dir="0" index="0" bw="1" slack="0"/>
<pin id="106" dir="1" index="1" bw="10" slack="3"/>
</pin_list>
<bind>
<opcode="alloca(26) " fcode="alloca"/>
<opset="p_0_0_0_0_0487_2707_lcssa755/1 "/>
</bind>
</comp>

<comp id="108" class="1004" name="p_0_0_0_0_0_2710_lcssa758_fu_108">
<pin_list>
<pin id="109" dir="0" index="0" bw="1" slack="0"/>
<pin id="110" dir="1" index="1" bw="10" slack="3"/>
</pin_list>
<bind>
<opcode="alloca(26) " fcode="alloca"/>
<opset="p_0_0_0_0_0_2710_lcssa758/1 "/>
</bind>
</comp>

<comp id="112" class="1004" name="p_0_1_0_0_0687713_lcssa761_fu_112">
<pin_list>
<pin id="113" dir="0" index="0" bw="1" slack="0"/>
<pin id="114" dir="1" index="1" bw="10" slack="3"/>
</pin_list>
<bind>
<opcode="alloca(26) " fcode="alloca"/>
<opset="p_0_1_0_0_0687713_lcssa761/1 "/>
</bind>
</comp>

<comp id="116" class="1004" name="p_0_2_0_0_0691717_lcssa764_fu_116">
<pin_list>
<pin id="117" dir="0" index="0" bw="1" slack="0"/>
<pin id="118" dir="1" index="1" bw="10" slack="3"/>
</pin_list>
<bind>
<opcode="alloca(26) " fcode="alloca"/>
<opset="p_0_2_0_0_0691717_lcssa764/1 "/>
</bind>
</comp>

<comp id="120" class="1004" name="pixbuf_y_fu_120">
<pin_list>
<pin id="121" dir="0" index="0" bw="1" slack="0"/>
<pin id="122" dir="1" index="1" bw="10" slack="3"/>
</pin_list>
<bind>
<opcode="alloca(26) " fcode="alloca"/>
<opset="pixbuf_y/1 "/>
</bind>
</comp>

<comp id="124" class="1004" name="pixbuf_y_1_fu_124">
<pin_list>
<pin id="125" dir="0" index="0" bw="1" slack="0"/>
<pin id="126" dir="1" index="1" bw="10" slack="2"/>
</pin_list>
<bind>
<opcode="alloca(26) " fcode="alloca"/>
<opset="pixbuf_y_1/1 "/>
</bind>
</comp>

<comp id="128" class="1004" name="pixbuf_y_2_fu_128">
<pin_list>
<pin id="129" dir="0" index="0" bw="1" slack="0"/>
<pin id="130" dir="1" index="1" bw="10" slack="2"/>
</pin_list>
<bind>
<opcode="alloca(26) " fcode="alloca"/>
<opset="pixbuf_y_2/1 "/>
</bind>
</comp>

<comp id="132" class="1004" name="pixbuf_y_3_fu_132">
<pin_list>
<pin id="133" dir="0" index="0" bw="1" slack="0"/>
<pin id="134" dir="1" index="1" bw="10" slack="2"/>
</pin_list>
<bind>
<opcode="alloca(26) " fcode="alloca"/>
<opset="pixbuf_y_3/1 "/>
</bind>
</comp>

<comp id="136" class="1004" name="pixbuf_y_4_fu_136">
<pin_list>
<pin id="137" dir="0" index="0" bw="1" slack="0"/>
<pin id="138" dir="1" index="1" bw="10" slack="3"/>
</pin_list>
<bind>
<opcode="alloca(26) " fcode="alloca"/>
<opset="pixbuf_y_4/1 "/>
</bind>
</comp>

<comp id="140" class="1004" name="pixbuf_y_9_loc_fu_140">
<pin_list>
<pin id="141" dir="0" index="0" bw="1" slack="0"/>
<pin id="142" dir="1" index="1" bw="10" slack="3"/>
</pin_list>
<bind>
<opcode="alloca(26) " fcode="alloca"/>
<opset="pixbuf_y_9_loc/1 "/>
</bind>
</comp>

<comp id="144" class="1004" name="p_read_5_read_fu_144">
<pin_list>
<pin id="145" dir="0" index="0" bw="1" slack="0"/>
<pin id="146" dir="0" index="1" bw="1" slack="0"/>
<pin id="147" dir="1" index="2" bw="1" slack="1"/>
</pin_list>
<bind>
<opcode="read(1150) " fcode="read"/>
<opset="p_read_5/1 "/>
</bind>
</comp>

<comp id="150" class="1004" name="WidthIn_read_read_fu_150">
<pin_list>
<pin id="151" dir="0" index="0" bw="16" slack="0"/>
<pin id="152" dir="0" index="1" bw="16" slack="0"/>
<pin id="153" dir="1" index="2" bw="16" slack="1"/>
</pin_list>
<bind>
<opcode="read(1150) " fcode="read"/>
<opset="WidthIn_read/1 "/>
</bind>
</comp>

<comp id="156" class="1004" name="loopHeight_read_fu_156">
<pin_list>
<pin id="157" dir="0" index="0" bw="16" slack="0"/>
<pin id="158" dir="0" index="1" bw="16" slack="0"/>
<pin id="159" dir="1" index="2" bw="16" slack="2"/>
</pin_list>
<bind>
<opcode="read(1150) " fcode="read"/>
<opset="loopHeight/1 "/>
</bind>
</comp>

<comp id="162" class="1004" name="grp_v_hcresampler_core_1_Pipeline_VITIS_LOOP_1681_2_fu_162">
<pin_list>
<pin id="163" dir="0" index="0" bw="0" slack="0"/>
<pin id="164" dir="0" index="1" bw="10" slack="0"/>
<pin id="165" dir="0" index="2" bw="10" slack="2"/>
<pin id="166" dir="0" index="3" bw="10" slack="2"/>
<pin id="167" dir="0" index="4" bw="10" slack="2"/>
<pin id="168" dir="0" index="5" bw="10" slack="0"/>
<pin id="169" dir="0" index="6" bw="16" slack="2"/>
<pin id="170" dir="0" index="7" bw="30" slack="0"/>
<pin id="171" dir="0" index="8" bw="1" slack="3"/>
<pin id="172" dir="0" index="9" bw="3" slack="2"/>
<pin id="173" dir="0" index="10" bw="16" slack="3"/>
<pin id="174" dir="0" index="11" bw="30" slack="0"/>
<pin id="175" dir="0" index="12" bw="10" slack="3"/>
<pin id="176" dir="0" index="13" bw="10" slack="3"/>
<pin id="177" dir="0" index="14" bw="10" slack="3"/>
<pin id="178" dir="0" index="15" bw="10" slack="3"/>
<pin id="179" dir="0" index="16" bw="10" slack="3"/>
<pin id="180" dir="0" index="17" bw="10" slack="3"/>
<pin id="181" dir="0" index="18" bw="10" slack="3"/>
<pin id="182" dir="0" index="19" bw="10" slack="3"/>
<pin id="183" dir="0" index="20" bw="10" slack="3"/>
<pin id="184" dir="0" index="21" bw="10" slack="3"/>
<pin id="185" dir="0" index="22" bw="10" slack="3"/>
<pin id="186" dir="0" index="23" bw="10" slack="3"/>
<pin id="187" dir="0" index="24" bw="10" slack="3"/>
<pin id="188" dir="0" index="25" bw="10" slack="3"/>
<pin id="189" dir="0" index="26" bw="10" slack="3"/>
<pin id="190" dir="0" index="27" bw="10" slack="3"/>
<pin id="191" dir="1" index="28" bw="0" slack="2147483647"/>
</pin_list>
<bind>
<opcode="call(48) " fcode="call"/>
<opset="call_ln1677/4 "/>
</bind>
</comp>

<comp id="195" class="1004" name="store_ln0_store_fu_195">
<pin_list>
<pin id="196" dir="0" index="0" bw="1" slack="0"/>
<pin id="197" dir="0" index="1" bw="15" slack="0"/>
<pin id="198" dir="1" index="2" bw="0" slack="2147483647"/>
</pin_list>
<bind>
<opcode="store(28) " fcode="store"/>
<opset="store_ln0/1 "/>
</bind>
</comp>

<comp id="200" class="1004" name="select_ln1677_fu_200">
<pin_list>
<pin id="201" dir="0" index="0" bw="1" slack="1"/>
<pin id="202" dir="0" index="1" bw="3" slack="0"/>
<pin id="203" dir="0" index="2" bw="3" slack="0"/>
<pin id="204" dir="1" index="3" bw="3" slack="2"/>
</pin_list>
<bind>
<opcode="select(49) " fcode="select"/>
<opset="select_ln1677/2 "/>
</bind>
</comp>

<comp id="207" class="1004" name="select_ln1677_1_fu_207">
<pin_list>
<pin id="208" dir="0" index="0" bw="1" slack="1"/>
<pin id="209" dir="0" index="1" bw="16" slack="0"/>
<pin id="210" dir="0" index="2" bw="16" slack="0"/>
<pin id="211" dir="1" index="3" bw="16" slack="0"/>
</pin_list>
<bind>
<opcode="select(49) " fcode="select"/>
<opset="select_ln1677_1/2 "/>
</bind>
</comp>

<comp id="214" class="1004" name="loopWidth_fu_214">
<pin_list>
<pin id="215" dir="0" index="0" bw="16" slack="1"/>
<pin id="216" dir="0" index="1" bw="4" slack="0"/>
<pin id="217" dir="1" index="2" bw="16" slack="0"/>
</pin_list>
<bind>
<opcode="add(8) " fcode="add"/>
<opset="loopWidth/2 "/>
</bind>
</comp>

<comp id="219" class="1004" name="cmp36670_fu_219">
<pin_list>
<pin id="220" dir="0" index="0" bw="16" slack="0"/>
<pin id="221" dir="0" index="1" bw="16" slack="0"/>
<pin id="222" dir="1" index="2" bw="1" slack="4"/>
</pin_list>
<bind>
<opcode="icmp(45) " fcode="icmp"/>
<opset="cmp36670/2 "/>
</bind>
</comp>

<comp id="225" class="1004" name="y_load_load_fu_225">
<pin_list>
<pin id="226" dir="0" index="0" bw="15" slack="2"/>
<pin id="227" dir="1" index="1" bw="15" slack="0"/>
</pin_list>
<bind>
<opcode="load(27) " fcode="load"/>
<opset="y_load/3 "/>
</bind>
</comp>

<comp id="228" class="1004" name="zext_ln1679_fu_228">
<pin_list>
<pin id="229" dir="0" index="0" bw="15" slack="0"/>
<pin id="230" dir="1" index="1" bw="16" slack="0"/>
</pin_list>
<bind>
<opcode="zext(34) " fcode="zext"/>
<opset="zext_ln1679/3 "/>
</bind>
</comp>

<comp id="232" class="1004" name="icmp_ln1679_fu_232">
<pin_list>
<pin id="233" dir="0" index="0" bw="16" slack="0"/>
<pin id="234" dir="0" index="1" bw="16" slack="2"/>
<pin id="235" dir="1" index="2" bw="1" slack="2147483647"/>
</pin_list>
<bind>
<opcode="icmp(45) " fcode="icmp"/>
<opset="icmp_ln1679/3 "/>
</bind>
</comp>

<comp id="237" class="1004" name="add_ln1679_fu_237">
<pin_list>
<pin id="238" dir="0" index="0" bw="15" slack="0"/>
<pin id="239" dir="0" index="1" bw="1" slack="0"/>
<pin id="240" dir="1" index="2" bw="15" slack="0"/>
</pin_list>
<bind>
<opcode="add(8) " fcode="add"/>
<opset="add_ln1679/3 "/>
</bind>
</comp>

<comp id="243" class="1004" name="pixbuf_y_1_load_load_fu_243">
<pin_list>
<pin id="244" dir="0" index="0" bw="10" slack="2"/>
<pin id="245" dir="1" index="1" bw="10" slack="2"/>
</pin_list>
<bind>
<opcode="load(27) " fcode="load"/>
<opset="pixbuf_y_1_load/3 "/>
</bind>
</comp>

<comp id="246" class="1004" name="pixbuf_y_2_load_load_fu_246">
<pin_list>
<pin id="247" dir="0" index="0" bw="10" slack="2"/>
<pin id="248" dir="1" index="1" bw="10" slack="2"/>
</pin_list>
<bind>
<opcode="load(27) " fcode="load"/>
<opset="pixbuf_y_2_load/3 "/>
</bind>
</comp>

<comp id="249" class="1004" name="pixbuf_y_3_load_load_fu_249">
<pin_list>
<pin id="250" dir="0" index="0" bw="10" slack="2"/>
<pin id="251" dir="1" index="1" bw="10" slack="2"/>
</pin_list>
<bind>
<opcode="load(27) " fcode="load"/>
<opset="pixbuf_y_3_load/3 "/>
</bind>
</comp>

<comp id="252" class="1004" name="store_ln1679_store_fu_252">
<pin_list>
<pin id="253" dir="0" index="0" bw="15" slack="0"/>
<pin id="254" dir="0" index="1" bw="15" slack="2"/>
<pin id="255" dir="1" index="2" bw="0" slack="2147483647"/>
</pin_list>
<bind>
<opcode="store(28) " fcode="store"/>
<opset="store_ln1679/3 "/>
</bind>
</comp>

<comp id="257" class="1004" name="p_0_0_0_0_0495685_lcssa734_load_load_fu_257">
<pin_list>
<pin id="258" dir="0" index="0" bw="10" slack="3"/>
<pin id="259" dir="1" index="1" bw="10" slack="0"/>
</pin_list>
<bind>
<opcode="load(27) " fcode="load"/>
<opset="p_0_0_0_0_0495685_lcssa734_load/4 "/>
</bind>
</comp>

<comp id="261" class="1004" name="pixbuf_y_4_load_load_fu_261">
<pin_list>
<pin id="262" dir="0" index="0" bw="10" slack="3"/>
<pin id="263" dir="1" index="1" bw="10" slack="0"/>
</pin_list>
<bind>
<opcode="load(27) " fcode="load"/>
<opset="pixbuf_y_4_load/4 "/>
</bind>
</comp>

<comp id="265" class="1004" name="pixbuf_y_9_loc_load_load_fu_265">
<pin_list>
<pin id="266" dir="0" index="0" bw="10" slack="5"/>
<pin id="267" dir="1" index="1" bw="10" slack="0"/>
</pin_list>
<bind>
<opcode="load(27) " fcode="load"/>
<opset="pixbuf_y_9_loc_load/6 "/>
</bind>
</comp>

<comp id="268" class="1004" name="select_ln1655_fu_268">
<pin_list>
<pin id="269" dir="0" index="0" bw="1" slack="4"/>
<pin id="270" dir="0" index="1" bw="10" slack="0"/>
<pin id="271" dir="0" index="2" bw="10" slack="2147483647"/>
<pin id="272" dir="1" index="3" bw="10" slack="0"/>
</pin_list>
<bind>
<opcode="select(49) " fcode="select"/>
<opset="select_ln1655/6 "/>
</bind>
</comp>

<comp id="274" class="1004" name="store_ln1655_store_fu_274">
<pin_list>
<pin id="275" dir="0" index="0" bw="10" slack="0"/>
<pin id="276" dir="0" index="1" bw="10" slack="5"/>
<pin id="277" dir="1" index="2" bw="0" slack="2147483647"/>
</pin_list>
<bind>
<opcode="store(28) " fcode="store"/>
<opset="store_ln1655/6 "/>
</bind>
</comp>

<comp id="279" class="1004" name="store_ln1655_store_fu_279">
<pin_list>
<pin id="280" dir="0" index="0" bw="10" slack="0"/>
<pin id="281" dir="0" index="1" bw="10" slack="5"/>
<pin id="282" dir="1" index="2" bw="0" slack="2147483647"/>
</pin_list>
<bind>
<opcode="store(28) " fcode="store"/>
<opset="store_ln1655/6 "/>
</bind>
</comp>

<comp id="284" class="1005" name="y_reg_284">
<pin_list>
<pin id="285" dir="0" index="0" bw="15" slack="0"/>
<pin id="286" dir="1" index="1" bw="15" slack="0"/>
</pin_list>
<bind>
<opset="y "/>
</bind>
</comp>

<comp id="291" class="1005" name="inpix_0_0_0_0_0_load679_lcssa725_reg_291">
<pin_list>
<pin id="292" dir="0" index="0" bw="10" slack="3"/>
<pin id="293" dir="1" index="1" bw="10" slack="3"/>
</pin_list>
<bind>
<opset="inpix_0_0_0_0_0_load679_lcssa725 "/>
</bind>
</comp>

<comp id="296" class="1005" name="inpix_0_1_0_0_0_load681_lcssa728_reg_296">
<pin_list>
<pin id="297" dir="0" index="0" bw="10" slack="3"/>
<pin id="298" dir="1" index="1" bw="10" slack="3"/>
</pin_list>
<bind>
<opset="inpix_0_1_0_0_0_load681_lcssa728 "/>
</bind>
</comp>

<comp id="301" class="1005" name="inpix_0_2_0_0_0_load683_lcssa731_reg_301">
<pin_list>
<pin id="302" dir="0" index="0" bw="10" slack="3"/>
<pin id="303" dir="1" index="1" bw="10" slack="3"/>
</pin_list>
<bind>
<opset="inpix_0_2_0_0_0_load683_lcssa731 "/>
</bind>
</comp>

<comp id="306" class="1005" name="p_0_0_0_0_0495685_lcssa734_reg_306">
<pin_list>
<pin id="307" dir="0" index="0" bw="10" slack="3"/>
<pin id="308" dir="1" index="1" bw="10" slack="3"/>
</pin_list>
<bind>
<opset="p_0_0_0_0_0495685_lcssa734 "/>
</bind>
</comp>

<comp id="312" class="1005" name="p_0_1_0_0_0687_lcssa737_reg_312">
<pin_list>
<pin id="313" dir="0" index="0" bw="10" slack="3"/>
<pin id="314" dir="1" index="1" bw="10" slack="3"/>
</pin_list>
<bind>
<opset="p_0_1_0_0_0687_lcssa737 "/>
</bind>
</comp>

<comp id="317" class="1005" name="p_0_2_0_0_0691_lcssa740_reg_317">
<pin_list>
<pin id="318" dir="0" index="0" bw="10" slack="3"/>
<pin id="319" dir="1" index="1" bw="10" slack="3"/>
</pin_list>
<bind>
<opset="p_0_2_0_0_0691_lcssa740 "/>
</bind>
</comp>

<comp id="322" class="1005" name="p_0_0_0_0_0487_1695_lcssa743_reg_322">
<pin_list>
<pin id="323" dir="0" index="0" bw="10" slack="3"/>
<pin id="324" dir="1" index="1" bw="10" slack="3"/>
</pin_list>
<bind>
<opset="p_0_0_0_0_0487_1695_lcssa743 "/>
</bind>
</comp>

<comp id="327" class="1005" name="p_0_0_0_0_0_1701_lcssa749_reg_327">
<pin_list>
<pin id="328" dir="0" index="0" bw="10" slack="3"/>
<pin id="329" dir="1" index="1" bw="10" slack="3"/>
</pin_list>
<bind>
<opset="p_0_0_0_0_0_1701_lcssa749 "/>
</bind>
</comp>

<comp id="332" class="1005" name="p_0_0_0_0_0487_2707_lcssa755_reg_332">
<pin_list>
<pin id="333" dir="0" index="0" bw="10" slack="3"/>
<pin id="334" dir="1" index="1" bw="10" slack="3"/>
</pin_list>
<bind>
<opset="p_0_0_0_0_0487_2707_lcssa755 "/>
</bind>
</comp>

<comp id="337" class="1005" name="p_0_0_0_0_0_2710_lcssa758_reg_337">
<pin_list>
<pin id="338" dir="0" index="0" bw="10" slack="3"/>
<pin id="339" dir="1" index="1" bw="10" slack="3"/>
</pin_list>
<bind>
<opset="p_0_0_0_0_0_2710_lcssa758 "/>
</bind>
</comp>

<comp id="342" class="1005" name="p_0_1_0_0_0687713_lcssa761_reg_342">
<pin_list>
<pin id="343" dir="0" index="0" bw="10" slack="3"/>
<pin id="344" dir="1" index="1" bw="10" slack="3"/>
</pin_list>
<bind>
<opset="p_0_1_0_0_0687713_lcssa761 "/>
</bind>
</comp>

<comp id="347" class="1005" name="p_0_2_0_0_0691717_lcssa764_reg_347">
<pin_list>
<pin id="348" dir="0" index="0" bw="10" slack="3"/>
<pin id="349" dir="1" index="1" bw="10" slack="3"/>
</pin_list>
<bind>
<opset="p_0_2_0_0_0691717_lcssa764 "/>
</bind>
</comp>

<comp id="352" class="1005" name="pixbuf_y_reg_352">
<pin_list>
<pin id="353" dir="0" index="0" bw="10" slack="3"/>
<pin id="354" dir="1" index="1" bw="10" slack="3"/>
</pin_list>
<bind>
<opset="pixbuf_y "/>
</bind>
</comp>

<comp id="357" class="1005" name="pixbuf_y_1_reg_357">
<pin_list>
<pin id="358" dir="0" index="0" bw="10" slack="2"/>
<pin id="359" dir="1" index="1" bw="10" slack="2"/>
</pin_list>
<bind>
<opset="pixbuf_y_1 "/>
</bind>
</comp>

<comp id="363" class="1005" name="pixbuf_y_2_reg_363">
<pin_list>
<pin id="364" dir="0" index="0" bw="10" slack="2"/>
<pin id="365" dir="1" index="1" bw="10" slack="2"/>
</pin_list>
<bind>
<opset="pixbuf_y_2 "/>
</bind>
</comp>

<comp id="369" class="1005" name="pixbuf_y_3_reg_369">
<pin_list>
<pin id="370" dir="0" index="0" bw="10" slack="2"/>
<pin id="371" dir="1" index="1" bw="10" slack="2"/>
</pin_list>
<bind>
<opset="pixbuf_y_3 "/>
</bind>
</comp>

<comp id="375" class="1005" name="pixbuf_y_4_reg_375">
<pin_list>
<pin id="376" dir="0" index="0" bw="10" slack="3"/>
<pin id="377" dir="1" index="1" bw="10" slack="3"/>
</pin_list>
<bind>
<opset="pixbuf_y_4 "/>
</bind>
</comp>

<comp id="381" class="1005" name="p_read_5_reg_381">
<pin_list>
<pin id="382" dir="0" index="0" bw="1" slack="1"/>
<pin id="383" dir="1" index="1" bw="1" slack="1"/>
</pin_list>
<bind>
<opset="p_read_5 "/>
</bind>
</comp>

<comp id="388" class="1005" name="pixbuf_y_9_loc_reg_388">
<pin_list>
<pin id="389" dir="0" index="0" bw="10" slack="3"/>
<pin id="390" dir="1" index="1" bw="10" slack="3"/>
</pin_list>
<bind>
<opset="pixbuf_y_9_loc "/>
</bind>
</comp>

<comp id="394" class="1005" name="WidthIn_read_reg_394">
<pin_list>
<pin id="395" dir="0" index="0" bw="16" slack="1"/>
<pin id="396" dir="1" index="1" bw="16" slack="1"/>
</pin_list>
<bind>
<opset="WidthIn_read "/>
</bind>
</comp>

<comp id="400" class="1005" name="loopHeight_reg_400">
<pin_list>
<pin id="401" dir="0" index="0" bw="16" slack="2"/>
<pin id="402" dir="1" index="1" bw="16" slack="2"/>
</pin_list>
<bind>
<opset="loopHeight "/>
</bind>
</comp>

<comp id="405" class="1005" name="select_ln1677_reg_405">
<pin_list>
<pin id="406" dir="0" index="0" bw="3" slack="2"/>
<pin id="407" dir="1" index="1" bw="3" slack="2"/>
</pin_list>
<bind>
<opset="select_ln1677 "/>
</bind>
</comp>

<comp id="410" class="1005" name="loopWidth_reg_410">
<pin_list>
<pin id="411" dir="0" index="0" bw="16" slack="2"/>
<pin id="412" dir="1" index="1" bw="16" slack="2"/>
</pin_list>
<bind>
<opset="loopWidth "/>
</bind>
</comp>

<comp id="415" class="1005" name="cmp36670_reg_415">
<pin_list>
<pin id="416" dir="0" index="0" bw="1" slack="4"/>
<pin id="417" dir="1" index="1" bw="1" slack="4"/>
</pin_list>
<bind>
<opset="cmp36670 "/>
</bind>
</comp>

<comp id="423" class="1005" name="pixbuf_y_1_load_reg_423">
<pin_list>
<pin id="424" dir="0" index="0" bw="10" slack="2"/>
<pin id="425" dir="1" index="1" bw="10" slack="2"/>
</pin_list>
<bind>
<opset="pixbuf_y_1_load "/>
</bind>
</comp>

<comp id="428" class="1005" name="pixbuf_y_2_load_reg_428">
<pin_list>
<pin id="429" dir="0" index="0" bw="10" slack="2"/>
<pin id="430" dir="1" index="1" bw="10" slack="2"/>
</pin_list>
<bind>
<opset="pixbuf_y_2_load "/>
</bind>
</comp>

<comp id="433" class="1005" name="pixbuf_y_3_load_reg_433">
<pin_list>
<pin id="434" dir="0" index="0" bw="10" slack="2"/>
<pin id="435" dir="1" index="1" bw="10" slack="2"/>
</pin_list>
<bind>
<opset="pixbuf_y_3_load "/>
</bind>
</comp>

</comp_list>

<net_list>
<net id="71"><net_src comp="10" pin="0"/><net_sink comp="68" pin=0"/></net>

<net id="75"><net_src comp="10" pin="0"/><net_sink comp="72" pin=0"/></net>

<net id="79"><net_src comp="10" pin="0"/><net_sink comp="76" pin=0"/></net>

<net id="83"><net_src comp="10" pin="0"/><net_sink comp="80" pin=0"/></net>

<net id="87"><net_src comp="10" pin="0"/><net_sink comp="84" pin=0"/></net>

<net id="91"><net_src comp="10" pin="0"/><net_sink comp="88" pin=0"/></net>

<net id="95"><net_src comp="10" pin="0"/><net_sink comp="92" pin=0"/></net>

<net id="99"><net_src comp="10" pin="0"/><net_sink comp="96" pin=0"/></net>

<net id="103"><net_src comp="10" pin="0"/><net_sink comp="100" pin=0"/></net>

<net id="107"><net_src comp="10" pin="0"/><net_sink comp="104" pin=0"/></net>

<net id="111"><net_src comp="10" pin="0"/><net_sink comp="108" pin=0"/></net>

<net id="115"><net_src comp="10" pin="0"/><net_sink comp="112" pin=0"/></net>

<net id="119"><net_src comp="10" pin="0"/><net_sink comp="116" pin=0"/></net>

<net id="123"><net_src comp="10" pin="0"/><net_sink comp="120" pin=0"/></net>

<net id="127"><net_src comp="10" pin="0"/><net_sink comp="124" pin=0"/></net>

<net id="131"><net_src comp="10" pin="0"/><net_sink comp="128" pin=0"/></net>

<net id="135"><net_src comp="10" pin="0"/><net_sink comp="132" pin=0"/></net>

<net id="139"><net_src comp="10" pin="0"/><net_sink comp="136" pin=0"/></net>

<net id="143"><net_src comp="14" pin="0"/><net_sink comp="140" pin=0"/></net>

<net id="148"><net_src comp="12" pin="0"/><net_sink comp="144" pin=0"/></net>

<net id="149"><net_src comp="6" pin="0"/><net_sink comp="144" pin=1"/></net>

<net id="154"><net_src comp="16" pin="0"/><net_sink comp="150" pin=0"/></net>

<net id="155"><net_src comp="4" pin="0"/><net_sink comp="150" pin=1"/></net>

<net id="160"><net_src comp="16" pin="0"/><net_sink comp="156" pin=0"/></net>

<net id="161"><net_src comp="2" pin="0"/><net_sink comp="156" pin=1"/></net>

<net id="192"><net_src comp="62" pin="0"/><net_sink comp="162" pin=0"/></net>

<net id="193"><net_src comp="8" pin="0"/><net_sink comp="162" pin=7"/></net>

<net id="194"><net_src comp="0" pin="0"/><net_sink comp="162" pin=11"/></net>

<net id="199"><net_src comp="18" pin="0"/><net_sink comp="195" pin=0"/></net>

<net id="205"><net_src comp="44" pin="0"/><net_sink comp="200" pin=1"/></net>

<net id="206"><net_src comp="46" pin="0"/><net_sink comp="200" pin=2"/></net>

<net id="212"><net_src comp="48" pin="0"/><net_sink comp="207" pin=1"/></net>

<net id="213"><net_src comp="50" pin="0"/><net_sink comp="207" pin=2"/></net>

<net id="218"><net_src comp="207" pin="3"/><net_sink comp="214" pin=1"/></net>

<net id="223"><net_src comp="214" pin="2"/><net_sink comp="219" pin=0"/></net>

<net id="224"><net_src comp="48" pin="0"/><net_sink comp="219" pin=1"/></net>

<net id="231"><net_src comp="225" pin="1"/><net_sink comp="228" pin=0"/></net>

<net id="236"><net_src comp="228" pin="1"/><net_sink comp="232" pin=0"/></net>

<net id="241"><net_src comp="225" pin="1"/><net_sink comp="237" pin=0"/></net>

<net id="242"><net_src comp="58" pin="0"/><net_sink comp="237" pin=1"/></net>

<net id="256"><net_src comp="237" pin="2"/><net_sink comp="252" pin=0"/></net>

<net id="260"><net_src comp="257" pin="1"/><net_sink comp="162" pin=5"/></net>

<net id="264"><net_src comp="261" pin="1"/><net_sink comp="162" pin=1"/></net>

<net id="273"><net_src comp="265" pin="1"/><net_sink comp="268" pin=1"/></net>

<net id="278"><net_src comp="265" pin="1"/><net_sink comp="274" pin=0"/></net>

<net id="283"><net_src comp="268" pin="3"/><net_sink comp="279" pin=0"/></net>

<net id="287"><net_src comp="68" pin="1"/><net_sink comp="284" pin=0"/></net>

<net id="288"><net_src comp="284" pin="1"/><net_sink comp="195" pin=1"/></net>

<net id="289"><net_src comp="284" pin="1"/><net_sink comp="225" pin=0"/></net>

<net id="290"><net_src comp="284" pin="1"/><net_sink comp="252" pin=1"/></net>

<net id="294"><net_src comp="72" pin="1"/><net_sink comp="291" pin=0"/></net>

<net id="295"><net_src comp="291" pin="1"/><net_sink comp="162" pin=27"/></net>

<net id="299"><net_src comp="76" pin="1"/><net_sink comp="296" pin=0"/></net>

<net id="300"><net_src comp="296" pin="1"/><net_sink comp="162" pin=26"/></net>

<net id="304"><net_src comp="80" pin="1"/><net_sink comp="301" pin=0"/></net>

<net id="305"><net_src comp="301" pin="1"/><net_sink comp="162" pin=25"/></net>

<net id="309"><net_src comp="84" pin="1"/><net_sink comp="306" pin=0"/></net>

<net id="310"><net_src comp="306" pin="1"/><net_sink comp="257" pin=0"/></net>

<net id="311"><net_src comp="306" pin="1"/><net_sink comp="279" pin=1"/></net>

<net id="315"><net_src comp="88" pin="1"/><net_sink comp="312" pin=0"/></net>

<net id="316"><net_src comp="312" pin="1"/><net_sink comp="162" pin=24"/></net>

<net id="320"><net_src comp="92" pin="1"/><net_sink comp="317" pin=0"/></net>

<net id="321"><net_src comp="317" pin="1"/><net_sink comp="162" pin=23"/></net>

<net id="325"><net_src comp="96" pin="1"/><net_sink comp="322" pin=0"/></net>

<net id="326"><net_src comp="322" pin="1"/><net_sink comp="162" pin=22"/></net>

<net id="330"><net_src comp="100" pin="1"/><net_sink comp="327" pin=0"/></net>

<net id="331"><net_src comp="327" pin="1"/><net_sink comp="162" pin=21"/></net>

<net id="335"><net_src comp="104" pin="1"/><net_sink comp="332" pin=0"/></net>

<net id="336"><net_src comp="332" pin="1"/><net_sink comp="162" pin=20"/></net>

<net id="340"><net_src comp="108" pin="1"/><net_sink comp="337" pin=0"/></net>

<net id="341"><net_src comp="337" pin="1"/><net_sink comp="162" pin=19"/></net>

<net id="345"><net_src comp="112" pin="1"/><net_sink comp="342" pin=0"/></net>

<net id="346"><net_src comp="342" pin="1"/><net_sink comp="162" pin=18"/></net>

<net id="350"><net_src comp="116" pin="1"/><net_sink comp="347" pin=0"/></net>

<net id="351"><net_src comp="347" pin="1"/><net_sink comp="162" pin=17"/></net>

<net id="355"><net_src comp="120" pin="1"/><net_sink comp="352" pin=0"/></net>

<net id="356"><net_src comp="352" pin="1"/><net_sink comp="162" pin=16"/></net>

<net id="360"><net_src comp="124" pin="1"/><net_sink comp="357" pin=0"/></net>

<net id="361"><net_src comp="357" pin="1"/><net_sink comp="243" pin=0"/></net>

<net id="362"><net_src comp="357" pin="1"/><net_sink comp="162" pin=15"/></net>

<net id="366"><net_src comp="128" pin="1"/><net_sink comp="363" pin=0"/></net>

<net id="367"><net_src comp="363" pin="1"/><net_sink comp="246" pin=0"/></net>

<net id="368"><net_src comp="363" pin="1"/><net_sink comp="162" pin=14"/></net>

<net id="372"><net_src comp="132" pin="1"/><net_sink comp="369" pin=0"/></net>

<net id="373"><net_src comp="369" pin="1"/><net_sink comp="249" pin=0"/></net>

<net id="374"><net_src comp="369" pin="1"/><net_sink comp="162" pin=13"/></net>

<net id="378"><net_src comp="136" pin="1"/><net_sink comp="375" pin=0"/></net>

<net id="379"><net_src comp="375" pin="1"/><net_sink comp="261" pin=0"/></net>

<net id="380"><net_src comp="375" pin="1"/><net_sink comp="274" pin=1"/></net>

<net id="384"><net_src comp="144" pin="2"/><net_sink comp="381" pin=0"/></net>

<net id="385"><net_src comp="381" pin="1"/><net_sink comp="200" pin=0"/></net>

<net id="386"><net_src comp="381" pin="1"/><net_sink comp="207" pin=0"/></net>

<net id="387"><net_src comp="381" pin="1"/><net_sink comp="162" pin=8"/></net>

<net id="391"><net_src comp="140" pin="1"/><net_sink comp="388" pin=0"/></net>

<net id="392"><net_src comp="388" pin="1"/><net_sink comp="162" pin=12"/></net>

<net id="393"><net_src comp="388" pin="1"/><net_sink comp="265" pin=0"/></net>

<net id="397"><net_src comp="150" pin="2"/><net_sink comp="394" pin=0"/></net>

<net id="398"><net_src comp="394" pin="1"/><net_sink comp="214" pin=0"/></net>

<net id="399"><net_src comp="394" pin="1"/><net_sink comp="162" pin=10"/></net>

<net id="403"><net_src comp="156" pin="2"/><net_sink comp="400" pin=0"/></net>

<net id="404"><net_src comp="400" pin="1"/><net_sink comp="232" pin=1"/></net>

<net id="408"><net_src comp="200" pin="3"/><net_sink comp="405" pin=0"/></net>

<net id="409"><net_src comp="405" pin="1"/><net_sink comp="162" pin=9"/></net>

<net id="413"><net_src comp="214" pin="2"/><net_sink comp="410" pin=0"/></net>

<net id="414"><net_src comp="410" pin="1"/><net_sink comp="162" pin=6"/></net>

<net id="418"><net_src comp="219" pin="2"/><net_sink comp="415" pin=0"/></net>

<net id="419"><net_src comp="415" pin="1"/><net_sink comp="268" pin=0"/></net>

<net id="426"><net_src comp="243" pin="1"/><net_sink comp="423" pin=0"/></net>

<net id="427"><net_src comp="423" pin="1"/><net_sink comp="162" pin=4"/></net>

<net id="431"><net_src comp="246" pin="1"/><net_sink comp="428" pin=0"/></net>

<net id="432"><net_src comp="428" pin="1"/><net_sink comp="162" pin=3"/></net>

<net id="436"><net_src comp="249" pin="1"/><net_sink comp="433" pin=0"/></net>

<net id="437"><net_src comp="433" pin="1"/><net_sink comp="162" pin=2"/></net>

</net_list>

</model> 
---------------- Datapath Model END ------------------

* FSMD analyzer results:
  - Output states:
	Port: stream_upsampled | {4 5 }
 - Input state : 
	Port: v_hcresampler_core.1 : stream_in | {4 5 }
	Port: v_hcresampler_core.1 : Height | {1 }
	Port: v_hcresampler_core.1 : WidthIn | {1 }
	Port: v_hcresampler_core.1 : p_read | {1 }
  - Chain level:
	State 1
		store_ln0 : 1
	State 2
		loopWidth : 1
		cmp36670 : 2
	State 3
		zext_ln1679 : 1
		icmp_ln1679 : 2
		add_ln1679 : 1
		br_ln1679 : 3
		store_ln1679 : 2
	State 4
		call_ln1677 : 1
	State 5
	State 6
		select_ln1655 : 1
		store_ln1655 : 1
		store_ln1655 : 2


============================================================
+ Verbose Summary: Datapath Resource usage 
============================================================

* Functional unit list:
|----------|------------------------------------------------------------|---------|---------|---------|
| Operation|                       Functional Unit                      |  Delay  |    FF   |   LUT   |
|----------|------------------------------------------------------------|---------|---------|---------|
|   call   | grp_v_hcresampler_core_1_Pipeline_VITIS_LOOP_1681_2_fu_162 |  1.588  |   122   |   317   |
|----------|------------------------------------------------------------|---------|---------|---------|
|   icmp   |                       cmp36670_fu_219                      |    0    |    0    |    23   |
|          |                     icmp_ln1679_fu_232                     |    0    |    0    |    23   |
|----------|------------------------------------------------------------|---------|---------|---------|
|    add   |                      loopWidth_fu_214                      |    0    |    0    |    23   |
|          |                      add_ln1679_fu_237                     |    0    |    0    |    20   |
|----------|------------------------------------------------------------|---------|---------|---------|
|          |                    select_ln1677_fu_200                    |    0    |    0    |    3    |
|  select  |                   select_ln1677_1_fu_207                   |    0    |    0    |    16   |
|          |                    select_ln1655_fu_268                    |    0    |    0    |    10   |
|----------|------------------------------------------------------------|---------|---------|---------|
|          |                    p_read_5_read_fu_144                    |    0    |    0    |    0    |
|   read   |                  WidthIn_read_read_fu_150                  |    0    |    0    |    0    |
|          |                   loopHeight_read_fu_156                   |    0    |    0    |    0    |
|----------|------------------------------------------------------------|---------|---------|---------|
|   zext   |                     zext_ln1679_fu_228                     |    0    |    0    |    0    |
|----------|------------------------------------------------------------|---------|---------|---------|
|   Total  |                                                            |  1.588  |   122   |   435   |
|----------|------------------------------------------------------------|---------|---------|---------|

Memories:
N/A

* Register list:
+----------------------------------------+--------+
|                                        |   FF   |
+----------------------------------------+--------+
|          WidthIn_read_reg_394          |   16   |
|            cmp36670_reg_415            |    1   |
|inpix_0_0_0_0_0_load679_lcssa725_reg_291|   10   |
|inpix_0_1_0_0_0_load681_lcssa728_reg_296|   10   |
|inpix_0_2_0_0_0_load683_lcssa731_reg_301|   10   |
|           loopHeight_reg_400           |   16   |
|            loopWidth_reg_410           |   16   |
|  p_0_0_0_0_0487_1695_lcssa743_reg_322  |   10   |
|  p_0_0_0_0_0487_2707_lcssa755_reg_332  |   10   |
|   p_0_0_0_0_0495685_lcssa734_reg_306   |   10   |
|    p_0_0_0_0_0_1701_lcssa749_reg_327   |   10   |
|    p_0_0_0_0_0_2710_lcssa758_reg_337   |   10   |
|   p_0_1_0_0_0687713_lcssa761_reg_342   |   10   |
|     p_0_1_0_0_0687_lcssa737_reg_312    |   10   |
|   p_0_2_0_0_0691717_lcssa764_reg_347   |   10   |
|     p_0_2_0_0_0691_lcssa740_reg_317    |   10   |
|            p_read_5_reg_381            |    1   |
|         pixbuf_y_1_load_reg_423        |   10   |
|           pixbuf_y_1_reg_357           |   10   |
|         pixbuf_y_2_load_reg_428        |   10   |
|           pixbuf_y_2_reg_363           |   10   |
|         pixbuf_y_3_load_reg_433        |   10   |
|           pixbuf_y_3_reg_369           |   10   |
|           pixbuf_y_4_reg_375           |   10   |
|         pixbuf_y_9_loc_reg_388         |   10   |
|            pixbuf_y_reg_352            |   10   |
|          select_ln1677_reg_405         |    3   |
|                y_reg_284               |   15   |
+----------------------------------------+--------+
|                  Total                 |   278  |
+----------------------------------------+--------+

* Multiplexer (MUX) list: 
|--------|------|------|------|--------|
|  Comp  |  Pin | Size |  BW  | S x BW |
|--------|------|------|------|--------|
|  Total |      |      |      |    0   |
|--------|------|------|------|--------|



* Summary:
+-----------+--------+--------+--------+
|           |  Delay |   FF   |   LUT  |
+-----------+--------+--------+--------+
|  Function |    1   |   122  |   435  |
|   Memory  |    -   |    -   |    -   |
|Multiplexer|    -   |    -   |    -   |
|  Register |    -   |   278  |    -   |
+-----------+--------+--------+--------+
|   Total   |    1   |   400  |   435  |
+-----------+--------+--------+--------+
