

================================================================
== Vitis HLS Report for 'v_hcresampler_core'
================================================================
* Date:           Fri Dec 22 12:33:06 2023

* Version:        2023.2 (Build 4023990 on Oct 11 2023)
* Project:        prj
* Solution:       sol (Vivado IP Flow Target)
* Product family: zynq
* Target device:  xc7z020-clg484-1


================================================================
== Performance Estimates
================================================================
+ Timing: 
    * Summary: 
    +--------+---------+----------+------------+
    |  Clock |  Target | Estimated| Uncertainty|
    +--------+---------+----------+------------+
    |ap_clk  |  7.00 ns|  5.253 ns|     1.89 ns|
    +--------+---------+----------+------------+

+ Latency: 
    * Summary: 
    +---------+------------+-----------+-----------+-----+------------+---------+
    |   Latency (cycles)   |   Latency (absolute)  |     Interval     | Pipeline|
    |   min   |     max    |    min    |    max    | min |     max    |   Type  |
    +---------+------------+-----------+-----------+-----+------------+---------+
    |        2|  1073971194|  14.000 ns|  7.518 sec|    2|  1073971194|       no|
    +---------+------------+-----------+-----------+-----+------------+---------+

    + Detail: 
        * Instance: 
        +----------------------------------------------------------+-----------------------------------------------+---------+---------+-----------+----------+-----+-------+---------+
        |                                                          |                                               |  Latency (cycles) |  Latency (absolute)  |   Interval  | Pipeline|
        |                         Instance                         |                     Module                    |   min   |   max   |    min    |    max   | min |  max  |   Type  |
        +----------------------------------------------------------+-----------------------------------------------+---------+---------+-----------+----------+-----+-------+---------+
        |grp_v_hcresampler_core_Pipeline_VITIS_LOOP_1681_2_fu_198  |v_hcresampler_core_Pipeline_VITIS_LOOP_1681_2  |        4|    32772|  28.000 ns|  0.229 ms|    4|  32772|       no|
        +----------------------------------------------------------+-----------------------------------------------+---------+---------+-----------+----------+-----+-------+---------+

        * Loop: 
        +---------------------+---------+------------+-----------+-----------+-----------+-----------+----------+
        |                     |   Latency (cycles)   | Iteration |  Initiation Interval  |    Trip   |          |
        |      Loop Name      |   min   |     max    |  Latency  |  achieved |   target  |   Count   | Pipelined|
        +---------------------+---------+------------+-----------+-----------+-----------+-----------+----------+
        |- VITIS_LOOP_1679_1  |        0|  1073971192|  8 ~ 32776|          -|          -|  0 ~ 32767|        no|
        +---------------------+---------+------------+-----------+-----------+-----------+-----------+----------+

============================================================
+ Verbose Summary: Synthesis Manager
============================================================
InlineROM: 1
ExposeGlobal: 0
============================================================
+ Verbose Summary: CDFG Model
============================================================
IsTopModel: 0
ResetActiveHigh: 1
IsCombinational: 2
IsDatapathOnly: 0
HasWiredReturn: 1
HasMFsm: 0
HasVarLatency: 1
IsPipeline: 0
IsRtlPipelined: 0
IsInstanceOverlapped: 0
IsDontTouch: 0
HasImplIP: 0
IsGatedGlobalClock: 0


============================================================
+ Verbose Summary: Schedule
============================================================
* Number of FSM states : 6
* Pipeline : 0
* Dataflow Pipeline: 0

* FSM state transitions: 
1 --> 2 
2 --> 3 
3 --> 4 
4 --> 5 
5 --> 6 
6 --> 3 

* FSM state operations: 

State 1 <SV = 0> <Delay = 5.11>
ST_1 : Operation 7 [1/1] (0.00ns)   --->   "%y = alloca i32 1"   --->   Operation 7 'alloca' 'y' <Predicate = true> <Delay = 0.00>
ST_1 : Operation 8 [1/1] (0.00ns)   --->   "%filt_res1 = alloca i32 1" [G:/Project-Workspace/zynq-7020-video-pipe-3/hw/video-pipe-hw-v5/hw_011223.runs/bd_8126_hsc_0_synth_1/prj/sol/.autopilot/db/v_hscaler.cpp:1648]   --->   Operation 8 'alloca' 'filt_res1' <Predicate = true> <Delay = 0.00>
ST_1 : Operation 9 [1/1] (0.00ns)   --->   "%inpix_0_0_0_0_0_load679_lcssa725 = alloca i32 1"   --->   Operation 9 'alloca' 'inpix_0_0_0_0_0_load679_lcssa725' <Predicate = true> <Delay = 0.00>
ST_1 : Operation 10 [1/1] (0.00ns)   --->   "%inpix_0_1_0_0_0_load681_lcssa728 = alloca i32 1"   --->   Operation 10 'alloca' 'inpix_0_1_0_0_0_load681_lcssa728' <Predicate = true> <Delay = 0.00>
ST_1 : Operation 11 [1/1] (0.00ns)   --->   "%inpix_0_2_0_0_0_load683_lcssa731 = alloca i32 1"   --->   Operation 11 'alloca' 'inpix_0_2_0_0_0_load683_lcssa731' <Predicate = true> <Delay = 0.00>
ST_1 : Operation 12 [1/1] (0.00ns)   --->   "%p_0_0_0_0_0495685_lcssa734 = alloca i32 1"   --->   Operation 12 'alloca' 'p_0_0_0_0_0495685_lcssa734' <Predicate = true> <Delay = 0.00>
ST_1 : Operation 13 [1/1] (0.00ns)   --->   "%p_0_1_0_0_0687_lcssa737 = alloca i32 1"   --->   Operation 13 'alloca' 'p_0_1_0_0_0687_lcssa737' <Predicate = true> <Delay = 0.00>
ST_1 : Operation 14 [1/1] (0.00ns)   --->   "%p_0_2_0_0_0691_lcssa740 = alloca i32 1"   --->   Operation 14 'alloca' 'p_0_2_0_0_0691_lcssa740' <Predicate = true> <Delay = 0.00>
ST_1 : Operation 15 [1/1] (0.00ns)   --->   "%p_0_0_0_0_0487_1695_lcssa743 = alloca i32 1"   --->   Operation 15 'alloca' 'p_0_0_0_0_0487_1695_lcssa743' <Predicate = true> <Delay = 0.00>
ST_1 : Operation 16 [1/1] (0.00ns)   --->   "%p_0_0_0_0_0_1701_lcssa749 = alloca i32 1"   --->   Operation 16 'alloca' 'p_0_0_0_0_0_1701_lcssa749' <Predicate = true> <Delay = 0.00>
ST_1 : Operation 17 [1/1] (0.00ns)   --->   "%p_0_0_0_0_0487_2707_lcssa755 = alloca i32 1"   --->   Operation 17 'alloca' 'p_0_0_0_0_0487_2707_lcssa755' <Predicate = true> <Delay = 0.00>
ST_1 : Operation 18 [1/1] (0.00ns)   --->   "%p_0_0_0_0_0_2710_lcssa758 = alloca i32 1"   --->   Operation 18 'alloca' 'p_0_0_0_0_0_2710_lcssa758' <Predicate = true> <Delay = 0.00>
ST_1 : Operation 19 [1/1] (0.00ns)   --->   "%p_0_1_0_0_0687713_lcssa761 = alloca i32 1"   --->   Operation 19 'alloca' 'p_0_1_0_0_0687713_lcssa761' <Predicate = true> <Delay = 0.00>
ST_1 : Operation 20 [1/1] (0.00ns)   --->   "%p_0_2_0_0_0691717_lcssa764 = alloca i32 1"   --->   Operation 20 'alloca' 'p_0_2_0_0_0691717_lcssa764' <Predicate = true> <Delay = 0.00>
ST_1 : Operation 21 [1/1] (0.00ns)   --->   "%pixbuf_y = alloca i32 1" [G:/Project-Workspace/zynq-7020-video-pipe-3/hw/video-pipe-hw-v5/hw_011223.runs/bd_8126_hsc_0_synth_1/prj/sol/.autopilot/db/v_hscaler.cpp:1655]   --->   Operation 21 'alloca' 'pixbuf_y' <Predicate = true> <Delay = 0.00>
ST_1 : Operation 22 [1/1] (0.00ns)   --->   "%pixbuf_y_11 = alloca i32 1" [G:/Project-Workspace/zynq-7020-video-pipe-3/hw/video-pipe-hw-v5/hw_011223.runs/bd_8126_hsc_0_synth_1/prj/sol/.autopilot/db/v_hscaler.cpp:1655]   --->   Operation 22 'alloca' 'pixbuf_y_11' <Predicate = true> <Delay = 0.00>
ST_1 : Operation 23 [1/1] (0.00ns)   --->   "%pixbuf_y_12 = alloca i32 1" [G:/Project-Workspace/zynq-7020-video-pipe-3/hw/video-pipe-hw-v5/hw_011223.runs/bd_8126_hsc_0_synth_1/prj/sol/.autopilot/db/v_hscaler.cpp:1655]   --->   Operation 23 'alloca' 'pixbuf_y_12' <Predicate = true> <Delay = 0.00>
ST_1 : Operation 24 [1/1] (0.00ns)   --->   "%pixbuf_y_13 = alloca i32 1" [G:/Project-Workspace/zynq-7020-video-pipe-3/hw/video-pipe-hw-v5/hw_011223.runs/bd_8126_hsc_0_synth_1/prj/sol/.autopilot/db/v_hscaler.cpp:1655]   --->   Operation 24 'alloca' 'pixbuf_y_13' <Predicate = true> <Delay = 0.00>
ST_1 : Operation 25 [1/1] (0.00ns)   --->   "%pixbuf_y_14 = alloca i32 1" [G:/Project-Workspace/zynq-7020-video-pipe-3/hw/video-pipe-hw-v5/hw_011223.runs/bd_8126_hsc_0_synth_1/prj/sol/.autopilot/db/v_hscaler.cpp:1655]   --->   Operation 25 'alloca' 'pixbuf_y_14' <Predicate = true> <Delay = 0.00>
ST_1 : Operation 26 [1/1] (2.55ns)   --->   "%p_read_6 = read i1 @_ssdm_op_Read.ap_auto.i1, i1 %p_read"   --->   Operation 26 'read' 'p_read_6' <Predicate = true> <Delay = 2.55> <CoreInst = "FIFO_SRL">   --->   Core 81 'FIFO_SRL' <Latency = 0> <II = 1> <Delay = 3.63> <Storage> <Opcode : 'read' 'write' 'nbread' 'nbwrite'> <Ports = 0> <Width = -1> <Depth = -1> <FIFO>
ST_1 : Operation 27 [1/1] (0.00ns)   --->   "%p_0_1_0_0_0687715_loc = alloca i64 1"   --->   Operation 27 'alloca' 'p_0_1_0_0_0687715_loc' <Predicate = true> <Delay = 0.00>
ST_1 : Operation 28 [1/1] (0.00ns)   --->   "%p_0_2_0_0_0691719_loc = alloca i64 1"   --->   Operation 28 'alloca' 'p_0_2_0_0_0691719_loc' <Predicate = true> <Delay = 0.00>
ST_1 : Operation 29 [1/1] (0.00ns)   --->   "%pixbuf_y_19_loc = alloca i64 1"   --->   Operation 29 'alloca' 'pixbuf_y_19_loc' <Predicate = true> <Delay = 0.00>
ST_1 : Operation 30 [1/1] (2.55ns)   --->   "%WidthOut_read = read i16 @_ssdm_op_Read.ap_fifo.i16P0A, i16 %WidthOut"   --->   Operation 30 'read' 'WidthOut_read' <Predicate = true> <Delay = 2.55> <CoreInst = "FIFO_SRL">   --->   Core 81 'FIFO_SRL' <Latency = 0> <II = 1> <Delay = 3.63> <Storage> <Opcode : 'read' 'write' 'nbread' 'nbwrite'> <Ports = 0> <Width = 16> <Depth = 2> <FIFO>
ST_1 : Operation 31 [1/1] (2.55ns)   --->   "%write_ln0 = write void @_ssdm_op_Write.ap_fifo.i16P0A, i16 %WidthOut_c21, i16 %WidthOut_read"   --->   Operation 31 'write' 'write_ln0' <Predicate = true> <Delay = 2.55> <CoreInst = "FIFO_SRL">   --->   Core 81 'FIFO_SRL' <Latency = 0> <II = 1> <Delay = 3.63> <Storage> <Opcode : 'read' 'write' 'nbread' 'nbwrite'> <Ports = 0> <Width = 16> <Depth = 2> <FIFO>
ST_1 : Operation 32 [1/1] (2.55ns)   --->   "%loopHeight = read i16 @_ssdm_op_Read.ap_fifo.i16P0A, i16 %Height"   --->   Operation 32 'read' 'loopHeight' <Predicate = true> <Delay = 2.55> <CoreInst = "FIFO_SRL">   --->   Core 81 'FIFO_SRL' <Latency = 0> <II = 1> <Delay = 3.63> <Storage> <Opcode : 'read' 'write' 'nbread' 'nbwrite'> <Ports = 0> <Width = 16> <Depth = 2> <FIFO>
ST_1 : Operation 33 [1/1] (2.55ns)   --->   "%write_ln0 = write void @_ssdm_op_Write.ap_fifo.i16P0A, i16 %Height_c17, i16 %loopHeight"   --->   Operation 33 'write' 'write_ln0' <Predicate = true> <Delay = 2.55> <CoreInst = "FIFO_SRL">   --->   Core 81 'FIFO_SRL' <Latency = 0> <II = 1> <Delay = 3.63> <Storage> <Opcode : 'read' 'write' 'nbread' 'nbwrite'> <Ports = 0> <Width = 16> <Depth = 2> <FIFO>
ST_1 : Operation 34 [1/1] (1.58ns)   --->   "%store_ln0 = store i15 0, i15 %y"   --->   Operation 34 'store' 'store_ln0' <Predicate = true> <Delay = 1.58>

State 2 <SV = 1> <Delay = 4.15>
ST_2 : Operation 35 [1/1] (0.00ns)   --->   "%specinterface_ln0 = specinterface void @_ssdm_op_SpecInterface, i16 %WidthOut, void @ap_fifo_str, i32 0, i32 0, void @p_str, i32 0, i32 0, void @p_str, void @p_str, void @p_str, i32 2, i32 2, i32 16, i32 16, void @p_str, void @ScalarProp_str, i32 4294967295, i32 0"   --->   Operation 35 'specinterface' 'specinterface_ln0' <Predicate = true> <Delay = 0.00>
ST_2 : Operation 36 [1/1] (0.00ns)   --->   "%specinterface_ln0 = specinterface void @_ssdm_op_SpecInterface, i16 %WidthOut_c21, void @ap_fifo_str, i32 0, i32 0, void @p_str, i32 0, i32 0, void @p_str, void @p_str, void @p_str, i32 2, i32 2, i32 16, i32 16, void @p_str, void @ScalarProp_str, i32 4294967295, i32 0"   --->   Operation 36 'specinterface' 'specinterface_ln0' <Predicate = true> <Delay = 0.00>
ST_2 : Operation 37 [1/1] (0.00ns)   --->   "%specinterface_ln0 = specinterface void @_ssdm_op_SpecInterface, i16 %Height, void @ap_fifo_str, i32 0, i32 0, void @p_str, i32 0, i32 0, void @p_str, void @p_str, void @p_str, i32 2, i32 2, i32 16, i32 16, void @p_str, void @ScalarProp_str, i32 4294967295, i32 0"   --->   Operation 37 'specinterface' 'specinterface_ln0' <Predicate = true> <Delay = 0.00>
ST_2 : Operation 38 [1/1] (0.00ns)   --->   "%specinterface_ln0 = specinterface void @_ssdm_op_SpecInterface, i16 %Height_c17, void @ap_fifo_str, i32 0, i32 0, void @p_str, i32 0, i32 0, void @p_str, void @p_str, void @p_str, i32 2, i32 2, i32 16, i32 16, void @p_str, void @ScalarProp_str, i32 4294967295, i32 0"   --->   Operation 38 'specinterface' 'specinterface_ln0' <Predicate = true> <Delay = 0.00>
ST_2 : Operation 39 [1/1] (0.00ns)   --->   "%specstablecontent_ln0 = specstablecontent void @_ssdm_op_SpecStableContent, i16 %WidthOut, void "   --->   Operation 39 'specstablecontent' 'specstablecontent_ln0' <Predicate = true> <Delay = 0.00>
ST_2 : Operation 40 [1/1] (0.00ns)   --->   "%specstablecontent_ln0 = specstablecontent void @_ssdm_op_SpecStableContent, i16 %Height, void "   --->   Operation 40 'specstablecontent' 'specstablecontent_ln0' <Predicate = true> <Delay = 0.00>
ST_2 : Operation 41 [1/1] (0.00ns)   --->   "%specinterface_ln0 = specinterface void @_ssdm_op_SpecInterface, i30 %stream_out_422, void @empty_23, i32 0, i32 0, void @empty_10, i32 0, i32 0, void @empty_10, void @empty_10, void @empty_10, i32 0, i32 0, i32 0, i32 0, void @empty_10, void @empty_10, i32 4294967295, i32 0"   --->   Operation 41 'specinterface' 'specinterface_ln0' <Predicate = true> <Delay = 0.00>
ST_2 : Operation 42 [1/1] (0.00ns)   --->   "%specinterface_ln0 = specinterface void @_ssdm_op_SpecInterface, i30 %stream_scaled_csc, void @empty_23, i32 0, i32 0, void @empty_10, i32 0, i32 0, void @empty_10, void @empty_10, void @empty_10, i32 0, i32 0, i32 0, i32 0, void @empty_10, void @empty_10, i32 4294967295, i32 0"   --->   Operation 42 'specinterface' 'specinterface_ln0' <Predicate = true> <Delay = 0.00>
ST_2 : Operation 43 [1/1] (0.99ns)   --->   "%select_ln1677 = select i1 %p_read_6, i2 0, i2 2" [G:/Project-Workspace/zynq-7020-video-pipe-3/hw/video-pipe-hw-v5/hw_011223.runs/bd_8126_hsc_0_synth_1/prj/sol/.autopilot/db/v_hscaler.cpp:1677]   --->   Operation 43 'select' 'select_ln1677' <Predicate = true> <Delay = 0.99> <CoreInst = "Sel">   --->   Core 73 'Sel' <Latency = 0> <II = 1> <Delay = 0.99> <FuncUnit> <Opcode : 'select'> <InPorts = 3> <OutPorts = 1>
ST_2 : Operation 44 [1/1] (0.00ns) (grouped into LUT with out node loopWidth)   --->   "%select_ln1677_2 = select i1 %p_read_6, i16 0, i16 2" [G:/Project-Workspace/zynq-7020-video-pipe-3/hw/video-pipe-hw-v5/hw_011223.runs/bd_8126_hsc_0_synth_1/prj/sol/.autopilot/db/v_hscaler.cpp:1677]   --->   Operation 44 'select' 'select_ln1677_2' <Predicate = true> <Delay = 0.00> <CoreInst = "Sel">   --->   Core 73 'Sel' <Latency = 0> <II = 1> <Delay = 0.98> <FuncUnit> <Opcode : 'select'> <InPorts = 3> <OutPorts = 1>
ST_2 : Operation 45 [1/1] (2.07ns) (out node of the LUT)   --->   "%loopWidth = add i16 %WidthOut_read, i16 %select_ln1677_2" [G:/Project-Workspace/zynq-7020-video-pipe-3/hw/video-pipe-hw-v5/hw_011223.runs/bd_8126_hsc_0_synth_1/prj/sol/.autopilot/db/v_hscaler.cpp:1677]   --->   Operation 45 'add' 'loopWidth' <Predicate = true> <Delay = 2.07> <CoreInst = "Adder">   --->   Core 1 'Adder' <Latency = 0> <II = 1> <Delay = 2.07> <FuncUnit> <Opcode : 'add' 'sub'> <InPorts = 2> <OutPorts = 1>
ST_2 : Operation 46 [1/1] (0.97ns)   --->   "%not_bPassThru_load = xor i1 %p_read_6, i1 1"   --->   Operation 46 'xor' 'not_bPassThru_load' <Predicate = true> <Delay = 0.97> <CoreInst = "LogicGate">   --->   Core 74 'LogicGate' <Latency = 0> <II = 1> <Delay = 0.97> <FuncUnit> <Opcode : 'and' 'or' 'xor'> <InPorts = 2> <OutPorts = 1>
ST_2 : Operation 47 [1/1] (2.07ns)   --->   "%cmp36670 = icmp_sgt  i16 %loopWidth, i16 0" [G:/Project-Workspace/zynq-7020-video-pipe-3/hw/video-pipe-hw-v5/hw_011223.runs/bd_8126_hsc_0_synth_1/prj/sol/.autopilot/db/v_hscaler.cpp:1677]   --->   Operation 47 'icmp' 'cmp36670' <Predicate = true> <Delay = 2.07> <CoreInst = "Cmp">   --->   Core 9 'Cmp' <Latency = 0> <II = 1> <Delay = 2.07> <FuncUnit> <Opcode : 'icmp'> <InPorts = 2> <OutPorts = 1>
ST_2 : Operation 48 [1/1] (0.00ns)   --->   "%br_ln1679 = br void %VITIS_LOOP_1681_2" [G:/Project-Workspace/zynq-7020-video-pipe-3/hw/video-pipe-hw-v5/hw_011223.runs/bd_8126_hsc_0_synth_1/prj/sol/.autopilot/db/v_hscaler.cpp:1679]   --->   Operation 48 'br' 'br_ln1679' <Predicate = true> <Delay = 0.00>

State 3 <SV = 2> <Delay = 3.66>
ST_3 : Operation 49 [1/1] (0.00ns)   --->   "%y_load = load i15 %y" [G:/Project-Workspace/zynq-7020-video-pipe-3/hw/video-pipe-hw-v5/hw_011223.runs/bd_8126_hsc_0_synth_1/prj/sol/.autopilot/db/v_hscaler.cpp:1679]   --->   Operation 49 'load' 'y_load' <Predicate = true> <Delay = 0.00>
ST_3 : Operation 50 [1/1] (0.00ns)   --->   "%zext_ln1679 = zext i15 %y_load" [G:/Project-Workspace/zynq-7020-video-pipe-3/hw/video-pipe-hw-v5/hw_011223.runs/bd_8126_hsc_0_synth_1/prj/sol/.autopilot/db/v_hscaler.cpp:1679]   --->   Operation 50 'zext' 'zext_ln1679' <Predicate = true> <Delay = 0.00>
ST_3 : Operation 51 [1/1] (2.07ns)   --->   "%icmp_ln1679 = icmp_slt  i16 %zext_ln1679, i16 %loopHeight" [G:/Project-Workspace/zynq-7020-video-pipe-3/hw/video-pipe-hw-v5/hw_011223.runs/bd_8126_hsc_0_synth_1/prj/sol/.autopilot/db/v_hscaler.cpp:1679]   --->   Operation 51 'icmp' 'icmp_ln1679' <Predicate = true> <Delay = 2.07> <CoreInst = "Cmp">   --->   Core 9 'Cmp' <Latency = 0> <II = 1> <Delay = 2.07> <FuncUnit> <Opcode : 'icmp'> <InPorts = 2> <OutPorts = 1>
ST_3 : Operation 52 [1/1] (0.00ns)   --->   "%speclooptripcount_ln0 = speclooptripcount void @_ssdm_op_SpecLoopTripCount, i64 0, i64 32767, i64 32767"   --->   Operation 52 'speclooptripcount' 'speclooptripcount_ln0' <Predicate = true> <Delay = 0.00>
ST_3 : Operation 53 [1/1] (1.94ns)   --->   "%add_ln1679 = add i15 %y_load, i15 1" [G:/Project-Workspace/zynq-7020-video-pipe-3/hw/video-pipe-hw-v5/hw_011223.runs/bd_8126_hsc_0_synth_1/prj/sol/.autopilot/db/v_hscaler.cpp:1679]   --->   Operation 53 'add' 'add_ln1679' <Predicate = true> <Delay = 1.94> <CoreInst = "Adder">   --->   Core 1 'Adder' <Latency = 0> <II = 1> <Delay = 1.94> <FuncUnit> <Opcode : 'add' 'sub'> <InPorts = 2> <OutPorts = 1>
ST_3 : Operation 54 [1/1] (0.00ns)   --->   "%br_ln1679 = br i1 %icmp_ln1679, void %for.end455.loopexit, void %VITIS_LOOP_1681_2.split" [G:/Project-Workspace/zynq-7020-video-pipe-3/hw/video-pipe-hw-v5/hw_011223.runs/bd_8126_hsc_0_synth_1/prj/sol/.autopilot/db/v_hscaler.cpp:1679]   --->   Operation 54 'br' 'br_ln1679' <Predicate = true> <Delay = 0.00>
ST_3 : Operation 55 [1/1] (0.00ns)   --->   "%pixbuf_y_11_load = load i10 %pixbuf_y_11"   --->   Operation 55 'load' 'pixbuf_y_11_load' <Predicate = (icmp_ln1679)> <Delay = 0.00>
ST_3 : Operation 56 [1/1] (0.00ns)   --->   "%pixbuf_y_12_load = load i10 %pixbuf_y_12"   --->   Operation 56 'load' 'pixbuf_y_12_load' <Predicate = (icmp_ln1679)> <Delay = 0.00>
ST_3 : Operation 57 [1/1] (0.00ns)   --->   "%pixbuf_y_13_load = load i10 %pixbuf_y_13"   --->   Operation 57 'load' 'pixbuf_y_13_load' <Predicate = (icmp_ln1679)> <Delay = 0.00>
ST_3 : Operation 58 [1/1] (0.00ns)   --->   "%empty = wait i32 @_ssdm_op_Wait"   --->   Operation 58 'wait' 'empty' <Predicate = (icmp_ln1679)> <Delay = 0.00>
ST_3 : Operation 59 [1/1] (1.58ns)   --->   "%store_ln1679 = store i15 %add_ln1679, i15 %y" [G:/Project-Workspace/zynq-7020-video-pipe-3/hw/video-pipe-hw-v5/hw_011223.runs/bd_8126_hsc_0_synth_1/prj/sol/.autopilot/db/v_hscaler.cpp:1679]   --->   Operation 59 'store' 'store_ln1679' <Predicate = (icmp_ln1679)> <Delay = 1.58>
ST_3 : Operation 60 [1/1] (0.00ns)   --->   "%ret_ln1837 = ret" [G:/Project-Workspace/zynq-7020-video-pipe-3/hw/video-pipe-hw-v5/hw_011223.runs/bd_8126_hsc_0_synth_1/prj/sol/.autopilot/db/v_hscaler.cpp:1837]   --->   Operation 60 'ret' 'ret_ln1837' <Predicate = (!icmp_ln1679)> <Delay = 0.00>

State 4 <SV = 3> <Delay = 3.66>
ST_4 : Operation 61 [1/1] (0.00ns)   --->   "%p_0_0_0_0_0495685_lcssa734_load = load i10 %p_0_0_0_0_0495685_lcssa734"   --->   Operation 61 'load' 'p_0_0_0_0_0495685_lcssa734_load' <Predicate = true> <Delay = 0.00>
ST_4 : Operation 62 [1/1] (0.00ns)   --->   "%p_0_1_0_0_0687_lcssa737_load = load i10 %p_0_1_0_0_0687_lcssa737"   --->   Operation 62 'load' 'p_0_1_0_0_0687_lcssa737_load' <Predicate = true> <Delay = 0.00>
ST_4 : Operation 63 [1/1] (0.00ns)   --->   "%p_0_2_0_0_0691_lcssa740_load = load i10 %p_0_2_0_0_0691_lcssa740"   --->   Operation 63 'load' 'p_0_2_0_0_0691_lcssa740_load' <Predicate = true> <Delay = 0.00>
ST_4 : Operation 64 [1/1] (0.00ns)   --->   "%p_0_1_0_0_0687713_lcssa761_load = load i10 %p_0_1_0_0_0687713_lcssa761"   --->   Operation 64 'load' 'p_0_1_0_0_0687713_lcssa761_load' <Predicate = true> <Delay = 0.00>
ST_4 : Operation 65 [1/1] (0.00ns)   --->   "%p_0_2_0_0_0691717_lcssa764_load = load i10 %p_0_2_0_0_0691717_lcssa764"   --->   Operation 65 'load' 'p_0_2_0_0_0691717_lcssa764_load' <Predicate = true> <Delay = 0.00>
ST_4 : Operation 66 [1/1] (0.00ns)   --->   "%pixbuf_y_14_load = load i10 %pixbuf_y_14"   --->   Operation 66 'load' 'pixbuf_y_14_load' <Predicate = true> <Delay = 0.00>
ST_4 : Operation 67 [2/2] (3.66ns)   --->   "%call_ln1677 = call void @v_hcresampler_core_Pipeline_VITIS_LOOP_1681_2, i10 %pixbuf_y_14_load, i10 %pixbuf_y_13_load, i10 %pixbuf_y_12_load, i10 %pixbuf_y_11_load, i10 %p_0_2_0_0_0691717_lcssa764_load, i10 %p_0_1_0_0_0687713_lcssa761_load, i10 %p_0_2_0_0_0691_lcssa740_load, i10 %p_0_1_0_0_0687_lcssa737_load, i10 %p_0_0_0_0_0495685_lcssa734_load, i16 %loopWidth, i30 %stream_out_422, i1 %p_read_6, i1 %not_bPassThru_load, i2 %select_ln1677, i16 %WidthOut_read, i30 %stream_scaled_csc, i10 %pixbuf_y_19_loc, i10 %pixbuf_y_13, i10 %pixbuf_y_12, i10 %pixbuf_y_11, i10 %pixbuf_y, i10 %p_0_2_0_0_0691719_loc, i10 %p_0_1_0_0_0687715_loc, i10 %p_0_0_0_0_0_2710_lcssa758, i10 %p_0_0_0_0_0487_2707_lcssa755, i10 %p_0_0_0_0_0_1701_lcssa749, i10 %p_0_0_0_0_0487_1695_lcssa743, i10 %inpix_0_2_0_0_0_load683_lcssa731, i10 %inpix_0_1_0_0_0_load681_lcssa728, i10 %inpix_0_0_0_0_0_load679_lcssa725, i64 %filt_res1" [G:/Project-Workspace/zynq-7020-video-pipe-3/hw/video-pipe-hw-v5/hw_011223.runs/bd_8126_hsc_0_synth_1/prj/sol/.autopilot/db/v_hscaler.cpp:1677]   --->   Operation 67 'call' 'call_ln1677' <Predicate = true> <Delay = 3.66> <CoreType = "Generic">   --->   Core 0 '' <Latency = 0> <II = 1> <Delay = 1.00> <Generic> <Opcode : >

State 5 <SV = 4> <Delay = 0.00>
ST_5 : Operation 68 [1/2] (0.00ns)   --->   "%call_ln1677 = call void @v_hcresampler_core_Pipeline_VITIS_LOOP_1681_2, i10 %pixbuf_y_14_load, i10 %pixbuf_y_13_load, i10 %pixbuf_y_12_load, i10 %pixbuf_y_11_load, i10 %p_0_2_0_0_0691717_lcssa764_load, i10 %p_0_1_0_0_0687713_lcssa761_load, i10 %p_0_2_0_0_0691_lcssa740_load, i10 %p_0_1_0_0_0687_lcssa737_load, i10 %p_0_0_0_0_0495685_lcssa734_load, i16 %loopWidth, i30 %stream_out_422, i1 %p_read_6, i1 %not_bPassThru_load, i2 %select_ln1677, i16 %WidthOut_read, i30 %stream_scaled_csc, i10 %pixbuf_y_19_loc, i10 %pixbuf_y_13, i10 %pixbuf_y_12, i10 %pixbuf_y_11, i10 %pixbuf_y, i10 %p_0_2_0_0_0691719_loc, i10 %p_0_1_0_0_0687715_loc, i10 %p_0_0_0_0_0_2710_lcssa758, i10 %p_0_0_0_0_0487_2707_lcssa755, i10 %p_0_0_0_0_0_1701_lcssa749, i10 %p_0_0_0_0_0487_1695_lcssa743, i10 %inpix_0_2_0_0_0_load683_lcssa731, i10 %inpix_0_1_0_0_0_load681_lcssa728, i10 %inpix_0_0_0_0_0_load679_lcssa725, i64 %filt_res1" [G:/Project-Workspace/zynq-7020-video-pipe-3/hw/video-pipe-hw-v5/hw_011223.runs/bd_8126_hsc_0_synth_1/prj/sol/.autopilot/db/v_hscaler.cpp:1677]   --->   Operation 68 'call' 'call_ln1677' <Predicate = true> <Delay = 0.00> <CoreType = "Generic">   --->   Core 0 '' <Latency = 0> <II = 1> <Delay = 1.00> <Generic> <Opcode : >

State 6 <SV = 5> <Delay = 0.68>
ST_6 : Operation 69 [1/1] (0.00ns)   --->   "%specloopname_ln1679 = specloopname void @_ssdm_op_SpecLoopName, void @empty_9" [G:/Project-Workspace/zynq-7020-video-pipe-3/hw/video-pipe-hw-v5/hw_011223.runs/bd_8126_hsc_0_synth_1/prj/sol/.autopilot/db/v_hscaler.cpp:1679]   --->   Operation 69 'specloopname' 'specloopname_ln1679' <Predicate = true> <Delay = 0.00>
ST_6 : Operation 70 [1/1] (0.00ns)   --->   "%pixbuf_y_19_loc_load = load i10 %pixbuf_y_19_loc"   --->   Operation 70 'load' 'pixbuf_y_19_loc_load' <Predicate = true> <Delay = 0.00>
ST_6 : Operation 71 [1/1] (0.00ns)   --->   "%p_0_2_0_0_0691719_loc_load = load i10 %p_0_2_0_0_0691719_loc"   --->   Operation 71 'load' 'p_0_2_0_0_0691719_loc_load' <Predicate = true> <Delay = 0.00>
ST_6 : Operation 72 [1/1] (0.00ns)   --->   "%p_0_1_0_0_0687715_loc_load = load i10 %p_0_1_0_0_0687715_loc"   --->   Operation 72 'load' 'p_0_1_0_0_0687715_loc_load' <Predicate = true> <Delay = 0.00>
ST_6 : Operation 73 [1/1] (0.68ns)   --->   "%select_ln1655 = select i1 %cmp36670, i10 %p_0_2_0_0_0691719_loc_load, i10 %p_0_2_0_0_0691_lcssa740_load" [G:/Project-Workspace/zynq-7020-video-pipe-3/hw/video-pipe-hw-v5/hw_011223.runs/bd_8126_hsc_0_synth_1/prj/sol/.autopilot/db/v_hscaler.cpp:1655]   --->   Operation 73 'select' 'select_ln1655' <Predicate = true> <Delay = 0.68> <CoreInst = "Sel">   --->   Core 73 'Sel' <Latency = 0> <II = 1> <Delay = 0.68> <FuncUnit> <Opcode : 'select'> <InPorts = 3> <OutPorts = 1>
ST_6 : Operation 74 [1/1] (0.68ns)   --->   "%select_ln1655_1 = select i1 %cmp36670, i10 %p_0_1_0_0_0687715_loc_load, i10 %p_0_1_0_0_0687_lcssa737_load" [G:/Project-Workspace/zynq-7020-video-pipe-3/hw/video-pipe-hw-v5/hw_011223.runs/bd_8126_hsc_0_synth_1/prj/sol/.autopilot/db/v_hscaler.cpp:1655]   --->   Operation 74 'select' 'select_ln1655_1' <Predicate = true> <Delay = 0.68> <CoreInst = "Sel">   --->   Core 73 'Sel' <Latency = 0> <II = 1> <Delay = 0.68> <FuncUnit> <Opcode : 'select'> <InPorts = 3> <OutPorts = 1>
ST_6 : Operation 75 [1/1] (0.68ns)   --->   "%select_ln1655_2 = select i1 %cmp36670, i10 %pixbuf_y_19_loc_load, i10 %p_0_0_0_0_0495685_lcssa734_load" [G:/Project-Workspace/zynq-7020-video-pipe-3/hw/video-pipe-hw-v5/hw_011223.runs/bd_8126_hsc_0_synth_1/prj/sol/.autopilot/db/v_hscaler.cpp:1655]   --->   Operation 75 'select' 'select_ln1655_2' <Predicate = true> <Delay = 0.68> <CoreInst = "Sel">   --->   Core 73 'Sel' <Latency = 0> <II = 1> <Delay = 0.68> <FuncUnit> <Opcode : 'select'> <InPorts = 3> <OutPorts = 1>
ST_6 : Operation 76 [1/1] (0.00ns)   --->   "%store_ln1655 = store i10 %pixbuf_y_19_loc_load, i10 %pixbuf_y_14" [G:/Project-Workspace/zynq-7020-video-pipe-3/hw/video-pipe-hw-v5/hw_011223.runs/bd_8126_hsc_0_synth_1/prj/sol/.autopilot/db/v_hscaler.cpp:1655]   --->   Operation 76 'store' 'store_ln1655' <Predicate = true> <Delay = 0.00>
ST_6 : Operation 77 [1/1] (0.00ns)   --->   "%store_ln0 = store i10 %p_0_2_0_0_0691719_loc_load, i10 %p_0_2_0_0_0691717_lcssa764"   --->   Operation 77 'store' 'store_ln0' <Predicate = true> <Delay = 0.00>
ST_6 : Operation 78 [1/1] (0.00ns)   --->   "%store_ln0 = store i10 %p_0_1_0_0_0687715_loc_load, i10 %p_0_1_0_0_0687713_lcssa761"   --->   Operation 78 'store' 'store_ln0' <Predicate = true> <Delay = 0.00>
ST_6 : Operation 79 [1/1] (0.00ns)   --->   "%store_ln1655 = store i10 %select_ln1655, i10 %p_0_2_0_0_0691_lcssa740" [G:/Project-Workspace/zynq-7020-video-pipe-3/hw/video-pipe-hw-v5/hw_011223.runs/bd_8126_hsc_0_synth_1/prj/sol/.autopilot/db/v_hscaler.cpp:1655]   --->   Operation 79 'store' 'store_ln1655' <Predicate = true> <Delay = 0.00>
ST_6 : Operation 80 [1/1] (0.00ns)   --->   "%store_ln1655 = store i10 %select_ln1655_1, i10 %p_0_1_0_0_0687_lcssa737" [G:/Project-Workspace/zynq-7020-video-pipe-3/hw/video-pipe-hw-v5/hw_011223.runs/bd_8126_hsc_0_synth_1/prj/sol/.autopilot/db/v_hscaler.cpp:1655]   --->   Operation 80 'store' 'store_ln1655' <Predicate = true> <Delay = 0.00>
ST_6 : Operation 81 [1/1] (0.00ns)   --->   "%store_ln1655 = store i10 %select_ln1655_2, i10 %p_0_0_0_0_0495685_lcssa734" [G:/Project-Workspace/zynq-7020-video-pipe-3/hw/video-pipe-hw-v5/hw_011223.runs/bd_8126_hsc_0_synth_1/prj/sol/.autopilot/db/v_hscaler.cpp:1655]   --->   Operation 81 'store' 'store_ln1655' <Predicate = true> <Delay = 0.00>
ST_6 : Operation 82 [1/1] (0.00ns)   --->   "%br_ln1679 = br void %VITIS_LOOP_1681_2" [G:/Project-Workspace/zynq-7020-video-pipe-3/hw/video-pipe-hw-v5/hw_011223.runs/bd_8126_hsc_0_synth_1/prj/sol/.autopilot/db/v_hscaler.cpp:1679]   --->   Operation 82 'br' 'br_ln1679' <Predicate = true> <Delay = 0.00>


============================================================
+ Verbose Summary: Binding
============================================================
STG Binding: 
---------------- STG Properties BEGIN ----------------
- Is combinational: 0
- Is one-state seq: 0
- Is datapath-only: 0
- Is pipelined: 0
- Is top level: 0
Port [ Return ] is wired: 1; IO mode=ap_ctrl_hs:ce=0
Port [ stream_scaled_csc]:  wired=1; compound=1; hidden=0; nouse=0; global=0; static=0; extern=0; dir=0; type=3; pingpong=0; private_global=0; IO mode=ap_fifo:ce=0
Port [ Height]:  wired=1; compound=1; hidden=0; nouse=0; global=0; static=0; extern=0; dir=0; type=3; pingpong=0; private_global=0; IO mode=ap_fifo:ce=0
Port [ WidthOut]:  wired=1; compound=1; hidden=0; nouse=0; global=0; static=0; extern=0; dir=0; type=3; pingpong=0; private_global=0; IO mode=ap_fifo:ce=0
Port [ p_read]:  wired=1; compound=0; hidden=0; nouse=0; global=0; static=0; extern=0; dir=0; type=0; pingpong=0; private_global=0; IO mode=ap_none:ce=0
Port [ stream_out_422]:  wired=1; compound=1; hidden=0; nouse=0; global=0; static=0; extern=0; dir=1; type=3; pingpong=0; private_global=0; IO mode=ap_fifo:ce=0
Port [ Height_c17]:  wired=1; compound=1; hidden=0; nouse=0; global=0; static=0; extern=0; dir=1; type=3; pingpong=0; private_global=0; IO mode=ap_fifo:ce=0
Port [ WidthOut_c21]:  wired=1; compound=1; hidden=0; nouse=0; global=0; static=0; extern=0; dir=1; type=3; pingpong=0; private_global=0; IO mode=ap_fifo:ce=0
---------------- STG Properties END ------------------

---------------- Datapath Model BEGIN ----------------

<LifeTime>
<method=bitvector/>
y                                (alloca           ) [ 0111111]
filt_res1                        (alloca           ) [ 0011111]
inpix_0_0_0_0_0_load679_lcssa725 (alloca           ) [ 0011111]
inpix_0_1_0_0_0_load681_lcssa728 (alloca           ) [ 0011111]
inpix_0_2_0_0_0_load683_lcssa731 (alloca           ) [ 0011111]
p_0_0_0_0_0495685_lcssa734       (alloca           ) [ 0011111]
p_0_1_0_0_0687_lcssa737          (alloca           ) [ 0011111]
p_0_2_0_0_0691_lcssa740          (alloca           ) [ 0011111]
p_0_0_0_0_0487_1695_lcssa743     (alloca           ) [ 0011111]
p_0_0_0_0_0_1701_lcssa749        (alloca           ) [ 0011111]
p_0_0_0_0_0487_2707_lcssa755     (alloca           ) [ 0011111]
p_0_0_0_0_0_2710_lcssa758        (alloca           ) [ 0011111]
p_0_1_0_0_0687713_lcssa761       (alloca           ) [ 0011111]
p_0_2_0_0_0691717_lcssa764       (alloca           ) [ 0011111]
pixbuf_y                         (alloca           ) [ 0011111]
pixbuf_y_11                      (alloca           ) [ 0011111]
pixbuf_y_12                      (alloca           ) [ 0011111]
pixbuf_y_13                      (alloca           ) [ 0011111]
pixbuf_y_14                      (alloca           ) [ 0011111]
p_read_6                         (read             ) [ 0011111]
p_0_1_0_0_0687715_loc            (alloca           ) [ 0011111]
p_0_2_0_0_0691719_loc            (alloca           ) [ 0011111]
pixbuf_y_19_loc                  (alloca           ) [ 0011111]
WidthOut_read                    (read             ) [ 0011111]
write_ln0                        (write            ) [ 0000000]
loopHeight                       (read             ) [ 0011111]
write_ln0                        (write            ) [ 0000000]
store_ln0                        (store            ) [ 0000000]
specinterface_ln0                (specinterface    ) [ 0000000]
specinterface_ln0                (specinterface    ) [ 0000000]
specinterface_ln0                (specinterface    ) [ 0000000]
specinterface_ln0                (specinterface    ) [ 0000000]
specstablecontent_ln0            (specstablecontent) [ 0000000]
specstablecontent_ln0            (specstablecontent) [ 0000000]
specinterface_ln0                (specinterface    ) [ 0000000]
specinterface_ln0                (specinterface    ) [ 0000000]
select_ln1677                    (select           ) [ 0001111]
select_ln1677_2                  (select           ) [ 0000000]
loopWidth                        (add              ) [ 0001111]
not_bPassThru_load               (xor              ) [ 0001111]
cmp36670                         (icmp             ) [ 0001111]
br_ln1679                        (br               ) [ 0000000]
y_load                           (load             ) [ 0000000]
zext_ln1679                      (zext             ) [ 0000000]
icmp_ln1679                      (icmp             ) [ 0001111]
speclooptripcount_ln0            (speclooptripcount) [ 0000000]
add_ln1679                       (add              ) [ 0000000]
br_ln1679                        (br               ) [ 0000000]
pixbuf_y_11_load                 (load             ) [ 0000110]
pixbuf_y_12_load                 (load             ) [ 0000110]
pixbuf_y_13_load                 (load             ) [ 0000110]
empty                            (wait             ) [ 0000000]
store_ln1679                     (store            ) [ 0000000]
ret_ln1837                       (ret              ) [ 0000000]
p_0_0_0_0_0495685_lcssa734_load  (load             ) [ 0000011]
p_0_1_0_0_0687_lcssa737_load     (load             ) [ 0000011]
p_0_2_0_0_0691_lcssa740_load     (load             ) [ 0000011]
p_0_1_0_0_0687713_lcssa761_load  (load             ) [ 0000010]
p_0_2_0_0_0691717_lcssa764_load  (load             ) [ 0000010]
pixbuf_y_14_load                 (load             ) [ 0000010]
call_ln1677                      (call             ) [ 0000000]
specloopname_ln1679              (specloopname     ) [ 0000000]
pixbuf_y_19_loc_load             (load             ) [ 0000000]
p_0_2_0_0_0691719_loc_load       (load             ) [ 0000000]
p_0_1_0_0_0687715_loc_load       (load             ) [ 0000000]
select_ln1655                    (select           ) [ 0000000]
select_ln1655_1                  (select           ) [ 0000000]
select_ln1655_2                  (select           ) [ 0000000]
store_ln1655                     (store            ) [ 0000000]
store_ln0                        (store            ) [ 0000000]
store_ln0                        (store            ) [ 0000000]
store_ln1655                     (store            ) [ 0000000]
store_ln1655                     (store            ) [ 0000000]
store_ln1655                     (store            ) [ 0000000]
br_ln1679                        (br               ) [ 0000000]
</LifeTime>

<model>

<comp_list>
<comp id="0" class="1000" name="stream_scaled_csc">
<pin_list>
<pin id="1" dir="1" index="0" bw="1" slack="0"/>
</pin_list>
<bind>
<StgValue><ssdm name="stream_scaled_csc"/></StgValue>
</bind>
</comp>

<comp id="2" class="1000" name="Height">
<pin_list>
<pin id="3" dir="1" index="0" bw="1" slack="0"/>
</pin_list>
<bind>
<StgValue><ssdm name="Height"/></StgValue>
</bind>
</comp>

<comp id="4" class="1000" name="WidthOut">
<pin_list>
<pin id="5" dir="1" index="0" bw="1" slack="0"/>
</pin_list>
<bind>
<StgValue><ssdm name="WidthOut"/></StgValue>
</bind>
</comp>

<comp id="6" class="1000" name="p_read">
<pin_list>
<pin id="7" dir="1" index="0" bw="1" slack="0"/>
</pin_list>
<bind>
<StgValue><ssdm name="p_read"/></StgValue>
</bind>
</comp>

<comp id="8" class="1000" name="stream_out_422">
<pin_list>
<pin id="9" dir="1" index="0" bw="1" slack="0"/>
</pin_list>
<bind>
<StgValue><ssdm name="stream_out_422"/></StgValue>
</bind>
</comp>

<comp id="10" class="1000" name="Height_c17">
<pin_list>
<pin id="11" dir="1" index="0" bw="1" slack="0"/>
</pin_list>
<bind>
<StgValue><ssdm name="Height_c17"/></StgValue>
</bind>
</comp>

<comp id="12" class="1000" name="WidthOut_c21">
<pin_list>
<pin id="13" dir="1" index="0" bw="1" slack="0"/>
</pin_list>
<bind>
<StgValue><ssdm name="WidthOut_c21"/></StgValue>
</bind>
</comp>

<comp id="14" class="1001" name="const_14">
<pin_list>
<pin id="15" dir="1" index="0" bw="1" slack="0"/>
</pin_list>
<bind>
<StgValue><ssdm name=""/></StgValue>
</bind>
</comp>

<comp id="16" class="1001" name="const_16">
<pin_list>
<pin id="17" dir="1" index="0" bw="1" slack="0"/>
</pin_list>
<bind>
<StgValue><ssdm name="_ssdm_op_Read.ap_auto.i1"/></StgValue>
</bind>
</comp>

<comp id="18" class="1001" name="const_18">
<pin_list>
<pin id="19" dir="1" index="0" bw="1" slack="0"/>
</pin_list>
<bind>
<StgValue><ssdm name=""/></StgValue>
</bind>
</comp>

<comp id="20" class="1001" name="const_20">
<pin_list>
<pin id="21" dir="1" index="0" bw="1" slack="0"/>
</pin_list>
<bind>
<StgValue><ssdm name="_ssdm_op_Read.ap_fifo.i16P0A"/></StgValue>
</bind>
</comp>

<comp id="22" class="1001" name="const_22">
<pin_list>
<pin id="23" dir="1" index="0" bw="1" slack="0"/>
</pin_list>
<bind>
<StgValue><ssdm name="_ssdm_op_Write.ap_fifo.i16P0A"/></StgValue>
</bind>
</comp>

<comp id="24" class="1001" name="const_24">
<pin_list>
<pin id="25" dir="1" index="0" bw="1" slack="0"/>
</pin_list>
<bind>
<StgValue><ssdm name=""/></StgValue>
</bind>
</comp>

<comp id="26" class="1001" name="const_26">
<pin_list>
<pin id="27" dir="1" index="0" bw="1" slack="2147483647"/>
</pin_list>
<bind>
<StgValue><ssdm name="_ssdm_op_SpecInterface"/></StgValue>
</bind>
</comp>

<comp id="28" class="1001" name="const_28">
<pin_list>
<pin id="29" dir="1" index="0" bw="1" slack="2147483647"/>
</pin_list>
<bind>
<StgValue><ssdm name="ap_fifo_str"/></StgValue>
</bind>
</comp>

<comp id="30" class="1001" name="const_30">
<pin_list>
<pin id="31" dir="1" index="0" bw="1" slack="2147483647"/>
</pin_list>
<bind>
<StgValue><ssdm name=""/></StgValue>
</bind>
</comp>

<comp id="32" class="1001" name="const_32">
<pin_list>
<pin id="33" dir="1" index="0" bw="1" slack="2147483647"/>
</pin_list>
<bind>
<StgValue><ssdm name="p_str"/></StgValue>
</bind>
</comp>

<comp id="34" class="1001" name="const_34">
<pin_list>
<pin id="35" dir="1" index="0" bw="1" slack="2147483647"/>
</pin_list>
<bind>
<StgValue><ssdm name=""/></StgValue>
</bind>
</comp>

<comp id="36" class="1001" name="const_36">
<pin_list>
<pin id="37" dir="1" index="0" bw="1" slack="2147483647"/>
</pin_list>
<bind>
<StgValue><ssdm name=""/></StgValue>
</bind>
</comp>

<comp id="38" class="1001" name="const_38">
<pin_list>
<pin id="39" dir="1" index="0" bw="1" slack="2147483647"/>
</pin_list>
<bind>
<StgValue><ssdm name="ScalarProp_str"/></StgValue>
</bind>
</comp>

<comp id="40" class="1001" name="const_40">
<pin_list>
<pin id="41" dir="1" index="0" bw="1" slack="2147483647"/>
</pin_list>
<bind>
<StgValue><ssdm name=""/></StgValue>
</bind>
</comp>

<comp id="42" class="1001" name="const_42">
<pin_list>
<pin id="43" dir="1" index="0" bw="1" slack="2147483647"/>
</pin_list>
<bind>
<StgValue><ssdm name="_ssdm_op_SpecStableContent"/></StgValue>
</bind>
</comp>

<comp id="44" class="1001" name="const_44">
<pin_list>
<pin id="45" dir="1" index="0" bw="1" slack="2147483647"/>
</pin_list>
<bind>
<StgValue><ssdm name=""/></StgValue>
</bind>
</comp>

<comp id="46" class="1001" name="const_46">
<pin_list>
<pin id="47" dir="1" index="0" bw="1" slack="2147483647"/>
</pin_list>
<bind>
<StgValue><ssdm name="empty_23"/></StgValue>
</bind>
</comp>

<comp id="48" class="1001" name="const_48">
<pin_list>
<pin id="49" dir="1" index="0" bw="1" slack="2147483647"/>
</pin_list>
<bind>
<StgValue><ssdm name="empty_10"/></StgValue>
</bind>
</comp>

<comp id="50" class="1001" name="const_50">
<pin_list>
<pin id="51" dir="1" index="0" bw="1" slack="0"/>
</pin_list>
<bind>
<StgValue><ssdm name=""/></StgValue>
</bind>
</comp>

<comp id="52" class="1001" name="const_52">
<pin_list>
<pin id="53" dir="1" index="0" bw="1" slack="0"/>
</pin_list>
<bind>
<StgValue><ssdm name=""/></StgValue>
</bind>
</comp>

<comp id="54" class="1001" name="const_54">
<pin_list>
<pin id="55" dir="1" index="0" bw="1" slack="0"/>
</pin_list>
<bind>
<StgValue><ssdm name=""/></StgValue>
</bind>
</comp>

<comp id="56" class="1001" name="const_56">
<pin_list>
<pin id="57" dir="1" index="0" bw="1" slack="0"/>
</pin_list>
<bind>
<StgValue><ssdm name=""/></StgValue>
</bind>
</comp>

<comp id="58" class="1001" name="const_58">
<pin_list>
<pin id="59" dir="1" index="0" bw="1" slack="0"/>
</pin_list>
<bind>
<StgValue><ssdm name=""/></StgValue>
</bind>
</comp>

<comp id="60" class="1001" name="const_60">
<pin_list>
<pin id="61" dir="1" index="0" bw="1" slack="2147483647"/>
</pin_list>
<bind>
<StgValue><ssdm name="_ssdm_op_SpecLoopTripCount"/></StgValue>
</bind>
</comp>

<comp id="62" class="1001" name="const_62">
<pin_list>
<pin id="63" dir="1" index="0" bw="1" slack="2147483647"/>
</pin_list>
<bind>
<StgValue><ssdm name=""/></StgValue>
</bind>
</comp>

<comp id="64" class="1001" name="const_64">
<pin_list>
<pin id="65" dir="1" index="0" bw="1" slack="2147483647"/>
</pin_list>
<bind>
<StgValue><ssdm name=""/></StgValue>
</bind>
</comp>

<comp id="66" class="1001" name="const_66">
<pin_list>
<pin id="67" dir="1" index="0" bw="1" slack="0"/>
</pin_list>
<bind>
<StgValue><ssdm name=""/></StgValue>
</bind>
</comp>

<comp id="68" class="1001" name="const_68">
<pin_list>
<pin id="69" dir="1" index="0" bw="1" slack="2147483647"/>
</pin_list>
<bind>
<StgValue><ssdm name="_ssdm_op_Wait"/></StgValue>
</bind>
</comp>

<comp id="70" class="1001" name="const_70">
<pin_list>
<pin id="71" dir="1" index="0" bw="1" slack="0"/>
</pin_list>
<bind>
<StgValue><ssdm name="v_hcresampler_core_Pipeline_VITIS_LOOP_1681_2"/></StgValue>
</bind>
</comp>

<comp id="72" class="1001" name="const_72">
<pin_list>
<pin id="73" dir="1" index="0" bw="1" slack="2147483647"/>
</pin_list>
<bind>
<StgValue><ssdm name="_ssdm_op_SpecLoopName"/></StgValue>
</bind>
</comp>

<comp id="74" class="1001" name="const_74">
<pin_list>
<pin id="75" dir="1" index="0" bw="1" slack="2147483647"/>
</pin_list>
<bind>
<StgValue><ssdm name="empty_9"/></StgValue>
</bind>
</comp>

<comp id="76" class="1004" name="y_fu_76">
<pin_list>
<pin id="77" dir="0" index="0" bw="1" slack="0"/>
<pin id="78" dir="1" index="1" bw="15" slack="0"/>
</pin_list>
<bind>
<opcode="alloca(26) " fcode="alloca"/>
<opset="y/1 "/>
</bind>
</comp>

<comp id="80" class="1004" name="filt_res1_fu_80">
<pin_list>
<pin id="81" dir="0" index="0" bw="1" slack="0"/>
<pin id="82" dir="1" index="1" bw="64" slack="3"/>
</pin_list>
<bind>
<opcode="alloca(26) " fcode="alloca"/>
<opset="filt_res1/1 "/>
</bind>
</comp>

<comp id="84" class="1004" name="inpix_0_0_0_0_0_load679_lcssa725_fu_84">
<pin_list>
<pin id="85" dir="0" index="0" bw="1" slack="0"/>
<pin id="86" dir="1" index="1" bw="10" slack="3"/>
</pin_list>
<bind>
<opcode="alloca(26) " fcode="alloca"/>
<opset="inpix_0_0_0_0_0_load679_lcssa725/1 "/>
</bind>
</comp>

<comp id="88" class="1004" name="inpix_0_1_0_0_0_load681_lcssa728_fu_88">
<pin_list>
<pin id="89" dir="0" index="0" bw="1" slack="0"/>
<pin id="90" dir="1" index="1" bw="10" slack="3"/>
</pin_list>
<bind>
<opcode="alloca(26) " fcode="alloca"/>
<opset="inpix_0_1_0_0_0_load681_lcssa728/1 "/>
</bind>
</comp>

<comp id="92" class="1004" name="inpix_0_2_0_0_0_load683_lcssa731_fu_92">
<pin_list>
<pin id="93" dir="0" index="0" bw="1" slack="0"/>
<pin id="94" dir="1" index="1" bw="10" slack="3"/>
</pin_list>
<bind>
<opcode="alloca(26) " fcode="alloca"/>
<opset="inpix_0_2_0_0_0_load683_lcssa731/1 "/>
</bind>
</comp>

<comp id="96" class="1004" name="p_0_0_0_0_0495685_lcssa734_fu_96">
<pin_list>
<pin id="97" dir="0" index="0" bw="1" slack="0"/>
<pin id="98" dir="1" index="1" bw="10" slack="3"/>
</pin_list>
<bind>
<opcode="alloca(26) " fcode="alloca"/>
<opset="p_0_0_0_0_0495685_lcssa734/1 "/>
</bind>
</comp>

<comp id="100" class="1004" name="p_0_1_0_0_0687_lcssa737_fu_100">
<pin_list>
<pin id="101" dir="0" index="0" bw="1" slack="0"/>
<pin id="102" dir="1" index="1" bw="10" slack="3"/>
</pin_list>
<bind>
<opcode="alloca(26) " fcode="alloca"/>
<opset="p_0_1_0_0_0687_lcssa737/1 "/>
</bind>
</comp>

<comp id="104" class="1004" name="p_0_2_0_0_0691_lcssa740_fu_104">
<pin_list>
<pin id="105" dir="0" index="0" bw="1" slack="0"/>
<pin id="106" dir="1" index="1" bw="10" slack="3"/>
</pin_list>
<bind>
<opcode="alloca(26) " fcode="alloca"/>
<opset="p_0_2_0_0_0691_lcssa740/1 "/>
</bind>
</comp>

<comp id="108" class="1004" name="p_0_0_0_0_0487_1695_lcssa743_fu_108">
<pin_list>
<pin id="109" dir="0" index="0" bw="1" slack="0"/>
<pin id="110" dir="1" index="1" bw="10" slack="3"/>
</pin_list>
<bind>
<opcode="alloca(26) " fcode="alloca"/>
<opset="p_0_0_0_0_0487_1695_lcssa743/1 "/>
</bind>
</comp>

<comp id="112" class="1004" name="p_0_0_0_0_0_1701_lcssa749_fu_112">
<pin_list>
<pin id="113" dir="0" index="0" bw="1" slack="0"/>
<pin id="114" dir="1" index="1" bw="10" slack="3"/>
</pin_list>
<bind>
<opcode="alloca(26) " fcode="alloca"/>
<opset="p_0_0_0_0_0_1701_lcssa749/1 "/>
</bind>
</comp>

<comp id="116" class="1004" name="p_0_0_0_0_0487_2707_lcssa755_fu_116">
<pin_list>
<pin id="117" dir="0" index="0" bw="1" slack="0"/>
<pin id="118" dir="1" index="1" bw="10" slack="3"/>
</pin_list>
<bind>
<opcode="alloca(26) " fcode="alloca"/>
<opset="p_0_0_0_0_0487_2707_lcssa755/1 "/>
</bind>
</comp>

<comp id="120" class="1004" name="p_0_0_0_0_0_2710_lcssa758_fu_120">
<pin_list>
<pin id="121" dir="0" index="0" bw="1" slack="0"/>
<pin id="122" dir="1" index="1" bw="10" slack="3"/>
</pin_list>
<bind>
<opcode="alloca(26) " fcode="alloca"/>
<opset="p_0_0_0_0_0_2710_lcssa758/1 "/>
</bind>
</comp>

<comp id="124" class="1004" name="p_0_1_0_0_0687713_lcssa761_fu_124">
<pin_list>
<pin id="125" dir="0" index="0" bw="1" slack="0"/>
<pin id="126" dir="1" index="1" bw="10" slack="3"/>
</pin_list>
<bind>
<opcode="alloca(26) " fcode="alloca"/>
<opset="p_0_1_0_0_0687713_lcssa761/1 "/>
</bind>
</comp>

<comp id="128" class="1004" name="p_0_2_0_0_0691717_lcssa764_fu_128">
<pin_list>
<pin id="129" dir="0" index="0" bw="1" slack="0"/>
<pin id="130" dir="1" index="1" bw="10" slack="3"/>
</pin_list>
<bind>
<opcode="alloca(26) " fcode="alloca"/>
<opset="p_0_2_0_0_0691717_lcssa764/1 "/>
</bind>
</comp>

<comp id="132" class="1004" name="pixbuf_y_fu_132">
<pin_list>
<pin id="133" dir="0" index="0" bw="1" slack="0"/>
<pin id="134" dir="1" index="1" bw="10" slack="3"/>
</pin_list>
<bind>
<opcode="alloca(26) " fcode="alloca"/>
<opset="pixbuf_y/1 "/>
</bind>
</comp>

<comp id="136" class="1004" name="pixbuf_y_11_fu_136">
<pin_list>
<pin id="137" dir="0" index="0" bw="1" slack="0"/>
<pin id="138" dir="1" index="1" bw="10" slack="2"/>
</pin_list>
<bind>
<opcode="alloca(26) " fcode="alloca"/>
<opset="pixbuf_y_11/1 "/>
</bind>
</comp>

<comp id="140" class="1004" name="pixbuf_y_12_fu_140">
<pin_list>
<pin id="141" dir="0" index="0" bw="1" slack="0"/>
<pin id="142" dir="1" index="1" bw="10" slack="2"/>
</pin_list>
<bind>
<opcode="alloca(26) " fcode="alloca"/>
<opset="pixbuf_y_12/1 "/>
</bind>
</comp>

<comp id="144" class="1004" name="pixbuf_y_13_fu_144">
<pin_list>
<pin id="145" dir="0" index="0" bw="1" slack="0"/>
<pin id="146" dir="1" index="1" bw="10" slack="2"/>
</pin_list>
<bind>
<opcode="alloca(26) " fcode="alloca"/>
<opset="pixbuf_y_13/1 "/>
</bind>
</comp>

<comp id="148" class="1004" name="pixbuf_y_14_fu_148">
<pin_list>
<pin id="149" dir="0" index="0" bw="1" slack="0"/>
<pin id="150" dir="1" index="1" bw="10" slack="3"/>
</pin_list>
<bind>
<opcode="alloca(26) " fcode="alloca"/>
<opset="pixbuf_y_14/1 "/>
</bind>
</comp>

<comp id="152" class="1004" name="p_0_1_0_0_0687715_loc_fu_152">
<pin_list>
<pin id="153" dir="0" index="0" bw="1" slack="0"/>
<pin id="154" dir="1" index="1" bw="10" slack="3"/>
</pin_list>
<bind>
<opcode="alloca(26) " fcode="alloca"/>
<opset="p_0_1_0_0_0687715_loc/1 "/>
</bind>
</comp>

<comp id="156" class="1004" name="p_0_2_0_0_0691719_loc_fu_156">
<pin_list>
<pin id="157" dir="0" index="0" bw="1" slack="0"/>
<pin id="158" dir="1" index="1" bw="10" slack="3"/>
</pin_list>
<bind>
<opcode="alloca(26) " fcode="alloca"/>
<opset="p_0_2_0_0_0691719_loc/1 "/>
</bind>
</comp>

<comp id="160" class="1004" name="pixbuf_y_19_loc_fu_160">
<pin_list>
<pin id="161" dir="0" index="0" bw="1" slack="0"/>
<pin id="162" dir="1" index="1" bw="10" slack="3"/>
</pin_list>
<bind>
<opcode="alloca(26) " fcode="alloca"/>
<opset="pixbuf_y_19_loc/1 "/>
</bind>
</comp>

<comp id="164" class="1004" name="p_read_6_read_fu_164">
<pin_list>
<pin id="165" dir="0" index="0" bw="1" slack="0"/>
<pin id="166" dir="0" index="1" bw="1" slack="0"/>
<pin id="167" dir="1" index="2" bw="1" slack="1"/>
</pin_list>
<bind>
<opcode="read(1150) " fcode="read"/>
<opset="p_read_6/1 "/>
</bind>
</comp>

<comp id="170" class="1004" name="WidthOut_read_read_fu_170">
<pin_list>
<pin id="171" dir="0" index="0" bw="16" slack="0"/>
<pin id="172" dir="0" index="1" bw="16" slack="0"/>
<pin id="173" dir="1" index="2" bw="16" slack="0"/>
</pin_list>
<bind>
<opcode="read(1150) " fcode="read"/>
<opset="WidthOut_read/1 "/>
</bind>
</comp>

<comp id="176" class="1004" name="write_ln0_write_fu_176">
<pin_list>
<pin id="177" dir="0" index="0" bw="0" slack="0"/>
<pin id="178" dir="0" index="1" bw="16" slack="0"/>
<pin id="179" dir="0" index="2" bw="16" slack="0"/>
<pin id="180" dir="1" index="3" bw="0" slack="2147483647"/>
</pin_list>
<bind>
<opcode="write(1151) " fcode="write"/>
<opset="write_ln0/1 "/>
</bind>
</comp>

<comp id="184" class="1004" name="loopHeight_read_fu_184">
<pin_list>
<pin id="185" dir="0" index="0" bw="16" slack="0"/>
<pin id="186" dir="0" index="1" bw="16" slack="0"/>
<pin id="187" dir="1" index="2" bw="16" slack="0"/>
</pin_list>
<bind>
<opcode="read(1150) " fcode="read"/>
<opset="loopHeight/1 "/>
</bind>
</comp>

<comp id="190" class="1004" name="write_ln0_write_fu_190">
<pin_list>
<pin id="191" dir="0" index="0" bw="0" slack="0"/>
<pin id="192" dir="0" index="1" bw="16" slack="0"/>
<pin id="193" dir="0" index="2" bw="16" slack="0"/>
<pin id="194" dir="1" index="3" bw="0" slack="2147483647"/>
</pin_list>
<bind>
<opcode="write(1151) " fcode="write"/>
<opset="write_ln0/1 "/>
</bind>
</comp>

<comp id="198" class="1004" name="grp_v_hcresampler_core_Pipeline_VITIS_LOOP_1681_2_fu_198">
<pin_list>
<pin id="199" dir="0" index="0" bw="0" slack="0"/>
<pin id="200" dir="0" index="1" bw="10" slack="0"/>
<pin id="201" dir="0" index="2" bw="10" slack="2"/>
<pin id="202" dir="0" index="3" bw="10" slack="2"/>
<pin id="203" dir="0" index="4" bw="10" slack="2"/>
<pin id="204" dir="0" index="5" bw="10" slack="0"/>
<pin id="205" dir="0" index="6" bw="10" slack="0"/>
<pin id="206" dir="0" index="7" bw="10" slack="0"/>
<pin id="207" dir="0" index="8" bw="10" slack="0"/>
<pin id="208" dir="0" index="9" bw="10" slack="0"/>
<pin id="209" dir="0" index="10" bw="16" slack="2"/>
<pin id="210" dir="0" index="11" bw="30" slack="0"/>
<pin id="211" dir="0" index="12" bw="1" slack="3"/>
<pin id="212" dir="0" index="13" bw="1" slack="2"/>
<pin id="213" dir="0" index="14" bw="2" slack="2"/>
<pin id="214" dir="0" index="15" bw="16" slack="3"/>
<pin id="215" dir="0" index="16" bw="30" slack="0"/>
<pin id="216" dir="0" index="17" bw="10" slack="3"/>
<pin id="217" dir="0" index="18" bw="10" slack="3"/>
<pin id="218" dir="0" index="19" bw="10" slack="3"/>
<pin id="219" dir="0" index="20" bw="10" slack="3"/>
<pin id="220" dir="0" index="21" bw="10" slack="3"/>
<pin id="221" dir="0" index="22" bw="10" slack="3"/>
<pin id="222" dir="0" index="23" bw="10" slack="3"/>
<pin id="223" dir="0" index="24" bw="10" slack="3"/>
<pin id="224" dir="0" index="25" bw="10" slack="3"/>
<pin id="225" dir="0" index="26" bw="10" slack="3"/>
<pin id="226" dir="0" index="27" bw="10" slack="3"/>
<pin id="227" dir="0" index="28" bw="10" slack="3"/>
<pin id="228" dir="0" index="29" bw="10" slack="3"/>
<pin id="229" dir="0" index="30" bw="10" slack="3"/>
<pin id="230" dir="0" index="31" bw="64" slack="3"/>
<pin id="231" dir="1" index="32" bw="0" slack="2147483647"/>
</pin_list>
<bind>
<opcode="call(48) " fcode="call"/>
<opset="call_ln1677/4 "/>
</bind>
</comp>

<comp id="235" class="1004" name="store_ln0_store_fu_235">
<pin_list>
<pin id="236" dir="0" index="0" bw="1" slack="0"/>
<pin id="237" dir="0" index="1" bw="15" slack="0"/>
<pin id="238" dir="1" index="2" bw="0" slack="2147483647"/>
</pin_list>
<bind>
<opcode="store(28) " fcode="store"/>
<opset="store_ln0/1 "/>
</bind>
</comp>

<comp id="240" class="1004" name="select_ln1677_fu_240">
<pin_list>
<pin id="241" dir="0" index="0" bw="1" slack="1"/>
<pin id="242" dir="0" index="1" bw="1" slack="0"/>
<pin id="243" dir="0" index="2" bw="2" slack="0"/>
<pin id="244" dir="1" index="3" bw="2" slack="2"/>
</pin_list>
<bind>
<opcode="select(49) " fcode="select"/>
<opset="select_ln1677/2 "/>
</bind>
</comp>

<comp id="247" class="1004" name="select_ln1677_2_fu_247">
<pin_list>
<pin id="248" dir="0" index="0" bw="1" slack="1"/>
<pin id="249" dir="0" index="1" bw="1" slack="0"/>
<pin id="250" dir="0" index="2" bw="3" slack="0"/>
<pin id="251" dir="1" index="3" bw="16" slack="0"/>
</pin_list>
<bind>
<opcode="select(49) " fcode="select"/>
<opset="select_ln1677_2/2 "/>
</bind>
</comp>

<comp id="254" class="1004" name="loopWidth_fu_254">
<pin_list>
<pin id="255" dir="0" index="0" bw="16" slack="1"/>
<pin id="256" dir="0" index="1" bw="3" slack="0"/>
<pin id="257" dir="1" index="2" bw="16" slack="0"/>
</pin_list>
<bind>
<opcode="add(8) " fcode="add"/>
<opset="loopWidth/2 "/>
</bind>
</comp>

<comp id="259" class="1004" name="not_bPassThru_load_fu_259">
<pin_list>
<pin id="260" dir="0" index="0" bw="1" slack="1"/>
<pin id="261" dir="0" index="1" bw="1" slack="0"/>
<pin id="262" dir="1" index="2" bw="1" slack="2"/>
</pin_list>
<bind>
<opcode="xor(25) " fcode="xor"/>
<opset="not_bPassThru_load/2 "/>
</bind>
</comp>

<comp id="264" class="1004" name="cmp36670_fu_264">
<pin_list>
<pin id="265" dir="0" index="0" bw="16" slack="0"/>
<pin id="266" dir="0" index="1" bw="1" slack="0"/>
<pin id="267" dir="1" index="2" bw="1" slack="4"/>
</pin_list>
<bind>
<opcode="icmp(45) " fcode="icmp"/>
<opset="cmp36670/2 "/>
</bind>
</comp>

<comp id="270" class="1004" name="y_load_load_fu_270">
<pin_list>
<pin id="271" dir="0" index="0" bw="15" slack="2"/>
<pin id="272" dir="1" index="1" bw="15" slack="0"/>
</pin_list>
<bind>
<opcode="load(27) " fcode="load"/>
<opset="y_load/3 "/>
</bind>
</comp>

<comp id="273" class="1004" name="zext_ln1679_fu_273">
<pin_list>
<pin id="274" dir="0" index="0" bw="15" slack="0"/>
<pin id="275" dir="1" index="1" bw="16" slack="0"/>
</pin_list>
<bind>
<opcode="zext(34) " fcode="zext"/>
<opset="zext_ln1679/3 "/>
</bind>
</comp>

<comp id="277" class="1004" name="icmp_ln1679_fu_277">
<pin_list>
<pin id="278" dir="0" index="0" bw="15" slack="0"/>
<pin id="279" dir="0" index="1" bw="16" slack="2"/>
<pin id="280" dir="1" index="2" bw="1" slack="2147483647"/>
</pin_list>
<bind>
<opcode="icmp(45) " fcode="icmp"/>
<opset="icmp_ln1679/3 "/>
</bind>
</comp>

<comp id="282" class="1004" name="add_ln1679_fu_282">
<pin_list>
<pin id="283" dir="0" index="0" bw="15" slack="0"/>
<pin id="284" dir="0" index="1" bw="1" slack="0"/>
<pin id="285" dir="1" index="2" bw="15" slack="0"/>
</pin_list>
<bind>
<opcode="add(8) " fcode="add"/>
<opset="add_ln1679/3 "/>
</bind>
</comp>

<comp id="288" class="1004" name="pixbuf_y_11_load_load_fu_288">
<pin_list>
<pin id="289" dir="0" index="0" bw="10" slack="2"/>
<pin id="290" dir="1" index="1" bw="10" slack="2"/>
</pin_list>
<bind>
<opcode="load(27) " fcode="load"/>
<opset="pixbuf_y_11_load/3 "/>
</bind>
</comp>

<comp id="291" class="1004" name="pixbuf_y_12_load_load_fu_291">
<pin_list>
<pin id="292" dir="0" index="0" bw="10" slack="2"/>
<pin id="293" dir="1" index="1" bw="10" slack="2"/>
</pin_list>
<bind>
<opcode="load(27) " fcode="load"/>
<opset="pixbuf_y_12_load/3 "/>
</bind>
</comp>

<comp id="294" class="1004" name="pixbuf_y_13_load_load_fu_294">
<pin_list>
<pin id="295" dir="0" index="0" bw="10" slack="2"/>
<pin id="296" dir="1" index="1" bw="10" slack="2"/>
</pin_list>
<bind>
<opcode="load(27) " fcode="load"/>
<opset="pixbuf_y_13_load/3 "/>
</bind>
</comp>

<comp id="297" class="1004" name="store_ln1679_store_fu_297">
<pin_list>
<pin id="298" dir="0" index="0" bw="15" slack="0"/>
<pin id="299" dir="0" index="1" bw="15" slack="2"/>
<pin id="300" dir="1" index="2" bw="0" slack="2147483647"/>
</pin_list>
<bind>
<opcode="store(28) " fcode="store"/>
<opset="store_ln1679/3 "/>
</bind>
</comp>

<comp id="302" class="1004" name="p_0_0_0_0_0495685_lcssa734_load_load_fu_302">
<pin_list>
<pin id="303" dir="0" index="0" bw="10" slack="3"/>
<pin id="304" dir="1" index="1" bw="10" slack="0"/>
</pin_list>
<bind>
<opcode="load(27) " fcode="load"/>
<opset="p_0_0_0_0_0495685_lcssa734_load/4 "/>
</bind>
</comp>

<comp id="306" class="1004" name="p_0_1_0_0_0687_lcssa737_load_load_fu_306">
<pin_list>
<pin id="307" dir="0" index="0" bw="10" slack="3"/>
<pin id="308" dir="1" index="1" bw="10" slack="0"/>
</pin_list>
<bind>
<opcode="load(27) " fcode="load"/>
<opset="p_0_1_0_0_0687_lcssa737_load/4 "/>
</bind>
</comp>

<comp id="310" class="1004" name="p_0_2_0_0_0691_lcssa740_load_load_fu_310">
<pin_list>
<pin id="311" dir="0" index="0" bw="10" slack="3"/>
<pin id="312" dir="1" index="1" bw="10" slack="0"/>
</pin_list>
<bind>
<opcode="load(27) " fcode="load"/>
<opset="p_0_2_0_0_0691_lcssa740_load/4 "/>
</bind>
</comp>

<comp id="314" class="1004" name="p_0_1_0_0_0687713_lcssa761_load_load_fu_314">
<pin_list>
<pin id="315" dir="0" index="0" bw="10" slack="3"/>
<pin id="316" dir="1" index="1" bw="10" slack="0"/>
</pin_list>
<bind>
<opcode="load(27) " fcode="load"/>
<opset="p_0_1_0_0_0687713_lcssa761_load/4 "/>
</bind>
</comp>

<comp id="318" class="1004" name="p_0_2_0_0_0691717_lcssa764_load_load_fu_318">
<pin_list>
<pin id="319" dir="0" index="0" bw="10" slack="3"/>
<pin id="320" dir="1" index="1" bw="10" slack="0"/>
</pin_list>
<bind>
<opcode="load(27) " fcode="load"/>
<opset="p_0_2_0_0_0691717_lcssa764_load/4 "/>
</bind>
</comp>

<comp id="322" class="1004" name="pixbuf_y_14_load_load_fu_322">
<pin_list>
<pin id="323" dir="0" index="0" bw="10" slack="3"/>
<pin id="324" dir="1" index="1" bw="10" slack="0"/>
</pin_list>
<bind>
<opcode="load(27) " fcode="load"/>
<opset="pixbuf_y_14_load/4 "/>
</bind>
</comp>

<comp id="326" class="1004" name="pixbuf_y_19_loc_load_load_fu_326">
<pin_list>
<pin id="327" dir="0" index="0" bw="10" slack="5"/>
<pin id="328" dir="1" index="1" bw="10" slack="0"/>
</pin_list>
<bind>
<opcode="load(27) " fcode="load"/>
<opset="pixbuf_y_19_loc_load/6 "/>
</bind>
</comp>

<comp id="329" class="1004" name="p_0_2_0_0_0691719_loc_load_load_fu_329">
<pin_list>
<pin id="330" dir="0" index="0" bw="10" slack="5"/>
<pin id="331" dir="1" index="1" bw="10" slack="0"/>
</pin_list>
<bind>
<opcode="load(27) " fcode="load"/>
<opset="p_0_2_0_0_0691719_loc_load/6 "/>
</bind>
</comp>

<comp id="332" class="1004" name="p_0_1_0_0_0687715_loc_load_load_fu_332">
<pin_list>
<pin id="333" dir="0" index="0" bw="10" slack="5"/>
<pin id="334" dir="1" index="1" bw="10" slack="0"/>
</pin_list>
<bind>
<opcode="load(27) " fcode="load"/>
<opset="p_0_1_0_0_0687715_loc_load/6 "/>
</bind>
</comp>

<comp id="335" class="1004" name="select_ln1655_fu_335">
<pin_list>
<pin id="336" dir="0" index="0" bw="1" slack="4"/>
<pin id="337" dir="0" index="1" bw="10" slack="0"/>
<pin id="338" dir="0" index="2" bw="10" slack="2147483647"/>
<pin id="339" dir="1" index="3" bw="10" slack="0"/>
</pin_list>
<bind>
<opcode="select(49) " fcode="select"/>
<opset="select_ln1655/6 "/>
</bind>
</comp>

<comp id="341" class="1004" name="select_ln1655_1_fu_341">
<pin_list>
<pin id="342" dir="0" index="0" bw="1" slack="4"/>
<pin id="343" dir="0" index="1" bw="10" slack="0"/>
<pin id="344" dir="0" index="2" bw="10" slack="2147483647"/>
<pin id="345" dir="1" index="3" bw="10" slack="0"/>
</pin_list>
<bind>
<opcode="select(49) " fcode="select"/>
<opset="select_ln1655_1/6 "/>
</bind>
</comp>

<comp id="347" class="1004" name="select_ln1655_2_fu_347">
<pin_list>
<pin id="348" dir="0" index="0" bw="1" slack="4"/>
<pin id="349" dir="0" index="1" bw="10" slack="0"/>
<pin id="350" dir="0" index="2" bw="10" slack="2147483647"/>
<pin id="351" dir="1" index="3" bw="10" slack="0"/>
</pin_list>
<bind>
<opcode="select(49) " fcode="select"/>
<opset="select_ln1655_2/6 "/>
</bind>
</comp>

<comp id="353" class="1004" name="store_ln1655_store_fu_353">
<pin_list>
<pin id="354" dir="0" index="0" bw="10" slack="0"/>
<pin id="355" dir="0" index="1" bw="10" slack="5"/>
<pin id="356" dir="1" index="2" bw="0" slack="2147483647"/>
</pin_list>
<bind>
<opcode="store(28) " fcode="store"/>
<opset="store_ln1655/6 "/>
</bind>
</comp>

<comp id="358" class="1004" name="store_ln0_store_fu_358">
<pin_list>
<pin id="359" dir="0" index="0" bw="10" slack="0"/>
<pin id="360" dir="0" index="1" bw="10" slack="5"/>
<pin id="361" dir="1" index="2" bw="0" slack="2147483647"/>
</pin_list>
<bind>
<opcode="store(28) " fcode="store"/>
<opset="store_ln0/6 "/>
</bind>
</comp>

<comp id="363" class="1004" name="store_ln0_store_fu_363">
<pin_list>
<pin id="364" dir="0" index="0" bw="10" slack="0"/>
<pin id="365" dir="0" index="1" bw="10" slack="5"/>
<pin id="366" dir="1" index="2" bw="0" slack="2147483647"/>
</pin_list>
<bind>
<opcode="store(28) " fcode="store"/>
<opset="store_ln0/6 "/>
</bind>
</comp>

<comp id="368" class="1004" name="store_ln1655_store_fu_368">
<pin_list>
<pin id="369" dir="0" index="0" bw="10" slack="0"/>
<pin id="370" dir="0" index="1" bw="10" slack="5"/>
<pin id="371" dir="1" index="2" bw="0" slack="2147483647"/>
</pin_list>
<bind>
<opcode="store(28) " fcode="store"/>
<opset="store_ln1655/6 "/>
</bind>
</comp>

<comp id="373" class="1004" name="store_ln1655_store_fu_373">
<pin_list>
<pin id="374" dir="0" index="0" bw="10" slack="0"/>
<pin id="375" dir="0" index="1" bw="10" slack="5"/>
<pin id="376" dir="1" index="2" bw="0" slack="2147483647"/>
</pin_list>
<bind>
<opcode="store(28) " fcode="store"/>
<opset="store_ln1655/6 "/>
</bind>
</comp>

<comp id="378" class="1004" name="store_ln1655_store_fu_378">
<pin_list>
<pin id="379" dir="0" index="0" bw="10" slack="0"/>
<pin id="380" dir="0" index="1" bw="10" slack="5"/>
<pin id="381" dir="1" index="2" bw="0" slack="2147483647"/>
</pin_list>
<bind>
<opcode="store(28) " fcode="store"/>
<opset="store_ln1655/6 "/>
</bind>
</comp>

<comp id="383" class="1005" name="y_reg_383">
<pin_list>
<pin id="384" dir="0" index="0" bw="15" slack="0"/>
<pin id="385" dir="1" index="1" bw="15" slack="0"/>
</pin_list>
<bind>
<opset="y "/>
</bind>
</comp>

<comp id="390" class="1005" name="filt_res1_reg_390">
<pin_list>
<pin id="391" dir="0" index="0" bw="64" slack="3"/>
<pin id="392" dir="1" index="1" bw="64" slack="3"/>
</pin_list>
<bind>
<opset="filt_res1 "/>
</bind>
</comp>

<comp id="395" class="1005" name="inpix_0_0_0_0_0_load679_lcssa725_reg_395">
<pin_list>
<pin id="396" dir="0" index="0" bw="10" slack="3"/>
<pin id="397" dir="1" index="1" bw="10" slack="3"/>
</pin_list>
<bind>
<opset="inpix_0_0_0_0_0_load679_lcssa725 "/>
</bind>
</comp>

<comp id="400" class="1005" name="inpix_0_1_0_0_0_load681_lcssa728_reg_400">
<pin_list>
<pin id="401" dir="0" index="0" bw="10" slack="3"/>
<pin id="402" dir="1" index="1" bw="10" slack="3"/>
</pin_list>
<bind>
<opset="inpix_0_1_0_0_0_load681_lcssa728 "/>
</bind>
</comp>

<comp id="405" class="1005" name="inpix_0_2_0_0_0_load683_lcssa731_reg_405">
<pin_list>
<pin id="406" dir="0" index="0" bw="10" slack="3"/>
<pin id="407" dir="1" index="1" bw="10" slack="3"/>
</pin_list>
<bind>
<opset="inpix_0_2_0_0_0_load683_lcssa731 "/>
</bind>
</comp>

<comp id="410" class="1005" name="p_0_0_0_0_0495685_lcssa734_reg_410">
<pin_list>
<pin id="411" dir="0" index="0" bw="10" slack="3"/>
<pin id="412" dir="1" index="1" bw="10" slack="3"/>
</pin_list>
<bind>
<opset="p_0_0_0_0_0495685_lcssa734 "/>
</bind>
</comp>

<comp id="416" class="1005" name="p_0_1_0_0_0687_lcssa737_reg_416">
<pin_list>
<pin id="417" dir="0" index="0" bw="10" slack="3"/>
<pin id="418" dir="1" index="1" bw="10" slack="3"/>
</pin_list>
<bind>
<opset="p_0_1_0_0_0687_lcssa737 "/>
</bind>
</comp>

<comp id="422" class="1005" name="p_0_2_0_0_0691_lcssa740_reg_422">
<pin_list>
<pin id="423" dir="0" index="0" bw="10" slack="3"/>
<pin id="424" dir="1" index="1" bw="10" slack="3"/>
</pin_list>
<bind>
<opset="p_0_2_0_0_0691_lcssa740 "/>
</bind>
</comp>

<comp id="428" class="1005" name="p_0_0_0_0_0487_1695_lcssa743_reg_428">
<pin_list>
<pin id="429" dir="0" index="0" bw="10" slack="3"/>
<pin id="430" dir="1" index="1" bw="10" slack="3"/>
</pin_list>
<bind>
<opset="p_0_0_0_0_0487_1695_lcssa743 "/>
</bind>
</comp>

<comp id="433" class="1005" name="p_0_0_0_0_0_1701_lcssa749_reg_433">
<pin_list>
<pin id="434" dir="0" index="0" bw="10" slack="3"/>
<pin id="435" dir="1" index="1" bw="10" slack="3"/>
</pin_list>
<bind>
<opset="p_0_0_0_0_0_1701_lcssa749 "/>
</bind>
</comp>

<comp id="438" class="1005" name="p_0_0_0_0_0487_2707_lcssa755_reg_438">
<pin_list>
<pin id="439" dir="0" index="0" bw="10" slack="3"/>
<pin id="440" dir="1" index="1" bw="10" slack="3"/>
</pin_list>
<bind>
<opset="p_0_0_0_0_0487_2707_lcssa755 "/>
</bind>
</comp>

<comp id="443" class="1005" name="p_0_0_0_0_0_2710_lcssa758_reg_443">
<pin_list>
<pin id="444" dir="0" index="0" bw="10" slack="3"/>
<pin id="445" dir="1" index="1" bw="10" slack="3"/>
</pin_list>
<bind>
<opset="p_0_0_0_0_0_2710_lcssa758 "/>
</bind>
</comp>

<comp id="448" class="1005" name="p_0_1_0_0_0687713_lcssa761_reg_448">
<pin_list>
<pin id="449" dir="0" index="0" bw="10" slack="3"/>
<pin id="450" dir="1" index="1" bw="10" slack="3"/>
</pin_list>
<bind>
<opset="p_0_1_0_0_0687713_lcssa761 "/>
</bind>
</comp>

<comp id="454" class="1005" name="p_0_2_0_0_0691717_lcssa764_reg_454">
<pin_list>
<pin id="455" dir="0" index="0" bw="10" slack="3"/>
<pin id="456" dir="1" index="1" bw="10" slack="3"/>
</pin_list>
<bind>
<opset="p_0_2_0_0_0691717_lcssa764 "/>
</bind>
</comp>

<comp id="460" class="1005" name="pixbuf_y_reg_460">
<pin_list>
<pin id="461" dir="0" index="0" bw="10" slack="3"/>
<pin id="462" dir="1" index="1" bw="10" slack="3"/>
</pin_list>
<bind>
<opset="pixbuf_y "/>
</bind>
</comp>

<comp id="465" class="1005" name="pixbuf_y_11_reg_465">
<pin_list>
<pin id="466" dir="0" index="0" bw="10" slack="2"/>
<pin id="467" dir="1" index="1" bw="10" slack="2"/>
</pin_list>
<bind>
<opset="pixbuf_y_11 "/>
</bind>
</comp>

<comp id="471" class="1005" name="pixbuf_y_12_reg_471">
<pin_list>
<pin id="472" dir="0" index="0" bw="10" slack="2"/>
<pin id="473" dir="1" index="1" bw="10" slack="2"/>
</pin_list>
<bind>
<opset="pixbuf_y_12 "/>
</bind>
</comp>

<comp id="477" class="1005" name="pixbuf_y_13_reg_477">
<pin_list>
<pin id="478" dir="0" index="0" bw="10" slack="2"/>
<pin id="479" dir="1" index="1" bw="10" slack="2"/>
</pin_list>
<bind>
<opset="pixbuf_y_13 "/>
</bind>
</comp>

<comp id="483" class="1005" name="pixbuf_y_14_reg_483">
<pin_list>
<pin id="484" dir="0" index="0" bw="10" slack="3"/>
<pin id="485" dir="1" index="1" bw="10" slack="3"/>
</pin_list>
<bind>
<opset="pixbuf_y_14 "/>
</bind>
</comp>

<comp id="489" class="1005" name="p_read_6_reg_489">
<pin_list>
<pin id="490" dir="0" index="0" bw="1" slack="1"/>
<pin id="491" dir="1" index="1" bw="1" slack="1"/>
</pin_list>
<bind>
<opset="p_read_6 "/>
</bind>
</comp>

<comp id="497" class="1005" name="p_0_1_0_0_0687715_loc_reg_497">
<pin_list>
<pin id="498" dir="0" index="0" bw="10" slack="3"/>
<pin id="499" dir="1" index="1" bw="10" slack="3"/>
</pin_list>
<bind>
<opset="p_0_1_0_0_0687715_loc "/>
</bind>
</comp>

<comp id="503" class="1005" name="p_0_2_0_0_0691719_loc_reg_503">
<pin_list>
<pin id="504" dir="0" index="0" bw="10" slack="3"/>
<pin id="505" dir="1" index="1" bw="10" slack="3"/>
</pin_list>
<bind>
<opset="p_0_2_0_0_0691719_loc "/>
</bind>
</comp>

<comp id="509" class="1005" name="pixbuf_y_19_loc_reg_509">
<pin_list>
<pin id="510" dir="0" index="0" bw="10" slack="3"/>
<pin id="511" dir="1" index="1" bw="10" slack="3"/>
</pin_list>
<bind>
<opset="pixbuf_y_19_loc "/>
</bind>
</comp>

<comp id="515" class="1005" name="WidthOut_read_reg_515">
<pin_list>
<pin id="516" dir="0" index="0" bw="16" slack="1"/>
<pin id="517" dir="1" index="1" bw="16" slack="1"/>
</pin_list>
<bind>
<opset="WidthOut_read "/>
</bind>
</comp>

<comp id="521" class="1005" name="loopHeight_reg_521">
<pin_list>
<pin id="522" dir="0" index="0" bw="16" slack="2"/>
<pin id="523" dir="1" index="1" bw="16" slack="2"/>
</pin_list>
<bind>
<opset="loopHeight "/>
</bind>
</comp>

<comp id="526" class="1005" name="select_ln1677_reg_526">
<pin_list>
<pin id="527" dir="0" index="0" bw="2" slack="2"/>
<pin id="528" dir="1" index="1" bw="2" slack="2"/>
</pin_list>
<bind>
<opset="select_ln1677 "/>
</bind>
</comp>

<comp id="531" class="1005" name="loopWidth_reg_531">
<pin_list>
<pin id="532" dir="0" index="0" bw="16" slack="2"/>
<pin id="533" dir="1" index="1" bw="16" slack="2"/>
</pin_list>
<bind>
<opset="loopWidth "/>
</bind>
</comp>

<comp id="536" class="1005" name="not_bPassThru_load_reg_536">
<pin_list>
<pin id="537" dir="0" index="0" bw="1" slack="2"/>
<pin id="538" dir="1" index="1" bw="1" slack="2"/>
</pin_list>
<bind>
<opset="not_bPassThru_load "/>
</bind>
</comp>

<comp id="541" class="1005" name="cmp36670_reg_541">
<pin_list>
<pin id="542" dir="0" index="0" bw="1" slack="4"/>
<pin id="543" dir="1" index="1" bw="1" slack="4"/>
</pin_list>
<bind>
<opset="cmp36670 "/>
</bind>
</comp>

<comp id="551" class="1005" name="pixbuf_y_11_load_reg_551">
<pin_list>
<pin id="552" dir="0" index="0" bw="10" slack="2"/>
<pin id="553" dir="1" index="1" bw="10" slack="2"/>
</pin_list>
<bind>
<opset="pixbuf_y_11_load "/>
</bind>
</comp>

<comp id="556" class="1005" name="pixbuf_y_12_load_reg_556">
<pin_list>
<pin id="557" dir="0" index="0" bw="10" slack="2"/>
<pin id="558" dir="1" index="1" bw="10" slack="2"/>
</pin_list>
<bind>
<opset="pixbuf_y_12_load "/>
</bind>
</comp>

<comp id="561" class="1005" name="pixbuf_y_13_load_reg_561">
<pin_list>
<pin id="562" dir="0" index="0" bw="10" slack="2"/>
<pin id="563" dir="1" index="1" bw="10" slack="2"/>
</pin_list>
<bind>
<opset="pixbuf_y_13_load "/>
</bind>
</comp>

</comp_list>

<net_list>
<net id="79"><net_src comp="14" pin="0"/><net_sink comp="76" pin=0"/></net>

<net id="83"><net_src comp="14" pin="0"/><net_sink comp="80" pin=0"/></net>

<net id="87"><net_src comp="14" pin="0"/><net_sink comp="84" pin=0"/></net>

<net id="91"><net_src comp="14" pin="0"/><net_sink comp="88" pin=0"/></net>

<net id="95"><net_src comp="14" pin="0"/><net_sink comp="92" pin=0"/></net>

<net id="99"><net_src comp="14" pin="0"/><net_sink comp="96" pin=0"/></net>

<net id="103"><net_src comp="14" pin="0"/><net_sink comp="100" pin=0"/></net>

<net id="107"><net_src comp="14" pin="0"/><net_sink comp="104" pin=0"/></net>

<net id="111"><net_src comp="14" pin="0"/><net_sink comp="108" pin=0"/></net>

<net id="115"><net_src comp="14" pin="0"/><net_sink comp="112" pin=0"/></net>

<net id="119"><net_src comp="14" pin="0"/><net_sink comp="116" pin=0"/></net>

<net id="123"><net_src comp="14" pin="0"/><net_sink comp="120" pin=0"/></net>

<net id="127"><net_src comp="14" pin="0"/><net_sink comp="124" pin=0"/></net>

<net id="131"><net_src comp="14" pin="0"/><net_sink comp="128" pin=0"/></net>

<net id="135"><net_src comp="14" pin="0"/><net_sink comp="132" pin=0"/></net>

<net id="139"><net_src comp="14" pin="0"/><net_sink comp="136" pin=0"/></net>

<net id="143"><net_src comp="14" pin="0"/><net_sink comp="140" pin=0"/></net>

<net id="147"><net_src comp="14" pin="0"/><net_sink comp="144" pin=0"/></net>

<net id="151"><net_src comp="14" pin="0"/><net_sink comp="148" pin=0"/></net>

<net id="155"><net_src comp="18" pin="0"/><net_sink comp="152" pin=0"/></net>

<net id="159"><net_src comp="18" pin="0"/><net_sink comp="156" pin=0"/></net>

<net id="163"><net_src comp="18" pin="0"/><net_sink comp="160" pin=0"/></net>

<net id="168"><net_src comp="16" pin="0"/><net_sink comp="164" pin=0"/></net>

<net id="169"><net_src comp="6" pin="0"/><net_sink comp="164" pin=1"/></net>

<net id="174"><net_src comp="20" pin="0"/><net_sink comp="170" pin=0"/></net>

<net id="175"><net_src comp="4" pin="0"/><net_sink comp="170" pin=1"/></net>

<net id="181"><net_src comp="22" pin="0"/><net_sink comp="176" pin=0"/></net>

<net id="182"><net_src comp="12" pin="0"/><net_sink comp="176" pin=1"/></net>

<net id="183"><net_src comp="170" pin="2"/><net_sink comp="176" pin=2"/></net>

<net id="188"><net_src comp="20" pin="0"/><net_sink comp="184" pin=0"/></net>

<net id="189"><net_src comp="2" pin="0"/><net_sink comp="184" pin=1"/></net>

<net id="195"><net_src comp="22" pin="0"/><net_sink comp="190" pin=0"/></net>

<net id="196"><net_src comp="10" pin="0"/><net_sink comp="190" pin=1"/></net>

<net id="197"><net_src comp="184" pin="2"/><net_sink comp="190" pin=2"/></net>

<net id="232"><net_src comp="70" pin="0"/><net_sink comp="198" pin=0"/></net>

<net id="233"><net_src comp="8" pin="0"/><net_sink comp="198" pin=11"/></net>

<net id="234"><net_src comp="0" pin="0"/><net_sink comp="198" pin=16"/></net>

<net id="239"><net_src comp="24" pin="0"/><net_sink comp="235" pin=0"/></net>

<net id="245"><net_src comp="50" pin="0"/><net_sink comp="240" pin=1"/></net>

<net id="246"><net_src comp="52" pin="0"/><net_sink comp="240" pin=2"/></net>

<net id="252"><net_src comp="54" pin="0"/><net_sink comp="247" pin=1"/></net>

<net id="253"><net_src comp="56" pin="0"/><net_sink comp="247" pin=2"/></net>

<net id="258"><net_src comp="247" pin="3"/><net_sink comp="254" pin=1"/></net>

<net id="263"><net_src comp="58" pin="0"/><net_sink comp="259" pin=1"/></net>

<net id="268"><net_src comp="254" pin="2"/><net_sink comp="264" pin=0"/></net>

<net id="269"><net_src comp="54" pin="0"/><net_sink comp="264" pin=1"/></net>

<net id="276"><net_src comp="270" pin="1"/><net_sink comp="273" pin=0"/></net>

<net id="281"><net_src comp="273" pin="1"/><net_sink comp="277" pin=0"/></net>

<net id="286"><net_src comp="270" pin="1"/><net_sink comp="282" pin=0"/></net>

<net id="287"><net_src comp="66" pin="0"/><net_sink comp="282" pin=1"/></net>

<net id="301"><net_src comp="282" pin="2"/><net_sink comp="297" pin=0"/></net>

<net id="305"><net_src comp="302" pin="1"/><net_sink comp="198" pin=9"/></net>

<net id="309"><net_src comp="306" pin="1"/><net_sink comp="198" pin=8"/></net>

<net id="313"><net_src comp="310" pin="1"/><net_sink comp="198" pin=7"/></net>

<net id="317"><net_src comp="314" pin="1"/><net_sink comp="198" pin=6"/></net>

<net id="321"><net_src comp="318" pin="1"/><net_sink comp="198" pin=5"/></net>

<net id="325"><net_src comp="322" pin="1"/><net_sink comp="198" pin=1"/></net>

<net id="340"><net_src comp="329" pin="1"/><net_sink comp="335" pin=1"/></net>

<net id="346"><net_src comp="332" pin="1"/><net_sink comp="341" pin=1"/></net>

<net id="352"><net_src comp="326" pin="1"/><net_sink comp="347" pin=1"/></net>

<net id="357"><net_src comp="326" pin="1"/><net_sink comp="353" pin=0"/></net>

<net id="362"><net_src comp="329" pin="1"/><net_sink comp="358" pin=0"/></net>

<net id="367"><net_src comp="332" pin="1"/><net_sink comp="363" pin=0"/></net>

<net id="372"><net_src comp="335" pin="3"/><net_sink comp="368" pin=0"/></net>

<net id="377"><net_src comp="341" pin="3"/><net_sink comp="373" pin=0"/></net>

<net id="382"><net_src comp="347" pin="3"/><net_sink comp="378" pin=0"/></net>

<net id="386"><net_src comp="76" pin="1"/><net_sink comp="383" pin=0"/></net>

<net id="387"><net_src comp="383" pin="1"/><net_sink comp="235" pin=1"/></net>

<net id="388"><net_src comp="383" pin="1"/><net_sink comp="270" pin=0"/></net>

<net id="389"><net_src comp="383" pin="1"/><net_sink comp="297" pin=1"/></net>

<net id="393"><net_src comp="80" pin="1"/><net_sink comp="390" pin=0"/></net>

<net id="394"><net_src comp="390" pin="1"/><net_sink comp="198" pin=31"/></net>

<net id="398"><net_src comp="84" pin="1"/><net_sink comp="395" pin=0"/></net>

<net id="399"><net_src comp="395" pin="1"/><net_sink comp="198" pin=30"/></net>

<net id="403"><net_src comp="88" pin="1"/><net_sink comp="400" pin=0"/></net>

<net id="404"><net_src comp="400" pin="1"/><net_sink comp="198" pin=29"/></net>

<net id="408"><net_src comp="92" pin="1"/><net_sink comp="405" pin=0"/></net>

<net id="409"><net_src comp="405" pin="1"/><net_sink comp="198" pin=28"/></net>

<net id="413"><net_src comp="96" pin="1"/><net_sink comp="410" pin=0"/></net>

<net id="414"><net_src comp="410" pin="1"/><net_sink comp="302" pin=0"/></net>

<net id="415"><net_src comp="410" pin="1"/><net_sink comp="378" pin=1"/></net>

<net id="419"><net_src comp="100" pin="1"/><net_sink comp="416" pin=0"/></net>

<net id="420"><net_src comp="416" pin="1"/><net_sink comp="306" pin=0"/></net>

<net id="421"><net_src comp="416" pin="1"/><net_sink comp="373" pin=1"/></net>

<net id="425"><net_src comp="104" pin="1"/><net_sink comp="422" pin=0"/></net>

<net id="426"><net_src comp="422" pin="1"/><net_sink comp="310" pin=0"/></net>

<net id="427"><net_src comp="422" pin="1"/><net_sink comp="368" pin=1"/></net>

<net id="431"><net_src comp="108" pin="1"/><net_sink comp="428" pin=0"/></net>

<net id="432"><net_src comp="428" pin="1"/><net_sink comp="198" pin=27"/></net>

<net id="436"><net_src comp="112" pin="1"/><net_sink comp="433" pin=0"/></net>

<net id="437"><net_src comp="433" pin="1"/><net_sink comp="198" pin=26"/></net>

<net id="441"><net_src comp="116" pin="1"/><net_sink comp="438" pin=0"/></net>

<net id="442"><net_src comp="438" pin="1"/><net_sink comp="198" pin=25"/></net>

<net id="446"><net_src comp="120" pin="1"/><net_sink comp="443" pin=0"/></net>

<net id="447"><net_src comp="443" pin="1"/><net_sink comp="198" pin=24"/></net>

<net id="451"><net_src comp="124" pin="1"/><net_sink comp="448" pin=0"/></net>

<net id="452"><net_src comp="448" pin="1"/><net_sink comp="314" pin=0"/></net>

<net id="453"><net_src comp="448" pin="1"/><net_sink comp="363" pin=1"/></net>

<net id="457"><net_src comp="128" pin="1"/><net_sink comp="454" pin=0"/></net>

<net id="458"><net_src comp="454" pin="1"/><net_sink comp="318" pin=0"/></net>

<net id="459"><net_src comp="454" pin="1"/><net_sink comp="358" pin=1"/></net>

<net id="463"><net_src comp="132" pin="1"/><net_sink comp="460" pin=0"/></net>

<net id="464"><net_src comp="460" pin="1"/><net_sink comp="198" pin=21"/></net>

<net id="468"><net_src comp="136" pin="1"/><net_sink comp="465" pin=0"/></net>

<net id="469"><net_src comp="465" pin="1"/><net_sink comp="288" pin=0"/></net>

<net id="470"><net_src comp="465" pin="1"/><net_sink comp="198" pin=20"/></net>

<net id="474"><net_src comp="140" pin="1"/><net_sink comp="471" pin=0"/></net>

<net id="475"><net_src comp="471" pin="1"/><net_sink comp="291" pin=0"/></net>

<net id="476"><net_src comp="471" pin="1"/><net_sink comp="198" pin=19"/></net>

<net id="480"><net_src comp="144" pin="1"/><net_sink comp="477" pin=0"/></net>

<net id="481"><net_src comp="477" pin="1"/><net_sink comp="294" pin=0"/></net>

<net id="482"><net_src comp="477" pin="1"/><net_sink comp="198" pin=18"/></net>

<net id="486"><net_src comp="148" pin="1"/><net_sink comp="483" pin=0"/></net>

<net id="487"><net_src comp="483" pin="1"/><net_sink comp="322" pin=0"/></net>

<net id="488"><net_src comp="483" pin="1"/><net_sink comp="353" pin=1"/></net>

<net id="492"><net_src comp="164" pin="2"/><net_sink comp="489" pin=0"/></net>

<net id="493"><net_src comp="489" pin="1"/><net_sink comp="240" pin=0"/></net>

<net id="494"><net_src comp="489" pin="1"/><net_sink comp="247" pin=0"/></net>

<net id="495"><net_src comp="489" pin="1"/><net_sink comp="259" pin=0"/></net>

<net id="496"><net_src comp="489" pin="1"/><net_sink comp="198" pin=12"/></net>

<net id="500"><net_src comp="152" pin="1"/><net_sink comp="497" pin=0"/></net>

<net id="501"><net_src comp="497" pin="1"/><net_sink comp="198" pin=23"/></net>

<net id="502"><net_src comp="497" pin="1"/><net_sink comp="332" pin=0"/></net>

<net id="506"><net_src comp="156" pin="1"/><net_sink comp="503" pin=0"/></net>

<net id="507"><net_src comp="503" pin="1"/><net_sink comp="198" pin=22"/></net>

<net id="508"><net_src comp="503" pin="1"/><net_sink comp="329" pin=0"/></net>

<net id="512"><net_src comp="160" pin="1"/><net_sink comp="509" pin=0"/></net>

<net id="513"><net_src comp="509" pin="1"/><net_sink comp="198" pin=17"/></net>

<net id="514"><net_src comp="509" pin="1"/><net_sink comp="326" pin=0"/></net>

<net id="518"><net_src comp="170" pin="2"/><net_sink comp="515" pin=0"/></net>

<net id="519"><net_src comp="515" pin="1"/><net_sink comp="254" pin=0"/></net>

<net id="520"><net_src comp="515" pin="1"/><net_sink comp="198" pin=15"/></net>

<net id="524"><net_src comp="184" pin="2"/><net_sink comp="521" pin=0"/></net>

<net id="525"><net_src comp="521" pin="1"/><net_sink comp="277" pin=1"/></net>

<net id="529"><net_src comp="240" pin="3"/><net_sink comp="526" pin=0"/></net>

<net id="530"><net_src comp="526" pin="1"/><net_sink comp="198" pin=14"/></net>

<net id="534"><net_src comp="254" pin="2"/><net_sink comp="531" pin=0"/></net>

<net id="535"><net_src comp="531" pin="1"/><net_sink comp="198" pin=10"/></net>

<net id="539"><net_src comp="259" pin="2"/><net_sink comp="536" pin=0"/></net>

<net id="540"><net_src comp="536" pin="1"/><net_sink comp="198" pin=13"/></net>

<net id="544"><net_src comp="264" pin="2"/><net_sink comp="541" pin=0"/></net>

<net id="545"><net_src comp="541" pin="1"/><net_sink comp="335" pin=0"/></net>

<net id="546"><net_src comp="541" pin="1"/><net_sink comp="341" pin=0"/></net>

<net id="547"><net_src comp="541" pin="1"/><net_sink comp="347" pin=0"/></net>

<net id="554"><net_src comp="288" pin="1"/><net_sink comp="551" pin=0"/></net>

<net id="555"><net_src comp="551" pin="1"/><net_sink comp="198" pin=4"/></net>

<net id="559"><net_src comp="291" pin="1"/><net_sink comp="556" pin=0"/></net>

<net id="560"><net_src comp="556" pin="1"/><net_sink comp="198" pin=3"/></net>

<net id="564"><net_src comp="294" pin="1"/><net_sink comp="561" pin=0"/></net>

<net id="565"><net_src comp="561" pin="1"/><net_sink comp="198" pin=2"/></net>

</net_list>

</model> 
---------------- Datapath Model END ------------------

* FSMD analyzer results:
  - Output states:
	Port: stream_out_422 | {4 5 }
	Port: Height_c17 | {1 }
	Port: WidthOut_c21 | {1 }
 - Input state : 
	Port: v_hcresampler_core : stream_scaled_csc | {4 5 }
	Port: v_hcresampler_core : Height | {1 }
	Port: v_hcresampler_core : WidthOut | {1 }
	Port: v_hcresampler_core : p_read | {1 }
  - Chain level:
	State 1
		store_ln0 : 1
	State 2
		loopWidth : 1
		cmp36670 : 2
	State 3
		zext_ln1679 : 1
		icmp_ln1679 : 2
		add_ln1679 : 1
		br_ln1679 : 3
		store_ln1679 : 2
	State 4
		call_ln1677 : 1
	State 5
	State 6
		select_ln1655 : 1
		select_ln1655_1 : 1
		select_ln1655_2 : 1
		store_ln1655 : 1
		store_ln0 : 1
		store_ln0 : 1
		store_ln1655 : 2
		store_ln1655 : 2
		store_ln1655 : 2


============================================================
+ Verbose Summary: Datapath Resource usage 
============================================================

* Functional unit list:
|----------|----------------------------------------------------------|---------|---------|---------|
| Operation|                      Functional Unit                     |  Delay  |    FF   |   LUT   |
|----------|----------------------------------------------------------|---------|---------|---------|
|   call   | grp_v_hcresampler_core_Pipeline_VITIS_LOOP_1681_2_fu_198 |  1.588  |   245   |   343   |
|----------|----------------------------------------------------------|---------|---------|---------|
|   icmp   |                      cmp36670_fu_264                     |    0    |    0    |    23   |
|          |                    icmp_ln1679_fu_277                    |    0    |    0    |    23   |
|----------|----------------------------------------------------------|---------|---------|---------|
|    add   |                     loopWidth_fu_254                     |    0    |    0    |    23   |
|          |                     add_ln1679_fu_282                    |    0    |    0    |    20   |
|----------|----------------------------------------------------------|---------|---------|---------|
|          |                   select_ln1677_fu_240                   |    0    |    0    |    2    |
|          |                  select_ln1677_2_fu_247                  |    0    |    0    |    3    |
|  select  |                   select_ln1655_fu_335                   |    0    |    0    |    10   |
|          |                  select_ln1655_1_fu_341                  |    0    |    0    |    10   |
|          |                  select_ln1655_2_fu_347                  |    0    |    0    |    10   |
|----------|----------------------------------------------------------|---------|---------|---------|
|    xor   |                 not_bPassThru_load_fu_259                |    0    |    0    |    2    |
|----------|----------------------------------------------------------|---------|---------|---------|
|          |                   p_read_6_read_fu_164                   |    0    |    0    |    0    |
|   read   |                 WidthOut_read_read_fu_170                |    0    |    0    |    0    |
|          |                  loopHeight_read_fu_184                  |    0    |    0    |    0    |
|----------|----------------------------------------------------------|---------|---------|---------|
|   write  |                  write_ln0_write_fu_176                  |    0    |    0    |    0    |
|          |                  write_ln0_write_fu_190                  |    0    |    0    |    0    |
|----------|----------------------------------------------------------|---------|---------|---------|
|   zext   |                    zext_ln1679_fu_273                    |    0    |    0    |    0    |
|----------|----------------------------------------------------------|---------|---------|---------|
|   Total  |                                                          |  1.588  |   245   |   469   |
|----------|----------------------------------------------------------|---------|---------|---------|

Memories:
N/A

* Register list:
+----------------------------------------+--------+
|                                        |   FF   |
+----------------------------------------+--------+
|          WidthOut_read_reg_515         |   16   |
|            cmp36670_reg_541            |    1   |
|            filt_res1_reg_390           |   64   |
|inpix_0_0_0_0_0_load679_lcssa725_reg_395|   10   |
|inpix_0_1_0_0_0_load681_lcssa728_reg_400|   10   |
|inpix_0_2_0_0_0_load683_lcssa731_reg_405|   10   |
|           loopHeight_reg_521           |   16   |
|            loopWidth_reg_531           |   16   |
|       not_bPassThru_load_reg_536       |    1   |
|  p_0_0_0_0_0487_1695_lcssa743_reg_428  |   10   |
|  p_0_0_0_0_0487_2707_lcssa755_reg_438  |   10   |
|   p_0_0_0_0_0495685_lcssa734_reg_410   |   10   |
|    p_0_0_0_0_0_1701_lcssa749_reg_433   |   10   |
|    p_0_0_0_0_0_2710_lcssa758_reg_443   |   10   |
|   p_0_1_0_0_0687713_lcssa761_reg_448   |   10   |
|      p_0_1_0_0_0687715_loc_reg_497     |   10   |
|     p_0_1_0_0_0687_lcssa737_reg_416    |   10   |
|   p_0_2_0_0_0691717_lcssa764_reg_454   |   10   |
|      p_0_2_0_0_0691719_loc_reg_503     |   10   |
|     p_0_2_0_0_0691_lcssa740_reg_422    |   10   |
|            p_read_6_reg_489            |    1   |
|        pixbuf_y_11_load_reg_551        |   10   |
|           pixbuf_y_11_reg_465          |   10   |
|        pixbuf_y_12_load_reg_556        |   10   |
|           pixbuf_y_12_reg_471          |   10   |
|        pixbuf_y_13_load_reg_561        |   10   |
|           pixbuf_y_13_reg_477          |   10   |
|           pixbuf_y_14_reg_483          |   10   |
|         pixbuf_y_19_loc_reg_509        |   10   |
|            pixbuf_y_reg_460            |   10   |
|          select_ln1677_reg_526         |    2   |
|                y_reg_383               |   15   |
+----------------------------------------+--------+
|                  Total                 |   362  |
+----------------------------------------+--------+

* Multiplexer (MUX) list: 
|--------|------|------|------|--------|
|  Comp  |  Pin | Size |  BW  | S x BW |
|--------|------|------|------|--------|
|  Total |      |      |      |    0   |
|--------|------|------|------|--------|



* Summary:
+-----------+--------+--------+--------+
|           |  Delay |   FF   |   LUT  |
+-----------+--------+--------+--------+
|  Function |    1   |   245  |   469  |
|   Memory  |    -   |    -   |    -   |
|Multiplexer|    -   |    -   |    -   |
|  Register |    -   |   362  |    -   |
+-----------+--------+--------+--------+
|   Total   |    1   |   607  |   469  |
+-----------+--------+--------+--------+
