================================================================
== Design Size Report
================================================================

* Total Instructions per Compilation Phase
+---------------+-----------------------------+--------------+----------------------------------------------------------------------------------------+
| Phase         | Step                        | Instructions | Description                                                                            |
+---------------+-----------------------------+--------------+----------------------------------------------------------------------------------------+
| Compile/Link  |                             | 5,110        | After all functions are compiled and linked into a single design                       |
|               |                             |              |                                                                                        |
| Unroll/Inline |                             |              | After user unroll and inline pragmas are applied                                       |
|               | (1) unroll                  | 1,935        | user unroll pragmas are applied                                                        |
|               | (2) simplification          | 1,231        | simplification of applied user unroll pragmas                                          |
|               | (3) inline                  | 1,299        | user inline pragmas are applied                                                        |
|               | (4) simplification          | 1,261        | simplification of applied user inline pragmas                                          |
|               |                             |              |                                                                                        |
| Array/Struct  |                             |              | After user array partition and struct aggregate/disaggregate pragmas are applied       |
|               | (1) array partition         | 1,187        | user array partition pragmas are applied                                               |
|               | (2) simplification          | 1,035        | simplification of applied user array partition & struct aggregate/disaggregate pragmas |
|               | (3) aggregate/disaggregate  | 1,045        | user struct aggregate/disaggregate pragmas are applied                                 |
|               | (4) array reshape           | 1,177        | apply array reshape pragmas                                                            |
|               | (5) access patterns         | 1,243        | array access pattern optmizations                                                      |
|               |                             |              |                                                                                        |
| Performance   |                             |              | After transformations are applied to meet performance pragma targets                   |
|               | (1) loop simplification     | 1,244        | loop and instruction simplification                                                    |
|               | (2) parallelization         | 1,222        | loops are unrolled or pipelined to meet performance targets                            |
|               | (3) array partition         | 1,149        | arrays are partitioned to meet performance targets                                     |
|               | (4) simplification          | 1,149        | simplification of design after performance transformations                             |
|               |                             |              |                                                                                        |
| HW Transforms |                             |              | After hardware transfomations                                                          |
|               | (1) lowering                | 1,092        | initial conversion to HW specific instructions                                         |
|               | (2) optimizations           | 1,035        | high level synthesis optimizations                                                     |
+---------------+-----------------------------+--------------+----------------------------------------------------------------------------------------+

* Instructions per Function for each Compilation Phase
+--------------------------------------+----------------------+----------------+----------------+----------------+----------------+----------------+
| Function                             | Location             | Compile/Link   | Unroll/Inline  | Array/Struct   | Performance    | HW Transforms  |
+--------------------------------------+----------------------+----------------+----------------+----------------+----------------+----------------+
| + v_vscaler                          | v_vscaler.cpp:104    | 5,110          | 1,261          | 1,243          | 1,149          | 1,035          |
|  + AXIvideo2MultiPixStream           | v_vscaler.cpp:788    | 1,439          |  229           |  233           |  168           |  147           |
|     Scalar                           | hls_video_core.h:196 |    5           |                |                |                |                |
|     reg<unsigned short>              | x_hls_utils.h:222    |    2 (2 calls) |    2 (2 calls) |    2 (2 calls) |    2 (2 calls) |    8 (2 calls) |
|   + AXIGetBitFields<24, ap_uint<...  | hls_axi_io.h:83      |  222 (3 calls) |                |                |                |                |
|      AXIGetBitFields<24, ap_uint<... | hls_axi_io.h:60      |  204 (3 calls) |                |                |                |                |
|  + v_vcresampler_core                | v_vscaler.cpp:1012   | 1,915          |  263           |  261           |  255           |  214           |
|     Scalar                           | hls_video_core.h:196 |   45 (9 calls) |                |                |                |                |
|     LineBuffer                       | hls_video_mem.h:637  |   16 (2 calls) |                |                |                |                |
|     getval                           | hls_video_mem.h:847  |   48 (3 calls) |                |                |                |                |
|   + insert_bottom                    | hls_video_mem.h:886  |   36 (2 calls) |                |                |                |                |
|      insert_top_row                  | hls_video_mem.h:802  |   26 (2 calls) |                |                |                |                |
|  + vscale_core_polyphase             | v_vscaler.cpp:196    |  806           |  561           |  519           |  517           |  481           |
|     Scalar                           | hls_video_core.h:196 |   20 (4 calls) |                |                |                |                |
|     LineBuffer                       | hls_video_mem.h:637  |    8           |                |                |                |                |
|     getval                           | hls_video_mem.h:847  |   16           |                |                |                |                |
|   + insert_bottom                    | hls_video_mem.h:886  |   18           |                |                |                |                |
|      insert_top_row                  | hls_video_mem.h:802  |   13           |                |                |                |                |
|     vscale_polyphase                 | v_vscaler.cpp:378    |  196           |                |                |                |                |
|  + MultiPixStream2AXIvideo           | v_vscaler.cpp:883    |  794           |  107           |  152           |  131           |  104           |
|     Scalar                           | hls_video_core.h:196 |    5           |                |                |                |                |
|     reg<unsigned short>              | x_hls_utils.h:222    |    2 (2 calls) |    2 (2 calls) |    2 (2 calls) |    2 (2 calls) |    8 (2 calls) |
+--------------------------------------+----------------------+----------------+----------------+----------------+----------------+----------------+

* Design Size Message Settings
+---------------------------------------------+--------+------------------------------------------------------------------+
| Message Setting                             | Value  | Description                                                      |
+---------------------------------------------+--------+------------------------------------------------------------------+
| config_compile -design_size_maximum_warning | 100000 | Show a warning when total design instructions exceeds this value |
+---------------------------------------------+--------+------------------------------------------------------------------+


