

================================================================
== Vitis HLS Report for 'AXIvideo2MultiPixStream_Pipeline_loop_width'
================================================================
* Date:           Wed Dec 20 19:01:09 2023

* Version:        2023.2 (Build 4023990 on Oct 11 2023)
* Project:        prj
* Solution:       sol (Vivado IP Flow Target)
* Product family: zynq
* Target device:  xc7z020-clg484-1


================================================================
== Performance Estimates
================================================================
+ Timing: 
    * Summary: 
    +--------+---------+----------+------------+
    |  Clock |  Target | Estimated| Uncertainty|
    +--------+---------+----------+------------+
    |ap_clk  |  7.00 ns|  5.815 ns|     1.89 ns|
    +--------+---------+----------+------------+

+ Latency: 
    * Summary: 
    +---------+---------+----------+-----------+-----+------+---------+
    |  Latency (cycles) |  Latency (absolute)  |  Interval  | Pipeline|
    |   min   |   max   |    min   |    max    | min |  max |   Type  |
    +---------+---------+----------+-----------+-----+------+---------+
    |       18|     1922|  0.126 us|  13.454 us|   18|  1922|       no|
    +---------+---------+----------+-----------+-----+------+---------+

    + Detail: 
        * Instance: 
        N/A

        * Loop: 
        +--------------+---------+---------+----------+-----------+-----------+-----------+----------+
        |              |  Latency (cycles) | Iteration|  Initiation Interval  |    Trip   |          |
        |   Loop Name  |   min   |   max   |  Latency |  achieved |   target  |   Count   | Pipelined|
        +--------------+---------+---------+----------+-----------+-----------+-----------+----------+
        |- loop_width  |       16|     1920|         2|          1|          1|  16 ~ 1920|       yes|
        +--------------+---------+---------+----------+-----------+-----------+-----------+----------+

============================================================
+ Verbose Summary: Synthesis Manager
============================================================
InlineROM: 1
ExposeGlobal: 0
============================================================
+ Verbose Summary: CDFG Model
============================================================
IsTopModel: 0
ResetActiveHigh: 1
IsCombinational: 0
IsDatapathOnly: 0
HasWiredReturn: 1
HasMFsm: 2
HasVarLatency: 1
IsPipeline: 0
IsRtlPipelined: 0
IsInstanceOverlapped: 0
IsDontTouch: 0
HasImplIP: 0
IsGatedGlobalClock: 0

+ Individual pipeline summary: 
  * Pipeline-0: initiation interval (II) = 1, depth = 2


============================================================
+ Verbose Summary: Schedule
============================================================
* Number of FSM states : 2
* Pipeline : 1
  Pipeline-0 : II = 1, D = 2, States = { 1 2 }
* Dataflow Pipeline: 0

* FSM state transitions: 
1 --> 2 
2 --> 

* FSM state operations: 

State 1 <SV = 0> <Delay = 5.81>
ST_1 : Operation 5 [1/1] (0.00ns)   --->   "%j = alloca i32 1" [G:/Project-Workspace/zynq-7020-video-pipe-3/hw/video-pipe-hw-v3/hw_011223.runs/bd_8126_hsc_0_synth_1/prj/sol/.autopilot/db/v_hscaler.cpp:1454]   --->   Operation 5 'alloca' 'j' <Predicate = true> <Delay = 0.00>
ST_1 : Operation 6 [1/1] (0.00ns)   --->   "%axi_data = alloca i32 1" [G:/Project-Workspace/zynq-7020-video-pipe-3/hw/video-pipe-hw-v3/hw_011223.runs/bd_8126_hsc_0_synth_1/prj/sol/.autopilot/db/v_hscaler.cpp:1425]   --->   Operation 6 'alloca' 'axi_data' <Predicate = true> <Delay = 0.00>
ST_1 : Operation 7 [1/1] (0.00ns)   --->   "%axi_last = alloca i32 1" [G:/Project-Workspace/zynq-7020-video-pipe-3/hw/video-pipe-hw-v3/hw_011223.runs/bd_8126_hsc_0_synth_1/prj/sol/.autopilot/db/v_hscaler.cpp:1425]   --->   Operation 7 'alloca' 'axi_last' <Predicate = true> <Delay = 0.00>
ST_1 : Operation 8 [1/1] (0.00ns)   --->   "%specaxissidechannel_ln0 = specaxissidechannel void @_ssdm_op_SpecAXISSideChannel, i24 %s_axis_video_V_data_V, i3 %s_axis_video_V_keep_V, i3 %s_axis_video_V_strb_V, i1 %s_axis_video_V_user_V, i1 %s_axis_video_V_last_V, i1 %s_axis_video_V_id_V, i1 %s_axis_video_V_dest_V, void @empty_3"   --->   Operation 8 'specaxissidechannel' 'specaxissidechannel_ln0' <Predicate = true> <Delay = 0.00>
ST_1 : Operation 9 [1/1] (0.00ns)   --->   "%specinterface_ln0 = specinterface void @_ssdm_op_SpecInterface, i24 %s_axis_video_V_data_V, void @empty_2, i32 0, i32 0, void @empty_11, i32 0, i32 0, void @empty_10, void @empty_10, void @empty_10, i32 0, i32 0, i32 0, i32 0, void @empty_10, void @empty_10, i32 4294967295, i32 0"   --->   Operation 9 'specinterface' 'specinterface_ln0' <Predicate = true> <Delay = 0.00>
ST_1 : Operation 10 [1/1] (0.00ns)   --->   "%specinterface_ln0 = specinterface void @_ssdm_op_SpecInterface, i3 %s_axis_video_V_keep_V, void @empty_2, i32 0, i32 0, void @empty_11, i32 0, i32 0, void @empty_10, void @empty_10, void @empty_10, i32 0, i32 0, i32 0, i32 0, void @empty_10, void @empty_10, i32 4294967295, i32 0"   --->   Operation 10 'specinterface' 'specinterface_ln0' <Predicate = true> <Delay = 0.00>
ST_1 : Operation 11 [1/1] (0.00ns)   --->   "%specinterface_ln0 = specinterface void @_ssdm_op_SpecInterface, i3 %s_axis_video_V_strb_V, void @empty_2, i32 0, i32 0, void @empty_11, i32 0, i32 0, void @empty_10, void @empty_10, void @empty_10, i32 0, i32 0, i32 0, i32 0, void @empty_10, void @empty_10, i32 4294967295, i32 0"   --->   Operation 11 'specinterface' 'specinterface_ln0' <Predicate = true> <Delay = 0.00>
ST_1 : Operation 12 [1/1] (0.00ns)   --->   "%specinterface_ln0 = specinterface void @_ssdm_op_SpecInterface, i1 %s_axis_video_V_user_V, void @empty_2, i32 0, i32 0, void @empty_11, i32 0, i32 0, void @empty_10, void @empty_10, void @empty_10, i32 0, i32 0, i32 0, i32 0, void @empty_10, void @empty_10, i32 4294967295, i32 0"   --->   Operation 12 'specinterface' 'specinterface_ln0' <Predicate = true> <Delay = 0.00>
ST_1 : Operation 13 [1/1] (0.00ns)   --->   "%specinterface_ln0 = specinterface void @_ssdm_op_SpecInterface, i1 %s_axis_video_V_last_V, void @empty_2, i32 0, i32 0, void @empty_11, i32 0, i32 0, void @empty_10, void @empty_10, void @empty_10, i32 0, i32 0, i32 0, i32 0, void @empty_10, void @empty_10, i32 4294967295, i32 0"   --->   Operation 13 'specinterface' 'specinterface_ln0' <Predicate = true> <Delay = 0.00>
ST_1 : Operation 14 [1/1] (0.00ns)   --->   "%specinterface_ln0 = specinterface void @_ssdm_op_SpecInterface, i1 %s_axis_video_V_id_V, void @empty_2, i32 0, i32 0, void @empty_11, i32 0, i32 0, void @empty_10, void @empty_10, void @empty_10, i32 0, i32 0, i32 0, i32 0, void @empty_10, void @empty_10, i32 4294967295, i32 0"   --->   Operation 14 'specinterface' 'specinterface_ln0' <Predicate = true> <Delay = 0.00>
ST_1 : Operation 15 [1/1] (0.00ns)   --->   "%specinterface_ln0 = specinterface void @_ssdm_op_SpecInterface, i1 %s_axis_video_V_dest_V, void @empty_2, i32 0, i32 0, void @empty_11, i32 0, i32 0, void @empty_10, void @empty_10, void @empty_10, i32 0, i32 0, i32 0, i32 0, void @empty_10, void @empty_10, i32 4294967295, i32 0"   --->   Operation 15 'specinterface' 'specinterface_ln0' <Predicate = true> <Delay = 0.00>
ST_1 : Operation 16 [1/1] (0.00ns)   --->   "%specinterface_ln0 = specinterface void @_ssdm_op_SpecInterface, i24 %stream_in, void @empty_23, i32 0, i32 0, void @empty_10, i32 0, i32 0, void @empty_10, void @empty_10, void @empty_10, i32 0, i32 0, i32 0, i32 0, void @empty_10, void @empty_10, i32 4294967295, i32 0"   --->   Operation 16 'specinterface' 'specinterface_ln0' <Predicate = true> <Delay = 0.00>
ST_1 : Operation 17 [1/1] (0.00ns)   --->   "%ColorMode_load_read = read i8 @_ssdm_op_Read.ap_auto.i8, i8 %ColorMode_load"   --->   Operation 17 'read' 'ColorMode_load_read' <Predicate = true> <Delay = 0.00>
ST_1 : Operation 18 [1/1] (0.00ns)   --->   "%tmp = read i11 @_ssdm_op_Read.ap_auto.i11, i11 %empty"   --->   Operation 18 'read' 'tmp' <Predicate = true> <Delay = 0.00>
ST_1 : Operation 19 [1/1] (0.00ns)   --->   "%axi_data_2_read = read i24 @_ssdm_op_Read.ap_auto.i24, i24 %axi_data_2"   --->   Operation 19 'read' 'axi_data_2_read' <Predicate = true> <Delay = 0.00>
ST_1 : Operation 20 [1/1] (0.00ns)   --->   "%axi_last_2_read = read i1 @_ssdm_op_Read.ap_auto.i1, i1 %axi_last_2"   --->   Operation 20 'read' 'axi_last_2_read' <Predicate = true> <Delay = 0.00>
ST_1 : Operation 21 [1/1] (0.00ns)   --->   "%sof_4_read = read i1 @_ssdm_op_Read.ap_auto.i1, i1 %sof_4"   --->   Operation 21 'read' 'sof_4_read' <Predicate = true> <Delay = 0.00>
ST_1 : Operation 22 [1/1] (1.58ns)   --->   "%store_ln1425 = store i1 %axi_last_2_read, i1 %axi_last" [G:/Project-Workspace/zynq-7020-video-pipe-3/hw/video-pipe-hw-v3/hw_011223.runs/bd_8126_hsc_0_synth_1/prj/sol/.autopilot/db/v_hscaler.cpp:1425]   --->   Operation 22 'store' 'store_ln1425' <Predicate = true> <Delay = 1.58>
ST_1 : Operation 23 [1/1] (1.58ns)   --->   "%store_ln1425 = store i24 %axi_data_2_read, i24 %axi_data" [G:/Project-Workspace/zynq-7020-video-pipe-3/hw/video-pipe-hw-v3/hw_011223.runs/bd_8126_hsc_0_synth_1/prj/sol/.autopilot/db/v_hscaler.cpp:1425]   --->   Operation 23 'store' 'store_ln1425' <Predicate = true> <Delay = 1.58>
ST_1 : Operation 24 [1/1] (1.58ns)   --->   "%store_ln1454 = store i11 0, i11 %j" [G:/Project-Workspace/zynq-7020-video-pipe-3/hw/video-pipe-hw-v3/hw_011223.runs/bd_8126_hsc_0_synth_1/prj/sol/.autopilot/db/v_hscaler.cpp:1454]   --->   Operation 24 'store' 'store_ln1454' <Predicate = true> <Delay = 1.58>
ST_1 : Operation 25 [1/1] (1.58ns)   --->   "%br_ln0 = br void %for.body14"   --->   Operation 25 'br' 'br_ln0' <Predicate = true> <Delay = 1.58>
ST_1 : Operation 26 [1/1] (0.00ns)   --->   "%eol = phi i1 0, void %newFuncRoot, i1 %axi_last_4, void %if.end_ifconv"   --->   Operation 26 'phi' 'eol' <Predicate = true> <Delay = 0.00>
ST_1 : Operation 27 [1/1] (0.00ns)   --->   "%sof = phi i1 %sof_4_read, void %newFuncRoot, i1 0, void %if.end_ifconv"   --->   Operation 27 'phi' 'sof' <Predicate = true> <Delay = 0.00>
ST_1 : Operation 28 [1/1] (0.00ns)   --->   "%j_3 = load i11 %j" [G:/Project-Workspace/zynq-7020-video-pipe-3/hw/video-pipe-hw-v3/hw_011223.runs/bd_8126_hsc_0_synth_1/prj/sol/.autopilot/db/v_hscaler.cpp:1454]   --->   Operation 28 'load' 'j_3' <Predicate = true> <Delay = 0.00>
ST_1 : Operation 29 [1/1] (1.63ns)   --->   "%icmp_ln1454 = icmp_eq  i11 %j_3, i11 %tmp" [G:/Project-Workspace/zynq-7020-video-pipe-3/hw/video-pipe-hw-v3/hw_011223.runs/bd_8126_hsc_0_synth_1/prj/sol/.autopilot/db/v_hscaler.cpp:1454]   --->   Operation 29 'icmp' 'icmp_ln1454' <Predicate = true> <Delay = 1.63> <CoreInst = "Cmp">   --->   Core 9 'Cmp' <Latency = 0> <II = 1> <Delay = 1.63> <FuncUnit> <Opcode : 'icmp'> <InPorts = 2> <OutPorts = 1>
ST_1 : Operation 30 [1/1] (0.00ns)   --->   "%speclooptripcount_ln0 = speclooptripcount void @_ssdm_op_SpecLoopTripCount, i64 16, i64 1920, i64 0"   --->   Operation 30 'speclooptripcount' 'speclooptripcount_ln0' <Predicate = true> <Delay = 0.00>
ST_1 : Operation 31 [1/1] (1.63ns)   --->   "%j_4 = add i11 %j_3, i11 1" [G:/Project-Workspace/zynq-7020-video-pipe-3/hw/video-pipe-hw-v3/hw_011223.runs/bd_8126_hsc_0_synth_1/prj/sol/.autopilot/db/v_hscaler.cpp:1454]   --->   Operation 31 'add' 'j_4' <Predicate = true> <Delay = 1.63> <CoreInst = "Adder">   --->   Core 1 'Adder' <Latency = 0> <II = 1> <Delay = 1.63> <FuncUnit> <Opcode : 'add' 'sub'> <InPorts = 2> <OutPorts = 1>
ST_1 : Operation 32 [1/1] (0.00ns)   --->   "%br_ln1454 = br i1 %icmp_ln1454, void %for.body14.split, void %while.cond63.preheader.exitStub" [G:/Project-Workspace/zynq-7020-video-pipe-3/hw/video-pipe-hw-v3/hw_011223.runs/bd_8126_hsc_0_synth_1/prj/sol/.autopilot/db/v_hscaler.cpp:1454]   --->   Operation 32 'br' 'br_ln1454' <Predicate = true> <Delay = 0.00>
ST_1 : Operation 33 [1/1] (0.00ns)   --->   "%specpipeline_ln1457 = specpipeline void @_ssdm_op_SpecPipeline, i32 1, i32 0, i32 0, i32 0, void @empty_10" [G:/Project-Workspace/zynq-7020-video-pipe-3/hw/video-pipe-hw-v3/hw_011223.runs/bd_8126_hsc_0_synth_1/prj/sol/.autopilot/db/v_hscaler.cpp:1457]   --->   Operation 33 'specpipeline' 'specpipeline_ln1457' <Predicate = (!icmp_ln1454)> <Delay = 0.00>
ST_1 : Operation 34 [1/1] (0.00ns)   --->   "%specloopname_ln1454 = specloopname void @_ssdm_op_SpecLoopName, void @empty_26" [G:/Project-Workspace/zynq-7020-video-pipe-3/hw/video-pipe-hw-v3/hw_011223.runs/bd_8126_hsc_0_synth_1/prj/sol/.autopilot/db/v_hscaler.cpp:1454]   --->   Operation 34 'specloopname' 'specloopname_ln1454' <Predicate = (!icmp_ln1454)> <Delay = 0.00>
ST_1 : Operation 35 [1/1] (0.97ns)   --->   "%or_ln1458 = or i1 %sof, i1 %eol" [G:/Project-Workspace/zynq-7020-video-pipe-3/hw/video-pipe-hw-v3/hw_011223.runs/bd_8126_hsc_0_synth_1/prj/sol/.autopilot/db/v_hscaler.cpp:1458]   --->   Operation 35 'or' 'or_ln1458' <Predicate = (!icmp_ln1454)> <Delay = 0.97> <CoreInst = "LogicGate">   --->   Core 74 'LogicGate' <Latency = 0> <II = 1> <Delay = 0.97> <FuncUnit> <Opcode : 'and' 'or' 'xor'> <InPorts = 2> <OutPorts = 1>
ST_1 : Operation 36 [1/1] (0.00ns)   --->   "%br_ln1458 = br i1 %or_ln1458, void %if.else, void %if.end_ifconv" [G:/Project-Workspace/zynq-7020-video-pipe-3/hw/video-pipe-hw-v3/hw_011223.runs/bd_8126_hsc_0_synth_1/prj/sol/.autopilot/db/v_hscaler.cpp:1458]   --->   Operation 36 'br' 'br_ln1458' <Predicate = (!icmp_ln1454)> <Delay = 0.00>
ST_1 : Operation 37 [1/1] (1.00ns)   --->   "%empty_148 = read i34 @_ssdm_op_Read.axis.volatile.i24P0A.i3P0A.i3P0A.i1P0A.i1P0A.i1P0A.i1P0A, i24 %s_axis_video_V_data_V, i3 %s_axis_video_V_keep_V, i3 %s_axis_video_V_strb_V, i1 %s_axis_video_V_user_V, i1 %s_axis_video_V_last_V, i1 %s_axis_video_V_id_V, i1 %s_axis_video_V_dest_V" [G:/Project-Workspace/zynq-7020-video-pipe-3/hw/video-pipe-hw-v3/hw_011223.runs/bd_8126_hsc_0_synth_1/prj/sol/.autopilot/db/v_hscaler.cpp:1464]   --->   Operation 37 'read' 'empty_148' <Predicate = (!icmp_ln1454 & !or_ln1458)> <Delay = 1.00> <CoreInst = "axis">   --->   Core 115 'axis' <Latency = 0> <II = 1> <Delay = 1.00> <Adapter> <Opcode : >
ST_1 : Operation 38 [1/1] (0.00ns)   --->   "%axi_data_1 = extractvalue i34 %empty_148" [G:/Project-Workspace/zynq-7020-video-pipe-3/hw/video-pipe-hw-v3/hw_011223.runs/bd_8126_hsc_0_synth_1/prj/sol/.autopilot/db/v_hscaler.cpp:1464]   --->   Operation 38 'extractvalue' 'axi_data_1' <Predicate = (!icmp_ln1454 & !or_ln1458)> <Delay = 0.00>
ST_1 : Operation 39 [1/1] (0.00ns)   --->   "%axi_last_1 = extractvalue i34 %empty_148" [G:/Project-Workspace/zynq-7020-video-pipe-3/hw/video-pipe-hw-v3/hw_011223.runs/bd_8126_hsc_0_synth_1/prj/sol/.autopilot/db/v_hscaler.cpp:1464]   --->   Operation 39 'extractvalue' 'axi_last_1' <Predicate = (!icmp_ln1454 & !or_ln1458)> <Delay = 0.00>
ST_1 : Operation 40 [1/1] (1.58ns)   --->   "%store_ln1425 = store i1 %axi_last_1, i1 %axi_last" [G:/Project-Workspace/zynq-7020-video-pipe-3/hw/video-pipe-hw-v3/hw_011223.runs/bd_8126_hsc_0_synth_1/prj/sol/.autopilot/db/v_hscaler.cpp:1425]   --->   Operation 40 'store' 'store_ln1425' <Predicate = (!icmp_ln1454 & !or_ln1458)> <Delay = 1.58>
ST_1 : Operation 41 [1/1] (1.58ns)   --->   "%store_ln1425 = store i24 %axi_data_1, i24 %axi_data" [G:/Project-Workspace/zynq-7020-video-pipe-3/hw/video-pipe-hw-v3/hw_011223.runs/bd_8126_hsc_0_synth_1/prj/sol/.autopilot/db/v_hscaler.cpp:1425]   --->   Operation 41 'store' 'store_ln1425' <Predicate = (!icmp_ln1454 & !or_ln1458)> <Delay = 1.58>
ST_1 : Operation 42 [1/1] (0.00ns)   --->   "%br_ln0 = br void %if.end_ifconv"   --->   Operation 42 'br' 'br_ln0' <Predicate = (!icmp_ln1454 & !or_ln1458)> <Delay = 0.00>
ST_1 : Operation 43 [1/1] (1.91ns)   --->   "%icmp_ln1480 = icmp_eq  i8 %ColorMode_load_read, i8 0" [G:/Project-Workspace/zynq-7020-video-pipe-3/hw/video-pipe-hw-v3/hw_011223.runs/bd_8126_hsc_0_synth_1/prj/sol/.autopilot/db/v_hscaler.cpp:1480]   --->   Operation 43 'icmp' 'icmp_ln1480' <Predicate = (!icmp_ln1454)> <Delay = 1.91> <CoreInst = "Cmp">   --->   Core 9 'Cmp' <Latency = 0> <II = 1> <Delay = 1.91> <FuncUnit> <Opcode : 'icmp'> <InPorts = 2> <OutPorts = 1>
ST_1 : Operation 44 [1/1] (1.91ns)   --->   "%icmp_ln1480_1 = icmp_eq  i8 %ColorMode_load_read, i8 1" [G:/Project-Workspace/zynq-7020-video-pipe-3/hw/video-pipe-hw-v3/hw_011223.runs/bd_8126_hsc_0_synth_1/prj/sol/.autopilot/db/v_hscaler.cpp:1480]   --->   Operation 44 'icmp' 'icmp_ln1480_1' <Predicate = (!icmp_ln1454)> <Delay = 1.91> <CoreInst = "Cmp">   --->   Core 9 'Cmp' <Latency = 0> <II = 1> <Delay = 1.91> <FuncUnit> <Opcode : 'icmp'> <InPorts = 2> <OutPorts = 1>
ST_1 : Operation 45 [1/1] (1.58ns)   --->   "%store_ln1454 = store i11 %j_4, i11 %j" [G:/Project-Workspace/zynq-7020-video-pipe-3/hw/video-pipe-hw-v3/hw_011223.runs/bd_8126_hsc_0_synth_1/prj/sol/.autopilot/db/v_hscaler.cpp:1454]   --->   Operation 45 'store' 'store_ln1454' <Predicate = (!icmp_ln1454)> <Delay = 1.58>
ST_1 : Operation 46 [1/1] (0.00ns)   --->   "%br_ln1454 = br void %for.body14" [G:/Project-Workspace/zynq-7020-video-pipe-3/hw/video-pipe-hw-v3/hw_011223.runs/bd_8126_hsc_0_synth_1/prj/sol/.autopilot/db/v_hscaler.cpp:1454]   --->   Operation 46 'br' 'br_ln1454' <Predicate = (!icmp_ln1454)> <Delay = 0.00>
ST_1 : Operation 60 [1/1] (0.00ns)   --->   "%axi_data_load = load i24 %axi_data"   --->   Operation 60 'load' 'axi_data_load' <Predicate = (icmp_ln1454)> <Delay = 0.00>
ST_1 : Operation 61 [1/1] (0.00ns)   --->   "%write_ln0 = write void @_ssdm_op_Write.ap_auto.i1P0A, i1 %eol_out, i1 %eol"   --->   Operation 61 'write' 'write_ln0' <Predicate = (icmp_ln1454)> <Delay = 0.00>
ST_1 : Operation 62 [1/1] (0.00ns)   --->   "%write_ln0 = write void @_ssdm_op_Write.ap_auto.i24P0A, i24 %axi_data_3_out, i24 %axi_data_load"   --->   Operation 62 'write' 'write_ln0' <Predicate = (icmp_ln1454)> <Delay = 0.00>
ST_1 : Operation 63 [1/1] (0.00ns)   --->   "%ret_ln0 = ret"   --->   Operation 63 'ret' 'ret_ln0' <Predicate = (icmp_ln1454)> <Delay = 0.00>

State 2 <SV = 1> <Delay = 3.80>
ST_2 : Operation 47 [1/1] (0.00ns)   --->   "%axi_data_4 = load i24 %axi_data" [g:/Project-Workspace/zynq-7020-video-pipe-3/hw/video-pipe-hw-v3/hw_011223.gen/sources_1/bd/broncho_video/ip/broncho_video_v_proc_ss_0_0/bd_0/ip/ip_2/src/hls/hls_axi_io.h:63->g:/Project-Workspace/zynq-7020-video-pipe-3/hw/video-pipe-hw-v3/hw_011223.gen/sources_1/bd/broncho_video/ip/broncho_video_v_proc_ss_0_0/bd_0/ip/ip_2/src/hls/hls_axi_io.h:85->G:/Project-Workspace/zynq-7020-video-pipe-3/hw/video-pipe-hw-v3/hw_011223.runs/bd_8126_hsc_0_synth_1/prj/sol/.autopilot/db/v_hscaler.cpp:1491]   --->   Operation 47 'load' 'axi_data_4' <Predicate = (!icmp_ln1454)> <Delay = 0.00>
ST_2 : Operation 48 [1/1] (0.00ns)   --->   "%axi_last_4 = load i1 %axi_last"   --->   Operation 48 'load' 'axi_last_4' <Predicate = (!icmp_ln1454)> <Delay = 0.00>
ST_2 : Operation 49 [1/1] (0.00ns)   --->   "%trunc_ln63 = trunc i24 %axi_data_4" [g:/Project-Workspace/zynq-7020-video-pipe-3/hw/video-pipe-hw-v3/hw_011223.gen/sources_1/bd/broncho_video/ip/broncho_video_v_proc_ss_0_0/bd_0/ip/ip_2/src/hls/hls_axi_io.h:63->g:/Project-Workspace/zynq-7020-video-pipe-3/hw/video-pipe-hw-v3/hw_011223.gen/sources_1/bd/broncho_video/ip/broncho_video_v_proc_ss_0_0/bd_0/ip/ip_2/src/hls/hls_axi_io.h:85->G:/Project-Workspace/zynq-7020-video-pipe-3/hw/video-pipe-hw-v3/hw_011223.runs/bd_8126_hsc_0_synth_1/prj/sol/.autopilot/db/v_hscaler.cpp:1491]   --->   Operation 49 'trunc' 'trunc_ln63' <Predicate = (!icmp_ln1454)> <Delay = 0.00>
ST_2 : Operation 50 [1/1] (0.00ns)   --->   "%tmp_1 = partselect i8 @_ssdm_op_PartSelect.i8.i24.i32.i32, i24 %axi_data_4, i32 16, i32 23" [g:/Project-Workspace/zynq-7020-video-pipe-3/hw/video-pipe-hw-v3/hw_011223.gen/sources_1/bd/broncho_video/ip/broncho_video_v_proc_ss_0_0/bd_0/ip/ip_2/src/hls/hls_axi_io.h:63->g:/Project-Workspace/zynq-7020-video-pipe-3/hw/video-pipe-hw-v3/hw_011223.gen/sources_1/bd/broncho_video/ip/broncho_video_v_proc_ss_0_0/bd_0/ip/ip_2/src/hls/hls_axi_io.h:85->G:/Project-Workspace/zynq-7020-video-pipe-3/hw/video-pipe-hw-v3/hw_011223.runs/bd_8126_hsc_0_synth_1/prj/sol/.autopilot/db/v_hscaler.cpp:1483]   --->   Operation 50 'partselect' 'tmp_1' <Predicate = (!icmp_ln1454)> <Delay = 0.00>
ST_2 : Operation 51 [1/1] (0.00ns) (grouped into LUT with out node select_ln1480_1)   --->   "%select_ln1480 = select i1 %icmp_ln1480, i8 %tmp_1, i8 %trunc_ln63" [G:/Project-Workspace/zynq-7020-video-pipe-3/hw/video-pipe-hw-v3/hw_011223.runs/bd_8126_hsc_0_synth_1/prj/sol/.autopilot/db/v_hscaler.cpp:1480]   --->   Operation 51 'select' 'select_ln1480' <Predicate = (!icmp_ln1454 & !icmp_ln1480_1)> <Delay = 0.00> <CoreInst = "Sel">   --->   Core 73 'Sel' <Latency = 0> <II = 1> <Delay = 1.24> <FuncUnit> <Opcode : 'select'> <InPorts = 3> <OutPorts = 1>
ST_2 : Operation 52 [1/1] (1.24ns) (out node of the LUT)   --->   "%select_ln1480_1 = select i1 %icmp_ln1480_1, i8 %trunc_ln63, i8 %select_ln1480" [G:/Project-Workspace/zynq-7020-video-pipe-3/hw/video-pipe-hw-v3/hw_011223.runs/bd_8126_hsc_0_synth_1/prj/sol/.autopilot/db/v_hscaler.cpp:1480]   --->   Operation 52 'select' 'select_ln1480_1' <Predicate = (!icmp_ln1454)> <Delay = 1.24> <CoreInst = "Sel">   --->   Core 73 'Sel' <Latency = 0> <II = 1> <Delay = 1.24> <FuncUnit> <Opcode : 'select'> <InPorts = 3> <OutPorts = 1>
ST_2 : Operation 53 [1/1] (0.00ns)   --->   "%tmp_s = partselect i8 @_ssdm_op_PartSelect.i8.i24.i32.i32, i24 %axi_data_4, i32 8, i32 15" [g:/Project-Workspace/zynq-7020-video-pipe-3/hw/video-pipe-hw-v3/hw_011223.gen/sources_1/bd/broncho_video/ip/broncho_video_v_proc_ss_0_0/bd_0/ip/ip_2/src/hls/hls_axi_io.h:63->g:/Project-Workspace/zynq-7020-video-pipe-3/hw/video-pipe-hw-v3/hw_011223.gen/sources_1/bd/broncho_video/ip/broncho_video_v_proc_ss_0_0/bd_0/ip/ip_2/src/hls/hls_axi_io.h:85->G:/Project-Workspace/zynq-7020-video-pipe-3/hw/video-pipe-hw-v3/hw_011223.runs/bd_8126_hsc_0_synth_1/prj/sol/.autopilot/db/v_hscaler.cpp:1491]   --->   Operation 53 'partselect' 'tmp_s' <Predicate = (!icmp_ln1454)> <Delay = 0.00>
ST_2 : Operation 54 [1/1] (0.00ns) (grouped into LUT with out node select_ln1480_3)   --->   "%select_ln1480_2 = select i1 %icmp_ln1480, i8 %trunc_ln63, i8 %tmp_s" [G:/Project-Workspace/zynq-7020-video-pipe-3/hw/video-pipe-hw-v3/hw_011223.runs/bd_8126_hsc_0_synth_1/prj/sol/.autopilot/db/v_hscaler.cpp:1480]   --->   Operation 54 'select' 'select_ln1480_2' <Predicate = (!icmp_ln1454 & !icmp_ln1480_1)> <Delay = 0.00> <CoreInst = "Sel">   --->   Core 73 'Sel' <Latency = 0> <II = 1> <Delay = 1.24> <FuncUnit> <Opcode : 'select'> <InPorts = 3> <OutPorts = 1>
ST_2 : Operation 55 [1/1] (1.24ns) (out node of the LUT)   --->   "%select_ln1480_3 = select i1 %icmp_ln1480_1, i8 %tmp_s, i8 %select_ln1480_2" [G:/Project-Workspace/zynq-7020-video-pipe-3/hw/video-pipe-hw-v3/hw_011223.runs/bd_8126_hsc_0_synth_1/prj/sol/.autopilot/db/v_hscaler.cpp:1480]   --->   Operation 55 'select' 'select_ln1480_3' <Predicate = (!icmp_ln1454)> <Delay = 1.24> <CoreInst = "Sel">   --->   Core 73 'Sel' <Latency = 0> <II = 1> <Delay = 1.24> <FuncUnit> <Opcode : 'select'> <InPorts = 3> <OutPorts = 1>
ST_2 : Operation 56 [1/1] (0.00ns) (grouped into LUT with out node select_ln1480_5)   --->   "%select_ln1480_4 = select i1 %icmp_ln1480, i8 %tmp_s, i8 %tmp_1" [G:/Project-Workspace/zynq-7020-video-pipe-3/hw/video-pipe-hw-v3/hw_011223.runs/bd_8126_hsc_0_synth_1/prj/sol/.autopilot/db/v_hscaler.cpp:1480]   --->   Operation 56 'select' 'select_ln1480_4' <Predicate = (!icmp_ln1454 & !icmp_ln1480_1)> <Delay = 0.00> <CoreInst = "Sel">   --->   Core 73 'Sel' <Latency = 0> <II = 1> <Delay = 1.24> <FuncUnit> <Opcode : 'select'> <InPorts = 3> <OutPorts = 1>
ST_2 : Operation 57 [1/1] (1.24ns) (out node of the LUT)   --->   "%select_ln1480_5 = select i1 %icmp_ln1480_1, i8 %tmp_1, i8 %select_ln1480_4" [G:/Project-Workspace/zynq-7020-video-pipe-3/hw/video-pipe-hw-v3/hw_011223.runs/bd_8126_hsc_0_synth_1/prj/sol/.autopilot/db/v_hscaler.cpp:1480]   --->   Operation 57 'select' 'select_ln1480_5' <Predicate = (!icmp_ln1454)> <Delay = 1.24> <CoreInst = "Sel">   --->   Core 73 'Sel' <Latency = 0> <II = 1> <Delay = 1.24> <FuncUnit> <Opcode : 'select'> <InPorts = 3> <OutPorts = 1>
ST_2 : Operation 58 [1/1] (0.00ns)   --->   "%p_0 = bitconcatenate i24 @_ssdm_op_BitConcatenate.i24.i8.i8.i8, i8 %select_ln1480_5, i8 %select_ln1480_3, i8 %select_ln1480_1" [G:/Project-Workspace/zynq-7020-video-pipe-3/hw/video-pipe-hw-v3/hw_011223.runs/bd_8126_hsc_0_synth_1/prj/sol/.autopilot/db/v_hscaler.cpp:1497]   --->   Operation 58 'bitconcatenate' 'p_0' <Predicate = (!icmp_ln1454)> <Delay = 0.00>
ST_2 : Operation 59 [1/1] (2.55ns)   --->   "%write_ln1497 = write void @_ssdm_op_Write.ap_fifo.volatile.i24P0A, i24 %stream_in, i24 %p_0" [G:/Project-Workspace/zynq-7020-video-pipe-3/hw/video-pipe-hw-v3/hw_011223.runs/bd_8126_hsc_0_synth_1/prj/sol/.autopilot/db/v_hscaler.cpp:1497]   --->   Operation 59 'write' 'write_ln1497' <Predicate = (!icmp_ln1454)> <Delay = 2.55> <CoreInst = "FIFO_SRL">   --->   Core 81 'FIFO_SRL' <Latency = 0> <II = 1> <Delay = 3.80> <Storage> <Opcode : 'read' 'write' 'nbread' 'nbwrite'> <Ports = 0> <Width = 24> <Depth = 16> <FIFO>


============================================================
+ Verbose Summary: Binding
============================================================
STG Binding: 
---------------- STG Properties BEGIN ----------------
- Is combinational: 0
- Is one-state seq: 0
- Is datapath-only: 0
- Is pipelined: 0
- Is top level: 0
Port [ Return ] is wired: 1; IO mode=ap_ctrl_hs:ce=0
Port [ sof_4]:  wired=1; compound=0; hidden=0; nouse=0; global=0; static=0; extern=0; dir=0; type=0; pingpong=0; private_global=0; IO mode=ap_none:ce=0
Port [ axi_last_2]:  wired=1; compound=0; hidden=0; nouse=0; global=0; static=0; extern=0; dir=0; type=0; pingpong=0; private_global=0; IO mode=ap_none:ce=0
Port [ axi_data_2]:  wired=1; compound=0; hidden=0; nouse=0; global=0; static=0; extern=0; dir=0; type=0; pingpong=0; private_global=0; IO mode=ap_none:ce=0
Port [ empty]:  wired=1; compound=0; hidden=0; nouse=0; global=0; static=0; extern=0; dir=0; type=0; pingpong=0; private_global=0; IO mode=ap_stable:ce=0
Port [ ColorMode_load]:  wired=1; compound=0; hidden=0; nouse=0; global=0; static=0; extern=0; dir=0; type=0; pingpong=0; private_global=0; IO mode=ap_none:ce=0
Port [ stream_in]:  wired=1; compound=1; hidden=0; nouse=0; global=0; static=0; extern=0; dir=1; type=3; pingpong=0; private_global=0; IO mode=ap_fifo:ce=0
Port [ s_axis_video_V_data_V]:  wired=1; compound=1; hidden=0; nouse=0; global=0; static=0; extern=0; dir=0; type=0; pingpong=0; private_global=0; IO mode=axis:ce=0
Port [ s_axis_video_V_keep_V]:  wired=1; compound=1; hidden=0; nouse=0; global=0; static=0; extern=0; dir=0; type=0; pingpong=0; private_global=0; IO mode=axis:ce=0
Port [ s_axis_video_V_strb_V]:  wired=1; compound=1; hidden=0; nouse=0; global=0; static=0; extern=0; dir=0; type=0; pingpong=0; private_global=0; IO mode=axis:ce=0
Port [ s_axis_video_V_user_V]:  wired=1; compound=1; hidden=0; nouse=0; global=0; static=0; extern=0; dir=0; type=0; pingpong=0; private_global=0; IO mode=axis:ce=0
Port [ s_axis_video_V_last_V]:  wired=1; compound=1; hidden=0; nouse=0; global=0; static=0; extern=0; dir=0; type=0; pingpong=0; private_global=0; IO mode=axis:ce=0
Port [ s_axis_video_V_id_V]:  wired=1; compound=1; hidden=0; nouse=0; global=0; static=0; extern=0; dir=0; type=0; pingpong=0; private_global=0; IO mode=axis:ce=0
Port [ s_axis_video_V_dest_V]:  wired=1; compound=1; hidden=0; nouse=0; global=0; static=0; extern=0; dir=0; type=0; pingpong=0; private_global=0; IO mode=axis:ce=0
Port [ eol_out]:  wired=1; compound=0; hidden=0; nouse=0; global=0; static=0; extern=0; dir=1; type=0; pingpong=0; private_global=0; IO mode=ap_vld:ce=0
Port [ axi_data_3_out]:  wired=1; compound=0; hidden=0; nouse=0; global=0; static=0; extern=0; dir=1; type=0; pingpong=0; private_global=0; IO mode=ap_vld:ce=0
---------------- STG Properties END ------------------

---------------- Datapath Model BEGIN ----------------

<LifeTime>
<method=bitvector/>
j                       (alloca             ) [ 010]
axi_data                (alloca             ) [ 011]
axi_last                (alloca             ) [ 011]
specaxissidechannel_ln0 (specaxissidechannel) [ 000]
specinterface_ln0       (specinterface      ) [ 000]
specinterface_ln0       (specinterface      ) [ 000]
specinterface_ln0       (specinterface      ) [ 000]
specinterface_ln0       (specinterface      ) [ 000]
specinterface_ln0       (specinterface      ) [ 000]
specinterface_ln0       (specinterface      ) [ 000]
specinterface_ln0       (specinterface      ) [ 000]
specinterface_ln0       (specinterface      ) [ 000]
ColorMode_load_read     (read               ) [ 000]
tmp                     (read               ) [ 000]
axi_data_2_read         (read               ) [ 000]
axi_last_2_read         (read               ) [ 000]
sof_4_read              (read               ) [ 000]
store_ln1425            (store              ) [ 000]
store_ln1425            (store              ) [ 000]
store_ln1454            (store              ) [ 000]
br_ln0                  (br                 ) [ 000]
eol                     (phi                ) [ 010]
sof                     (phi                ) [ 010]
j_3                     (load               ) [ 000]
icmp_ln1454             (icmp               ) [ 011]
speclooptripcount_ln0   (speclooptripcount  ) [ 000]
j_4                     (add                ) [ 000]
br_ln1454               (br                 ) [ 000]
specpipeline_ln1457     (specpipeline       ) [ 000]
specloopname_ln1454     (specloopname       ) [ 000]
or_ln1458               (or                 ) [ 010]
br_ln1458               (br                 ) [ 000]
empty_148               (read               ) [ 000]
axi_data_1              (extractvalue       ) [ 000]
axi_last_1              (extractvalue       ) [ 000]
store_ln1425            (store              ) [ 000]
store_ln1425            (store              ) [ 000]
br_ln0                  (br                 ) [ 000]
icmp_ln1480             (icmp               ) [ 011]
icmp_ln1480_1           (icmp               ) [ 011]
store_ln1454            (store              ) [ 000]
br_ln1454               (br                 ) [ 010]
axi_data_4              (load               ) [ 000]
axi_last_4              (load               ) [ 010]
trunc_ln63              (trunc              ) [ 000]
tmp_1                   (partselect         ) [ 000]
select_ln1480           (select             ) [ 000]
select_ln1480_1         (select             ) [ 000]
tmp_s                   (partselect         ) [ 000]
select_ln1480_2         (select             ) [ 000]
select_ln1480_3         (select             ) [ 000]
select_ln1480_4         (select             ) [ 000]
select_ln1480_5         (select             ) [ 000]
p_0                     (bitconcatenate     ) [ 000]
write_ln1497            (write              ) [ 000]
axi_data_load           (load               ) [ 000]
write_ln0               (write              ) [ 000]
write_ln0               (write              ) [ 000]
ret_ln0                 (ret                ) [ 000]
</LifeTime>

<model>

<comp_list>
<comp id="0" class="1000" name="sof_4">
<pin_list>
<pin id="1" dir="1" index="0" bw="1" slack="0"/>
</pin_list>
<bind>
<StgValue><ssdm name="sof_4"/></StgValue>
</bind>
</comp>

<comp id="2" class="1000" name="axi_last_2">
<pin_list>
<pin id="3" dir="1" index="0" bw="1" slack="0"/>
</pin_list>
<bind>
<StgValue><ssdm name="axi_last_2"/></StgValue>
</bind>
</comp>

<comp id="4" class="1000" name="axi_data_2">
<pin_list>
<pin id="5" dir="1" index="0" bw="1" slack="0"/>
</pin_list>
<bind>
<StgValue><ssdm name="axi_data_2"/></StgValue>
</bind>
</comp>

<comp id="6" class="1000" name="empty">
<pin_list>
<pin id="7" dir="1" index="0" bw="1" slack="0"/>
</pin_list>
<bind>
<StgValue><ssdm name="empty"/></StgValue>
</bind>
</comp>

<comp id="8" class="1000" name="ColorMode_load">
<pin_list>
<pin id="9" dir="1" index="0" bw="1" slack="0"/>
</pin_list>
<bind>
<StgValue><ssdm name="ColorMode_load"/></StgValue>
</bind>
</comp>

<comp id="10" class="1000" name="stream_in">
<pin_list>
<pin id="11" dir="1" index="0" bw="1" slack="0"/>
</pin_list>
<bind>
<StgValue><ssdm name="stream_in"/></StgValue>
</bind>
</comp>

<comp id="12" class="1000" name="s_axis_video_V_data_V">
<pin_list>
<pin id="13" dir="1" index="0" bw="1" slack="0"/>
</pin_list>
<bind>
<StgValue><ssdm name="s_axis_video_V_data_V"/></StgValue>
</bind>
</comp>

<comp id="14" class="1000" name="s_axis_video_V_keep_V">
<pin_list>
<pin id="15" dir="1" index="0" bw="1" slack="0"/>
</pin_list>
<bind>
<StgValue><ssdm name="s_axis_video_V_keep_V"/></StgValue>
</bind>
</comp>

<comp id="16" class="1000" name="s_axis_video_V_strb_V">
<pin_list>
<pin id="17" dir="1" index="0" bw="1" slack="0"/>
</pin_list>
<bind>
<StgValue><ssdm name="s_axis_video_V_strb_V"/></StgValue>
</bind>
</comp>

<comp id="18" class="1000" name="s_axis_video_V_user_V">
<pin_list>
<pin id="19" dir="1" index="0" bw="1" slack="0"/>
</pin_list>
<bind>
<StgValue><ssdm name="s_axis_video_V_user_V"/></StgValue>
</bind>
</comp>

<comp id="20" class="1000" name="s_axis_video_V_last_V">
<pin_list>
<pin id="21" dir="1" index="0" bw="1" slack="0"/>
</pin_list>
<bind>
<StgValue><ssdm name="s_axis_video_V_last_V"/></StgValue>
</bind>
</comp>

<comp id="22" class="1000" name="s_axis_video_V_id_V">
<pin_list>
<pin id="23" dir="1" index="0" bw="1" slack="0"/>
</pin_list>
<bind>
<StgValue><ssdm name="s_axis_video_V_id_V"/></StgValue>
</bind>
</comp>

<comp id="24" class="1000" name="s_axis_video_V_dest_V">
<pin_list>
<pin id="25" dir="1" index="0" bw="1" slack="0"/>
</pin_list>
<bind>
<StgValue><ssdm name="s_axis_video_V_dest_V"/></StgValue>
</bind>
</comp>

<comp id="26" class="1000" name="eol_out">
<pin_list>
<pin id="27" dir="1" index="0" bw="1" slack="0"/>
</pin_list>
<bind>
<StgValue><ssdm name="eol_out"/></StgValue>
</bind>
</comp>

<comp id="28" class="1000" name="axi_data_3_out">
<pin_list>
<pin id="29" dir="1" index="0" bw="1" slack="0"/>
</pin_list>
<bind>
<StgValue><ssdm name="axi_data_3_out"/></StgValue>
</bind>
</comp>

<comp id="30" class="1001" name="const_30">
<pin_list>
<pin id="31" dir="1" index="0" bw="1" slack="0"/>
</pin_list>
<bind>
<StgValue><ssdm name=""/></StgValue>
</bind>
</comp>

<comp id="32" class="1001" name="const_32">
<pin_list>
<pin id="33" dir="1" index="0" bw="1" slack="2147483647"/>
</pin_list>
<bind>
<StgValue><ssdm name="_ssdm_op_SpecAXISSideChannel"/></StgValue>
</bind>
</comp>

<comp id="34" class="1001" name="const_34">
<pin_list>
<pin id="35" dir="1" index="0" bw="1" slack="2147483647"/>
</pin_list>
<bind>
<StgValue><ssdm name="empty_3"/></StgValue>
</bind>
</comp>

<comp id="36" class="1001" name="const_36">
<pin_list>
<pin id="37" dir="1" index="0" bw="1" slack="2147483647"/>
</pin_list>
<bind>
<StgValue><ssdm name="_ssdm_op_SpecInterface"/></StgValue>
</bind>
</comp>

<comp id="38" class="1001" name="const_38">
<pin_list>
<pin id="39" dir="1" index="0" bw="1" slack="2147483647"/>
</pin_list>
<bind>
<StgValue><ssdm name="empty_2"/></StgValue>
</bind>
</comp>

<comp id="40" class="1001" name="const_40">
<pin_list>
<pin id="41" dir="1" index="0" bw="1" slack="2147483647"/>
</pin_list>
<bind>
<StgValue><ssdm name=""/></StgValue>
</bind>
</comp>

<comp id="42" class="1001" name="const_42">
<pin_list>
<pin id="43" dir="1" index="0" bw="1" slack="2147483647"/>
</pin_list>
<bind>
<StgValue><ssdm name="empty_11"/></StgValue>
</bind>
</comp>

<comp id="44" class="1001" name="const_44">
<pin_list>
<pin id="45" dir="1" index="0" bw="1" slack="2147483647"/>
</pin_list>
<bind>
<StgValue><ssdm name="empty_10"/></StgValue>
</bind>
</comp>

<comp id="46" class="1001" name="const_46">
<pin_list>
<pin id="47" dir="1" index="0" bw="1" slack="2147483647"/>
</pin_list>
<bind>
<StgValue><ssdm name=""/></StgValue>
</bind>
</comp>

<comp id="48" class="1001" name="const_48">
<pin_list>
<pin id="49" dir="1" index="0" bw="1" slack="2147483647"/>
</pin_list>
<bind>
<StgValue><ssdm name="empty_23"/></StgValue>
</bind>
</comp>

<comp id="50" class="1001" name="const_50">
<pin_list>
<pin id="51" dir="1" index="0" bw="1" slack="0"/>
</pin_list>
<bind>
<StgValue><ssdm name="_ssdm_op_Read.ap_auto.i8"/></StgValue>
</bind>
</comp>

<comp id="52" class="1001" name="const_52">
<pin_list>
<pin id="53" dir="1" index="0" bw="1" slack="0"/>
</pin_list>
<bind>
<StgValue><ssdm name="_ssdm_op_Read.ap_auto.i11"/></StgValue>
</bind>
</comp>

<comp id="54" class="1001" name="const_54">
<pin_list>
<pin id="55" dir="1" index="0" bw="1" slack="0"/>
</pin_list>
<bind>
<StgValue><ssdm name="_ssdm_op_Read.ap_auto.i24"/></StgValue>
</bind>
</comp>

<comp id="56" class="1001" name="const_56">
<pin_list>
<pin id="57" dir="1" index="0" bw="1" slack="0"/>
</pin_list>
<bind>
<StgValue><ssdm name="_ssdm_op_Read.ap_auto.i1"/></StgValue>
</bind>
</comp>

<comp id="58" class="1001" name="const_58">
<pin_list>
<pin id="59" dir="1" index="0" bw="1" slack="0"/>
</pin_list>
<bind>
<StgValue><ssdm name=""/></StgValue>
</bind>
</comp>

<comp id="60" class="1001" name="const_60">
<pin_list>
<pin id="61" dir="1" index="0" bw="1" slack="0"/>
</pin_list>
<bind>
<StgValue><ssdm name=""/></StgValue>
</bind>
</comp>

<comp id="62" class="1001" name="const_62">
<pin_list>
<pin id="63" dir="1" index="0" bw="1" slack="2147483647"/>
</pin_list>
<bind>
<StgValue><ssdm name="_ssdm_op_SpecLoopTripCount"/></StgValue>
</bind>
</comp>

<comp id="64" class="1001" name="const_64">
<pin_list>
<pin id="65" dir="1" index="0" bw="1" slack="2147483647"/>
</pin_list>
<bind>
<StgValue><ssdm name=""/></StgValue>
</bind>
</comp>

<comp id="66" class="1001" name="const_66">
<pin_list>
<pin id="67" dir="1" index="0" bw="1" slack="2147483647"/>
</pin_list>
<bind>
<StgValue><ssdm name=""/></StgValue>
</bind>
</comp>

<comp id="68" class="1001" name="const_68">
<pin_list>
<pin id="69" dir="1" index="0" bw="1" slack="2147483647"/>
</pin_list>
<bind>
<StgValue><ssdm name=""/></StgValue>
</bind>
</comp>

<comp id="70" class="1001" name="const_70">
<pin_list>
<pin id="71" dir="1" index="0" bw="1" slack="0"/>
</pin_list>
<bind>
<StgValue><ssdm name=""/></StgValue>
</bind>
</comp>

<comp id="72" class="1001" name="const_72">
<pin_list>
<pin id="73" dir="1" index="0" bw="1" slack="2147483647"/>
</pin_list>
<bind>
<StgValue><ssdm name="_ssdm_op_SpecPipeline"/></StgValue>
</bind>
</comp>

<comp id="74" class="1001" name="const_74">
<pin_list>
<pin id="75" dir="1" index="0" bw="1" slack="2147483647"/>
</pin_list>
<bind>
<StgValue><ssdm name="_ssdm_op_SpecLoopName"/></StgValue>
</bind>
</comp>

<comp id="76" class="1001" name="const_76">
<pin_list>
<pin id="77" dir="1" index="0" bw="1" slack="2147483647"/>
</pin_list>
<bind>
<StgValue><ssdm name="empty_26"/></StgValue>
</bind>
</comp>

<comp id="78" class="1001" name="const_78">
<pin_list>
<pin id="79" dir="1" index="0" bw="1" slack="0"/>
</pin_list>
<bind>
<StgValue><ssdm name="_ssdm_op_Read.axis.volatile.i24P0A.i3P0A.i3P0A.i1P0A.i1P0A.i1P0A.i1P0A"/></StgValue>
</bind>
</comp>

<comp id="80" class="1001" name="const_80">
<pin_list>
<pin id="81" dir="1" index="0" bw="1" slack="0"/>
</pin_list>
<bind>
<StgValue><ssdm name=""/></StgValue>
</bind>
</comp>

<comp id="82" class="1001" name="const_82">
<pin_list>
<pin id="83" dir="1" index="0" bw="1" slack="0"/>
</pin_list>
<bind>
<StgValue><ssdm name=""/></StgValue>
</bind>
</comp>

<comp id="84" class="1001" name="const_84">
<pin_list>
<pin id="85" dir="1" index="0" bw="1" slack="0"/>
</pin_list>
<bind>
<StgValue><ssdm name="_ssdm_op_PartSelect.i8.i24.i32.i32"/></StgValue>
</bind>
</comp>

<comp id="86" class="1001" name="const_86">
<pin_list>
<pin id="87" dir="1" index="0" bw="1" slack="0"/>
</pin_list>
<bind>
<StgValue><ssdm name=""/></StgValue>
</bind>
</comp>

<comp id="88" class="1001" name="const_88">
<pin_list>
<pin id="89" dir="1" index="0" bw="1" slack="0"/>
</pin_list>
<bind>
<StgValue><ssdm name=""/></StgValue>
</bind>
</comp>

<comp id="90" class="1001" name="const_90">
<pin_list>
<pin id="91" dir="1" index="0" bw="1" slack="0"/>
</pin_list>
<bind>
<StgValue><ssdm name=""/></StgValue>
</bind>
</comp>

<comp id="92" class="1001" name="const_92">
<pin_list>
<pin id="93" dir="1" index="0" bw="1" slack="0"/>
</pin_list>
<bind>
<StgValue><ssdm name=""/></StgValue>
</bind>
</comp>

<comp id="94" class="1001" name="const_94">
<pin_list>
<pin id="95" dir="1" index="0" bw="1" slack="0"/>
</pin_list>
<bind>
<StgValue><ssdm name="_ssdm_op_BitConcatenate.i24.i8.i8.i8"/></StgValue>
</bind>
</comp>

<comp id="96" class="1001" name="const_96">
<pin_list>
<pin id="97" dir="1" index="0" bw="1" slack="0"/>
</pin_list>
<bind>
<StgValue><ssdm name="_ssdm_op_Write.ap_fifo.volatile.i24P0A"/></StgValue>
</bind>
</comp>

<comp id="98" class="1001" name="const_98">
<pin_list>
<pin id="99" dir="1" index="0" bw="1" slack="0"/>
</pin_list>
<bind>
<StgValue><ssdm name="_ssdm_op_Write.ap_auto.i1P0A"/></StgValue>
</bind>
</comp>

<comp id="100" class="1001" name="const_100">
<pin_list>
<pin id="101" dir="1" index="0" bw="1" slack="0"/>
</pin_list>
<bind>
<StgValue><ssdm name="_ssdm_op_Write.ap_auto.i24P0A"/></StgValue>
</bind>
</comp>

<comp id="102" class="1004" name="j_fu_102">
<pin_list>
<pin id="103" dir="0" index="0" bw="1" slack="0"/>
<pin id="104" dir="1" index="1" bw="11" slack="0"/>
</pin_list>
<bind>
<opcode="alloca(26) " fcode="alloca"/>
<opset="j/1 "/>
</bind>
</comp>

<comp id="106" class="1004" name="axi_data_fu_106">
<pin_list>
<pin id="107" dir="0" index="0" bw="1" slack="0"/>
<pin id="108" dir="1" index="1" bw="24" slack="0"/>
</pin_list>
<bind>
<opcode="alloca(26) " fcode="alloca"/>
<opset="axi_data/1 "/>
</bind>
</comp>

<comp id="110" class="1004" name="axi_last_fu_110">
<pin_list>
<pin id="111" dir="0" index="0" bw="1" slack="0"/>
<pin id="112" dir="1" index="1" bw="1" slack="0"/>
</pin_list>
<bind>
<opcode="alloca(26) " fcode="alloca"/>
<opset="axi_last/1 "/>
</bind>
</comp>

<comp id="114" class="1004" name="ColorMode_load_read_read_fu_114">
<pin_list>
<pin id="115" dir="0" index="0" bw="8" slack="0"/>
<pin id="116" dir="0" index="1" bw="8" slack="0"/>
<pin id="117" dir="1" index="2" bw="8" slack="0"/>
</pin_list>
<bind>
<opcode="read(1150) " fcode="read"/>
<opset="ColorMode_load_read/1 "/>
</bind>
</comp>

<comp id="120" class="1004" name="tmp_read_fu_120">
<pin_list>
<pin id="121" dir="0" index="0" bw="11" slack="0"/>
<pin id="122" dir="0" index="1" bw="11" slack="0"/>
<pin id="123" dir="1" index="2" bw="11" slack="0"/>
</pin_list>
<bind>
<opcode="read(1150) " fcode="read"/>
<opset="tmp/1 "/>
</bind>
</comp>

<comp id="126" class="1004" name="axi_data_2_read_read_fu_126">
<pin_list>
<pin id="127" dir="0" index="0" bw="24" slack="0"/>
<pin id="128" dir="0" index="1" bw="24" slack="0"/>
<pin id="129" dir="1" index="2" bw="24" slack="0"/>
</pin_list>
<bind>
<opcode="read(1150) " fcode="read"/>
<opset="axi_data_2_read/1 "/>
</bind>
</comp>

<comp id="132" class="1004" name="axi_last_2_read_read_fu_132">
<pin_list>
<pin id="133" dir="0" index="0" bw="1" slack="0"/>
<pin id="134" dir="0" index="1" bw="1" slack="0"/>
<pin id="135" dir="1" index="2" bw="1" slack="0"/>
</pin_list>
<bind>
<opcode="read(1150) " fcode="read"/>
<opset="axi_last_2_read/1 "/>
</bind>
</comp>

<comp id="138" class="1004" name="sof_4_read_read_fu_138">
<pin_list>
<pin id="139" dir="0" index="0" bw="1" slack="0"/>
<pin id="140" dir="0" index="1" bw="1" slack="0"/>
<pin id="141" dir="1" index="2" bw="1" slack="0"/>
</pin_list>
<bind>
<opcode="read(1150) " fcode="read"/>
<opset="sof_4_read/1 "/>
</bind>
</comp>

<comp id="144" class="1004" name="empty_148_read_fu_144">
<pin_list>
<pin id="145" dir="0" index="0" bw="34" slack="0"/>
<pin id="146" dir="0" index="1" bw="24" slack="0"/>
<pin id="147" dir="0" index="2" bw="3" slack="0"/>
<pin id="148" dir="0" index="3" bw="3" slack="0"/>
<pin id="149" dir="0" index="4" bw="1" slack="0"/>
<pin id="150" dir="0" index="5" bw="1" slack="0"/>
<pin id="151" dir="0" index="6" bw="1" slack="0"/>
<pin id="152" dir="0" index="7" bw="1" slack="0"/>
<pin id="153" dir="1" index="8" bw="34" slack="0"/>
</pin_list>
<bind>
<opcode="read(1150) " fcode="read"/>
<opset="empty_148/1 "/>
</bind>
</comp>

<comp id="162" class="1004" name="write_ln1497_write_fu_162">
<pin_list>
<pin id="163" dir="0" index="0" bw="0" slack="0"/>
<pin id="164" dir="0" index="1" bw="24" slack="0"/>
<pin id="165" dir="0" index="2" bw="24" slack="0"/>
<pin id="166" dir="1" index="3" bw="0" slack="2147483647"/>
</pin_list>
<bind>
<opcode="write(1151) " fcode="write"/>
<opset="write_ln1497/2 "/>
</bind>
</comp>

<comp id="169" class="1004" name="write_ln0_write_fu_169">
<pin_list>
<pin id="170" dir="0" index="0" bw="0" slack="0"/>
<pin id="171" dir="0" index="1" bw="1" slack="0"/>
<pin id="172" dir="0" index="2" bw="1" slack="0"/>
<pin id="173" dir="1" index="3" bw="0" slack="2147483647"/>
</pin_list>
<bind>
<opcode="write(1151) " fcode="write"/>
<opset="write_ln0/1 "/>
</bind>
</comp>

<comp id="176" class="1004" name="write_ln0_write_fu_176">
<pin_list>
<pin id="177" dir="0" index="0" bw="0" slack="0"/>
<pin id="178" dir="0" index="1" bw="24" slack="0"/>
<pin id="179" dir="0" index="2" bw="24" slack="0"/>
<pin id="180" dir="1" index="3" bw="0" slack="2147483647"/>
</pin_list>
<bind>
<opcode="write(1151) " fcode="write"/>
<opset="write_ln0/1 "/>
</bind>
</comp>

<comp id="183" class="1005" name="eol_reg_183">
<pin_list>
<pin id="184" dir="0" index="0" bw="1" slack="2147483647"/>
<pin id="185" dir="1" index="1" bw="1" slack="2147483647"/>
</pin_list>
<bind>
<opset="eol (phireg) "/>
</bind>
</comp>

<comp id="186" class="1004" name="eol_phi_fu_186">
<pin_list>
<pin id="187" dir="0" index="0" bw="1" slack="0"/>
<pin id="188" dir="0" index="1" bw="0" slack="2147483647"/>
<pin id="189" dir="0" index="2" bw="1" slack="1"/>
<pin id="190" dir="0" index="3" bw="0" slack="2147483647"/>
<pin id="191" dir="1" index="4" bw="1" slack="0"/>
</pin_list>
<bind>
<opcode="phi(47) " fcode="phi"/>
<opset="eol/1 "/>
</bind>
</comp>

<comp id="194" class="1005" name="sof_reg_194">
<pin_list>
<pin id="195" dir="0" index="0" bw="1" slack="2147483647"/>
<pin id="196" dir="1" index="1" bw="1" slack="2147483647"/>
</pin_list>
<bind>
<opset="sof (phireg) "/>
</bind>
</comp>

<comp id="197" class="1004" name="sof_phi_fu_197">
<pin_list>
<pin id="198" dir="0" index="0" bw="1" slack="0"/>
<pin id="199" dir="0" index="1" bw="0" slack="2147483647"/>
<pin id="200" dir="0" index="2" bw="1" slack="0"/>
<pin id="201" dir="0" index="3" bw="0" slack="2147483647"/>
<pin id="202" dir="1" index="4" bw="1" slack="0"/>
</pin_list>
<bind>
<opcode="phi(47) " fcode="phi"/>
<opset="sof/1 "/>
</bind>
</comp>

<comp id="205" class="1004" name="store_ln1425_store_fu_205">
<pin_list>
<pin id="206" dir="0" index="0" bw="1" slack="0"/>
<pin id="207" dir="0" index="1" bw="1" slack="0"/>
<pin id="208" dir="1" index="2" bw="0" slack="2147483647"/>
</pin_list>
<bind>
<opcode="store(28) " fcode="store"/>
<opset="store_ln1425/1 "/>
</bind>
</comp>

<comp id="210" class="1004" name="store_ln1425_store_fu_210">
<pin_list>
<pin id="211" dir="0" index="0" bw="24" slack="0"/>
<pin id="212" dir="0" index="1" bw="24" slack="0"/>
<pin id="213" dir="1" index="2" bw="0" slack="2147483647"/>
</pin_list>
<bind>
<opcode="store(28) " fcode="store"/>
<opset="store_ln1425/1 "/>
</bind>
</comp>

<comp id="215" class="1004" name="store_ln1454_store_fu_215">
<pin_list>
<pin id="216" dir="0" index="0" bw="1" slack="0"/>
<pin id="217" dir="0" index="1" bw="11" slack="0"/>
<pin id="218" dir="1" index="2" bw="0" slack="2147483647"/>
</pin_list>
<bind>
<opcode="store(28) " fcode="store"/>
<opset="store_ln1454/1 "/>
</bind>
</comp>

<comp id="220" class="1004" name="j_3_load_fu_220">
<pin_list>
<pin id="221" dir="0" index="0" bw="11" slack="0"/>
<pin id="222" dir="1" index="1" bw="11" slack="0"/>
</pin_list>
<bind>
<opcode="load(27) " fcode="load"/>
<opset="j_3/1 "/>
</bind>
</comp>

<comp id="223" class="1004" name="icmp_ln1454_fu_223">
<pin_list>
<pin id="224" dir="0" index="0" bw="11" slack="0"/>
<pin id="225" dir="0" index="1" bw="11" slack="0"/>
<pin id="226" dir="1" index="2" bw="1" slack="1"/>
</pin_list>
<bind>
<opcode="icmp(45) " fcode="icmp"/>
<opset="icmp_ln1454/1 "/>
</bind>
</comp>

<comp id="229" class="1004" name="j_4_fu_229">
<pin_list>
<pin id="230" dir="0" index="0" bw="11" slack="0"/>
<pin id="231" dir="0" index="1" bw="1" slack="0"/>
<pin id="232" dir="1" index="2" bw="11" slack="0"/>
</pin_list>
<bind>
<opcode="add(8) " fcode="add"/>
<opset="j_4/1 "/>
</bind>
</comp>

<comp id="235" class="1004" name="or_ln1458_fu_235">
<pin_list>
<pin id="236" dir="0" index="0" bw="1" slack="0"/>
<pin id="237" dir="0" index="1" bw="1" slack="0"/>
<pin id="238" dir="1" index="2" bw="1" slack="2147483647"/>
</pin_list>
<bind>
<opcode="or(24) " fcode="or"/>
<opset="or_ln1458/1 "/>
</bind>
</comp>

<comp id="241" class="1004" name="axi_data_1_fu_241">
<pin_list>
<pin id="242" dir="0" index="0" bw="34" slack="0"/>
<pin id="243" dir="1" index="1" bw="24" slack="0"/>
</pin_list>
<bind>
<opcode="extractvalue(56) " fcode="extractvalue"/>
<opset="axi_data_1/1 "/>
</bind>
</comp>

<comp id="245" class="1004" name="axi_last_1_fu_245">
<pin_list>
<pin id="246" dir="0" index="0" bw="34" slack="0"/>
<pin id="247" dir="1" index="1" bw="1" slack="0"/>
</pin_list>
<bind>
<opcode="extractvalue(56) " fcode="extractvalue"/>
<opset="axi_last_1/1 "/>
</bind>
</comp>

<comp id="249" class="1004" name="store_ln1425_store_fu_249">
<pin_list>
<pin id="250" dir="0" index="0" bw="1" slack="0"/>
<pin id="251" dir="0" index="1" bw="1" slack="0"/>
<pin id="252" dir="1" index="2" bw="0" slack="2147483647"/>
</pin_list>
<bind>
<opcode="store(28) " fcode="store"/>
<opset="store_ln1425/1 "/>
</bind>
</comp>

<comp id="254" class="1004" name="store_ln1425_store_fu_254">
<pin_list>
<pin id="255" dir="0" index="0" bw="24" slack="0"/>
<pin id="256" dir="0" index="1" bw="24" slack="0"/>
<pin id="257" dir="1" index="2" bw="0" slack="2147483647"/>
</pin_list>
<bind>
<opcode="store(28) " fcode="store"/>
<opset="store_ln1425/1 "/>
</bind>
</comp>

<comp id="259" class="1004" name="icmp_ln1480_fu_259">
<pin_list>
<pin id="260" dir="0" index="0" bw="8" slack="0"/>
<pin id="261" dir="0" index="1" bw="1" slack="0"/>
<pin id="262" dir="1" index="2" bw="1" slack="1"/>
</pin_list>
<bind>
<opcode="icmp(45) " fcode="icmp"/>
<opset="icmp_ln1480/1 "/>
</bind>
</comp>

<comp id="265" class="1004" name="icmp_ln1480_1_fu_265">
<pin_list>
<pin id="266" dir="0" index="0" bw="8" slack="0"/>
<pin id="267" dir="0" index="1" bw="1" slack="0"/>
<pin id="268" dir="1" index="2" bw="1" slack="1"/>
</pin_list>
<bind>
<opcode="icmp(45) " fcode="icmp"/>
<opset="icmp_ln1480_1/1 "/>
</bind>
</comp>

<comp id="271" class="1004" name="store_ln1454_store_fu_271">
<pin_list>
<pin id="272" dir="0" index="0" bw="11" slack="0"/>
<pin id="273" dir="0" index="1" bw="11" slack="0"/>
<pin id="274" dir="1" index="2" bw="0" slack="2147483647"/>
</pin_list>
<bind>
<opcode="store(28) " fcode="store"/>
<opset="store_ln1454/1 "/>
</bind>
</comp>

<comp id="276" class="1004" name="axi_data_4_load_fu_276">
<pin_list>
<pin id="277" dir="0" index="0" bw="24" slack="1"/>
<pin id="278" dir="1" index="1" bw="24" slack="0"/>
</pin_list>
<bind>
<opcode="load(27) " fcode="load"/>
<opset="axi_data_4/2 "/>
</bind>
</comp>

<comp id="279" class="1004" name="axi_last_4_load_fu_279">
<pin_list>
<pin id="280" dir="0" index="0" bw="1" slack="1"/>
<pin id="281" dir="1" index="1" bw="1" slack="1"/>
</pin_list>
<bind>
<opcode="load(27) " fcode="load"/>
<opset="axi_last_4/2 "/>
</bind>
</comp>

<comp id="282" class="1004" name="trunc_ln63_fu_282">
<pin_list>
<pin id="283" dir="0" index="0" bw="24" slack="0"/>
<pin id="284" dir="1" index="1" bw="8" slack="0"/>
</pin_list>
<bind>
<opcode="trunc(33) " fcode="trunc"/>
<opset="trunc_ln63/2 "/>
</bind>
</comp>

<comp id="286" class="1004" name="tmp_1_fu_286">
<pin_list>
<pin id="287" dir="0" index="0" bw="8" slack="0"/>
<pin id="288" dir="0" index="1" bw="24" slack="0"/>
<pin id="289" dir="0" index="2" bw="6" slack="0"/>
<pin id="290" dir="0" index="3" bw="6" slack="0"/>
<pin id="291" dir="1" index="4" bw="8" slack="0"/>
</pin_list>
<bind>
<opcode="partselect(1002) " fcode="partselect"/>
<opset="tmp_1/2 "/>
</bind>
</comp>

<comp id="296" class="1004" name="select_ln1480_fu_296">
<pin_list>
<pin id="297" dir="0" index="0" bw="1" slack="1"/>
<pin id="298" dir="0" index="1" bw="8" slack="0"/>
<pin id="299" dir="0" index="2" bw="8" slack="0"/>
<pin id="300" dir="1" index="3" bw="8" slack="0"/>
</pin_list>
<bind>
<opcode="select(49) " fcode="select"/>
<opset="select_ln1480/2 "/>
</bind>
</comp>

<comp id="303" class="1004" name="select_ln1480_1_fu_303">
<pin_list>
<pin id="304" dir="0" index="0" bw="1" slack="1"/>
<pin id="305" dir="0" index="1" bw="8" slack="0"/>
<pin id="306" dir="0" index="2" bw="8" slack="0"/>
<pin id="307" dir="1" index="3" bw="8" slack="0"/>
</pin_list>
<bind>
<opcode="select(49) " fcode="select"/>
<opset="select_ln1480_1/2 "/>
</bind>
</comp>

<comp id="310" class="1004" name="tmp_s_fu_310">
<pin_list>
<pin id="311" dir="0" index="0" bw="8" slack="0"/>
<pin id="312" dir="0" index="1" bw="24" slack="0"/>
<pin id="313" dir="0" index="2" bw="5" slack="0"/>
<pin id="314" dir="0" index="3" bw="5" slack="0"/>
<pin id="315" dir="1" index="4" bw="8" slack="0"/>
</pin_list>
<bind>
<opcode="partselect(1002) " fcode="partselect"/>
<opset="tmp_s/2 "/>
</bind>
</comp>

<comp id="320" class="1004" name="select_ln1480_2_fu_320">
<pin_list>
<pin id="321" dir="0" index="0" bw="1" slack="1"/>
<pin id="322" dir="0" index="1" bw="8" slack="0"/>
<pin id="323" dir="0" index="2" bw="8" slack="0"/>
<pin id="324" dir="1" index="3" bw="8" slack="0"/>
</pin_list>
<bind>
<opcode="select(49) " fcode="select"/>
<opset="select_ln1480_2/2 "/>
</bind>
</comp>

<comp id="327" class="1004" name="select_ln1480_3_fu_327">
<pin_list>
<pin id="328" dir="0" index="0" bw="1" slack="1"/>
<pin id="329" dir="0" index="1" bw="8" slack="0"/>
<pin id="330" dir="0" index="2" bw="8" slack="0"/>
<pin id="331" dir="1" index="3" bw="8" slack="0"/>
</pin_list>
<bind>
<opcode="select(49) " fcode="select"/>
<opset="select_ln1480_3/2 "/>
</bind>
</comp>

<comp id="334" class="1004" name="select_ln1480_4_fu_334">
<pin_list>
<pin id="335" dir="0" index="0" bw="1" slack="1"/>
<pin id="336" dir="0" index="1" bw="8" slack="0"/>
<pin id="337" dir="0" index="2" bw="8" slack="0"/>
<pin id="338" dir="1" index="3" bw="8" slack="0"/>
</pin_list>
<bind>
<opcode="select(49) " fcode="select"/>
<opset="select_ln1480_4/2 "/>
</bind>
</comp>

<comp id="341" class="1004" name="select_ln1480_5_fu_341">
<pin_list>
<pin id="342" dir="0" index="0" bw="1" slack="1"/>
<pin id="343" dir="0" index="1" bw="8" slack="0"/>
<pin id="344" dir="0" index="2" bw="8" slack="0"/>
<pin id="345" dir="1" index="3" bw="8" slack="0"/>
</pin_list>
<bind>
<opcode="select(49) " fcode="select"/>
<opset="select_ln1480_5/2 "/>
</bind>
</comp>

<comp id="348" class="1004" name="p_0_fu_348">
<pin_list>
<pin id="349" dir="0" index="0" bw="24" slack="0"/>
<pin id="350" dir="0" index="1" bw="8" slack="0"/>
<pin id="351" dir="0" index="2" bw="8" slack="0"/>
<pin id="352" dir="0" index="3" bw="8" slack="0"/>
<pin id="353" dir="1" index="4" bw="24" slack="0"/>
</pin_list>
<bind>
<opcode="bitconcatenate(1004) " fcode="bitconcatenate"/>
<opset="p_0/2 "/>
</bind>
</comp>

<comp id="359" class="1004" name="axi_data_load_load_fu_359">
<pin_list>
<pin id="360" dir="0" index="0" bw="24" slack="0"/>
<pin id="361" dir="1" index="1" bw="24" slack="0"/>
</pin_list>
<bind>
<opcode="load(27) " fcode="load"/>
<opset="axi_data_load/1 "/>
</bind>
</comp>

<comp id="363" class="1005" name="j_reg_363">
<pin_list>
<pin id="364" dir="0" index="0" bw="11" slack="0"/>
<pin id="365" dir="1" index="1" bw="11" slack="0"/>
</pin_list>
<bind>
<opset="j "/>
</bind>
</comp>

<comp id="370" class="1005" name="axi_data_reg_370">
<pin_list>
<pin id="371" dir="0" index="0" bw="24" slack="0"/>
<pin id="372" dir="1" index="1" bw="24" slack="0"/>
</pin_list>
<bind>
<opset="axi_data "/>
</bind>
</comp>

<comp id="378" class="1005" name="axi_last_reg_378">
<pin_list>
<pin id="379" dir="0" index="0" bw="1" slack="0"/>
<pin id="380" dir="1" index="1" bw="1" slack="0"/>
</pin_list>
<bind>
<opset="axi_last "/>
</bind>
</comp>

<comp id="385" class="1005" name="icmp_ln1454_reg_385">
<pin_list>
<pin id="386" dir="0" index="0" bw="1" slack="1"/>
<pin id="387" dir="1" index="1" bw="1" slack="2147483647"/>
</pin_list>
<bind>
<opset="icmp_ln1454 "/>
</bind>
</comp>

<comp id="392" class="1005" name="icmp_ln1480_reg_392">
<pin_list>
<pin id="393" dir="0" index="0" bw="1" slack="1"/>
<pin id="394" dir="1" index="1" bw="1" slack="1"/>
</pin_list>
<bind>
<opset="icmp_ln1480 "/>
</bind>
</comp>

<comp id="399" class="1005" name="icmp_ln1480_1_reg_399">
<pin_list>
<pin id="400" dir="0" index="0" bw="1" slack="1"/>
<pin id="401" dir="1" index="1" bw="1" slack="1"/>
</pin_list>
<bind>
<opset="icmp_ln1480_1 "/>
</bind>
</comp>

<comp id="406" class="1005" name="axi_last_4_reg_406">
<pin_list>
<pin id="407" dir="0" index="0" bw="1" slack="1"/>
<pin id="408" dir="1" index="1" bw="1" slack="1"/>
</pin_list>
<bind>
<opset="axi_last_4 "/>
</bind>
</comp>

</comp_list>

<net_list>
<net id="105"><net_src comp="30" pin="0"/><net_sink comp="102" pin=0"/></net>

<net id="109"><net_src comp="30" pin="0"/><net_sink comp="106" pin=0"/></net>

<net id="113"><net_src comp="30" pin="0"/><net_sink comp="110" pin=0"/></net>

<net id="118"><net_src comp="50" pin="0"/><net_sink comp="114" pin=0"/></net>

<net id="119"><net_src comp="8" pin="0"/><net_sink comp="114" pin=1"/></net>

<net id="124"><net_src comp="52" pin="0"/><net_sink comp="120" pin=0"/></net>

<net id="125"><net_src comp="6" pin="0"/><net_sink comp="120" pin=1"/></net>

<net id="130"><net_src comp="54" pin="0"/><net_sink comp="126" pin=0"/></net>

<net id="131"><net_src comp="4" pin="0"/><net_sink comp="126" pin=1"/></net>

<net id="136"><net_src comp="56" pin="0"/><net_sink comp="132" pin=0"/></net>

<net id="137"><net_src comp="2" pin="0"/><net_sink comp="132" pin=1"/></net>

<net id="142"><net_src comp="56" pin="0"/><net_sink comp="138" pin=0"/></net>

<net id="143"><net_src comp="0" pin="0"/><net_sink comp="138" pin=1"/></net>

<net id="154"><net_src comp="78" pin="0"/><net_sink comp="144" pin=0"/></net>

<net id="155"><net_src comp="12" pin="0"/><net_sink comp="144" pin=1"/></net>

<net id="156"><net_src comp="14" pin="0"/><net_sink comp="144" pin=2"/></net>

<net id="157"><net_src comp="16" pin="0"/><net_sink comp="144" pin=3"/></net>

<net id="158"><net_src comp="18" pin="0"/><net_sink comp="144" pin=4"/></net>

<net id="159"><net_src comp="20" pin="0"/><net_sink comp="144" pin=5"/></net>

<net id="160"><net_src comp="22" pin="0"/><net_sink comp="144" pin=6"/></net>

<net id="161"><net_src comp="24" pin="0"/><net_sink comp="144" pin=7"/></net>

<net id="167"><net_src comp="96" pin="0"/><net_sink comp="162" pin=0"/></net>

<net id="168"><net_src comp="10" pin="0"/><net_sink comp="162" pin=1"/></net>

<net id="174"><net_src comp="98" pin="0"/><net_sink comp="169" pin=0"/></net>

<net id="175"><net_src comp="26" pin="0"/><net_sink comp="169" pin=1"/></net>

<net id="181"><net_src comp="100" pin="0"/><net_sink comp="176" pin=0"/></net>

<net id="182"><net_src comp="28" pin="0"/><net_sink comp="176" pin=1"/></net>

<net id="192"><net_src comp="60" pin="0"/><net_sink comp="186" pin=0"/></net>

<net id="193"><net_src comp="186" pin="4"/><net_sink comp="169" pin=2"/></net>

<net id="203"><net_src comp="138" pin="2"/><net_sink comp="197" pin=0"/></net>

<net id="204"><net_src comp="60" pin="0"/><net_sink comp="197" pin=2"/></net>

<net id="209"><net_src comp="132" pin="2"/><net_sink comp="205" pin=0"/></net>

<net id="214"><net_src comp="126" pin="2"/><net_sink comp="210" pin=0"/></net>

<net id="219"><net_src comp="58" pin="0"/><net_sink comp="215" pin=0"/></net>

<net id="227"><net_src comp="220" pin="1"/><net_sink comp="223" pin=0"/></net>

<net id="228"><net_src comp="120" pin="2"/><net_sink comp="223" pin=1"/></net>

<net id="233"><net_src comp="220" pin="1"/><net_sink comp="229" pin=0"/></net>

<net id="234"><net_src comp="70" pin="0"/><net_sink comp="229" pin=1"/></net>

<net id="239"><net_src comp="197" pin="4"/><net_sink comp="235" pin=0"/></net>

<net id="240"><net_src comp="186" pin="4"/><net_sink comp="235" pin=1"/></net>

<net id="244"><net_src comp="144" pin="8"/><net_sink comp="241" pin=0"/></net>

<net id="248"><net_src comp="144" pin="8"/><net_sink comp="245" pin=0"/></net>

<net id="253"><net_src comp="245" pin="1"/><net_sink comp="249" pin=0"/></net>

<net id="258"><net_src comp="241" pin="1"/><net_sink comp="254" pin=0"/></net>

<net id="263"><net_src comp="114" pin="2"/><net_sink comp="259" pin=0"/></net>

<net id="264"><net_src comp="80" pin="0"/><net_sink comp="259" pin=1"/></net>

<net id="269"><net_src comp="114" pin="2"/><net_sink comp="265" pin=0"/></net>

<net id="270"><net_src comp="82" pin="0"/><net_sink comp="265" pin=1"/></net>

<net id="275"><net_src comp="229" pin="2"/><net_sink comp="271" pin=0"/></net>

<net id="285"><net_src comp="276" pin="1"/><net_sink comp="282" pin=0"/></net>

<net id="292"><net_src comp="84" pin="0"/><net_sink comp="286" pin=0"/></net>

<net id="293"><net_src comp="276" pin="1"/><net_sink comp="286" pin=1"/></net>

<net id="294"><net_src comp="86" pin="0"/><net_sink comp="286" pin=2"/></net>

<net id="295"><net_src comp="88" pin="0"/><net_sink comp="286" pin=3"/></net>

<net id="301"><net_src comp="286" pin="4"/><net_sink comp="296" pin=1"/></net>

<net id="302"><net_src comp="282" pin="1"/><net_sink comp="296" pin=2"/></net>

<net id="308"><net_src comp="282" pin="1"/><net_sink comp="303" pin=1"/></net>

<net id="309"><net_src comp="296" pin="3"/><net_sink comp="303" pin=2"/></net>

<net id="316"><net_src comp="84" pin="0"/><net_sink comp="310" pin=0"/></net>

<net id="317"><net_src comp="276" pin="1"/><net_sink comp="310" pin=1"/></net>

<net id="318"><net_src comp="90" pin="0"/><net_sink comp="310" pin=2"/></net>

<net id="319"><net_src comp="92" pin="0"/><net_sink comp="310" pin=3"/></net>

<net id="325"><net_src comp="282" pin="1"/><net_sink comp="320" pin=1"/></net>

<net id="326"><net_src comp="310" pin="4"/><net_sink comp="320" pin=2"/></net>

<net id="332"><net_src comp="310" pin="4"/><net_sink comp="327" pin=1"/></net>

<net id="333"><net_src comp="320" pin="3"/><net_sink comp="327" pin=2"/></net>

<net id="339"><net_src comp="310" pin="4"/><net_sink comp="334" pin=1"/></net>

<net id="340"><net_src comp="286" pin="4"/><net_sink comp="334" pin=2"/></net>

<net id="346"><net_src comp="286" pin="4"/><net_sink comp="341" pin=1"/></net>

<net id="347"><net_src comp="334" pin="3"/><net_sink comp="341" pin=2"/></net>

<net id="354"><net_src comp="94" pin="0"/><net_sink comp="348" pin=0"/></net>

<net id="355"><net_src comp="341" pin="3"/><net_sink comp="348" pin=1"/></net>

<net id="356"><net_src comp="327" pin="3"/><net_sink comp="348" pin=2"/></net>

<net id="357"><net_src comp="303" pin="3"/><net_sink comp="348" pin=3"/></net>

<net id="358"><net_src comp="348" pin="4"/><net_sink comp="162" pin=2"/></net>

<net id="362"><net_src comp="359" pin="1"/><net_sink comp="176" pin=2"/></net>

<net id="366"><net_src comp="102" pin="1"/><net_sink comp="363" pin=0"/></net>

<net id="367"><net_src comp="363" pin="1"/><net_sink comp="215" pin=1"/></net>

<net id="368"><net_src comp="363" pin="1"/><net_sink comp="220" pin=0"/></net>

<net id="369"><net_src comp="363" pin="1"/><net_sink comp="271" pin=1"/></net>

<net id="373"><net_src comp="106" pin="1"/><net_sink comp="370" pin=0"/></net>

<net id="374"><net_src comp="370" pin="1"/><net_sink comp="210" pin=1"/></net>

<net id="375"><net_src comp="370" pin="1"/><net_sink comp="254" pin=1"/></net>

<net id="376"><net_src comp="370" pin="1"/><net_sink comp="276" pin=0"/></net>

<net id="377"><net_src comp="370" pin="1"/><net_sink comp="359" pin=0"/></net>

<net id="381"><net_src comp="110" pin="1"/><net_sink comp="378" pin=0"/></net>

<net id="382"><net_src comp="378" pin="1"/><net_sink comp="205" pin=1"/></net>

<net id="383"><net_src comp="378" pin="1"/><net_sink comp="249" pin=1"/></net>

<net id="384"><net_src comp="378" pin="1"/><net_sink comp="279" pin=0"/></net>

<net id="388"><net_src comp="223" pin="2"/><net_sink comp="385" pin=0"/></net>

<net id="395"><net_src comp="259" pin="2"/><net_sink comp="392" pin=0"/></net>

<net id="396"><net_src comp="392" pin="1"/><net_sink comp="296" pin=0"/></net>

<net id="397"><net_src comp="392" pin="1"/><net_sink comp="320" pin=0"/></net>

<net id="398"><net_src comp="392" pin="1"/><net_sink comp="334" pin=0"/></net>

<net id="402"><net_src comp="265" pin="2"/><net_sink comp="399" pin=0"/></net>

<net id="403"><net_src comp="399" pin="1"/><net_sink comp="303" pin=0"/></net>

<net id="404"><net_src comp="399" pin="1"/><net_sink comp="327" pin=0"/></net>

<net id="405"><net_src comp="399" pin="1"/><net_sink comp="341" pin=0"/></net>

<net id="409"><net_src comp="279" pin="1"/><net_sink comp="406" pin=0"/></net>

<net id="410"><net_src comp="406" pin="1"/><net_sink comp="186" pin=2"/></net>

</net_list>

</model> 
---------------- Datapath Model END ------------------

* FSMD analyzer results:
  - Output states:
	Port: stream_in | {2 }
	Port: eol_out | {1 }
	Port: axi_data_3_out | {1 }
 - Input state : 
	Port: AXIvideo2MultiPixStream_Pipeline_loop_width : sof_4 | {1 }
	Port: AXIvideo2MultiPixStream_Pipeline_loop_width : axi_last_2 | {1 }
	Port: AXIvideo2MultiPixStream_Pipeline_loop_width : axi_data_2 | {1 }
	Port: AXIvideo2MultiPixStream_Pipeline_loop_width : empty | {1 }
	Port: AXIvideo2MultiPixStream_Pipeline_loop_width : ColorMode_load | {1 }
	Port: AXIvideo2MultiPixStream_Pipeline_loop_width : s_axis_video_V_data_V | {1 }
	Port: AXIvideo2MultiPixStream_Pipeline_loop_width : s_axis_video_V_keep_V | {1 }
	Port: AXIvideo2MultiPixStream_Pipeline_loop_width : s_axis_video_V_strb_V | {1 }
	Port: AXIvideo2MultiPixStream_Pipeline_loop_width : s_axis_video_V_user_V | {1 }
	Port: AXIvideo2MultiPixStream_Pipeline_loop_width : s_axis_video_V_last_V | {1 }
	Port: AXIvideo2MultiPixStream_Pipeline_loop_width : s_axis_video_V_id_V | {1 }
	Port: AXIvideo2MultiPixStream_Pipeline_loop_width : s_axis_video_V_dest_V | {1 }
  - Chain level:
	State 1
		store_ln1454 : 1
		eol : 1
		sof : 1
		j_3 : 1
		icmp_ln1454 : 2
		j_4 : 2
		br_ln1454 : 3
		or_ln1458 : 2
		br_ln1458 : 2
		store_ln1425 : 1
		store_ln1425 : 1
		store_ln1454 : 3
		axi_data_load : 1
		write_ln0 : 2
		write_ln0 : 2
	State 2
		trunc_ln63 : 1
		tmp_1 : 1
		select_ln1480 : 2
		select_ln1480_1 : 3
		tmp_s : 1
		select_ln1480_2 : 2
		select_ln1480_3 : 3
		select_ln1480_4 : 2
		select_ln1480_5 : 3
		p_0 : 4
		write_ln1497 : 5


============================================================
+ Verbose Summary: Datapath Resource usage 
============================================================

* Functional unit list:
|----------|---------------------------------|---------|---------|
| Operation|         Functional Unit         |    FF   |   LUT   |
|----------|---------------------------------|---------|---------|
|          |       select_ln1480_fu_296      |    0    |    8    |
|          |      select_ln1480_1_fu_303     |    0    |    8    |
|  select  |      select_ln1480_2_fu_320     |    0    |    8    |
|          |      select_ln1480_3_fu_327     |    0    |    8    |
|          |      select_ln1480_4_fu_334     |    0    |    8    |
|          |      select_ln1480_5_fu_341     |    0    |    8    |
|----------|---------------------------------|---------|---------|
|          |        icmp_ln1454_fu_223       |    0    |    12   |
|   icmp   |        icmp_ln1480_fu_259       |    0    |    15   |
|          |       icmp_ln1480_1_fu_265      |    0    |    15   |
|----------|---------------------------------|---------|---------|
|    add   |            j_4_fu_229           |    0    |    12   |
|----------|---------------------------------|---------|---------|
|    or    |         or_ln1458_fu_235        |    0    |    2    |
|----------|---------------------------------|---------|---------|
|          | ColorMode_load_read_read_fu_114 |    0    |    0    |
|          |         tmp_read_fu_120         |    0    |    0    |
|   read   |   axi_data_2_read_read_fu_126   |    0    |    0    |
|          |   axi_last_2_read_read_fu_132   |    0    |    0    |
|          |      sof_4_read_read_fu_138     |    0    |    0    |
|          |      empty_148_read_fu_144      |    0    |    0    |
|----------|---------------------------------|---------|---------|
|          |    write_ln1497_write_fu_162    |    0    |    0    |
|   write  |      write_ln0_write_fu_169     |    0    |    0    |
|          |      write_ln0_write_fu_176     |    0    |    0    |
|----------|---------------------------------|---------|---------|
|extractvalue|        axi_data_1_fu_241        |    0    |    0    |
|          |        axi_last_1_fu_245        |    0    |    0    |
|----------|---------------------------------|---------|---------|
|   trunc  |        trunc_ln63_fu_282        |    0    |    0    |
|----------|---------------------------------|---------|---------|
|partselect|           tmp_1_fu_286          |    0    |    0    |
|          |           tmp_s_fu_310          |    0    |    0    |
|----------|---------------------------------|---------|---------|
|bitconcatenate|            p_0_fu_348           |    0    |    0    |
|----------|---------------------------------|---------|---------|
|   Total  |                                 |    0    |   104   |
|----------|---------------------------------|---------|---------|

Memories:
N/A

* Register list:
+---------------------+--------+
|                     |   FF   |
+---------------------+--------+
|   axi_data_reg_370  |   24   |
|  axi_last_4_reg_406 |    1   |
|   axi_last_reg_378  |    1   |
|     eol_reg_183     |    1   |
| icmp_ln1454_reg_385 |    1   |
|icmp_ln1480_1_reg_399|    1   |
| icmp_ln1480_reg_392 |    1   |
|      j_reg_363      |   11   |
|     sof_reg_194     |    1   |
+---------------------+--------+
|        Total        |   42   |
+---------------------+--------+

* Multiplexer (MUX) list: 
|--------|------|------|------|--------|
|  Comp  |  Pin | Size |  BW  | S x BW |
|--------|------|------|------|--------|
|  Total |      |      |      |    0   |
|--------|------|------|------|--------|



* Summary:
+-----------+--------+--------+
|           |   FF   |   LUT  |
+-----------+--------+--------+
|  Function |    0   |   104  |
|   Memory  |    -   |    -   |
|Multiplexer|    -   |    -   |
|  Register |   42   |    -   |
+-----------+--------+--------+
|   Total   |   42   |   104  |
+-----------+--------+--------+
