

================================================================
== Vitis HLS Report for 'MultiPixStream2AXIvideo_Pipeline_VITIS_LOOP_1589_3'
================================================================
* Date:           Wed Dec 20 19:01:31 2023

* Version:        2023.2 (Build 4023990 on Oct 11 2023)
* Project:        prj
* Solution:       sol (Vivado IP Flow Target)
* Product family: zynq
* Target device:  xc7z020-clg484-1


================================================================
== Performance Estimates
================================================================
+ Timing: 
    * Summary: 
    +--------+---------+----------+------------+
    |  Clock |  Target | Estimated| Uncertainty|
    +--------+---------+----------+------------+
    |ap_clk  |  7.00 ns|  4.815 ns|     1.89 ns|
    +--------+---------+----------+------------+

+ Latency: 
    * Summary: 
    +---------+---------+----------+-----------+-----+------+---------+
    |  Latency (cycles) |  Latency (absolute)  |  Interval  | Pipeline|
    |   min   |   max   |    min   |    max    | min |  max |   Type  |
    +---------+---------+----------+-----------+-----+------+---------+
    |       20|     1924|  0.140 us|  13.468 us|   20|  1924|       no|
    +---------+---------+----------+-----------+-----+------+---------+

    + Detail: 
        * Instance: 
        N/A

        * Loop: 
        +---------------------+---------+---------+----------+-----------+-----------+-----------+----------+
        |                     |  Latency (cycles) | Iteration|  Initiation Interval  |    Trip   |          |
        |      Loop Name      |   min   |   max   |  Latency |  achieved |   target  |   Count   | Pipelined|
        +---------------------+---------+---------+----------+-----------+-----------+-----------+----------+
        |- VITIS_LOOP_1589_3  |       18|     1922|         3|          1|          1|  16 ~ 1920|       yes|
        +---------------------+---------+---------+----------+-----------+-----------+-----------+----------+

============================================================
+ Verbose Summary: Synthesis Manager
============================================================
InlineROM: 1
ExposeGlobal: 0
============================================================
+ Verbose Summary: CDFG Model
============================================================
IsTopModel: 0
ResetActiveHigh: 1
IsCombinational: 0
IsDatapathOnly: 0
HasWiredReturn: 1
HasMFsm: 2
HasVarLatency: 1
IsPipeline: 0
IsRtlPipelined: 0
IsInstanceOverlapped: 0
IsDontTouch: 0
HasImplIP: 0
IsGatedGlobalClock: 0

+ Individual pipeline summary: 
  * Pipeline-0: initiation interval (II) = 1, depth = 3


============================================================
+ Verbose Summary: Schedule
============================================================
* Number of FSM states : 3
* Pipeline : 1
  Pipeline-0 : II = 1, D = 3, States = { 1 2 3 }
* Dataflow Pipeline: 0

* FSM state transitions: 
1 --> 2 
2 --> 3 
3 --> 

* FSM state operations: 

State 1 <SV = 0> <Delay = 4.81>
ST_1 : Operation 6 [1/1] (0.00ns)   --->   "%j = alloca i32 1" [G:/Project-Workspace/zynq-7020-video-pipe-3/hw/video-pipe-hw-v3/hw_011223.runs/bd_8126_hsc_0_synth_1/prj/sol/.autopilot/db/v_hscaler.cpp:1589]   --->   Operation 6 'alloca' 'j' <Predicate = true> <Delay = 0.00>
ST_1 : Operation 7 [1/1] (0.00ns)   --->   "%specaxissidechannel_ln0 = specaxissidechannel void @_ssdm_op_SpecAXISSideChannel, i24 %m_axis_video_V_data_V, i3 %m_axis_video_V_keep_V, i3 %m_axis_video_V_strb_V, i1 %m_axis_video_V_user_V, i1 %m_axis_video_V_last_V, i1 %m_axis_video_V_id_V, i1 %m_axis_video_V_dest_V, void @empty_25"   --->   Operation 7 'specaxissidechannel' 'specaxissidechannel_ln0' <Predicate = true> <Delay = 0.00>
ST_1 : Operation 8 [1/1] (0.00ns)   --->   "%specinterface_ln0 = specinterface void @_ssdm_op_SpecInterface, i24 %m_axis_video_V_data_V, i3 %m_axis_video_V_keep_V, i3 %m_axis_video_V_strb_V, i1 %m_axis_video_V_user_V, i1 %m_axis_video_V_last_V, i1 %m_axis_video_V_id_V, i1 %m_axis_video_V_dest_V, void @empty_2, i32 0, i32 0, void @empty_11, i32 0, i32 0, void @empty_10, void @empty_10, void @empty_10, i32 0, i32 0, i32 0, i32 0, void @empty_10, void @empty_10, i32 4294967295, i32 0"   --->   Operation 8 'specinterface' 'specinterface_ln0' <Predicate = true> <Delay = 0.00>
ST_1 : Operation 9 [1/1] (0.00ns)   --->   "%specinterface_ln0 = specinterface void @_ssdm_op_SpecInterface, i24 %stream_out_420, void @empty_23, i32 0, i32 0, void @empty_10, i32 0, i32 0, void @empty_10, void @empty_10, void @empty_10, i32 0, i32 0, i32 0, i32 0, void @empty_10, void @empty_10, i32 4294967295, i32 0"   --->   Operation 9 'specinterface' 'specinterface_ln0' <Predicate = true> <Delay = 0.00>
ST_1 : Operation 10 [1/1] (0.00ns)   --->   "%tmp_25 = read i2 @_ssdm_op_Read.ap_auto.i2, i2 %empty"   --->   Operation 10 'read' 'tmp_25' <Predicate = true> <Delay = 0.00>
ST_1 : Operation 11 [1/1] (0.00ns)   --->   "%tmp_26 = read i2 @_ssdm_op_Read.ap_auto.i2, i2 %empty_58"   --->   Operation 11 'read' 'tmp_26' <Predicate = true> <Delay = 0.00>
ST_1 : Operation 12 [1/1] (0.00ns)   --->   "%tmp_27 = read i2 @_ssdm_op_Read.ap_auto.i2, i2 %empty_57"   --->   Operation 12 'read' 'tmp_27' <Predicate = true> <Delay = 0.00>
ST_1 : Operation 13 [1/1] (0.00ns)   --->   "%sub_read = read i11 @_ssdm_op_Read.ap_auto.i11, i11 %sub"   --->   Operation 13 'read' 'sub_read' <Predicate = true> <Delay = 0.00>
ST_1 : Operation 14 [1/1] (0.00ns)   --->   "%tmp_28 = read i11 @_ssdm_op_Read.ap_auto.i11, i11 %empty_56"   --->   Operation 14 'read' 'tmp_28' <Predicate = true> <Delay = 0.00>
ST_1 : Operation 15 [1/1] (0.00ns)   --->   "%sof_read = read i1 @_ssdm_op_Read.ap_auto.i1, i1 %sof"   --->   Operation 15 'read' 'sof_read' <Predicate = true> <Delay = 0.00>
ST_1 : Operation 16 [1/1] (1.58ns)   --->   "%store_ln1589 = store i11 0, i11 %j" [G:/Project-Workspace/zynq-7020-video-pipe-3/hw/video-pipe-hw-v3/hw_011223.runs/bd_8126_hsc_0_synth_1/prj/sol/.autopilot/db/v_hscaler.cpp:1589]   --->   Operation 16 'store' 'store_ln1589' <Predicate = true> <Delay = 1.58>
ST_1 : Operation 17 [1/1] (1.58ns)   --->   "%br_ln0 = br void %for.body37"   --->   Operation 17 'br' 'br_ln0' <Predicate = true> <Delay = 1.58>
ST_1 : Operation 18 [1/1] (0.00ns)   --->   "%j_1 = load i11 %j" [G:/Project-Workspace/zynq-7020-video-pipe-3/hw/video-pipe-hw-v3/hw_011223.runs/bd_8126_hsc_0_synth_1/prj/sol/.autopilot/db/v_hscaler.cpp:1589]   --->   Operation 18 'load' 'j_1' <Predicate = true> <Delay = 0.00>
ST_1 : Operation 19 [1/1] (1.63ns)   --->   "%icmp_ln1589 = icmp_eq  i11 %j_1, i11 %tmp_28" [G:/Project-Workspace/zynq-7020-video-pipe-3/hw/video-pipe-hw-v3/hw_011223.runs/bd_8126_hsc_0_synth_1/prj/sol/.autopilot/db/v_hscaler.cpp:1589]   --->   Operation 19 'icmp' 'icmp_ln1589' <Predicate = true> <Delay = 1.63> <CoreInst = "Cmp">   --->   Core 9 'Cmp' <Latency = 0> <II = 1> <Delay = 1.63> <FuncUnit> <Opcode : 'icmp'> <InPorts = 2> <OutPorts = 1>
ST_1 : Operation 20 [1/1] (1.63ns)   --->   "%j_2 = add i11 %j_1, i11 1" [G:/Project-Workspace/zynq-7020-video-pipe-3/hw/video-pipe-hw-v3/hw_011223.runs/bd_8126_hsc_0_synth_1/prj/sol/.autopilot/db/v_hscaler.cpp:1589]   --->   Operation 20 'add' 'j_2' <Predicate = true> <Delay = 1.63> <CoreInst = "Adder">   --->   Core 1 'Adder' <Latency = 0> <II = 1> <Delay = 1.63> <FuncUnit> <Opcode : 'add' 'sub'> <InPorts = 2> <OutPorts = 1>
ST_1 : Operation 21 [1/1] (0.00ns)   --->   "%br_ln1589 = br i1 %icmp_ln1589, void %for.body37.split, void %for.inc77.exitStub" [G:/Project-Workspace/zynq-7020-video-pipe-3/hw/video-pipe-hw-v3/hw_011223.runs/bd_8126_hsc_0_synth_1/prj/sol/.autopilot/db/v_hscaler.cpp:1589]   --->   Operation 21 'br' 'br_ln1589' <Predicate = true> <Delay = 0.00>
ST_1 : Operation 22 [1/1] (1.63ns)   --->   "%axi_last = icmp_eq  i11 %j_1, i11 %sub_read" [G:/Project-Workspace/zynq-7020-video-pipe-3/hw/video-pipe-hw-v3/hw_011223.runs/bd_8126_hsc_0_synth_1/prj/sol/.autopilot/db/v_hscaler.cpp:1602]   --->   Operation 22 'icmp' 'axi_last' <Predicate = (!icmp_ln1589)> <Delay = 1.63> <CoreInst = "Cmp">   --->   Core 9 'Cmp' <Latency = 0> <II = 1> <Delay = 1.63> <FuncUnit> <Opcode : 'icmp'> <InPorts = 2> <OutPorts = 1>
ST_1 : Operation 23 [1/1] (1.58ns)   --->   "%store_ln1589 = store i11 %j_2, i11 %j" [G:/Project-Workspace/zynq-7020-video-pipe-3/hw/video-pipe-hw-v3/hw_011223.runs/bd_8126_hsc_0_synth_1/prj/sol/.autopilot/db/v_hscaler.cpp:1589]   --->   Operation 23 'store' 'store_ln1589' <Predicate = (!icmp_ln1589)> <Delay = 1.58>
ST_1 : Operation 24 [1/1] (0.00ns)   --->   "%br_ln1589 = br void %for.body37" [G:/Project-Workspace/zynq-7020-video-pipe-3/hw/video-pipe-hw-v3/hw_011223.runs/bd_8126_hsc_0_synth_1/prj/sol/.autopilot/db/v_hscaler.cpp:1589]   --->   Operation 24 'br' 'br_ln1589' <Predicate = (!icmp_ln1589)> <Delay = 0.00>

State 2 <SV = 1> <Delay = 4.26>
ST_2 : Operation 25 [1/1] (2.55ns)   --->   "%stream_out_420_read = read i24 @_ssdm_op_Read.ap_fifo.volatile.i24P0A, i24 %stream_out_420" [G:/Project-Workspace/zynq-7020-video-pipe-3/hw/video-pipe-hw-v3/hw_011223.runs/bd_8126_hsc_0_synth_1/prj/sol/.autopilot/db/v_hscaler.cpp:1610]   --->   Operation 25 'read' 'stream_out_420_read' <Predicate = (!icmp_ln1589)> <Delay = 2.55> <CoreInst = "FIFO_SRL">   --->   Core 81 'FIFO_SRL' <Latency = 0> <II = 1> <Delay = 3.80> <Storage> <Opcode : 'read' 'write' 'nbread' 'nbwrite'> <Ports = 0> <Width = 24> <Depth = 16> <FIFO>
ST_2 : Operation 26 [1/1] (0.00ns)   --->   "%pix = trunc i24 %stream_out_420_read" [G:/Project-Workspace/zynq-7020-video-pipe-3/hw/video-pipe-hw-v3/hw_011223.runs/bd_8126_hsc_0_synth_1/prj/sol/.autopilot/db/v_hscaler.cpp:1610]   --->   Operation 26 'trunc' 'pix' <Predicate = (!icmp_ln1589)> <Delay = 0.00>
ST_2 : Operation 27 [1/1] (0.00ns)   --->   "%pix_1 = partselect i8 @_ssdm_op_PartSelect.i8.i24.i32.i32, i24 %stream_out_420_read, i32 8, i32 15" [G:/Project-Workspace/zynq-7020-video-pipe-3/hw/video-pipe-hw-v3/hw_011223.runs/bd_8126_hsc_0_synth_1/prj/sol/.autopilot/db/v_hscaler.cpp:1610]   --->   Operation 27 'partselect' 'pix_1' <Predicate = (!icmp_ln1589)> <Delay = 0.00>
ST_2 : Operation 28 [1/1] (0.00ns)   --->   "%pix_2 = partselect i8 @_ssdm_op_PartSelect.i8.i24.i32.i32, i24 %stream_out_420_read, i32 16, i32 23" [G:/Project-Workspace/zynq-7020-video-pipe-3/hw/video-pipe-hw-v3/hw_011223.runs/bd_8126_hsc_0_synth_1/prj/sol/.autopilot/db/v_hscaler.cpp:1610]   --->   Operation 28 'partselect' 'pix_2' <Predicate = (!icmp_ln1589)> <Delay = 0.00>
ST_2 : Operation 29 [1/1] (1.70ns)   --->   "%tmp = sparsemux i8 @_ssdm_op_SparseMux.ap_auto.3i8.i8.i2, i2 0, i8 %pix, i2 1, i8 %pix_1, i2 2, i8 %pix_2, i8 0, i2 %tmp_27" [G:/Project-Workspace/zynq-7020-video-pipe-3/hw/video-pipe-hw-v3/hw_011223.runs/bd_8126_hsc_0_synth_1/prj/sol/.autopilot/db/v_hscaler.cpp:1619]   --->   Operation 29 'sparsemux' 'tmp' <Predicate = (!icmp_ln1589)> <Delay = 1.70> <CoreInst = "SparseMux">   --->   Core 135 'SparseMux' <Latency = 0> <II = 1> <Delay = 1.70> <FuncUnit> <Opcode : 'sparsemux'> <InPorts = 2> <OutPorts = 1>
ST_2 : Operation 30 [1/1] (1.70ns)   --->   "%tmp_s = sparsemux i8 @_ssdm_op_SparseMux.ap_auto.3i8.i8.i2, i2 0, i8 %pix, i2 1, i8 %pix_1, i2 2, i8 %pix_2, i8 0, i2 %tmp_26" [G:/Project-Workspace/zynq-7020-video-pipe-3/hw/video-pipe-hw-v3/hw_011223.runs/bd_8126_hsc_0_synth_1/prj/sol/.autopilot/db/v_hscaler.cpp:1619]   --->   Operation 30 'sparsemux' 'tmp_s' <Predicate = (!icmp_ln1589)> <Delay = 1.70> <CoreInst = "SparseMux">   --->   Core 135 'SparseMux' <Latency = 0> <II = 1> <Delay = 1.70> <FuncUnit> <Opcode : 'sparsemux'> <InPorts = 2> <OutPorts = 1>
ST_2 : Operation 31 [1/1] (1.70ns)   --->   "%tmp_17 = sparsemux i8 @_ssdm_op_SparseMux.ap_auto.3i8.i8.i2, i2 0, i8 %pix, i2 1, i8 %pix_1, i2 2, i8 %pix_2, i8 0, i2 %tmp_25" [G:/Project-Workspace/zynq-7020-video-pipe-3/hw/video-pipe-hw-v3/hw_011223.runs/bd_8126_hsc_0_synth_1/prj/sol/.autopilot/db/v_hscaler.cpp:1619]   --->   Operation 31 'sparsemux' 'tmp_17' <Predicate = (!icmp_ln1589)> <Delay = 1.70> <CoreInst = "SparseMux">   --->   Core 135 'SparseMux' <Latency = 0> <II = 1> <Delay = 1.70> <FuncUnit> <Opcode : 'sparsemux'> <InPorts = 2> <OutPorts = 1>

State 3 <SV = 2> <Delay = 1.00>
ST_3 : Operation 32 [1/1] (0.00ns)   --->   "%sof_2 = phi i1 %sof_read, void %newFuncRoot, i1 0, void %for.body37.split"   --->   Operation 32 'phi' 'sof_2' <Predicate = true> <Delay = 0.00>
ST_3 : Operation 33 [1/1] (0.00ns)   --->   "%speclooptripcount_ln0 = speclooptripcount void @_ssdm_op_SpecLoopTripCount, i64 16, i64 1920, i64 0"   --->   Operation 33 'speclooptripcount' 'speclooptripcount_ln0' <Predicate = true> <Delay = 0.00>
ST_3 : Operation 34 [1/1] (0.00ns)   --->   "%specpipeline_ln1592 = specpipeline void @_ssdm_op_SpecPipeline, i32 1, i32 0, i32 0, i32 0, void @empty_10" [G:/Project-Workspace/zynq-7020-video-pipe-3/hw/video-pipe-hw-v3/hw_011223.runs/bd_8126_hsc_0_synth_1/prj/sol/.autopilot/db/v_hscaler.cpp:1592]   --->   Operation 34 'specpipeline' 'specpipeline_ln1592' <Predicate = (!icmp_ln1589)> <Delay = 0.00>
ST_3 : Operation 35 [1/1] (0.00ns)   --->   "%specloopname_ln1589 = specloopname void @_ssdm_op_SpecLoopName, void @empty_8" [G:/Project-Workspace/zynq-7020-video-pipe-3/hw/video-pipe-hw-v3/hw_011223.runs/bd_8126_hsc_0_synth_1/prj/sol/.autopilot/db/v_hscaler.cpp:1589]   --->   Operation 35 'specloopname' 'specloopname_ln1589' <Predicate = (!icmp_ln1589)> <Delay = 0.00>
ST_3 : Operation 36 [1/1] (0.00ns)   --->   "%axi_data = bitconcatenate i24 @_ssdm_op_BitConcatenate.i24.i8.i8.i8, i8 %tmp_17, i8 %tmp_s, i8 %tmp" [G:/Project-Workspace/zynq-7020-video-pipe-3/hw/video-pipe-hw-v3/hw_011223.runs/bd_8126_hsc_0_synth_1/prj/sol/.autopilot/db/v_hscaler.cpp:1619]   --->   Operation 36 'bitconcatenate' 'axi_data' <Predicate = (!icmp_ln1589)> <Delay = 0.00>
ST_3 : Operation 37 [1/1] (1.00ns)   --->   "%write_ln1624 = write void @_ssdm_op_Write.axis.volatile.i24P0A.i3P0A.i3P0A.i1P0A.i1P0A.i1P0A.i1P0A, i24 %m_axis_video_V_data_V, i3 %m_axis_video_V_keep_V, i3 %m_axis_video_V_strb_V, i1 %m_axis_video_V_user_V, i1 %m_axis_video_V_last_V, i1 %m_axis_video_V_id_V, i1 %m_axis_video_V_dest_V, i24 %axi_data, i3 7, i3 0, i1 %sof_2, i1 %axi_last, i1 0, i1 0" [G:/Project-Workspace/zynq-7020-video-pipe-3/hw/video-pipe-hw-v3/hw_011223.runs/bd_8126_hsc_0_synth_1/prj/sol/.autopilot/db/v_hscaler.cpp:1624]   --->   Operation 37 'write' 'write_ln1624' <Predicate = (!icmp_ln1589)> <Delay = 1.00> <CoreInst = "axis">   --->   Core 115 'axis' <Latency = 0> <II = 1> <Delay = 1.00> <Adapter> <Opcode : >
ST_3 : Operation 38 [1/1] (0.00ns)   --->   "%ret_ln0 = ret"   --->   Operation 38 'ret' 'ret_ln0' <Predicate = (icmp_ln1589)> <Delay = 0.00>


============================================================
+ Verbose Summary: Binding
============================================================
STG Binding: 
---------------- STG Properties BEGIN ----------------
- Is combinational: 0
- Is one-state seq: 0
- Is datapath-only: 0
- Is pipelined: 0
- Is top level: 0
Port [ Return ] is wired: 1; IO mode=ap_ctrl_hs:ce=0
Port [ sof]:  wired=1; compound=0; hidden=0; nouse=0; global=0; static=0; extern=0; dir=0; type=0; pingpong=0; private_global=0; IO mode=ap_none:ce=0
Port [ empty_56]:  wired=1; compound=0; hidden=0; nouse=0; global=0; static=0; extern=0; dir=0; type=0; pingpong=0; private_global=0; IO mode=ap_stable:ce=0
Port [ sub]:  wired=1; compound=0; hidden=0; nouse=0; global=0; static=0; extern=0; dir=0; type=0; pingpong=0; private_global=0; IO mode=ap_stable:ce=0
Port [ stream_out_420]:  wired=1; compound=1; hidden=0; nouse=0; global=0; static=0; extern=0; dir=0; type=3; pingpong=0; private_global=0; IO mode=ap_fifo:ce=0
Port [ empty_57]:  wired=1; compound=0; hidden=0; nouse=0; global=0; static=0; extern=0; dir=0; type=0; pingpong=0; private_global=0; IO mode=ap_none:ce=0
Port [ empty_58]:  wired=1; compound=0; hidden=0; nouse=0; global=0; static=0; extern=0; dir=0; type=0; pingpong=0; private_global=0; IO mode=ap_none:ce=0
Port [ empty]:  wired=1; compound=0; hidden=0; nouse=0; global=0; static=0; extern=0; dir=0; type=0; pingpong=0; private_global=0; IO mode=ap_none:ce=0
Port [ m_axis_video_V_data_V]:  wired=1; compound=1; hidden=0; nouse=0; global=0; static=0; extern=0; dir=1; type=0; pingpong=0; private_global=0; IO mode=axis:ce=0
Port [ m_axis_video_V_keep_V]:  wired=1; compound=1; hidden=0; nouse=0; global=0; static=0; extern=0; dir=1; type=0; pingpong=0; private_global=0; IO mode=axis:ce=0
Port [ m_axis_video_V_strb_V]:  wired=1; compound=1; hidden=0; nouse=0; global=0; static=0; extern=0; dir=1; type=0; pingpong=0; private_global=0; IO mode=axis:ce=0
Port [ m_axis_video_V_user_V]:  wired=1; compound=1; hidden=0; nouse=0; global=0; static=0; extern=0; dir=1; type=0; pingpong=0; private_global=0; IO mode=axis:ce=0
Port [ m_axis_video_V_last_V]:  wired=1; compound=1; hidden=0; nouse=0; global=0; static=0; extern=0; dir=1; type=0; pingpong=0; private_global=0; IO mode=axis:ce=0
Port [ m_axis_video_V_id_V]:  wired=1; compound=1; hidden=0; nouse=0; global=0; static=0; extern=0; dir=1; type=0; pingpong=0; private_global=0; IO mode=axis:ce=0
Port [ m_axis_video_V_dest_V]:  wired=1; compound=1; hidden=0; nouse=0; global=0; static=0; extern=0; dir=1; type=0; pingpong=0; private_global=0; IO mode=axis:ce=0
---------------- STG Properties END ------------------

---------------- Datapath Model BEGIN ----------------

<LifeTime>
<method=bitvector/>
j                       (alloca             ) [ 0100]
specaxissidechannel_ln0 (specaxissidechannel) [ 0000]
specinterface_ln0       (specinterface      ) [ 0000]
specinterface_ln0       (specinterface      ) [ 0000]
tmp_25                  (read               ) [ 0110]
tmp_26                  (read               ) [ 0110]
tmp_27                  (read               ) [ 0110]
sub_read                (read               ) [ 0000]
tmp_28                  (read               ) [ 0000]
sof_read                (read               ) [ 0111]
store_ln1589            (store              ) [ 0000]
br_ln0                  (br                 ) [ 0111]
j_1                     (load               ) [ 0000]
icmp_ln1589             (icmp               ) [ 0111]
j_2                     (add                ) [ 0000]
br_ln1589               (br                 ) [ 0000]
axi_last                (icmp               ) [ 0111]
store_ln1589            (store              ) [ 0000]
br_ln1589               (br                 ) [ 0111]
stream_out_420_read     (read               ) [ 0000]
pix                     (trunc              ) [ 0000]
pix_1                   (partselect         ) [ 0000]
pix_2                   (partselect         ) [ 0000]
tmp                     (sparsemux          ) [ 0101]
tmp_s                   (sparsemux          ) [ 0101]
tmp_17                  (sparsemux          ) [ 0101]
sof_2                   (phi                ) [ 0111]
speclooptripcount_ln0   (speclooptripcount  ) [ 0000]
specpipeline_ln1592     (specpipeline       ) [ 0000]
specloopname_ln1589     (specloopname       ) [ 0000]
axi_data                (bitconcatenate     ) [ 0000]
write_ln1624            (write              ) [ 0000]
ret_ln0                 (ret                ) [ 0000]
</LifeTime>

<model>

<comp_list>
<comp id="0" class="1000" name="sof">
<pin_list>
<pin id="1" dir="1" index="0" bw="1" slack="0"/>
</pin_list>
<bind>
<StgValue><ssdm name="sof"/></StgValue>
</bind>
</comp>

<comp id="2" class="1000" name="empty_56">
<pin_list>
<pin id="3" dir="1" index="0" bw="1" slack="0"/>
</pin_list>
<bind>
<StgValue><ssdm name="empty_56"/></StgValue>
</bind>
</comp>

<comp id="4" class="1000" name="sub">
<pin_list>
<pin id="5" dir="1" index="0" bw="1" slack="0"/>
</pin_list>
<bind>
<StgValue><ssdm name="sub"/></StgValue>
</bind>
</comp>

<comp id="6" class="1000" name="stream_out_420">
<pin_list>
<pin id="7" dir="1" index="0" bw="1" slack="0"/>
</pin_list>
<bind>
<StgValue><ssdm name="stream_out_420"/></StgValue>
</bind>
</comp>

<comp id="8" class="1000" name="empty_57">
<pin_list>
<pin id="9" dir="1" index="0" bw="1" slack="0"/>
</pin_list>
<bind>
<StgValue><ssdm name="empty_57"/></StgValue>
</bind>
</comp>

<comp id="10" class="1000" name="empty_58">
<pin_list>
<pin id="11" dir="1" index="0" bw="1" slack="0"/>
</pin_list>
<bind>
<StgValue><ssdm name="empty_58"/></StgValue>
</bind>
</comp>

<comp id="12" class="1000" name="empty">
<pin_list>
<pin id="13" dir="1" index="0" bw="1" slack="0"/>
</pin_list>
<bind>
<StgValue><ssdm name="empty"/></StgValue>
</bind>
</comp>

<comp id="14" class="1000" name="m_axis_video_V_data_V">
<pin_list>
<pin id="15" dir="1" index="0" bw="1" slack="0"/>
</pin_list>
<bind>
<StgValue><ssdm name="m_axis_video_V_data_V"/></StgValue>
</bind>
</comp>

<comp id="16" class="1000" name="m_axis_video_V_keep_V">
<pin_list>
<pin id="17" dir="1" index="0" bw="1" slack="0"/>
</pin_list>
<bind>
<StgValue><ssdm name="m_axis_video_V_keep_V"/></StgValue>
</bind>
</comp>

<comp id="18" class="1000" name="m_axis_video_V_strb_V">
<pin_list>
<pin id="19" dir="1" index="0" bw="1" slack="0"/>
</pin_list>
<bind>
<StgValue><ssdm name="m_axis_video_V_strb_V"/></StgValue>
</bind>
</comp>

<comp id="20" class="1000" name="m_axis_video_V_user_V">
<pin_list>
<pin id="21" dir="1" index="0" bw="1" slack="0"/>
</pin_list>
<bind>
<StgValue><ssdm name="m_axis_video_V_user_V"/></StgValue>
</bind>
</comp>

<comp id="22" class="1000" name="m_axis_video_V_last_V">
<pin_list>
<pin id="23" dir="1" index="0" bw="1" slack="0"/>
</pin_list>
<bind>
<StgValue><ssdm name="m_axis_video_V_last_V"/></StgValue>
</bind>
</comp>

<comp id="24" class="1000" name="m_axis_video_V_id_V">
<pin_list>
<pin id="25" dir="1" index="0" bw="1" slack="0"/>
</pin_list>
<bind>
<StgValue><ssdm name="m_axis_video_V_id_V"/></StgValue>
</bind>
</comp>

<comp id="26" class="1000" name="m_axis_video_V_dest_V">
<pin_list>
<pin id="27" dir="1" index="0" bw="1" slack="0"/>
</pin_list>
<bind>
<StgValue><ssdm name="m_axis_video_V_dest_V"/></StgValue>
</bind>
</comp>

<comp id="28" class="1001" name="const_28">
<pin_list>
<pin id="29" dir="1" index="0" bw="1" slack="0"/>
</pin_list>
<bind>
<StgValue><ssdm name=""/></StgValue>
</bind>
</comp>

<comp id="30" class="1001" name="const_30">
<pin_list>
<pin id="31" dir="1" index="0" bw="1" slack="2147483647"/>
</pin_list>
<bind>
<StgValue><ssdm name="_ssdm_op_SpecAXISSideChannel"/></StgValue>
</bind>
</comp>

<comp id="32" class="1001" name="const_32">
<pin_list>
<pin id="33" dir="1" index="0" bw="1" slack="2147483647"/>
</pin_list>
<bind>
<StgValue><ssdm name="empty_25"/></StgValue>
</bind>
</comp>

<comp id="34" class="1001" name="const_34">
<pin_list>
<pin id="35" dir="1" index="0" bw="1" slack="2147483647"/>
</pin_list>
<bind>
<StgValue><ssdm name="_ssdm_op_SpecInterface"/></StgValue>
</bind>
</comp>

<comp id="36" class="1001" name="const_36">
<pin_list>
<pin id="37" dir="1" index="0" bw="1" slack="2147483647"/>
</pin_list>
<bind>
<StgValue><ssdm name="empty_2"/></StgValue>
</bind>
</comp>

<comp id="38" class="1001" name="const_38">
<pin_list>
<pin id="39" dir="1" index="0" bw="1" slack="2147483647"/>
</pin_list>
<bind>
<StgValue><ssdm name=""/></StgValue>
</bind>
</comp>

<comp id="40" class="1001" name="const_40">
<pin_list>
<pin id="41" dir="1" index="0" bw="1" slack="2147483647"/>
</pin_list>
<bind>
<StgValue><ssdm name="empty_11"/></StgValue>
</bind>
</comp>

<comp id="42" class="1001" name="const_42">
<pin_list>
<pin id="43" dir="1" index="0" bw="1" slack="2147483647"/>
</pin_list>
<bind>
<StgValue><ssdm name="empty_10"/></StgValue>
</bind>
</comp>

<comp id="44" class="1001" name="const_44">
<pin_list>
<pin id="45" dir="1" index="0" bw="1" slack="2147483647"/>
</pin_list>
<bind>
<StgValue><ssdm name=""/></StgValue>
</bind>
</comp>

<comp id="46" class="1001" name="const_46">
<pin_list>
<pin id="47" dir="1" index="0" bw="1" slack="2147483647"/>
</pin_list>
<bind>
<StgValue><ssdm name="empty_23"/></StgValue>
</bind>
</comp>

<comp id="48" class="1001" name="const_48">
<pin_list>
<pin id="49" dir="1" index="0" bw="1" slack="0"/>
</pin_list>
<bind>
<StgValue><ssdm name="_ssdm_op_Read.ap_auto.i2"/></StgValue>
</bind>
</comp>

<comp id="50" class="1001" name="const_50">
<pin_list>
<pin id="51" dir="1" index="0" bw="1" slack="0"/>
</pin_list>
<bind>
<StgValue><ssdm name="_ssdm_op_Read.ap_auto.i11"/></StgValue>
</bind>
</comp>

<comp id="52" class="1001" name="const_52">
<pin_list>
<pin id="53" dir="1" index="0" bw="1" slack="0"/>
</pin_list>
<bind>
<StgValue><ssdm name="_ssdm_op_Read.ap_auto.i1"/></StgValue>
</bind>
</comp>

<comp id="54" class="1001" name="const_54">
<pin_list>
<pin id="55" dir="1" index="0" bw="1" slack="0"/>
</pin_list>
<bind>
<StgValue><ssdm name=""/></StgValue>
</bind>
</comp>

<comp id="56" class="1001" name="const_56">
<pin_list>
<pin id="57" dir="1" index="0" bw="1" slack="0"/>
</pin_list>
<bind>
<StgValue><ssdm name=""/></StgValue>
</bind>
</comp>

<comp id="58" class="1001" name="const_58">
<pin_list>
<pin id="59" dir="1" index="0" bw="1" slack="0"/>
</pin_list>
<bind>
<StgValue><ssdm name="_ssdm_op_Read.ap_fifo.volatile.i24P0A"/></StgValue>
</bind>
</comp>

<comp id="60" class="1001" name="const_60">
<pin_list>
<pin id="61" dir="1" index="0" bw="1" slack="0"/>
</pin_list>
<bind>
<StgValue><ssdm name="_ssdm_op_PartSelect.i8.i24.i32.i32"/></StgValue>
</bind>
</comp>

<comp id="62" class="1001" name="const_62">
<pin_list>
<pin id="63" dir="1" index="0" bw="1" slack="0"/>
</pin_list>
<bind>
<StgValue><ssdm name=""/></StgValue>
</bind>
</comp>

<comp id="64" class="1001" name="const_64">
<pin_list>
<pin id="65" dir="1" index="0" bw="1" slack="0"/>
</pin_list>
<bind>
<StgValue><ssdm name=""/></StgValue>
</bind>
</comp>

<comp id="66" class="1001" name="const_66">
<pin_list>
<pin id="67" dir="1" index="0" bw="1" slack="0"/>
</pin_list>
<bind>
<StgValue><ssdm name=""/></StgValue>
</bind>
</comp>

<comp id="68" class="1001" name="const_68">
<pin_list>
<pin id="69" dir="1" index="0" bw="1" slack="0"/>
</pin_list>
<bind>
<StgValue><ssdm name=""/></StgValue>
</bind>
</comp>

<comp id="70" class="1001" name="const_70">
<pin_list>
<pin id="71" dir="1" index="0" bw="1" slack="0"/>
</pin_list>
<bind>
<StgValue><ssdm name="_ssdm_op_SparseMux.ap_auto.3i8.i8.i2"/></StgValue>
</bind>
</comp>

<comp id="72" class="1001" name="const_72">
<pin_list>
<pin id="73" dir="1" index="0" bw="1" slack="0"/>
</pin_list>
<bind>
<StgValue><ssdm name=""/></StgValue>
</bind>
</comp>

<comp id="74" class="1001" name="const_74">
<pin_list>
<pin id="75" dir="1" index="0" bw="1" slack="0"/>
</pin_list>
<bind>
<StgValue><ssdm name=""/></StgValue>
</bind>
</comp>

<comp id="76" class="1001" name="const_76">
<pin_list>
<pin id="77" dir="1" index="0" bw="1" slack="0"/>
</pin_list>
<bind>
<StgValue><ssdm name=""/></StgValue>
</bind>
</comp>

<comp id="78" class="1001" name="const_78">
<pin_list>
<pin id="79" dir="1" index="0" bw="1" slack="0"/>
</pin_list>
<bind>
<StgValue><ssdm name=""/></StgValue>
</bind>
</comp>

<comp id="80" class="1001" name="const_80">
<pin_list>
<pin id="81" dir="1" index="0" bw="1" slack="2"/>
</pin_list>
<bind>
<StgValue><ssdm name=""/></StgValue>
</bind>
</comp>

<comp id="82" class="1001" name="const_82">
<pin_list>
<pin id="83" dir="1" index="0" bw="1" slack="2147483647"/>
</pin_list>
<bind>
<StgValue><ssdm name="_ssdm_op_SpecLoopTripCount"/></StgValue>
</bind>
</comp>

<comp id="84" class="1001" name="const_84">
<pin_list>
<pin id="85" dir="1" index="0" bw="1" slack="2147483647"/>
</pin_list>
<bind>
<StgValue><ssdm name=""/></StgValue>
</bind>
</comp>

<comp id="86" class="1001" name="const_86">
<pin_list>
<pin id="87" dir="1" index="0" bw="1" slack="2147483647"/>
</pin_list>
<bind>
<StgValue><ssdm name=""/></StgValue>
</bind>
</comp>

<comp id="88" class="1001" name="const_88">
<pin_list>
<pin id="89" dir="1" index="0" bw="1" slack="2147483647"/>
</pin_list>
<bind>
<StgValue><ssdm name=""/></StgValue>
</bind>
</comp>

<comp id="90" class="1001" name="const_90">
<pin_list>
<pin id="91" dir="1" index="0" bw="1" slack="2147483647"/>
</pin_list>
<bind>
<StgValue><ssdm name="_ssdm_op_SpecPipeline"/></StgValue>
</bind>
</comp>

<comp id="92" class="1001" name="const_92">
<pin_list>
<pin id="93" dir="1" index="0" bw="1" slack="2147483647"/>
</pin_list>
<bind>
<StgValue><ssdm name="_ssdm_op_SpecLoopName"/></StgValue>
</bind>
</comp>

<comp id="94" class="1001" name="const_94">
<pin_list>
<pin id="95" dir="1" index="0" bw="1" slack="2147483647"/>
</pin_list>
<bind>
<StgValue><ssdm name="empty_8"/></StgValue>
</bind>
</comp>

<comp id="96" class="1001" name="const_96">
<pin_list>
<pin id="97" dir="1" index="0" bw="1" slack="0"/>
</pin_list>
<bind>
<StgValue><ssdm name="_ssdm_op_BitConcatenate.i24.i8.i8.i8"/></StgValue>
</bind>
</comp>

<comp id="98" class="1001" name="const_98">
<pin_list>
<pin id="99" dir="1" index="0" bw="1" slack="0"/>
</pin_list>
<bind>
<StgValue><ssdm name="_ssdm_op_Write.axis.volatile.i24P0A.i3P0A.i3P0A.i1P0A.i1P0A.i1P0A.i1P0A"/></StgValue>
</bind>
</comp>

<comp id="100" class="1001" name="const_100">
<pin_list>
<pin id="101" dir="1" index="0" bw="1" slack="0"/>
</pin_list>
<bind>
<StgValue><ssdm name=""/></StgValue>
</bind>
</comp>

<comp id="102" class="1001" name="const_102">
<pin_list>
<pin id="103" dir="1" index="0" bw="1" slack="0"/>
</pin_list>
<bind>
<StgValue><ssdm name=""/></StgValue>
</bind>
</comp>

<comp id="104" class="1001" name="const_104">
<pin_list>
<pin id="105" dir="1" index="0" bw="1" slack="0"/>
</pin_list>
<bind>
<StgValue><ssdm name=""/></StgValue>
</bind>
</comp>

<comp id="106" class="1004" name="j_fu_106">
<pin_list>
<pin id="107" dir="0" index="0" bw="1" slack="0"/>
<pin id="108" dir="1" index="1" bw="11" slack="0"/>
</pin_list>
<bind>
<opcode="alloca(26) " fcode="alloca"/>
<opset="j/1 "/>
</bind>
</comp>

<comp id="110" class="1004" name="tmp_25_read_fu_110">
<pin_list>
<pin id="111" dir="0" index="0" bw="2" slack="0"/>
<pin id="112" dir="0" index="1" bw="2" slack="0"/>
<pin id="113" dir="1" index="2" bw="2" slack="1"/>
</pin_list>
<bind>
<opcode="read(1150) " fcode="read"/>
<opset="tmp_25/1 "/>
</bind>
</comp>

<comp id="116" class="1004" name="tmp_26_read_fu_116">
<pin_list>
<pin id="117" dir="0" index="0" bw="2" slack="0"/>
<pin id="118" dir="0" index="1" bw="2" slack="0"/>
<pin id="119" dir="1" index="2" bw="2" slack="1"/>
</pin_list>
<bind>
<opcode="read(1150) " fcode="read"/>
<opset="tmp_26/1 "/>
</bind>
</comp>

<comp id="122" class="1004" name="tmp_27_read_fu_122">
<pin_list>
<pin id="123" dir="0" index="0" bw="2" slack="0"/>
<pin id="124" dir="0" index="1" bw="2" slack="0"/>
<pin id="125" dir="1" index="2" bw="2" slack="1"/>
</pin_list>
<bind>
<opcode="read(1150) " fcode="read"/>
<opset="tmp_27/1 "/>
</bind>
</comp>

<comp id="128" class="1004" name="sub_read_read_fu_128">
<pin_list>
<pin id="129" dir="0" index="0" bw="11" slack="0"/>
<pin id="130" dir="0" index="1" bw="11" slack="0"/>
<pin id="131" dir="1" index="2" bw="11" slack="0"/>
</pin_list>
<bind>
<opcode="read(1150) " fcode="read"/>
<opset="sub_read/1 "/>
</bind>
</comp>

<comp id="134" class="1004" name="tmp_28_read_fu_134">
<pin_list>
<pin id="135" dir="0" index="0" bw="11" slack="0"/>
<pin id="136" dir="0" index="1" bw="11" slack="0"/>
<pin id="137" dir="1" index="2" bw="11" slack="0"/>
</pin_list>
<bind>
<opcode="read(1150) " fcode="read"/>
<opset="tmp_28/1 "/>
</bind>
</comp>

<comp id="140" class="1004" name="sof_read_read_fu_140">
<pin_list>
<pin id="141" dir="0" index="0" bw="1" slack="0"/>
<pin id="142" dir="0" index="1" bw="1" slack="0"/>
<pin id="143" dir="1" index="2" bw="1" slack="2"/>
</pin_list>
<bind>
<opcode="read(1150) " fcode="read"/>
<opset="sof_read/1 "/>
</bind>
</comp>

<comp id="146" class="1004" name="stream_out_420_read_read_fu_146">
<pin_list>
<pin id="147" dir="0" index="0" bw="24" slack="0"/>
<pin id="148" dir="0" index="1" bw="24" slack="0"/>
<pin id="149" dir="1" index="2" bw="24" slack="0"/>
</pin_list>
<bind>
<opcode="read(1150) " fcode="read"/>
<opset="stream_out_420_read/2 "/>
</bind>
</comp>

<comp id="152" class="1004" name="write_ln1624_write_fu_152">
<pin_list>
<pin id="153" dir="0" index="0" bw="0" slack="0"/>
<pin id="154" dir="0" index="1" bw="24" slack="0"/>
<pin id="155" dir="0" index="2" bw="3" slack="0"/>
<pin id="156" dir="0" index="3" bw="3" slack="0"/>
<pin id="157" dir="0" index="4" bw="1" slack="0"/>
<pin id="158" dir="0" index="5" bw="1" slack="0"/>
<pin id="159" dir="0" index="6" bw="1" slack="0"/>
<pin id="160" dir="0" index="7" bw="1" slack="0"/>
<pin id="161" dir="0" index="8" bw="24" slack="0"/>
<pin id="162" dir="0" index="9" bw="1" slack="0"/>
<pin id="163" dir="0" index="10" bw="1" slack="0"/>
<pin id="164" dir="0" index="11" bw="1" slack="0"/>
<pin id="165" dir="0" index="12" bw="1" slack="2"/>
<pin id="166" dir="0" index="13" bw="1" slack="0"/>
<pin id="167" dir="0" index="14" bw="1" slack="0"/>
<pin id="168" dir="1" index="15" bw="0" slack="2147483647"/>
</pin_list>
<bind>
<opcode="write(1151) " fcode="write"/>
<opset="write_ln1624/3 "/>
</bind>
</comp>

<comp id="181" class="1005" name="sof_2_reg_181">
<pin_list>
<pin id="182" dir="0" index="0" bw="1" slack="2"/>
<pin id="183" dir="1" index="1" bw="1" slack="2"/>
</pin_list>
<bind>
<opset="sof_2 (phireg) "/>
</bind>
</comp>

<comp id="185" class="1004" name="sof_2_phi_fu_185">
<pin_list>
<pin id="186" dir="0" index="0" bw="1" slack="2"/>
<pin id="187" dir="0" index="1" bw="0" slack="2147483647"/>
<pin id="188" dir="0" index="2" bw="1" slack="2"/>
<pin id="189" dir="0" index="3" bw="0" slack="2147483647"/>
<pin id="190" dir="1" index="4" bw="1" slack="0"/>
</pin_list>
<bind>
<opcode="phi(47) " fcode="phi"/>
<opset="sof_2/3 "/>
</bind>
</comp>

<comp id="193" class="1004" name="store_ln1589_store_fu_193">
<pin_list>
<pin id="194" dir="0" index="0" bw="1" slack="0"/>
<pin id="195" dir="0" index="1" bw="11" slack="0"/>
<pin id="196" dir="1" index="2" bw="0" slack="2147483647"/>
</pin_list>
<bind>
<opcode="store(28) " fcode="store"/>
<opset="store_ln1589/1 "/>
</bind>
</comp>

<comp id="198" class="1004" name="j_1_load_fu_198">
<pin_list>
<pin id="199" dir="0" index="0" bw="11" slack="0"/>
<pin id="200" dir="1" index="1" bw="11" slack="0"/>
</pin_list>
<bind>
<opcode="load(27) " fcode="load"/>
<opset="j_1/1 "/>
</bind>
</comp>

<comp id="201" class="1004" name="icmp_ln1589_fu_201">
<pin_list>
<pin id="202" dir="0" index="0" bw="11" slack="0"/>
<pin id="203" dir="0" index="1" bw="11" slack="0"/>
<pin id="204" dir="1" index="2" bw="1" slack="1"/>
</pin_list>
<bind>
<opcode="icmp(45) " fcode="icmp"/>
<opset="icmp_ln1589/1 "/>
</bind>
</comp>

<comp id="207" class="1004" name="j_2_fu_207">
<pin_list>
<pin id="208" dir="0" index="0" bw="11" slack="0"/>
<pin id="209" dir="0" index="1" bw="1" slack="0"/>
<pin id="210" dir="1" index="2" bw="11" slack="0"/>
</pin_list>
<bind>
<opcode="add(8) " fcode="add"/>
<opset="j_2/1 "/>
</bind>
</comp>

<comp id="213" class="1004" name="axi_last_fu_213">
<pin_list>
<pin id="214" dir="0" index="0" bw="11" slack="0"/>
<pin id="215" dir="0" index="1" bw="11" slack="0"/>
<pin id="216" dir="1" index="2" bw="1" slack="2"/>
</pin_list>
<bind>
<opcode="icmp(45) " fcode="icmp"/>
<opset="axi_last/1 "/>
</bind>
</comp>

<comp id="219" class="1004" name="store_ln1589_store_fu_219">
<pin_list>
<pin id="220" dir="0" index="0" bw="11" slack="0"/>
<pin id="221" dir="0" index="1" bw="11" slack="0"/>
<pin id="222" dir="1" index="2" bw="0" slack="2147483647"/>
</pin_list>
<bind>
<opcode="store(28) " fcode="store"/>
<opset="store_ln1589/1 "/>
</bind>
</comp>

<comp id="224" class="1004" name="pix_fu_224">
<pin_list>
<pin id="225" dir="0" index="0" bw="24" slack="0"/>
<pin id="226" dir="1" index="1" bw="8" slack="0"/>
</pin_list>
<bind>
<opcode="trunc(33) " fcode="trunc"/>
<opset="pix/2 "/>
</bind>
</comp>

<comp id="228" class="1004" name="pix_1_fu_228">
<pin_list>
<pin id="229" dir="0" index="0" bw="8" slack="0"/>
<pin id="230" dir="0" index="1" bw="24" slack="0"/>
<pin id="231" dir="0" index="2" bw="5" slack="0"/>
<pin id="232" dir="0" index="3" bw="5" slack="0"/>
<pin id="233" dir="1" index="4" bw="8" slack="0"/>
</pin_list>
<bind>
<opcode="partselect(1002) " fcode="partselect"/>
<opset="pix_1/2 "/>
</bind>
</comp>

<comp id="238" class="1004" name="pix_2_fu_238">
<pin_list>
<pin id="239" dir="0" index="0" bw="8" slack="0"/>
<pin id="240" dir="0" index="1" bw="24" slack="0"/>
<pin id="241" dir="0" index="2" bw="6" slack="0"/>
<pin id="242" dir="0" index="3" bw="6" slack="0"/>
<pin id="243" dir="1" index="4" bw="8" slack="0"/>
</pin_list>
<bind>
<opcode="partselect(1002) " fcode="partselect"/>
<opset="pix_2/2 "/>
</bind>
</comp>

<comp id="248" class="1004" name="tmp_fu_248">
<pin_list>
<pin id="249" dir="0" index="0" bw="8" slack="0"/>
<pin id="250" dir="0" index="1" bw="1" slack="0"/>
<pin id="251" dir="0" index="2" bw="8" slack="0"/>
<pin id="252" dir="0" index="3" bw="1" slack="0"/>
<pin id="253" dir="0" index="4" bw="8" slack="0"/>
<pin id="254" dir="0" index="5" bw="2" slack="0"/>
<pin id="255" dir="0" index="6" bw="8" slack="0"/>
<pin id="256" dir="0" index="7" bw="1" slack="0"/>
<pin id="257" dir="0" index="8" bw="2" slack="1"/>
<pin id="258" dir="1" index="9" bw="8" slack="1"/>
</pin_list>
<bind>
<opcode="sparsemux(1197) " fcode="sparsemux"/>
<opset="tmp/2 "/>
</bind>
</comp>

<comp id="267" class="1004" name="tmp_s_fu_267">
<pin_list>
<pin id="268" dir="0" index="0" bw="8" slack="0"/>
<pin id="269" dir="0" index="1" bw="1" slack="0"/>
<pin id="270" dir="0" index="2" bw="8" slack="0"/>
<pin id="271" dir="0" index="3" bw="1" slack="0"/>
<pin id="272" dir="0" index="4" bw="8" slack="0"/>
<pin id="273" dir="0" index="5" bw="2" slack="0"/>
<pin id="274" dir="0" index="6" bw="8" slack="0"/>
<pin id="275" dir="0" index="7" bw="1" slack="0"/>
<pin id="276" dir="0" index="8" bw="2" slack="1"/>
<pin id="277" dir="1" index="9" bw="8" slack="1"/>
</pin_list>
<bind>
<opcode="sparsemux(1197) " fcode="sparsemux"/>
<opset="tmp_s/2 "/>
</bind>
</comp>

<comp id="286" class="1004" name="tmp_17_fu_286">
<pin_list>
<pin id="287" dir="0" index="0" bw="8" slack="0"/>
<pin id="288" dir="0" index="1" bw="1" slack="0"/>
<pin id="289" dir="0" index="2" bw="8" slack="0"/>
<pin id="290" dir="0" index="3" bw="1" slack="0"/>
<pin id="291" dir="0" index="4" bw="8" slack="0"/>
<pin id="292" dir="0" index="5" bw="2" slack="0"/>
<pin id="293" dir="0" index="6" bw="8" slack="0"/>
<pin id="294" dir="0" index="7" bw="1" slack="0"/>
<pin id="295" dir="0" index="8" bw="2" slack="1"/>
<pin id="296" dir="1" index="9" bw="8" slack="1"/>
</pin_list>
<bind>
<opcode="sparsemux(1197) " fcode="sparsemux"/>
<opset="tmp_17/2 "/>
</bind>
</comp>

<comp id="305" class="1004" name="axi_data_fu_305">
<pin_list>
<pin id="306" dir="0" index="0" bw="24" slack="0"/>
<pin id="307" dir="0" index="1" bw="8" slack="1"/>
<pin id="308" dir="0" index="2" bw="8" slack="1"/>
<pin id="309" dir="0" index="3" bw="8" slack="1"/>
<pin id="310" dir="1" index="4" bw="24" slack="0"/>
</pin_list>
<bind>
<opcode="bitconcatenate(1004) " fcode="bitconcatenate"/>
<opset="axi_data/3 "/>
</bind>
</comp>

<comp id="313" class="1005" name="j_reg_313">
<pin_list>
<pin id="314" dir="0" index="0" bw="11" slack="0"/>
<pin id="315" dir="1" index="1" bw="11" slack="0"/>
</pin_list>
<bind>
<opset="j "/>
</bind>
</comp>

<comp id="320" class="1005" name="tmp_25_reg_320">
<pin_list>
<pin id="321" dir="0" index="0" bw="2" slack="1"/>
<pin id="322" dir="1" index="1" bw="2" slack="1"/>
</pin_list>
<bind>
<opset="tmp_25 "/>
</bind>
</comp>

<comp id="325" class="1005" name="tmp_26_reg_325">
<pin_list>
<pin id="326" dir="0" index="0" bw="2" slack="1"/>
<pin id="327" dir="1" index="1" bw="2" slack="1"/>
</pin_list>
<bind>
<opset="tmp_26 "/>
</bind>
</comp>

<comp id="330" class="1005" name="tmp_27_reg_330">
<pin_list>
<pin id="331" dir="0" index="0" bw="2" slack="1"/>
<pin id="332" dir="1" index="1" bw="2" slack="1"/>
</pin_list>
<bind>
<opset="tmp_27 "/>
</bind>
</comp>

<comp id="335" class="1005" name="sof_read_reg_335">
<pin_list>
<pin id="336" dir="0" index="0" bw="1" slack="2"/>
<pin id="337" dir="1" index="1" bw="1" slack="2"/>
</pin_list>
<bind>
<opset="sof_read "/>
</bind>
</comp>

<comp id="340" class="1005" name="icmp_ln1589_reg_340">
<pin_list>
<pin id="341" dir="0" index="0" bw="1" slack="1"/>
<pin id="342" dir="1" index="1" bw="1" slack="2147483647"/>
</pin_list>
<bind>
<opset="icmp_ln1589 "/>
</bind>
</comp>

<comp id="344" class="1005" name="axi_last_reg_344">
<pin_list>
<pin id="345" dir="0" index="0" bw="1" slack="2"/>
<pin id="346" dir="1" index="1" bw="1" slack="2"/>
</pin_list>
<bind>
<opset="axi_last "/>
</bind>
</comp>

<comp id="349" class="1005" name="tmp_reg_349">
<pin_list>
<pin id="350" dir="0" index="0" bw="8" slack="1"/>
<pin id="351" dir="1" index="1" bw="8" slack="1"/>
</pin_list>
<bind>
<opset="tmp "/>
</bind>
</comp>

<comp id="354" class="1005" name="tmp_s_reg_354">
<pin_list>
<pin id="355" dir="0" index="0" bw="8" slack="1"/>
<pin id="356" dir="1" index="1" bw="8" slack="1"/>
</pin_list>
<bind>
<opset="tmp_s "/>
</bind>
</comp>

<comp id="359" class="1005" name="tmp_17_reg_359">
<pin_list>
<pin id="360" dir="0" index="0" bw="8" slack="1"/>
<pin id="361" dir="1" index="1" bw="8" slack="1"/>
</pin_list>
<bind>
<opset="tmp_17 "/>
</bind>
</comp>

</comp_list>

<net_list>
<net id="109"><net_src comp="28" pin="0"/><net_sink comp="106" pin=0"/></net>

<net id="114"><net_src comp="48" pin="0"/><net_sink comp="110" pin=0"/></net>

<net id="115"><net_src comp="12" pin="0"/><net_sink comp="110" pin=1"/></net>

<net id="120"><net_src comp="48" pin="0"/><net_sink comp="116" pin=0"/></net>

<net id="121"><net_src comp="10" pin="0"/><net_sink comp="116" pin=1"/></net>

<net id="126"><net_src comp="48" pin="0"/><net_sink comp="122" pin=0"/></net>

<net id="127"><net_src comp="8" pin="0"/><net_sink comp="122" pin=1"/></net>

<net id="132"><net_src comp="50" pin="0"/><net_sink comp="128" pin=0"/></net>

<net id="133"><net_src comp="4" pin="0"/><net_sink comp="128" pin=1"/></net>

<net id="138"><net_src comp="50" pin="0"/><net_sink comp="134" pin=0"/></net>

<net id="139"><net_src comp="2" pin="0"/><net_sink comp="134" pin=1"/></net>

<net id="144"><net_src comp="52" pin="0"/><net_sink comp="140" pin=0"/></net>

<net id="145"><net_src comp="0" pin="0"/><net_sink comp="140" pin=1"/></net>

<net id="150"><net_src comp="58" pin="0"/><net_sink comp="146" pin=0"/></net>

<net id="151"><net_src comp="6" pin="0"/><net_sink comp="146" pin=1"/></net>

<net id="169"><net_src comp="98" pin="0"/><net_sink comp="152" pin=0"/></net>

<net id="170"><net_src comp="14" pin="0"/><net_sink comp="152" pin=1"/></net>

<net id="171"><net_src comp="16" pin="0"/><net_sink comp="152" pin=2"/></net>

<net id="172"><net_src comp="18" pin="0"/><net_sink comp="152" pin=3"/></net>

<net id="173"><net_src comp="20" pin="0"/><net_sink comp="152" pin=4"/></net>

<net id="174"><net_src comp="22" pin="0"/><net_sink comp="152" pin=5"/></net>

<net id="175"><net_src comp="24" pin="0"/><net_sink comp="152" pin=6"/></net>

<net id="176"><net_src comp="26" pin="0"/><net_sink comp="152" pin=7"/></net>

<net id="177"><net_src comp="100" pin="0"/><net_sink comp="152" pin=9"/></net>

<net id="178"><net_src comp="102" pin="0"/><net_sink comp="152" pin=10"/></net>

<net id="179"><net_src comp="104" pin="0"/><net_sink comp="152" pin=13"/></net>

<net id="180"><net_src comp="104" pin="0"/><net_sink comp="152" pin=14"/></net>

<net id="184"><net_src comp="80" pin="0"/><net_sink comp="181" pin=0"/></net>

<net id="191"><net_src comp="181" pin="1"/><net_sink comp="185" pin=2"/></net>

<net id="192"><net_src comp="185" pin="4"/><net_sink comp="152" pin=11"/></net>

<net id="197"><net_src comp="54" pin="0"/><net_sink comp="193" pin=0"/></net>

<net id="205"><net_src comp="198" pin="1"/><net_sink comp="201" pin=0"/></net>

<net id="206"><net_src comp="134" pin="2"/><net_sink comp="201" pin=1"/></net>

<net id="211"><net_src comp="198" pin="1"/><net_sink comp="207" pin=0"/></net>

<net id="212"><net_src comp="56" pin="0"/><net_sink comp="207" pin=1"/></net>

<net id="217"><net_src comp="198" pin="1"/><net_sink comp="213" pin=0"/></net>

<net id="218"><net_src comp="128" pin="2"/><net_sink comp="213" pin=1"/></net>

<net id="223"><net_src comp="207" pin="2"/><net_sink comp="219" pin=0"/></net>

<net id="227"><net_src comp="146" pin="2"/><net_sink comp="224" pin=0"/></net>

<net id="234"><net_src comp="60" pin="0"/><net_sink comp="228" pin=0"/></net>

<net id="235"><net_src comp="146" pin="2"/><net_sink comp="228" pin=1"/></net>

<net id="236"><net_src comp="62" pin="0"/><net_sink comp="228" pin=2"/></net>

<net id="237"><net_src comp="64" pin="0"/><net_sink comp="228" pin=3"/></net>

<net id="244"><net_src comp="60" pin="0"/><net_sink comp="238" pin=0"/></net>

<net id="245"><net_src comp="146" pin="2"/><net_sink comp="238" pin=1"/></net>

<net id="246"><net_src comp="66" pin="0"/><net_sink comp="238" pin=2"/></net>

<net id="247"><net_src comp="68" pin="0"/><net_sink comp="238" pin=3"/></net>

<net id="259"><net_src comp="70" pin="0"/><net_sink comp="248" pin=0"/></net>

<net id="260"><net_src comp="72" pin="0"/><net_sink comp="248" pin=1"/></net>

<net id="261"><net_src comp="224" pin="1"/><net_sink comp="248" pin=2"/></net>

<net id="262"><net_src comp="74" pin="0"/><net_sink comp="248" pin=3"/></net>

<net id="263"><net_src comp="228" pin="4"/><net_sink comp="248" pin=4"/></net>

<net id="264"><net_src comp="76" pin="0"/><net_sink comp="248" pin=5"/></net>

<net id="265"><net_src comp="238" pin="4"/><net_sink comp="248" pin=6"/></net>

<net id="266"><net_src comp="78" pin="0"/><net_sink comp="248" pin=7"/></net>

<net id="278"><net_src comp="70" pin="0"/><net_sink comp="267" pin=0"/></net>

<net id="279"><net_src comp="72" pin="0"/><net_sink comp="267" pin=1"/></net>

<net id="280"><net_src comp="224" pin="1"/><net_sink comp="267" pin=2"/></net>

<net id="281"><net_src comp="74" pin="0"/><net_sink comp="267" pin=3"/></net>

<net id="282"><net_src comp="228" pin="4"/><net_sink comp="267" pin=4"/></net>

<net id="283"><net_src comp="76" pin="0"/><net_sink comp="267" pin=5"/></net>

<net id="284"><net_src comp="238" pin="4"/><net_sink comp="267" pin=6"/></net>

<net id="285"><net_src comp="78" pin="0"/><net_sink comp="267" pin=7"/></net>

<net id="297"><net_src comp="70" pin="0"/><net_sink comp="286" pin=0"/></net>

<net id="298"><net_src comp="72" pin="0"/><net_sink comp="286" pin=1"/></net>

<net id="299"><net_src comp="224" pin="1"/><net_sink comp="286" pin=2"/></net>

<net id="300"><net_src comp="74" pin="0"/><net_sink comp="286" pin=3"/></net>

<net id="301"><net_src comp="228" pin="4"/><net_sink comp="286" pin=4"/></net>

<net id="302"><net_src comp="76" pin="0"/><net_sink comp="286" pin=5"/></net>

<net id="303"><net_src comp="238" pin="4"/><net_sink comp="286" pin=6"/></net>

<net id="304"><net_src comp="78" pin="0"/><net_sink comp="286" pin=7"/></net>

<net id="311"><net_src comp="96" pin="0"/><net_sink comp="305" pin=0"/></net>

<net id="312"><net_src comp="305" pin="4"/><net_sink comp="152" pin=8"/></net>

<net id="316"><net_src comp="106" pin="1"/><net_sink comp="313" pin=0"/></net>

<net id="317"><net_src comp="313" pin="1"/><net_sink comp="193" pin=1"/></net>

<net id="318"><net_src comp="313" pin="1"/><net_sink comp="198" pin=0"/></net>

<net id="319"><net_src comp="313" pin="1"/><net_sink comp="219" pin=1"/></net>

<net id="323"><net_src comp="110" pin="2"/><net_sink comp="320" pin=0"/></net>

<net id="324"><net_src comp="320" pin="1"/><net_sink comp="286" pin=8"/></net>

<net id="328"><net_src comp="116" pin="2"/><net_sink comp="325" pin=0"/></net>

<net id="329"><net_src comp="325" pin="1"/><net_sink comp="267" pin=8"/></net>

<net id="333"><net_src comp="122" pin="2"/><net_sink comp="330" pin=0"/></net>

<net id="334"><net_src comp="330" pin="1"/><net_sink comp="248" pin=8"/></net>

<net id="338"><net_src comp="140" pin="2"/><net_sink comp="335" pin=0"/></net>

<net id="339"><net_src comp="335" pin="1"/><net_sink comp="185" pin=0"/></net>

<net id="343"><net_src comp="201" pin="2"/><net_sink comp="340" pin=0"/></net>

<net id="347"><net_src comp="213" pin="2"/><net_sink comp="344" pin=0"/></net>

<net id="348"><net_src comp="344" pin="1"/><net_sink comp="152" pin=12"/></net>

<net id="352"><net_src comp="248" pin="9"/><net_sink comp="349" pin=0"/></net>

<net id="353"><net_src comp="349" pin="1"/><net_sink comp="305" pin=3"/></net>

<net id="357"><net_src comp="267" pin="9"/><net_sink comp="354" pin=0"/></net>

<net id="358"><net_src comp="354" pin="1"/><net_sink comp="305" pin=2"/></net>

<net id="362"><net_src comp="286" pin="9"/><net_sink comp="359" pin=0"/></net>

<net id="363"><net_src comp="359" pin="1"/><net_sink comp="305" pin=1"/></net>

</net_list>

</model> 
---------------- Datapath Model END ------------------

* FSMD analyzer results:
  - Output states:
	Port: m_axis_video_V_data_V | {3 }
	Port: m_axis_video_V_keep_V | {3 }
	Port: m_axis_video_V_strb_V | {3 }
	Port: m_axis_video_V_user_V | {3 }
	Port: m_axis_video_V_last_V | {3 }
	Port: m_axis_video_V_id_V | {3 }
	Port: m_axis_video_V_dest_V | {3 }
 - Input state : 
	Port: MultiPixStream2AXIvideo_Pipeline_VITIS_LOOP_1589_3 : sof | {1 }
	Port: MultiPixStream2AXIvideo_Pipeline_VITIS_LOOP_1589_3 : empty_56 | {1 }
	Port: MultiPixStream2AXIvideo_Pipeline_VITIS_LOOP_1589_3 : sub | {1 }
	Port: MultiPixStream2AXIvideo_Pipeline_VITIS_LOOP_1589_3 : stream_out_420 | {2 }
	Port: MultiPixStream2AXIvideo_Pipeline_VITIS_LOOP_1589_3 : empty_57 | {1 }
	Port: MultiPixStream2AXIvideo_Pipeline_VITIS_LOOP_1589_3 : empty_58 | {1 }
	Port: MultiPixStream2AXIvideo_Pipeline_VITIS_LOOP_1589_3 : empty | {1 }
  - Chain level:
	State 1
		store_ln1589 : 1
		j_1 : 1
		icmp_ln1589 : 2
		j_2 : 2
		br_ln1589 : 3
		axi_last : 2
		store_ln1589 : 3
	State 2
		tmp : 1
		tmp_s : 1
		tmp_17 : 1
	State 3
		write_ln1624 : 1


============================================================
+ Verbose Summary: Datapath Resource usage 
============================================================

* Functional unit list:
|----------|---------------------------------|---------|---------|
| Operation|         Functional Unit         |    FF   |   LUT   |
|----------|---------------------------------|---------|---------|
|          |            tmp_fu_248           |    0    |    14   |
| sparsemux|           tmp_s_fu_267          |    0    |    14   |
|          |          tmp_17_fu_286          |    0    |    14   |
|----------|---------------------------------|---------|---------|
|   icmp   |        icmp_ln1589_fu_201       |    0    |    12   |
|          |         axi_last_fu_213         |    0    |    12   |
|----------|---------------------------------|---------|---------|
|    add   |            j_2_fu_207           |    0    |    12   |
|----------|---------------------------------|---------|---------|
|          |        tmp_25_read_fu_110       |    0    |    0    |
|          |        tmp_26_read_fu_116       |    0    |    0    |
|          |        tmp_27_read_fu_122       |    0    |    0    |
|   read   |       sub_read_read_fu_128      |    0    |    0    |
|          |        tmp_28_read_fu_134       |    0    |    0    |
|          |       sof_read_read_fu_140      |    0    |    0    |
|          | stream_out_420_read_read_fu_146 |    0    |    0    |
|----------|---------------------------------|---------|---------|
|   write  |    write_ln1624_write_fu_152    |    0    |    0    |
|----------|---------------------------------|---------|---------|
|   trunc  |            pix_fu_224           |    0    |    0    |
|----------|---------------------------------|---------|---------|
|partselect|           pix_1_fu_228          |    0    |    0    |
|          |           pix_2_fu_238          |    0    |    0    |
|----------|---------------------------------|---------|---------|
|bitconcatenate|         axi_data_fu_305         |    0    |    0    |
|----------|---------------------------------|---------|---------|
|   Total  |                                 |    0    |    78   |
|----------|---------------------------------|---------|---------|

Memories:
N/A

* Register list:
+-------------------+--------+
|                   |   FF   |
+-------------------+--------+
|  axi_last_reg_344 |    1   |
|icmp_ln1589_reg_340|    1   |
|     j_reg_313     |   11   |
|   sof_2_reg_181   |    1   |
|  sof_read_reg_335 |    1   |
|   tmp_17_reg_359  |    8   |
|   tmp_25_reg_320  |    2   |
|   tmp_26_reg_325  |    2   |
|   tmp_27_reg_330  |    2   |
|    tmp_reg_349    |    8   |
|   tmp_s_reg_354   |    8   |
+-------------------+--------+
|       Total       |   45   |
+-------------------+--------+

* Multiplexer (MUX) list: 
|--------|------|------|------|--------|
|  Comp  |  Pin | Size |  BW  | S x BW |
|--------|------|------|------|--------|
|  Total |      |      |      |    0   |
|--------|------|------|------|--------|



* Summary:
+-----------+--------+--------+
|           |   FF   |   LUT  |
+-----------+--------+--------+
|  Function |    0   |   78   |
|   Memory  |    -   |    -   |
|Multiplexer|    -   |    -   |
|  Register |   45   |    -   |
+-----------+--------+--------+
|   Total   |   45   |   78   |
+-----------+--------+--------+
