

================================================================
== Vitis HLS Report for 'v_hcresampler_core_Pipeline_VITIS_LOOP_1681_2'
================================================================
* Date:           Wed Dec 20 19:01:25 2023

* Version:        2023.2 (Build 4023990 on Oct 11 2023)
* Project:        prj
* Solution:       sol (Vivado IP Flow Target)
* Product family: zynq
* Target device:  xc7z020-clg484-1


================================================================
== Performance Estimates
================================================================
+ Timing: 
    * Summary: 
    +--------+---------+----------+------------+
    |  Clock |  Target | Estimated| Uncertainty|
    +--------+---------+----------+------------+
    |ap_clk  |  7.00 ns|  5.253 ns|     1.89 ns|
    +--------+---------+----------+------------+

+ Latency: 
    * Summary: 
    +---------+---------+-----------+----------+-----+-------+---------+
    |  Latency (cycles) |  Latency (absolute)  |   Interval  | Pipeline|
    |   min   |   max   |    min    |    max   | min |  max  |   Type  |
    +---------+---------+-----------+----------+-----+-------+---------+
    |        4|    32772|  28.000 ns|  0.229 ms|    4|  32772|       no|
    +---------+---------+-----------+----------+-----+-------+---------+

    + Detail: 
        * Instance: 
        N/A

        * Loop: 
        +---------------------+---------+---------+----------+-----------+-----------+-----------+----------+
        |                     |  Latency (cycles) | Iteration|  Initiation Interval  |    Trip   |          |
        |      Loop Name      |   min   |   max   |  Latency |  achieved |   target  |   Count   | Pipelined|
        +---------------------+---------+---------+----------+-----------+-----------+-----------+----------+
        |- VITIS_LOOP_1681_2  |        2|    32770|         5|          1|          1|  0 ~ 32767|       yes|
        +---------------------+---------+---------+----------+-----------+-----------+-----------+----------+

============================================================
+ Verbose Summary: Synthesis Manager
============================================================
InlineROM: 1
ExposeGlobal: 0
============================================================
+ Verbose Summary: CDFG Model
============================================================
IsTopModel: 0
ResetActiveHigh: 1
IsCombinational: 0
IsDatapathOnly: 0
HasWiredReturn: 1
HasMFsm: 2
HasVarLatency: 1
IsPipeline: 0
IsRtlPipelined: 0
IsInstanceOverlapped: 0
IsDontTouch: 0
HasImplIP: 0
IsGatedGlobalClock: 0

+ Individual pipeline summary: 
  * Pipeline-0: initiation interval (II) = 1, depth = 5


============================================================
+ Verbose Summary: Schedule
============================================================
* Number of FSM states : 5
* Pipeline : 1
  Pipeline-0 : II = 1, D = 5, States = { 1 2 3 4 5 }
* Dataflow Pipeline: 0

* FSM state transitions: 
1 --> 2 
2 --> 3 
3 --> 4 
4 --> 5 
5 --> 

* FSM state operations: 

State 1 <SV = 0> <Delay = 5.25>
ST_1 : Operation 8 [1/1] (0.00ns)   --->   "%p_0_1_0_0_0684708 = alloca i32 1"   --->   Operation 8 'alloca' 'p_0_1_0_0_0684708' <Predicate = true> <Delay = 0.00>
ST_1 : Operation 9 [1/1] (0.00ns)   --->   "%p_0_2_0_0_0688712 = alloca i32 1"   --->   Operation 9 'alloca' 'p_0_2_0_0_0688712' <Predicate = true> <Delay = 0.00>
ST_1 : Operation 10 [1/1] (0.00ns)   --->   "%x = alloca i32 1" [G:/Project-Workspace/zynq-7020-video-pipe-3/hw/video-pipe-hw-v3/hw_011223.runs/bd_8126_hsc_0_synth_1/prj/sol/.autopilot/db/v_hscaler.cpp:1635]   --->   Operation 10 'alloca' 'x' <Predicate = true> <Delay = 0.00>
ST_1 : Operation 11 [1/1] (0.00ns)   --->   "%p_0_0_0_0_0495683 = alloca i32 1"   --->   Operation 11 'alloca' 'p_0_0_0_0_0495683' <Predicate = true> <Delay = 0.00>
ST_1 : Operation 12 [1/1] (0.00ns)   --->   "%p_0_1_0_0_0687 = alloca i32 1"   --->   Operation 12 'alloca' 'p_0_1_0_0_0687' <Predicate = true> <Delay = 0.00>
ST_1 : Operation 13 [1/1] (0.00ns)   --->   "%p_0_2_0_0_0691 = alloca i32 1"   --->   Operation 13 'alloca' 'p_0_2_0_0_0691' <Predicate = true> <Delay = 0.00>
ST_1 : Operation 14 [1/1] (0.00ns)   --->   "%pixbuf_y = alloca i32 1" [G:/Project-Workspace/zynq-7020-video-pipe-3/hw/video-pipe-hw-v3/hw_011223.runs/bd_8126_hsc_0_synth_1/prj/sol/.autopilot/db/v_hscaler.cpp:1655]   --->   Operation 14 'alloca' 'pixbuf_y' <Predicate = true> <Delay = 0.00>
ST_1 : Operation 15 [1/1] (0.00ns)   --->   "%pixbuf_y_1 = alloca i32 1" [G:/Project-Workspace/zynq-7020-video-pipe-3/hw/video-pipe-hw-v3/hw_011223.runs/bd_8126_hsc_0_synth_1/prj/sol/.autopilot/db/v_hscaler.cpp:1655]   --->   Operation 15 'alloca' 'pixbuf_y_1' <Predicate = true> <Delay = 0.00>
ST_1 : Operation 16 [1/1] (0.00ns)   --->   "%pixbuf_y_2 = alloca i32 1" [G:/Project-Workspace/zynq-7020-video-pipe-3/hw/video-pipe-hw-v3/hw_011223.runs/bd_8126_hsc_0_synth_1/prj/sol/.autopilot/db/v_hscaler.cpp:1655]   --->   Operation 16 'alloca' 'pixbuf_y_2' <Predicate = true> <Delay = 0.00>
ST_1 : Operation 17 [1/1] (0.00ns)   --->   "%pixbuf_y_3 = alloca i32 1" [G:/Project-Workspace/zynq-7020-video-pipe-3/hw/video-pipe-hw-v3/hw_011223.runs/bd_8126_hsc_0_synth_1/prj/sol/.autopilot/db/v_hscaler.cpp:1655]   --->   Operation 17 'alloca' 'pixbuf_y_3' <Predicate = true> <Delay = 0.00>
ST_1 : Operation 18 [1/1] (0.00ns)   --->   "%WidthOut_load_read = read i16 @_ssdm_op_Read.ap_auto.i16, i16 %WidthOut_load"   --->   Operation 18 'read' 'WidthOut_load_read' <Predicate = true> <Delay = 0.00>
ST_1 : Operation 19 [1/1] (0.00ns)   --->   "%select_ln1677_read = read i2 @_ssdm_op_Read.ap_auto.i2, i2 %select_ln1677"   --->   Operation 19 'read' 'select_ln1677_read' <Predicate = true> <Delay = 0.00>
ST_1 : Operation 20 [1/1] (0.00ns)   --->   "%p_cast8_read = read i1 @_ssdm_op_Read.ap_auto.i1, i1 %p_cast8"   --->   Operation 20 'read' 'p_cast8_read' <Predicate = true> <Delay = 0.00>
ST_1 : Operation 21 [1/1] (0.00ns)   --->   "%p_read_3 = read i1 @_ssdm_op_Read.ap_auto.i1, i1 %p_read"   --->   Operation 21 'read' 'p_read_3' <Predicate = true> <Delay = 0.00>
ST_1 : Operation 22 [1/1] (0.00ns)   --->   "%loopWidth_read = read i16 @_ssdm_op_Read.ap_auto.i16, i16 %loopWidth"   --->   Operation 22 'read' 'loopWidth_read' <Predicate = true> <Delay = 0.00>
ST_1 : Operation 23 [1/1] (0.00ns)   --->   "%p_0_0_0_0_0495682_lcssa728_read = read i8 @_ssdm_op_Read.ap_auto.i8, i8 %p_0_0_0_0_0495682_lcssa728"   --->   Operation 23 'read' 'p_0_0_0_0_0495682_lcssa728_read' <Predicate = true> <Delay = 0.00>
ST_1 : Operation 24 [1/1] (0.00ns)   --->   "%p_0_1_0_0_0684_lcssa731_read = read i8 @_ssdm_op_Read.ap_auto.i8, i8 %p_0_1_0_0_0684_lcssa731"   --->   Operation 24 'read' 'p_0_1_0_0_0684_lcssa731_read' <Predicate = true> <Delay = 0.00>
ST_1 : Operation 25 [1/1] (0.00ns)   --->   "%p_0_2_0_0_0688_lcssa734_read = read i8 @_ssdm_op_Read.ap_auto.i8, i8 %p_0_2_0_0_0688_lcssa734"   --->   Operation 25 'read' 'p_0_2_0_0_0688_lcssa734_read' <Predicate = true> <Delay = 0.00>
ST_1 : Operation 26 [1/1] (0.00ns)   --->   "%p_0_1_0_0_0684706_lcssa754_read = read i8 @_ssdm_op_Read.ap_auto.i8, i8 %p_0_1_0_0_0684706_lcssa754"   --->   Operation 26 'read' 'p_0_1_0_0_0684706_lcssa754_read' <Predicate = true> <Delay = 0.00>
ST_1 : Operation 27 [1/1] (0.00ns)   --->   "%p_0_2_0_0_0688710_lcssa757_read = read i8 @_ssdm_op_Read.ap_auto.i8, i8 %p_0_2_0_0_0688710_lcssa757"   --->   Operation 27 'read' 'p_0_2_0_0_0688710_lcssa757_read' <Predicate = true> <Delay = 0.00>
ST_1 : Operation 28 [1/1] (0.00ns)   --->   "%pixbuf_y_11_read = read i8 @_ssdm_op_Read.ap_auto.i8, i8 %pixbuf_y_11"   --->   Operation 28 'read' 'pixbuf_y_11_read' <Predicate = true> <Delay = 0.00>
ST_1 : Operation 29 [1/1] (0.00ns)   --->   "%pixbuf_y_12_read = read i8 @_ssdm_op_Read.ap_auto.i8, i8 %pixbuf_y_12"   --->   Operation 29 'read' 'pixbuf_y_12_read' <Predicate = true> <Delay = 0.00>
ST_1 : Operation 30 [1/1] (0.00ns)   --->   "%pixbuf_y_13_read = read i8 @_ssdm_op_Read.ap_auto.i8, i8 %pixbuf_y_13"   --->   Operation 30 'read' 'pixbuf_y_13_read' <Predicate = true> <Delay = 0.00>
ST_1 : Operation 31 [1/1] (0.00ns)   --->   "%pixbuf_y_14_read = read i8 @_ssdm_op_Read.ap_auto.i8, i8 %pixbuf_y_14"   --->   Operation 31 'read' 'pixbuf_y_14_read' <Predicate = true> <Delay = 0.00>
ST_1 : Operation 32 [1/1] (0.00ns)   --->   "%select_ln1677_cast = zext i2 %select_ln1677_read"   --->   Operation 32 'zext' 'select_ln1677_cast' <Predicate = true> <Delay = 0.00>
ST_1 : Operation 33 [1/1] (0.99ns)   --->   "%p_cast8_cast = select i1 %p_cast8_read, i2 3, i2 0"   --->   Operation 33 'select' 'p_cast8_cast' <Predicate = true> <Delay = 0.99> <CoreInst = "Sel">   --->   Core 73 'Sel' <Latency = 0> <II = 1> <Delay = 0.99> <FuncUnit> <Opcode : 'select'> <InPorts = 3> <OutPorts = 1>
ST_1 : Operation 34 [1/1] (0.00ns)   --->   "%specinterface_ln0 = specinterface void @_ssdm_op_SpecInterface, i24 %stream_scaled_csc, void @empty_23, i32 0, i32 0, void @empty_10, i32 0, i32 0, void @empty_10, void @empty_10, void @empty_10, i32 0, i32 0, i32 0, i32 0, void @empty_10, void @empty_10, i32 4294967295, i32 0"   --->   Operation 34 'specinterface' 'specinterface_ln0' <Predicate = true> <Delay = 0.00>
ST_1 : Operation 35 [1/1] (0.00ns)   --->   "%specinterface_ln0 = specinterface void @_ssdm_op_SpecInterface, i24 %stream_out_422, void @empty_23, i32 0, i32 0, void @empty_10, i32 0, i32 0, void @empty_10, void @empty_10, void @empty_10, i32 0, i32 0, i32 0, i32 0, void @empty_10, void @empty_10, i32 4294967295, i32 0"   --->   Operation 35 'specinterface' 'specinterface_ln0' <Predicate = true> <Delay = 0.00>
ST_1 : Operation 36 [1/1] (1.58ns)   --->   "%store_ln1655 = store i8 %pixbuf_y_14_read, i8 %pixbuf_y_3" [G:/Project-Workspace/zynq-7020-video-pipe-3/hw/video-pipe-hw-v3/hw_011223.runs/bd_8126_hsc_0_synth_1/prj/sol/.autopilot/db/v_hscaler.cpp:1655]   --->   Operation 36 'store' 'store_ln1655' <Predicate = true> <Delay = 1.58>
ST_1 : Operation 37 [1/1] (1.58ns)   --->   "%store_ln1655 = store i8 %pixbuf_y_13_read, i8 %pixbuf_y_2" [G:/Project-Workspace/zynq-7020-video-pipe-3/hw/video-pipe-hw-v3/hw_011223.runs/bd_8126_hsc_0_synth_1/prj/sol/.autopilot/db/v_hscaler.cpp:1655]   --->   Operation 37 'store' 'store_ln1655' <Predicate = true> <Delay = 1.58>
ST_1 : Operation 38 [1/1] (1.58ns)   --->   "%store_ln1655 = store i8 %pixbuf_y_12_read, i8 %pixbuf_y_1" [G:/Project-Workspace/zynq-7020-video-pipe-3/hw/video-pipe-hw-v3/hw_011223.runs/bd_8126_hsc_0_synth_1/prj/sol/.autopilot/db/v_hscaler.cpp:1655]   --->   Operation 38 'store' 'store_ln1655' <Predicate = true> <Delay = 1.58>
ST_1 : Operation 39 [1/1] (1.58ns)   --->   "%store_ln1655 = store i8 %pixbuf_y_11_read, i8 %pixbuf_y" [G:/Project-Workspace/zynq-7020-video-pipe-3/hw/video-pipe-hw-v3/hw_011223.runs/bd_8126_hsc_0_synth_1/prj/sol/.autopilot/db/v_hscaler.cpp:1655]   --->   Operation 39 'store' 'store_ln1655' <Predicate = true> <Delay = 1.58>
ST_1 : Operation 40 [1/1] (1.58ns)   --->   "%store_ln0 = store i8 %p_0_2_0_0_0688_lcssa734_read, i8 %p_0_2_0_0_0691"   --->   Operation 40 'store' 'store_ln0' <Predicate = true> <Delay = 1.58>
ST_1 : Operation 41 [1/1] (1.58ns)   --->   "%store_ln0 = store i8 %p_0_1_0_0_0684_lcssa731_read, i8 %p_0_1_0_0_0687"   --->   Operation 41 'store' 'store_ln0' <Predicate = true> <Delay = 1.58>
ST_1 : Operation 42 [1/1] (1.58ns)   --->   "%store_ln0 = store i8 %p_0_0_0_0_0495682_lcssa728_read, i8 %p_0_0_0_0_0495683"   --->   Operation 42 'store' 'store_ln0' <Predicate = true> <Delay = 1.58>
ST_1 : Operation 43 [1/1] (1.58ns)   --->   "%store_ln1635 = store i15 0, i15 %x" [G:/Project-Workspace/zynq-7020-video-pipe-3/hw/video-pipe-hw-v3/hw_011223.runs/bd_8126_hsc_0_synth_1/prj/sol/.autopilot/db/v_hscaler.cpp:1635]   --->   Operation 43 'store' 'store_ln1635' <Predicate = true> <Delay = 1.58>
ST_1 : Operation 44 [1/1] (1.58ns)   --->   "%store_ln0 = store i8 %p_0_2_0_0_0688710_lcssa757_read, i8 %p_0_2_0_0_0688712"   --->   Operation 44 'store' 'store_ln0' <Predicate = true> <Delay = 1.58>
ST_1 : Operation 45 [1/1] (1.58ns)   --->   "%store_ln0 = store i8 %p_0_1_0_0_0684706_lcssa754_read, i8 %p_0_1_0_0_0684708"   --->   Operation 45 'store' 'store_ln0' <Predicate = true> <Delay = 1.58>
ST_1 : Operation 46 [1/1] (0.00ns)   --->   "%br_ln0 = br void %for.body37"   --->   Operation 46 'br' 'br_ln0' <Predicate = true> <Delay = 0.00>
ST_1 : Operation 47 [1/1] (0.00ns)   --->   "%x_1 = load i15 %x" [G:/Project-Workspace/zynq-7020-video-pipe-3/hw/video-pipe-hw-v3/hw_011223.runs/bd_8126_hsc_0_synth_1/prj/sol/.autopilot/db/v_hscaler.cpp:1681]   --->   Operation 47 'load' 'x_1' <Predicate = true> <Delay = 0.00>
ST_1 : Operation 48 [1/1] (0.00ns)   --->   "%zext_ln1681 = zext i15 %x_1" [G:/Project-Workspace/zynq-7020-video-pipe-3/hw/video-pipe-hw-v3/hw_011223.runs/bd_8126_hsc_0_synth_1/prj/sol/.autopilot/db/v_hscaler.cpp:1681]   --->   Operation 48 'zext' 'zext_ln1681' <Predicate = true> <Delay = 0.00>
ST_1 : Operation 49 [1/1] (2.07ns)   --->   "%icmp_ln1681 = icmp_slt  i16 %zext_ln1681, i16 %loopWidth_read" [G:/Project-Workspace/zynq-7020-video-pipe-3/hw/video-pipe-hw-v3/hw_011223.runs/bd_8126_hsc_0_synth_1/prj/sol/.autopilot/db/v_hscaler.cpp:1681]   --->   Operation 49 'icmp' 'icmp_ln1681' <Predicate = true> <Delay = 2.07> <CoreInst = "Cmp">   --->   Core 9 'Cmp' <Latency = 0> <II = 1> <Delay = 2.07> <FuncUnit> <Opcode : 'icmp'> <InPorts = 2> <OutPorts = 1>
ST_1 : Operation 50 [1/1] (1.94ns)   --->   "%add_ln1681 = add i15 %x_1, i15 1" [G:/Project-Workspace/zynq-7020-video-pipe-3/hw/video-pipe-hw-v3/hw_011223.runs/bd_8126_hsc_0_synth_1/prj/sol/.autopilot/db/v_hscaler.cpp:1681]   --->   Operation 50 'add' 'add_ln1681' <Predicate = true> <Delay = 1.94> <CoreInst = "Adder">   --->   Core 1 'Adder' <Latency = 0> <II = 1> <Delay = 1.94> <FuncUnit> <Opcode : 'add' 'sub'> <InPorts = 2> <OutPorts = 1>
ST_1 : Operation 51 [1/1] (0.00ns)   --->   "%br_ln1681 = br i1 %icmp_ln1681, void %for.inc453.loopexit.exitStub, void %for.body37.split" [G:/Project-Workspace/zynq-7020-video-pipe-3/hw/video-pipe-hw-v3/hw_011223.runs/bd_8126_hsc_0_synth_1/prj/sol/.autopilot/db/v_hscaler.cpp:1681]   --->   Operation 51 'br' 'br_ln1681' <Predicate = true> <Delay = 0.00>
ST_1 : Operation 52 [1/1] (1.94ns)   --->   "%out_x = sub i16 %zext_ln1681, i16 %select_ln1677_cast" [G:/Project-Workspace/zynq-7020-video-pipe-3/hw/video-pipe-hw-v3/hw_011223.runs/bd_8126_hsc_0_synth_1/prj/sol/.autopilot/db/v_hscaler.cpp:1686]   --->   Operation 52 'sub' 'out_x' <Predicate = (icmp_ln1681)> <Delay = 1.94> <CoreInst = "Adder">   --->   Core 1 'Adder' <Latency = 0> <II = 1> <Delay = 1.94> <FuncUnit> <Opcode : 'add' 'sub'> <InPorts = 2> <OutPorts = 1>
ST_1 : Operation 53 [1/1] (0.00ns)   --->   "%odd_col = trunc i16 %out_x" [G:/Project-Workspace/zynq-7020-video-pipe-3/hw/video-pipe-hw-v3/hw_011223.runs/bd_8126_hsc_0_synth_1/prj/sol/.autopilot/db/v_hscaler.cpp:1643]   --->   Operation 53 'trunc' 'odd_col' <Predicate = (icmp_ln1681)> <Delay = 0.00>
ST_1 : Operation 54 [1/1] (2.07ns)   --->   "%icmp_ln1688 = icmp_ult  i16 %zext_ln1681, i16 %WidthOut_load_read" [G:/Project-Workspace/zynq-7020-video-pipe-3/hw/video-pipe-hw-v3/hw_011223.runs/bd_8126_hsc_0_synth_1/prj/sol/.autopilot/db/v_hscaler.cpp:1688]   --->   Operation 54 'icmp' 'icmp_ln1688' <Predicate = (icmp_ln1681)> <Delay = 2.07> <CoreInst = "Cmp">   --->   Core 9 'Cmp' <Latency = 0> <II = 1> <Delay = 2.07> <FuncUnit> <Opcode : 'icmp'> <InPorts = 2> <OutPorts = 1>
ST_1 : Operation 55 [1/1] (0.00ns)   --->   "%br_ln1688 = br i1 %icmp_ln1688, void %for.inc120_ifconv, void %VITIS_LOOP_1693_3" [G:/Project-Workspace/zynq-7020-video-pipe-3/hw/video-pipe-hw-v3/hw_011223.runs/bd_8126_hsc_0_synth_1/prj/sol/.autopilot/db/v_hscaler.cpp:1688]   --->   Operation 55 'br' 'br_ln1688' <Predicate = (icmp_ln1681)> <Delay = 0.00>
ST_1 : Operation 56 [1/1] (1.94ns)   --->   "%cmp148 = icmp_eq  i15 %x_1, i15 0" [G:/Project-Workspace/zynq-7020-video-pipe-3/hw/video-pipe-hw-v3/hw_011223.runs/bd_8126_hsc_0_synth_1/prj/sol/.autopilot/db/v_hscaler.cpp:1681]   --->   Operation 56 'icmp' 'cmp148' <Predicate = (icmp_ln1681)> <Delay = 1.94> <CoreInst = "Cmp">   --->   Core 9 'Cmp' <Latency = 0> <II = 1> <Delay = 1.94> <FuncUnit> <Opcode : 'icmp'> <InPorts = 2> <OutPorts = 1>
ST_1 : Operation 57 [1/1] (0.00ns)   --->   "%tmp = bitselect i1 @_ssdm_op_BitSelect.i1.i16.i32, i16 %out_x, i32 15" [G:/Project-Workspace/zynq-7020-video-pipe-3/hw/video-pipe-hw-v3/hw_011223.runs/bd_8126_hsc_0_synth_1/prj/sol/.autopilot/db/v_hscaler.cpp:1828]   --->   Operation 57 'bitselect' 'tmp' <Predicate = (icmp_ln1681)> <Delay = 0.00>
ST_1 : Operation 58 [1/1] (0.00ns)   --->   "%br_ln1828 = br i1 %tmp, void %if.then445, void %for.inc450" [G:/Project-Workspace/zynq-7020-video-pipe-3/hw/video-pipe-hw-v3/hw_011223.runs/bd_8126_hsc_0_synth_1/prj/sol/.autopilot/db/v_hscaler.cpp:1828]   --->   Operation 58 'br' 'br_ln1828' <Predicate = (icmp_ln1681)> <Delay = 0.00>
ST_1 : Operation 59 [1/1] (0.00ns)   --->   "%br_ln1830 = br i1 %p_read_3, void %if.else447, void %if.then446" [G:/Project-Workspace/zynq-7020-video-pipe-3/hw/video-pipe-hw-v3/hw_011223.runs/bd_8126_hsc_0_synth_1/prj/sol/.autopilot/db/v_hscaler.cpp:1830]   --->   Operation 59 'br' 'br_ln1830' <Predicate = (icmp_ln1681 & !tmp)> <Delay = 0.00>
ST_1 : Operation 60 [1/1] (0.00ns)   --->   "%br_ln1834 = br void %for.inc450" [G:/Project-Workspace/zynq-7020-video-pipe-3/hw/video-pipe-hw-v3/hw_011223.runs/bd_8126_hsc_0_synth_1/prj/sol/.autopilot/db/v_hscaler.cpp:1834]   --->   Operation 60 'br' 'br_ln1834' <Predicate = (icmp_ln1681 & !tmp)> <Delay = 0.00>
ST_1 : Operation 61 [1/1] (1.58ns)   --->   "%store_ln1635 = store i15 %add_ln1681, i15 %x" [G:/Project-Workspace/zynq-7020-video-pipe-3/hw/video-pipe-hw-v3/hw_011223.runs/bd_8126_hsc_0_synth_1/prj/sol/.autopilot/db/v_hscaler.cpp:1635]   --->   Operation 61 'store' 'store_ln1635' <Predicate = (icmp_ln1681)> <Delay = 1.58>

State 2 <SV = 1> <Delay = 4.14>
ST_2 : Operation 62 [1/1] (2.55ns)   --->   "%stream_scaled_csc_read = read i24 @_ssdm_op_Read.ap_fifo.volatile.i24P0A, i24 %stream_scaled_csc" [G:/Project-Workspace/zynq-7020-video-pipe-3/hw/video-pipe-hw-v3/hw_011223.runs/bd_8126_hsc_0_synth_1/prj/sol/.autopilot/db/v_hscaler.cpp:1690]   --->   Operation 62 'read' 'stream_scaled_csc_read' <Predicate = (icmp_ln1681 & icmp_ln1688)> <Delay = 2.55> <CoreInst = "FIFO_SRL">   --->   Core 81 'FIFO_SRL' <Latency = 0> <II = 1> <Delay = 3.80> <Storage> <Opcode : 'read' 'write' 'nbread' 'nbwrite'> <Ports = 0> <Width = 24> <Depth = 16> <FIFO>
ST_2 : Operation 63 [1/1] (0.00ns)   --->   "%trunc_ln1690 = trunc i24 %stream_scaled_csc_read" [G:/Project-Workspace/zynq-7020-video-pipe-3/hw/video-pipe-hw-v3/hw_011223.runs/bd_8126_hsc_0_synth_1/prj/sol/.autopilot/db/v_hscaler.cpp:1690]   --->   Operation 63 'trunc' 'trunc_ln1690' <Predicate = (icmp_ln1681 & icmp_ln1688)> <Delay = 0.00>
ST_2 : Operation 64 [1/1] (0.00ns)   --->   "%trunc_ln1690_3 = partselect i8 @_ssdm_op_PartSelect.i8.i24.i32.i32, i24 %stream_scaled_csc_read, i32 8, i32 15" [G:/Project-Workspace/zynq-7020-video-pipe-3/hw/video-pipe-hw-v3/hw_011223.runs/bd_8126_hsc_0_synth_1/prj/sol/.autopilot/db/v_hscaler.cpp:1690]   --->   Operation 64 'partselect' 'trunc_ln1690_3' <Predicate = (icmp_ln1681 & icmp_ln1688)> <Delay = 0.00>
ST_2 : Operation 65 [1/1] (0.00ns)   --->   "%trunc_ln1690_4 = partselect i8 @_ssdm_op_PartSelect.i8.i24.i32.i32, i24 %stream_scaled_csc_read, i32 16, i32 23" [G:/Project-Workspace/zynq-7020-video-pipe-3/hw/video-pipe-hw-v3/hw_011223.runs/bd_8126_hsc_0_synth_1/prj/sol/.autopilot/db/v_hscaler.cpp:1690]   --->   Operation 65 'partselect' 'trunc_ln1690_4' <Predicate = (icmp_ln1681 & icmp_ln1688)> <Delay = 0.00>
ST_2 : Operation 66 [1/1] (1.58ns)   --->   "%store_ln1690 = store i8 %trunc_ln1690_4, i8 %p_0_2_0_0_0691" [G:/Project-Workspace/zynq-7020-video-pipe-3/hw/video-pipe-hw-v3/hw_011223.runs/bd_8126_hsc_0_synth_1/prj/sol/.autopilot/db/v_hscaler.cpp:1690]   --->   Operation 66 'store' 'store_ln1690' <Predicate = (icmp_ln1681 & icmp_ln1688)> <Delay = 1.58>
ST_2 : Operation 67 [1/1] (1.58ns)   --->   "%store_ln1690 = store i8 %trunc_ln1690_3, i8 %p_0_1_0_0_0687" [G:/Project-Workspace/zynq-7020-video-pipe-3/hw/video-pipe-hw-v3/hw_011223.runs/bd_8126_hsc_0_synth_1/prj/sol/.autopilot/db/v_hscaler.cpp:1690]   --->   Operation 67 'store' 'store_ln1690' <Predicate = (icmp_ln1681 & icmp_ln1688)> <Delay = 1.58>
ST_2 : Operation 68 [1/1] (1.58ns)   --->   "%store_ln1690 = store i8 %trunc_ln1690, i8 %p_0_0_0_0_0495683" [G:/Project-Workspace/zynq-7020-video-pipe-3/hw/video-pipe-hw-v3/hw_011223.runs/bd_8126_hsc_0_synth_1/prj/sol/.autopilot/db/v_hscaler.cpp:1690]   --->   Operation 68 'store' 'store_ln1690' <Predicate = (icmp_ln1681 & icmp_ln1688)> <Delay = 1.58>
ST_2 : Operation 69 [1/1] (0.00ns)   --->   "%store_ln1690 = store i8 %trunc_ln1690_4, i8 %inpix_0_2_0_0_0_load681_out" [G:/Project-Workspace/zynq-7020-video-pipe-3/hw/video-pipe-hw-v3/hw_011223.runs/bd_8126_hsc_0_synth_1/prj/sol/.autopilot/db/v_hscaler.cpp:1690]   --->   Operation 69 'store' 'store_ln1690' <Predicate = (icmp_ln1681 & icmp_ln1688)> <Delay = 0.00>
ST_2 : Operation 70 [1/1] (0.00ns)   --->   "%store_ln1690 = store i8 %trunc_ln1690_3, i8 %inpix_0_1_0_0_0_load679_out" [G:/Project-Workspace/zynq-7020-video-pipe-3/hw/video-pipe-hw-v3/hw_011223.runs/bd_8126_hsc_0_synth_1/prj/sol/.autopilot/db/v_hscaler.cpp:1690]   --->   Operation 70 'store' 'store_ln1690' <Predicate = (icmp_ln1681 & icmp_ln1688)> <Delay = 0.00>
ST_2 : Operation 71 [1/1] (0.00ns)   --->   "%store_ln1690 = store i8 %trunc_ln1690, i8 %inpix_0_0_0_0_0_load677_out" [G:/Project-Workspace/zynq-7020-video-pipe-3/hw/video-pipe-hw-v3/hw_011223.runs/bd_8126_hsc_0_synth_1/prj/sol/.autopilot/db/v_hscaler.cpp:1690]   --->   Operation 71 'store' 'store_ln1690' <Predicate = (icmp_ln1681 & icmp_ln1688)> <Delay = 0.00>
ST_2 : Operation 72 [1/1] (0.00ns)   --->   "%br_ln1696 = br void %for.inc120_ifconv" [G:/Project-Workspace/zynq-7020-video-pipe-3/hw/video-pipe-hw-v3/hw_011223.runs/bd_8126_hsc_0_synth_1/prj/sol/.autopilot/db/v_hscaler.cpp:1696]   --->   Operation 72 'br' 'br_ln1696' <Predicate = (icmp_ln1681 & icmp_ln1688)> <Delay = 0.00>

State 3 <SV = 2> <Delay = 3.16>
ST_3 : Operation 73 [1/1] (0.00ns)   --->   "%pixbuf_y_4 = load i8 %pixbuf_y"   --->   Operation 73 'load' 'pixbuf_y_4' <Predicate = true> <Delay = 0.00>
ST_3 : Operation 74 [1/1] (0.00ns)   --->   "%pixbuf_y_5 = load i8 %pixbuf_y_1"   --->   Operation 74 'load' 'pixbuf_y_5' <Predicate = true> <Delay = 0.00>
ST_3 : Operation 75 [1/1] (0.00ns)   --->   "%pixbuf_y_6 = load i8 %pixbuf_y_2"   --->   Operation 75 'load' 'pixbuf_y_6' <Predicate = true> <Delay = 0.00>
ST_3 : Operation 76 [1/1] (0.00ns)   --->   "%pixbuf_y_7 = load i8 %pixbuf_y_3"   --->   Operation 76 'load' 'pixbuf_y_7' <Predicate = true> <Delay = 0.00>
ST_3 : Operation 77 [1/1] (0.00ns)   --->   "%speclooptripcount_ln0 = speclooptripcount void @_ssdm_op_SpecLoopTripCount, i64 0, i64 32767, i64 32767"   --->   Operation 77 'speclooptripcount' 'speclooptripcount_ln0' <Predicate = true> <Delay = 0.00>
ST_3 : Operation 78 [1/1] (0.00ns)   --->   "%p_0_0_0_0_0487_1694_out_load = load i8 %p_0_0_0_0_0487_1694_out" [G:/Project-Workspace/zynq-7020-video-pipe-3/hw/video-pipe-hw-v3/hw_011223.runs/bd_8126_hsc_0_synth_1/prj/sol/.autopilot/db/v_hscaler.cpp:1767]   --->   Operation 78 'load' 'p_0_0_0_0_0487_1694_out_load' <Predicate = (icmp_ln1681 & !cmp148 & !odd_col)> <Delay = 0.00>
ST_3 : Operation 79 [1/1] (0.00ns)   --->   "%p_0_0_0_0_0_1697_out_load = load i8 %p_0_0_0_0_0_1697_out" [G:/Project-Workspace/zynq-7020-video-pipe-3/hw/video-pipe-hw-v3/hw_011223.runs/bd_8126_hsc_0_synth_1/prj/sol/.autopilot/db/v_hscaler.cpp:1767]   --->   Operation 79 'load' 'p_0_0_0_0_0_1697_out_load' <Predicate = (icmp_ln1681 & !cmp148 & !odd_col)> <Delay = 0.00>
ST_3 : Operation 80 [1/1] (0.00ns)   --->   "%p_0_0_0_0_0487_2702_out_load = load i8 %p_0_0_0_0_0487_2702_out" [G:/Project-Workspace/zynq-7020-video-pipe-3/hw/video-pipe-hw-v3/hw_011223.runs/bd_8126_hsc_0_synth_1/prj/sol/.autopilot/db/v_hscaler.cpp:1767]   --->   Operation 80 'load' 'p_0_0_0_0_0487_2702_out_load' <Predicate = (icmp_ln1681 & !cmp148)> <Delay = 0.00>
ST_3 : Operation 81 [1/1] (0.00ns)   --->   "%p_0_0_0_0_0_2705_out_load = load i8 %p_0_0_0_0_0_2705_out" [G:/Project-Workspace/zynq-7020-video-pipe-3/hw/video-pipe-hw-v3/hw_011223.runs/bd_8126_hsc_0_synth_1/prj/sol/.autopilot/db/v_hscaler.cpp:1767]   --->   Operation 81 'load' 'p_0_0_0_0_0_2705_out_load' <Predicate = (icmp_ln1681 & !cmp148)> <Delay = 0.00>
ST_3 : Operation 82 [1/1] (0.00ns)   --->   "%p_0_1_0_0_0684708_load_1 = load i8 %p_0_1_0_0_0684708" [G:/Project-Workspace/zynq-7020-video-pipe-3/hw/video-pipe-hw-v3/hw_011223.runs/bd_8126_hsc_0_synth_1/prj/sol/.autopilot/db/v_hscaler.cpp:1767]   --->   Operation 82 'load' 'p_0_1_0_0_0684708_load_1' <Predicate = (icmp_ln1681 & !cmp148)> <Delay = 0.00>
ST_3 : Operation 83 [1/1] (0.00ns)   --->   "%p_0_2_0_0_0688712_load_1 = load i8 %p_0_2_0_0_0688712" [G:/Project-Workspace/zynq-7020-video-pipe-3/hw/video-pipe-hw-v3/hw_011223.runs/bd_8126_hsc_0_synth_1/prj/sol/.autopilot/db/v_hscaler.cpp:1767]   --->   Operation 83 'load' 'p_0_2_0_0_0688712_load_1' <Predicate = (icmp_ln1681 & !cmp148)> <Delay = 0.00>
ST_3 : Operation 84 [1/1] (0.00ns)   --->   "%p_0_1_0_0_0687_load = load i8 %p_0_1_0_0_0687" [G:/Project-Workspace/zynq-7020-video-pipe-3/hw/video-pipe-hw-v3/hw_011223.runs/bd_8126_hsc_0_synth_1/prj/sol/.autopilot/db/v_hscaler.cpp:1767]   --->   Operation 84 'load' 'p_0_1_0_0_0687_load' <Predicate = (icmp_ln1681)> <Delay = 0.00>
ST_3 : Operation 85 [1/1] (0.00ns)   --->   "%p_0_2_0_0_0691_load = load i8 %p_0_2_0_0_0691" [G:/Project-Workspace/zynq-7020-video-pipe-3/hw/video-pipe-hw-v3/hw_011223.runs/bd_8126_hsc_0_synth_1/prj/sol/.autopilot/db/v_hscaler.cpp:1767]   --->   Operation 85 'load' 'p_0_2_0_0_0691_load' <Predicate = (icmp_ln1681)> <Delay = 0.00>
ST_3 : Operation 86 [1/1] (1.24ns)   --->   "%select_ln1767 = select i1 %cmp148, i8 %p_0_2_0_0_0691_load, i8 %p_0_2_0_0_0688712_load_1" [G:/Project-Workspace/zynq-7020-video-pipe-3/hw/video-pipe-hw-v3/hw_011223.runs/bd_8126_hsc_0_synth_1/prj/sol/.autopilot/db/v_hscaler.cpp:1767]   --->   Operation 86 'select' 'select_ln1767' <Predicate = (icmp_ln1681)> <Delay = 1.24> <CoreInst = "Sel">   --->   Core 73 'Sel' <Latency = 0> <II = 1> <Delay = 1.24> <FuncUnit> <Opcode : 'select'> <InPorts = 3> <OutPorts = 1>
ST_3 : Operation 87 [1/1] (1.24ns)   --->   "%select_ln1767_1 = select i1 %cmp148, i8 %p_0_1_0_0_0687_load, i8 %p_0_1_0_0_0684708_load_1" [G:/Project-Workspace/zynq-7020-video-pipe-3/hw/video-pipe-hw-v3/hw_011223.runs/bd_8126_hsc_0_synth_1/prj/sol/.autopilot/db/v_hscaler.cpp:1767]   --->   Operation 87 'select' 'select_ln1767_1' <Predicate = (icmp_ln1681)> <Delay = 1.24> <CoreInst = "Sel">   --->   Core 73 'Sel' <Latency = 0> <II = 1> <Delay = 1.24> <FuncUnit> <Opcode : 'select'> <InPorts = 3> <OutPorts = 1>
ST_3 : Operation 88 [1/1] (1.24ns)   --->   "%select_ln1767_2 = select i1 %cmp148, i8 %p_0_2_0_0_0691_load, i8 %p_0_0_0_0_0_1697_out_load" [G:/Project-Workspace/zynq-7020-video-pipe-3/hw/video-pipe-hw-v3/hw_011223.runs/bd_8126_hsc_0_synth_1/prj/sol/.autopilot/db/v_hscaler.cpp:1767]   --->   Operation 88 'select' 'select_ln1767_2' <Predicate = (icmp_ln1681 & !odd_col)> <Delay = 1.24> <CoreInst = "Sel">   --->   Core 73 'Sel' <Latency = 0> <II = 1> <Delay = 1.24> <FuncUnit> <Opcode : 'select'> <InPorts = 3> <OutPorts = 1>
ST_3 : Operation 89 [1/1] (1.24ns)   --->   "%select_ln1767_3 = select i1 %cmp148, i8 %p_0_2_0_0_0691_load, i8 %p_0_0_0_0_0_2705_out_load" [G:/Project-Workspace/zynq-7020-video-pipe-3/hw/video-pipe-hw-v3/hw_011223.runs/bd_8126_hsc_0_synth_1/prj/sol/.autopilot/db/v_hscaler.cpp:1767]   --->   Operation 89 'select' 'select_ln1767_3' <Predicate = (icmp_ln1681)> <Delay = 1.24> <CoreInst = "Sel">   --->   Core 73 'Sel' <Latency = 0> <II = 1> <Delay = 1.24> <FuncUnit> <Opcode : 'select'> <InPorts = 3> <OutPorts = 1>
ST_3 : Operation 90 [1/1] (1.24ns)   --->   "%select_ln1767_4 = select i1 %cmp148, i8 %p_0_1_0_0_0687_load, i8 %p_0_0_0_0_0487_1694_out_load" [G:/Project-Workspace/zynq-7020-video-pipe-3/hw/video-pipe-hw-v3/hw_011223.runs/bd_8126_hsc_0_synth_1/prj/sol/.autopilot/db/v_hscaler.cpp:1767]   --->   Operation 90 'select' 'select_ln1767_4' <Predicate = (icmp_ln1681 & !odd_col)> <Delay = 1.24> <CoreInst = "Sel">   --->   Core 73 'Sel' <Latency = 0> <II = 1> <Delay = 1.24> <FuncUnit> <Opcode : 'select'> <InPorts = 3> <OutPorts = 1>
ST_3 : Operation 91 [1/1] (1.24ns)   --->   "%select_ln1767_5 = select i1 %cmp148, i8 %p_0_1_0_0_0687_load, i8 %p_0_0_0_0_0487_2702_out_load" [G:/Project-Workspace/zynq-7020-video-pipe-3/hw/video-pipe-hw-v3/hw_011223.runs/bd_8126_hsc_0_synth_1/prj/sol/.autopilot/db/v_hscaler.cpp:1767]   --->   Operation 91 'select' 'select_ln1767_5' <Predicate = (icmp_ln1681)> <Delay = 1.24> <CoreInst = "Sel">   --->   Core 73 'Sel' <Latency = 0> <II = 1> <Delay = 1.24> <FuncUnit> <Opcode : 'select'> <InPorts = 3> <OutPorts = 1>
ST_3 : Operation 92 [1/1] (0.00ns)   --->   "%zext_ln1797 = zext i8 %select_ln1767_1" [G:/Project-Workspace/zynq-7020-video-pipe-3/hw/video-pipe-hw-v3/hw_011223.runs/bd_8126_hsc_0_synth_1/prj/sol/.autopilot/db/v_hscaler.cpp:1797]   --->   Operation 92 'zext' 'zext_ln1797' <Predicate = (icmp_ln1681 & !odd_col)> <Delay = 0.00>
ST_3 : Operation 93 [1/1] (1.91ns)   --->   "%add_ln1797 = add i9 %zext_ln1797, i9 2" [G:/Project-Workspace/zynq-7020-video-pipe-3/hw/video-pipe-hw-v3/hw_011223.runs/bd_8126_hsc_0_synth_1/prj/sol/.autopilot/db/v_hscaler.cpp:1797]   --->   Operation 93 'add' 'add_ln1797' <Predicate = (icmp_ln1681 & !odd_col)> <Delay = 1.91> <CoreInst = "Adder">   --->   Core 1 'Adder' <Latency = 0> <II = 1> <Delay = 1.91> <FuncUnit> <Opcode : 'add' 'sub'> <InPorts = 2> <OutPorts = 1>
ST_3 : Operation 94 [1/1] (0.00ns)   --->   "%zext_ln1800 = zext i8 %select_ln1767" [G:/Project-Workspace/zynq-7020-video-pipe-3/hw/video-pipe-hw-v3/hw_011223.runs/bd_8126_hsc_0_synth_1/prj/sol/.autopilot/db/v_hscaler.cpp:1800]   --->   Operation 94 'zext' 'zext_ln1800' <Predicate = (icmp_ln1681 & !odd_col)> <Delay = 0.00>
ST_3 : Operation 95 [1/1] (1.91ns)   --->   "%add_ln1800 = add i9 %zext_ln1800, i9 2" [G:/Project-Workspace/zynq-7020-video-pipe-3/hw/video-pipe-hw-v3/hw_011223.runs/bd_8126_hsc_0_synth_1/prj/sol/.autopilot/db/v_hscaler.cpp:1800]   --->   Operation 95 'add' 'add_ln1800' <Predicate = (icmp_ln1681 & !odd_col)> <Delay = 1.91> <CoreInst = "Adder">   --->   Core 1 'Adder' <Latency = 0> <II = 1> <Delay = 1.91> <FuncUnit> <Opcode : 'add' 'sub'> <InPorts = 2> <OutPorts = 1>
ST_3 : Operation 96 [1/1] (0.00ns)   --->   "%inpix_0_0_0_0_0_load = load i8 %inpix_0_0_0_0_0_load677_out" [G:/Project-Workspace/zynq-7020-video-pipe-3/hw/video-pipe-hw-v3/hw_011223.runs/bd_8126_hsc_0_synth_1/prj/sol/.autopilot/db/v_hscaler.cpp:1831]   --->   Operation 96 'load' 'inpix_0_0_0_0_0_load' <Predicate = (icmp_ln1681 & !tmp & p_read_3)> <Delay = 0.00>
ST_3 : Operation 97 [1/1] (0.00ns)   --->   "%inpix_0_1_0_0_0_load = load i8 %inpix_0_1_0_0_0_load679_out" [G:/Project-Workspace/zynq-7020-video-pipe-3/hw/video-pipe-hw-v3/hw_011223.runs/bd_8126_hsc_0_synth_1/prj/sol/.autopilot/db/v_hscaler.cpp:1831]   --->   Operation 97 'load' 'inpix_0_1_0_0_0_load' <Predicate = (icmp_ln1681 & !tmp & p_read_3)> <Delay = 0.00>
ST_3 : Operation 98 [1/1] (0.00ns)   --->   "%inpix_0_2_0_0_0_load = load i8 %inpix_0_2_0_0_0_load681_out" [G:/Project-Workspace/zynq-7020-video-pipe-3/hw/video-pipe-hw-v3/hw_011223.runs/bd_8126_hsc_0_synth_1/prj/sol/.autopilot/db/v_hscaler.cpp:1831]   --->   Operation 98 'load' 'inpix_0_2_0_0_0_load' <Predicate = (icmp_ln1681 & !tmp & p_read_3)> <Delay = 0.00>
ST_3 : Operation 99 [1/1] (0.00ns)   --->   "%p_0 = bitconcatenate i24 @_ssdm_op_BitConcatenate.i24.i8.i8.i8, i8 %inpix_0_2_0_0_0_load, i8 %inpix_0_1_0_0_0_load, i8 %inpix_0_0_0_0_0_load" [G:/Project-Workspace/zynq-7020-video-pipe-3/hw/video-pipe-hw-v3/hw_011223.runs/bd_8126_hsc_0_synth_1/prj/sol/.autopilot/db/v_hscaler.cpp:1831]   --->   Operation 99 'bitconcatenate' 'p_0' <Predicate = (icmp_ln1681 & !tmp & p_read_3)> <Delay = 0.00>
ST_3 : Operation 100 [1/1] (2.55ns)   --->   "%write_ln1831 = write void @_ssdm_op_Write.ap_fifo.volatile.i24P0A, i24 %stream_out_422, i24 %p_0" [G:/Project-Workspace/zynq-7020-video-pipe-3/hw/video-pipe-hw-v3/hw_011223.runs/bd_8126_hsc_0_synth_1/prj/sol/.autopilot/db/v_hscaler.cpp:1831]   --->   Operation 100 'write' 'write_ln1831' <Predicate = (icmp_ln1681 & !tmp & p_read_3)> <Delay = 2.55> <CoreInst = "FIFO_SRL">   --->   Core 81 'FIFO_SRL' <Latency = 0> <II = 1> <Delay = 3.80> <Storage> <Opcode : 'read' 'write' 'nbread' 'nbwrite'> <Ports = 0> <Width = 24> <Depth = 16> <FIFO>
ST_3 : Operation 101 [1/1] (0.00ns)   --->   "%br_ln1831 = br void %if.end448" [G:/Project-Workspace/zynq-7020-video-pipe-3/hw/video-pipe-hw-v3/hw_011223.runs/bd_8126_hsc_0_synth_1/prj/sol/.autopilot/db/v_hscaler.cpp:1831]   --->   Operation 101 'br' 'br_ln1831' <Predicate = (icmp_ln1681 & !tmp & p_read_3)> <Delay = 0.00>
ST_3 : Operation 102 [1/1] (0.00ns)   --->   "%p_0_0_0_0_0495683_load = load i8 %p_0_0_0_0_0495683" [G:/Project-Workspace/zynq-7020-video-pipe-3/hw/video-pipe-hw-v3/hw_011223.runs/bd_8126_hsc_0_synth_1/prj/sol/.autopilot/db/v_hscaler.cpp:1655]   --->   Operation 102 'load' 'p_0_0_0_0_0495683_load' <Predicate = (icmp_ln1681)> <Delay = 0.00>
ST_3 : Operation 103 [1/1] (1.58ns)   --->   "%store_ln1655 = store i8 %p_0_0_0_0_0495683_load, i8 %pixbuf_y_3" [G:/Project-Workspace/zynq-7020-video-pipe-3/hw/video-pipe-hw-v3/hw_011223.runs/bd_8126_hsc_0_synth_1/prj/sol/.autopilot/db/v_hscaler.cpp:1655]   --->   Operation 103 'store' 'store_ln1655' <Predicate = (icmp_ln1681)> <Delay = 1.58>
ST_3 : Operation 104 [1/1] (1.58ns)   --->   "%store_ln1655 = store i8 %pixbuf_y_7, i8 %pixbuf_y_2" [G:/Project-Workspace/zynq-7020-video-pipe-3/hw/video-pipe-hw-v3/hw_011223.runs/bd_8126_hsc_0_synth_1/prj/sol/.autopilot/db/v_hscaler.cpp:1655]   --->   Operation 104 'store' 'store_ln1655' <Predicate = (icmp_ln1681)> <Delay = 1.58>
ST_3 : Operation 105 [1/1] (1.58ns)   --->   "%store_ln1655 = store i8 %pixbuf_y_6, i8 %pixbuf_y_1" [G:/Project-Workspace/zynq-7020-video-pipe-3/hw/video-pipe-hw-v3/hw_011223.runs/bd_8126_hsc_0_synth_1/prj/sol/.autopilot/db/v_hscaler.cpp:1655]   --->   Operation 105 'store' 'store_ln1655' <Predicate = (icmp_ln1681)> <Delay = 1.58>
ST_3 : Operation 106 [1/1] (1.58ns)   --->   "%store_ln1655 = store i8 %pixbuf_y_5, i8 %pixbuf_y" [G:/Project-Workspace/zynq-7020-video-pipe-3/hw/video-pipe-hw-v3/hw_011223.runs/bd_8126_hsc_0_synth_1/prj/sol/.autopilot/db/v_hscaler.cpp:1655]   --->   Operation 106 'store' 'store_ln1655' <Predicate = (icmp_ln1681)> <Delay = 1.58>
ST_3 : Operation 107 [1/1] (1.58ns)   --->   "%store_ln1767 = store i8 %p_0_2_0_0_0691_load, i8 %p_0_2_0_0_0688712" [G:/Project-Workspace/zynq-7020-video-pipe-3/hw/video-pipe-hw-v3/hw_011223.runs/bd_8126_hsc_0_synth_1/prj/sol/.autopilot/db/v_hscaler.cpp:1767]   --->   Operation 107 'store' 'store_ln1767' <Predicate = (icmp_ln1681)> <Delay = 1.58>
ST_3 : Operation 108 [1/1] (1.58ns)   --->   "%store_ln1767 = store i8 %p_0_1_0_0_0687_load, i8 %p_0_1_0_0_0684708" [G:/Project-Workspace/zynq-7020-video-pipe-3/hw/video-pipe-hw-v3/hw_011223.runs/bd_8126_hsc_0_synth_1/prj/sol/.autopilot/db/v_hscaler.cpp:1767]   --->   Operation 108 'store' 'store_ln1767' <Predicate = (icmp_ln1681)> <Delay = 1.58>
ST_3 : Operation 109 [1/1] (0.00ns)   --->   "%store_ln1767 = store i8 %select_ln1767, i8 %p_0_0_0_0_0_2705_out" [G:/Project-Workspace/zynq-7020-video-pipe-3/hw/video-pipe-hw-v3/hw_011223.runs/bd_8126_hsc_0_synth_1/prj/sol/.autopilot/db/v_hscaler.cpp:1767]   --->   Operation 109 'store' 'store_ln1767' <Predicate = (icmp_ln1681)> <Delay = 0.00>
ST_3 : Operation 110 [1/1] (0.00ns)   --->   "%store_ln1767 = store i8 %select_ln1767_1, i8 %p_0_0_0_0_0487_2702_out" [G:/Project-Workspace/zynq-7020-video-pipe-3/hw/video-pipe-hw-v3/hw_011223.runs/bd_8126_hsc_0_synth_1/prj/sol/.autopilot/db/v_hscaler.cpp:1767]   --->   Operation 110 'store' 'store_ln1767' <Predicate = (icmp_ln1681)> <Delay = 0.00>
ST_3 : Operation 111 [1/1] (0.00ns)   --->   "%store_ln1767 = store i8 %select_ln1767_3, i8 %p_0_0_0_0_0_1697_out" [G:/Project-Workspace/zynq-7020-video-pipe-3/hw/video-pipe-hw-v3/hw_011223.runs/bd_8126_hsc_0_synth_1/prj/sol/.autopilot/db/v_hscaler.cpp:1767]   --->   Operation 111 'store' 'store_ln1767' <Predicate = (icmp_ln1681)> <Delay = 0.00>
ST_3 : Operation 112 [1/1] (0.00ns)   --->   "%store_ln1767 = store i8 %select_ln1767_5, i8 %p_0_0_0_0_0487_1694_out" [G:/Project-Workspace/zynq-7020-video-pipe-3/hw/video-pipe-hw-v3/hw_011223.runs/bd_8126_hsc_0_synth_1/prj/sol/.autopilot/db/v_hscaler.cpp:1767]   --->   Operation 112 'store' 'store_ln1767' <Predicate = (icmp_ln1681)> <Delay = 0.00>

State 4 <SV = 3> <Delay = 3.72>
ST_4 : Operation 113 [1/1] (0.00ns)   --->   "%pixbuf_y_15_out_load = load i8 %pixbuf_y_15_out" [G:/Project-Workspace/zynq-7020-video-pipe-3/hw/video-pipe-hw-v3/hw_011223.runs/bd_8126_hsc_0_synth_1/prj/sol/.autopilot/db/v_hscaler.cpp:1787]   --->   Operation 113 'load' 'pixbuf_y_15_out_load' <Predicate = (p_cast8_cast == 0)> <Delay = 0.00>
ST_4 : Operation 114 [1/1] (1.82ns)   --->   "%tmp_4 = sparsemux i8 @_ssdm_op_SparseMux.ap_auto.4i8.i8.i2, i2 0, i8 %pixbuf_y_15_out_load, i2 1, i8 %pixbuf_y_4, i2 2, i8 %pixbuf_y_5, i2 3, i8 %pixbuf_y_6, i8 0, i2 %p_cast8_cast" [G:/Project-Workspace/zynq-7020-video-pipe-3/hw/video-pipe-hw-v3/hw_011223.runs/bd_8126_hsc_0_synth_1/prj/sol/.autopilot/db/v_hscaler.cpp:1787]   --->   Operation 114 'sparsemux' 'tmp_4' <Predicate = true> <Delay = 1.82> <CoreInst = "SparseMux">   --->   Core 135 'SparseMux' <Latency = 0> <II = 1> <Delay = 1.82> <FuncUnit> <Opcode : 'sparsemux'> <InPorts = 2> <OutPorts = 1>
ST_4 : Operation 115 [1/1] (0.00ns)   --->   "%shl_ln = bitconcatenate i9 @_ssdm_op_BitConcatenate.i9.i8.i1, i8 %select_ln1767_5, i1 0" [G:/Project-Workspace/zynq-7020-video-pipe-3/hw/video-pipe-hw-v3/hw_011223.runs/bd_8126_hsc_0_synth_1/prj/sol/.autopilot/db/v_hscaler.cpp:1796]   --->   Operation 115 'bitconcatenate' 'shl_ln' <Predicate = (!odd_col)> <Delay = 0.00>
ST_4 : Operation 116 [1/1] (0.00ns)   --->   "%zext_ln1796 = zext i8 %select_ln1767_4" [G:/Project-Workspace/zynq-7020-video-pipe-3/hw/video-pipe-hw-v3/hw_011223.runs/bd_8126_hsc_0_synth_1/prj/sol/.autopilot/db/v_hscaler.cpp:1796]   --->   Operation 116 'zext' 'zext_ln1796' <Predicate = (!odd_col)> <Delay = 0.00>
ST_4 : Operation 117 [1/1] (0.00ns)   --->   "%zext_ln1796_1 = zext i9 %shl_ln" [G:/Project-Workspace/zynq-7020-video-pipe-3/hw/video-pipe-hw-v3/hw_011223.runs/bd_8126_hsc_0_synth_1/prj/sol/.autopilot/db/v_hscaler.cpp:1796]   --->   Operation 117 'zext' 'zext_ln1796_1' <Predicate = (!odd_col)> <Delay = 0.00>
ST_4 : Operation 118 [1/1] (0.00ns)   --->   "%zext_ln1797_1 = zext i9 %add_ln1797" [G:/Project-Workspace/zynq-7020-video-pipe-3/hw/video-pipe-hw-v3/hw_011223.runs/bd_8126_hsc_0_synth_1/prj/sol/.autopilot/db/v_hscaler.cpp:1797]   --->   Operation 118 'zext' 'zext_ln1797_1' <Predicate = (!odd_col)> <Delay = 0.00>
ST_4 : Operation 119 [1/1] (0.00ns) (grouped into TernaryAdder)   --->   "%add_ln1797_2 = add i10 %zext_ln1797_1, i10 %zext_ln1796" [G:/Project-Workspace/zynq-7020-video-pipe-3/hw/video-pipe-hw-v3/hw_011223.runs/bd_8126_hsc_0_synth_1/prj/sol/.autopilot/db/v_hscaler.cpp:1797]   --->   Operation 119 'add' 'add_ln1797_2' <Predicate = (!odd_col)> <Delay = 0.00> <CoreInst = "TAddSub">   --->   Core 10 'TAddSub' <Latency = 0> <II = 1> <Delay = 1.86> <IPBlock> <Opcode : '' 'add' 'sub'> <InPorts = 3> <OutPorts = 1> <Sync> <CReg>
ST_4 : Operation 120 [1/1] (3.72ns) (root node of TernaryAdder)   --->   "%add_ln1797_1 = add i10 %add_ln1797_2, i10 %zext_ln1796_1" [G:/Project-Workspace/zynq-7020-video-pipe-3/hw/video-pipe-hw-v3/hw_011223.runs/bd_8126_hsc_0_synth_1/prj/sol/.autopilot/db/v_hscaler.cpp:1797]   --->   Operation 120 'add' 'add_ln1797_1' <Predicate = (!odd_col)> <Delay = 3.72> <CoreInst = "TAddSub">   --->   Core 10 'TAddSub' <Latency = 0> <II = 1> <Delay = 1.86> <IPBlock> <Opcode : '' 'add' 'sub'> <InPorts = 3> <OutPorts = 1> <Sync> <CReg>
ST_4 : Operation 121 [1/1] (0.00ns)   --->   "%trunc_ln5 = partselect i8 @_ssdm_op_PartSelect.i8.i10.i32.i32, i10 %add_ln1797_1, i32 2, i32 9" [G:/Project-Workspace/zynq-7020-video-pipe-3/hw/video-pipe-hw-v3/hw_011223.runs/bd_8126_hsc_0_synth_1/prj/sol/.autopilot/db/v_hscaler.cpp:1648]   --->   Operation 121 'partselect' 'trunc_ln5' <Predicate = (!odd_col)> <Delay = 0.00>
ST_4 : Operation 122 [1/1] (0.00ns)   --->   "%shl_ln1 = bitconcatenate i9 @_ssdm_op_BitConcatenate.i9.i8.i1, i8 %select_ln1767_3, i1 0" [G:/Project-Workspace/zynq-7020-video-pipe-3/hw/video-pipe-hw-v3/hw_011223.runs/bd_8126_hsc_0_synth_1/prj/sol/.autopilot/db/v_hscaler.cpp:1799]   --->   Operation 122 'bitconcatenate' 'shl_ln1' <Predicate = (!odd_col)> <Delay = 0.00>
ST_4 : Operation 123 [1/1] (0.00ns)   --->   "%zext_ln1799 = zext i8 %select_ln1767_2" [G:/Project-Workspace/zynq-7020-video-pipe-3/hw/video-pipe-hw-v3/hw_011223.runs/bd_8126_hsc_0_synth_1/prj/sol/.autopilot/db/v_hscaler.cpp:1799]   --->   Operation 123 'zext' 'zext_ln1799' <Predicate = (!odd_col)> <Delay = 0.00>
ST_4 : Operation 124 [1/1] (0.00ns)   --->   "%zext_ln1799_1 = zext i9 %shl_ln1" [G:/Project-Workspace/zynq-7020-video-pipe-3/hw/video-pipe-hw-v3/hw_011223.runs/bd_8126_hsc_0_synth_1/prj/sol/.autopilot/db/v_hscaler.cpp:1799]   --->   Operation 124 'zext' 'zext_ln1799_1' <Predicate = (!odd_col)> <Delay = 0.00>
ST_4 : Operation 125 [1/1] (0.00ns)   --->   "%zext_ln1800_1 = zext i9 %add_ln1800" [G:/Project-Workspace/zynq-7020-video-pipe-3/hw/video-pipe-hw-v3/hw_011223.runs/bd_8126_hsc_0_synth_1/prj/sol/.autopilot/db/v_hscaler.cpp:1800]   --->   Operation 125 'zext' 'zext_ln1800_1' <Predicate = (!odd_col)> <Delay = 0.00>
ST_4 : Operation 126 [1/1] (0.00ns) (grouped into TernaryAdder)   --->   "%add_ln1800_2 = add i10 %zext_ln1799_1, i10 %zext_ln1799" [G:/Project-Workspace/zynq-7020-video-pipe-3/hw/video-pipe-hw-v3/hw_011223.runs/bd_8126_hsc_0_synth_1/prj/sol/.autopilot/db/v_hscaler.cpp:1800]   --->   Operation 126 'add' 'add_ln1800_2' <Predicate = (!odd_col)> <Delay = 0.00> <CoreInst = "TAddSub">   --->   Core 10 'TAddSub' <Latency = 0> <II = 1> <Delay = 1.86> <IPBlock> <Opcode : '' 'add' 'sub'> <InPorts = 3> <OutPorts = 1> <Sync> <CReg>
ST_4 : Operation 127 [1/1] (3.72ns) (root node of TernaryAdder)   --->   "%add_ln1800_1 = add i10 %add_ln1800_2, i10 %zext_ln1800_1" [G:/Project-Workspace/zynq-7020-video-pipe-3/hw/video-pipe-hw-v3/hw_011223.runs/bd_8126_hsc_0_synth_1/prj/sol/.autopilot/db/v_hscaler.cpp:1800]   --->   Operation 127 'add' 'add_ln1800_1' <Predicate = (!odd_col)> <Delay = 3.72> <CoreInst = "TAddSub">   --->   Core 10 'TAddSub' <Latency = 0> <II = 1> <Delay = 1.86> <IPBlock> <Opcode : '' 'add' 'sub'> <InPorts = 3> <OutPorts = 1> <Sync> <CReg>
ST_4 : Operation 128 [1/1] (0.00ns)   --->   "%filt_res1_2 = partselect i8 @_ssdm_op_PartSelect.i8.i10.i32.i32, i10 %add_ln1800_1, i32 2, i32 9" [G:/Project-Workspace/zynq-7020-video-pipe-3/hw/video-pipe-hw-v3/hw_011223.runs/bd_8126_hsc_0_synth_1/prj/sol/.autopilot/db/v_hscaler.cpp:1800]   --->   Operation 128 'partselect' 'filt_res1_2' <Predicate = (!odd_col)> <Delay = 0.00>
ST_4 : Operation 129 [1/1] (0.00ns)   --->   "%store_ln1655 = store i8 %pixbuf_y_4, i8 %pixbuf_y_15_out" [G:/Project-Workspace/zynq-7020-video-pipe-3/hw/video-pipe-hw-v3/hw_011223.runs/bd_8126_hsc_0_synth_1/prj/sol/.autopilot/db/v_hscaler.cpp:1655]   --->   Operation 129 'store' 'store_ln1655' <Predicate = true> <Delay = 0.00>
ST_4 : Operation 144 [1/1] (0.00ns)   --->   "%p_0_1_0_0_0684708_load = load i8 %p_0_1_0_0_0684708"   --->   Operation 144 'load' 'p_0_1_0_0_0684708_load' <Predicate = (!icmp_ln1681)> <Delay = 0.00>
ST_4 : Operation 145 [1/1] (0.00ns)   --->   "%p_0_2_0_0_0688712_load = load i8 %p_0_2_0_0_0688712"   --->   Operation 145 'load' 'p_0_2_0_0_0688712_load' <Predicate = (!icmp_ln1681)> <Delay = 0.00>
ST_4 : Operation 146 [1/1] (0.00ns)   --->   "%write_ln0 = write void @_ssdm_op_Write.ap_auto.i8P0A, i8 %pixbuf_y_19_out, i8 %pixbuf_y_7"   --->   Operation 146 'write' 'write_ln0' <Predicate = (!icmp_ln1681)> <Delay = 0.00>
ST_4 : Operation 147 [1/1] (0.00ns)   --->   "%store_ln0 = store i8 %pixbuf_y_6, i8 %pixbuf_y_18_out"   --->   Operation 147 'store' 'store_ln0' <Predicate = (!icmp_ln1681)> <Delay = 0.00>
ST_4 : Operation 148 [1/1] (0.00ns)   --->   "%store_ln0 = store i8 %pixbuf_y_5, i8 %pixbuf_y_17_out"   --->   Operation 148 'store' 'store_ln0' <Predicate = (!icmp_ln1681)> <Delay = 0.00>
ST_4 : Operation 149 [1/1] (0.00ns)   --->   "%store_ln0 = store i8 %pixbuf_y_4, i8 %pixbuf_y_16_out"   --->   Operation 149 'store' 'store_ln0' <Predicate = (!icmp_ln1681)> <Delay = 0.00>
ST_4 : Operation 150 [1/1] (0.00ns)   --->   "%write_ln0 = write void @_ssdm_op_Write.ap_auto.i8P0A, i8 %p_0_2_0_0_0688712_out, i8 %p_0_2_0_0_0688712_load"   --->   Operation 150 'write' 'write_ln0' <Predicate = (!icmp_ln1681)> <Delay = 0.00>
ST_4 : Operation 151 [1/1] (0.00ns)   --->   "%write_ln0 = write void @_ssdm_op_Write.ap_auto.i8P0A, i8 %p_0_1_0_0_0684708_out, i8 %p_0_1_0_0_0684708_load"   --->   Operation 151 'write' 'write_ln0' <Predicate = (!icmp_ln1681)> <Delay = 0.00>
ST_4 : Operation 152 [1/1] (0.00ns)   --->   "%ret_ln0 = ret"   --->   Operation 152 'ret' 'ret_ln0' <Predicate = (!icmp_ln1681)> <Delay = 0.00>

State 5 <SV = 4> <Delay = 3.80>
ST_5 : Operation 130 [1/1] (0.00ns)   --->   "%filt_res1_1_out_load = load i64 %filt_res1_1_out" [G:/Project-Workspace/zynq-7020-video-pipe-3/hw/video-pipe-hw-v3/hw_011223.runs/bd_8126_hsc_0_synth_1/prj/sol/.autopilot/db/v_hscaler.cpp:1681]   --->   Operation 130 'load' 'filt_res1_1_out_load' <Predicate = (odd_col)> <Delay = 0.00>
ST_5 : Operation 131 [1/1] (0.00ns)   --->   "%trunc_ln1681 = trunc i64 %filt_res1_1_out_load" [G:/Project-Workspace/zynq-7020-video-pipe-3/hw/video-pipe-hw-v3/hw_011223.runs/bd_8126_hsc_0_synth_1/prj/sol/.autopilot/db/v_hscaler.cpp:1681]   --->   Operation 131 'trunc' 'trunc_ln1681' <Predicate = (odd_col)> <Delay = 0.00>
ST_5 : Operation 132 [1/1] (0.00ns)   --->   "%specpipeline_ln1684 = specpipeline void @_ssdm_op_SpecPipeline, i32 1, i32 0, i32 0, i32 0, void @empty_10" [G:/Project-Workspace/zynq-7020-video-pipe-3/hw/video-pipe-hw-v3/hw_011223.runs/bd_8126_hsc_0_synth_1/prj/sol/.autopilot/db/v_hscaler.cpp:1684]   --->   Operation 132 'specpipeline' 'specpipeline_ln1684' <Predicate = true> <Delay = 0.00>
ST_5 : Operation 133 [1/1] (0.00ns)   --->   "%specloopname_ln1681 = specloopname void @_ssdm_op_SpecLoopName, void @empty_22" [G:/Project-Workspace/zynq-7020-video-pipe-3/hw/video-pipe-hw-v3/hw_011223.runs/bd_8126_hsc_0_synth_1/prj/sol/.autopilot/db/v_hscaler.cpp:1681]   --->   Operation 133 'specloopname' 'specloopname_ln1681' <Predicate = true> <Delay = 0.00>
ST_5 : Operation 134 [1/1] (0.00ns)   --->   "%filt_res1_1_out_load_1 = load i64 %filt_res1_1_out" [G:/Project-Workspace/zynq-7020-video-pipe-3/hw/video-pipe-hw-v3/hw_011223.runs/bd_8126_hsc_0_synth_1/prj/sol/.autopilot/db/v_hscaler.cpp:1643]   --->   Operation 134 'load' 'filt_res1_1_out_load_1' <Predicate = (odd_col)> <Delay = 0.00>
ST_5 : Operation 135 [1/1] (0.00ns)   --->   "%zext_ln1798 = zext i8 %filt_res1_2" [G:/Project-Workspace/zynq-7020-video-pipe-3/hw/video-pipe-hw-v3/hw_011223.runs/bd_8126_hsc_0_synth_1/prj/sol/.autopilot/db/v_hscaler.cpp:1798]   --->   Operation 135 'zext' 'zext_ln1798' <Predicate = (!odd_col)> <Delay = 0.00>
ST_5 : Operation 136 [1/1] (1.48ns)   --->   "%filt_res1 = select i1 %odd_col, i64 %filt_res1_1_out_load_1, i64 %zext_ln1798" [G:/Project-Workspace/zynq-7020-video-pipe-3/hw/video-pipe-hw-v3/hw_011223.runs/bd_8126_hsc_0_synth_1/prj/sol/.autopilot/db/v_hscaler.cpp:1643]   --->   Operation 136 'select' 'filt_res1' <Predicate = true> <Delay = 1.48> <CoreInst = "Sel">   --->   Core 73 'Sel' <Latency = 0> <II = 1> <Delay = 1.48> <FuncUnit> <Opcode : 'select'> <InPorts = 3> <OutPorts = 1>
ST_5 : Operation 137 [1/1] (1.24ns)   --->   "%select_ln1802 = select i1 %odd_col, i8 %trunc_ln1681, i8 %trunc_ln5" [G:/Project-Workspace/zynq-7020-video-pipe-3/hw/video-pipe-hw-v3/hw_011223.runs/bd_8126_hsc_0_synth_1/prj/sol/.autopilot/db/v_hscaler.cpp:1802]   --->   Operation 137 'select' 'select_ln1802' <Predicate = true> <Delay = 1.24> <CoreInst = "Sel">   --->   Core 73 'Sel' <Latency = 0> <II = 1> <Delay = 1.24> <FuncUnit> <Opcode : 'select'> <InPorts = 3> <OutPorts = 1>
ST_5 : Operation 138 [1/1] (0.00ns)   --->   "%tmp_2 = bitconcatenate i16 @_ssdm_op_BitConcatenate.i16.i8.i8, i8 %select_ln1802, i8 %tmp_4" [G:/Project-Workspace/zynq-7020-video-pipe-3/hw/video-pipe-hw-v3/hw_011223.runs/bd_8126_hsc_0_synth_1/prj/sol/.autopilot/db/v_hscaler.cpp:1833]   --->   Operation 138 'bitconcatenate' 'tmp_2' <Predicate = (!tmp & !p_read_3)> <Delay = 0.00>
ST_5 : Operation 139 [1/1] (0.00ns)   --->   "%zext_ln1833 = zext i16 %tmp_2" [G:/Project-Workspace/zynq-7020-video-pipe-3/hw/video-pipe-hw-v3/hw_011223.runs/bd_8126_hsc_0_synth_1/prj/sol/.autopilot/db/v_hscaler.cpp:1833]   --->   Operation 139 'zext' 'zext_ln1833' <Predicate = (!tmp & !p_read_3)> <Delay = 0.00>
ST_5 : Operation 140 [1/1] (2.55ns)   --->   "%write_ln1833 = write void @_ssdm_op_Write.ap_fifo.volatile.i24P0A, i24 %stream_out_422, i24 %zext_ln1833" [G:/Project-Workspace/zynq-7020-video-pipe-3/hw/video-pipe-hw-v3/hw_011223.runs/bd_8126_hsc_0_synth_1/prj/sol/.autopilot/db/v_hscaler.cpp:1833]   --->   Operation 140 'write' 'write_ln1833' <Predicate = (!tmp & !p_read_3)> <Delay = 2.55> <CoreInst = "FIFO_SRL">   --->   Core 81 'FIFO_SRL' <Latency = 0> <II = 1> <Delay = 3.80> <Storage> <Opcode : 'read' 'write' 'nbread' 'nbwrite'> <Ports = 0> <Width = 24> <Depth = 16> <FIFO>
ST_5 : Operation 141 [1/1] (0.00ns)   --->   "%br_ln0 = br void %if.end448"   --->   Operation 141 'br' 'br_ln0' <Predicate = (!tmp & !p_read_3)> <Delay = 0.00>
ST_5 : Operation 142 [1/1] (0.00ns)   --->   "%store_ln1648 = store i64 %filt_res1, i64 %filt_res1_1_out" [G:/Project-Workspace/zynq-7020-video-pipe-3/hw/video-pipe-hw-v3/hw_011223.runs/bd_8126_hsc_0_synth_1/prj/sol/.autopilot/db/v_hscaler.cpp:1648]   --->   Operation 142 'store' 'store_ln1648' <Predicate = true> <Delay = 0.00>
ST_5 : Operation 143 [1/1] (0.00ns)   --->   "%br_ln1681 = br void %for.body37" [G:/Project-Workspace/zynq-7020-video-pipe-3/hw/video-pipe-hw-v3/hw_011223.runs/bd_8126_hsc_0_synth_1/prj/sol/.autopilot/db/v_hscaler.cpp:1681]   --->   Operation 143 'br' 'br_ln1681' <Predicate = true> <Delay = 0.00>


============================================================
+ Verbose Summary: Timing violations
============================================================
Target clock period: 7.000ns, clock uncertainty: 1.890ns.

 <State 1>: 5.253ns
The critical path consists of the following:
	'store' operation 0 bit ('store_ln1635', G:/Project-Workspace/zynq-7020-video-pipe-3/hw/video-pipe-hw-v3/hw_011223.runs/bd_8126_hsc_0_synth_1/prj/sol/.autopilot/db/v_hscaler.cpp:1635) of constant 0 on local variable 'x', G:/Project-Workspace/zynq-7020-video-pipe-3/hw/video-pipe-hw-v3/hw_011223.runs/bd_8126_hsc_0_synth_1/prj/sol/.autopilot/db/v_hscaler.cpp:1635 [67]  (1.588 ns)
	'load' operation 15 bit ('x', G:/Project-Workspace/zynq-7020-video-pipe-3/hw/video-pipe-hw-v3/hw_011223.runs/bd_8126_hsc_0_synth_1/prj/sol/.autopilot/db/v_hscaler.cpp:1681) on local variable 'x', G:/Project-Workspace/zynq-7020-video-pipe-3/hw/video-pipe-hw-v3/hw_011223.runs/bd_8126_hsc_0_synth_1/prj/sol/.autopilot/db/v_hscaler.cpp:1635 [72]  (0.000 ns)
	'icmp' operation 1 bit ('icmp_ln1681', G:/Project-Workspace/zynq-7020-video-pipe-3/hw/video-pipe-hw-v3/hw_011223.runs/bd_8126_hsc_0_synth_1/prj/sol/.autopilot/db/v_hscaler.cpp:1681) [78]  (2.077 ns)
	'store' operation 0 bit ('store_ln1635', G:/Project-Workspace/zynq-7020-video-pipe-3/hw/video-pipe-hw-v3/hw_011223.runs/bd_8126_hsc_0_synth_1/prj/sol/.autopilot/db/v_hscaler.cpp:1635) of variable 'add_ln1681', G:/Project-Workspace/zynq-7020-video-pipe-3/hw/video-pipe-hw-v3/hw_011223.runs/bd_8126_hsc_0_synth_1/prj/sol/.autopilot/db/v_hscaler.cpp:1681 on local variable 'x', G:/Project-Workspace/zynq-7020-video-pipe-3/hw/video-pipe-hw-v3/hw_011223.runs/bd_8126_hsc_0_synth_1/prj/sol/.autopilot/db/v_hscaler.cpp:1635 [168]  (1.588 ns)

 <State 2>: 4.143ns
The critical path consists of the following:
	fifo read operation ('stream_scaled_csc_read', G:/Project-Workspace/zynq-7020-video-pipe-3/hw/video-pipe-hw-v3/hw_011223.runs/bd_8126_hsc_0_synth_1/prj/sol/.autopilot/db/v_hscaler.cpp:1690) on port 'stream_scaled_csc' (G:/Project-Workspace/zynq-7020-video-pipe-3/hw/video-pipe-hw-v3/hw_011223.runs/bd_8126_hsc_0_synth_1/prj/sol/.autopilot/db/v_hscaler.cpp:1690) [92]  (2.555 ns)
	'store' operation 0 bit ('store_ln1690', G:/Project-Workspace/zynq-7020-video-pipe-3/hw/video-pipe-hw-v3/hw_011223.runs/bd_8126_hsc_0_synth_1/prj/sol/.autopilot/db/v_hscaler.cpp:1690) of variable 'trunc_ln1690_4', G:/Project-Workspace/zynq-7020-video-pipe-3/hw/video-pipe-hw-v3/hw_011223.runs/bd_8126_hsc_0_synth_1/prj/sol/.autopilot/db/v_hscaler.cpp:1690 on local variable 'p_0_2_0_0_0691' [96]  (1.588 ns)

 <State 3>: 3.163ns
The critical path consists of the following:
	'load' operation 8 bit ('p_0_1_0_0_0684708_load_1', G:/Project-Workspace/zynq-7020-video-pipe-3/hw/video-pipe-hw-v3/hw_011223.runs/bd_8126_hsc_0_synth_1/prj/sol/.autopilot/db/v_hscaler.cpp:1767) on local variable 'p_0_1_0_0_0684708' [109]  (0.000 ns)
	'select' operation 8 bit ('select_ln1767_1', G:/Project-Workspace/zynq-7020-video-pipe-3/hw/video-pipe-hw-v3/hw_011223.runs/bd_8126_hsc_0_synth_1/prj/sol/.autopilot/db/v_hscaler.cpp:1767) [116]  (1.248 ns)
	'add' operation 9 bit ('add_ln1797', G:/Project-Workspace/zynq-7020-video-pipe-3/hw/video-pipe-hw-v3/hw_011223.runs/bd_8126_hsc_0_synth_1/prj/sol/.autopilot/db/v_hscaler.cpp:1797) [126]  (1.915 ns)

 <State 4>: 3.728ns
The critical path consists of the following:
	'add' operation 10 bit ('add_ln1797_1', G:/Project-Workspace/zynq-7020-video-pipe-3/hw/video-pipe-hw-v3/hw_011223.runs/bd_8126_hsc_0_synth_1/prj/sol/.autopilot/db/v_hscaler.cpp:1797) [129]  (3.728 ns)

 <State 5>: 3.803ns
The critical path consists of the following:
	'load' operation 64 bit ('filt_res1_1_out_load', G:/Project-Workspace/zynq-7020-video-pipe-3/hw/video-pipe-hw-v3/hw_011223.runs/bd_8126_hsc_0_synth_1/prj/sol/.autopilot/db/v_hscaler.cpp:1681) on local variable 'filt_res1_1_out' [83]  (0.000 ns)
	'select' operation 8 bit ('select_ln1802', G:/Project-Workspace/zynq-7020-video-pipe-3/hw/video-pipe-hw-v3/hw_011223.runs/bd_8126_hsc_0_synth_1/prj/sol/.autopilot/db/v_hscaler.cpp:1802) [142]  (1.248 ns)
	fifo write operation ('write_ln1833', G:/Project-Workspace/zynq-7020-video-pipe-3/hw/video-pipe-hw-v3/hw_011223.runs/bd_8126_hsc_0_synth_1/prj/sol/.autopilot/db/v_hscaler.cpp:1833) on port 'stream_out_422' (G:/Project-Workspace/zynq-7020-video-pipe-3/hw/video-pipe-hw-v3/hw_011223.runs/bd_8126_hsc_0_synth_1/prj/sol/.autopilot/db/v_hscaler.cpp:1833) [150]  (2.555 ns)


============================================================
+ Verbose Summary: Binding
============================================================
N/A
* FSMD analyzer results:
  - Output states:
 - Input state : 
  - Chain level:
	State 1
	State 2
	State 3
	State 4
	State 5


============================================================
+ Verbose Summary: Datapath Resource usage 
============================================================
N/A
