#-----------------------------------------------------------
# Vivado v2025.2 (64-bit)
# SW Build 6299465 on Fri Nov 14 12:34:56 MST 2025
# IP Build 6300035 on Fri Nov 14 10:48:45 MST 2025
# SharedData Build 6298862 on Thu Nov 13 04:50:51 MST 2025
# Start of session at: Fri Sep 18 14:28:48 2026
# Process ID         : 27339
# Current directory  : /home/alen/git/AMD-FPGA-Practice/kv260-imx219-video/hw/video-pipe-hw-v1/video_pipe_hw.runs/video_pipe_hw_v_demosaic_0_0_synth_1/prj/sol/impl/ip
# Command line       : vivado -notrace -mode batch -source run_ippack.tcl
# Log file           : /home/alen/git/AMD-FPGA-Practice/kv260-imx219-video/hw/video-pipe-hw-v1/video_pipe_hw.runs/video_pipe_hw_v_demosaic_0_0_synth_1/prj/sol/impl/ip/vivado.log
# Journal file       : /home/alen/git/AMD-FPGA-Practice/kv260-imx219-video/hw/video-pipe-hw-v1/video_pipe_hw.runs/video_pipe_hw_v_demosaic_0_0_synth_1/prj/sol/impl/ip/vivado.jou
# Running On         : alen-HP-Pavilion-Laptop-14-ec0xxx
# Platform           : Ubuntu
# Operating System   : Ubuntu 24.04.5 LTS
# Processor Detail   : AMD Ryzen 5 5500U with Radeon Graphics
# CPU Frequency      : 1113.637 MHz
# CPU Physical cores : 6
# CPU Logical cores  : 12
# Host memory        : 32934 MB
# Swap memory        : 8000 MB
# Total Virtual      : 40934 MB
# Available Virtual  : 15912 MB
#-----------------------------------------------------------
source run_ippack.tcl -notrace
INFO: calling package_hls_ip ip_types=vitis sysgen json_file=/home/alen/git/AMD-FPGA-Practice/kv260-imx219-video/hw/video-pipe-hw-v1/video_pipe_hw.runs/video_pipe_hw_v_demosaic_0_0_synth_1/prj/sol/sol_data.json outdir=/home/alen/git/AMD-FPGA-Practice/kv260-imx219-video/hw/video-pipe-hw-v1/video_pipe_hw.runs/video_pipe_hw_v_demosaic_0_0_synth_1/prj/sol/impl/ip srcdir=/home/alen/git/AMD-FPGA-Practice/kv260-imx219-video/hw/video-pipe-hw-v1/video_pipe_hw.runs/video_pipe_hw_v_demosaic_0_0_synth_1/prj/sol ippack_options_dict=subcore_use_xci_files false ippack_options_dict=subcore_use_xci_files false
INFO: Copied 1 ipmisc file(s) to /home/alen/git/AMD-FPGA-Practice/kv260-imx219-video/hw/video-pipe-hw-v1/video_pipe_hw.runs/video_pipe_hw_v_demosaic_0_0_synth_1/prj/sol/impl/ip/misc
INFO: Copied 48 verilog file(s) to /home/alen/git/AMD-FPGA-Practice/kv260-imx219-video/hw/video-pipe-hw-v1/video_pipe_hw.runs/video_pipe_hw_v_demosaic_0_0_synth_1/prj/sol/impl/ip/hdl/verilog
INFO: Copied 40 vhdl file(s) to /home/alen/git/AMD-FPGA-Practice/kv260-imx219-video/hw/video-pipe-hw-v1/video_pipe_hw.runs/video_pipe_hw_v_demosaic_0_0_synth_1/prj/sol/impl/ip/hdl/vhdl
INFO: Copied 10 swdriver file(s) to /home/alen/git/AMD-FPGA-Practice/kv260-imx219-video/hw/video-pipe-hw-v1/video_pipe_hw.runs/video_pipe_hw_v_demosaic_0_0_synth_1/prj/sol/impl/ip/drivers
ipx::create_core: Time (s): cpu = 00:00:48 ; elapsed = 00:00:09 . Memory (MB): peak = 1920.539 ; gain = 402.059 ; free physical = 3394 ; free virtual = 16516
INFO: Import ports from HDL: /home/alen/git/AMD-FPGA-Practice/kv260-imx219-video/hw/video-pipe-hw-v1/video_pipe_hw.runs/video_pipe_hw_v_demosaic_0_0_synth_1/prj/sol/impl/ip/hdl/vhdl/video_pipe_hw_v_demosaic_0_0_v_demosaic.vhd (video_pipe_hw_v_demosaic_0_0_v_demosaic)
INFO: Add axi4lite interface s_axi_CTRL
INFO: Add clock interface ap_clk
INFO: Add reset interface ap_rst_n
INFO: Add interrupt interface interrupt
INFO: [IP_Flow 19-234] Refreshing IP repositories
INFO: [IP_Flow 19-1704] No user IP repositories specified
INFO: [IP_Flow 19-2313] Loaded Vivado IP repository '/home/alen/AMD-Xilinx/2025.2/data/ip'.
INFO: Add axi4stream interface s_axis_video
INFO: Add axi4stream interface m_axis_video
INFO: Calling post_process_vitis to specialize IP
INFO: Calling post_process_sysgen to specialize IP
Generating sysgen info xml from json file
INFO: Created IP /home/alen/git/AMD-FPGA-Practice/kv260-imx219-video/hw/video-pipe-hw-v1/video_pipe_hw.runs/video_pipe_hw_v_demosaic_0_0_synth_1/prj/sol/impl/ip/component.xml
INFO: Created IP archive /home/alen/git/AMD-FPGA-Practice/kv260-imx219-video/hw/video-pipe-hw-v1/video_pipe_hw.runs/video_pipe_hw_v_demosaic_0_0_synth_1/prj/sol/impl/ip/xilinx_com_ip_v_demosaic_1_1.zip
INFO: [Common 17-206] Exiting Vivado at Fri Sep 18 14:29:01 2026...
