

================================================================
== Vitis HLS Report for 'AXIvideo2MultiPixStream'
================================================================
* Date:           Wed Dec 20 16:40:49 2023

* Version:        2023.2 (Build 4023990 on Oct 11 2023)
* Project:        prj
* Solution:       sol (Vivado IP Flow Target)
* Product family: zynq
* Target device:  xc7z020-clg484-1


================================================================
== Performance Estimates
================================================================
+ Timing: 
    * Summary: 
    +--------+---------+----------+------------+
    |  Clock |  Target | Estimated| Uncertainty|
    +--------+---------+----------+------------+
    |ap_clk  |  7.00 ns|  5.815 ns|     1.89 ns|
    +--------+---------+----------+------------+

+ Latency: 
    * Summary: 
    +---------+---------+-----------+-----------+-----+---------+---------+
    |  Latency (cycles) |   Latency (absolute)  |    Interval   | Pipeline|
    |   min   |   max   |    min    |    max    | min |   max   |   Type  |
    +---------+---------+-----------+-----------+-----+---------+---------+
    |        6|  2085486|  42.000 ns|  14.598 ms|    6|  2085486|       no|
    +---------+---------+-----------+-----------+-----+---------+---------+

    + Detail: 
        * Instance: 
        N/A

        * Loop: 
        +---------------+---------+---------+-----------+-----------+-----------+----------+----------+
        |               |  Latency (cycles) | Iteration |  Initiation Interval  |   Trip   |          |
        |   Loop Name   |   min   |   max   |  Latency  |  achieved |   target  |   Count  | Pipelined|
        +---------------+---------+---------+-----------+-----------+-----------+----------+----------+
        |- loop_height  |        0|  2085480|  11 ~ 1931|          -|          -|  0 ~ 1080|        no|
        +---------------+---------+---------+-----------+-----------+-----------+----------+----------+

============================================================
+ Verbose Summary: Synthesis Manager
============================================================
InlineROM: 1
ExposeGlobal: 0
============================================================
+ Verbose Summary: CDFG Model
============================================================
IsTopModel: 0
ResetActiveHigh: 1
IsCombinational: 2
IsDatapathOnly: 0
HasWiredReturn: 1
HasMFsm: 0
HasVarLatency: 1
IsPipeline: 0
IsRtlPipelined: 0
IsInstanceOverlapped: 0
IsDontTouch: 0
HasImplIP: 0
IsGatedGlobalClock: 0


============================================================
+ Verbose Summary: Schedule
============================================================
* Number of FSM states : 11
* Pipeline : 0
* Dataflow Pipeline: 0

* FSM state transitions: 
1 --> 2 
2 --> 3 
3 --> 4 
4 --> 5 
5 --> 6 
6 --> 7 
7 --> 8 
8 --> 9 
9 --> 10 
10 --> 11 
11 --> 5 

* FSM state operations: 

State 1 <SV = 0> <Delay = 5.11>
ST_1 : Operation 12 [1/1] (0.00ns)   --->   "%axi_data_13 = alloca i32 1" [G:/Project-Workspace/zynq-7020-video-pipe-3/hw/video-pipe-hw-v2/hw_011223.runs/bd_8126_vsc_0_synth_1/prj/sol/.autopilot/db/v_vscaler.cpp:792]   --->   Operation 12 'alloca' 'axi_data_13' <Predicate = true> <Delay = 0.00>
ST_1 : Operation 13 [1/1] (0.00ns)   --->   "%i = alloca i32 1" [G:/Project-Workspace/zynq-7020-video-pipe-3/hw/video-pipe-hw-v2/hw_011223.runs/bd_8126_vsc_0_synth_1/prj/sol/.autopilot/db/v_vscaler.cpp:812]   --->   Operation 13 'alloca' 'i' <Predicate = true> <Delay = 0.00>
ST_1 : Operation 14 [1/1] (0.00ns)   --->   "%axi_last_4_loc = alloca i64 1"   --->   Operation 14 'alloca' 'axi_last_4_loc' <Predicate = true> <Delay = 0.00>
ST_1 : Operation 15 [1/1] (0.00ns)   --->   "%axi_data_14_loc = alloca i64 1"   --->   Operation 15 'alloca' 'axi_data_14_loc' <Predicate = true> <Delay = 0.00>
ST_1 : Operation 16 [1/1] (0.00ns)   --->   "%eol_loc = alloca i64 1"   --->   Operation 16 'alloca' 'eol_loc' <Predicate = true> <Delay = 0.00>
ST_1 : Operation 17 [1/1] (0.00ns)   --->   "%axi_last_loc = alloca i64 1"   --->   Operation 17 'alloca' 'axi_last_loc' <Predicate = true> <Delay = 0.00>
ST_1 : Operation 18 [1/1] (2.55ns)   --->   "%Height_read = read i11 @_ssdm_op_Read.ap_fifo.i11P0A, i11 %Height"   --->   Operation 18 'read' 'Height_read' <Predicate = true> <Delay = 2.55> <CoreInst = "FIFO_SRL">   --->   Core 81 'FIFO_SRL' <Latency = 0> <II = 1> <Delay = 3.63> <Storage> <Opcode : 'read' 'write' 'nbread' 'nbwrite'> <Ports = 0> <Width = 11> <Depth = 2> <FIFO>
ST_1 : Operation 19 [1/1] (2.55ns)   --->   "%WidthIn_read = read i11 @_ssdm_op_Read.ap_fifo.i11P0A, i11 %WidthIn"   --->   Operation 19 'read' 'WidthIn_read' <Predicate = true> <Delay = 2.55> <CoreInst = "FIFO_SRL">   --->   Core 81 'FIFO_SRL' <Latency = 0> <II = 1> <Delay = 3.63> <Storage> <Opcode : 'read' 'write' 'nbread' 'nbwrite'> <Ports = 0> <Width = 11> <Depth = 2> <FIFO>
ST_1 : Operation 20 [1/1] (2.55ns)   --->   "%ColorMode_read = read i8 @_ssdm_op_Read.ap_fifo.i8P0A, i8 %ColorMode"   --->   Operation 20 'read' 'ColorMode_read' <Predicate = true> <Delay = 2.55> <CoreInst = "FIFO_SRL">   --->   Core 81 'FIFO_SRL' <Latency = 0> <II = 1> <Delay = 3.63> <Storage> <Opcode : 'read' 'write' 'nbread' 'nbwrite'> <Ports = 0> <Width = 8> <Depth = 2> <FIFO>
ST_1 : Operation 21 [1/1] (2.55ns)   --->   "%write_ln0 = write void @_ssdm_op_Write.ap_fifo.i8P0A, i8 %HwReg_ColorMode_c, i8 %ColorMode_read"   --->   Operation 21 'write' 'write_ln0' <Predicate = true> <Delay = 2.55> <CoreInst = "FIFO_SRL">   --->   Core 81 'FIFO_SRL' <Latency = 0> <II = 1> <Delay = 3.63> <Storage> <Opcode : 'read' 'write' 'nbread' 'nbwrite'> <Ports = 0> <Width = 8> <Depth = 2> <FIFO>
ST_1 : Operation 22 [1/1] (2.55ns)   --->   "%write_ln0 = write void @_ssdm_op_Write.ap_fifo.i11P0A, i11 %HwReg_Width_c17, i11 %WidthIn_read"   --->   Operation 22 'write' 'write_ln0' <Predicate = true> <Delay = 2.55> <CoreInst = "FIFO_SRL">   --->   Core 81 'FIFO_SRL' <Latency = 0> <II = 1> <Delay = 3.63> <Storage> <Opcode : 'read' 'write' 'nbread' 'nbwrite'> <Ports = 0> <Width = 11> <Depth = 2> <FIFO>
ST_1 : Operation 23 [1/1] (2.55ns)   --->   "%write_ln0 = write void @_ssdm_op_Write.ap_fifo.i11P0A, i11 %HwReg_HeightIn_c14, i11 %Height_read"   --->   Operation 23 'write' 'write_ln0' <Predicate = true> <Delay = 2.55> <CoreInst = "FIFO_SRL">   --->   Core 81 'FIFO_SRL' <Latency = 0> <II = 1> <Delay = 3.63> <Storage> <Opcode : 'read' 'write' 'nbread' 'nbwrite'> <Ports = 0> <Width = 11> <Depth = 2> <FIFO>
ST_1 : Operation 24 [1/1] (1.58ns)   --->   "%store_ln812 = store i11 0, i11 %i" [G:/Project-Workspace/zynq-7020-video-pipe-3/hw/video-pipe-hw-v2/hw_011223.runs/bd_8126_vsc_0_synth_1/prj/sol/.autopilot/db/v_vscaler.cpp:812]   --->   Operation 24 'store' 'store_ln812' <Predicate = true> <Delay = 1.58>

State 2 <SV = 1> <Delay = 2.58>
ST_2 : Operation 25 [1/1] (0.00ns)   --->   "%empty = wait i32 @_ssdm_op_Wait"   --->   Operation 25 'wait' 'empty' <Predicate = true> <Delay = 0.00>
ST_2 : Operation 26 [2/2] (2.58ns)   --->   "%call_ln0 = call void @AXIvideo2MultiPixStream_Pipeline_loop_wait_for_start, i32 %s_axis_video_V_data_V, i4 %s_axis_video_V_keep_V, i4 %s_axis_video_V_strb_V, i1 %s_axis_video_V_user_V, i1 %s_axis_video_V_last_V, i1 %s_axis_video_V_id_V, i1 %s_axis_video_V_dest_V, i30 %axi_data_13, i1 %axi_last_loc"   --->   Operation 26 'call' 'call_ln0' <Predicate = true> <Delay = 2.58> <CoreType = "Generic">   --->   Core 0 '' <Latency = 0> <II = 1> <Delay = 1.00> <Generic> <Opcode : >

State 3 <SV = 2> <Delay = 1.58>
ST_3 : Operation 27 [2/2] (0.00ns)   --->   "%rows = call i11 @reg<unsigned short>, i11 %Height_read" [G:/Project-Workspace/zynq-7020-video-pipe-3/hw/video-pipe-hw-v2/hw_011223.runs/bd_8126_vsc_0_synth_1/prj/sol/.autopilot/db/v_vscaler.cpp:794]   --->   Operation 27 'call' 'rows' <Predicate = true> <Delay = 0.00> <CoreType = "Generic">   --->   Core 0 '' <Latency = 0> <II = 1> <Delay = 1.00> <Generic> <Opcode : >
ST_3 : Operation 28 [2/2] (0.00ns)   --->   "%cols = call i11 @reg<unsigned short>, i11 %WidthIn_read" [G:/Project-Workspace/zynq-7020-video-pipe-3/hw/video-pipe-hw-v2/hw_011223.runs/bd_8126_vsc_0_synth_1/prj/sol/.autopilot/db/v_vscaler.cpp:795]   --->   Operation 28 'call' 'cols' <Predicate = true> <Delay = 0.00> <CoreType = "Generic">   --->   Core 0 '' <Latency = 0> <II = 1> <Delay = 1.00> <Generic> <Opcode : >
ST_3 : Operation 29 [1/2] (1.58ns)   --->   "%call_ln0 = call void @AXIvideo2MultiPixStream_Pipeline_loop_wait_for_start, i32 %s_axis_video_V_data_V, i4 %s_axis_video_V_keep_V, i4 %s_axis_video_V_strb_V, i1 %s_axis_video_V_user_V, i1 %s_axis_video_V_last_V, i1 %s_axis_video_V_id_V, i1 %s_axis_video_V_dest_V, i30 %axi_data_13, i1 %axi_last_loc"   --->   Operation 29 'call' 'call_ln0' <Predicate = true> <Delay = 1.58> <CoreType = "Generic">   --->   Core 0 '' <Latency = 0> <II = 1> <Delay = 1.00> <Generic> <Opcode : >

State 4 <SV = 3> <Delay = 2.61>
ST_4 : Operation 30 [1/1] (0.00ns)   --->   "%specinterface_ln0 = specinterface void @_ssdm_op_SpecInterface, i11 %Height, void @ap_fifo_str, i32 0, i32 0, void @p_str, i32 0, i32 0, void @p_str, void @p_str, void @p_str, i32 2, i32 2, i32 16, i32 16, void @p_str, void @p_str, i32 4294967295, i32 0"   --->   Operation 30 'specinterface' 'specinterface_ln0' <Predicate = true> <Delay = 0.00>
ST_4 : Operation 31 [1/1] (0.00ns)   --->   "%specinterface_ln0 = specinterface void @_ssdm_op_SpecInterface, i11 %WidthIn, void @ap_fifo_str, i32 0, i32 0, void @p_str, i32 0, i32 0, void @p_str, void @p_str, void @p_str, i32 2, i32 2, i32 16, i32 16, void @p_str, void @p_str, i32 4294967295, i32 0"   --->   Operation 31 'specinterface' 'specinterface_ln0' <Predicate = true> <Delay = 0.00>
ST_4 : Operation 32 [1/1] (0.00ns)   --->   "%specinterface_ln0 = specinterface void @_ssdm_op_SpecInterface, i8 %ColorMode, void @ap_fifo_str, i32 0, i32 0, void @p_str, i32 0, i32 0, void @p_str, void @p_str, void @p_str, i32 2, i32 2, i32 16, i32 16, void @p_str, void @p_str, i32 4294967295, i32 0"   --->   Operation 32 'specinterface' 'specinterface_ln0' <Predicate = true> <Delay = 0.00>
ST_4 : Operation 33 [1/1] (0.00ns)   --->   "%specinterface_ln0 = specinterface void @_ssdm_op_SpecInterface, i8 %HwReg_ColorMode_c, void @ap_fifo_str, i32 0, i32 0, void @p_str, i32 0, i32 0, void @p_str, void @p_str, void @p_str, i32 2, i32 2, i32 16, i32 16, void @p_str, void @ScalarProp_str, i32 4294967295, i32 0"   --->   Operation 33 'specinterface' 'specinterface_ln0' <Predicate = true> <Delay = 0.00>
ST_4 : Operation 34 [1/1] (0.00ns)   --->   "%specinterface_ln0 = specinterface void @_ssdm_op_SpecInterface, i11 %HwReg_Width_c17, void @ap_fifo_str, i32 0, i32 0, void @p_str, i32 0, i32 0, void @p_str, void @p_str, void @p_str, i32 2, i32 2, i32 16, i32 16, void @p_str, void @ScalarProp_str, i32 4294967295, i32 0"   --->   Operation 34 'specinterface' 'specinterface_ln0' <Predicate = true> <Delay = 0.00>
ST_4 : Operation 35 [1/1] (0.00ns)   --->   "%specinterface_ln0 = specinterface void @_ssdm_op_SpecInterface, i11 %HwReg_HeightIn_c14, void @ap_fifo_str, i32 0, i32 0, void @p_str, i32 0, i32 0, void @p_str, void @p_str, void @p_str, i32 2, i32 2, i32 16, i32 16, void @p_str, void @ScalarProp_str, i32 4294967295, i32 0"   --->   Operation 35 'specinterface' 'specinterface_ln0' <Predicate = true> <Delay = 0.00>
ST_4 : Operation 36 [1/1] (0.00ns)   --->   "%specaxissidechannel_ln0 = specaxissidechannel void @_ssdm_op_SpecAXISSideChannel, i32 %s_axis_video_V_data_V, i4 %s_axis_video_V_keep_V, i4 %s_axis_video_V_strb_V, i1 %s_axis_video_V_user_V, i1 %s_axis_video_V_last_V, i1 %s_axis_video_V_id_V, i1 %s_axis_video_V_dest_V, void @empty_1"   --->   Operation 36 'specaxissidechannel' 'specaxissidechannel_ln0' <Predicate = true> <Delay = 0.00>
ST_4 : Operation 37 [1/1] (0.00ns)   --->   "%specinterface_ln0 = specinterface void @_ssdm_op_SpecInterface, i30 %SrcYUV, void @empty_16, i32 0, i32 0, void @empty_3, i32 0, i32 0, void @empty_3, void @empty_3, void @empty_3, i32 0, i32 0, i32 0, i32 0, void @empty_3, void @empty_3, i32 4294967295, i32 0"   --->   Operation 37 'specinterface' 'specinterface_ln0' <Predicate = true> <Delay = 0.00>
ST_4 : Operation 38 [1/1] (0.00ns)   --->   "%specinterface_ln0 = specinterface void @_ssdm_op_SpecInterface, i1 %s_axis_video_V_dest_V, i1 %s_axis_video_V_id_V, i1 %s_axis_video_V_last_V, i1 %s_axis_video_V_user_V, i4 %s_axis_video_V_strb_V, i4 %s_axis_video_V_keep_V, i32 %s_axis_video_V_data_V, void @empty_4, i32 1, i32 1, void @empty_7, i32 0, i32 0, void @empty_3, void @empty_3, void @empty_3, i32 0, i32 0, i32 0, i32 0, void @empty_3, void @empty_3, i32 4294967295, i32 0"   --->   Operation 38 'specinterface' 'specinterface_ln0' <Predicate = true> <Delay = 0.00>
ST_4 : Operation 39 [1/2] (0.00ns)   --->   "%rows = call i11 @reg<unsigned short>, i11 %Height_read" [G:/Project-Workspace/zynq-7020-video-pipe-3/hw/video-pipe-hw-v2/hw_011223.runs/bd_8126_vsc_0_synth_1/prj/sol/.autopilot/db/v_vscaler.cpp:794]   --->   Operation 39 'call' 'rows' <Predicate = true> <Delay = 0.00> <CoreType = "Generic">   --->   Core 0 '' <Latency = 0> <II = 1> <Delay = 1.00> <Generic> <Opcode : >
ST_4 : Operation 40 [1/2] (0.00ns)   --->   "%cols = call i11 @reg<unsigned short>, i11 %WidthIn_read" [G:/Project-Workspace/zynq-7020-video-pipe-3/hw/video-pipe-hw-v2/hw_011223.runs/bd_8126_vsc_0_synth_1/prj/sol/.autopilot/db/v_vscaler.cpp:795]   --->   Operation 40 'call' 'cols' <Predicate = true> <Delay = 0.00> <CoreType = "Generic">   --->   Core 0 '' <Latency = 0> <II = 1> <Delay = 1.00> <Generic> <Opcode : >
ST_4 : Operation 41 [1/1] (0.00ns)   --->   "%axi_last_loc_load = load i1 %axi_last_loc"   --->   Operation 41 'load' 'axi_last_loc_load' <Predicate = true> <Delay = 0.00>
ST_4 : Operation 42 [1/1] (0.00ns)   --->   "%empty_135 = wait i32 @_ssdm_op_Wait"   --->   Operation 42 'wait' 'empty_135' <Predicate = true> <Delay = 0.00>
ST_4 : Operation 43 [1/1] (1.63ns)   --->   "%cmp10644 = icmp_ne  i11 %cols, i11 0" [G:/Project-Workspace/zynq-7020-video-pipe-3/hw/video-pipe-hw-v2/hw_011223.runs/bd_8126_vsc_0_synth_1/prj/sol/.autopilot/db/v_vscaler.cpp:795]   --->   Operation 43 'icmp' 'cmp10644' <Predicate = true> <Delay = 1.63> <CoreInst = "Cmp">   --->   Core 9 'Cmp' <Latency = 0> <II = 1> <Delay = 1.63> <FuncUnit> <Opcode : 'icmp'> <InPorts = 2> <OutPorts = 1>
ST_4 : Operation 44 [1/1] (0.97ns)   --->   "%xor_ln862 = xor i1 %cmp10644, i1 1" [G:/Project-Workspace/zynq-7020-video-pipe-3/hw/video-pipe-hw-v2/hw_011223.runs/bd_8126_vsc_0_synth_1/prj/sol/.autopilot/db/v_vscaler.cpp:862]   --->   Operation 44 'xor' 'xor_ln862' <Predicate = true> <Delay = 0.97> <CoreInst = "LogicGate">   --->   Core 74 'LogicGate' <Latency = 0> <II = 1> <Delay = 0.97> <FuncUnit> <Opcode : 'and' 'or' 'xor'> <InPorts = 2> <OutPorts = 1>
ST_4 : Operation 45 [1/1] (1.58ns)   --->   "%br_ln812 = br void %loop_width" [G:/Project-Workspace/zynq-7020-video-pipe-3/hw/video-pipe-hw-v2/hw_011223.runs/bd_8126_vsc_0_synth_1/prj/sol/.autopilot/db/v_vscaler.cpp:812]   --->   Operation 45 'br' 'br_ln812' <Predicate = true> <Delay = 1.58>

State 5 <SV = 4> <Delay = 3.22>
ST_5 : Operation 46 [1/1] (0.00ns)   --->   "%sof = phi i1 1, void %entry, i1 %and_ln862, void %loop_width.split" [G:/Project-Workspace/zynq-7020-video-pipe-3/hw/video-pipe-hw-v2/hw_011223.runs/bd_8126_vsc_0_synth_1/prj/sol/.autopilot/db/v_vscaler.cpp:862]   --->   Operation 46 'phi' 'sof' <Predicate = true> <Delay = 0.00>
ST_5 : Operation 47 [1/1] (0.00ns)   --->   "%axi_last_2 = phi i1 %axi_last_loc_load, void %entry, i1 %axi_last_4_loc_load, void %loop_width.split"   --->   Operation 47 'phi' 'axi_last_2' <Predicate = true> <Delay = 0.00>
ST_5 : Operation 48 [1/1] (0.00ns)   --->   "%i_3 = load i11 %i" [G:/Project-Workspace/zynq-7020-video-pipe-3/hw/video-pipe-hw-v2/hw_011223.runs/bd_8126_vsc_0_synth_1/prj/sol/.autopilot/db/v_vscaler.cpp:812]   --->   Operation 48 'load' 'i_3' <Predicate = true> <Delay = 0.00>
ST_5 : Operation 49 [1/1] (1.63ns)   --->   "%icmp_ln812 = icmp_eq  i11 %i_3, i11 %rows" [G:/Project-Workspace/zynq-7020-video-pipe-3/hw/video-pipe-hw-v2/hw_011223.runs/bd_8126_vsc_0_synth_1/prj/sol/.autopilot/db/v_vscaler.cpp:812]   --->   Operation 49 'icmp' 'icmp_ln812' <Predicate = true> <Delay = 1.63> <CoreInst = "Cmp">   --->   Core 9 'Cmp' <Latency = 0> <II = 1> <Delay = 1.63> <FuncUnit> <Opcode : 'icmp'> <InPorts = 2> <OutPorts = 1>
ST_5 : Operation 50 [1/1] (0.00ns)   --->   "%speclooptripcount_ln0 = speclooptripcount void @_ssdm_op_SpecLoopTripCount, i64 0, i64 1080, i64 1080"   --->   Operation 50 'speclooptripcount' 'speclooptripcount_ln0' <Predicate = true> <Delay = 0.00>
ST_5 : Operation 51 [1/1] (1.63ns)   --->   "%i_4 = add i11 %i_3, i11 1" [G:/Project-Workspace/zynq-7020-video-pipe-3/hw/video-pipe-hw-v2/hw_011223.runs/bd_8126_vsc_0_synth_1/prj/sol/.autopilot/db/v_vscaler.cpp:812]   --->   Operation 51 'add' 'i_4' <Predicate = true> <Delay = 1.63> <CoreInst = "Adder">   --->   Core 1 'Adder' <Latency = 0> <II = 1> <Delay = 1.63> <FuncUnit> <Opcode : 'add' 'sub'> <InPorts = 2> <OutPorts = 1>
ST_5 : Operation 52 [1/1] (0.00ns)   --->   "%br_ln812 = br i1 %icmp_ln812, void %loop_width.split, void %for.end71.loopexit" [G:/Project-Workspace/zynq-7020-video-pipe-3/hw/video-pipe-hw-v2/hw_011223.runs/bd_8126_vsc_0_synth_1/prj/sol/.autopilot/db/v_vscaler.cpp:812]   --->   Operation 52 'br' 'br_ln812' <Predicate = true> <Delay = 0.00>
ST_5 : Operation 53 [1/1] (0.00ns)   --->   "%empty_136 = wait i32 @_ssdm_op_Wait"   --->   Operation 53 'wait' 'empty_136' <Predicate = (!icmp_ln812)> <Delay = 0.00>
ST_5 : Operation 54 [1/1] (0.97ns)   --->   "%and_ln862 = and i1 %sof, i1 %xor_ln862" [G:/Project-Workspace/zynq-7020-video-pipe-3/hw/video-pipe-hw-v2/hw_011223.runs/bd_8126_vsc_0_synth_1/prj/sol/.autopilot/db/v_vscaler.cpp:862]   --->   Operation 54 'and' 'and_ln862' <Predicate = (!icmp_ln812)> <Delay = 0.97> <CoreInst = "LogicGate">   --->   Core 74 'LogicGate' <Latency = 0> <II = 1> <Delay = 0.97> <FuncUnit> <Opcode : 'and' 'or' 'xor'> <InPorts = 2> <OutPorts = 1>
ST_5 : Operation 55 [1/1] (1.58ns)   --->   "%store_ln812 = store i11 %i_4, i11 %i" [G:/Project-Workspace/zynq-7020-video-pipe-3/hw/video-pipe-hw-v2/hw_011223.runs/bd_8126_vsc_0_synth_1/prj/sol/.autopilot/db/v_vscaler.cpp:812]   --->   Operation 55 'store' 'store_ln812' <Predicate = (!icmp_ln812)> <Delay = 1.58>
ST_5 : Operation 56 [1/1] (0.00ns)   --->   "%ret_ln0 = ret"   --->   Operation 56 'ret' 'ret_ln0' <Predicate = (icmp_ln812)> <Delay = 0.00>

State 6 <SV = 5> <Delay = 5.15>
ST_6 : Operation 57 [1/1] (0.00ns)   --->   "%axi_data_13_load = load i30 %axi_data_13"   --->   Operation 57 'load' 'axi_data_13_load' <Predicate = true> <Delay = 0.00>
ST_6 : Operation 58 [2/2] (5.15ns)   --->   "%call_ln862 = call void @AXIvideo2MultiPixStream_Pipeline_loop_width, i1 %sof, i1 %axi_last_2, i30 %axi_data_13_load, i11 %cols, i8 %ColorMode_read, i30 %SrcYUV, i32 %s_axis_video_V_data_V, i4 %s_axis_video_V_keep_V, i4 %s_axis_video_V_strb_V, i1 %s_axis_video_V_user_V, i1 %s_axis_video_V_last_V, i1 %s_axis_video_V_id_V, i1 %s_axis_video_V_dest_V, i1 %eol_loc, i30 %axi_data_14_loc" [G:/Project-Workspace/zynq-7020-video-pipe-3/hw/video-pipe-hw-v2/hw_011223.runs/bd_8126_vsc_0_synth_1/prj/sol/.autopilot/db/v_vscaler.cpp:862]   --->   Operation 58 'call' 'call_ln862' <Predicate = true> <Delay = 5.15> <CoreType = "Generic">   --->   Core 0 '' <Latency = 0> <II = 1> <Delay = 1.00> <Generic> <Opcode : >

State 7 <SV = 6> <Delay = 3.22>
ST_7 : Operation 59 [1/2] (3.22ns)   --->   "%call_ln862 = call void @AXIvideo2MultiPixStream_Pipeline_loop_width, i1 %sof, i1 %axi_last_2, i30 %axi_data_13_load, i11 %cols, i8 %ColorMode_read, i30 %SrcYUV, i32 %s_axis_video_V_data_V, i4 %s_axis_video_V_keep_V, i4 %s_axis_video_V_strb_V, i1 %s_axis_video_V_user_V, i1 %s_axis_video_V_last_V, i1 %s_axis_video_V_id_V, i1 %s_axis_video_V_dest_V, i1 %eol_loc, i30 %axi_data_14_loc" [G:/Project-Workspace/zynq-7020-video-pipe-3/hw/video-pipe-hw-v2/hw_011223.runs/bd_8126_vsc_0_synth_1/prj/sol/.autopilot/db/v_vscaler.cpp:862]   --->   Operation 59 'call' 'call_ln862' <Predicate = true> <Delay = 3.22> <CoreType = "Generic">   --->   Core 0 '' <Latency = 0> <II = 1> <Delay = 1.00> <Generic> <Opcode : >

State 8 <SV = 7> <Delay = 0.99>
ST_8 : Operation 60 [1/1] (0.00ns)   --->   "%eol_loc_load = load i1 %eol_loc"   --->   Operation 60 'load' 'eol_loc_load' <Predicate = true> <Delay = 0.00>
ST_8 : Operation 61 [1/1] (0.00ns)   --->   "%empty_137 = wait i32 @_ssdm_op_Wait"   --->   Operation 61 'wait' 'empty_137' <Predicate = true> <Delay = 0.00>
ST_8 : Operation 62 [1/1] (0.99ns)   --->   "%select_ln862 = select i1 %cmp10644, i1 %eol_loc_load, i1 %axi_last_2" [G:/Project-Workspace/zynq-7020-video-pipe-3/hw/video-pipe-hw-v2/hw_011223.runs/bd_8126_vsc_0_synth_1/prj/sol/.autopilot/db/v_vscaler.cpp:862]   --->   Operation 62 'select' 'select_ln862' <Predicate = true> <Delay = 0.99> <CoreInst = "Sel">   --->   Core 73 'Sel' <Latency = 0> <II = 1> <Delay = 0.99> <FuncUnit> <Opcode : 'select'> <InPorts = 3> <OutPorts = 1>

State 9 <SV = 8> <Delay = 4.17>
ST_9 : Operation 63 [1/1] (0.00ns)   --->   "%axi_data_14_loc_load = load i30 %axi_data_14_loc"   --->   Operation 63 'load' 'axi_data_14_loc_load' <Predicate = true> <Delay = 0.00>
ST_9 : Operation 64 [1/1] (0.00ns)   --->   "%empty_138 = wait i32 @_ssdm_op_Wait"   --->   Operation 64 'wait' 'empty_138' <Predicate = true> <Delay = 0.00>
ST_9 : Operation 65 [2/2] (4.17ns)   --->   "%call_ln862 = call void @AXIvideo2MultiPixStream_Pipeline_loop_wait_for_eol, i30 %axi_data_14_loc_load, i1 %select_ln862, i1 %eol_loc_load, i32 %s_axis_video_V_data_V, i4 %s_axis_video_V_keep_V, i4 %s_axis_video_V_strb_V, i1 %s_axis_video_V_user_V, i1 %s_axis_video_V_last_V, i1 %s_axis_video_V_id_V, i1 %s_axis_video_V_dest_V, i30 %axi_data_13, i1 %axi_last_4_loc" [G:/Project-Workspace/zynq-7020-video-pipe-3/hw/video-pipe-hw-v2/hw_011223.runs/bd_8126_vsc_0_synth_1/prj/sol/.autopilot/db/v_vscaler.cpp:862]   --->   Operation 65 'call' 'call_ln862' <Predicate = true> <Delay = 4.17> <CoreType = "Generic">   --->   Core 0 '' <Latency = 0> <II = 1> <Delay = 1.00> <Generic> <Opcode : >

State 10 <SV = 9> <Delay = 1.58>
ST_10 : Operation 66 [1/2] (1.58ns)   --->   "%call_ln862 = call void @AXIvideo2MultiPixStream_Pipeline_loop_wait_for_eol, i30 %axi_data_14_loc_load, i1 %select_ln862, i1 %eol_loc_load, i32 %s_axis_video_V_data_V, i4 %s_axis_video_V_keep_V, i4 %s_axis_video_V_strb_V, i1 %s_axis_video_V_user_V, i1 %s_axis_video_V_last_V, i1 %s_axis_video_V_id_V, i1 %s_axis_video_V_dest_V, i30 %axi_data_13, i1 %axi_last_4_loc" [G:/Project-Workspace/zynq-7020-video-pipe-3/hw/video-pipe-hw-v2/hw_011223.runs/bd_8126_vsc_0_synth_1/prj/sol/.autopilot/db/v_vscaler.cpp:862]   --->   Operation 66 'call' 'call_ln862' <Predicate = true> <Delay = 1.58> <CoreType = "Generic">   --->   Core 0 '' <Latency = 0> <II = 1> <Delay = 1.00> <Generic> <Opcode : >

State 11 <SV = 10> <Delay = 0.00>
ST_11 : Operation 67 [1/1] (0.00ns)   --->   "%specloopname_ln812 = specloopname void @_ssdm_op_SpecLoopName, void @empty_2" [G:/Project-Workspace/zynq-7020-video-pipe-3/hw/video-pipe-hw-v2/hw_011223.runs/bd_8126_vsc_0_synth_1/prj/sol/.autopilot/db/v_vscaler.cpp:812]   --->   Operation 67 'specloopname' 'specloopname_ln812' <Predicate = true> <Delay = 0.00>
ST_11 : Operation 68 [1/1] (0.00ns)   --->   "%axi_last_4_loc_load = load i1 %axi_last_4_loc"   --->   Operation 68 'load' 'axi_last_4_loc_load' <Predicate = true> <Delay = 0.00>
ST_11 : Operation 69 [1/1] (0.00ns)   --->   "%br_ln812 = br void %loop_width" [G:/Project-Workspace/zynq-7020-video-pipe-3/hw/video-pipe-hw-v2/hw_011223.runs/bd_8126_vsc_0_synth_1/prj/sol/.autopilot/db/v_vscaler.cpp:812]   --->   Operation 69 'br' 'br_ln812' <Predicate = true> <Delay = 0.00>


============================================================
+ Verbose Summary: Timing violations
============================================================
Target clock period: 7.000ns, clock uncertainty: 1.890ns.

 <State 1>: 5.110ns
The critical path consists of the following:
	fifo read operation ('ColorMode_read') on port 'ColorMode' [26]  (2.555 ns)
	fifo write operation ('write_ln0') on port 'HwReg_ColorMode_c' [28]  (2.555 ns)

 <State 2>: 2.588ns
The critical path consists of the following:
	'call' operation 0 bit ('call_ln0') to 'AXIvideo2MultiPixStream_Pipeline_loop_wait_for_start' [39]  (2.588 ns)

 <State 3>: 1.588ns
The critical path consists of the following:
	'call' operation 0 bit ('call_ln0') to 'AXIvideo2MultiPixStream_Pipeline_loop_wait_for_start' [39]  (1.588 ns)

 <State 4>: 2.617ns
The critical path consists of the following:
	'call' operation 11 bit ('cols', G:/Project-Workspace/zynq-7020-video-pipe-3/hw/video-pipe-hw-v2/hw_011223.runs/bd_8126_vsc_0_synth_1/prj/sol/.autopilot/db/v_vscaler.cpp:795) to 'reg<unsigned short>' [37]  (0.000 ns)
	'icmp' operation 1 bit ('cmp10644', G:/Project-Workspace/zynq-7020-video-pipe-3/hw/video-pipe-hw-v2/hw_011223.runs/bd_8126_vsc_0_synth_1/prj/sol/.autopilot/db/v_vscaler.cpp:795) [42]  (1.639 ns)
	'xor' operation 1 bit ('xor_ln862', G:/Project-Workspace/zynq-7020-video-pipe-3/hw/video-pipe-hw-v2/hw_011223.runs/bd_8126_vsc_0_synth_1/prj/sol/.autopilot/db/v_vscaler.cpp:862) [43]  (0.978 ns)

 <State 5>: 3.227ns
The critical path consists of the following:
	'load' operation 11 bit ('i', G:/Project-Workspace/zynq-7020-video-pipe-3/hw/video-pipe-hw-v2/hw_011223.runs/bd_8126_vsc_0_synth_1/prj/sol/.autopilot/db/v_vscaler.cpp:812) on local variable 'i', G:/Project-Workspace/zynq-7020-video-pipe-3/hw/video-pipe-hw-v2/hw_011223.runs/bd_8126_vsc_0_synth_1/prj/sol/.autopilot/db/v_vscaler.cpp:812 [49]  (0.000 ns)
	'icmp' operation 1 bit ('icmp_ln812', G:/Project-Workspace/zynq-7020-video-pipe-3/hw/video-pipe-hw-v2/hw_011223.runs/bd_8126_vsc_0_synth_1/prj/sol/.autopilot/db/v_vscaler.cpp:812) [50]  (1.639 ns)
	'store' operation 0 bit ('store_ln812', G:/Project-Workspace/zynq-7020-video-pipe-3/hw/video-pipe-hw-v2/hw_011223.runs/bd_8126_vsc_0_synth_1/prj/sol/.autopilot/db/v_vscaler.cpp:812) of variable 'i', G:/Project-Workspace/zynq-7020-video-pipe-3/hw/video-pipe-hw-v2/hw_011223.runs/bd_8126_vsc_0_synth_1/prj/sol/.autopilot/db/v_vscaler.cpp:812 on local variable 'i', G:/Project-Workspace/zynq-7020-video-pipe-3/hw/video-pipe-hw-v2/hw_011223.runs/bd_8126_vsc_0_synth_1/prj/sol/.autopilot/db/v_vscaler.cpp:812 [67]  (1.588 ns)

 <State 6>: 5.154ns
The critical path consists of the following:
	'load' operation 30 bit ('axi_data_13_load') on local variable 'axi.data', G:/Project-Workspace/zynq-7020-video-pipe-3/hw/video-pipe-hw-v2/hw_011223.runs/bd_8126_vsc_0_synth_1/prj/sol/.autopilot/db/v_vscaler.cpp:792 [55]  (0.000 ns)
	'call' operation 0 bit ('call_ln862', G:/Project-Workspace/zynq-7020-video-pipe-3/hw/video-pipe-hw-v2/hw_011223.runs/bd_8126_vsc_0_synth_1/prj/sol/.autopilot/db/v_vscaler.cpp:862) to 'AXIvideo2MultiPixStream_Pipeline_loop_width' [58]  (5.154 ns)

 <State 7>: 3.227ns
The critical path consists of the following:
	'call' operation 0 bit ('call_ln862', G:/Project-Workspace/zynq-7020-video-pipe-3/hw/video-pipe-hw-v2/hw_011223.runs/bd_8126_vsc_0_synth_1/prj/sol/.autopilot/db/v_vscaler.cpp:862) to 'AXIvideo2MultiPixStream_Pipeline_loop_width' [58]  (3.227 ns)

 <State 8>: 0.993ns
The critical path consists of the following:
	'load' operation 1 bit ('eol_loc_load') on local variable 'eol_loc' [59]  (0.000 ns)
	'select' operation 1 bit ('select_ln862', G:/Project-Workspace/zynq-7020-video-pipe-3/hw/video-pipe-hw-v2/hw_011223.runs/bd_8126_vsc_0_synth_1/prj/sol/.autopilot/db/v_vscaler.cpp:862) [62]  (0.993 ns)

 <State 9>: 4.176ns
The critical path consists of the following:
	'load' operation 30 bit ('axi_data_14_loc_load') on local variable 'axi_data_14_loc' [60]  (0.000 ns)
	'call' operation 0 bit ('call_ln862', G:/Project-Workspace/zynq-7020-video-pipe-3/hw/video-pipe-hw-v2/hw_011223.runs/bd_8126_vsc_0_synth_1/prj/sol/.autopilot/db/v_vscaler.cpp:862) to 'AXIvideo2MultiPixStream_Pipeline_loop_wait_for_eol' [64]  (4.176 ns)

 <State 10>: 1.588ns
The critical path consists of the following:
	'call' operation 0 bit ('call_ln862', G:/Project-Workspace/zynq-7020-video-pipe-3/hw/video-pipe-hw-v2/hw_011223.runs/bd_8126_vsc_0_synth_1/prj/sol/.autopilot/db/v_vscaler.cpp:862) to 'AXIvideo2MultiPixStream_Pipeline_loop_wait_for_eol' [64]  (1.588 ns)

 <State 11>: 0.000ns
The critical path consists of the following:


============================================================
+ Verbose Summary: Binding
============================================================
N/A
* FSMD analyzer results:
  - Output states:
 - Input state : 
  - Chain level:
	State 1
	State 2
	State 3
	State 4
	State 5
	State 6
	State 7
	State 8
	State 9
	State 10
	State 11


============================================================
+ Verbose Summary: Datapath Resource usage 
============================================================
N/A
