
*** Running vivado
    with args -log video_pipe_hw_axi_smc_2_0.vds -m64 -product Vivado -mode batch -messageDb vivado.pb -notrace -source video_pipe_hw_axi_smc_2_0.tcl


****** Vivado v2025.2 (64-bit)
  **** SW Build 6299465 on Fri Nov 14 12:34:56 MST 2025
  **** IP Build 6300035 on Fri Nov 14 10:48:45 MST 2025
  **** SharedData Build 6298862 on Thu Nov 13 04:50:51 MST 2025
  **** Start of session at: Sat Aug 29 15:56:07 2026
    ** Copyright 1986-2022 Xilinx, Inc. All Rights Reserved.
    ** Copyright 2022-2025 Advanced Micro Devices, Inc. All Rights Reserved.

source video_pipe_hw_axi_smc_2_0.tcl -notrace
create_project: Time (s): cpu = 00:00:34 ; elapsed = 00:00:06 . Memory (MB): peak = 1598.980 ; gain = 113.055 ; free physical = 2588 ; free virtual = 4663
Command: synth_design -top video_pipe_hw_axi_smc_2_0 -part xck26-sfvc784-2LV-c -incremental_mode off -mode out_of_context
Starting synth_design
Attempting to get a license for feature 'Synthesis' and/or device 'xck26'
INFO: [Common 17-349] Got license for feature 'Synthesis' and/or device 'xck26'
INFO: [Device 21-403] Loading part xck26-sfvc784-2LV-c
INFO: [Synth 8-7079] Multithreading enabled for synth_design using a maximum of 7 processes.
INFO: [Synth 8-7078] Launching helper process for spawning children vivado processes
INFO: [Synth 8-7075] Helper process launched with PID 213798
---------------------------------------------------------------------------------
Starting RTL Elaboration : Time (s): cpu = 00:00:13 ; elapsed = 00:00:13 . Memory (MB): peak = 2850.691 ; gain = 141.688 ; free physical = 1157 ; free virtual = 3244
---------------------------------------------------------------------------------
INFO: [Synth 8-6157] synthesizing module 'video_pipe_hw_axi_smc_2_0' [/home/alen/git/AMD-FPGA-Practice/kv260-imx219-video/hw/video-pipe-hw-v0/video_pipe_hw.gen/sources_1/bd/video_pipe_hw/ip/video_pipe_hw_axi_smc_2_0/synth/video_pipe_hw_axi_smc_2_0.v:53]
INFO: [Synth 8-6157] synthesizing module 'bd_ca92' [/home/alen/git/AMD-FPGA-Practice/kv260-imx219-video/hw/video-pipe-hw-v0/video_pipe_hw.gen/sources_1/bd/video_pipe_hw/ip/video_pipe_hw_axi_smc_2_0/bd_0/synth/bd_ca92.v:10]
INFO: [Synth 8-6157] synthesizing module 'clk_map_imp_138EAII' [/home/alen/git/AMD-FPGA-Practice/kv260-imx219-video/hw/video-pipe-hw-v0/video_pipe_hw.gen/sources_1/bd/video_pipe_hw/ip/video_pipe_hw_axi_smc_2_0/bd_0/synth/bd_ca92.v:1178]
INFO: [Synth 8-638] synthesizing module 'bd_ca92_psr_aclk_0' [/home/alen/git/AMD-FPGA-Practice/kv260-imx219-video/hw/video-pipe-hw-v0/video_pipe_hw.gen/sources_1/bd/video_pipe_hw/ip/video_pipe_hw_axi_smc_2_0/bd_0/ip/ip_1/synth/bd_ca92_psr_aclk_0.vhd:74]
	Parameter C_FAMILY bound to: zynquplus - type: string 
	Parameter C_EXT_RST_WIDTH bound to: 4 - type: integer 
	Parameter C_AUX_RST_WIDTH bound to: 1 - type: integer 
	Parameter C_EXT_RESET_HIGH bound to: 1'b0 
	Parameter C_AUX_RESET_HIGH bound to: 1'b0 
	Parameter C_NUM_BUS_RST bound to: 1 - type: integer 
	Parameter C_NUM_PERP_RST bound to: 1 - type: integer 
	Parameter C_NUM_INTERCONNECT_ARESETN bound to: 1 - type: integer 
	Parameter C_NUM_PERP_ARESETN bound to: 1 - type: integer 
INFO: [Synth 8-3491] module 'proc_sys_reset' declared at '/home/alen/git/AMD-FPGA-Practice/kv260-imx219-video/hw/video-pipe-hw-v0/video_pipe_hw.gen/sources_1/bd/video_pipe_hw/ipshared/9438/hdl/proc_sys_reset_v5_0_vh_rfs.vhd:1243' bound to instance 'U0' of component 'proc_sys_reset' [/home/alen/git/AMD-FPGA-Practice/kv260-imx219-video/hw/video-pipe-hw-v0/video_pipe_hw.gen/sources_1/bd/video_pipe_hw/ip/video_pipe_hw_axi_smc_2_0/bd_0/ip/ip_1/synth/bd_ca92_psr_aclk_0.vhd:139]
INFO: [Synth 8-638] synthesizing module 'proc_sys_reset' [/home/alen/git/AMD-FPGA-Practice/kv260-imx219-video/hw/video-pipe-hw-v0/video_pipe_hw.gen/sources_1/bd/video_pipe_hw/ipshared/9438/hdl/proc_sys_reset_v5_0_vh_rfs.vhd:1302]
	Parameter INIT bound to: 1'b1 
INFO: [Synth 8-113] binding component instance 'FDRE_inst' to cell 'FDRE' [/home/alen/git/AMD-FPGA-Practice/kv260-imx219-video/hw/video-pipe-hw-v0/video_pipe_hw.gen/sources_1/bd/video_pipe_hw/ipshared/9438/hdl/proc_sys_reset_v5_0_vh_rfs.vhd:1371]
	Parameter INIT bound to: 1'b1 
INFO: [Synth 8-113] binding component instance 'FDRE_BSR' to cell 'FDRE' [/home/alen/git/AMD-FPGA-Practice/kv260-imx219-video/hw/video-pipe-hw-v0/video_pipe_hw.gen/sources_1/bd/video_pipe_hw/ipshared/9438/hdl/proc_sys_reset_v5_0_vh_rfs.vhd:1387]
	Parameter INIT bound to: 1'b0 
INFO: [Synth 8-113] binding component instance 'FDRE_BSR_N' to cell 'FDRE' [/home/alen/git/AMD-FPGA-Practice/kv260-imx219-video/hw/video-pipe-hw-v0/video_pipe_hw.gen/sources_1/bd/video_pipe_hw/ipshared/9438/hdl/proc_sys_reset_v5_0_vh_rfs.vhd:1413]
	Parameter INIT bound to: 1'b1 
INFO: [Synth 8-113] binding component instance 'FDRE_PER' to cell 'FDRE' [/home/alen/git/AMD-FPGA-Practice/kv260-imx219-video/hw/video-pipe-hw-v0/video_pipe_hw.gen/sources_1/bd/video_pipe_hw/ipshared/9438/hdl/proc_sys_reset_v5_0_vh_rfs.vhd:1436]
	Parameter INIT bound to: 1'b0 
INFO: [Synth 8-113] binding component instance 'FDRE_PER_N' to cell 'FDRE' [/home/alen/git/AMD-FPGA-Practice/kv260-imx219-video/hw/video-pipe-hw-v0/video_pipe_hw.gen/sources_1/bd/video_pipe_hw/ipshared/9438/hdl/proc_sys_reset_v5_0_vh_rfs.vhd:1460]
INFO: [Synth 8-638] synthesizing module 'lpf' [/home/alen/git/AMD-FPGA-Practice/kv260-imx219-video/hw/video-pipe-hw-v0/video_pipe_hw.gen/sources_1/bd/video_pipe_hw/ipshared/9438/hdl/proc_sys_reset_v5_0_vh_rfs.vhd:821]
INFO: [Synth 8-3491] module 'SRL16' declared at '/home/alen/AMD-Xilinx/2025.2/Vivado/scripts/rt/data/unisim_comp.v:165318' bound to instance 'POR_SRL_I' of component 'SRL16' [/home/alen/git/AMD-FPGA-Practice/kv260-imx219-video/hw/video-pipe-hw-v0/video_pipe_hw.gen/sources_1/bd/video_pipe_hw/ipshared/9438/hdl/proc_sys_reset_v5_0_vh_rfs.vhd:873]
INFO: [Synth 8-6157] synthesizing module 'SRL16' [/home/alen/AMD-Xilinx/2025.2/Vivado/scripts/rt/data/unisim_comp.v:165318]
INFO: [Synth 8-6155] done synthesizing module 'SRL16' (0#1) [/home/alen/AMD-Xilinx/2025.2/Vivado/scripts/rt/data/unisim_comp.v:165318]
	Parameter DEST_SYNC_FF bound to: 4 - type: integer 
	Parameter INIT_SYNC_FF bound to: 0 - type: integer 
	Parameter SIM_ASSERT_CHK bound to: 0 - type: integer 
	Parameter SRC_INPUT_REG bound to: 0 - type: integer 
INFO: [Synth 8-3491] module 'xpm_cdc_single' declared at '/home/alen/AMD-Xilinx/2025.2/data/ip/xpm/xpm_cdc/hdl/xpm_cdc.sv:152' bound to instance 'ACT_LO_EXT' of component 'xpm_cdc_single' [/home/alen/git/AMD-FPGA-Practice/kv260-imx219-video/hw/video-pipe-hw-v0/video_pipe_hw.gen/sources_1/bd/video_pipe_hw/ipshared/9438/hdl/proc_sys_reset_v5_0_vh_rfs.vhd:968]
INFO: [Synth 8-6157] synthesizing module 'xpm_cdc_single' [/home/alen/AMD-Xilinx/2025.2/data/ip/xpm/xpm_cdc/hdl/xpm_cdc.sv:152]
INFO: [Synth 8-6155] done synthesizing module 'xpm_cdc_single' (0#1) [/home/alen/AMD-Xilinx/2025.2/data/ip/xpm/xpm_cdc/hdl/xpm_cdc.sv:152]
	Parameter DEST_SYNC_FF bound to: 4 - type: integer 
	Parameter INIT_SYNC_FF bound to: 0 - type: integer 
	Parameter SIM_ASSERT_CHK bound to: 0 - type: integer 
	Parameter SRC_INPUT_REG bound to: 0 - type: integer 
INFO: [Synth 8-3491] module 'xpm_cdc_single' declared at '/home/alen/AMD-Xilinx/2025.2/data/ip/xpm/xpm_cdc/hdl/xpm_cdc.sv:152' bound to instance 'ACT_LO_AUX' of component 'xpm_cdc_single' [/home/alen/git/AMD-FPGA-Practice/kv260-imx219-video/hw/video-pipe-hw-v0/video_pipe_hw.gen/sources_1/bd/video_pipe_hw/ipshared/9438/hdl/proc_sys_reset_v5_0_vh_rfs.vhd:1015]
INFO: [Synth 8-256] done synthesizing module 'lpf' (0#1) [/home/alen/git/AMD-FPGA-Practice/kv260-imx219-video/hw/video-pipe-hw-v0/video_pipe_hw.gen/sources_1/bd/video_pipe_hw/ipshared/9438/hdl/proc_sys_reset_v5_0_vh_rfs.vhd:821]
INFO: [Synth 8-638] synthesizing module 'sequence_psr' [/home/alen/git/AMD-FPGA-Practice/kv260-imx219-video/hw/video-pipe-hw-v0/video_pipe_hw.gen/sources_1/bd/video_pipe_hw/ipshared/9438/hdl/proc_sys_reset_v5_0_vh_rfs.vhd:304]
INFO: [Synth 8-638] synthesizing module 'upcnt_n' [/home/alen/git/AMD-FPGA-Practice/kv260-imx219-video/hw/video-pipe-hw-v0/video_pipe_hw.gen/sources_1/bd/video_pipe_hw/ipshared/9438/hdl/proc_sys_reset_v5_0_vh_rfs.vhd:126]
INFO: [Synth 8-256] done synthesizing module 'upcnt_n' (0#1) [/home/alen/git/AMD-FPGA-Practice/kv260-imx219-video/hw/video-pipe-hw-v0/video_pipe_hw.gen/sources_1/bd/video_pipe_hw/ipshared/9438/hdl/proc_sys_reset_v5_0_vh_rfs.vhd:126]
INFO: [Synth 8-256] done synthesizing module 'sequence_psr' (0#1) [/home/alen/git/AMD-FPGA-Practice/kv260-imx219-video/hw/video-pipe-hw-v0/video_pipe_hw.gen/sources_1/bd/video_pipe_hw/ipshared/9438/hdl/proc_sys_reset_v5_0_vh_rfs.vhd:304]
INFO: [Synth 8-256] done synthesizing module 'proc_sys_reset' (0#1) [/home/alen/git/AMD-FPGA-Practice/kv260-imx219-video/hw/video-pipe-hw-v0/video_pipe_hw.gen/sources_1/bd/video_pipe_hw/ipshared/9438/hdl/proc_sys_reset_v5_0_vh_rfs.vhd:1302]
INFO: [Synth 8-256] done synthesizing module 'bd_ca92_psr_aclk_0' (0#1) [/home/alen/git/AMD-FPGA-Practice/kv260-imx219-video/hw/video-pipe-hw-v0/video_pipe_hw.gen/sources_1/bd/video_pipe_hw/ip/video_pipe_hw_axi_smc_2_0/bd_0/ip/ip_1/synth/bd_ca92_psr_aclk_0.vhd:74]
WARNING: [Synth 8-7071] port 'mb_reset' of module 'bd_ca92_psr_aclk_0' is unconnected for instance 'psr_aclk' [/home/alen/git/AMD-FPGA-Practice/kv260-imx219-video/hw/video-pipe-hw-v0/video_pipe_hw.gen/sources_1/bd/video_pipe_hw/ip/video_pipe_hw_axi_smc_2_0/bd_0/synth/bd_ca92.v:1215]
WARNING: [Synth 8-7071] port 'bus_struct_reset' of module 'bd_ca92_psr_aclk_0' is unconnected for instance 'psr_aclk' [/home/alen/git/AMD-FPGA-Practice/kv260-imx219-video/hw/video-pipe-hw-v0/video_pipe_hw.gen/sources_1/bd/video_pipe_hw/ip/video_pipe_hw_axi_smc_2_0/bd_0/synth/bd_ca92.v:1215]
WARNING: [Synth 8-7071] port 'peripheral_reset' of module 'bd_ca92_psr_aclk_0' is unconnected for instance 'psr_aclk' [/home/alen/git/AMD-FPGA-Practice/kv260-imx219-video/hw/video-pipe-hw-v0/video_pipe_hw.gen/sources_1/bd/video_pipe_hw/ip/video_pipe_hw_axi_smc_2_0/bd_0/synth/bd_ca92.v:1215]
WARNING: [Synth 8-7071] port 'peripheral_aresetn' of module 'bd_ca92_psr_aclk_0' is unconnected for instance 'psr_aclk' [/home/alen/git/AMD-FPGA-Practice/kv260-imx219-video/hw/video-pipe-hw-v0/video_pipe_hw.gen/sources_1/bd/video_pipe_hw/ip/video_pipe_hw_axi_smc_2_0/bd_0/synth/bd_ca92.v:1215]
WARNING: [Synth 8-7023] instance 'psr_aclk' of module 'bd_ca92_psr_aclk_0' has 10 connections declared, but only 6 given [/home/alen/git/AMD-FPGA-Practice/kv260-imx219-video/hw/video-pipe-hw-v0/video_pipe_hw.gen/sources_1/bd/video_pipe_hw/ip/video_pipe_hw_axi_smc_2_0/bd_0/synth/bd_ca92.v:1215]
INFO: [Synth 8-6155] done synthesizing module 'clk_map_imp_138EAII' (0#1) [/home/alen/git/AMD-FPGA-Practice/kv260-imx219-video/hw/video-pipe-hw-v0/video_pipe_hw.gen/sources_1/bd/video_pipe_hw/ip/video_pipe_hw_axi_smc_2_0/bd_0/synth/bd_ca92.v:1178]
INFO: [Synth 8-6157] synthesizing module 'm00_exit_pipeline_imp_WOIZC1' [/home/alen/git/AMD-FPGA-Practice/kv260-imx219-video/hw/video-pipe-hw-v0/video_pipe_hw.gen/sources_1/bd/video_pipe_hw/ip/video_pipe_hw_axi_smc_2_0/bd_0/synth/bd_ca92.v:1466]
INFO: [Synth 8-6157] synthesizing module 'bd_ca92_m00e_0' [/home/alen/git/AMD-FPGA-Practice/kv260-imx219-video/hw/video-pipe-hw-v0/video_pipe_hw.gen/sources_1/bd/video_pipe_hw/ip/video_pipe_hw_axi_smc_2_0/bd_0/ip/ip_32/synth/bd_ca92_m00e_0.sv:53]
INFO: [Synth 8-6157] synthesizing module 'xpm_cdc_async_rst' [/home/alen/AMD-Xilinx/2025.2/data/ip/xpm/xpm_cdc/hdl/xpm_cdc.sv:1175]
INFO: [Synth 8-6155] done synthesizing module 'xpm_cdc_async_rst' (0#1) [/home/alen/AMD-Xilinx/2025.2/data/ip/xpm/xpm_cdc/hdl/xpm_cdc.sv:1175]
INFO: [Synth 8-6155] done synthesizing module 'bd_ca92_m00e_0' (0#1) [/home/alen/git/AMD-FPGA-Practice/kv260-imx219-video/hw/video-pipe-hw-v0/video_pipe_hw.gen/sources_1/bd/video_pipe_hw/ip/video_pipe_hw_axi_smc_2_0/bd_0/ip/ip_32/synth/bd_ca92_m00e_0.sv:53]
INFO: [Synth 8-6155] done synthesizing module 'm00_exit_pipeline_imp_WOIZC1' (0#1) [/home/alen/git/AMD-FPGA-Practice/kv260-imx219-video/hw/video-pipe-hw-v0/video_pipe_hw.gen/sources_1/bd/video_pipe_hw/ip/video_pipe_hw_axi_smc_2_0/bd_0/synth/bd_ca92.v:1466]
INFO: [Synth 8-6157] synthesizing module 'm00_nodes_imp_AJFN7X' [/home/alen/git/AMD-FPGA-Practice/kv260-imx219-video/hw/video-pipe-hw-v0/video_pipe_hw.gen/sources_1/bd/video_pipe_hw/ip/video_pipe_hw_axi_smc_2_0/bd_0/synth/bd_ca92.v:1708]
INFO: [Synth 8-6157] synthesizing module 'bd_ca92_m00arn_0' [/home/alen/git/AMD-FPGA-Practice/kv260-imx219-video/hw/video-pipe-hw-v0/video_pipe_hw.gen/sources_1/bd/video_pipe_hw/ip/video_pipe_hw_axi_smc_2_0/bd_0/ip/ip_27/synth/bd_ca92_m00arn_0.sv:53]
INFO: [Synth 8-6155] done synthesizing module 'bd_ca92_m00arn_0' (0#1) [/home/alen/git/AMD-FPGA-Practice/kv260-imx219-video/hw/video-pipe-hw-v0/video_pipe_hw.gen/sources_1/bd/video_pipe_hw/ip/video_pipe_hw_axi_smc_2_0/bd_0/ip/ip_27/synth/bd_ca92_m00arn_0.sv:53]
INFO: [Synth 8-6157] synthesizing module 'bd_ca92_m00awn_0' [/home/alen/git/AMD-FPGA-Practice/kv260-imx219-video/hw/video-pipe-hw-v0/video_pipe_hw.gen/sources_1/bd/video_pipe_hw/ip/video_pipe_hw_axi_smc_2_0/bd_0/ip/ip_29/synth/bd_ca92_m00awn_0.sv:53]
INFO: [Synth 8-6155] done synthesizing module 'bd_ca92_m00awn_0' (0#1) [/home/alen/git/AMD-FPGA-Practice/kv260-imx219-video/hw/video-pipe-hw-v0/video_pipe_hw.gen/sources_1/bd/video_pipe_hw/ip/video_pipe_hw_axi_smc_2_0/bd_0/ip/ip_29/synth/bd_ca92_m00awn_0.sv:53]
INFO: [Synth 8-6157] synthesizing module 'bd_ca92_m00bn_0' [/home/alen/git/AMD-FPGA-Practice/kv260-imx219-video/hw/video-pipe-hw-v0/video_pipe_hw.gen/sources_1/bd/video_pipe_hw/ip/video_pipe_hw_axi_smc_2_0/bd_0/ip/ip_31/synth/bd_ca92_m00bn_0.sv:53]
INFO: [Synth 8-6155] done synthesizing module 'bd_ca92_m00bn_0' (0#1) [/home/alen/git/AMD-FPGA-Practice/kv260-imx219-video/hw/video-pipe-hw-v0/video_pipe_hw.gen/sources_1/bd/video_pipe_hw/ip/video_pipe_hw_axi_smc_2_0/bd_0/ip/ip_31/synth/bd_ca92_m00bn_0.sv:53]
INFO: [Synth 8-6157] synthesizing module 'bd_ca92_m00rn_0' [/home/alen/git/AMD-FPGA-Practice/kv260-imx219-video/hw/video-pipe-hw-v0/video_pipe_hw.gen/sources_1/bd/video_pipe_hw/ip/video_pipe_hw_axi_smc_2_0/bd_0/ip/ip_28/synth/bd_ca92_m00rn_0.sv:53]
INFO: [Synth 8-6155] done synthesizing module 'bd_ca92_m00rn_0' (0#1) [/home/alen/git/AMD-FPGA-Practice/kv260-imx219-video/hw/video-pipe-hw-v0/video_pipe_hw.gen/sources_1/bd/video_pipe_hw/ip/video_pipe_hw_axi_smc_2_0/bd_0/ip/ip_28/synth/bd_ca92_m00rn_0.sv:53]
INFO: [Synth 8-6157] synthesizing module 'bd_ca92_m00wn_0' [/home/alen/git/AMD-FPGA-Practice/kv260-imx219-video/hw/video-pipe-hw-v0/video_pipe_hw.gen/sources_1/bd/video_pipe_hw/ip/video_pipe_hw_axi_smc_2_0/bd_0/ip/ip_30/synth/bd_ca92_m00wn_0.sv:53]
INFO: [Synth 8-6155] done synthesizing module 'bd_ca92_m00wn_0' (0#1) [/home/alen/git/AMD-FPGA-Practice/kv260-imx219-video/hw/video-pipe-hw-v0/video_pipe_hw.gen/sources_1/bd/video_pipe_hw/ip/video_pipe_hw_axi_smc_2_0/bd_0/ip/ip_30/synth/bd_ca92_m00wn_0.sv:53]
INFO: [Synth 8-6155] done synthesizing module 'm00_nodes_imp_AJFN7X' (0#1) [/home/alen/git/AMD-FPGA-Practice/kv260-imx219-video/hw/video-pipe-hw-v0/video_pipe_hw.gen/sources_1/bd/video_pipe_hw/ip/video_pipe_hw_axi_smc_2_0/bd_0/synth/bd_ca92.v:1708]
INFO: [Synth 8-6157] synthesizing module 'bd_ca92_m00s2a_0' [/home/alen/git/AMD-FPGA-Practice/kv260-imx219-video/hw/video-pipe-hw-v0/video_pipe_hw.gen/sources_1/bd/video_pipe_hw/ip/video_pipe_hw_axi_smc_2_0/bd_0/ip/ip_26/synth/bd_ca92_m00s2a_0.sv:53]
INFO: [Synth 8-6155] done synthesizing module 'bd_ca92_m00s2a_0' (0#1) [/home/alen/git/AMD-FPGA-Practice/kv260-imx219-video/hw/video-pipe-hw-v0/video_pipe_hw.gen/sources_1/bd/video_pipe_hw/ip/video_pipe_hw_axi_smc_2_0/bd_0/ip/ip_26/synth/bd_ca92_m00s2a_0.sv:53]
INFO: [Synth 8-6157] synthesizing module 'm01_exit_pipeline_imp_RFOYHT' [/home/alen/git/AMD-FPGA-Practice/kv260-imx219-video/hw/video-pipe-hw-v0/video_pipe_hw.gen/sources_1/bd/video_pipe_hw/ip/video_pipe_hw_axi_smc_2_0/bd_0/synth/bd_ca92.v:1950]
INFO: [Synth 8-6157] synthesizing module 'bd_ca92_m01e_0' [/home/alen/git/AMD-FPGA-Practice/kv260-imx219-video/hw/video-pipe-hw-v0/video_pipe_hw.gen/sources_1/bd/video_pipe_hw/ip/video_pipe_hw_axi_smc_2_0/bd_0/ip/ip_39/synth/bd_ca92_m01e_0.sv:53]
INFO: [Synth 8-6155] done synthesizing module 'bd_ca92_m01e_0' (0#1) [/home/alen/git/AMD-FPGA-Practice/kv260-imx219-video/hw/video-pipe-hw-v0/video_pipe_hw.gen/sources_1/bd/video_pipe_hw/ip/video_pipe_hw_axi_smc_2_0/bd_0/ip/ip_39/synth/bd_ca92_m01e_0.sv:53]
INFO: [Synth 8-6155] done synthesizing module 'm01_exit_pipeline_imp_RFOYHT' (0#1) [/home/alen/git/AMD-FPGA-Practice/kv260-imx219-video/hw/video-pipe-hw-v0/video_pipe_hw.gen/sources_1/bd/video_pipe_hw/ip/video_pipe_hw_axi_smc_2_0/bd_0/synth/bd_ca92.v:1950]
INFO: [Synth 8-6157] synthesizing module 'm01_nodes_imp_1FBFHVF' [/home/alen/git/AMD-FPGA-Practice/kv260-imx219-video/hw/video-pipe-hw-v0/video_pipe_hw.gen/sources_1/bd/video_pipe_hw/ip/video_pipe_hw_axi_smc_2_0/bd_0/synth/bd_ca92.v:2192]
INFO: [Synth 8-6157] synthesizing module 'bd_ca92_m01arn_0' [/home/alen/git/AMD-FPGA-Practice/kv260-imx219-video/hw/video-pipe-hw-v0/video_pipe_hw.gen/sources_1/bd/video_pipe_hw/ip/video_pipe_hw_axi_smc_2_0/bd_0/ip/ip_34/synth/bd_ca92_m01arn_0.sv:53]
INFO: [Synth 8-6155] done synthesizing module 'bd_ca92_m01arn_0' (0#1) [/home/alen/git/AMD-FPGA-Practice/kv260-imx219-video/hw/video-pipe-hw-v0/video_pipe_hw.gen/sources_1/bd/video_pipe_hw/ip/video_pipe_hw_axi_smc_2_0/bd_0/ip/ip_34/synth/bd_ca92_m01arn_0.sv:53]
INFO: [Synth 8-6157] synthesizing module 'bd_ca92_m01awn_0' [/home/alen/git/AMD-FPGA-Practice/kv260-imx219-video/hw/video-pipe-hw-v0/video_pipe_hw.gen/sources_1/bd/video_pipe_hw/ip/video_pipe_hw_axi_smc_2_0/bd_0/ip/ip_36/synth/bd_ca92_m01awn_0.sv:53]
INFO: [Synth 8-6155] done synthesizing module 'bd_ca92_m01awn_0' (0#1) [/home/alen/git/AMD-FPGA-Practice/kv260-imx219-video/hw/video-pipe-hw-v0/video_pipe_hw.gen/sources_1/bd/video_pipe_hw/ip/video_pipe_hw_axi_smc_2_0/bd_0/ip/ip_36/synth/bd_ca92_m01awn_0.sv:53]
INFO: [Synth 8-6157] synthesizing module 'bd_ca92_m01bn_0' [/home/alen/git/AMD-FPGA-Practice/kv260-imx219-video/hw/video-pipe-hw-v0/video_pipe_hw.gen/sources_1/bd/video_pipe_hw/ip/video_pipe_hw_axi_smc_2_0/bd_0/ip/ip_38/synth/bd_ca92_m01bn_0.sv:53]
INFO: [Synth 8-6155] done synthesizing module 'bd_ca92_m01bn_0' (0#1) [/home/alen/git/AMD-FPGA-Practice/kv260-imx219-video/hw/video-pipe-hw-v0/video_pipe_hw.gen/sources_1/bd/video_pipe_hw/ip/video_pipe_hw_axi_smc_2_0/bd_0/ip/ip_38/synth/bd_ca92_m01bn_0.sv:53]
INFO: [Synth 8-6157] synthesizing module 'bd_ca92_m01rn_0' [/home/alen/git/AMD-FPGA-Practice/kv260-imx219-video/hw/video-pipe-hw-v0/video_pipe_hw.gen/sources_1/bd/video_pipe_hw/ip/video_pipe_hw_axi_smc_2_0/bd_0/ip/ip_35/synth/bd_ca92_m01rn_0.sv:53]
INFO: [Synth 8-6155] done synthesizing module 'bd_ca92_m01rn_0' (0#1) [/home/alen/git/AMD-FPGA-Practice/kv260-imx219-video/hw/video-pipe-hw-v0/video_pipe_hw.gen/sources_1/bd/video_pipe_hw/ip/video_pipe_hw_axi_smc_2_0/bd_0/ip/ip_35/synth/bd_ca92_m01rn_0.sv:53]
INFO: [Synth 8-6157] synthesizing module 'bd_ca92_m01wn_0' [/home/alen/git/AMD-FPGA-Practice/kv260-imx219-video/hw/video-pipe-hw-v0/video_pipe_hw.gen/sources_1/bd/video_pipe_hw/ip/video_pipe_hw_axi_smc_2_0/bd_0/ip/ip_37/synth/bd_ca92_m01wn_0.sv:53]
INFO: [Synth 8-6155] done synthesizing module 'bd_ca92_m01wn_0' (0#1) [/home/alen/git/AMD-FPGA-Practice/kv260-imx219-video/hw/video-pipe-hw-v0/video_pipe_hw.gen/sources_1/bd/video_pipe_hw/ip/video_pipe_hw_axi_smc_2_0/bd_0/ip/ip_37/synth/bd_ca92_m01wn_0.sv:53]
INFO: [Synth 8-6155] done synthesizing module 'm01_nodes_imp_1FBFHVF' (0#1) [/home/alen/git/AMD-FPGA-Practice/kv260-imx219-video/hw/video-pipe-hw-v0/video_pipe_hw.gen/sources_1/bd/video_pipe_hw/ip/video_pipe_hw_axi_smc_2_0/bd_0/synth/bd_ca92.v:2192]
INFO: [Synth 8-6157] synthesizing module 'bd_ca92_m01s2a_0' [/home/alen/git/AMD-FPGA-Practice/kv260-imx219-video/hw/video-pipe-hw-v0/video_pipe_hw.gen/sources_1/bd/video_pipe_hw/ip/video_pipe_hw_axi_smc_2_0/bd_0/ip/ip_33/synth/bd_ca92_m01s2a_0.sv:53]
INFO: [Synth 8-6155] done synthesizing module 'bd_ca92_m01s2a_0' (0#1) [/home/alen/git/AMD-FPGA-Practice/kv260-imx219-video/hw/video-pipe-hw-v0/video_pipe_hw.gen/sources_1/bd/video_pipe_hw/ip/video_pipe_hw_axi_smc_2_0/bd_0/ip/ip_33/synth/bd_ca92_m01s2a_0.sv:53]
INFO: [Synth 8-6157] synthesizing module 'bd_ca92_s00a2s_0' [/home/alen/git/AMD-FPGA-Practice/kv260-imx219-video/hw/video-pipe-hw-v0/video_pipe_hw.gen/sources_1/bd/video_pipe_hw/ip/video_pipe_hw_axi_smc_2_0/bd_0/ip/ip_20/synth/bd_ca92_s00a2s_0.sv:53]
INFO: [Synth 8-6155] done synthesizing module 'bd_ca92_s00a2s_0' (0#1) [/home/alen/git/AMD-FPGA-Practice/kv260-imx219-video/hw/video-pipe-hw-v0/video_pipe_hw.gen/sources_1/bd/video_pipe_hw/ip/video_pipe_hw_axi_smc_2_0/bd_0/ip/ip_20/synth/bd_ca92_s00a2s_0.sv:53]
INFO: [Synth 8-6157] synthesizing module 's00_entry_pipeline_imp_1WI050I' [/home/alen/git/AMD-FPGA-Practice/kv260-imx219-video/hw/video-pipe-hw-v0/video_pipe_hw.gen/sources_1/bd/video_pipe_hw/ip/video_pipe_hw_axi_smc_2_0/bd_0/synth/bd_ca92.v:2434]
INFO: [Synth 8-6157] synthesizing module 'bd_ca92_s00mmu_0' [/home/alen/git/AMD-FPGA-Practice/kv260-imx219-video/hw/video-pipe-hw-v0/video_pipe_hw.gen/sources_1/bd/video_pipe_hw/ip/video_pipe_hw_axi_smc_2_0/bd_0/ip/ip_17/synth/bd_ca92_s00mmu_0.sv:53]
INFO: [Synth 8-6155] done synthesizing module 'bd_ca92_s00mmu_0' (0#1) [/home/alen/git/AMD-FPGA-Practice/kv260-imx219-video/hw/video-pipe-hw-v0/video_pipe_hw.gen/sources_1/bd/video_pipe_hw/ip/video_pipe_hw_axi_smc_2_0/bd_0/ip/ip_17/synth/bd_ca92_s00mmu_0.sv:53]
INFO: [Synth 8-6157] synthesizing module 'bd_ca92_s00sic_0' [/home/alen/git/AMD-FPGA-Practice/kv260-imx219-video/hw/video-pipe-hw-v0/video_pipe_hw.gen/sources_1/bd/video_pipe_hw/ip/video_pipe_hw_axi_smc_2_0/bd_0/ip/ip_19/synth/bd_ca92_s00sic_0.sv:53]
INFO: [Synth 8-6155] done synthesizing module 'bd_ca92_s00sic_0' (0#1) [/home/alen/git/AMD-FPGA-Practice/kv260-imx219-video/hw/video-pipe-hw-v0/video_pipe_hw.gen/sources_1/bd/video_pipe_hw/ip/video_pipe_hw_axi_smc_2_0/bd_0/ip/ip_19/synth/bd_ca92_s00sic_0.sv:53]
INFO: [Synth 8-6157] synthesizing module 'bd_ca92_s00tr_0' [/home/alen/git/AMD-FPGA-Practice/kv260-imx219-video/hw/video-pipe-hw-v0/video_pipe_hw.gen/sources_1/bd/video_pipe_hw/ip/video_pipe_hw_axi_smc_2_0/bd_0/ip/ip_18/synth/bd_ca92_s00tr_0.sv:53]
INFO: [Synth 8-6155] done synthesizing module 'bd_ca92_s00tr_0' (0#1) [/home/alen/git/AMD-FPGA-Practice/kv260-imx219-video/hw/video-pipe-hw-v0/video_pipe_hw.gen/sources_1/bd/video_pipe_hw/ip/video_pipe_hw_axi_smc_2_0/bd_0/ip/ip_18/synth/bd_ca92_s00tr_0.sv:53]
INFO: [Synth 8-6155] done synthesizing module 's00_entry_pipeline_imp_1WI050I' (0#1) [/home/alen/git/AMD-FPGA-Practice/kv260-imx219-video/hw/video-pipe-hw-v0/video_pipe_hw.gen/sources_1/bd/video_pipe_hw/ip/video_pipe_hw_axi_smc_2_0/bd_0/synth/bd_ca92.v:2434]
INFO: [Synth 8-6157] synthesizing module 's00_nodes_imp_1R2XUGO' [/home/alen/git/AMD-FPGA-Practice/kv260-imx219-video/hw/video-pipe-hw-v0/video_pipe_hw.gen/sources_1/bd/video_pipe_hw/ip/video_pipe_hw_axi_smc_2_0/bd_0/synth/bd_ca92.v:3014]
INFO: [Synth 8-6157] synthesizing module 'bd_ca92_sarn_0' [/home/alen/git/AMD-FPGA-Practice/kv260-imx219-video/hw/video-pipe-hw-v0/video_pipe_hw.gen/sources_1/bd/video_pipe_hw/ip/video_pipe_hw_axi_smc_2_0/bd_0/ip/ip_21/synth/bd_ca92_sarn_0.sv:53]
INFO: [Synth 8-6155] done synthesizing module 'bd_ca92_sarn_0' (0#1) [/home/alen/git/AMD-FPGA-Practice/kv260-imx219-video/hw/video-pipe-hw-v0/video_pipe_hw.gen/sources_1/bd/video_pipe_hw/ip/video_pipe_hw_axi_smc_2_0/bd_0/ip/ip_21/synth/bd_ca92_sarn_0.sv:53]
INFO: [Synth 8-6157] synthesizing module 'bd_ca92_sawn_0' [/home/alen/git/AMD-FPGA-Practice/kv260-imx219-video/hw/video-pipe-hw-v0/video_pipe_hw.gen/sources_1/bd/video_pipe_hw/ip/video_pipe_hw_axi_smc_2_0/bd_0/ip/ip_23/synth/bd_ca92_sawn_0.sv:53]
INFO: [Synth 8-6155] done synthesizing module 'bd_ca92_sawn_0' (0#1) [/home/alen/git/AMD-FPGA-Practice/kv260-imx219-video/hw/video-pipe-hw-v0/video_pipe_hw.gen/sources_1/bd/video_pipe_hw/ip/video_pipe_hw_axi_smc_2_0/bd_0/ip/ip_23/synth/bd_ca92_sawn_0.sv:53]
INFO: [Synth 8-6157] synthesizing module 'bd_ca92_sbn_0' [/home/alen/git/AMD-FPGA-Practice/kv260-imx219-video/hw/video-pipe-hw-v0/video_pipe_hw.gen/sources_1/bd/video_pipe_hw/ip/video_pipe_hw_axi_smc_2_0/bd_0/ip/ip_25/synth/bd_ca92_sbn_0.sv:53]
INFO: [Synth 8-6155] done synthesizing module 'bd_ca92_sbn_0' (0#1) [/home/alen/git/AMD-FPGA-Practice/kv260-imx219-video/hw/video-pipe-hw-v0/video_pipe_hw.gen/sources_1/bd/video_pipe_hw/ip/video_pipe_hw_axi_smc_2_0/bd_0/ip/ip_25/synth/bd_ca92_sbn_0.sv:53]
INFO: [Synth 8-6157] synthesizing module 'bd_ca92_srn_0' [/home/alen/git/AMD-FPGA-Practice/kv260-imx219-video/hw/video-pipe-hw-v0/video_pipe_hw.gen/sources_1/bd/video_pipe_hw/ip/video_pipe_hw_axi_smc_2_0/bd_0/ip/ip_22/synth/bd_ca92_srn_0.sv:53]
INFO: [Synth 8-6155] done synthesizing module 'bd_ca92_srn_0' (0#1) [/home/alen/git/AMD-FPGA-Practice/kv260-imx219-video/hw/video-pipe-hw-v0/video_pipe_hw.gen/sources_1/bd/video_pipe_hw/ip/video_pipe_hw_axi_smc_2_0/bd_0/ip/ip_22/synth/bd_ca92_srn_0.sv:53]
INFO: [Synth 8-6157] synthesizing module 'bd_ca92_swn_0' [/home/alen/git/AMD-FPGA-Practice/kv260-imx219-video/hw/video-pipe-hw-v0/video_pipe_hw.gen/sources_1/bd/video_pipe_hw/ip/video_pipe_hw_axi_smc_2_0/bd_0/ip/ip_24/synth/bd_ca92_swn_0.sv:53]
INFO: [Synth 8-6155] done synthesizing module 'bd_ca92_swn_0' (0#1) [/home/alen/git/AMD-FPGA-Practice/kv260-imx219-video/hw/video-pipe-hw-v0/video_pipe_hw.gen/sources_1/bd/video_pipe_hw/ip/video_pipe_hw_axi_smc_2_0/bd_0/ip/ip_24/synth/bd_ca92_swn_0.sv:53]
INFO: [Synth 8-6155] done synthesizing module 's00_nodes_imp_1R2XUGO' (0#1) [/home/alen/git/AMD-FPGA-Practice/kv260-imx219-video/hw/video-pipe-hw-v0/video_pipe_hw.gen/sources_1/bd/video_pipe_hw/ip/video_pipe_hw_axi_smc_2_0/bd_0/synth/bd_ca92.v:3014]
INFO: [Synth 8-6157] synthesizing module 'switchboards_imp_11X9ILO' [/home/alen/git/AMD-FPGA-Practice/kv260-imx219-video/hw/video-pipe-hw-v0/video_pipe_hw.gen/sources_1/bd/video_pipe_hw/ip/video_pipe_hw_axi_smc_2_0/bd_0/synth/bd_ca92.v:3256]
INFO: [Synth 8-6157] synthesizing module 'bd_ca92_arinsw_0' [/home/alen/git/AMD-FPGA-Practice/kv260-imx219-video/hw/video-pipe-hw-v0/video_pipe_hw.gen/sources_1/bd/video_pipe_hw/ip/video_pipe_hw_axi_smc_2_0/bd_0/ip/ip_2/synth/bd_ca92_arinsw_0.sv:53]
INFO: [Synth 8-6155] done synthesizing module 'bd_ca92_arinsw_0' (0#1) [/home/alen/git/AMD-FPGA-Practice/kv260-imx219-video/hw/video-pipe-hw-v0/video_pipe_hw.gen/sources_1/bd/video_pipe_hw/ip/video_pipe_hw_axi_smc_2_0/bd_0/ip/ip_2/synth/bd_ca92_arinsw_0.sv:53]
INFO: [Synth 8-6157] synthesizing module 'bd_ca92_aroutsw_0' [/home/alen/git/AMD-FPGA-Practice/kv260-imx219-video/hw/video-pipe-hw-v0/video_pipe_hw.gen/sources_1/bd/video_pipe_hw/ip/video_pipe_hw_axi_smc_2_0/bd_0/ip/ip_7/synth/bd_ca92_aroutsw_0.sv:53]
INFO: [Synth 8-6155] done synthesizing module 'bd_ca92_aroutsw_0' (0#1) [/home/alen/git/AMD-FPGA-Practice/kv260-imx219-video/hw/video-pipe-hw-v0/video_pipe_hw.gen/sources_1/bd/video_pipe_hw/ip/video_pipe_hw_axi_smc_2_0/bd_0/ip/ip_7/synth/bd_ca92_aroutsw_0.sv:53]
INFO: [Synth 8-6157] synthesizing module 'bd_ca92_awinsw_0' [/home/alen/git/AMD-FPGA-Practice/kv260-imx219-video/hw/video-pipe-hw-v0/video_pipe_hw.gen/sources_1/bd/video_pipe_hw/ip/video_pipe_hw_axi_smc_2_0/bd_0/ip/ip_4/synth/bd_ca92_awinsw_0.sv:53]
INFO: [Synth 8-6155] done synthesizing module 'bd_ca92_awinsw_0' (0#1) [/home/alen/git/AMD-FPGA-Practice/kv260-imx219-video/hw/video-pipe-hw-v0/video_pipe_hw.gen/sources_1/bd/video_pipe_hw/ip/video_pipe_hw_axi_smc_2_0/bd_0/ip/ip_4/synth/bd_ca92_awinsw_0.sv:53]
INFO: [Synth 8-6157] synthesizing module 'bd_ca92_awoutsw_0' [/home/alen/git/AMD-FPGA-Practice/kv260-imx219-video/hw/video-pipe-hw-v0/video_pipe_hw.gen/sources_1/bd/video_pipe_hw/ip/video_pipe_hw_axi_smc_2_0/bd_0/ip/ip_9/synth/bd_ca92_awoutsw_0.sv:53]
INFO: [Synth 8-6155] done synthesizing module 'bd_ca92_awoutsw_0' (0#1) [/home/alen/git/AMD-FPGA-Practice/kv260-imx219-video/hw/video-pipe-hw-v0/video_pipe_hw.gen/sources_1/bd/video_pipe_hw/ip/video_pipe_hw_axi_smc_2_0/bd_0/ip/ip_9/synth/bd_ca92_awoutsw_0.sv:53]
INFO: [Synth 8-6157] synthesizing module 'bd_ca92_binsw_0' [/home/alen/git/AMD-FPGA-Practice/kv260-imx219-video/hw/video-pipe-hw-v0/video_pipe_hw.gen/sources_1/bd/video_pipe_hw/ip/video_pipe_hw_axi_smc_2_0/bd_0/ip/ip_6/synth/bd_ca92_binsw_0.sv:53]
INFO: [Synth 8-6155] done synthesizing module 'bd_ca92_binsw_0' (0#1) [/home/alen/git/AMD-FPGA-Practice/kv260-imx219-video/hw/video-pipe-hw-v0/video_pipe_hw.gen/sources_1/bd/video_pipe_hw/ip/video_pipe_hw_axi_smc_2_0/bd_0/ip/ip_6/synth/bd_ca92_binsw_0.sv:53]
INFO: [Synth 8-6157] synthesizing module 'bd_ca92_boutsw_0' [/home/alen/git/AMD-FPGA-Practice/kv260-imx219-video/hw/video-pipe-hw-v0/video_pipe_hw.gen/sources_1/bd/video_pipe_hw/ip/video_pipe_hw_axi_smc_2_0/bd_0/ip/ip_11/synth/bd_ca92_boutsw_0.sv:53]
INFO: [Synth 8-6155] done synthesizing module 'bd_ca92_boutsw_0' (0#1) [/home/alen/git/AMD-FPGA-Practice/kv260-imx219-video/hw/video-pipe-hw-v0/video_pipe_hw.gen/sources_1/bd/video_pipe_hw/ip/video_pipe_hw_axi_smc_2_0/bd_0/ip/ip_11/synth/bd_ca92_boutsw_0.sv:53]
INFO: [Synth 8-6157] synthesizing module 'i_nodes_imp_L8H0LW' [/home/alen/git/AMD-FPGA-Practice/kv260-imx219-video/hw/video-pipe-hw-v0/video_pipe_hw.gen/sources_1/bd/video_pipe_hw/ip/video_pipe_hw_axi_smc_2_0/bd_0/synth/bd_ca92.v:1224]
INFO: [Synth 8-6157] synthesizing module 'bd_ca92_arni_0' [/home/alen/git/AMD-FPGA-Practice/kv260-imx219-video/hw/video-pipe-hw-v0/video_pipe_hw.gen/sources_1/bd/video_pipe_hw/ip/video_pipe_hw_axi_smc_2_0/bd_0/ip/ip_12/synth/bd_ca92_arni_0.sv:53]
INFO: [Synth 8-6155] done synthesizing module 'bd_ca92_arni_0' (0#1) [/home/alen/git/AMD-FPGA-Practice/kv260-imx219-video/hw/video-pipe-hw-v0/video_pipe_hw.gen/sources_1/bd/video_pipe_hw/ip/video_pipe_hw_axi_smc_2_0/bd_0/ip/ip_12/synth/bd_ca92_arni_0.sv:53]
INFO: [Synth 8-6157] synthesizing module 'bd_ca92_awni_0' [/home/alen/git/AMD-FPGA-Practice/kv260-imx219-video/hw/video-pipe-hw-v0/video_pipe_hw.gen/sources_1/bd/video_pipe_hw/ip/video_pipe_hw_axi_smc_2_0/bd_0/ip/ip_14/synth/bd_ca92_awni_0.sv:53]
INFO: [Synth 8-6155] done synthesizing module 'bd_ca92_awni_0' (0#1) [/home/alen/git/AMD-FPGA-Practice/kv260-imx219-video/hw/video-pipe-hw-v0/video_pipe_hw.gen/sources_1/bd/video_pipe_hw/ip/video_pipe_hw_axi_smc_2_0/bd_0/ip/ip_14/synth/bd_ca92_awni_0.sv:53]
INFO: [Synth 8-6157] synthesizing module 'bd_ca92_bni_0' [/home/alen/git/AMD-FPGA-Practice/kv260-imx219-video/hw/video-pipe-hw-v0/video_pipe_hw.gen/sources_1/bd/video_pipe_hw/ip/video_pipe_hw_axi_smc_2_0/bd_0/ip/ip_16/synth/bd_ca92_bni_0.sv:53]
INFO: [Synth 8-6155] done synthesizing module 'bd_ca92_bni_0' (0#1) [/home/alen/git/AMD-FPGA-Practice/kv260-imx219-video/hw/video-pipe-hw-v0/video_pipe_hw.gen/sources_1/bd/video_pipe_hw/ip/video_pipe_hw_axi_smc_2_0/bd_0/ip/ip_16/synth/bd_ca92_bni_0.sv:53]
INFO: [Synth 8-6157] synthesizing module 'bd_ca92_rni_0' [/home/alen/git/AMD-FPGA-Practice/kv260-imx219-video/hw/video-pipe-hw-v0/video_pipe_hw.gen/sources_1/bd/video_pipe_hw/ip/video_pipe_hw_axi_smc_2_0/bd_0/ip/ip_13/synth/bd_ca92_rni_0.sv:53]
INFO: [Synth 8-6155] done synthesizing module 'bd_ca92_rni_0' (0#1) [/home/alen/git/AMD-FPGA-Practice/kv260-imx219-video/hw/video-pipe-hw-v0/video_pipe_hw.gen/sources_1/bd/video_pipe_hw/ip/video_pipe_hw_axi_smc_2_0/bd_0/ip/ip_13/synth/bd_ca92_rni_0.sv:53]
INFO: [Synth 8-6157] synthesizing module 'bd_ca92_wni_0' [/home/alen/git/AMD-FPGA-Practice/kv260-imx219-video/hw/video-pipe-hw-v0/video_pipe_hw.gen/sources_1/bd/video_pipe_hw/ip/video_pipe_hw_axi_smc_2_0/bd_0/ip/ip_15/synth/bd_ca92_wni_0.sv:53]
INFO: [Synth 8-6155] done synthesizing module 'bd_ca92_wni_0' (0#1) [/home/alen/git/AMD-FPGA-Practice/kv260-imx219-video/hw/video-pipe-hw-v0/video_pipe_hw.gen/sources_1/bd/video_pipe_hw/ip/video_pipe_hw_axi_smc_2_0/bd_0/ip/ip_15/synth/bd_ca92_wni_0.sv:53]
INFO: [Synth 8-6155] done synthesizing module 'i_nodes_imp_L8H0LW' (0#1) [/home/alen/git/AMD-FPGA-Practice/kv260-imx219-video/hw/video-pipe-hw-v0/video_pipe_hw.gen/sources_1/bd/video_pipe_hw/ip/video_pipe_hw_axi_smc_2_0/bd_0/synth/bd_ca92.v:1224]
INFO: [Synth 8-6157] synthesizing module 'bd_ca92_rinsw_0' [/home/alen/git/AMD-FPGA-Practice/kv260-imx219-video/hw/video-pipe-hw-v0/video_pipe_hw.gen/sources_1/bd/video_pipe_hw/ip/video_pipe_hw_axi_smc_2_0/bd_0/ip/ip_3/synth/bd_ca92_rinsw_0.sv:53]
INFO: [Synth 8-6155] done synthesizing module 'bd_ca92_rinsw_0' (0#1) [/home/alen/git/AMD-FPGA-Practice/kv260-imx219-video/hw/video-pipe-hw-v0/video_pipe_hw.gen/sources_1/bd/video_pipe_hw/ip/video_pipe_hw_axi_smc_2_0/bd_0/ip/ip_3/synth/bd_ca92_rinsw_0.sv:53]
INFO: [Synth 8-6157] synthesizing module 'bd_ca92_routsw_0' [/home/alen/git/AMD-FPGA-Practice/kv260-imx219-video/hw/video-pipe-hw-v0/video_pipe_hw.gen/sources_1/bd/video_pipe_hw/ip/video_pipe_hw_axi_smc_2_0/bd_0/ip/ip_8/synth/bd_ca92_routsw_0.sv:53]
INFO: [Synth 8-6155] done synthesizing module 'bd_ca92_routsw_0' (0#1) [/home/alen/git/AMD-FPGA-Practice/kv260-imx219-video/hw/video-pipe-hw-v0/video_pipe_hw.gen/sources_1/bd/video_pipe_hw/ip/video_pipe_hw_axi_smc_2_0/bd_0/ip/ip_8/synth/bd_ca92_routsw_0.sv:53]
INFO: [Synth 8-6157] synthesizing module 'bd_ca92_winsw_0' [/home/alen/git/AMD-FPGA-Practice/kv260-imx219-video/hw/video-pipe-hw-v0/video_pipe_hw.gen/sources_1/bd/video_pipe_hw/ip/video_pipe_hw_axi_smc_2_0/bd_0/ip/ip_5/synth/bd_ca92_winsw_0.sv:53]
INFO: [Synth 8-6155] done synthesizing module 'bd_ca92_winsw_0' (0#1) [/home/alen/git/AMD-FPGA-Practice/kv260-imx219-video/hw/video-pipe-hw-v0/video_pipe_hw.gen/sources_1/bd/video_pipe_hw/ip/video_pipe_hw_axi_smc_2_0/bd_0/ip/ip_5/synth/bd_ca92_winsw_0.sv:53]
INFO: [Synth 8-6157] synthesizing module 'bd_ca92_woutsw_0' [/home/alen/git/AMD-FPGA-Practice/kv260-imx219-video/hw/video-pipe-hw-v0/video_pipe_hw.gen/sources_1/bd/video_pipe_hw/ip/video_pipe_hw_axi_smc_2_0/bd_0/ip/ip_10/synth/bd_ca92_woutsw_0.sv:53]
INFO: [Synth 8-6155] done synthesizing module 'bd_ca92_woutsw_0' (0#1) [/home/alen/git/AMD-FPGA-Practice/kv260-imx219-video/hw/video-pipe-hw-v0/video_pipe_hw.gen/sources_1/bd/video_pipe_hw/ip/video_pipe_hw_axi_smc_2_0/bd_0/ip/ip_10/synth/bd_ca92_woutsw_0.sv:53]
INFO: [Synth 8-6155] done synthesizing module 'switchboards_imp_11X9ILO' (0#1) [/home/alen/git/AMD-FPGA-Practice/kv260-imx219-video/hw/video-pipe-hw-v0/video_pipe_hw.gen/sources_1/bd/video_pipe_hw/ip/video_pipe_hw_axi_smc_2_0/bd_0/synth/bd_ca92.v:3256]
INFO: [Synth 8-6155] done synthesizing module 'bd_ca92' (0#1) [/home/alen/git/AMD-FPGA-Practice/kv260-imx219-video/hw/video-pipe-hw-v0/video_pipe_hw.gen/sources_1/bd/video_pipe_hw/ip/video_pipe_hw_axi_smc_2_0/bd_0/synth/bd_ca92.v:10]
INFO: [Synth 8-6155] done synthesizing module 'video_pipe_hw_axi_smc_2_0' (0#1) [/home/alen/git/AMD-FPGA-Practice/kv260-imx219-video/hw/video-pipe-hw-v0/video_pipe_hw.gen/sources_1/bd/video_pipe_hw/ip/video_pipe_hw_axi_smc_2_0/synth/video_pipe_hw_axi_smc_2_0.v:53]
WARNING: [Synth 8-3848] Net aresetn_out in module/entity clk_map_imp_138EAII does not have driver. [/home/alen/git/AMD-FPGA-Practice/kv260-imx219-video/hw/video-pipe-hw-v0/video_pipe_hw.gen/sources_1/bd/video_pipe_hw/ip/video_pipe_hw_axi_smc_2_0/bd_0/synth/bd_ca92.v:1198]
INFO: [Synth 8-7129] Port aclk in module sc_util_v1_0_4_pipeline__parameterized3 is either unconnected or has no load
INFO: [Synth 8-7129] Port aclken in module sc_util_v1_0_4_pipeline__parameterized3 is either unconnected or has no load
INFO: [Synth 8-7129] Port areset in module sc_util_v1_0_4_pipeline__parameterized3 is either unconnected or has no load
INFO: [Synth 8-7129] Port aclk in module sc_util_v1_0_4_pipeline__parameterized0 is either unconnected or has no load
INFO: [Synth 8-7129] Port aclken in module sc_util_v1_0_4_pipeline__parameterized0 is either unconnected or has no load
INFO: [Synth 8-7129] Port areset in module sc_util_v1_0_4_pipeline__parameterized0 is either unconnected or has no load
INFO: [Synth 8-7129] Port din[0] in module sc_util_v1_0_4_onehot_to_binary__parameterized0 is either unconnected or has no load
INFO: [Synth 8-7129] Port connectivity[1] in module sc_switchboard_v1_0_9_top__parameterized5 is either unconnected or has no load
INFO: [Synth 8-7129] Port connectivity[0] in module sc_switchboard_v1_0_9_top__parameterized5 is either unconnected or has no load
INFO: [Synth 8-7129] Port connectivity[0] in module sc_switchboard_v1_0_9_top__parameterized3 is either unconnected or has no load
INFO: [Synth 8-7129] Port din[0] in module sc_util_v1_0_4_onehot_to_binary__parameterized1 is either unconnected or has no load
INFO: [Synth 8-7129] Port connectivity[1] in module sc_switchboard_v1_0_9_top__parameterized4 is either unconnected or has no load
INFO: [Synth 8-7129] Port connectivity[0] in module sc_switchboard_v1_0_9_top__parameterized4 is either unconnected or has no load
INFO: [Synth 8-7129] Port din[0] in module sc_util_v1_0_4_onehot_to_binary is either unconnected or has no load
INFO: [Synth 8-7129] Port slow_clk in module sc_util_v1_0_4_sample_cycle_ratio is either unconnected or has no load
INFO: [Synth 8-7129] Port fast_clk in module sc_util_v1_0_4_sample_cycle_ratio is either unconnected or has no load
INFO: [Synth 8-7129] Port aclk in module sc_util_v1_0_4_pipeline__parameterized9 is either unconnected or has no load
INFO: [Synth 8-7129] Port aclken in module sc_util_v1_0_4_pipeline__parameterized9 is either unconnected or has no load
INFO: [Synth 8-7129] Port areset in module sc_util_v1_0_4_pipeline__parameterized9 is either unconnected or has no load
INFO: [Synth 8-7129] Port aclk in module sc_node_v1_0_19_reg_slice3 is either unconnected or has no load
INFO: [Synth 8-7129] Port aclken in module sc_node_v1_0_19_reg_slice3 is either unconnected or has no load
INFO: [Synth 8-7129] Port areset in module sc_node_v1_0_19_reg_slice3 is either unconnected or has no load
INFO: [Synth 8-7129] Port aclk in module sc_node_v1_0_19_si_handler__parameterized8 is either unconnected or has no load
INFO: [Synth 8-7129] Port aclken in module sc_node_v1_0_19_si_handler__parameterized8 is either unconnected or has no load
INFO: [Synth 8-7129] Port areset in module sc_node_v1_0_19_si_handler__parameterized8 is either unconnected or has no load
INFO: [Synth 8-7129] Port s_sc_req[0] in module sc_node_v1_0_19_si_handler__parameterized8 is either unconnected or has no load
INFO: [Synth 8-7129] Port s_sc_info[0] in module sc_node_v1_0_19_si_handler__parameterized8 is either unconnected or has no load
INFO: [Synth 8-7129] Port s_axis_arb_tvalid in module sc_node_v1_0_19_si_handler__parameterized8 is either unconnected or has no load
INFO: [Synth 8-7129] Port s_axis_arb_tdata[15] in module sc_node_v1_0_19_si_handler__parameterized8 is either unconnected or has no load
INFO: [Synth 8-7129] Port s_axis_arb_tdata[14] in module sc_node_v1_0_19_si_handler__parameterized8 is either unconnected or has no load
INFO: [Synth 8-7129] Port s_axis_arb_tdata[13] in module sc_node_v1_0_19_si_handler__parameterized8 is either unconnected or has no load
INFO: [Synth 8-7129] Port s_axis_arb_tdata[12] in module sc_node_v1_0_19_si_handler__parameterized8 is either unconnected or has no load
INFO: [Synth 8-7129] Port s_axis_arb_tdata[11] in module sc_node_v1_0_19_si_handler__parameterized8 is either unconnected or has no load
INFO: [Synth 8-7129] Port s_axis_arb_tdata[10] in module sc_node_v1_0_19_si_handler__parameterized8 is either unconnected or has no load
INFO: [Synth 8-7129] Port s_axis_arb_tdata[9] in module sc_node_v1_0_19_si_handler__parameterized8 is either unconnected or has no load
INFO: [Synth 8-7129] Port s_axis_arb_tdata[8] in module sc_node_v1_0_19_si_handler__parameterized8 is either unconnected or has no load
INFO: [Synth 8-7129] Port s_axis_arb_tdata[7] in module sc_node_v1_0_19_si_handler__parameterized8 is either unconnected or has no load
INFO: [Synth 8-7129] Port s_axis_arb_tdata[6] in module sc_node_v1_0_19_si_handler__parameterized8 is either unconnected or has no load
INFO: [Synth 8-7129] Port s_axis_arb_tdata[5] in module sc_node_v1_0_19_si_handler__parameterized8 is either unconnected or has no load
INFO: [Synth 8-7129] Port s_axis_arb_tdata[4] in module sc_node_v1_0_19_si_handler__parameterized8 is either unconnected or has no load
INFO: [Synth 8-7129] Port s_axis_arb_tdata[3] in module sc_node_v1_0_19_si_handler__parameterized8 is either unconnected or has no load
INFO: [Synth 8-7129] Port s_axis_arb_tdata[2] in module sc_node_v1_0_19_si_handler__parameterized8 is either unconnected or has no load
INFO: [Synth 8-7129] Port s_axis_arb_tdata[1] in module sc_node_v1_0_19_si_handler__parameterized8 is either unconnected or has no load
INFO: [Synth 8-7129] Port s_axis_arb_tdata[0] in module sc_node_v1_0_19_si_handler__parameterized8 is either unconnected or has no load
INFO: [Synth 8-7129] Port m_axis_arb_tready in module sc_node_v1_0_19_si_handler__parameterized8 is either unconnected or has no load
INFO: [Synth 8-7129] Port aclk in module sc_util_v1_0_4_axic_register_slice is either unconnected or has no load
INFO: [Synth 8-7129] Port areset in module sc_util_v1_0_4_axic_register_slice is either unconnected or has no load
INFO: [Synth 8-7129] Port aclken in module sc_util_v1_0_4_axic_register_slice is either unconnected or has no load
INFO: [Synth 8-7129] Port m_sc_aclken in module sc_node_v1_0_19_top__parameterized13 is either unconnected or has no load
INFO: [Synth 8-7129] Port din[0] in module sc_util_v1_0_4_onehot_to_binary__parameterized2 is either unconnected or has no load
INFO: [Synth 8-7129] Port aclk in module sc_util_v1_0_4_pipeline__parameterized6 is either unconnected or has no load
INFO: [Synth 8-7129] Port aclken in module sc_util_v1_0_4_pipeline__parameterized6 is either unconnected or has no load
INFO: [Synth 8-7129] Port areset in module sc_util_v1_0_4_pipeline__parameterized6 is either unconnected or has no load
INFO: [Synth 8-7129] Port s_sc_payld[54] in module sc_node_v1_0_19_ingress__parameterized7 is either unconnected or has no load
INFO: [Synth 8-7129] Port s_sc_payld[53] in module sc_node_v1_0_19_ingress__parameterized7 is either unconnected or has no load
INFO: [Synth 8-7129] Port aclk in module sc_util_v1_0_4_pipeline__parameterized8 is either unconnected or has no load
INFO: [Synth 8-7129] Port aclken in module sc_util_v1_0_4_pipeline__parameterized8 is either unconnected or has no load
INFO: [Synth 8-7129] Port areset in module sc_util_v1_0_4_pipeline__parameterized8 is either unconnected or has no load
INFO: [Synth 8-7129] Port aclk in module sc_node_v1_0_19_reg_slice3__parameterized0 is either unconnected or has no load
INFO: [Synth 8-7129] Port aclken in module sc_node_v1_0_19_reg_slice3__parameterized0 is either unconnected or has no load
INFO: [Synth 8-7129] Port areset in module sc_node_v1_0_19_reg_slice3__parameterized0 is either unconnected or has no load
INFO: [Synth 8-7129] Port areset in module sc_node_v1_0_19_fi_regulator is either unconnected or has no load
INFO: [Synth 8-7129] Port s_sc_info[1] in module sc_node_v1_0_19_si_handler__parameterized7 is either unconnected or has no load
INFO: [Synth 8-7129] Port s_sc_info[0] in module sc_node_v1_0_19_si_handler__parameterized7 is either unconnected or has no load
INFO: [Synth 8-7129] Port s_axis_arb_tvalid in module sc_node_v1_0_19_si_handler__parameterized7 is either unconnected or has no load
INFO: [Synth 8-7129] Port s_axis_arb_tdata[15] in module sc_node_v1_0_19_si_handler__parameterized7 is either unconnected or has no load
INFO: [Synth 8-7129] Port s_axis_arb_tdata[14] in module sc_node_v1_0_19_si_handler__parameterized7 is either unconnected or has no load
INFO: [Synth 8-7129] Port s_axis_arb_tdata[13] in module sc_node_v1_0_19_si_handler__parameterized7 is either unconnected or has no load
INFO: [Synth 8-7129] Port s_axis_arb_tdata[12] in module sc_node_v1_0_19_si_handler__parameterized7 is either unconnected or has no load
INFO: [Synth 8-7129] Port s_axis_arb_tdata[11] in module sc_node_v1_0_19_si_handler__parameterized7 is either unconnected or has no load
INFO: [Synth 8-7129] Port s_axis_arb_tdata[10] in module sc_node_v1_0_19_si_handler__parameterized7 is either unconnected or has no load
INFO: [Synth 8-7129] Port s_axis_arb_tdata[9] in module sc_node_v1_0_19_si_handler__parameterized7 is either unconnected or has no load
INFO: [Synth 8-7129] Port s_axis_arb_tdata[8] in module sc_node_v1_0_19_si_handler__parameterized7 is either unconnected or has no load
INFO: [Synth 8-7129] Port s_axis_arb_tdata[7] in module sc_node_v1_0_19_si_handler__parameterized7 is either unconnected or has no load
INFO: [Synth 8-7129] Port s_axis_arb_tdata[6] in module sc_node_v1_0_19_si_handler__parameterized7 is either unconnected or has no load
INFO: [Synth 8-7129] Port s_axis_arb_tdata[5] in module sc_node_v1_0_19_si_handler__parameterized7 is either unconnected or has no load
INFO: [Synth 8-7129] Port s_axis_arb_tdata[4] in module sc_node_v1_0_19_si_handler__parameterized7 is either unconnected or has no load
INFO: [Synth 8-7129] Port s_axis_arb_tdata[3] in module sc_node_v1_0_19_si_handler__parameterized7 is either unconnected or has no load
INFO: [Synth 8-7129] Port s_axis_arb_tdata[2] in module sc_node_v1_0_19_si_handler__parameterized7 is either unconnected or has no load
INFO: [Synth 8-7129] Port s_axis_arb_tdata[1] in module sc_node_v1_0_19_si_handler__parameterized7 is either unconnected or has no load
INFO: [Synth 8-7129] Port s_axis_arb_tdata[0] in module sc_node_v1_0_19_si_handler__parameterized7 is either unconnected or has no load
INFO: [Synth 8-7129] Port m_axis_arb_tready in module sc_node_v1_0_19_si_handler__parameterized7 is either unconnected or has no load
INFO: [Synth 8-7129] Port m_sc_aclken in module sc_node_v1_0_19_top__parameterized12 is either unconnected or has no load
INFO: [Synth 8-7129] Port s_sc_payld[8] in module sc_node_v1_0_19_ingress__parameterized6 is either unconnected or has no load
INFO: [Synth 8-7129] Port s_sc_payld[7] in module sc_node_v1_0_19_ingress__parameterized6 is either unconnected or has no load
INFO: [Synth 8-7129] Port aclk in module sc_util_v1_0_4_pipeline__parameterized7 is either unconnected or has no load
INFO: [Synth 8-7129] Port aclken in module sc_util_v1_0_4_pipeline__parameterized7 is either unconnected or has no load
INFO: [Synth 8-7129] Port areset in module sc_util_v1_0_4_pipeline__parameterized7 is either unconnected or has no load
INFO: [Synth 8-7129] Port aclk in module sc_util_v1_0_4_pipeline__parameterized2 is either unconnected or has no load
INFO: [Synth 8-7129] Port aclken in module sc_util_v1_0_4_pipeline__parameterized2 is either unconnected or has no load
INFO: [Synth 8-7129] Port areset in module sc_util_v1_0_4_pipeline__parameterized2 is either unconnected or has no load
INFO: [Synth 8-7129] Port s_sc_info[1] in module sc_node_v1_0_19_si_handler__parameterized6 is either unconnected or has no load
INFO: [Synth 8-7129] Port s_sc_info[0] in module sc_node_v1_0_19_si_handler__parameterized6 is either unconnected or has no load
INFO: [Synth 8-7129] Port s_axis_arb_tvalid in module sc_node_v1_0_19_si_handler__parameterized6 is either unconnected or has no load
INFO: [Synth 8-7129] Port s_axis_arb_tdata[15] in module sc_node_v1_0_19_si_handler__parameterized6 is either unconnected or has no load
INFO: [Synth 8-7129] Port s_axis_arb_tdata[14] in module sc_node_v1_0_19_si_handler__parameterized6 is either unconnected or has no load
INFO: [Synth 8-7129] Port s_axis_arb_tdata[13] in module sc_node_v1_0_19_si_handler__parameterized6 is either unconnected or has no load
INFO: [Synth 8-7129] Port s_axis_arb_tdata[12] in module sc_node_v1_0_19_si_handler__parameterized6 is either unconnected or has no load
INFO: [Synth 8-7129] Port s_axis_arb_tdata[11] in module sc_node_v1_0_19_si_handler__parameterized6 is either unconnected or has no load
INFO: [Synth 8-7129] Port s_axis_arb_tdata[10] in module sc_node_v1_0_19_si_handler__parameterized6 is either unconnected or has no load
INFO: [Common 17-14] Message 'Synth 8-7129' appears 100 times and further instances of the messages will be disabled. Use the Tcl command set_msg_config to change the current settings.
---------------------------------------------------------------------------------
Finished RTL Elaboration : Time (s): cpu = 00:00:26 ; elapsed = 00:00:27 . Memory (MB): peak = 3091.340 ; gain = 382.336 ; free physical = 887 ; free virtual = 2978
---------------------------------------------------------------------------------
---------------------------------------------------------------------------------
Start Handling Custom Attributes
---------------------------------------------------------------------------------
---------------------------------------------------------------------------------
Finished Handling Custom Attributes : Time (s): cpu = 00:00:27 ; elapsed = 00:00:27 . Memory (MB): peak = 3091.340 ; gain = 382.336 ; free physical = 887 ; free virtual = 2978
---------------------------------------------------------------------------------
---------------------------------------------------------------------------------
Finished RTL Optimization Phase 1 : Time (s): cpu = 00:00:27 ; elapsed = 00:00:27 . Memory (MB): peak = 3091.340 ; gain = 382.336 ; free physical = 887 ; free virtual = 2978
---------------------------------------------------------------------------------
Netlist sorting complete. Time (s): cpu = 00:00:02 ; elapsed = 00:00:02 . Memory (MB): peak = 3099.340 ; gain = 0.000 ; free physical = 882 ; free virtual = 2973
INFO: [Netlist 29-17] Analyzing 1 Unisim elements for replacement
INFO: [Netlist 29-28] Unisim Transformation completed in 0 CPU seconds
INFO: [Project 1-570] Preparing netlist for logic optimization

Processing XDC Constraints
Initializing timing engine
Parsing XDC File [/home/alen/git/AMD-FPGA-Practice/kv260-imx219-video/hw/video-pipe-hw-v0/video_pipe_hw.gen/sources_1/bd/video_pipe_hw/ip/video_pipe_hw_axi_smc_2_0/ooc.xdc] for cell 'inst'
create_clock: Time (s): cpu = 00:00:13 ; elapsed = 00:00:13 . Memory (MB): peak = 3314.969 ; gain = 25.984 ; free physical = 802 ; free virtual = 2893
Finished Parsing XDC File [/home/alen/git/AMD-FPGA-Practice/kv260-imx219-video/hw/video-pipe-hw-v0/video_pipe_hw.gen/sources_1/bd/video_pipe_hw/ip/video_pipe_hw_axi_smc_2_0/ooc.xdc] for cell 'inst'
Parsing XDC File [/home/alen/git/AMD-FPGA-Practice/kv260-imx219-video/hw/video-pipe-hw-v0/video_pipe_hw.gen/sources_1/bd/video_pipe_hw/ip/video_pipe_hw_axi_smc_2_0/bd_0/ip/ip_1/bd_ca92_psr_aclk_0_board.xdc] for cell 'inst/clk_map/psr_aclk/U0'
Finished Parsing XDC File [/home/alen/git/AMD-FPGA-Practice/kv260-imx219-video/hw/video-pipe-hw-v0/video_pipe_hw.gen/sources_1/bd/video_pipe_hw/ip/video_pipe_hw_axi_smc_2_0/bd_0/ip/ip_1/bd_ca92_psr_aclk_0_board.xdc] for cell 'inst/clk_map/psr_aclk/U0'
Parsing XDC File [/home/alen/git/AMD-FPGA-Practice/kv260-imx219-video/hw/video-pipe-hw-v0/video_pipe_hw.gen/sources_1/bd/video_pipe_hw/ip/video_pipe_hw_axi_smc_2_0/smartconnect.xdc] for cell 'inst'
Finished Parsing XDC File [/home/alen/git/AMD-FPGA-Practice/kv260-imx219-video/hw/video-pipe-hw-v0/video_pipe_hw.gen/sources_1/bd/video_pipe_hw/ip/video_pipe_hw_axi_smc_2_0/smartconnect.xdc] for cell 'inst'
Parsing XDC File [/home/alen/git/AMD-FPGA-Practice/kv260-imx219-video/hw/video-pipe-hw-v0/video_pipe_hw.runs/video_pipe_hw_axi_smc_2_0_synth_1/dont_touch.xdc]
Finished Parsing XDC File [/home/alen/git/AMD-FPGA-Practice/kv260-imx219-video/hw/video-pipe-hw-v0/video_pipe_hw.runs/video_pipe_hw_axi_smc_2_0_synth_1/dont_touch.xdc]
INFO: [Project 1-236] Implementation specific constraints were found while reading constraint file [/home/alen/AMD-Xilinx/2025.2/data/ip/xpm/xpm_cdc/tcl/xpm_cdc_single.tcl]. These constraints will be ignored for synthesis but will be used in implementation. Impacted constraints are listed in the file [.Xil/video_pipe_hw_axi_smc_2_0_propImpl.xdc].
Resolution: To avoid this warning, move constraints listed in [.Xil/video_pipe_hw_axi_smc_2_0_propImpl.xdc] to another XDC file and exclude this new file from synthesis with the used_in_synthesis property (File Properties dialog in GUI) and re-run elaboration/synthesis.
INFO: [Project 1-1714] 47 XPM XDC files have been applied to the design.
Completed Processing XDC Constraints

Netlist sorting complete. Time (s): cpu = 00:00:00.01 ; elapsed = 00:00:00.01 . Memory (MB): peak = 3314.969 ; gain = 0.000 ; free physical = 798 ; free virtual = 2890
INFO: [Project 1-111] Unisim Transformation Summary:
  A total of 1 instances were transformed.
  SRL16 => SRL16E: 1 instance 

Constraint Validation Runtime : Time (s): cpu = 00:00:00.35 ; elapsed = 00:00:00.26 . Memory (MB): peak = 3315.004 ; gain = 0.000 ; free physical = 798 ; free virtual = 2889
INFO: [Designutils 20-5008] Incremental synthesis strategy off
---------------------------------------------------------------------------------
Finished Constraint Validation : Time (s): cpu = 00:01:17 ; elapsed = 00:01:17 . Memory (MB): peak = 3315.004 ; gain = 606.000 ; free physical = 791 ; free virtual = 2883
---------------------------------------------------------------------------------
---------------------------------------------------------------------------------
Start Loading Part and Timing Information
---------------------------------------------------------------------------------
Loading part: xck26-sfvc784-2LV-c
INFO: [Synth 8-6742] Reading net delay rules and data
---------------------------------------------------------------------------------
Finished Loading Part and Timing Information : Time (s): cpu = 00:01:17 ; elapsed = 00:01:17 . Memory (MB): peak = 3322.973 ; gain = 613.969 ; free physical = 791 ; free virtual = 2883
---------------------------------------------------------------------------------
---------------------------------------------------------------------------------
Start Applying 'set_property' XDC Constraints
---------------------------------------------------------------------------------
---------------------------------------------------------------------------------
Finished applying 'set_property' XDC Constraints : Time (s): cpu = 00:01:18 ; elapsed = 00:01:17 . Memory (MB): peak = 3322.973 ; gain = 613.969 ; free physical = 791 ; free virtual = 2883
---------------------------------------------------------------------------------
INFO: [Synth 8-802] inferred FSM for state register 'gen_axi.gen_write.write_cs_reg' in module 'sc_mmu_v1_0_16_decerr_slave'
INFO: [Synth 8-802] inferred FSM for state register 'gen_endpoint.w_state_reg' in module 'sc_mmu_v1_0_16_top'
INFO: [Synth 8-802] inferred FSM for state register 'gen_endpoint.r_state_reg' in module 'sc_mmu_v1_0_16_top'
INFO: [Synth 8-802] inferred FSM for state register 'w_state_reg' in module 'sc_si_converter_v1_0_16_axilite_conv'
INFO: [Synth 8-802] inferred FSM for state register 'r_state_reg' in module 'sc_si_converter_v1_0_16_axilite_conv'
---------------------------------------------------------------------------------------------------
                   State |                     New Encoding |                Previous Encoding 
---------------------------------------------------------------------------------------------------
            P_WRITE_IDLE |                              001 |                               00
            P_WRITE_DATA |                              010 |                               01
            P_WRITE_RESP |                              100 |                               10
---------------------------------------------------------------------------------------------------
INFO: [Synth 8-3354] encoded FSM with state register 'gen_axi.gen_write.write_cs_reg' using encoding 'one-hot' in module 'sc_mmu_v1_0_16_decerr_slave'
---------------------------------------------------------------------------------------------------
                   State |                     New Encoding |                Previous Encoding 
---------------------------------------------------------------------------------------------------
                  iSTATE |                               00 | 00000000000000000000000000000000
*
                 W_STALL |                               01 | 00000000000000000000000000000001
               W_PENDING |                               10 | 00000000000000000000000000000010
                W_DECERR |                               11 | 00000000000000000000000000000011
---------------------------------------------------------------------------------------------------
INFO: [Synth 8-3354] encoded FSM with state register 'gen_endpoint.w_state_reg' using encoding 'sequential' in module 'sc_mmu_v1_0_16_top'
---------------------------------------------------------------------------------------------------
                   State |                     New Encoding |                Previous Encoding 
---------------------------------------------------------------------------------------------------
                  iSTATE |                             0001 | 00000000000000000000000000000000
*
                 R_STALL |                             0010 | 00000000000000000000000000000001
               R_PENDING |                             0100 | 00000000000000000000000000000010
                R_DECERR |                             1000 | 00000000000000000000000000000011
---------------------------------------------------------------------------------------------------
INFO: [Synth 8-3354] encoded FSM with state register 'gen_endpoint.r_state_reg' using encoding 'one-hot' in module 'sc_mmu_v1_0_16_top'
---------------------------------------------------------------------------------------------------
                   State |                     New Encoding |                Previous Encoding 
---------------------------------------------------------------------------------------------------
                  W_IDLE |                              000 | 00000000000000000000000000000000
                    W_RX |                              001 | 00000000000000000000000000000001
                    W_TX |                              010 | 00000000000000000000000000000010
              W_COMPLETE |                              011 | 00000000000000000000000000000100
               W_RECOVER |                              100 | 00000000000000000000000000000011
---------------------------------------------------------------------------------------------------
INFO: [Synth 8-3354] encoded FSM with state register 'w_state_reg' using encoding 'sequential' in module 'sc_si_converter_v1_0_16_axilite_conv'
---------------------------------------------------------------------------------------------------
                   State |                     New Encoding |                Previous Encoding 
---------------------------------------------------------------------------------------------------
                  R_IDLE |                               00 | 00000000000000000000000000000000
               R_PENDING |                               01 | 00000000000000000000000000000001
                    R_RX |                               10 | 00000000000000000000000000000010
                    R_TX |                               11 | 00000000000000000000000000000011
---------------------------------------------------------------------------------------------------
INFO: [Synth 8-3354] encoded FSM with state register 'r_state_reg' using encoding 'sequential' in module 'sc_si_converter_v1_0_16_axilite_conv'
---------------------------------------------------------------------------------
Finished RTL Optimization Phase 2 : Time (s): cpu = 00:01:23 ; elapsed = 00:01:24 . Memory (MB): peak = 3322.973 ; gain = 613.969 ; free physical = 784 ; free virtual = 2880
---------------------------------------------------------------------------------
---------------------------------------------------------------------------------
Start RTL Component Statistics 
---------------------------------------------------------------------------------
---------------------------------------------------------------------------------
Finished RTL Component Statistics 
---------------------------------------------------------------------------------
---------------------------------------------------------------------------------
Start Part Resource Summary
---------------------------------------------------------------------------------
Part Resources:
DSPs: 1248 (col length:96)
BRAMs: 288 (col length: RAMB18 96 RAMB36 48)
---------------------------------------------------------------------------------
Finished Part Resource Summary
---------------------------------------------------------------------------------
---------------------------------------------------------------------------------
Start Cross Boundary and Area Optimization
---------------------------------------------------------------------------------
WARNING: [Synth 8-3332] Sequential element (clk_map/psr_aclk/U0/FDRE_inst) is unused and will be removed from module bd_ca92.
WARNING: [Synth 8-3332] Sequential element (clk_map/psr_aclk/U0/BSR_OUT_DFF[0].FDRE_BSR) is unused and will be removed from module bd_ca92.
WARNING: [Synth 8-3332] Sequential element (clk_map/psr_aclk/U0/PR_OUT_DFF[0].FDRE_PER) is unused and will be removed from module bd_ca92.
WARNING: [Synth 8-3332] Sequential element (clk_map/psr_aclk/U0/ACTIVE_LOW_PR_OUT_DFF[0].FDRE_PER_N) is unused and will be removed from module bd_ca92.
---------------------------------------------------------------------------------
Finished Cross Boundary and Area Optimization : Time (s): cpu = 00:01:59 ; elapsed = 00:01:59 . Memory (MB): peak = 3322.973 ; gain = 613.969 ; free physical = 722 ; free virtual = 2818
---------------------------------------------------------------------------------
---------------------------------------------------------------------------------
Start Applying XDC Timing Constraints
---------------------------------------------------------------------------------
---------------------------------------------------------------------------------
Finished Applying XDC Timing Constraints : Time (s): cpu = 00:02:17 ; elapsed = 00:02:18 . Memory (MB): peak = 3771.660 ; gain = 1062.656 ; free physical = 320 ; free virtual = 2416
---------------------------------------------------------------------------------
---------------------------------------------------------------------------------
Start Timing Optimization
---------------------------------------------------------------------------------
---------------------------------------------------------------------------------
Finished Timing Optimization : Time (s): cpu = 00:02:29 ; elapsed = 00:02:30 . Memory (MB): peak = 3873.848 ; gain = 1164.844 ; free physical = 225 ; free virtual = 2321
---------------------------------------------------------------------------------
---------------------------------------------------------------------------------
Start Technology Mapping
---------------------------------------------------------------------------------
---------------------------------------------------------------------------------
Finished Technology Mapping : Time (s): cpu = 00:02:31 ; elapsed = 00:02:33 . Memory (MB): peak = 3881.855 ; gain = 1172.852 ; free physical = 217 ; free virtual = 2313
---------------------------------------------------------------------------------
---------------------------------------------------------------------------------
Start IO Insertion
---------------------------------------------------------------------------------
---------------------------------------------------------------------------------
Start Flattening Before IO Insertion
---------------------------------------------------------------------------------
---------------------------------------------------------------------------------
Finished Flattening Before IO Insertion
---------------------------------------------------------------------------------
---------------------------------------------------------------------------------
Start Final Netlist Cleanup
---------------------------------------------------------------------------------
---------------------------------------------------------------------------------
Finished Final Netlist Cleanup
---------------------------------------------------------------------------------
---------------------------------------------------------------------------------
Finished IO Insertion : Time (s): cpu = 00:02:41 ; elapsed = 00:02:43 . Memory (MB): peak = 4007.668 ; gain = 1298.664 ; free physical = 132 ; free virtual = 2218
---------------------------------------------------------------------------------
---------------------------------------------------------------------------------
Start Renaming Generated Instances
---------------------------------------------------------------------------------
---------------------------------------------------------------------------------
Finished Renaming Generated Instances : Time (s): cpu = 00:02:41 ; elapsed = 00:02:43 . Memory (MB): peak = 4007.668 ; gain = 1298.664 ; free physical = 132 ; free virtual = 2217
---------------------------------------------------------------------------------
---------------------------------------------------------------------------------
Start Rebuilding User Hierarchy
---------------------------------------------------------------------------------
---------------------------------------------------------------------------------
Finished Rebuilding User Hierarchy : Time (s): cpu = 00:02:42 ; elapsed = 00:02:43 . Memory (MB): peak = 4007.668 ; gain = 1298.664 ; free physical = 131 ; free virtual = 2216
---------------------------------------------------------------------------------
---------------------------------------------------------------------------------
Start Renaming Generated Ports
---------------------------------------------------------------------------------
---------------------------------------------------------------------------------
Finished Renaming Generated Ports : Time (s): cpu = 00:02:42 ; elapsed = 00:02:43 . Memory (MB): peak = 4007.668 ; gain = 1298.664 ; free physical = 131 ; free virtual = 2216
---------------------------------------------------------------------------------
---------------------------------------------------------------------------------
Start Handling Custom Attributes
---------------------------------------------------------------------------------
---------------------------------------------------------------------------------
Finished Handling Custom Attributes : Time (s): cpu = 00:02:42 ; elapsed = 00:02:43 . Memory (MB): peak = 4007.668 ; gain = 1298.664 ; free physical = 130 ; free virtual = 2216
---------------------------------------------------------------------------------
---------------------------------------------------------------------------------
Start Renaming Generated Nets
---------------------------------------------------------------------------------
---------------------------------------------------------------------------------
Finished Renaming Generated Nets : Time (s): cpu = 00:02:42 ; elapsed = 00:02:43 . Memory (MB): peak = 4007.668 ; gain = 1298.664 ; free physical = 130 ; free virtual = 2216
---------------------------------------------------------------------------------
---------------------------------------------------------------------------------
Start Writing Synthesis Report
---------------------------------------------------------------------------------

Report BlackBoxes: 
+-+--------------+----------+
| |BlackBox name |Instances |
+-+--------------+----------+
+-+--------------+----------+

Report Cell Usage: 
+------+-------+------+
|      |Cell   |Count |
+------+-------+------+
|1     |CARRY8 |     5|
|2     |LUT1   |   130|
|3     |LUT2   |   286|
|4     |LUT3   |   251|
|5     |LUT4   |   164|
|6     |LUT5   |   146|
|7     |LUT6   |   287|
|8     |MUXF7  |     4|
|9     |SRL16  |     1|
|10    |FDCE   |   135|
|11    |FDRE   |   859|
|12    |FDSE   |    36|
+------+-------+------+
---------------------------------------------------------------------------------
Finished Writing Synthesis Report : Time (s): cpu = 00:02:42 ; elapsed = 00:02:43 . Memory (MB): peak = 4007.668 ; gain = 1298.664 ; free physical = 130 ; free virtual = 2216
---------------------------------------------------------------------------------
Synthesis finished with 0 errors, 0 critical warnings and 4 warnings.
Synthesis Optimization Runtime : Time (s): cpu = 00:02:06 ; elapsed = 00:02:08 . Memory (MB): peak = 4007.668 ; gain = 1075.000 ; free physical = 130 ; free virtual = 2216
Synthesis Optimization Complete : Time (s): cpu = 00:02:42 ; elapsed = 00:02:44 . Memory (MB): peak = 4007.668 ; gain = 1298.664 ; free physical = 130 ; free virtual = 2216
INFO: [Project 1-571] Translating synthesized netlist
Netlist sorting complete. Time (s): cpu = 00:00:00.33 ; elapsed = 00:00:00.33 . Memory (MB): peak = 4007.668 ; gain = 0.000 ; free physical = 292 ; free virtual = 2378
INFO: [Netlist 29-17] Analyzing 10 Unisim elements for replacement
INFO: [Netlist 29-28] Unisim Transformation completed in 0 CPU seconds
INFO: [Project 1-570] Preparing netlist for logic optimization
INFO: [Opt 31-138] Pushed 0 inverter(s) to 0 load pin(s).
Netlist sorting complete. Time (s): cpu = 00:00:00 ; elapsed = 00:00:00.01 . Memory (MB): peak = 4007.668 ; gain = 0.000 ; free physical = 292 ; free virtual = 2378
INFO: [Project 1-111] Unisim Transformation Summary:
  A total of 1 instances were transformed.
  SRL16 => SRL16E: 1 instance 

Synth Design complete | Checksum: 782ce897
INFO: [Common 17-83] Releasing license: Synthesis
254 Infos, 10 Warnings, 0 Critical Warnings and 0 Errors encountered.
synth_design completed successfully
synth_design: Time (s): cpu = 00:03:10 ; elapsed = 00:03:05 . Memory (MB): peak = 4007.668 ; gain = 2333.141 ; free physical = 292 ; free virtual = 2378
INFO: [Common 17-2834] synth_design peak Physical Memory [PSS] (MB): overall = 3479.331; main = 3295.898; forked = 330.895
INFO: [Common 17-2834] synth_design peak Virtual Memory [VSS] (MB): overall = 4970.840; main = 3990.012; forked = 993.980
Write ShapeDB Complete: Time (s): cpu = 00:00:00.02 ; elapsed = 00:00:00.01 . Memory (MB): peak = 4014.020 ; gain = 0.000 ; free physical = 292 ; free virtual = 2378
INFO: [Common 17-1381] The checkpoint '/home/alen/git/AMD-FPGA-Practice/kv260-imx219-video/hw/video-pipe-hw-v0/video_pipe_hw.runs/video_pipe_hw_axi_smc_2_0_synth_1/video_pipe_hw_axi_smc_2_0.dcp' has been generated.
INFO: [Coretcl 2-1648] Added synthesis output to IP cache for IP video_pipe_hw_axi_smc_2_0, cache-ID = c327725b6dc60caf
INFO: [Coretcl 2-1174] Renamed 194 cell refs.
Write ShapeDB Complete: Time (s): cpu = 00:00:00.02 ; elapsed = 00:00:00.01 . Memory (MB): peak = 4014.020 ; gain = 0.000 ; free physical = 282 ; free virtual = 2376
INFO: [Common 17-1381] The checkpoint '/home/alen/git/AMD-FPGA-Practice/kv260-imx219-video/hw/video-pipe-hw-v0/video_pipe_hw.runs/video_pipe_hw_axi_smc_2_0_synth_1/video_pipe_hw_axi_smc_2_0.dcp' has been generated.
INFO: [Vivado 12-24828] Executing command : report_utilization -file video_pipe_hw_axi_smc_2_0_utilization_synth.rpt -pb video_pipe_hw_axi_smc_2_0_utilization_synth.pb
INFO: [Common 17-206] Exiting Vivado at Sat Aug 29 15:59:49 2026...
