

================================================================
== Vitis HLS Report for 'MultiPixStream2AXIvideo'
================================================================
* Date:           Wed Dec 20 19:01:27 2023

* Version:        2023.2 (Build 4023990 on Oct 11 2023)
* Project:        prj
* Solution:       sol (Vivado IP Flow Target)
* Product family: zynq
* Target device:  xc7z020-clg484-1


================================================================
== Performance Estimates
================================================================
+ Timing: 
    * Summary: 
    +--------+---------+----------+------------+
    |  Clock |  Target | Estimated| Uncertainty|
    +--------+---------+----------+------------+
    |ap_clk  |  7.00 ns|  4.866 ns|     1.89 ns|
    +--------+---------+----------+------------+

+ Latency: 
    * Summary: 
    +---------+---------+-----------+-----------+-----+---------+---------+
    |  Latency (cycles) |   Latency (absolute)  |    Interval   | Pipeline|
    |   min   |   max   |    min    |    max    | min |   max   |   Type  |
    +---------+---------+-----------+-----------+-----+---------+---------+
    |        3|  2080083|  21.000 ns|  14.561 ms|    3|  2080083|       no|
    +---------+---------+-----------+-----------+-----+---------+---------+

    + Detail: 
        * Instance: 
        +--------------------------------------------------------------+---------------------------------------------------+---------+---------+-----------+-----------+-----+------+---------+
        |                                                              |                                                   |  Latency (cycles) |   Latency (absolute)  |  Interval  | Pipeline|
        |                           Instance                           |                       Module                      |   min   |   max   |    min    |    max    | min |  max |   Type  |
        +--------------------------------------------------------------+---------------------------------------------------+---------+---------+-----------+-----------+-----+------+---------+
        |grp_MultiPixStream2AXIvideo_Pipeline_VITIS_LOOP_940_2_fu_114  |MultiPixStream2AXIvideo_Pipeline_VITIS_LOOP_940_2  |        4|     1924|  28.000 ns|  13.468 us|    4|  1924|       no|
        |grp_reg_unsigned_short_s_fu_139                               |reg_unsigned_short_s                               |        1|        1|   7.000 ns|   7.000 ns|    1|     1|      yes|
        |grp_reg_unsigned_short_s_fu_145                               |reg_unsigned_short_s                               |        1|        1|   7.000 ns|   7.000 ns|    1|     1|      yes|
        +--------------------------------------------------------------+---------------------------------------------------+---------+---------+-----------+-----------+-----+------+---------+

        * Loop: 
        +--------------------+---------+---------+----------+-----------+-----------+----------+----------+
        |                    |  Latency (cycles) | Iteration|  Initiation Interval  |   Trip   |          |
        |      Loop Name     |   min   |   max   |  Latency |  achieved |   target  |   Count  | Pipelined|
        +--------------------+---------+---------+----------+-----------+-----------+----------+----------+
        |- VITIS_LOOP_938_1  |        0|  2080080|  6 ~ 1926|          -|          -|  0 ~ 1080|        no|
        +--------------------+---------+---------+----------+-----------+-----------+----------+----------+



================================================================
== Utilization Estimates
================================================================
* Summary: 
+-----------------+---------+-----+--------+-------+-----+
|       Name      | BRAM_18K| DSP |   FF   |  LUT  | URAM|
+-----------------+---------+-----+--------+-------+-----+
|DSP              |        -|    -|       -|      -|    -|
|Expression       |        -|    -|       0|     54|    -|
|FIFO             |        -|    -|       -|      -|    -|
|Instance         |        -|    -|     110|    201|    -|
|Memory           |        -|    -|       -|      -|    -|
|Multiplexer      |        -|    -|       -|     94|    -|
|Register         |        -|    -|      63|      -|    -|
+-----------------+---------+-----+--------+-------+-----+
|Total            |        0|    0|     173|    349|    0|
+-----------------+---------+-----+--------+-------+-----+
|Available        |      280|  220|  106400|  53200|    0|
+-----------------+---------+-----+--------+-------+-----+
|Utilization (%)  |        0|    0|      ~0|     ~0|    0|
+-----------------+---------+-----+--------+-------+-----+

+ Detail: 
    * Instance: 
    +--------------------------------------------------------------+---------------------------------------------------+---------+----+----+-----+-----+
    |                           Instance                           |                       Module                      | BRAM_18K| DSP| FF | LUT | URAM|
    +--------------------------------------------------------------+---------------------------------------------------+---------+----+----+-----+-----+
    |grp_MultiPixStream2AXIvideo_Pipeline_VITIS_LOOP_940_2_fu_114  |MultiPixStream2AXIvideo_Pipeline_VITIS_LOOP_940_2  |        0|   0|  64|  173|    0|
    |grp_reg_unsigned_short_s_fu_139                               |reg_unsigned_short_s                               |        0|   0|  23|   14|    0|
    |grp_reg_unsigned_short_s_fu_145                               |reg_unsigned_short_s                               |        0|   0|  23|   14|    0|
    +--------------------------------------------------------------+---------------------------------------------------+---------+----+----+-----+-----+
    |Total                                                         |                                                   |        0|   0| 110|  201|    0|
    +--------------------------------------------------------------+---------------------------------------------------+---------+----+----+-----+-----+

    * DSP: 
    N/A

    * Memory: 
    N/A

    * FIFO: 
    N/A

    * Expression: 
    +----------------------------------------------------------------------------------+----------+----+---+----+------------+------------+
    |                                   Variable Name                                  | Operation| DSP| FF| LUT| Bitwidth P0| Bitwidth P1|
    +----------------------------------------------------------------------------------+----------+----+---+----+------------+------------+
    |i_2_fu_180_p2                                                                     |         +|   0|  0|  12|          11|           1|
    |sub_fu_160_p2                                                                     |         +|   0|  0|  12|          12|           2|
    |and_ln938_fu_186_p2                                                               |       and|   0|  0|   2|           1|           1|
    |grp_MultiPixStream2AXIvideo_Pipeline_VITIS_LOOP_940_2_fu_114_m_axis_video_TREADY  |       and|   0|  0|   2|           1|           1|
    |icmp_ln938_1_fu_175_p2                                                            |      icmp|   0|  0|  12|          11|          11|
    |icmp_ln938_fu_166_p2                                                              |      icmp|   0|  0|  12|          11|           1|
    |ap_block_state1                                                                   |        or|   0|  0|   2|           1|           1|
    +----------------------------------------------------------------------------------+----------+----+---+----+------------+------------+
    |Total                                                                             |          |   0|  0|  54|          48|          18|
    +----------------------------------------------------------------------------------+----------+----+---+----+------------+------------+

    * Multiplexer: 
    +-----------------+----+-----------+-----+-----------+
    |       Name      | LUT| Input Size| Bits| Total Bits|
    +-----------------+----+-----------+-----+-----------+
    |ColorMode_blk_n  |   9|          2|    1|          2|
    |Height_blk_n     |   9|          2|    1|          2|
    |OutYUV_read      |   9|          2|    1|          2|
    |Width_blk_n      |   9|          2|    1|          2|
    |ap_NS_fsm        |  31|          6|    1|          6|
    |ap_done          |   9|          2|    1|          2|
    |i_fu_80          |   9|          2|   11|         22|
    |sof_reg_102      |   9|          2|    1|          2|
    +-----------------+----+-----------+-----+-----------+
    |Total            |  94|         20|   18|         40|
    +-----------------+----+-----------+-----+-----------+

    * Register: 
    +---------------------------------------------------------------------------+----+----+-----+-----------+
    |                                    Name                                   | FF | LUT| Bits| Const Bits|
    +---------------------------------------------------------------------------+----+----+-----+-----------+
    |ColorMode_read_reg_203                                                     |   8|   0|    8|          0|
    |and_ln938_reg_231                                                          |   1|   0|    1|          0|
    |ap_CS_fsm                                                                  |   5|   0|    5|          0|
    |ap_done_reg                                                                |   1|   0|    1|          0|
    |cols_reg_213                                                               |  11|   0|   11|          0|
    |grp_MultiPixStream2AXIvideo_Pipeline_VITIS_LOOP_940_2_fu_114_ap_start_reg  |   1|   0|    1|          0|
    |i_fu_80                                                                    |  11|   0|   11|          0|
    |icmp_ln938_reg_223                                                         |   1|   0|    1|          0|
    |rows_reg_208                                                               |  11|   0|   11|          0|
    |sof_reg_102                                                                |   1|   0|    1|          0|
    |sub_reg_218                                                                |  12|   0|   12|          0|
    +---------------------------------------------------------------------------+----+----+-----+-----------+
    |Total                                                                      |  63|   0|   63|          0|
    +---------------------------------------------------------------------------+----+----+-----+-----------+



================================================================
== Interface
================================================================
* Summary: 
+--------------------------+-----+-----+------------+-------------------------+--------------+
|         RTL Ports        | Dir | Bits|  Protocol  |      Source Object      |    C Type    |
+--------------------------+-----+-----+------------+-------------------------+--------------+
|ap_clk                    |   in|    1|  ap_ctrl_hs|  MultiPixStream2AXIvideo|  return value|
|ap_rst                    |   in|    1|  ap_ctrl_hs|  MultiPixStream2AXIvideo|  return value|
|ap_start                  |   in|    1|  ap_ctrl_hs|  MultiPixStream2AXIvideo|  return value|
|ap_done                   |  out|    1|  ap_ctrl_hs|  MultiPixStream2AXIvideo|  return value|
|ap_continue               |   in|    1|  ap_ctrl_hs|  MultiPixStream2AXIvideo|  return value|
|ap_idle                   |  out|    1|  ap_ctrl_hs|  MultiPixStream2AXIvideo|  return value|
|ap_ready                  |  out|    1|  ap_ctrl_hs|  MultiPixStream2AXIvideo|  return value|
|OutYUV_dout               |   in|   24|     ap_fifo|                   OutYUV|       pointer|
|OutYUV_num_data_valid     |   in|    5|     ap_fifo|                   OutYUV|       pointer|
|OutYUV_fifo_cap           |   in|    5|     ap_fifo|                   OutYUV|       pointer|
|OutYUV_empty_n            |   in|    1|     ap_fifo|                   OutYUV|       pointer|
|OutYUV_read               |  out|    1|     ap_fifo|                   OutYUV|       pointer|
|m_axis_video_TDATA        |  out|   24|        axis|    m_axis_video_V_data_V|       pointer|
|m_axis_video_TVALID       |  out|    1|        axis|    m_axis_video_V_dest_V|       pointer|
|m_axis_video_TREADY       |   in|    1|        axis|    m_axis_video_V_dest_V|       pointer|
|m_axis_video_TDEST        |  out|    1|        axis|    m_axis_video_V_dest_V|       pointer|
|m_axis_video_TKEEP        |  out|    3|        axis|    m_axis_video_V_keep_V|       pointer|
|m_axis_video_TSTRB        |  out|    3|        axis|    m_axis_video_V_strb_V|       pointer|
|m_axis_video_TUSER        |  out|    1|        axis|    m_axis_video_V_user_V|       pointer|
|m_axis_video_TLAST        |  out|    1|        axis|    m_axis_video_V_last_V|       pointer|
|m_axis_video_TID          |  out|    1|        axis|      m_axis_video_V_id_V|       pointer|
|Height_dout               |   in|   11|     ap_fifo|                   Height|       pointer|
|Height_num_data_valid     |   in|    3|     ap_fifo|                   Height|       pointer|
|Height_fifo_cap           |   in|    3|     ap_fifo|                   Height|       pointer|
|Height_empty_n            |   in|    1|     ap_fifo|                   Height|       pointer|
|Height_read               |  out|    1|     ap_fifo|                   Height|       pointer|
|Width_dout                |   in|   11|     ap_fifo|                    Width|       pointer|
|Width_num_data_valid      |   in|    3|     ap_fifo|                    Width|       pointer|
|Width_fifo_cap            |   in|    3|     ap_fifo|                    Width|       pointer|
|Width_empty_n             |   in|    1|     ap_fifo|                    Width|       pointer|
|Width_read                |  out|    1|     ap_fifo|                    Width|       pointer|
|ColorMode_dout            |   in|    8|     ap_fifo|                ColorMode|       pointer|
|ColorMode_num_data_valid  |   in|    3|     ap_fifo|                ColorMode|       pointer|
|ColorMode_fifo_cap        |   in|    3|     ap_fifo|                ColorMode|       pointer|
|ColorMode_empty_n         |   in|    1|     ap_fifo|                ColorMode|       pointer|
|ColorMode_read            |  out|    1|     ap_fifo|                ColorMode|       pointer|
+--------------------------+-----+-----+------------+-------------------------+--------------+

============================================================
+ Verbose Summary: Synthesis Manager
============================================================
InlineROM: 1
ExposeGlobal: 0
============================================================
+ Verbose Summary: CDFG Model
============================================================
IsTopModel: 0
ResetActiveHigh: 1
IsCombinational: 2
IsDatapathOnly: 0
HasWiredReturn: 1
HasMFsm: 0
HasVarLatency: 1
IsPipeline: 0
IsRtlPipelined: 0
IsInstanceOverlapped: 0
IsDontTouch: 0
HasImplIP: 0
IsGatedGlobalClock: 0


============================================================
+ Verbose Summary: Schedule
============================================================
* Number of FSM states : 5
* Pipeline : 0
* Dataflow Pipeline: 0

* FSM state transitions: 
1 --> 2 
2 --> 3 
3 --> 4 5 
4 --> 3 
5 --> 

* FSM state operations: 

State 1 <SV = 0> <Delay = 2.55>
ST_1 : Operation 6 [1/1] (0.00ns)   --->   "%i = alloca i32 1" [G:/Project-Workspace/zynq-7020-video-pipe-3/hw/video-pipe-hw-v3/hw_011223.runs/bd_8126_vsc_0_synth_1/prj/sol/.autopilot/db/v_vscaler.cpp:938]   --->   Operation 6 'alloca' 'i' <Predicate = true> <Delay = 0.00>
ST_1 : Operation 7 [1/1] (2.55ns)   --->   "%ColorMode_read = read i8 @_ssdm_op_Read.ap_fifo.i8P0A, i8 %ColorMode"   --->   Operation 7 'read' 'ColorMode_read' <Predicate = true> <Delay = 2.55> <CoreInst = "FIFO_SRL">   --->   Core 81 'FIFO_SRL' <Latency = 0> <II = 1> <Delay = 3.63> <Storage> <Opcode : 'read' 'write' 'nbread' 'nbwrite'> <Ports = 0> <Width = 8> <Depth = 3> <FIFO>
ST_1 : Operation 8 [1/1] (2.55ns)   --->   "%Height_read = read i11 @_ssdm_op_Read.ap_fifo.i11P0A, i11 %Height"   --->   Operation 8 'read' 'Height_read' <Predicate = true> <Delay = 2.55> <CoreInst = "FIFO_SRL">   --->   Core 81 'FIFO_SRL' <Latency = 0> <II = 1> <Delay = 3.63> <Storage> <Opcode : 'read' 'write' 'nbread' 'nbwrite'> <Ports = 0> <Width = 11> <Depth = 2> <FIFO>
ST_1 : Operation 9 [1/1] (2.55ns)   --->   "%Width_read = read i11 @_ssdm_op_Read.ap_fifo.i11P0A, i11 %Width"   --->   Operation 9 'read' 'Width_read' <Predicate = true> <Delay = 2.55> <CoreInst = "FIFO_SRL">   --->   Core 81 'FIFO_SRL' <Latency = 0> <II = 1> <Delay = 3.63> <Storage> <Opcode : 'read' 'write' 'nbread' 'nbwrite'> <Ports = 0> <Width = 11> <Depth = 2> <FIFO>
ST_1 : Operation 10 [2/2] (0.00ns)   --->   "%rows = call i11 @reg<unsigned short>, i11 %Height_read" [G:/Project-Workspace/zynq-7020-video-pipe-3/hw/video-pipe-hw-v3/hw_011223.runs/bd_8126_vsc_0_synth_1/prj/sol/.autopilot/db/v_vscaler.cpp:891]   --->   Operation 10 'call' 'rows' <Predicate = true> <Delay = 0.00> <CoreType = "Generic">   --->   Core 0 '' <Latency = 0> <II = 1> <Delay = 1.00> <Generic> <Opcode : >
ST_1 : Operation 11 [2/2] (0.00ns)   --->   "%cols = call i11 @reg<unsigned short>, i11 %Width_read" [G:/Project-Workspace/zynq-7020-video-pipe-3/hw/video-pipe-hw-v3/hw_011223.runs/bd_8126_vsc_0_synth_1/prj/sol/.autopilot/db/v_vscaler.cpp:892]   --->   Operation 11 'call' 'cols' <Predicate = true> <Delay = 0.00> <CoreType = "Generic">   --->   Core 0 '' <Latency = 0> <II = 1> <Delay = 1.00> <Generic> <Opcode : >
ST_1 : Operation 12 [1/1] (1.58ns)   --->   "%store_ln938 = store i11 0, i11 %i" [G:/Project-Workspace/zynq-7020-video-pipe-3/hw/video-pipe-hw-v3/hw_011223.runs/bd_8126_vsc_0_synth_1/prj/sol/.autopilot/db/v_vscaler.cpp:938]   --->   Operation 12 'store' 'store_ln938' <Predicate = true> <Delay = 1.58>

State 2 <SV = 1> <Delay = 1.63>
ST_2 : Operation 13 [1/1] (0.00ns)   --->   "%specinterface_ln0 = specinterface void @_ssdm_op_SpecInterface, i8 %ColorMode, void @ap_fifo_str, i32 0, i32 0, void @p_str, i32 0, i32 0, void @p_str, void @p_str, void @p_str, i32 2, i32 2, i32 16, i32 16, void @p_str, void @ScalarProp_str, i32 4294967295, i32 0"   --->   Operation 13 'specinterface' 'specinterface_ln0' <Predicate = true> <Delay = 0.00>
ST_2 : Operation 14 [1/1] (0.00ns)   --->   "%specinterface_ln0 = specinterface void @_ssdm_op_SpecInterface, i11 %Height, void @ap_fifo_str, i32 0, i32 0, void @p_str, i32 0, i32 0, void @p_str, void @p_str, void @p_str, i32 2, i32 2, i32 16, i32 16, void @p_str, void @ScalarProp_str, i32 4294967295, i32 0"   --->   Operation 14 'specinterface' 'specinterface_ln0' <Predicate = true> <Delay = 0.00>
ST_2 : Operation 15 [1/1] (0.00ns)   --->   "%specinterface_ln0 = specinterface void @_ssdm_op_SpecInterface, i11 %Width, void @ap_fifo_str, i32 0, i32 0, void @p_str, i32 0, i32 0, void @p_str, void @p_str, void @p_str, i32 2, i32 2, i32 16, i32 16, void @p_str, void @ScalarProp_str, i32 4294967295, i32 0"   --->   Operation 15 'specinterface' 'specinterface_ln0' <Predicate = true> <Delay = 0.00>
ST_2 : Operation 16 [1/1] (0.00ns)   --->   "%specaxissidechannel_ln0 = specaxissidechannel void @_ssdm_op_SpecAXISSideChannel, i24 %m_axis_video_V_data_V, i3 %m_axis_video_V_keep_V, i3 %m_axis_video_V_strb_V, i1 %m_axis_video_V_user_V, i1 %m_axis_video_V_last_V, i1 %m_axis_video_V_id_V, i1 %m_axis_video_V_dest_V, void @empty_17"   --->   Operation 16 'specaxissidechannel' 'specaxissidechannel_ln0' <Predicate = true> <Delay = 0.00>
ST_2 : Operation 17 [1/1] (0.00ns)   --->   "%specinterface_ln0 = specinterface void @_ssdm_op_SpecInterface, i24 %OutYUV, void @empty_16, i32 0, i32 0, void @empty_3, i32 0, i32 0, void @empty_3, void @empty_3, void @empty_3, i32 0, i32 0, i32 0, i32 0, void @empty_3, void @empty_3, i32 4294967295, i32 0"   --->   Operation 17 'specinterface' 'specinterface_ln0' <Predicate = true> <Delay = 0.00>
ST_2 : Operation 18 [1/1] (0.00ns)   --->   "%specinterface_ln0 = specinterface void @_ssdm_op_SpecInterface, i1 %m_axis_video_V_dest_V, i1 %m_axis_video_V_id_V, i1 %m_axis_video_V_last_V, i1 %m_axis_video_V_user_V, i3 %m_axis_video_V_strb_V, i3 %m_axis_video_V_keep_V, i24 %m_axis_video_V_data_V, void @empty_4, i32 1, i32 1, void @empty_7, i32 0, i32 0, void @empty_3, void @empty_3, void @empty_3, i32 0, i32 0, i32 0, i32 0, void @empty_3, void @empty_3, i32 4294967295, i32 0"   --->   Operation 18 'specinterface' 'specinterface_ln0' <Predicate = true> <Delay = 0.00>
ST_2 : Operation 19 [1/2] (0.00ns)   --->   "%rows = call i11 @reg<unsigned short>, i11 %Height_read" [G:/Project-Workspace/zynq-7020-video-pipe-3/hw/video-pipe-hw-v3/hw_011223.runs/bd_8126_vsc_0_synth_1/prj/sol/.autopilot/db/v_vscaler.cpp:891]   --->   Operation 19 'call' 'rows' <Predicate = true> <Delay = 0.00> <CoreType = "Generic">   --->   Core 0 '' <Latency = 0> <II = 1> <Delay = 1.00> <Generic> <Opcode : >
ST_2 : Operation 20 [1/2] (0.00ns)   --->   "%cols = call i11 @reg<unsigned short>, i11 %Width_read" [G:/Project-Workspace/zynq-7020-video-pipe-3/hw/video-pipe-hw-v3/hw_011223.runs/bd_8126_vsc_0_synth_1/prj/sol/.autopilot/db/v_vscaler.cpp:892]   --->   Operation 20 'call' 'cols' <Predicate = true> <Delay = 0.00> <CoreType = "Generic">   --->   Core 0 '' <Latency = 0> <II = 1> <Delay = 1.00> <Generic> <Opcode : >
ST_2 : Operation 21 [1/1] (0.00ns)   --->   "%zext_ln892 = zext i11 %cols" [G:/Project-Workspace/zynq-7020-video-pipe-3/hw/video-pipe-hw-v3/hw_011223.runs/bd_8126_vsc_0_synth_1/prj/sol/.autopilot/db/v_vscaler.cpp:892]   --->   Operation 21 'zext' 'zext_ln892' <Predicate = true> <Delay = 0.00>
ST_2 : Operation 22 [1/1] (1.63ns)   --->   "%sub = add i12 %zext_ln892, i12 4095" [G:/Project-Workspace/zynq-7020-video-pipe-3/hw/video-pipe-hw-v3/hw_011223.runs/bd_8126_vsc_0_synth_1/prj/sol/.autopilot/db/v_vscaler.cpp:892]   --->   Operation 22 'add' 'sub' <Predicate = true> <Delay = 1.63> <CoreInst = "Adder">   --->   Core 1 'Adder' <Latency = 0> <II = 1> <Delay = 1.54> <FuncUnit> <Opcode : 'add' 'sub'> <InPorts = 2> <OutPorts = 1>
ST_2 : Operation 23 [1/1] (1.63ns)   --->   "%icmp_ln938 = icmp_eq  i11 %cols, i11 0" [G:/Project-Workspace/zynq-7020-video-pipe-3/hw/video-pipe-hw-v3/hw_011223.runs/bd_8126_vsc_0_synth_1/prj/sol/.autopilot/db/v_vscaler.cpp:938]   --->   Operation 23 'icmp' 'icmp_ln938' <Predicate = true> <Delay = 1.63> <CoreInst = "Cmp">   --->   Core 9 'Cmp' <Latency = 0> <II = 1> <Delay = 1.63> <FuncUnit> <Opcode : 'icmp'> <InPorts = 2> <OutPorts = 1>
ST_2 : Operation 24 [1/1] (1.58ns)   --->   "%br_ln938 = br void %VITIS_LOOP_940_2" [G:/Project-Workspace/zynq-7020-video-pipe-3/hw/video-pipe-hw-v3/hw_011223.runs/bd_8126_vsc_0_synth_1/prj/sol/.autopilot/db/v_vscaler.cpp:938]   --->   Operation 24 'br' 'br_ln938' <Predicate = true> <Delay = 1.58>

State 3 <SV = 2> <Delay = 4.86>
ST_3 : Operation 25 [1/1] (0.00ns)   --->   "%sof = phi i1 1, void %entry, i1 %and_ln938, void %VITIS_LOOP_940_2.split" [G:/Project-Workspace/zynq-7020-video-pipe-3/hw/video-pipe-hw-v3/hw_011223.runs/bd_8126_vsc_0_synth_1/prj/sol/.autopilot/db/v_vscaler.cpp:938]   --->   Operation 25 'phi' 'sof' <Predicate = true> <Delay = 0.00>
ST_3 : Operation 26 [1/1] (0.00ns)   --->   "%i_1 = load i11 %i" [G:/Project-Workspace/zynq-7020-video-pipe-3/hw/video-pipe-hw-v3/hw_011223.runs/bd_8126_vsc_0_synth_1/prj/sol/.autopilot/db/v_vscaler.cpp:938]   --->   Operation 26 'load' 'i_1' <Predicate = true> <Delay = 0.00>
ST_3 : Operation 27 [1/1] (1.63ns)   --->   "%icmp_ln938_1 = icmp_eq  i11 %i_1, i11 %rows" [G:/Project-Workspace/zynq-7020-video-pipe-3/hw/video-pipe-hw-v3/hw_011223.runs/bd_8126_vsc_0_synth_1/prj/sol/.autopilot/db/v_vscaler.cpp:938]   --->   Operation 27 'icmp' 'icmp_ln938_1' <Predicate = true> <Delay = 1.63> <CoreInst = "Cmp">   --->   Core 9 'Cmp' <Latency = 0> <II = 1> <Delay = 1.63> <FuncUnit> <Opcode : 'icmp'> <InPorts = 2> <OutPorts = 1>
ST_3 : Operation 28 [1/1] (0.00ns)   --->   "%speclooptripcount_ln0 = speclooptripcount void @_ssdm_op_SpecLoopTripCount, i64 0, i64 1080, i64 0"   --->   Operation 28 'speclooptripcount' 'speclooptripcount_ln0' <Predicate = true> <Delay = 0.00>
ST_3 : Operation 29 [1/1] (1.63ns)   --->   "%i_2 = add i11 %i_1, i11 1" [G:/Project-Workspace/zynq-7020-video-pipe-3/hw/video-pipe-hw-v3/hw_011223.runs/bd_8126_vsc_0_synth_1/prj/sol/.autopilot/db/v_vscaler.cpp:938]   --->   Operation 29 'add' 'i_2' <Predicate = true> <Delay = 1.63> <CoreInst = "Adder">   --->   Core 1 'Adder' <Latency = 0> <II = 1> <Delay = 1.63> <FuncUnit> <Opcode : 'add' 'sub'> <InPorts = 2> <OutPorts = 1>
ST_3 : Operation 30 [1/1] (0.00ns)   --->   "%br_ln938 = br i1 %icmp_ln938_1, void %VITIS_LOOP_940_2.split, void %for.end90.loopexit" [G:/Project-Workspace/zynq-7020-video-pipe-3/hw/video-pipe-hw-v3/hw_011223.runs/bd_8126_vsc_0_synth_1/prj/sol/.autopilot/db/v_vscaler.cpp:938]   --->   Operation 30 'br' 'br_ln938' <Predicate = true> <Delay = 0.00>
ST_3 : Operation 31 [1/1] (0.00ns)   --->   "%empty = wait i32 @_ssdm_op_Wait"   --->   Operation 31 'wait' 'empty' <Predicate = (!icmp_ln938_1)> <Delay = 0.00>
ST_3 : Operation 32 [2/2] (3.22ns)   --->   "%call_ln938 = call void @MultiPixStream2AXIvideo_Pipeline_VITIS_LOOP_940_2, i1 %sof, i11 %cols, i24 %m_axis_video_V_data_V, i3 %m_axis_video_V_keep_V, i3 %m_axis_video_V_strb_V, i1 %m_axis_video_V_user_V, i1 %m_axis_video_V_last_V, i1 %m_axis_video_V_id_V, i1 %m_axis_video_V_dest_V, i8 %ColorMode_read, i12 %sub, i24 %OutYUV" [G:/Project-Workspace/zynq-7020-video-pipe-3/hw/video-pipe-hw-v3/hw_011223.runs/bd_8126_vsc_0_synth_1/prj/sol/.autopilot/db/v_vscaler.cpp:938]   --->   Operation 32 'call' 'call_ln938' <Predicate = (!icmp_ln938_1)> <Delay = 3.22> <CoreType = "Generic">   --->   Core 0 '' <Latency = 0> <II = 1> <Delay = 1.00> <Generic> <Opcode : >
ST_3 : Operation 33 [1/1] (0.97ns)   --->   "%and_ln938 = and i1 %icmp_ln938, i1 %sof" [G:/Project-Workspace/zynq-7020-video-pipe-3/hw/video-pipe-hw-v3/hw_011223.runs/bd_8126_vsc_0_synth_1/prj/sol/.autopilot/db/v_vscaler.cpp:938]   --->   Operation 33 'and' 'and_ln938' <Predicate = (!icmp_ln938_1)> <Delay = 0.97> <CoreInst = "LogicGate">   --->   Core 74 'LogicGate' <Latency = 0> <II = 1> <Delay = 0.97> <FuncUnit> <Opcode : 'and' 'or' 'xor'> <InPorts = 2> <OutPorts = 1>
ST_3 : Operation 34 [1/1] (1.58ns)   --->   "%store_ln938 = store i11 %i_2, i11 %i" [G:/Project-Workspace/zynq-7020-video-pipe-3/hw/video-pipe-hw-v3/hw_011223.runs/bd_8126_vsc_0_synth_1/prj/sol/.autopilot/db/v_vscaler.cpp:938]   --->   Operation 34 'store' 'store_ln938' <Predicate = (!icmp_ln938_1)> <Delay = 1.58>

State 4 <SV = 3> <Delay = 4.41>
ST_4 : Operation 35 [1/1] (0.00ns)   --->   "%specloopname_ln938 = specloopname void @_ssdm_op_SpecLoopName, void @empty" [G:/Project-Workspace/zynq-7020-video-pipe-3/hw/video-pipe-hw-v3/hw_011223.runs/bd_8126_vsc_0_synth_1/prj/sol/.autopilot/db/v_vscaler.cpp:938]   --->   Operation 35 'specloopname' 'specloopname_ln938' <Predicate = true> <Delay = 0.00>
ST_4 : Operation 36 [1/2] (4.41ns)   --->   "%call_ln938 = call void @MultiPixStream2AXIvideo_Pipeline_VITIS_LOOP_940_2, i1 %sof, i11 %cols, i24 %m_axis_video_V_data_V, i3 %m_axis_video_V_keep_V, i3 %m_axis_video_V_strb_V, i1 %m_axis_video_V_user_V, i1 %m_axis_video_V_last_V, i1 %m_axis_video_V_id_V, i1 %m_axis_video_V_dest_V, i8 %ColorMode_read, i12 %sub, i24 %OutYUV" [G:/Project-Workspace/zynq-7020-video-pipe-3/hw/video-pipe-hw-v3/hw_011223.runs/bd_8126_vsc_0_synth_1/prj/sol/.autopilot/db/v_vscaler.cpp:938]   --->   Operation 36 'call' 'call_ln938' <Predicate = true> <Delay = 4.41> <CoreType = "Generic">   --->   Core 0 '' <Latency = 0> <II = 1> <Delay = 1.00> <Generic> <Opcode : >
ST_4 : Operation 37 [1/1] (0.00ns)   --->   "%br_ln938 = br void %VITIS_LOOP_940_2" [G:/Project-Workspace/zynq-7020-video-pipe-3/hw/video-pipe-hw-v3/hw_011223.runs/bd_8126_vsc_0_synth_1/prj/sol/.autopilot/db/v_vscaler.cpp:938]   --->   Operation 37 'br' 'br_ln938' <Predicate = true> <Delay = 0.00>

State 5 <SV = 4> <Delay = 0.00>
ST_5 : Operation 38 [1/1] (0.00ns)   --->   "%ret_ln0 = ret"   --->   Operation 38 'ret' 'ret_ln0' <Predicate = true> <Delay = 0.00>


============================================================
+ Verbose Summary: Binding
============================================================
STG Binding: 
---------------- STG Properties BEGIN ----------------
- Is combinational: 0
- Is one-state seq: 0
- Is datapath-only: 0
- Is pipelined: 0
- Is top level: 0
Port [ Return ] is wired: 1; IO mode=ap_ctrl_hs:ce=0
Port [ OutYUV]:  wired=1; compound=1; hidden=0; nouse=0; global=0; static=0; extern=0; dir=0; type=3; pingpong=0; private_global=0; IO mode=ap_fifo:ce=0
Port [ m_axis_video_V_data_V]:  wired=1; compound=1; hidden=0; nouse=0; global=0; static=0; extern=0; dir=1; type=0; pingpong=0; private_global=0; IO mode=axis:ce=0
Port [ m_axis_video_V_keep_V]:  wired=1; compound=1; hidden=0; nouse=0; global=0; static=0; extern=0; dir=1; type=0; pingpong=0; private_global=0; IO mode=axis:ce=0
Port [ m_axis_video_V_strb_V]:  wired=1; compound=1; hidden=0; nouse=0; global=0; static=0; extern=0; dir=1; type=0; pingpong=0; private_global=0; IO mode=axis:ce=0
Port [ m_axis_video_V_user_V]:  wired=1; compound=1; hidden=0; nouse=0; global=0; static=0; extern=0; dir=1; type=0; pingpong=0; private_global=0; IO mode=axis:ce=0
Port [ m_axis_video_V_last_V]:  wired=1; compound=1; hidden=0; nouse=0; global=0; static=0; extern=0; dir=1; type=0; pingpong=0; private_global=0; IO mode=axis:ce=0
Port [ m_axis_video_V_id_V]:  wired=1; compound=1; hidden=0; nouse=0; global=0; static=0; extern=0; dir=1; type=0; pingpong=0; private_global=0; IO mode=axis:ce=0
Port [ m_axis_video_V_dest_V]:  wired=1; compound=1; hidden=0; nouse=0; global=0; static=0; extern=0; dir=1; type=0; pingpong=0; private_global=0; IO mode=axis:ce=0
Port [ Height]:  wired=1; compound=1; hidden=0; nouse=0; global=0; static=0; extern=0; dir=0; type=3; pingpong=0; private_global=0; IO mode=ap_fifo:ce=0
Port [ Width]:  wired=1; compound=1; hidden=0; nouse=0; global=0; static=0; extern=0; dir=0; type=3; pingpong=0; private_global=0; IO mode=ap_fifo:ce=0
Port [ ColorMode]:  wired=1; compound=1; hidden=0; nouse=0; global=0; static=0; extern=0; dir=0; type=3; pingpong=0; private_global=0; IO mode=ap_fifo:ce=0
---------------- STG Properties END ------------------

---------------- Datapath Model BEGIN ----------------

<LifeTime>
<method=bitvector/>
i                       (alloca             ) [ 011110]
ColorMode_read          (read               ) [ 001110]
Height_read             (read               ) [ 000000]
Width_read              (read               ) [ 000000]
store_ln938             (store              ) [ 000000]
specinterface_ln0       (specinterface      ) [ 000000]
specinterface_ln0       (specinterface      ) [ 000000]
specinterface_ln0       (specinterface      ) [ 000000]
specaxissidechannel_ln0 (specaxissidechannel) [ 000000]
specinterface_ln0       (specinterface      ) [ 000000]
specinterface_ln0       (specinterface      ) [ 000000]
rows                    (call               ) [ 000110]
cols                    (call               ) [ 000110]
zext_ln892              (zext               ) [ 000000]
sub                     (add                ) [ 000110]
icmp_ln938              (icmp               ) [ 000110]
br_ln938                (br                 ) [ 001110]
sof                     (phi                ) [ 000110]
i_1                     (load               ) [ 000000]
icmp_ln938_1            (icmp               ) [ 000110]
speclooptripcount_ln0   (speclooptripcount  ) [ 000000]
i_2                     (add                ) [ 000000]
br_ln938                (br                 ) [ 000000]
empty                   (wait               ) [ 000000]
and_ln938               (and                ) [ 001110]
store_ln938             (store              ) [ 000000]
specloopname_ln938      (specloopname       ) [ 000000]
call_ln938              (call               ) [ 000000]
br_ln938                (br                 ) [ 001110]
ret_ln0                 (ret                ) [ 000000]
</LifeTime>

<model>

<comp_list>
<comp id="0" class="1000" name="OutYUV">
<pin_list>
<pin id="1" dir="1" index="0" bw="1" slack="0"/>
</pin_list>
<bind>
<StgValue><ssdm name="OutYUV"/></StgValue>
</bind>
</comp>

<comp id="2" class="1000" name="m_axis_video_V_data_V">
<pin_list>
<pin id="3" dir="1" index="0" bw="1" slack="0"/>
</pin_list>
<bind>
<StgValue><ssdm name="m_axis_video_V_data_V"/></StgValue>
</bind>
</comp>

<comp id="4" class="1000" name="m_axis_video_V_keep_V">
<pin_list>
<pin id="5" dir="1" index="0" bw="1" slack="0"/>
</pin_list>
<bind>
<StgValue><ssdm name="m_axis_video_V_keep_V"/></StgValue>
</bind>
</comp>

<comp id="6" class="1000" name="m_axis_video_V_strb_V">
<pin_list>
<pin id="7" dir="1" index="0" bw="1" slack="0"/>
</pin_list>
<bind>
<StgValue><ssdm name="m_axis_video_V_strb_V"/></StgValue>
</bind>
</comp>

<comp id="8" class="1000" name="m_axis_video_V_user_V">
<pin_list>
<pin id="9" dir="1" index="0" bw="1" slack="0"/>
</pin_list>
<bind>
<StgValue><ssdm name="m_axis_video_V_user_V"/></StgValue>
</bind>
</comp>

<comp id="10" class="1000" name="m_axis_video_V_last_V">
<pin_list>
<pin id="11" dir="1" index="0" bw="1" slack="0"/>
</pin_list>
<bind>
<StgValue><ssdm name="m_axis_video_V_last_V"/></StgValue>
</bind>
</comp>

<comp id="12" class="1000" name="m_axis_video_V_id_V">
<pin_list>
<pin id="13" dir="1" index="0" bw="1" slack="0"/>
</pin_list>
<bind>
<StgValue><ssdm name="m_axis_video_V_id_V"/></StgValue>
</bind>
</comp>

<comp id="14" class="1000" name="m_axis_video_V_dest_V">
<pin_list>
<pin id="15" dir="1" index="0" bw="1" slack="0"/>
</pin_list>
<bind>
<StgValue><ssdm name="m_axis_video_V_dest_V"/></StgValue>
</bind>
</comp>

<comp id="16" class="1000" name="Height">
<pin_list>
<pin id="17" dir="1" index="0" bw="1" slack="0"/>
</pin_list>
<bind>
<StgValue><ssdm name="Height"/></StgValue>
</bind>
</comp>

<comp id="18" class="1000" name="Width">
<pin_list>
<pin id="19" dir="1" index="0" bw="1" slack="0"/>
</pin_list>
<bind>
<StgValue><ssdm name="Width"/></StgValue>
</bind>
</comp>

<comp id="20" class="1000" name="ColorMode">
<pin_list>
<pin id="21" dir="1" index="0" bw="1" slack="0"/>
</pin_list>
<bind>
<StgValue><ssdm name="ColorMode"/></StgValue>
</bind>
</comp>

<comp id="22" class="1001" name="const_22">
<pin_list>
<pin id="23" dir="1" index="0" bw="1" slack="0"/>
</pin_list>
<bind>
<StgValue><ssdm name=""/></StgValue>
</bind>
</comp>

<comp id="24" class="1001" name="const_24">
<pin_list>
<pin id="25" dir="1" index="0" bw="1" slack="0"/>
</pin_list>
<bind>
<StgValue><ssdm name="_ssdm_op_Read.ap_fifo.i8P0A"/></StgValue>
</bind>
</comp>

<comp id="26" class="1001" name="const_26">
<pin_list>
<pin id="27" dir="1" index="0" bw="1" slack="0"/>
</pin_list>
<bind>
<StgValue><ssdm name="_ssdm_op_Read.ap_fifo.i11P0A"/></StgValue>
</bind>
</comp>

<comp id="28" class="1001" name="const_28">
<pin_list>
<pin id="29" dir="1" index="0" bw="1" slack="0"/>
</pin_list>
<bind>
<StgValue><ssdm name="reg<unsigned short>"/></StgValue>
</bind>
</comp>

<comp id="30" class="1001" name="const_30">
<pin_list>
<pin id="31" dir="1" index="0" bw="1" slack="0"/>
</pin_list>
<bind>
<StgValue><ssdm name=""/></StgValue>
</bind>
</comp>

<comp id="32" class="1001" name="const_32">
<pin_list>
<pin id="33" dir="1" index="0" bw="1" slack="2147483647"/>
</pin_list>
<bind>
<StgValue><ssdm name="_ssdm_op_SpecInterface"/></StgValue>
</bind>
</comp>

<comp id="34" class="1001" name="const_34">
<pin_list>
<pin id="35" dir="1" index="0" bw="1" slack="2147483647"/>
</pin_list>
<bind>
<StgValue><ssdm name="ap_fifo_str"/></StgValue>
</bind>
</comp>

<comp id="36" class="1001" name="const_36">
<pin_list>
<pin id="37" dir="1" index="0" bw="1" slack="2147483647"/>
</pin_list>
<bind>
<StgValue><ssdm name=""/></StgValue>
</bind>
</comp>

<comp id="38" class="1001" name="const_38">
<pin_list>
<pin id="39" dir="1" index="0" bw="1" slack="2147483647"/>
</pin_list>
<bind>
<StgValue><ssdm name="p_str"/></StgValue>
</bind>
</comp>

<comp id="40" class="1001" name="const_40">
<pin_list>
<pin id="41" dir="1" index="0" bw="1" slack="2147483647"/>
</pin_list>
<bind>
<StgValue><ssdm name=""/></StgValue>
</bind>
</comp>

<comp id="42" class="1001" name="const_42">
<pin_list>
<pin id="43" dir="1" index="0" bw="1" slack="2147483647"/>
</pin_list>
<bind>
<StgValue><ssdm name=""/></StgValue>
</bind>
</comp>

<comp id="44" class="1001" name="const_44">
<pin_list>
<pin id="45" dir="1" index="0" bw="1" slack="2147483647"/>
</pin_list>
<bind>
<StgValue><ssdm name="ScalarProp_str"/></StgValue>
</bind>
</comp>

<comp id="46" class="1001" name="const_46">
<pin_list>
<pin id="47" dir="1" index="0" bw="1" slack="2147483647"/>
</pin_list>
<bind>
<StgValue><ssdm name=""/></StgValue>
</bind>
</comp>

<comp id="48" class="1001" name="const_48">
<pin_list>
<pin id="49" dir="1" index="0" bw="1" slack="2147483647"/>
</pin_list>
<bind>
<StgValue><ssdm name="_ssdm_op_SpecAXISSideChannel"/></StgValue>
</bind>
</comp>

<comp id="50" class="1001" name="const_50">
<pin_list>
<pin id="51" dir="1" index="0" bw="1" slack="2147483647"/>
</pin_list>
<bind>
<StgValue><ssdm name="empty_17"/></StgValue>
</bind>
</comp>

<comp id="52" class="1001" name="const_52">
<pin_list>
<pin id="53" dir="1" index="0" bw="1" slack="2147483647"/>
</pin_list>
<bind>
<StgValue><ssdm name="empty_16"/></StgValue>
</bind>
</comp>

<comp id="54" class="1001" name="const_54">
<pin_list>
<pin id="55" dir="1" index="0" bw="1" slack="2147483647"/>
</pin_list>
<bind>
<StgValue><ssdm name="empty_3"/></StgValue>
</bind>
</comp>

<comp id="56" class="1001" name="const_56">
<pin_list>
<pin id="57" dir="1" index="0" bw="1" slack="2147483647"/>
</pin_list>
<bind>
<StgValue><ssdm name="empty_4"/></StgValue>
</bind>
</comp>

<comp id="58" class="1001" name="const_58">
<pin_list>
<pin id="59" dir="1" index="0" bw="1" slack="2147483647"/>
</pin_list>
<bind>
<StgValue><ssdm name="empty_7"/></StgValue>
</bind>
</comp>

<comp id="60" class="1001" name="const_60">
<pin_list>
<pin id="61" dir="1" index="0" bw="1" slack="0"/>
</pin_list>
<bind>
<StgValue><ssdm name=""/></StgValue>
</bind>
</comp>

<comp id="62" class="1001" name="const_62">
<pin_list>
<pin id="63" dir="1" index="0" bw="1" slack="1"/>
</pin_list>
<bind>
<StgValue><ssdm name=""/></StgValue>
</bind>
</comp>

<comp id="64" class="1001" name="const_64">
<pin_list>
<pin id="65" dir="1" index="0" bw="1" slack="2147483647"/>
</pin_list>
<bind>
<StgValue><ssdm name="_ssdm_op_SpecLoopTripCount"/></StgValue>
</bind>
</comp>

<comp id="66" class="1001" name="const_66">
<pin_list>
<pin id="67" dir="1" index="0" bw="1" slack="2147483647"/>
</pin_list>
<bind>
<StgValue><ssdm name=""/></StgValue>
</bind>
</comp>

<comp id="68" class="1001" name="const_68">
<pin_list>
<pin id="69" dir="1" index="0" bw="1" slack="2147483647"/>
</pin_list>
<bind>
<StgValue><ssdm name=""/></StgValue>
</bind>
</comp>

<comp id="70" class="1001" name="const_70">
<pin_list>
<pin id="71" dir="1" index="0" bw="1" slack="0"/>
</pin_list>
<bind>
<StgValue><ssdm name=""/></StgValue>
</bind>
</comp>

<comp id="72" class="1001" name="const_72">
<pin_list>
<pin id="73" dir="1" index="0" bw="1" slack="2147483647"/>
</pin_list>
<bind>
<StgValue><ssdm name="_ssdm_op_Wait"/></StgValue>
</bind>
</comp>

<comp id="74" class="1001" name="const_74">
<pin_list>
<pin id="75" dir="1" index="0" bw="1" slack="0"/>
</pin_list>
<bind>
<StgValue><ssdm name="MultiPixStream2AXIvideo_Pipeline_VITIS_LOOP_940_2"/></StgValue>
</bind>
</comp>

<comp id="76" class="1001" name="const_76">
<pin_list>
<pin id="77" dir="1" index="0" bw="1" slack="2147483647"/>
</pin_list>
<bind>
<StgValue><ssdm name="_ssdm_op_SpecLoopName"/></StgValue>
</bind>
</comp>

<comp id="78" class="1001" name="const_78">
<pin_list>
<pin id="79" dir="1" index="0" bw="1" slack="2147483647"/>
</pin_list>
<bind>
<StgValue><ssdm name="empty"/></StgValue>
</bind>
</comp>

<comp id="80" class="1004" name="i_fu_80">
<pin_list>
<pin id="81" dir="0" index="0" bw="1" slack="0"/>
<pin id="82" dir="1" index="1" bw="11" slack="0"/>
</pin_list>
<bind>
<opcode="alloca(26) " fcode="alloca"/>
<opset="i/1 "/>
</bind>
</comp>

<comp id="84" class="1004" name="ColorMode_read_read_fu_84">
<pin_list>
<pin id="85" dir="0" index="0" bw="8" slack="0"/>
<pin id="86" dir="0" index="1" bw="8" slack="0"/>
<pin id="87" dir="1" index="2" bw="8" slack="2"/>
</pin_list>
<bind>
<opcode="read(1150) " fcode="read"/>
<opset="ColorMode_read/1 "/>
</bind>
</comp>

<comp id="90" class="1004" name="Height_read_read_fu_90">
<pin_list>
<pin id="91" dir="0" index="0" bw="11" slack="0"/>
<pin id="92" dir="0" index="1" bw="11" slack="0"/>
<pin id="93" dir="1" index="2" bw="11" slack="0"/>
</pin_list>
<bind>
<opcode="read(1150) " fcode="read"/>
<opset="Height_read/1 "/>
</bind>
</comp>

<comp id="96" class="1004" name="Width_read_read_fu_96">
<pin_list>
<pin id="97" dir="0" index="0" bw="11" slack="0"/>
<pin id="98" dir="0" index="1" bw="11" slack="0"/>
<pin id="99" dir="1" index="2" bw="11" slack="0"/>
</pin_list>
<bind>
<opcode="read(1150) " fcode="read"/>
<opset="Width_read/1 "/>
</bind>
</comp>

<comp id="102" class="1005" name="sof_reg_102">
<pin_list>
<pin id="103" dir="0" index="0" bw="1" slack="1"/>
<pin id="104" dir="1" index="1" bw="1" slack="1"/>
</pin_list>
<bind>
<opset="sof (phireg) "/>
</bind>
</comp>

<comp id="106" class="1004" name="sof_phi_fu_106">
<pin_list>
<pin id="107" dir="0" index="0" bw="1" slack="1"/>
<pin id="108" dir="0" index="1" bw="0" slack="2147483647"/>
<pin id="109" dir="0" index="2" bw="1" slack="0"/>
<pin id="110" dir="0" index="3" bw="0" slack="2147483647"/>
<pin id="111" dir="1" index="4" bw="1" slack="0"/>
</pin_list>
<bind>
<opcode="phi(47) " fcode="phi"/>
<opset="sof/3 "/>
</bind>
</comp>

<comp id="114" class="1004" name="grp_MultiPixStream2AXIvideo_Pipeline_VITIS_LOOP_940_2_fu_114">
<pin_list>
<pin id="115" dir="0" index="0" bw="0" slack="0"/>
<pin id="116" dir="0" index="1" bw="1" slack="0"/>
<pin id="117" dir="0" index="2" bw="11" slack="1"/>
<pin id="118" dir="0" index="3" bw="24" slack="0"/>
<pin id="119" dir="0" index="4" bw="3" slack="0"/>
<pin id="120" dir="0" index="5" bw="3" slack="0"/>
<pin id="121" dir="0" index="6" bw="1" slack="0"/>
<pin id="122" dir="0" index="7" bw="1" slack="0"/>
<pin id="123" dir="0" index="8" bw="1" slack="0"/>
<pin id="124" dir="0" index="9" bw="1" slack="0"/>
<pin id="125" dir="0" index="10" bw="8" slack="2"/>
<pin id="126" dir="0" index="11" bw="12" slack="1"/>
<pin id="127" dir="0" index="12" bw="24" slack="0"/>
<pin id="128" dir="1" index="13" bw="0" slack="2147483647"/>
</pin_list>
<bind>
<opcode="call(48) " fcode="call"/>
<opset="call_ln938/3 "/>
</bind>
</comp>

<comp id="139" class="1004" name="grp_reg_unsigned_short_s_fu_139">
<pin_list>
<pin id="140" dir="0" index="0" bw="11" slack="0"/>
<pin id="141" dir="0" index="1" bw="11" slack="0"/>
<pin id="142" dir="1" index="2" bw="11" slack="1"/>
</pin_list>
<bind>
<opcode="call(48) " fcode="call"/>
<opset="rows/1 "/>
</bind>
</comp>

<comp id="145" class="1004" name="grp_reg_unsigned_short_s_fu_145">
<pin_list>
<pin id="146" dir="0" index="0" bw="11" slack="0"/>
<pin id="147" dir="0" index="1" bw="11" slack="0"/>
<pin id="148" dir="1" index="2" bw="11" slack="0"/>
</pin_list>
<bind>
<opcode="call(48) " fcode="call"/>
<opset="cols/1 "/>
</bind>
</comp>

<comp id="151" class="1004" name="store_ln938_store_fu_151">
<pin_list>
<pin id="152" dir="0" index="0" bw="1" slack="0"/>
<pin id="153" dir="0" index="1" bw="11" slack="0"/>
<pin id="154" dir="1" index="2" bw="0" slack="2147483647"/>
</pin_list>
<bind>
<opcode="store(28) " fcode="store"/>
<opset="store_ln938/1 "/>
</bind>
</comp>

<comp id="156" class="1004" name="zext_ln892_fu_156">
<pin_list>
<pin id="157" dir="0" index="0" bw="11" slack="0"/>
<pin id="158" dir="1" index="1" bw="12" slack="0"/>
</pin_list>
<bind>
<opcode="zext(34) " fcode="zext"/>
<opset="zext_ln892/2 "/>
</bind>
</comp>

<comp id="160" class="1004" name="sub_fu_160">
<pin_list>
<pin id="161" dir="0" index="0" bw="11" slack="0"/>
<pin id="162" dir="0" index="1" bw="1" slack="0"/>
<pin id="163" dir="1" index="2" bw="12" slack="1"/>
</pin_list>
<bind>
<opcode="add(8) " fcode="add"/>
<opset="sub/2 "/>
</bind>
</comp>

<comp id="166" class="1004" name="icmp_ln938_fu_166">
<pin_list>
<pin id="167" dir="0" index="0" bw="11" slack="0"/>
<pin id="168" dir="0" index="1" bw="11" slack="0"/>
<pin id="169" dir="1" index="2" bw="1" slack="1"/>
</pin_list>
<bind>
<opcode="icmp(45) " fcode="icmp"/>
<opset="icmp_ln938/2 "/>
</bind>
</comp>

<comp id="172" class="1004" name="i_1_load_fu_172">
<pin_list>
<pin id="173" dir="0" index="0" bw="11" slack="2"/>
<pin id="174" dir="1" index="1" bw="11" slack="0"/>
</pin_list>
<bind>
<opcode="load(27) " fcode="load"/>
<opset="i_1/3 "/>
</bind>
</comp>

<comp id="175" class="1004" name="icmp_ln938_1_fu_175">
<pin_list>
<pin id="176" dir="0" index="0" bw="11" slack="0"/>
<pin id="177" dir="0" index="1" bw="11" slack="1"/>
<pin id="178" dir="1" index="2" bw="1" slack="2147483647"/>
</pin_list>
<bind>
<opcode="icmp(45) " fcode="icmp"/>
<opset="icmp_ln938_1/3 "/>
</bind>
</comp>

<comp id="180" class="1004" name="i_2_fu_180">
<pin_list>
<pin id="181" dir="0" index="0" bw="11" slack="0"/>
<pin id="182" dir="0" index="1" bw="1" slack="0"/>
<pin id="183" dir="1" index="2" bw="11" slack="0"/>
</pin_list>
<bind>
<opcode="add(8) " fcode="add"/>
<opset="i_2/3 "/>
</bind>
</comp>

<comp id="186" class="1004" name="and_ln938_fu_186">
<pin_list>
<pin id="187" dir="0" index="0" bw="1" slack="1"/>
<pin id="188" dir="0" index="1" bw="1" slack="0"/>
<pin id="189" dir="1" index="2" bw="1" slack="0"/>
</pin_list>
<bind>
<opcode="and(23) " fcode="and"/>
<opset="and_ln938/3 "/>
</bind>
</comp>

<comp id="191" class="1004" name="store_ln938_store_fu_191">
<pin_list>
<pin id="192" dir="0" index="0" bw="11" slack="0"/>
<pin id="193" dir="0" index="1" bw="11" slack="2"/>
<pin id="194" dir="1" index="2" bw="0" slack="2147483647"/>
</pin_list>
<bind>
<opcode="store(28) " fcode="store"/>
<opset="store_ln938/3 "/>
</bind>
</comp>

<comp id="196" class="1005" name="i_reg_196">
<pin_list>
<pin id="197" dir="0" index="0" bw="11" slack="0"/>
<pin id="198" dir="1" index="1" bw="11" slack="0"/>
</pin_list>
<bind>
<opset="i "/>
</bind>
</comp>

<comp id="203" class="1005" name="ColorMode_read_reg_203">
<pin_list>
<pin id="204" dir="0" index="0" bw="8" slack="2"/>
<pin id="205" dir="1" index="1" bw="8" slack="2"/>
</pin_list>
<bind>
<opset="ColorMode_read "/>
</bind>
</comp>

<comp id="208" class="1005" name="rows_reg_208">
<pin_list>
<pin id="209" dir="0" index="0" bw="11" slack="1"/>
<pin id="210" dir="1" index="1" bw="11" slack="1"/>
</pin_list>
<bind>
<opset="rows "/>
</bind>
</comp>

<comp id="213" class="1005" name="cols_reg_213">
<pin_list>
<pin id="214" dir="0" index="0" bw="11" slack="1"/>
<pin id="215" dir="1" index="1" bw="11" slack="1"/>
</pin_list>
<bind>
<opset="cols "/>
</bind>
</comp>

<comp id="218" class="1005" name="sub_reg_218">
<pin_list>
<pin id="219" dir="0" index="0" bw="12" slack="1"/>
<pin id="220" dir="1" index="1" bw="12" slack="1"/>
</pin_list>
<bind>
<opset="sub "/>
</bind>
</comp>

<comp id="223" class="1005" name="icmp_ln938_reg_223">
<pin_list>
<pin id="224" dir="0" index="0" bw="1" slack="1"/>
<pin id="225" dir="1" index="1" bw="1" slack="1"/>
</pin_list>
<bind>
<opset="icmp_ln938 "/>
</bind>
</comp>

<comp id="231" class="1005" name="and_ln938_reg_231">
<pin_list>
<pin id="232" dir="0" index="0" bw="1" slack="0"/>
<pin id="233" dir="1" index="1" bw="1" slack="0"/>
</pin_list>
<bind>
<opset="and_ln938 "/>
</bind>
</comp>

</comp_list>

<net_list>
<net id="83"><net_src comp="22" pin="0"/><net_sink comp="80" pin=0"/></net>

<net id="88"><net_src comp="24" pin="0"/><net_sink comp="84" pin=0"/></net>

<net id="89"><net_src comp="20" pin="0"/><net_sink comp="84" pin=1"/></net>

<net id="94"><net_src comp="26" pin="0"/><net_sink comp="90" pin=0"/></net>

<net id="95"><net_src comp="16" pin="0"/><net_sink comp="90" pin=1"/></net>

<net id="100"><net_src comp="26" pin="0"/><net_sink comp="96" pin=0"/></net>

<net id="101"><net_src comp="18" pin="0"/><net_sink comp="96" pin=1"/></net>

<net id="105"><net_src comp="62" pin="0"/><net_sink comp="102" pin=0"/></net>

<net id="112"><net_src comp="102" pin="1"/><net_sink comp="106" pin=0"/></net>

<net id="113"><net_src comp="106" pin="4"/><net_sink comp="102" pin=0"/></net>

<net id="129"><net_src comp="74" pin="0"/><net_sink comp="114" pin=0"/></net>

<net id="130"><net_src comp="106" pin="4"/><net_sink comp="114" pin=1"/></net>

<net id="131"><net_src comp="2" pin="0"/><net_sink comp="114" pin=3"/></net>

<net id="132"><net_src comp="4" pin="0"/><net_sink comp="114" pin=4"/></net>

<net id="133"><net_src comp="6" pin="0"/><net_sink comp="114" pin=5"/></net>

<net id="134"><net_src comp="8" pin="0"/><net_sink comp="114" pin=6"/></net>

<net id="135"><net_src comp="10" pin="0"/><net_sink comp="114" pin=7"/></net>

<net id="136"><net_src comp="12" pin="0"/><net_sink comp="114" pin=8"/></net>

<net id="137"><net_src comp="14" pin="0"/><net_sink comp="114" pin=9"/></net>

<net id="138"><net_src comp="0" pin="0"/><net_sink comp="114" pin=12"/></net>

<net id="143"><net_src comp="28" pin="0"/><net_sink comp="139" pin=0"/></net>

<net id="144"><net_src comp="90" pin="2"/><net_sink comp="139" pin=1"/></net>

<net id="149"><net_src comp="28" pin="0"/><net_sink comp="145" pin=0"/></net>

<net id="150"><net_src comp="96" pin="2"/><net_sink comp="145" pin=1"/></net>

<net id="155"><net_src comp="30" pin="0"/><net_sink comp="151" pin=0"/></net>

<net id="159"><net_src comp="145" pin="2"/><net_sink comp="156" pin=0"/></net>

<net id="164"><net_src comp="156" pin="1"/><net_sink comp="160" pin=0"/></net>

<net id="165"><net_src comp="60" pin="0"/><net_sink comp="160" pin=1"/></net>

<net id="170"><net_src comp="145" pin="2"/><net_sink comp="166" pin=0"/></net>

<net id="171"><net_src comp="30" pin="0"/><net_sink comp="166" pin=1"/></net>

<net id="179"><net_src comp="172" pin="1"/><net_sink comp="175" pin=0"/></net>

<net id="184"><net_src comp="172" pin="1"/><net_sink comp="180" pin=0"/></net>

<net id="185"><net_src comp="70" pin="0"/><net_sink comp="180" pin=1"/></net>

<net id="190"><net_src comp="106" pin="4"/><net_sink comp="186" pin=1"/></net>

<net id="195"><net_src comp="180" pin="2"/><net_sink comp="191" pin=0"/></net>

<net id="199"><net_src comp="80" pin="1"/><net_sink comp="196" pin=0"/></net>

<net id="200"><net_src comp="196" pin="1"/><net_sink comp="151" pin=1"/></net>

<net id="201"><net_src comp="196" pin="1"/><net_sink comp="172" pin=0"/></net>

<net id="202"><net_src comp="196" pin="1"/><net_sink comp="191" pin=1"/></net>

<net id="206"><net_src comp="84" pin="2"/><net_sink comp="203" pin=0"/></net>

<net id="207"><net_src comp="203" pin="1"/><net_sink comp="114" pin=10"/></net>

<net id="211"><net_src comp="139" pin="2"/><net_sink comp="208" pin=0"/></net>

<net id="212"><net_src comp="208" pin="1"/><net_sink comp="175" pin=1"/></net>

<net id="216"><net_src comp="145" pin="2"/><net_sink comp="213" pin=0"/></net>

<net id="217"><net_src comp="213" pin="1"/><net_sink comp="114" pin=2"/></net>

<net id="221"><net_src comp="160" pin="2"/><net_sink comp="218" pin=0"/></net>

<net id="222"><net_src comp="218" pin="1"/><net_sink comp="114" pin=11"/></net>

<net id="226"><net_src comp="166" pin="2"/><net_sink comp="223" pin=0"/></net>

<net id="227"><net_src comp="223" pin="1"/><net_sink comp="186" pin=0"/></net>

<net id="234"><net_src comp="186" pin="2"/><net_sink comp="231" pin=0"/></net>

<net id="235"><net_src comp="231" pin="1"/><net_sink comp="106" pin=2"/></net>

</net_list>

</model> 
---------------- Datapath Model END ------------------

* FSMD analyzer results:
  - Output states:
	Port: m_axis_video_V_data_V | {3 4 }
	Port: m_axis_video_V_keep_V | {3 4 }
	Port: m_axis_video_V_strb_V | {3 4 }
	Port: m_axis_video_V_user_V | {3 4 }
	Port: m_axis_video_V_last_V | {3 4 }
	Port: m_axis_video_V_id_V | {3 4 }
	Port: m_axis_video_V_dest_V | {3 4 }
 - Input state : 
	Port: MultiPixStream2AXIvideo : OutYUV | {3 4 }
	Port: MultiPixStream2AXIvideo : m_axis_video_V_data_V | {}
	Port: MultiPixStream2AXIvideo : m_axis_video_V_keep_V | {}
	Port: MultiPixStream2AXIvideo : m_axis_video_V_strb_V | {}
	Port: MultiPixStream2AXIvideo : m_axis_video_V_user_V | {}
	Port: MultiPixStream2AXIvideo : m_axis_video_V_last_V | {}
	Port: MultiPixStream2AXIvideo : m_axis_video_V_id_V | {}
	Port: MultiPixStream2AXIvideo : m_axis_video_V_dest_V | {}
	Port: MultiPixStream2AXIvideo : Height | {1 }
	Port: MultiPixStream2AXIvideo : Width | {1 }
	Port: MultiPixStream2AXIvideo : ColorMode | {1 }
  - Chain level:
	State 1
		store_ln938 : 1
	State 2
		zext_ln892 : 1
		sub : 2
		icmp_ln938 : 1
	State 3
		icmp_ln938_1 : 1
		i_2 : 1
		br_ln938 : 2
		call_ln938 : 1
		and_ln938 : 1
		store_ln938 : 2
	State 4
	State 5


============================================================
+ Verbose Summary: Datapath Resource usage 
============================================================

* Functional unit list:
|----------|--------------------------------------------------------------|---------|---------|
| Operation|                        Functional Unit                       |    FF   |   LUT   |
|----------|--------------------------------------------------------------|---------|---------|
|          | grp_MultiPixStream2AXIvideo_Pipeline_VITIS_LOOP_940_2_fu_114 |   131   |    36   |
|   call   |                grp_reg_unsigned_short_s_fu_139               |    11   |    0    |
|          |                grp_reg_unsigned_short_s_fu_145               |    11   |    0    |
|----------|--------------------------------------------------------------|---------|---------|
|    add   |                          sub_fu_160                          |    0    |    12   |
|          |                          i_2_fu_180                          |    0    |    12   |
|----------|--------------------------------------------------------------|---------|---------|
|   icmp   |                       icmp_ln938_fu_166                      |    0    |    12   |
|          |                      icmp_ln938_1_fu_175                     |    0    |    12   |
|----------|--------------------------------------------------------------|---------|---------|
|    and   |                       and_ln938_fu_186                       |    0    |    2    |
|----------|--------------------------------------------------------------|---------|---------|
|          |                   ColorMode_read_read_fu_84                  |    0    |    0    |
|   read   |                    Height_read_read_fu_90                    |    0    |    0    |
|          |                     Width_read_read_fu_96                    |    0    |    0    |
|----------|--------------------------------------------------------------|---------|---------|
|   zext   |                       zext_ln892_fu_156                      |    0    |    0    |
|----------|--------------------------------------------------------------|---------|---------|
|   Total  |                                                              |   153   |    86   |
|----------|--------------------------------------------------------------|---------|---------|

Memories:
N/A

* Register list:
+----------------------+--------+
|                      |   FF   |
+----------------------+--------+
|ColorMode_read_reg_203|    8   |
|   and_ln938_reg_231  |    1   |
|     cols_reg_213     |   11   |
|       i_reg_196      |   11   |
|  icmp_ln938_reg_223  |    1   |
|     rows_reg_208     |   11   |
|      sof_reg_102     |    1   |
|      sub_reg_218     |   12   |
+----------------------+--------+
|         Total        |   56   |
+----------------------+--------+

* Multiplexer (MUX) list: 
|-------------|------|------|------|--------||---------||---------|
|     Comp    |  Pin | Size |  BW  | S x BW ||  Delay  ||   LUT   |
|-------------|------|------|------|--------||---------||---------|
| sof_reg_102 |  p0  |   2  |   1  |    2   ||    9    |
|-------------|------|------|------|--------||---------||---------|
|    Total    |      |      |      |    2   ||  1.588  ||    9    |
|-------------|------|------|------|--------||---------||---------|



* Summary:
+-----------+--------+--------+--------+
|           |  Delay |   FF   |   LUT  |
+-----------+--------+--------+--------+
|  Function |    -   |   153  |   86   |
|   Memory  |    -   |    -   |    -   |
|Multiplexer|    1   |    -   |    9   |
|  Register |    -   |   56   |    -   |
+-----------+--------+--------+--------+
|   Total   |    1   |   209  |   95   |
+-----------+--------+--------+--------+
