

================================================================
== Vitis HLS Report for 'v_vcresampler_core_Pipeline_VITIS_LOOP_1057_2'
================================================================
* Date:           Wed Dec 20 19:01:10 2023

* Version:        2023.2 (Build 4023990 on Oct 11 2023)
* Project:        prj
* Solution:       sol (Vivado IP Flow Target)
* Product family: zynq
* Target device:  xc7z020-clg484-1


================================================================
== Performance Estimates
================================================================
+ Timing: 
    * Summary: 
    +--------+---------+----------+------------+
    |  Clock |  Target | Estimated| Uncertainty|
    +--------+---------+----------+------------+
    |ap_clk  |  7.00 ns|  5.091 ns|     1.89 ns|
    +--------+---------+----------+------------+

+ Latency: 
    * Summary: 
    +---------+---------+-----------+----------+-----+-------+---------+
    |  Latency (cycles) |  Latency (absolute)  |   Interval  | Pipeline|
    |   min   |   max   |    min    |    max   | min |  max  |   Type  |
    +---------+---------+-----------+----------+-----+-------+---------+
    |        2|    32772|  14.000 ns|  0.229 ms|    2|  32772|       no|
    +---------+---------+-----------+----------+-----+-------+---------+

    + Detail: 
        * Instance: 
        N/A

        * Loop: 
        +---------------------+---------+---------+----------+-----------+-----------+-----------+----------+
        |                     |  Latency (cycles) | Iteration|  Initiation Interval  |    Trip   |          |
        |      Loop Name      |   min   |   max   |  Latency |  achieved |   target  |   Count   | Pipelined|
        +---------------------+---------+---------+----------+-----------+-----------+-----------+----------+
        |- VITIS_LOOP_1057_2  |        0|    32770|         5|          1|          1|  0 ~ 32767|       yes|
        +---------------------+---------+---------+----------+-----------+-----------+-----------+----------+

============================================================
+ Verbose Summary: Synthesis Manager
============================================================
InlineROM: 1
ExposeGlobal: 0
============================================================
+ Verbose Summary: CDFG Model
============================================================
IsTopModel: 0
ResetActiveHigh: 1
IsCombinational: 0
IsDatapathOnly: 0
HasWiredReturn: 1
HasMFsm: 2
HasVarLatency: 1
IsPipeline: 0
IsRtlPipelined: 0
IsInstanceOverlapped: 0
IsDontTouch: 0
HasImplIP: 0
IsGatedGlobalClock: 0

+ Individual pipeline summary: 
  * Pipeline-0: initiation interval (II) = 1, depth = 5


============================================================
+ Verbose Summary: Schedule
============================================================
* Number of FSM states : 5
* Pipeline : 1
  Pipeline-0 : II = 1, D = 5, States = { 1 2 3 4 5 }
* Dataflow Pipeline: 0

* FSM state transitions: 
1 --> 2 
2 --> 3 
3 --> 4 
4 --> 5 
5 --> 

* FSM state operations: 

State 1 <SV = 0> <Delay = 4.84>
ST_1 : Operation 8 [1/1] (0.00ns)   --->   "%x = alloca i32 1" [g:/Project-Workspace/zynq-7020-video-pipe-3/hw/video-pipe-hw-v3/hw_011223.gen/sources_1/bd/broncho_video/ip/broncho_video_v_proc_ss_0_0/bd_0/ip/ip_1/src/hls/hls_video_mem.h:649->G:/Project-Workspace/zynq-7020-video-pipe-3/hw/video-pipe-hw-v3/hw_011223.runs/bd_8126_vsc_0_synth_1/prj/sol/.autopilot/db/v_vscaler.cpp:1171]   --->   Operation 8 'alloca' 'x' <Predicate = true> <Delay = 0.00>
ST_1 : Operation 9 [1/1] (0.00ns)   --->   "%specinterface_ln0 = specinterface void @_ssdm_op_SpecInterface, i24 %SrcYUV, void @empty_16, i32 0, i32 0, void @empty_3, i32 0, i32 0, void @empty_3, void @empty_3, void @empty_3, i32 0, i32 0, i32 0, i32 0, void @empty_3, void @empty_3, i32 4294967295, i32 0"   --->   Operation 9 'specinterface' 'specinterface_ln0' <Predicate = true> <Delay = 0.00>
ST_1 : Operation 10 [1/1] (0.00ns)   --->   "%specinterface_ln0 = specinterface void @_ssdm_op_SpecInterface, i24 %SrcYUV422, void @empty_16, i32 0, i32 0, void @empty_3, i32 0, i32 0, void @empty_3, void @empty_3, void @empty_3, i32 0, i32 0, i32 0, i32 0, void @empty_3, void @empty_3, i32 4294967295, i32 0"   --->   Operation 10 'specinterface' 'specinterface_ln0' <Predicate = true> <Delay = 0.00>
ST_1 : Operation 11 [1/1] (0.00ns)   --->   "%spec_select_read = read i1 @_ssdm_op_Read.ap_auto.i1, i1 %spec_select"   --->   Operation 11 'read' 'spec_select_read' <Predicate = true> <Delay = 0.00>
ST_1 : Operation 12 [1/1] (0.00ns)   --->   "%cmp36_read = read i1 @_ssdm_op_Read.ap_auto.i1, i1 %cmp36"   --->   Operation 12 'read' 'cmp36_read' <Predicate = true> <Delay = 0.00>
ST_1 : Operation 13 [1/1] (0.00ns)   --->   "%cmp104_read = read i1 @_ssdm_op_Read.ap_auto.i1, i1 %cmp104"   --->   Operation 13 'read' 'cmp104_read' <Predicate = true> <Delay = 0.00>
ST_1 : Operation 14 [1/1] (0.00ns)   --->   "%tmp = read i1 @_ssdm_op_Read.ap_auto.i1, i1 %empty"   --->   Operation 14 'read' 'tmp' <Predicate = true> <Delay = 0.00>
ST_1 : Operation 15 [1/1] (0.00ns)   --->   "%tmp_23 = read i1 @_ssdm_op_Read.ap_auto.i1, i1 %empty_25"   --->   Operation 15 'read' 'tmp_23' <Predicate = true> <Delay = 0.00>
ST_1 : Operation 16 [1/1] (0.00ns)   --->   "%cmp287_read = read i1 @_ssdm_op_Read.ap_auto.i1, i1 %cmp287"   --->   Operation 16 'read' 'cmp287_read' <Predicate = true> <Delay = 0.00>
ST_1 : Operation 17 [1/1] (0.00ns)   --->   "%icmp_ln1040_read = read i1 @_ssdm_op_Read.ap_auto.i1, i1 %icmp_ln1040"   --->   Operation 17 'read' 'icmp_ln1040_read' <Predicate = true> <Delay = 0.00>
ST_1 : Operation 18 [1/1] (0.00ns)   --->   "%loopWidth_read = read i11 @_ssdm_op_Read.ap_auto.i11, i11 %loopWidth"   --->   Operation 18 'read' 'loopWidth_read' <Predicate = true> <Delay = 0.00>
ST_1 : Operation 19 [1/1] (1.58ns)   --->   "%store_ln649 = store i11 0, i11 %x" [g:/Project-Workspace/zynq-7020-video-pipe-3/hw/video-pipe-hw-v3/hw_011223.gen/sources_1/bd/broncho_video/ip/broncho_video_v_proc_ss_0_0/bd_0/ip/ip_1/src/hls/hls_video_mem.h:649->G:/Project-Workspace/zynq-7020-video-pipe-3/hw/video-pipe-hw-v3/hw_011223.runs/bd_8126_vsc_0_synth_1/prj/sol/.autopilot/db/v_vscaler.cpp:1171]   --->   Operation 19 'store' 'store_ln649' <Predicate = true> <Delay = 1.58>
ST_1 : Operation 20 [1/1] (0.00ns)   --->   "%br_ln0 = br void %for.body30"   --->   Operation 20 'br' 'br_ln0' <Predicate = true> <Delay = 0.00>
ST_1 : Operation 21 [1/1] (0.00ns)   --->   "%out_x = load i11 %x" [G:/Project-Workspace/zynq-7020-video-pipe-3/hw/video-pipe-hw-v3/hw_011223.runs/bd_8126_vsc_0_synth_1/prj/sol/.autopilot/db/v_vscaler.cpp:1057]   --->   Operation 21 'load' 'out_x' <Predicate = true> <Delay = 0.00>
ST_1 : Operation 22 [1/1] (0.00ns)   --->   "%speclooptripcount_ln0 = speclooptripcount void @_ssdm_op_SpecLoopTripCount, i64 0, i64 32767, i64 32767"   --->   Operation 22 'speclooptripcount' 'speclooptripcount_ln0' <Predicate = true> <Delay = 0.00>
ST_1 : Operation 23 [1/1] (1.63ns)   --->   "%icmp_ln1057 = icmp_eq  i11 %out_x, i11 %loopWidth_read" [G:/Project-Workspace/zynq-7020-video-pipe-3/hw/video-pipe-hw-v3/hw_011223.runs/bd_8126_vsc_0_synth_1/prj/sol/.autopilot/db/v_vscaler.cpp:1057]   --->   Operation 23 'icmp' 'icmp_ln1057' <Predicate = true> <Delay = 1.63> <CoreInst = "Cmp">   --->   Core 9 'Cmp' <Latency = 0> <II = 1> <Delay = 1.63> <FuncUnit> <Opcode : 'icmp'> <InPorts = 2> <OutPorts = 1>
ST_1 : Operation 24 [1/1] (1.63ns)   --->   "%add_ln1057 = add i11 %out_x, i11 1" [G:/Project-Workspace/zynq-7020-video-pipe-3/hw/video-pipe-hw-v3/hw_011223.runs/bd_8126_vsc_0_synth_1/prj/sol/.autopilot/db/v_vscaler.cpp:1057]   --->   Operation 24 'add' 'add_ln1057' <Predicate = true> <Delay = 1.63> <CoreInst = "Adder">   --->   Core 1 'Adder' <Latency = 0> <II = 1> <Delay = 1.63> <FuncUnit> <Opcode : 'add' 'sub'> <InPorts = 2> <OutPorts = 1>
ST_1 : Operation 25 [1/1] (0.00ns)   --->   "%br_ln1057 = br i1 %icmp_ln1057, void %for.body30.split, void %for.inc405.loopexit.exitStub" [G:/Project-Workspace/zynq-7020-video-pipe-3/hw/video-pipe-hw-v3/hw_011223.runs/bd_8126_vsc_0_synth_1/prj/sol/.autopilot/db/v_vscaler.cpp:1057]   --->   Operation 25 'br' 'br_ln1057' <Predicate = true> <Delay = 0.00>
ST_1 : Operation 26 [1/1] (0.00ns)   --->   "%zext_ln1057 = zext i11 %out_x" [G:/Project-Workspace/zynq-7020-video-pipe-3/hw/video-pipe-hw-v3/hw_011223.runs/bd_8126_vsc_0_synth_1/prj/sol/.autopilot/db/v_vscaler.cpp:1057]   --->   Operation 26 'zext' 'zext_ln1057' <Predicate = (!icmp_ln1057)> <Delay = 0.00>
ST_1 : Operation 27 [1/1] (0.00ns)   --->   "%specpipeline_ln1060 = specpipeline void @_ssdm_op_SpecPipeline, i32 1, i32 0, i32 0, i32 0, void @empty_3" [G:/Project-Workspace/zynq-7020-video-pipe-3/hw/video-pipe-hw-v3/hw_011223.runs/bd_8126_vsc_0_synth_1/prj/sol/.autopilot/db/v_vscaler.cpp:1060]   --->   Operation 27 'specpipeline' 'specpipeline_ln1060' <Predicate = (!icmp_ln1057)> <Delay = 0.00>
ST_1 : Operation 28 [1/1] (0.00ns)   --->   "%specloopname_ln1057 = specloopname void @_ssdm_op_SpecLoopName, void @empty_18" [G:/Project-Workspace/zynq-7020-video-pipe-3/hw/video-pipe-hw-v3/hw_011223.runs/bd_8126_vsc_0_synth_1/prj/sol/.autopilot/db/v_vscaler.cpp:1057]   --->   Operation 28 'specloopname' 'specloopname_ln1057' <Predicate = (!icmp_ln1057)> <Delay = 0.00>
ST_1 : Operation 29 [1/1] (0.00ns)   --->   "%br_ln1065 = br i1 %cmp36_read, void %VITIS_LOOP_1079_4, void %VITIS_LOOP_1069_3" [G:/Project-Workspace/zynq-7020-video-pipe-3/hw/video-pipe-hw-v3/hw_011223.runs/bd_8126_vsc_0_synth_1/prj/sol/.autopilot/db/v_vscaler.cpp:1065]   --->   Operation 29 'br' 'br_ln1065' <Predicate = (!icmp_ln1057)> <Delay = 0.00>
ST_1 : Operation 30 [1/1] (0.00ns)   --->   "%linebuf_y_addr = getelementptr i8 %linebuf_y, i64 0, i64 %zext_ln1057" [g:/Project-Workspace/zynq-7020-video-pipe-3/hw/video-pipe-hw-v3/hw_011223.gen/sources_1/bd/broncho_video/ip/broncho_video_v_proc_ss_0_0/bd_0/ip/ip_1/src/hls/hls_video_mem.h:850->G:/Project-Workspace/zynq-7020-video-pipe-3/hw/video-pipe-hw-v3/hw_011223.runs/bd_8126_vsc_0_synth_1/prj/sol/.autopilot/db/v_vscaler.cpp:1081]   --->   Operation 30 'getelementptr' 'linebuf_y_addr' <Predicate = (!icmp_ln1057)> <Delay = 0.00>
ST_1 : Operation 31 [1/1] (0.00ns)   --->   "%linebuf_y_1_addr = getelementptr i8 %linebuf_y_1, i64 0, i64 %zext_ln1057" [g:/Project-Workspace/zynq-7020-video-pipe-3/hw/video-pipe-hw-v3/hw_011223.gen/sources_1/bd/broncho_video/ip/broncho_video_v_proc_ss_0_0/bd_0/ip/ip_1/src/hls/hls_video_mem.h:850->G:/Project-Workspace/zynq-7020-video-pipe-3/hw/video-pipe-hw-v3/hw_011223.runs/bd_8126_vsc_0_synth_1/prj/sol/.autopilot/db/v_vscaler.cpp:1081]   --->   Operation 31 'getelementptr' 'linebuf_y_1_addr' <Predicate = (!icmp_ln1057)> <Delay = 0.00>
ST_1 : Operation 32 [2/2] (3.25ns)   --->   "%LineBufVal_13 = load i11 %linebuf_y_addr" [G:/Project-Workspace/zynq-7020-video-pipe-3/hw/video-pipe-hw-v3/hw_011223.runs/bd_8126_vsc_0_synth_1/prj/sol/.autopilot/db/v_vscaler.cpp:1081]   --->   Operation 32 'load' 'LineBufVal_13' <Predicate = (!icmp_ln1057)> <Delay = 3.25> <CoreInst = "RAM">   --->   Core 82 'RAM' <Latency = 1> <II = 1> <Delay = 3.25> <Storage> <Opcode : 'load' 'store'> <Ports = 2> <Width = 8> <Depth = 1920> <RAM>
ST_1 : Operation 33 [1/1] (0.00ns)   --->   "%linebuf_c_addr = getelementptr i8 %linebuf_c, i64 0, i64 %zext_ln1057" [g:/Project-Workspace/zynq-7020-video-pipe-3/hw/video-pipe-hw-v3/hw_011223.gen/sources_1/bd/broncho_video/ip/broncho_video_v_proc_ss_0_0/bd_0/ip/ip_1/src/hls/hls_video_mem.h:850->G:/Project-Workspace/zynq-7020-video-pipe-3/hw/video-pipe-hw-v3/hw_011223.runs/bd_8126_vsc_0_synth_1/prj/sol/.autopilot/db/v_vscaler.cpp:1119]   --->   Operation 33 'getelementptr' 'linebuf_c_addr' <Predicate = (!icmp_ln1057)> <Delay = 0.00>
ST_1 : Operation 34 [1/1] (0.00ns)   --->   "%linebuf_c_1_addr = getelementptr i8 %linebuf_c_1, i64 0, i64 %zext_ln1057" [g:/Project-Workspace/zynq-7020-video-pipe-3/hw/video-pipe-hw-v3/hw_011223.gen/sources_1/bd/broncho_video/ip/broncho_video_v_proc_ss_0_0/bd_0/ip/ip_1/src/hls/hls_video_mem.h:850->G:/Project-Workspace/zynq-7020-video-pipe-3/hw/video-pipe-hw-v3/hw_011223.runs/bd_8126_vsc_0_synth_1/prj/sol/.autopilot/db/v_vscaler.cpp:1119]   --->   Operation 34 'getelementptr' 'linebuf_c_1_addr' <Predicate = (!icmp_ln1057)> <Delay = 0.00>
ST_1 : Operation 35 [1/1] (0.00ns)   --->   "%linebuf_c_2_addr = getelementptr i8 %linebuf_c_2, i64 0, i64 %zext_ln1057" [g:/Project-Workspace/zynq-7020-video-pipe-3/hw/video-pipe-hw-v3/hw_011223.gen/sources_1/bd/broncho_video/ip/broncho_video_v_proc_ss_0_0/bd_0/ip/ip_1/src/hls/hls_video_mem.h:850->G:/Project-Workspace/zynq-7020-video-pipe-3/hw/video-pipe-hw-v3/hw_011223.runs/bd_8126_vsc_0_synth_1/prj/sol/.autopilot/db/v_vscaler.cpp:1119]   --->   Operation 35 'getelementptr' 'linebuf_c_2_addr' <Predicate = (!icmp_ln1057)> <Delay = 0.00>
ST_1 : Operation 36 [2/2] (3.25ns)   --->   "%LineBufVal_14 = load i11 %linebuf_c_addr" [G:/Project-Workspace/zynq-7020-video-pipe-3/hw/video-pipe-hw-v3/hw_011223.runs/bd_8126_vsc_0_synth_1/prj/sol/.autopilot/db/v_vscaler.cpp:1119]   --->   Operation 36 'load' 'LineBufVal_14' <Predicate = (!icmp_ln1057)> <Delay = 3.25> <CoreInst = "RAM">   --->   Core 82 'RAM' <Latency = 1> <II = 1> <Delay = 3.25> <Storage> <Opcode : 'load' 'store'> <Ports = 2> <Width = 8> <Depth = 1920> <RAM>
ST_1 : Operation 37 [2/2] (3.25ns)   --->   "%LineBufVal = load i11 %linebuf_c_1_addr" [G:/Project-Workspace/zynq-7020-video-pipe-3/hw/video-pipe-hw-v3/hw_011223.runs/bd_8126_vsc_0_synth_1/prj/sol/.autopilot/db/v_vscaler.cpp:1119]   --->   Operation 37 'load' 'LineBufVal' <Predicate = (!icmp_ln1057)> <Delay = 3.25> <CoreInst = "RAM">   --->   Core 82 'RAM' <Latency = 1> <II = 1> <Delay = 3.25> <Storage> <Opcode : 'load' 'store'> <Ports = 2> <Width = 8> <Depth = 1920> <RAM>
ST_1 : Operation 38 [1/1] (0.00ns)   --->   "%br_ln1135 = br i1 %spec_select_read, void %if.then187, void %if.else260" [G:/Project-Workspace/zynq-7020-video-pipe-3/hw/video-pipe-hw-v3/hw_011223.runs/bd_8126_vsc_0_synth_1/prj/sol/.autopilot/db/v_vscaler.cpp:1135]   --->   Operation 38 'br' 'br_ln1135' <Predicate = (!icmp_ln1057)> <Delay = 0.00>
ST_1 : Operation 39 [2/2] (3.25ns)   --->   "%LineBufCVal = load i11 %linebuf_c_2_addr" [G:/Project-Workspace/zynq-7020-video-pipe-3/hw/video-pipe-hw-v3/hw_011223.runs/bd_8126_vsc_0_synth_1/prj/sol/.autopilot/db/v_vscaler.cpp:1171]   --->   Operation 39 'load' 'LineBufCVal' <Predicate = (!icmp_ln1057 & spec_select_read)> <Delay = 3.25> <CoreInst = "RAM">   --->   Core 82 'RAM' <Latency = 1> <II = 1> <Delay = 3.25> <Storage> <Opcode : 'load' 'store'> <Ports = 2> <Width = 8> <Depth = 1920> <RAM>
ST_1 : Operation 40 [1/1] (0.00ns)   --->   "%br_ln1224 = br i1 %tmp, void %if.then394, void %for.inc402" [G:/Project-Workspace/zynq-7020-video-pipe-3/hw/video-pipe-hw-v3/hw_011223.runs/bd_8126_vsc_0_synth_1/prj/sol/.autopilot/db/v_vscaler.cpp:1224]   --->   Operation 40 'br' 'br_ln1224' <Predicate = (!icmp_ln1057)> <Delay = 0.00>
ST_1 : Operation 41 [1/1] (0.00ns)   --->   "%br_ln1226 = br i1 %icmp_ln1040_read, void %if.else399, void %if.then398" [G:/Project-Workspace/zynq-7020-video-pipe-3/hw/video-pipe-hw-v3/hw_011223.runs/bd_8126_vsc_0_synth_1/prj/sol/.autopilot/db/v_vscaler.cpp:1226]   --->   Operation 41 'br' 'br_ln1226' <Predicate = (!icmp_ln1057 & !tmp)> <Delay = 0.00>
ST_1 : Operation 42 [1/1] (0.00ns)   --->   "%br_ln1230 = br void %for.inc402" [G:/Project-Workspace/zynq-7020-video-pipe-3/hw/video-pipe-hw-v3/hw_011223.runs/bd_8126_vsc_0_synth_1/prj/sol/.autopilot/db/v_vscaler.cpp:1230]   --->   Operation 42 'br' 'br_ln1230' <Predicate = (!icmp_ln1057 & !tmp)> <Delay = 0.00>
ST_1 : Operation 43 [1/1] (1.58ns)   --->   "%store_ln649 = store i11 %add_ln1057, i11 %x" [g:/Project-Workspace/zynq-7020-video-pipe-3/hw/video-pipe-hw-v3/hw_011223.gen/sources_1/bd/broncho_video/ip/broncho_video_v_proc_ss_0_0/bd_0/ip/ip_1/src/hls/hls_video_mem.h:649->G:/Project-Workspace/zynq-7020-video-pipe-3/hw/video-pipe-hw-v3/hw_011223.runs/bd_8126_vsc_0_synth_1/prj/sol/.autopilot/db/v_vscaler.cpp:1171]   --->   Operation 43 'store' 'store_ln649' <Predicate = (!icmp_ln1057)> <Delay = 1.58>

State 2 <SV = 1> <Delay = 4.84>
ST_2 : Operation 44 [1/1] (2.55ns)   --->   "%SrcYUV_read = read i24 @_ssdm_op_Read.ap_fifo.volatile.i24P0A, i24 %SrcYUV" [G:/Project-Workspace/zynq-7020-video-pipe-3/hw/video-pipe-hw-v3/hw_011223.runs/bd_8126_vsc_0_synth_1/prj/sol/.autopilot/db/v_vscaler.cpp:1067]   --->   Operation 44 'read' 'SrcYUV_read' <Predicate = (!icmp_ln1057 & cmp36_read)> <Delay = 2.55> <CoreInst = "FIFO_SRL">   --->   Core 81 'FIFO_SRL' <Latency = 0> <II = 1> <Delay = 3.80> <Storage> <Opcode : 'read' 'write' 'nbread' 'nbwrite'> <Ports = 0> <Width = 24> <Depth = 16> <FIFO>
ST_2 : Operation 45 [1/1] (0.00ns)   --->   "%trunc_ln1067 = trunc i24 %SrcYUV_read" [G:/Project-Workspace/zynq-7020-video-pipe-3/hw/video-pipe-hw-v3/hw_011223.runs/bd_8126_vsc_0_synth_1/prj/sol/.autopilot/db/v_vscaler.cpp:1067]   --->   Operation 45 'trunc' 'trunc_ln1067' <Predicate = (!icmp_ln1057 & cmp36_read)> <Delay = 0.00>
ST_2 : Operation 46 [1/1] (0.00ns)   --->   "%trunc_ln1067_1 = partselect i8 @_ssdm_op_PartSelect.i8.i24.i32.i32, i24 %SrcYUV_read, i32 8, i32 15" [G:/Project-Workspace/zynq-7020-video-pipe-3/hw/video-pipe-hw-v3/hw_011223.runs/bd_8126_vsc_0_synth_1/prj/sol/.autopilot/db/v_vscaler.cpp:1067]   --->   Operation 46 'partselect' 'trunc_ln1067_1' <Predicate = (!icmp_ln1057 & cmp36_read)> <Delay = 0.00>
ST_2 : Operation 47 [1/1] (0.00ns)   --->   "%trunc_ln1067_2 = partselect i8 @_ssdm_op_PartSelect.i8.i24.i32.i32, i24 %SrcYUV_read, i32 16, i32 23" [G:/Project-Workspace/zynq-7020-video-pipe-3/hw/video-pipe-hw-v3/hw_011223.runs/bd_8126_vsc_0_synth_1/prj/sol/.autopilot/db/v_vscaler.cpp:1067]   --->   Operation 47 'partselect' 'trunc_ln1067_2' <Predicate = (!icmp_ln1057 & cmp36_read)> <Delay = 0.00>
ST_2 : Operation 48 [1/1] (0.00ns)   --->   "%store_ln1067 = store i8 %trunc_ln1067_1, i8 %p_0_1_0_0_0562_out" [G:/Project-Workspace/zynq-7020-video-pipe-3/hw/video-pipe-hw-v3/hw_011223.runs/bd_8126_vsc_0_synth_1/prj/sol/.autopilot/db/v_vscaler.cpp:1067]   --->   Operation 48 'store' 'store_ln1067' <Predicate = (!icmp_ln1057 & cmp36_read)> <Delay = 0.00>
ST_2 : Operation 49 [1/1] (0.00ns)   --->   "%store_ln1067 = store i8 %trunc_ln1067, i8 %p_0_0371560_out" [G:/Project-Workspace/zynq-7020-video-pipe-3/hw/video-pipe-hw-v3/hw_011223.runs/bd_8126_vsc_0_synth_1/prj/sol/.autopilot/db/v_vscaler.cpp:1067]   --->   Operation 49 'store' 'store_ln1067' <Predicate = (!icmp_ln1057 & cmp36_read)> <Delay = 0.00>
ST_2 : Operation 50 [1/1] (0.00ns)   --->   "%store_ln1067 = store i8 %trunc_ln1067_2, i8 %pix_0_2_0_0_0_load558_out" [G:/Project-Workspace/zynq-7020-video-pipe-3/hw/video-pipe-hw-v3/hw_011223.runs/bd_8126_vsc_0_synth_1/prj/sol/.autopilot/db/v_vscaler.cpp:1067]   --->   Operation 50 'store' 'store_ln1067' <Predicate = (!icmp_ln1057 & cmp36_read)> <Delay = 0.00>
ST_2 : Operation 51 [1/1] (0.00ns)   --->   "%store_ln1067 = store i8 %trunc_ln1067_1, i8 %pix_0_1_0_0_0_load556_out" [G:/Project-Workspace/zynq-7020-video-pipe-3/hw/video-pipe-hw-v3/hw_011223.runs/bd_8126_vsc_0_synth_1/prj/sol/.autopilot/db/v_vscaler.cpp:1067]   --->   Operation 51 'store' 'store_ln1067' <Predicate = (!icmp_ln1057 & cmp36_read)> <Delay = 0.00>
ST_2 : Operation 52 [1/1] (0.00ns)   --->   "%store_ln1067 = store i8 %trunc_ln1067, i8 %pix_0_0_0_0_0_load554_out" [G:/Project-Workspace/zynq-7020-video-pipe-3/hw/video-pipe-hw-v3/hw_011223.runs/bd_8126_vsc_0_synth_1/prj/sol/.autopilot/db/v_vscaler.cpp:1067]   --->   Operation 52 'store' 'store_ln1067' <Predicate = (!icmp_ln1057 & cmp36_read)> <Delay = 0.00>
ST_2 : Operation 53 [1/1] (0.00ns)   --->   "%br_ln1074 = br void %VITIS_LOOP_1079_4" [G:/Project-Workspace/zynq-7020-video-pipe-3/hw/video-pipe-hw-v3/hw_011223.runs/bd_8126_vsc_0_synth_1/prj/sol/.autopilot/db/v_vscaler.cpp:1074]   --->   Operation 53 'br' 'br_ln1074' <Predicate = (!icmp_ln1057 & cmp36_read)> <Delay = 0.00>
ST_2 : Operation 54 [1/2] (3.25ns)   --->   "%LineBufVal_13 = load i11 %linebuf_y_addr" [G:/Project-Workspace/zynq-7020-video-pipe-3/hw/video-pipe-hw-v3/hw_011223.runs/bd_8126_vsc_0_synth_1/prj/sol/.autopilot/db/v_vscaler.cpp:1081]   --->   Operation 54 'load' 'LineBufVal_13' <Predicate = (!icmp_ln1057)> <Delay = 3.25> <CoreInst = "RAM">   --->   Core 82 'RAM' <Latency = 1> <II = 1> <Delay = 3.25> <Storage> <Opcode : 'load' 'store'> <Ports = 2> <Width = 8> <Depth = 1920> <RAM>
ST_2 : Operation 55 [1/2] (3.25ns)   --->   "%LineBufVal_14 = load i11 %linebuf_c_addr" [G:/Project-Workspace/zynq-7020-video-pipe-3/hw/video-pipe-hw-v3/hw_011223.runs/bd_8126_vsc_0_synth_1/prj/sol/.autopilot/db/v_vscaler.cpp:1119]   --->   Operation 55 'load' 'LineBufVal_14' <Predicate = (!icmp_ln1057)> <Delay = 3.25> <CoreInst = "RAM">   --->   Core 82 'RAM' <Latency = 1> <II = 1> <Delay = 3.25> <Storage> <Opcode : 'load' 'store'> <Ports = 2> <Width = 8> <Depth = 1920> <RAM>
ST_2 : Operation 56 [1/2] (3.25ns)   --->   "%LineBufVal = load i11 %linebuf_c_1_addr" [G:/Project-Workspace/zynq-7020-video-pipe-3/hw/video-pipe-hw-v3/hw_011223.runs/bd_8126_vsc_0_synth_1/prj/sol/.autopilot/db/v_vscaler.cpp:1119]   --->   Operation 56 'load' 'LineBufVal' <Predicate = (!icmp_ln1057)> <Delay = 3.25> <CoreInst = "RAM">   --->   Core 82 'RAM' <Latency = 1> <II = 1> <Delay = 3.25> <Storage> <Opcode : 'load' 'store'> <Ports = 2> <Width = 8> <Depth = 1920> <RAM>
ST_2 : Operation 57 [1/1] (1.58ns)   --->   "%br_ln1137 = br i1 %cmp36_read, void %VITIS_LOOP_1152_11, void %VITIS_LOOP_1140_10" [G:/Project-Workspace/zynq-7020-video-pipe-3/hw/video-pipe-hw-v3/hw_011223.runs/bd_8126_vsc_0_synth_1/prj/sol/.autopilot/db/v_vscaler.cpp:1137]   --->   Operation 57 'br' 'br_ln1137' <Predicate = (!icmp_ln1057 & !spec_select_read)> <Delay = 1.58>
ST_2 : Operation 58 [1/2] (3.25ns)   --->   "%LineBufCVal = load i11 %linebuf_c_2_addr" [G:/Project-Workspace/zynq-7020-video-pipe-3/hw/video-pipe-hw-v3/hw_011223.runs/bd_8126_vsc_0_synth_1/prj/sol/.autopilot/db/v_vscaler.cpp:1171]   --->   Operation 58 'load' 'LineBufCVal' <Predicate = (!icmp_ln1057 & spec_select_read)> <Delay = 3.25> <CoreInst = "RAM">   --->   Core 82 'RAM' <Latency = 1> <II = 1> <Delay = 3.25> <Storage> <Opcode : 'load' 'store'> <Ports = 2> <Width = 8> <Depth = 1920> <RAM>
ST_2 : Operation 59 [1/1] (1.58ns)   --->   "%br_ln0 = br void %for.body285_ifconv"   --->   Operation 59 'br' 'br_ln0' <Predicate = (!icmp_ln1057 & spec_select_read)> <Delay = 1.58>

State 3 <SV = 2> <Delay = 5.09>
ST_3 : Operation 60 [1/1] (0.00ns)   --->   "%p_out_load = load i8 %p_out" [G:/Project-Workspace/zynq-7020-video-pipe-3/hw/video-pipe-hw-v3/hw_011223.runs/bd_8126_vsc_0_synth_1/prj/sol/.autopilot/db/v_vscaler.cpp:1125]   --->   Operation 60 'load' 'p_out_load' <Predicate = (!icmp_ln1057 & spec_select_read & cmp104_read)> <Delay = 0.00>
ST_3 : Operation 61 [1/1] (0.00ns)   --->   "%InYPix = load i8 %p_0_0371560_out" [G:/Project-Workspace/zynq-7020-video-pipe-3/hw/video-pipe-hw-v3/hw_011223.runs/bd_8126_vsc_0_synth_1/prj/sol/.autopilot/db/v_vscaler.cpp:1100]   --->   Operation 61 'load' 'InYPix' <Predicate = (!icmp_ln1057)> <Delay = 0.00>
ST_3 : Operation 62 [1/1] (0.00ns)   --->   "%InCPix = load i8 %p_0_1_0_0_0562_out"   --->   Operation 62 'load' 'InCPix' <Predicate = (!icmp_ln1057)> <Delay = 0.00>
ST_3 : Operation 63 [2/2] (3.25ns)   --->   "%LineBufVal_8 = load i11 %linebuf_y_1_addr" [G:/Project-Workspace/zynq-7020-video-pipe-3/hw/video-pipe-hw-v3/hw_011223.runs/bd_8126_vsc_0_synth_1/prj/sol/.autopilot/db/v_vscaler.cpp:1081]   --->   Operation 63 'load' 'LineBufVal_8' <Predicate = (!icmp_ln1057 & !cmp287_read)> <Delay = 3.25> <CoreInst = "RAM">   --->   Core 82 'RAM' <Latency = 1> <II = 1> <Delay = 3.25> <Storage> <Opcode : 'load' 'store'> <Ports = 2> <Width = 8> <Depth = 1920> <RAM>
ST_3 : Operation 64 [1/1] (3.25ns)   --->   "%store_ln812 = store i8 %InYPix, i11 %linebuf_y_addr" [g:/Project-Workspace/zynq-7020-video-pipe-3/hw/video-pipe-hw-v3/hw_011223.gen/sources_1/bd/broncho_video/ip/broncho_video_v_proc_ss_0_0/bd_0/ip/ip_1/src/hls/hls_video_mem.h:812->g:/Project-Workspace/zynq-7020-video-pipe-3/hw/video-pipe-hw-v3/hw_011223.gen/sources_1/bd/broncho_video/ip/broncho_video_v_proc_ss_0_0/bd_0/ip/ip_1/src/hls/hls_video_mem.h:888->G:/Project-Workspace/zynq-7020-video-pipe-3/hw/video-pipe-hw-v3/hw_011223.runs/bd_8126_vsc_0_synth_1/prj/sol/.autopilot/db/v_vscaler.cpp:1092]   --->   Operation 64 'store' 'store_ln812' <Predicate = (!icmp_ln1057)> <Delay = 3.25> <CoreInst = "RAM">   --->   Core 82 'RAM' <Latency = 1> <II = 1> <Delay = 3.25> <Storage> <Opcode : 'load' 'store'> <Ports = 2> <Width = 8> <Depth = 1920> <RAM>
ST_3 : Operation 65 [1/1] (1.24ns)   --->   "%PixBufVal_5 = select i1 %cmp104_read, i8 %LineBufVal_13, i8 %InYPix" [G:/Project-Workspace/zynq-7020-video-pipe-3/hw/video-pipe-hw-v3/hw_011223.runs/bd_8126_vsc_0_synth_1/prj/sol/.autopilot/db/v_vscaler.cpp:1100]   --->   Operation 65 'select' 'PixBufVal_5' <Predicate = (!icmp_ln1057)> <Delay = 1.24> <CoreInst = "Sel">   --->   Core 73 'Sel' <Latency = 0> <II = 1> <Delay = 1.24> <FuncUnit> <Opcode : 'select'> <InPorts = 3> <OutPorts = 1>
ST_3 : Operation 66 [1/1] (3.25ns)   --->   "%store_ln1109 = store i8 %PixBufVal_5, i11 %linebuf_y_1_addr" [G:/Project-Workspace/zynq-7020-video-pipe-3/hw/video-pipe-hw-v3/hw_011223.runs/bd_8126_vsc_0_synth_1/prj/sol/.autopilot/db/v_vscaler.cpp:1109]   --->   Operation 66 'store' 'store_ln1109' <Predicate = (!icmp_ln1057)> <Delay = 3.25> <CoreInst = "RAM">   --->   Core 82 'RAM' <Latency = 1> <II = 1> <Delay = 3.25> <Storage> <Opcode : 'load' 'store'> <Ports = 2> <Width = 8> <Depth = 1920> <RAM>
ST_3 : Operation 67 [1/1] (1.24ns)   --->   "%select_ln1125 = select i1 %spec_select_read, i8 %p_out_load, i8 %LineBufVal_14" [G:/Project-Workspace/zynq-7020-video-pipe-3/hw/video-pipe-hw-v3/hw_011223.runs/bd_8126_vsc_0_synth_1/prj/sol/.autopilot/db/v_vscaler.cpp:1125]   --->   Operation 67 'select' 'select_ln1125' <Predicate = (!icmp_ln1057 & cmp104_read)> <Delay = 1.24> <CoreInst = "Sel">   --->   Core 73 'Sel' <Latency = 0> <II = 1> <Delay = 1.24> <FuncUnit> <Opcode : 'select'> <InPorts = 3> <OutPorts = 1>
ST_3 : Operation 68 [1/1] (1.24ns)   --->   "%PixBufVal = select i1 %spec_select_read, i8 %LineBufVal, i8 %LineBufVal_14" [G:/Project-Workspace/zynq-7020-video-pipe-3/hw/video-pipe-hw-v3/hw_011223.runs/bd_8126_vsc_0_synth_1/prj/sol/.autopilot/db/v_vscaler.cpp:1125]   --->   Operation 68 'select' 'PixBufVal' <Predicate = (!icmp_ln1057)> <Delay = 1.24> <CoreInst = "Sel">   --->   Core 73 'Sel' <Latency = 0> <II = 1> <Delay = 1.24> <FuncUnit> <Opcode : 'select'> <InPorts = 3> <OutPorts = 1>
ST_3 : Operation 69 [1/1] (3.25ns)   --->   "%store_ln812 = store i8 %InCPix, i11 %linebuf_c_addr" [g:/Project-Workspace/zynq-7020-video-pipe-3/hw/video-pipe-hw-v3/hw_011223.gen/sources_1/bd/broncho_video/ip/broncho_video_v_proc_ss_0_0/bd_0/ip/ip_1/src/hls/hls_video_mem.h:812->g:/Project-Workspace/zynq-7020-video-pipe-3/hw/video-pipe-hw-v3/hw_011223.gen/sources_1/bd/broncho_video/ip/broncho_video_v_proc_ss_0_0/bd_0/ip/ip_1/src/hls/hls_video_mem.h:888->G:/Project-Workspace/zynq-7020-video-pipe-3/hw/video-pipe-hw-v3/hw_011223.runs/bd_8126_vsc_0_synth_1/prj/sol/.autopilot/db/v_vscaler.cpp:1145]   --->   Operation 69 'store' 'store_ln812' <Predicate = (!icmp_ln1057 & cmp36_read & !spec_select_read)> <Delay = 3.25> <CoreInst = "RAM">   --->   Core 82 'RAM' <Latency = 1> <II = 1> <Delay = 3.25> <Storage> <Opcode : 'load' 'store'> <Ports = 2> <Width = 8> <Depth = 1920> <RAM>
ST_3 : Operation 70 [1/1] (1.58ns)   --->   "%br_ln1146 = br void %VITIS_LOOP_1152_11" [G:/Project-Workspace/zynq-7020-video-pipe-3/hw/video-pipe-hw-v3/hw_011223.runs/bd_8126_vsc_0_synth_1/prj/sol/.autopilot/db/v_vscaler.cpp:1146]   --->   Operation 70 'br' 'br_ln1146' <Predicate = (!icmp_ln1057 & cmp36_read & !spec_select_read)> <Delay = 1.58>
ST_3 : Operation 71 [1/1] (0.00ns)   --->   "%empty_88 = phi i8 %InCPix, void %VITIS_LOOP_1140_10, i8 %LineBufVal_14, void %if.then187"   --->   Operation 71 'phi' 'empty_88' <Predicate = (!icmp_ln1057 & !spec_select_read)> <Delay = 0.00>
ST_3 : Operation 72 [1/1] (1.24ns)   --->   "%PixBufVal_4 = select i1 %cmp104_read, i8 %select_ln1125, i8 %empty_88" [G:/Project-Workspace/zynq-7020-video-pipe-3/hw/video-pipe-hw-v3/hw_011223.runs/bd_8126_vsc_0_synth_1/prj/sol/.autopilot/db/v_vscaler.cpp:1157]   --->   Operation 72 'select' 'PixBufVal_4' <Predicate = (!icmp_ln1057 & !spec_select_read)> <Delay = 1.24> <CoreInst = "Sel">   --->   Core 73 'Sel' <Latency = 0> <II = 1> <Delay = 1.24> <FuncUnit> <Opcode : 'select'> <InPorts = 3> <OutPorts = 1>
ST_3 : Operation 73 [1/1] (1.58ns)   --->   "%br_ln1168 = br void %for.body285_ifconv" [G:/Project-Workspace/zynq-7020-video-pipe-3/hw/video-pipe-hw-v3/hw_011223.runs/bd_8126_vsc_0_synth_1/prj/sol/.autopilot/db/v_vscaler.cpp:1168]   --->   Operation 73 'br' 'br_ln1168' <Predicate = (!icmp_ln1057 & !spec_select_read)> <Delay = 1.58>
ST_3 : Operation 74 [1/1] (0.00ns)   --->   "%empty_86 = phi i8 %empty_88, void %VITIS_LOOP_1152_11, i8 %LineBufVal_14, void %if.else260"   --->   Operation 74 'phi' 'empty_86' <Predicate = true> <Delay = 0.00>
ST_3 : Operation 75 [1/1] (0.00ns)   --->   "%zext_ln1196_3 = zext i8 %empty_86" [G:/Project-Workspace/zynq-7020-video-pipe-3/hw/video-pipe-hw-v3/hw_011223.runs/bd_8126_vsc_0_synth_1/prj/sol/.autopilot/db/v_vscaler.cpp:1196]   --->   Operation 75 'zext' 'zext_ln1196_3' <Predicate = true> <Delay = 0.00>
ST_3 : Operation 76 [1/1] (1.91ns)   --->   "%add_ln1196 = add i9 %zext_ln1196_3, i9 2" [G:/Project-Workspace/zynq-7020-video-pipe-3/hw/video-pipe-hw-v3/hw_011223.runs/bd_8126_vsc_0_synth_1/prj/sol/.autopilot/db/v_vscaler.cpp:1196]   --->   Operation 76 'add' 'add_ln1196' <Predicate = true> <Delay = 1.91> <CoreInst = "Adder">   --->   Core 1 'Adder' <Latency = 0> <II = 1> <Delay = 1.91> <FuncUnit> <Opcode : 'add' 'sub'> <InPorts = 2> <OutPorts = 1>
ST_3 : Operation 77 [1/1] (0.00ns)   --->   "%pix_0_0_0_0_0_load = load i8 %pix_0_0_0_0_0_load554_out" [G:/Project-Workspace/zynq-7020-video-pipe-3/hw/video-pipe-hw-v3/hw_011223.runs/bd_8126_vsc_0_synth_1/prj/sol/.autopilot/db/v_vscaler.cpp:1227]   --->   Operation 77 'load' 'pix_0_0_0_0_0_load' <Predicate = (!tmp & icmp_ln1040_read)> <Delay = 0.00>
ST_3 : Operation 78 [1/1] (0.00ns)   --->   "%pix_0_1_0_0_0_load = load i8 %pix_0_1_0_0_0_load556_out" [G:/Project-Workspace/zynq-7020-video-pipe-3/hw/video-pipe-hw-v3/hw_011223.runs/bd_8126_vsc_0_synth_1/prj/sol/.autopilot/db/v_vscaler.cpp:1227]   --->   Operation 78 'load' 'pix_0_1_0_0_0_load' <Predicate = (!tmp & icmp_ln1040_read)> <Delay = 0.00>
ST_3 : Operation 79 [1/1] (0.00ns)   --->   "%pix_0_2_0_0_0_load = load i8 %pix_0_2_0_0_0_load558_out" [G:/Project-Workspace/zynq-7020-video-pipe-3/hw/video-pipe-hw-v3/hw_011223.runs/bd_8126_vsc_0_synth_1/prj/sol/.autopilot/db/v_vscaler.cpp:1227]   --->   Operation 79 'load' 'pix_0_2_0_0_0_load' <Predicate = (!tmp & icmp_ln1040_read)> <Delay = 0.00>
ST_3 : Operation 80 [1/1] (0.00ns)   --->   "%p_0 = bitconcatenate i24 @_ssdm_op_BitConcatenate.i24.i8.i8.i8, i8 %pix_0_2_0_0_0_load, i8 %pix_0_1_0_0_0_load, i8 %pix_0_0_0_0_0_load" [G:/Project-Workspace/zynq-7020-video-pipe-3/hw/video-pipe-hw-v3/hw_011223.runs/bd_8126_vsc_0_synth_1/prj/sol/.autopilot/db/v_vscaler.cpp:1227]   --->   Operation 80 'bitconcatenate' 'p_0' <Predicate = (!tmp & icmp_ln1040_read)> <Delay = 0.00>
ST_3 : Operation 81 [1/1] (2.55ns)   --->   "%write_ln1227 = write void @_ssdm_op_Write.ap_fifo.volatile.i24P0A, i24 %SrcYUV422, i24 %p_0" [G:/Project-Workspace/zynq-7020-video-pipe-3/hw/video-pipe-hw-v3/hw_011223.runs/bd_8126_vsc_0_synth_1/prj/sol/.autopilot/db/v_vscaler.cpp:1227]   --->   Operation 81 'write' 'write_ln1227' <Predicate = (!tmp & icmp_ln1040_read)> <Delay = 2.55> <CoreInst = "FIFO_SRL">   --->   Core 81 'FIFO_SRL' <Latency = 0> <II = 1> <Delay = 3.80> <Storage> <Opcode : 'read' 'write' 'nbread' 'nbwrite'> <Ports = 0> <Width = 24> <Depth = 16> <FIFO>
ST_3 : Operation 82 [1/1] (0.00ns)   --->   "%br_ln1227 = br void %if.end400" [G:/Project-Workspace/zynq-7020-video-pipe-3/hw/video-pipe-hw-v3/hw_011223.runs/bd_8126_vsc_0_synth_1/prj/sol/.autopilot/db/v_vscaler.cpp:1227]   --->   Operation 82 'br' 'br_ln1227' <Predicate = (!tmp & icmp_ln1040_read)> <Delay = 0.00>
ST_3 : Operation 83 [1/1] (0.00ns)   --->   "%store_ln1125 = store i8 %PixBufVal, i8 %p_out" [G:/Project-Workspace/zynq-7020-video-pipe-3/hw/video-pipe-hw-v3/hw_011223.runs/bd_8126_vsc_0_synth_1/prj/sol/.autopilot/db/v_vscaler.cpp:1125]   --->   Operation 83 'store' 'store_ln1125' <Predicate = true> <Delay = 0.00>
ST_3 : Operation 84 [1/1] (0.00ns)   --->   "%br_ln1057 = br void %for.body30" [G:/Project-Workspace/zynq-7020-video-pipe-3/hw/video-pipe-hw-v3/hw_011223.runs/bd_8126_vsc_0_synth_1/prj/sol/.autopilot/db/v_vscaler.cpp:1057]   --->   Operation 84 'br' 'br_ln1057' <Predicate = true> <Delay = 0.00>

State 4 <SV = 3> <Delay = 4.94>
ST_4 : Operation 85 [1/2] (3.25ns)   --->   "%LineBufVal_8 = load i11 %linebuf_y_1_addr" [G:/Project-Workspace/zynq-7020-video-pipe-3/hw/video-pipe-hw-v3/hw_011223.runs/bd_8126_vsc_0_synth_1/prj/sol/.autopilot/db/v_vscaler.cpp:1081]   --->   Operation 85 'load' 'LineBufVal_8' <Predicate = (!icmp_ln1057 & !cmp287_read)> <Delay = 3.25> <CoreInst = "RAM">   --->   Core 82 'RAM' <Latency = 1> <II = 1> <Delay = 3.25> <Storage> <Opcode : 'load' 'store'> <Ports = 2> <Width = 8> <Depth = 1920> <RAM>
ST_4 : Operation 86 [1/1] (3.25ns)   --->   "%store_ln1166 = store i8 %PixBufVal_4, i11 %linebuf_c_1_addr" [G:/Project-Workspace/zynq-7020-video-pipe-3/hw/video-pipe-hw-v3/hw_011223.runs/bd_8126_vsc_0_synth_1/prj/sol/.autopilot/db/v_vscaler.cpp:1166]   --->   Operation 86 'store' 'store_ln1166' <Predicate = (!icmp_ln1057 & !spec_select_read)> <Delay = 3.25> <CoreInst = "RAM">   --->   Core 82 'RAM' <Latency = 1> <II = 1> <Delay = 3.25> <Storage> <Opcode : 'load' 'store'> <Ports = 2> <Width = 8> <Depth = 1920> <RAM>
ST_4 : Operation 87 [1/1] (0.00ns)   --->   "%empty_85 = phi i8 %LineBufVal, void %VITIS_LOOP_1152_11, i8 %LineBufCVal, void %if.else260"   --->   Operation 87 'phi' 'empty_85' <Predicate = true> <Delay = 0.00>
ST_4 : Operation 88 [1/1] (0.00ns)   --->   "%zext_ln1196 = zext i8 %PixBufVal" [G:/Project-Workspace/zynq-7020-video-pipe-3/hw/video-pipe-hw-v3/hw_011223.runs/bd_8126_vsc_0_synth_1/prj/sol/.autopilot/db/v_vscaler.cpp:1196]   --->   Operation 88 'zext' 'zext_ln1196' <Predicate = true> <Delay = 0.00>
ST_4 : Operation 89 [1/1] (0.00ns)   --->   "%shl_ln = bitconcatenate i9 @_ssdm_op_BitConcatenate.i9.i8.i1, i8 %PixBufVal, i1 0" [G:/Project-Workspace/zynq-7020-video-pipe-3/hw/video-pipe-hw-v3/hw_011223.runs/bd_8126_vsc_0_synth_1/prj/sol/.autopilot/db/v_vscaler.cpp:1196]   --->   Operation 89 'bitconcatenate' 'shl_ln' <Predicate = true> <Delay = 0.00>
ST_4 : Operation 90 [1/1] (0.00ns)   --->   "%zext_ln1196_1 = zext i8 %empty_85" [G:/Project-Workspace/zynq-7020-video-pipe-3/hw/video-pipe-hw-v3/hw_011223.runs/bd_8126_vsc_0_synth_1/prj/sol/.autopilot/db/v_vscaler.cpp:1196]   --->   Operation 90 'zext' 'zext_ln1196_1' <Predicate = true> <Delay = 0.00>
ST_4 : Operation 91 [1/1] (0.00ns)   --->   "%zext_ln1196_2 = zext i9 %shl_ln" [G:/Project-Workspace/zynq-7020-video-pipe-3/hw/video-pipe-hw-v3/hw_011223.runs/bd_8126_vsc_0_synth_1/prj/sol/.autopilot/db/v_vscaler.cpp:1196]   --->   Operation 91 'zext' 'zext_ln1196_2' <Predicate = true> <Delay = 0.00>
ST_4 : Operation 92 [1/1] (0.00ns)   --->   "%zext_ln1196_4 = zext i9 %add_ln1196" [G:/Project-Workspace/zynq-7020-video-pipe-3/hw/video-pipe-hw-v3/hw_011223.runs/bd_8126_vsc_0_synth_1/prj/sol/.autopilot/db/v_vscaler.cpp:1196]   --->   Operation 92 'zext' 'zext_ln1196_4' <Predicate = true> <Delay = 0.00>
ST_4 : Operation 93 [1/1] (0.00ns) (grouped into TernaryAdder)   --->   "%add_ln1196_1 = add i10 %zext_ln1196_4, i10 %zext_ln1196_1" [G:/Project-Workspace/zynq-7020-video-pipe-3/hw/video-pipe-hw-v3/hw_011223.runs/bd_8126_vsc_0_synth_1/prj/sol/.autopilot/db/v_vscaler.cpp:1196]   --->   Operation 93 'add' 'add_ln1196_1' <Predicate = true> <Delay = 0.00> <CoreInst = "TAddSub">   --->   Core 10 'TAddSub' <Latency = 0> <II = 1> <Delay = 1.84> <IPBlock> <Opcode : '' 'add' 'sub'> <InPorts = 3> <OutPorts = 1> <Sync> <CReg>
ST_4 : Operation 94 [1/1] (3.72ns) (root node of TernaryAdder)   --->   "%add_ln1196_2 = add i10 %add_ln1196_1, i10 %zext_ln1196_2" [G:/Project-Workspace/zynq-7020-video-pipe-3/hw/video-pipe-hw-v3/hw_011223.runs/bd_8126_vsc_0_synth_1/prj/sol/.autopilot/db/v_vscaler.cpp:1196]   --->   Operation 94 'add' 'add_ln1196_2' <Predicate = true> <Delay = 3.72> <CoreInst = "TAddSub">   --->   Core 10 'TAddSub' <Latency = 0> <II = 1> <Delay = 1.84> <IPBlock> <Opcode : '' 'add' 'sub'> <InPorts = 3> <OutPorts = 1> <Sync> <CReg>
ST_4 : Operation 95 [1/1] (0.00ns) (grouped into TernaryAdder)   --->   "%add_ln1208 = add i9 %zext_ln1196, i9 1" [G:/Project-Workspace/zynq-7020-video-pipe-3/hw/video-pipe-hw-v3/hw_011223.runs/bd_8126_vsc_0_synth_1/prj/sol/.autopilot/db/v_vscaler.cpp:1208]   --->   Operation 95 'add' 'add_ln1208' <Predicate = true> <Delay = 0.00> <CoreInst = "TAddSub">   --->   Core 10 'TAddSub' <Latency = 0> <II = 1> <Delay = 1.84> <IPBlock> <Opcode : '' 'add' 'sub'> <InPorts = 3> <OutPorts = 1> <Sync> <CReg>
ST_4 : Operation 96 [1/1] (3.69ns) (root node of TernaryAdder)   --->   "%add_ln1208_1 = add i9 %add_ln1208, i9 %zext_ln1196_3" [G:/Project-Workspace/zynq-7020-video-pipe-3/hw/video-pipe-hw-v3/hw_011223.runs/bd_8126_vsc_0_synth_1/prj/sol/.autopilot/db/v_vscaler.cpp:1208]   --->   Operation 96 'add' 'add_ln1208_1' <Predicate = true> <Delay = 3.69> <CoreInst = "TAddSub">   --->   Core 10 'TAddSub' <Latency = 0> <II = 1> <Delay = 1.84> <IPBlock> <Opcode : '' 'add' 'sub'> <InPorts = 3> <OutPorts = 1> <Sync> <CReg>
ST_4 : Operation 97 [1/1] (0.00ns) (grouped into LUT with out node sel_tmp4)   --->   "%trunc_ln4 = partselect i8 @_ssdm_op_PartSelect.i8.i9.i32.i32, i9 %add_ln1208_1, i32 1, i32 8" [G:/Project-Workspace/zynq-7020-video-pipe-3/hw/video-pipe-hw-v3/hw_011223.runs/bd_8126_vsc_0_synth_1/prj/sol/.autopilot/db/v_vscaler.cpp:1207]   --->   Operation 97 'partselect' 'trunc_ln4' <Predicate = true> <Delay = 0.00>
ST_4 : Operation 98 [1/1] (0.00ns) (grouped into LUT with out node sel_tmp4)   --->   "%sel_tmp = and i1 %cmp287_read, i1 %tmp_23"   --->   Operation 98 'and' 'sel_tmp' <Predicate = true> <Delay = 0.00> <CoreInst = "LogicGate">   --->   Core 74 'LogicGate' <Latency = 0> <II = 1> <Delay = 0.97> <FuncUnit> <Opcode : 'and' 'or' 'xor'> <InPorts = 2> <OutPorts = 1>
ST_4 : Operation 99 [1/1] (0.00ns) (grouped into LUT with out node sel_tmp4)   --->   "%sel_tmp1 = select i1 %sel_tmp, i8 0, i8 %PixBufVal" [G:/Project-Workspace/zynq-7020-video-pipe-3/hw/video-pipe-hw-v3/hw_011223.runs/bd_8126_vsc_0_synth_1/prj/sol/.autopilot/db/v_vscaler.cpp:1125]   --->   Operation 99 'select' 'sel_tmp1' <Predicate = true> <Delay = 0.00> <CoreInst = "Sel">   --->   Core 73 'Sel' <Latency = 0> <II = 1> <Delay = 1.24> <FuncUnit> <Opcode : 'select'> <InPorts = 3> <OutPorts = 1>
ST_4 : Operation 100 [1/1] (0.00ns) (grouped into LUT with out node sel_tmp4)   --->   "%sel_tmp2 = xor i1 %cmp287_read, i1 1"   --->   Operation 100 'xor' 'sel_tmp2' <Predicate = true> <Delay = 0.00> <CoreInst = "LogicGate">   --->   Core 74 'LogicGate' <Latency = 0> <II = 1> <Delay = 0.97> <FuncUnit> <Opcode : 'and' 'or' 'xor'> <InPorts = 2> <OutPorts = 1>
ST_4 : Operation 101 [1/1] (0.00ns) (grouped into LUT with out node sel_tmp4)   --->   "%sel_tmp3 = and i1 %tmp_23, i1 %sel_tmp2"   --->   Operation 101 'and' 'sel_tmp3' <Predicate = true> <Delay = 0.00> <CoreInst = "LogicGate">   --->   Core 74 'LogicGate' <Latency = 0> <II = 1> <Delay = 0.97> <FuncUnit> <Opcode : 'and' 'or' 'xor'> <InPorts = 2> <OutPorts = 1>
ST_4 : Operation 102 [1/1] (1.24ns) (out node of the LUT)   --->   "%sel_tmp4 = select i1 %sel_tmp3, i8 %trunc_ln4, i8 %sel_tmp1" [G:/Project-Workspace/zynq-7020-video-pipe-3/hw/video-pipe-hw-v3/hw_011223.runs/bd_8126_vsc_0_synth_1/prj/sol/.autopilot/db/v_vscaler.cpp:1207]   --->   Operation 102 'select' 'sel_tmp4' <Predicate = true> <Delay = 1.24> <CoreInst = "Sel">   --->   Core 73 'Sel' <Latency = 0> <II = 1> <Delay = 1.24> <FuncUnit> <Opcode : 'select'> <InPorts = 3> <OutPorts = 1>
ST_4 : Operation 103 [1/1] (1.24ns)   --->   "%LineBufVal_12 = select i1 %cmp287_read, i8 %LineBufVal_13, i8 %LineBufVal_8" [G:/Project-Workspace/zynq-7020-video-pipe-3/hw/video-pipe-hw-v3/hw_011223.runs/bd_8126_vsc_0_synth_1/prj/sol/.autopilot/db/v_vscaler.cpp:1081]   --->   Operation 103 'select' 'LineBufVal_12' <Predicate = true> <Delay = 1.24> <CoreInst = "Sel">   --->   Core 73 'Sel' <Latency = 0> <II = 1> <Delay = 1.24> <FuncUnit> <Opcode : 'select'> <InPorts = 3> <OutPorts = 1>
ST_4 : Operation 112 [1/1] (0.00ns)   --->   "%ret_ln0 = ret"   --->   Operation 112 'ret' 'ret_ln0' <Predicate = (icmp_ln1057)> <Delay = 0.00>

State 5 <SV = 4> <Delay = 3.80>
ST_5 : Operation 104 [1/1] (0.00ns) (grouped into LUT with out node empty_87)   --->   "%trunc_ln3 = partselect i8 @_ssdm_op_PartSelect.i8.i10.i32.i32, i10 %add_ln1196_2, i32 2, i32 9" [G:/Project-Workspace/zynq-7020-video-pipe-3/hw/video-pipe-hw-v3/hw_011223.runs/bd_8126_vsc_0_synth_1/prj/sol/.autopilot/db/v_vscaler.cpp:1195]   --->   Operation 104 'partselect' 'trunc_ln3' <Predicate = true> <Delay = 0.00>
ST_5 : Operation 105 [1/1] (0.00ns) (grouped into LUT with out node empty_87)   --->   "%sel_tmp5 = xor i1 %tmp_23, i1 1"   --->   Operation 105 'xor' 'sel_tmp5' <Predicate = true> <Delay = 0.00> <CoreInst = "LogicGate">   --->   Core 74 'LogicGate' <Latency = 0> <II = 1> <Delay = 0.97> <FuncUnit> <Opcode : 'and' 'or' 'xor'> <InPorts = 2> <OutPorts = 1>
ST_5 : Operation 106 [1/1] (0.00ns) (grouped into LUT with out node empty_87)   --->   "%sel_tmp6 = and i1 %cmp287_read, i1 %sel_tmp5"   --->   Operation 106 'and' 'sel_tmp6' <Predicate = true> <Delay = 0.00> <CoreInst = "LogicGate">   --->   Core 74 'LogicGate' <Latency = 0> <II = 1> <Delay = 0.97> <FuncUnit> <Opcode : 'and' 'or' 'xor'> <InPorts = 2> <OutPorts = 1>
ST_5 : Operation 107 [1/1] (1.24ns) (out node of the LUT)   --->   "%empty_87 = select i1 %sel_tmp6, i8 %trunc_ln3, i8 %sel_tmp4" [G:/Project-Workspace/zynq-7020-video-pipe-3/hw/video-pipe-hw-v3/hw_011223.runs/bd_8126_vsc_0_synth_1/prj/sol/.autopilot/db/v_vscaler.cpp:1195]   --->   Operation 107 'select' 'empty_87' <Predicate = true> <Delay = 1.24> <CoreInst = "Sel">   --->   Core 73 'Sel' <Latency = 0> <II = 1> <Delay = 1.24> <FuncUnit> <Opcode : 'select'> <InPorts = 3> <OutPorts = 1>
ST_5 : Operation 108 [1/1] (0.00ns)   --->   "%tmp_1 = bitconcatenate i16 @_ssdm_op_BitConcatenate.i16.i8.i8, i8 %empty_87, i8 %LineBufVal_12" [G:/Project-Workspace/zynq-7020-video-pipe-3/hw/video-pipe-hw-v3/hw_011223.runs/bd_8126_vsc_0_synth_1/prj/sol/.autopilot/db/v_vscaler.cpp:1229]   --->   Operation 108 'bitconcatenate' 'tmp_1' <Predicate = (!tmp & !icmp_ln1040_read)> <Delay = 0.00>
ST_5 : Operation 109 [1/1] (0.00ns)   --->   "%zext_ln1229 = zext i16 %tmp_1" [G:/Project-Workspace/zynq-7020-video-pipe-3/hw/video-pipe-hw-v3/hw_011223.runs/bd_8126_vsc_0_synth_1/prj/sol/.autopilot/db/v_vscaler.cpp:1229]   --->   Operation 109 'zext' 'zext_ln1229' <Predicate = (!tmp & !icmp_ln1040_read)> <Delay = 0.00>
ST_5 : Operation 110 [1/1] (2.55ns)   --->   "%write_ln1229 = write void @_ssdm_op_Write.ap_fifo.volatile.i24P0A, i24 %SrcYUV422, i24 %zext_ln1229" [G:/Project-Workspace/zynq-7020-video-pipe-3/hw/video-pipe-hw-v3/hw_011223.runs/bd_8126_vsc_0_synth_1/prj/sol/.autopilot/db/v_vscaler.cpp:1229]   --->   Operation 110 'write' 'write_ln1229' <Predicate = (!tmp & !icmp_ln1040_read)> <Delay = 2.55> <CoreInst = "FIFO_SRL">   --->   Core 81 'FIFO_SRL' <Latency = 0> <II = 1> <Delay = 3.80> <Storage> <Opcode : 'read' 'write' 'nbread' 'nbwrite'> <Ports = 0> <Width = 24> <Depth = 16> <FIFO>
ST_5 : Operation 111 [1/1] (0.00ns)   --->   "%br_ln0 = br void %if.end400"   --->   Operation 111 'br' 'br_ln0' <Predicate = (!tmp & !icmp_ln1040_read)> <Delay = 0.00>


============================================================
+ Verbose Summary: Timing violations
============================================================
Target clock period: 7.000ns, clock uncertainty: 1.890ns.

 <State 1>: 4.842ns
The critical path consists of the following:
	'store' operation 0 bit ('store_ln649', g:/Project-Workspace/zynq-7020-video-pipe-3/hw/video-pipe-hw-v3/hw_011223.gen/sources_1/bd/broncho_video/ip/broncho_video_v_proc_ss_0_0/bd_0/ip/ip_1/src/hls/hls_video_mem.h:649->G:/Project-Workspace/zynq-7020-video-pipe-3/hw/video-pipe-hw-v3/hw_011223.runs/bd_8126_vsc_0_synth_1/prj/sol/.autopilot/db/v_vscaler.cpp:1171) of constant 0 on local variable 'col', g:/Project-Workspace/zynq-7020-video-pipe-3/hw/video-pipe-hw-v3/hw_011223.gen/sources_1/bd/broncho_video/ip/broncho_video_v_proc_ss_0_0/bd_0/ip/ip_1/src/hls/hls_video_mem.h:649->G:/Project-Workspace/zynq-7020-video-pipe-3/hw/video-pipe-hw-v3/hw_011223.runs/bd_8126_vsc_0_synth_1/prj/sol/.autopilot/db/v_vscaler.cpp:1171 [33]  (1.588 ns)
	'load' operation 11 bit ('x', G:/Project-Workspace/zynq-7020-video-pipe-3/hw/video-pipe-hw-v3/hw_011223.runs/bd_8126_vsc_0_synth_1/prj/sol/.autopilot/db/v_vscaler.cpp:1057) on local variable 'col', g:/Project-Workspace/zynq-7020-video-pipe-3/hw/video-pipe-hw-v3/hw_011223.gen/sources_1/bd/broncho_video/ip/broncho_video_v_proc_ss_0_0/bd_0/ip/ip_1/src/hls/hls_video_mem.h:649->G:/Project-Workspace/zynq-7020-video-pipe-3/hw/video-pipe-hw-v3/hw_011223.runs/bd_8126_vsc_0_synth_1/prj/sol/.autopilot/db/v_vscaler.cpp:1171 [36]  (0.000 ns)
	'getelementptr' operation 11 bit ('linebuf_c_2_addr', g:/Project-Workspace/zynq-7020-video-pipe-3/hw/video-pipe-hw-v3/hw_011223.gen/sources_1/bd/broncho_video/ip/broncho_video_v_proc_ss_0_0/bd_0/ip/ip_1/src/hls/hls_video_mem.h:850->G:/Project-Workspace/zynq-7020-video-pipe-3/hw/video-pipe-hw-v3/hw_011223.runs/bd_8126_vsc_0_synth_1/prj/sol/.autopilot/db/v_vscaler.cpp:1119) [70]  (0.000 ns)
	'load' operation 8 bit ('LineBufCVal', G:/Project-Workspace/zynq-7020-video-pipe-3/hw/video-pipe-hw-v3/hw_011223.runs/bd_8126_vsc_0_synth_1/prj/sol/.autopilot/db/v_vscaler.cpp:1171) on array 'linebuf_c_2' [87]  (3.254 ns)

 <State 2>: 4.842ns
The critical path consists of the following:
	'load' operation 8 bit ('LineBufVal_14', G:/Project-Workspace/zynq-7020-video-pipe-3/hw/video-pipe-hw-v3/hw_011223.runs/bd_8126_vsc_0_synth_1/prj/sol/.autopilot/db/v_vscaler.cpp:1119) on array 'linebuf_c' [71]  (3.254 ns)
	multiplexor before 'phi' operation 8 bit ('InCPix') with incoming values : ('InCPix') ('LineBufVal_14', G:/Project-Workspace/zynq-7020-video-pipe-3/hw/video-pipe-hw-v3/hw_011223.runs/bd_8126_vsc_0_synth_1/prj/sol/.autopilot/db/v_vscaler.cpp:1119) [82]  (1.588 ns)

 <State 3>: 5.091ns
The critical path consists of the following:
	'load' operation 8 bit ('InCPix') on local variable 'p_0_1_0_0_0562_out' [60]  (0.000 ns)
	multiplexor before 'phi' operation 8 bit ('InCPix') with incoming values : ('InCPix') ('LineBufVal_14', G:/Project-Workspace/zynq-7020-video-pipe-3/hw/video-pipe-hw-v3/hw_011223.runs/bd_8126_vsc_0_synth_1/prj/sol/.autopilot/db/v_vscaler.cpp:1119) [82]  (1.588 ns)
	'phi' operation 8 bit ('InCPix') with incoming values : ('InCPix') ('LineBufVal_14', G:/Project-Workspace/zynq-7020-video-pipe-3/hw/video-pipe-hw-v3/hw_011223.runs/bd_8126_vsc_0_synth_1/prj/sol/.autopilot/db/v_vscaler.cpp:1119) [82]  (0.000 ns)
	multiplexor before 'phi' operation 8 bit ('LineBufVal') with incoming values : ('InCPix') ('LineBufVal_14', G:/Project-Workspace/zynq-7020-video-pipe-3/hw/video-pipe-hw-v3/hw_011223.runs/bd_8126_vsc_0_synth_1/prj/sol/.autopilot/db/v_vscaler.cpp:1119) [91]  (1.588 ns)
	'phi' operation 8 bit ('LineBufVal') with incoming values : ('InCPix') ('LineBufVal_14', G:/Project-Workspace/zynq-7020-video-pipe-3/hw/video-pipe-hw-v3/hw_011223.runs/bd_8126_vsc_0_synth_1/prj/sol/.autopilot/db/v_vscaler.cpp:1119) [91]  (0.000 ns)
	'add' operation 9 bit ('add_ln1196', G:/Project-Workspace/zynq-7020-video-pipe-3/hw/video-pipe-hw-v3/hw_011223.runs/bd_8126_vsc_0_synth_1/prj/sol/.autopilot/db/v_vscaler.cpp:1196) [97]  (1.915 ns)

 <State 4>: 4.946ns
The critical path consists of the following:
	'add' operation 9 bit ('add_ln1208', G:/Project-Workspace/zynq-7020-video-pipe-3/hw/video-pipe-hw-v3/hw_011223.runs/bd_8126_vsc_0_synth_1/prj/sol/.autopilot/db/v_vscaler.cpp:1208) [102]  (0.000 ns)
	'add' operation 9 bit ('add_ln1208_1', G:/Project-Workspace/zynq-7020-video-pipe-3/hw/video-pipe-hw-v3/hw_011223.runs/bd_8126_vsc_0_synth_1/prj/sol/.autopilot/db/v_vscaler.cpp:1208) [103]  (3.698 ns)
	'select' operation 8 bit ('sel_tmp4', G:/Project-Workspace/zynq-7020-video-pipe-3/hw/video-pipe-hw-v3/hw_011223.runs/bd_8126_vsc_0_synth_1/prj/sol/.autopilot/db/v_vscaler.cpp:1207) [109]  (1.248 ns)

 <State 5>: 3.803ns
The critical path consists of the following:
	'select' operation 8 bit ('empty_87', G:/Project-Workspace/zynq-7020-video-pipe-3/hw/video-pipe-hw-v3/hw_011223.runs/bd_8126_vsc_0_synth_1/prj/sol/.autopilot/db/v_vscaler.cpp:1195) [112]  (1.248 ns)
	fifo write operation ('write_ln1229', G:/Project-Workspace/zynq-7020-video-pipe-3/hw/video-pipe-hw-v3/hw_011223.runs/bd_8126_vsc_0_synth_1/prj/sol/.autopilot/db/v_vscaler.cpp:1229) on port 'SrcYUV422' (G:/Project-Workspace/zynq-7020-video-pipe-3/hw/video-pipe-hw-v3/hw_011223.runs/bd_8126_vsc_0_synth_1/prj/sol/.autopilot/db/v_vscaler.cpp:1229) [120]  (2.555 ns)


============================================================
+ Verbose Summary: Binding
============================================================
N/A
* FSMD analyzer results:
  - Output states:
 - Input state : 
  - Chain level:
	State 1
	State 2
	State 3
	State 4
	State 5


============================================================
+ Verbose Summary: Datapath Resource usage 
============================================================
N/A
