

================================================================
== Vitis HLS Report for 'vscale_core_polyphase_Pipeline_loop_init_coeff_phase_loop_init_coeff_tap'
================================================================
* Date:           Wed Dec 20 19:01:12 2023

* Version:        2023.2 (Build 4023990 on Oct 11 2023)
* Project:        prj
* Solution:       sol (Vivado IP Flow Target)
* Product family: zynq
* Target device:  xc7z020-clg484-1


================================================================
== Performance Estimates
================================================================
+ Timing: 
    * Summary: 
    +--------+---------+----------+------------+
    |  Clock |  Target | Estimated| Uncertainty|
    +--------+---------+----------+------------+
    |ap_clk  |  7.00 ns|  6.091 ns|     1.89 ns|
    +--------+---------+----------+------------+

+ Latency: 
    * Summary: 
    +---------+---------+----------+----------+-----+-----+---------+
    |  Latency (cycles) |  Latency (absolute) |  Interval | Pipeline|
    |   min   |   max   |    min   |    max   | min | max |   Type  |
    +---------+---------+----------+----------+-----+-----+---------+
    |      389|      389|  2.723 us|  2.723 us|  389|  389|       no|
    +---------+---------+----------+----------+-----+-----+---------+

    + Detail: 
        * Instance: 
        N/A

        * Loop: 
        +---------------------------------------------+---------+---------+----------+-----------+-----------+------+----------+
        |                                             |  Latency (cycles) | Iteration|  Initiation Interval  | Trip |          |
        |                  Loop Name                  |   min   |   max   |  Latency |  achieved |   target  | Count| Pipelined|
        +---------------------------------------------+---------+---------+----------+-----------+-----------+------+----------+
        |- loop_init_coeff_phase_loop_init_coeff_tap  |      387|      387|         5|          1|          1|   384|       yes|
        +---------------------------------------------+---------+---------+----------+-----------+-----------+------+----------+

============================================================
+ Verbose Summary: Synthesis Manager
============================================================
InlineROM: 1
ExposeGlobal: 0
============================================================
+ Verbose Summary: CDFG Model
============================================================
IsTopModel: 0
ResetActiveHigh: 1
IsCombinational: 0
IsDatapathOnly: 0
HasWiredReturn: 1
HasMFsm: 2
HasVarLatency: 1
IsPipeline: 0
IsRtlPipelined: 0
IsInstanceOverlapped: 0
IsDontTouch: 0
HasImplIP: 0
IsGatedGlobalClock: 0

+ Individual pipeline summary: 
  * Pipeline-0: initiation interval (II) = 1, depth = 5


============================================================
+ Verbose Summary: Schedule
============================================================
* Number of FSM states : 5
* Pipeline : 1
  Pipeline-0 : II = 1, D = 5, States = { 1 2 3 4 5 }
* Dataflow Pipeline: 0

* FSM state transitions: 
1 --> 2 
2 --> 3 
3 --> 4 
4 --> 5 
5 --> 

* FSM state operations: 

State 1 <SV = 0> <Delay = 6.09>
ST_1 : Operation 8 [1/1] (0.00ns)   --->   "%j = alloca i32 1" [G:/Project-Workspace/zynq-7020-video-pipe-3/hw/video-pipe-hw-v3/hw_011223.runs/bd_8126_vsc_0_synth_1/prj/sol/.autopilot/db/v_vscaler.cpp:252]   --->   Operation 8 'alloca' 'j' <Predicate = true> <Delay = 0.00>
ST_1 : Operation 9 [1/1] (0.00ns)   --->   "%i = alloca i32 1" [G:/Project-Workspace/zynq-7020-video-pipe-3/hw/video-pipe-hw-v3/hw_011223.runs/bd_8126_vsc_0_synth_1/prj/sol/.autopilot/db/v_vscaler.cpp:249]   --->   Operation 9 'alloca' 'i' <Predicate = true> <Delay = 0.00>
ST_1 : Operation 10 [1/1] (0.00ns)   --->   "%indvar_flatten = alloca i32 1"   --->   Operation 10 'alloca' 'indvar_flatten' <Predicate = true> <Delay = 0.00>
ST_1 : Operation 11 [1/1] (0.00ns)   --->   "%specmemcore_ln0 = specmemcore void @_ssdm_op_SpecMemCore, i16 %FiltCoeff, i64 666, i64 19, i64 18446744073709551615"   --->   Operation 11 'specmemcore' 'specmemcore_ln0' <Predicate = true> <Delay = 0.00>
ST_1 : Operation 12 [1/1] (0.00ns)   --->   "%specmemcore_ln0 = specmemcore void @_ssdm_op_SpecMemCore, i16 %FiltCoeff_1, i64 666, i64 19, i64 18446744073709551615"   --->   Operation 12 'specmemcore' 'specmemcore_ln0' <Predicate = true> <Delay = 0.00>
ST_1 : Operation 13 [1/1] (0.00ns)   --->   "%specmemcore_ln0 = specmemcore void @_ssdm_op_SpecMemCore, i16 %FiltCoeff_2, i64 666, i64 19, i64 18446744073709551615"   --->   Operation 13 'specmemcore' 'specmemcore_ln0' <Predicate = true> <Delay = 0.00>
ST_1 : Operation 14 [1/1] (0.00ns)   --->   "%specmemcore_ln0 = specmemcore void @_ssdm_op_SpecMemCore, i16 %FiltCoeff_3, i64 666, i64 19, i64 18446744073709551615"   --->   Operation 14 'specmemcore' 'specmemcore_ln0' <Predicate = true> <Delay = 0.00>
ST_1 : Operation 15 [1/1] (0.00ns)   --->   "%specmemcore_ln0 = specmemcore void @_ssdm_op_SpecMemCore, i16 %FiltCoeff_4, i64 666, i64 19, i64 18446744073709551615"   --->   Operation 15 'specmemcore' 'specmemcore_ln0' <Predicate = true> <Delay = 0.00>
ST_1 : Operation 16 [1/1] (0.00ns)   --->   "%specmemcore_ln0 = specmemcore void @_ssdm_op_SpecMemCore, i16 %FiltCoeff_5, i64 666, i64 19, i64 18446744073709551615"   --->   Operation 16 'specmemcore' 'specmemcore_ln0' <Predicate = true> <Delay = 0.00>
ST_1 : Operation 17 [1/1] (0.00ns)   --->   "%specmemcore_ln0 = specmemcore void @_ssdm_op_SpecMemCore, i16 %vfltCoeff, i64 666, i64 207, i64 1"   --->   Operation 17 'specmemcore' 'specmemcore_ln0' <Predicate = true> <Delay = 0.00>
ST_1 : Operation 18 [1/1] (0.00ns)   --->   "%specinterface_ln0 = specinterface void @_ssdm_op_SpecInterface, i16 %vfltCoeff, void @empty_15, i32 0, i32 0, void @empty_3, i32 1, i32 0, void @empty_3, void @empty_3, void @empty_3, i32 0, i32 0, i32 0, i32 0, void @empty_3, void @empty_3, i32 4294967295, i32 0"   --->   Operation 18 'specinterface' 'specinterface_ln0' <Predicate = true> <Delay = 0.00>
ST_1 : Operation 19 [1/1] (1.58ns)   --->   "%store_ln0 = store i9 0, i9 %indvar_flatten"   --->   Operation 19 'store' 'store_ln0' <Predicate = true> <Delay = 1.58>
ST_1 : Operation 20 [1/1] (1.58ns)   --->   "%store_ln249 = store i7 0, i7 %i" [G:/Project-Workspace/zynq-7020-video-pipe-3/hw/video-pipe-hw-v3/hw_011223.runs/bd_8126_vsc_0_synth_1/prj/sol/.autopilot/db/v_vscaler.cpp:249]   --->   Operation 20 'store' 'store_ln249' <Predicate = true> <Delay = 1.58>
ST_1 : Operation 21 [1/1] (1.58ns)   --->   "%store_ln252 = store i3 0, i3 %j" [G:/Project-Workspace/zynq-7020-video-pipe-3/hw/video-pipe-hw-v3/hw_011223.runs/bd_8126_vsc_0_synth_1/prj/sol/.autopilot/db/v_vscaler.cpp:252]   --->   Operation 21 'store' 'store_ln252' <Predicate = true> <Delay = 1.58>
ST_1 : Operation 22 [1/1] (0.00ns)   --->   "%br_ln0 = br void %for.inc"   --->   Operation 22 'br' 'br_ln0' <Predicate = true> <Delay = 0.00>
ST_1 : Operation 23 [1/1] (0.00ns)   --->   "%indvar_flatten_load = load i9 %indvar_flatten" [G:/Project-Workspace/zynq-7020-video-pipe-3/hw/video-pipe-hw-v3/hw_011223.runs/bd_8126_vsc_0_synth_1/prj/sol/.autopilot/db/v_vscaler.cpp:249]   --->   Operation 23 'load' 'indvar_flatten_load' <Predicate = true> <Delay = 0.00>
ST_1 : Operation 24 [1/1] (1.82ns)   --->   "%icmp_ln249 = icmp_eq  i9 %indvar_flatten_load, i9 384" [G:/Project-Workspace/zynq-7020-video-pipe-3/hw/video-pipe-hw-v3/hw_011223.runs/bd_8126_vsc_0_synth_1/prj/sol/.autopilot/db/v_vscaler.cpp:249]   --->   Operation 24 'icmp' 'icmp_ln249' <Predicate = true> <Delay = 1.82> <CoreInst = "Cmp">   --->   Core 9 'Cmp' <Latency = 0> <II = 1> <Delay = 1.82> <FuncUnit> <Opcode : 'icmp'> <InPorts = 2> <OutPorts = 1>
ST_1 : Operation 25 [1/1] (1.82ns)   --->   "%add_ln249_1 = add i9 %indvar_flatten_load, i9 1" [G:/Project-Workspace/zynq-7020-video-pipe-3/hw/video-pipe-hw-v3/hw_011223.runs/bd_8126_vsc_0_synth_1/prj/sol/.autopilot/db/v_vscaler.cpp:249]   --->   Operation 25 'add' 'add_ln249_1' <Predicate = true> <Delay = 1.82> <CoreInst = "Adder">   --->   Core 1 'Adder' <Latency = 0> <II = 1> <Delay = 1.82> <FuncUnit> <Opcode : 'add' 'sub'> <InPorts = 2> <OutPorts = 1>
ST_1 : Operation 26 [1/1] (0.00ns)   --->   "%br_ln249 = br i1 %icmp_ln249, void %for.inc28, void %loop_height.exitStub" [G:/Project-Workspace/zynq-7020-video-pipe-3/hw/video-pipe-hw-v3/hw_011223.runs/bd_8126_vsc_0_synth_1/prj/sol/.autopilot/db/v_vscaler.cpp:249]   --->   Operation 26 'br' 'br_ln249' <Predicate = true> <Delay = 0.00>
ST_1 : Operation 27 [1/1] (0.00ns)   --->   "%j_load = load i3 %j" [G:/Project-Workspace/zynq-7020-video-pipe-3/hw/video-pipe-hw-v3/hw_011223.runs/bd_8126_vsc_0_synth_1/prj/sol/.autopilot/db/v_vscaler.cpp:252]   --->   Operation 27 'load' 'j_load' <Predicate = (!icmp_ln249)> <Delay = 0.00>
ST_1 : Operation 28 [1/1] (0.00ns)   --->   "%i_load = load i7 %i" [G:/Project-Workspace/zynq-7020-video-pipe-3/hw/video-pipe-hw-v3/hw_011223.runs/bd_8126_vsc_0_synth_1/prj/sol/.autopilot/db/v_vscaler.cpp:249]   --->   Operation 28 'load' 'i_load' <Predicate = (!icmp_ln249)> <Delay = 0.00>
ST_1 : Operation 29 [1/1] (1.87ns)   --->   "%add_ln249 = add i7 %i_load, i7 1" [G:/Project-Workspace/zynq-7020-video-pipe-3/hw/video-pipe-hw-v3/hw_011223.runs/bd_8126_vsc_0_synth_1/prj/sol/.autopilot/db/v_vscaler.cpp:249]   --->   Operation 29 'add' 'add_ln249' <Predicate = (!icmp_ln249)> <Delay = 1.87> <CoreInst = "Adder">   --->   Core 1 'Adder' <Latency = 0> <II = 1> <Delay = 1.87> <FuncUnit> <Opcode : 'add' 'sub'> <InPorts = 2> <OutPorts = 1>
ST_1 : Operation 30 [1/1] (1.65ns)   --->   "%icmp_ln252 = icmp_eq  i3 %j_load, i3 6" [G:/Project-Workspace/zynq-7020-video-pipe-3/hw/video-pipe-hw-v3/hw_011223.runs/bd_8126_vsc_0_synth_1/prj/sol/.autopilot/db/v_vscaler.cpp:252]   --->   Operation 30 'icmp' 'icmp_ln252' <Predicate = (!icmp_ln249)> <Delay = 1.65> <CoreInst = "Cmp">   --->   Core 9 'Cmp' <Latency = 0> <II = 1> <Delay = 1.65> <FuncUnit> <Opcode : 'icmp'> <InPorts = 2> <OutPorts = 1>
ST_1 : Operation 31 [1/1] (0.98ns)   --->   "%select_ln249 = select i1 %icmp_ln252, i3 0, i3 %j_load" [G:/Project-Workspace/zynq-7020-video-pipe-3/hw/video-pipe-hw-v3/hw_011223.runs/bd_8126_vsc_0_synth_1/prj/sol/.autopilot/db/v_vscaler.cpp:249]   --->   Operation 31 'select' 'select_ln249' <Predicate = (!icmp_ln249)> <Delay = 0.98> <CoreInst = "Sel">   --->   Core 73 'Sel' <Latency = 0> <II = 1> <Delay = 0.98> <FuncUnit> <Opcode : 'select'> <InPorts = 3> <OutPorts = 1>
ST_1 : Operation 32 [1/1] (0.99ns)   --->   "%select_ln249_1 = select i1 %icmp_ln252, i7 %add_ln249, i7 %i_load" [G:/Project-Workspace/zynq-7020-video-pipe-3/hw/video-pipe-hw-v3/hw_011223.runs/bd_8126_vsc_0_synth_1/prj/sol/.autopilot/db/v_vscaler.cpp:249]   --->   Operation 32 'select' 'select_ln249_1' <Predicate = (!icmp_ln249)> <Delay = 0.99> <CoreInst = "Sel">   --->   Core 73 'Sel' <Latency = 0> <II = 1> <Delay = 0.99> <FuncUnit> <Opcode : 'select'> <InPorts = 3> <OutPorts = 1>
ST_1 : Operation 33 [1/1] (0.00ns)   --->   "%trunc_ln249 = trunc i7 %select_ln249_1" [G:/Project-Workspace/zynq-7020-video-pipe-3/hw/video-pipe-hw-v3/hw_011223.runs/bd_8126_vsc_0_synth_1/prj/sol/.autopilot/db/v_vscaler.cpp:249]   --->   Operation 33 'trunc' 'trunc_ln249' <Predicate = (!icmp_ln249)> <Delay = 0.00>
ST_1 : Operation 34 [1/1] (1.87ns)   --->   "%switch_ln254 = switch i3 %select_ln249, void %arrayidx278.case.5, i3 0, void %arrayidx278.case.0, i3 1, void %arrayidx278.case.1, i3 2, void %arrayidx278.case.2, i3 3, void %arrayidx278.case.3, i3 4, void %arrayidx278.case.4" [G:/Project-Workspace/zynq-7020-video-pipe-3/hw/video-pipe-hw-v3/hw_011223.runs/bd_8126_vsc_0_synth_1/prj/sol/.autopilot/db/v_vscaler.cpp:254]   --->   Operation 34 'switch' 'switch_ln254' <Predicate = (!icmp_ln249)> <Delay = 1.87>
ST_1 : Operation 35 [1/1] (1.65ns)   --->   "%add_ln252 = add i3 %select_ln249, i3 1" [G:/Project-Workspace/zynq-7020-video-pipe-3/hw/video-pipe-hw-v3/hw_011223.runs/bd_8126_vsc_0_synth_1/prj/sol/.autopilot/db/v_vscaler.cpp:252]   --->   Operation 35 'add' 'add_ln252' <Predicate = (!icmp_ln249)> <Delay = 1.65> <CoreInst = "Adder">   --->   Core 1 'Adder' <Latency = 0> <II = 1> <Delay = 1.65> <FuncUnit> <Opcode : 'add' 'sub'> <InPorts = 2> <OutPorts = 1>
ST_1 : Operation 36 [1/1] (1.58ns)   --->   "%store_ln249 = store i9 %add_ln249_1, i9 %indvar_flatten" [G:/Project-Workspace/zynq-7020-video-pipe-3/hw/video-pipe-hw-v3/hw_011223.runs/bd_8126_vsc_0_synth_1/prj/sol/.autopilot/db/v_vscaler.cpp:249]   --->   Operation 36 'store' 'store_ln249' <Predicate = (!icmp_ln249)> <Delay = 1.58>
ST_1 : Operation 37 [1/1] (1.58ns)   --->   "%store_ln249 = store i7 %select_ln249_1, i7 %i" [G:/Project-Workspace/zynq-7020-video-pipe-3/hw/video-pipe-hw-v3/hw_011223.runs/bd_8126_vsc_0_synth_1/prj/sol/.autopilot/db/v_vscaler.cpp:249]   --->   Operation 37 'store' 'store_ln249' <Predicate = (!icmp_ln249)> <Delay = 1.58>

State 2 <SV = 1> <Delay = 3.69>
ST_2 : Operation 38 [1/1] (0.00ns)   --->   "%tmp_s = bitconcatenate i9 @_ssdm_op_BitConcatenate.i9.i6.i3, i6 %trunc_ln249, i3 0" [G:/Project-Workspace/zynq-7020-video-pipe-3/hw/video-pipe-hw-v3/hw_011223.runs/bd_8126_vsc_0_synth_1/prj/sol/.autopilot/db/v_vscaler.cpp:254]   --->   Operation 38 'bitconcatenate' 'tmp_s' <Predicate = true> <Delay = 0.00>
ST_2 : Operation 39 [1/1] (0.00ns)   --->   "%tmp_16 = bitconcatenate i8 @_ssdm_op_BitConcatenate.i8.i7.i1, i7 %select_ln249_1, i1 0" [G:/Project-Workspace/zynq-7020-video-pipe-3/hw/video-pipe-hw-v3/hw_011223.runs/bd_8126_vsc_0_synth_1/prj/sol/.autopilot/db/v_vscaler.cpp:254]   --->   Operation 39 'bitconcatenate' 'tmp_16' <Predicate = true> <Delay = 0.00>
ST_2 : Operation 40 [1/1] (0.00ns)   --->   "%zext_ln254 = zext i8 %tmp_16" [G:/Project-Workspace/zynq-7020-video-pipe-3/hw/video-pipe-hw-v3/hw_011223.runs/bd_8126_vsc_0_synth_1/prj/sol/.autopilot/db/v_vscaler.cpp:254]   --->   Operation 40 'zext' 'zext_ln254' <Predicate = true> <Delay = 0.00>
ST_2 : Operation 41 [1/1] (0.00ns) (grouped into TernaryAdder)   --->   "%sub_ln254 = sub i9 %tmp_s, i9 %zext_ln254" [G:/Project-Workspace/zynq-7020-video-pipe-3/hw/video-pipe-hw-v3/hw_011223.runs/bd_8126_vsc_0_synth_1/prj/sol/.autopilot/db/v_vscaler.cpp:254]   --->   Operation 41 'sub' 'sub_ln254' <Predicate = true> <Delay = 0.00> <CoreInst = "TAddSub">   --->   Core 10 'TAddSub' <Latency = 0> <II = 1> <Delay = 1.84> <IPBlock> <Opcode : '' 'add' 'sub'> <InPorts = 3> <OutPorts = 1> <Sync> <CReg>
ST_2 : Operation 42 [1/1] (0.00ns)   --->   "%zext_ln254_1 = zext i3 %select_ln249" [G:/Project-Workspace/zynq-7020-video-pipe-3/hw/video-pipe-hw-v3/hw_011223.runs/bd_8126_vsc_0_synth_1/prj/sol/.autopilot/db/v_vscaler.cpp:254]   --->   Operation 42 'zext' 'zext_ln254_1' <Predicate = true> <Delay = 0.00>
ST_2 : Operation 43 [1/1] (3.69ns) (root node of TernaryAdder)   --->   "%add_ln254 = add i9 %sub_ln254, i9 %zext_ln254_1" [G:/Project-Workspace/zynq-7020-video-pipe-3/hw/video-pipe-hw-v3/hw_011223.runs/bd_8126_vsc_0_synth_1/prj/sol/.autopilot/db/v_vscaler.cpp:254]   --->   Operation 43 'add' 'add_ln254' <Predicate = true> <Delay = 3.69> <CoreInst = "TAddSub">   --->   Core 10 'TAddSub' <Latency = 0> <II = 1> <Delay = 1.84> <IPBlock> <Opcode : '' 'add' 'sub'> <InPorts = 3> <OutPorts = 1> <Sync> <CReg>
ST_2 : Operation 44 [1/1] (1.58ns)   --->   "%store_ln252 = store i3 %add_ln252, i3 %j" [G:/Project-Workspace/zynq-7020-video-pipe-3/hw/video-pipe-hw-v3/hw_011223.runs/bd_8126_vsc_0_synth_1/prj/sol/.autopilot/db/v_vscaler.cpp:252]   --->   Operation 44 'store' 'store_ln252' <Predicate = true> <Delay = 1.58>
ST_2 : Operation 45 [1/1] (0.00ns)   --->   "%br_ln252 = br void %for.inc" [G:/Project-Workspace/zynq-7020-video-pipe-3/hw/video-pipe-hw-v3/hw_011223.runs/bd_8126_vsc_0_synth_1/prj/sol/.autopilot/db/v_vscaler.cpp:252]   --->   Operation 45 'br' 'br_ln252' <Predicate = true> <Delay = 0.00>

State 3 <SV = 2> <Delay = 3.25>
ST_3 : Operation 46 [1/1] (0.00ns)   --->   "%zext_ln254_2 = zext i9 %add_ln254" [G:/Project-Workspace/zynq-7020-video-pipe-3/hw/video-pipe-hw-v3/hw_011223.runs/bd_8126_vsc_0_synth_1/prj/sol/.autopilot/db/v_vscaler.cpp:254]   --->   Operation 46 'zext' 'zext_ln254_2' <Predicate = true> <Delay = 0.00>
ST_3 : Operation 47 [1/1] (0.00ns)   --->   "%vfltCoeff_addr = getelementptr i16 %vfltCoeff, i64 0, i64 %zext_ln254_2" [G:/Project-Workspace/zynq-7020-video-pipe-3/hw/video-pipe-hw-v3/hw_011223.runs/bd_8126_vsc_0_synth_1/prj/sol/.autopilot/db/v_vscaler.cpp:254]   --->   Operation 47 'getelementptr' 'vfltCoeff_addr' <Predicate = true> <Delay = 0.00>
ST_3 : Operation 48 [2/2] (3.25ns)   --->   "%vfltCoeff_load = load i9 %vfltCoeff_addr" [G:/Project-Workspace/zynq-7020-video-pipe-3/hw/video-pipe-hw-v3/hw_011223.runs/bd_8126_vsc_0_synth_1/prj/sol/.autopilot/db/v_vscaler.cpp:254]   --->   Operation 48 'load' 'vfltCoeff_load' <Predicate = true> <Delay = 3.25> <CoreInst = "RAM_1P">   --->   Core 86 'RAM_1P' <Latency = 1> <II = 1> <Delay = 3.25> <Storage> <Opcode : 'load' 'store'> <Ports = 1> <Width = 16> <Depth = 384> <RAM>

State 4 <SV = 3> <Delay = 3.25>
ST_4 : Operation 49 [1/2] (3.25ns)   --->   "%vfltCoeff_load = load i9 %vfltCoeff_addr" [G:/Project-Workspace/zynq-7020-video-pipe-3/hw/video-pipe-hw-v3/hw_011223.runs/bd_8126_vsc_0_synth_1/prj/sol/.autopilot/db/v_vscaler.cpp:254]   --->   Operation 49 'load' 'vfltCoeff_load' <Predicate = true> <Delay = 3.25> <CoreInst = "RAM_1P">   --->   Core 86 'RAM_1P' <Latency = 1> <II = 1> <Delay = 3.25> <Storage> <Opcode : 'load' 'store'> <Ports = 1> <Width = 16> <Depth = 384> <RAM>
ST_4 : Operation 72 [1/1] (0.00ns)   --->   "%ret_ln0 = ret"   --->   Operation 72 'ret' 'ret_ln0' <Predicate = (icmp_ln249)> <Delay = 0.00>

State 5 <SV = 4> <Delay = 2.32>
ST_5 : Operation 50 [1/1] (0.00ns)   --->   "%specloopname_ln0 = specloopname void @_ssdm_op_SpecLoopName, void @loop_init_coeff_phase_loop_init_coeff_tap_str"   --->   Operation 50 'specloopname' 'specloopname_ln0' <Predicate = true> <Delay = 0.00>
ST_5 : Operation 51 [1/1] (0.00ns)   --->   "%speclooptripcount_ln0 = speclooptripcount void @_ssdm_op_SpecLoopTripCount, i64 384, i64 384, i64 384"   --->   Operation 51 'speclooptripcount' 'speclooptripcount_ln0' <Predicate = true> <Delay = 0.00>
ST_5 : Operation 52 [1/1] (0.00ns)   --->   "%zext_ln249 = zext i7 %select_ln249_1" [G:/Project-Workspace/zynq-7020-video-pipe-3/hw/video-pipe-hw-v3/hw_011223.runs/bd_8126_vsc_0_synth_1/prj/sol/.autopilot/db/v_vscaler.cpp:249]   --->   Operation 52 'zext' 'zext_ln249' <Predicate = true> <Delay = 0.00>
ST_5 : Operation 53 [1/1] (0.00ns)   --->   "%FiltCoeff_addr = getelementptr i16 %FiltCoeff, i64 0, i64 %zext_ln249" [G:/Project-Workspace/zynq-7020-video-pipe-3/hw/video-pipe-hw-v3/hw_011223.runs/bd_8126_vsc_0_synth_1/prj/sol/.autopilot/db/v_vscaler.cpp:249]   --->   Operation 53 'getelementptr' 'FiltCoeff_addr' <Predicate = true> <Delay = 0.00>
ST_5 : Operation 54 [1/1] (0.00ns)   --->   "%FiltCoeff_1_addr = getelementptr i16 %FiltCoeff_1, i64 0, i64 %zext_ln249" [G:/Project-Workspace/zynq-7020-video-pipe-3/hw/video-pipe-hw-v3/hw_011223.runs/bd_8126_vsc_0_synth_1/prj/sol/.autopilot/db/v_vscaler.cpp:249]   --->   Operation 54 'getelementptr' 'FiltCoeff_1_addr' <Predicate = true> <Delay = 0.00>
ST_5 : Operation 55 [1/1] (0.00ns)   --->   "%FiltCoeff_2_addr = getelementptr i16 %FiltCoeff_2, i64 0, i64 %zext_ln249" [G:/Project-Workspace/zynq-7020-video-pipe-3/hw/video-pipe-hw-v3/hw_011223.runs/bd_8126_vsc_0_synth_1/prj/sol/.autopilot/db/v_vscaler.cpp:249]   --->   Operation 55 'getelementptr' 'FiltCoeff_2_addr' <Predicate = true> <Delay = 0.00>
ST_5 : Operation 56 [1/1] (0.00ns)   --->   "%FiltCoeff_3_addr = getelementptr i16 %FiltCoeff_3, i64 0, i64 %zext_ln249" [G:/Project-Workspace/zynq-7020-video-pipe-3/hw/video-pipe-hw-v3/hw_011223.runs/bd_8126_vsc_0_synth_1/prj/sol/.autopilot/db/v_vscaler.cpp:249]   --->   Operation 56 'getelementptr' 'FiltCoeff_3_addr' <Predicate = true> <Delay = 0.00>
ST_5 : Operation 57 [1/1] (0.00ns)   --->   "%FiltCoeff_4_addr = getelementptr i16 %FiltCoeff_4, i64 0, i64 %zext_ln249" [G:/Project-Workspace/zynq-7020-video-pipe-3/hw/video-pipe-hw-v3/hw_011223.runs/bd_8126_vsc_0_synth_1/prj/sol/.autopilot/db/v_vscaler.cpp:249]   --->   Operation 57 'getelementptr' 'FiltCoeff_4_addr' <Predicate = true> <Delay = 0.00>
ST_5 : Operation 58 [1/1] (0.00ns)   --->   "%FiltCoeff_5_addr = getelementptr i16 %FiltCoeff_5, i64 0, i64 %zext_ln249" [G:/Project-Workspace/zynq-7020-video-pipe-3/hw/video-pipe-hw-v3/hw_011223.runs/bd_8126_vsc_0_synth_1/prj/sol/.autopilot/db/v_vscaler.cpp:249]   --->   Operation 58 'getelementptr' 'FiltCoeff_5_addr' <Predicate = true> <Delay = 0.00>
ST_5 : Operation 59 [1/1] (0.00ns)   --->   "%specpipeline_ln252 = specpipeline void @_ssdm_op_SpecPipeline, i32 4294967295, i32 0, i32 0, i32 0, void @empty_3" [G:/Project-Workspace/zynq-7020-video-pipe-3/hw/video-pipe-hw-v3/hw_011223.runs/bd_8126_vsc_0_synth_1/prj/sol/.autopilot/db/v_vscaler.cpp:252]   --->   Operation 59 'specpipeline' 'specpipeline_ln252' <Predicate = true> <Delay = 0.00>
ST_5 : Operation 60 [1/1] (2.32ns)   --->   "%store_ln254 = store i16 %vfltCoeff_load, i6 %FiltCoeff_4_addr" [G:/Project-Workspace/zynq-7020-video-pipe-3/hw/video-pipe-hw-v3/hw_011223.runs/bd_8126_vsc_0_synth_1/prj/sol/.autopilot/db/v_vscaler.cpp:254]   --->   Operation 60 'store' 'store_ln254' <Predicate = (select_ln249 == 4)> <Delay = 2.32> <CoreInst = "RAM_1P_LUTRAM">   --->   Core 87 'RAM_1P_LUTRAM' <Latency = 1> <II = 1> <Delay = 2.32> <Storage> <Opcode : 'load' 'store'> <Ports = 1> <Width = 16> <Depth = 64> <RAM>
ST_5 : Operation 61 [1/1] (0.00ns)   --->   "%br_ln254 = br void %arrayidx278.exit" [G:/Project-Workspace/zynq-7020-video-pipe-3/hw/video-pipe-hw-v3/hw_011223.runs/bd_8126_vsc_0_synth_1/prj/sol/.autopilot/db/v_vscaler.cpp:254]   --->   Operation 61 'br' 'br_ln254' <Predicate = (select_ln249 == 4)> <Delay = 0.00>
ST_5 : Operation 62 [1/1] (2.32ns)   --->   "%store_ln254 = store i16 %vfltCoeff_load, i6 %FiltCoeff_3_addr" [G:/Project-Workspace/zynq-7020-video-pipe-3/hw/video-pipe-hw-v3/hw_011223.runs/bd_8126_vsc_0_synth_1/prj/sol/.autopilot/db/v_vscaler.cpp:254]   --->   Operation 62 'store' 'store_ln254' <Predicate = (select_ln249 == 3)> <Delay = 2.32> <CoreInst = "RAM_1P_LUTRAM">   --->   Core 87 'RAM_1P_LUTRAM' <Latency = 1> <II = 1> <Delay = 2.32> <Storage> <Opcode : 'load' 'store'> <Ports = 1> <Width = 16> <Depth = 64> <RAM>
ST_5 : Operation 63 [1/1] (0.00ns)   --->   "%br_ln254 = br void %arrayidx278.exit" [G:/Project-Workspace/zynq-7020-video-pipe-3/hw/video-pipe-hw-v3/hw_011223.runs/bd_8126_vsc_0_synth_1/prj/sol/.autopilot/db/v_vscaler.cpp:254]   --->   Operation 63 'br' 'br_ln254' <Predicate = (select_ln249 == 3)> <Delay = 0.00>
ST_5 : Operation 64 [1/1] (2.32ns)   --->   "%store_ln254 = store i16 %vfltCoeff_load, i6 %FiltCoeff_2_addr" [G:/Project-Workspace/zynq-7020-video-pipe-3/hw/video-pipe-hw-v3/hw_011223.runs/bd_8126_vsc_0_synth_1/prj/sol/.autopilot/db/v_vscaler.cpp:254]   --->   Operation 64 'store' 'store_ln254' <Predicate = (select_ln249 == 2)> <Delay = 2.32> <CoreInst = "RAM_1P_LUTRAM">   --->   Core 87 'RAM_1P_LUTRAM' <Latency = 1> <II = 1> <Delay = 2.32> <Storage> <Opcode : 'load' 'store'> <Ports = 1> <Width = 16> <Depth = 64> <RAM>
ST_5 : Operation 65 [1/1] (0.00ns)   --->   "%br_ln254 = br void %arrayidx278.exit" [G:/Project-Workspace/zynq-7020-video-pipe-3/hw/video-pipe-hw-v3/hw_011223.runs/bd_8126_vsc_0_synth_1/prj/sol/.autopilot/db/v_vscaler.cpp:254]   --->   Operation 65 'br' 'br_ln254' <Predicate = (select_ln249 == 2)> <Delay = 0.00>
ST_5 : Operation 66 [1/1] (2.32ns)   --->   "%store_ln254 = store i16 %vfltCoeff_load, i6 %FiltCoeff_1_addr" [G:/Project-Workspace/zynq-7020-video-pipe-3/hw/video-pipe-hw-v3/hw_011223.runs/bd_8126_vsc_0_synth_1/prj/sol/.autopilot/db/v_vscaler.cpp:254]   --->   Operation 66 'store' 'store_ln254' <Predicate = (select_ln249 == 1)> <Delay = 2.32> <CoreInst = "RAM_1P_LUTRAM">   --->   Core 87 'RAM_1P_LUTRAM' <Latency = 1> <II = 1> <Delay = 2.32> <Storage> <Opcode : 'load' 'store'> <Ports = 1> <Width = 16> <Depth = 64> <RAM>
ST_5 : Operation 67 [1/1] (0.00ns)   --->   "%br_ln254 = br void %arrayidx278.exit" [G:/Project-Workspace/zynq-7020-video-pipe-3/hw/video-pipe-hw-v3/hw_011223.runs/bd_8126_vsc_0_synth_1/prj/sol/.autopilot/db/v_vscaler.cpp:254]   --->   Operation 67 'br' 'br_ln254' <Predicate = (select_ln249 == 1)> <Delay = 0.00>
ST_5 : Operation 68 [1/1] (2.32ns)   --->   "%store_ln254 = store i16 %vfltCoeff_load, i6 %FiltCoeff_addr" [G:/Project-Workspace/zynq-7020-video-pipe-3/hw/video-pipe-hw-v3/hw_011223.runs/bd_8126_vsc_0_synth_1/prj/sol/.autopilot/db/v_vscaler.cpp:254]   --->   Operation 68 'store' 'store_ln254' <Predicate = (select_ln249 == 0)> <Delay = 2.32> <CoreInst = "RAM_1P_LUTRAM">   --->   Core 87 'RAM_1P_LUTRAM' <Latency = 1> <II = 1> <Delay = 2.32> <Storage> <Opcode : 'load' 'store'> <Ports = 1> <Width = 16> <Depth = 64> <RAM>
ST_5 : Operation 69 [1/1] (0.00ns)   --->   "%br_ln254 = br void %arrayidx278.exit" [G:/Project-Workspace/zynq-7020-video-pipe-3/hw/video-pipe-hw-v3/hw_011223.runs/bd_8126_vsc_0_synth_1/prj/sol/.autopilot/db/v_vscaler.cpp:254]   --->   Operation 69 'br' 'br_ln254' <Predicate = (select_ln249 == 0)> <Delay = 0.00>
ST_5 : Operation 70 [1/1] (2.32ns)   --->   "%store_ln254 = store i16 %vfltCoeff_load, i6 %FiltCoeff_5_addr" [G:/Project-Workspace/zynq-7020-video-pipe-3/hw/video-pipe-hw-v3/hw_011223.runs/bd_8126_vsc_0_synth_1/prj/sol/.autopilot/db/v_vscaler.cpp:254]   --->   Operation 70 'store' 'store_ln254' <Predicate = (select_ln249 != 0 & select_ln249 != 1 & select_ln249 != 2 & select_ln249 != 3 & select_ln249 != 4)> <Delay = 2.32> <CoreInst = "RAM_1P_LUTRAM">   --->   Core 87 'RAM_1P_LUTRAM' <Latency = 1> <II = 1> <Delay = 2.32> <Storage> <Opcode : 'load' 'store'> <Ports = 1> <Width = 16> <Depth = 64> <RAM>
ST_5 : Operation 71 [1/1] (0.00ns)   --->   "%br_ln254 = br void %arrayidx278.exit" [G:/Project-Workspace/zynq-7020-video-pipe-3/hw/video-pipe-hw-v3/hw_011223.runs/bd_8126_vsc_0_synth_1/prj/sol/.autopilot/db/v_vscaler.cpp:254]   --->   Operation 71 'br' 'br_ln254' <Predicate = (select_ln249 != 0 & select_ln249 != 1 & select_ln249 != 2 & select_ln249 != 3 & select_ln249 != 4)> <Delay = 0.00>


============================================================
+ Verbose Summary: Timing violations
============================================================
Target clock period: 7.000ns, clock uncertainty: 1.890ns.

 <State 1>: 6.091ns
The critical path consists of the following:
	'store' operation 0 bit ('store_ln252', G:/Project-Workspace/zynq-7020-video-pipe-3/hw/video-pipe-hw-v3/hw_011223.runs/bd_8126_vsc_0_synth_1/prj/sol/.autopilot/db/v_vscaler.cpp:252) of constant 0 on local variable 'j', G:/Project-Workspace/zynq-7020-video-pipe-3/hw/video-pipe-hw-v3/hw_011223.runs/bd_8126_vsc_0_synth_1/prj/sol/.autopilot/db/v_vscaler.cpp:252 [21]  (1.588 ns)
	'load' operation 3 bit ('j_load', G:/Project-Workspace/zynq-7020-video-pipe-3/hw/video-pipe-hw-v3/hw_011223.runs/bd_8126_vsc_0_synth_1/prj/sol/.autopilot/db/v_vscaler.cpp:252) on local variable 'j', G:/Project-Workspace/zynq-7020-video-pipe-3/hw/video-pipe-hw-v3/hw_011223.runs/bd_8126_vsc_0_synth_1/prj/sol/.autopilot/db/v_vscaler.cpp:252 [29]  (0.000 ns)
	'icmp' operation 1 bit ('icmp_ln252', G:/Project-Workspace/zynq-7020-video-pipe-3/hw/video-pipe-hw-v3/hw_011223.runs/bd_8126_vsc_0_synth_1/prj/sol/.autopilot/db/v_vscaler.cpp:252) [34]  (1.650 ns)
	'select' operation 3 bit ('select_ln249', G:/Project-Workspace/zynq-7020-video-pipe-3/hw/video-pipe-hw-v3/hw_011223.runs/bd_8126_vsc_0_synth_1/prj/sol/.autopilot/db/v_vscaler.cpp:249) [35]  (0.980 ns)
	blocking operation 1.87264 ns on control path)

 <State 2>: 3.698ns
The critical path consists of the following:
	'sub' operation 9 bit ('sub_ln254', G:/Project-Workspace/zynq-7020-video-pipe-3/hw/video-pipe-hw-v3/hw_011223.runs/bd_8126_vsc_0_synth_1/prj/sol/.autopilot/db/v_vscaler.cpp:254) [42]  (0.000 ns)
	'add' operation 9 bit ('add_ln254', G:/Project-Workspace/zynq-7020-video-pipe-3/hw/video-pipe-hw-v3/hw_011223.runs/bd_8126_vsc_0_synth_1/prj/sol/.autopilot/db/v_vscaler.cpp:254) [50]  (3.698 ns)

 <State 3>: 3.254ns
The critical path consists of the following:
	'getelementptr' operation 9 bit ('vfltCoeff_addr', G:/Project-Workspace/zynq-7020-video-pipe-3/hw/video-pipe-hw-v3/hw_011223.runs/bd_8126_vsc_0_synth_1/prj/sol/.autopilot/db/v_vscaler.cpp:254) [52]  (0.000 ns)
	'load' operation 16 bit ('vfltCoeff_load', G:/Project-Workspace/zynq-7020-video-pipe-3/hw/video-pipe-hw-v3/hw_011223.runs/bd_8126_vsc_0_synth_1/prj/sol/.autopilot/db/v_vscaler.cpp:254) on array 'vfltCoeff' [54]  (3.254 ns)

 <State 4>: 3.254ns
The critical path consists of the following:
	'load' operation 16 bit ('vfltCoeff_load', G:/Project-Workspace/zynq-7020-video-pipe-3/hw/video-pipe-hw-v3/hw_011223.runs/bd_8126_vsc_0_synth_1/prj/sol/.autopilot/db/v_vscaler.cpp:254) on array 'vfltCoeff' [54]  (3.254 ns)

 <State 5>: 2.322ns
The critical path consists of the following:
	'getelementptr' operation 6 bit ('FiltCoeff_2_addr', G:/Project-Workspace/zynq-7020-video-pipe-3/hw/video-pipe-hw-v3/hw_011223.runs/bd_8126_vsc_0_synth_1/prj/sol/.autopilot/db/v_vscaler.cpp:249) [45]  (0.000 ns)
	'store' operation 0 bit ('store_ln254', G:/Project-Workspace/zynq-7020-video-pipe-3/hw/video-pipe-hw-v3/hw_011223.runs/bd_8126_vsc_0_synth_1/prj/sol/.autopilot/db/v_vscaler.cpp:254) of variable 'vfltCoeff_load', G:/Project-Workspace/zynq-7020-video-pipe-3/hw/video-pipe-hw-v3/hw_011223.runs/bd_8126_vsc_0_synth_1/prj/sol/.autopilot/db/v_vscaler.cpp:254 on array 'FiltCoeff_2' [63]  (2.322 ns)


============================================================
+ Verbose Summary: Binding
============================================================
N/A
* FSMD analyzer results:
  - Output states:
 - Input state : 
  - Chain level:
	State 1
	State 2
	State 3
	State 4
	State 5


============================================================
+ Verbose Summary: Datapath Resource usage 
============================================================
N/A
