

================================================================
== Vitis HLS Report for 'MultiPixStream2AXIvideo'
================================================================
* Date:           Fri Dec 22 10:23:09 2023

* Version:        2023.2 (Build 4023990 on Oct 11 2023)
* Project:        prj
* Solution:       sol (Vivado IP Flow Target)
* Product family: zynq
* Target device:  xc7z020-clg484-1


================================================================
== Performance Estimates
================================================================
+ Timing: 
    * Summary: 
    +--------+---------+----------+------------+
    |  Clock |  Target | Estimated| Uncertainty|
    +--------+---------+----------+------------+
    |ap_clk  |  7.00 ns|  4.999 ns|     1.89 ns|
    +--------+---------+----------+------------+

+ Latency: 
    * Summary: 
    +---------+---------+-----------+----------+------+--------+---------+
    |  Latency (cycles) |  Latency (absolute)  |    Interval   | Pipeline|
    |   min   |   max   |    min    |    max   |  min |   max  |   Type  |
    +---------+---------+-----------+----------+------+--------+---------+
    |     4547|   162803|  31.829 us|  1.140 ms|  4547|  162803|       no|
    +---------+---------+-----------+----------+------+--------+---------+

    + Detail: 
        * Instance: 
        N/A

        * Loop: 
        +--------------------+---------+---------+----------+-----------+-----------+----------+----------+
        |                    |  Latency (cycles) | Iteration|  Initiation Interval  |   Trip   |          |
        |      Loop Name     |   min   |   max   |  Latency |  achieved |   target  |   Count  | Pipelined|
        +--------------------+---------+---------+----------+-----------+-----------+----------+----------+
        |- VITIS_LOOP_662_1  |     4544|   162800|  71 ~ 407|          -|          -|  64 ~ 400|        no|
        +--------------------+---------+---------+----------+-----------+-----------+----------+----------+

============================================================
+ Verbose Summary: Synthesis Manager
============================================================
InlineROM: 1
ExposeGlobal: 0
============================================================
+ Verbose Summary: CDFG Model
============================================================
IsTopModel: 0
ResetActiveHigh: 1
IsCombinational: 2
IsDatapathOnly: 0
HasWiredReturn: 1
HasMFsm: 0
HasVarLatency: 1
IsPipeline: 0
IsRtlPipelined: 0
IsInstanceOverlapped: 0
IsDontTouch: 0
HasImplIP: 0
IsGatedGlobalClock: 0


============================================================
+ Verbose Summary: Schedule
============================================================
* Number of FSM states : 6
* Pipeline : 0
* Dataflow Pipeline: 0

* FSM state transitions: 
1 --> 2 
2 --> 3 
3 --> 4 6 
4 --> 5 
5 --> 3 
6 --> 

* FSM state operations: 

State 1 <SV = 0> <Delay = 2.55>
ST_1 : Operation 7 [1/1] (0.00ns)   --->   "%i = alloca i32 1" [G:/Project-Workspace/zynq-7020-video-pipe-3/hw/video-pipe-hw-v4/hw_011223.runs/bd_4177_csc_0_synth_1/prj/sol/.autopilot/db/v_csc.cpp:662]   --->   Operation 7 'alloca' 'i' <Predicate = true> <Delay = 0.00>
ST_1 : Operation 8 [1/1] (2.55ns)   --->   "%Height_read = read i9 @_ssdm_op_Read.ap_fifo.i9P0A, i9 %Height"   --->   Operation 8 'read' 'Height_read' <Predicate = true> <Delay = 2.55> <CoreInst = "FIFO_SRL">   --->   Core 81 'FIFO_SRL' <Latency = 0> <II = 1> <Delay = 3.63> <Storage> <Opcode : 'read' 'write' 'nbread' 'nbwrite'> <Ports = 0> <Width = 9> <Depth = 2> <FIFO>
ST_1 : Operation 9 [1/1] (2.55ns)   --->   "%WidthOut_read = read i9 @_ssdm_op_Read.ap_fifo.i9P0A, i9 %WidthOut"   --->   Operation 9 'read' 'WidthOut_read' <Predicate = true> <Delay = 2.55> <CoreInst = "FIFO_SRL">   --->   Core 81 'FIFO_SRL' <Latency = 0> <II = 1> <Delay = 3.63> <Storage> <Opcode : 'read' 'write' 'nbread' 'nbwrite'> <Ports = 0> <Width = 9> <Depth = 2> <FIFO>
ST_1 : Operation 10 [2/2] (0.00ns)   --->   "%rows = call i9 @reg<unsigned short>, i9 %Height_read" [G:/Project-Workspace/zynq-7020-video-pipe-3/hw/video-pipe-hw-v4/hw_011223.runs/bd_4177_csc_0_synth_1/prj/sol/.autopilot/db/v_csc.cpp:622]   --->   Operation 10 'call' 'rows' <Predicate = true> <Delay = 0.00> <CoreType = "Generic">   --->   Core 0 '' <Latency = 0> <II = 1> <Delay = 1.00> <Generic> <Opcode : >
ST_1 : Operation 11 [2/2] (0.00ns)   --->   "%cols = call i9 @reg<unsigned short>, i9 %WidthOut_read" [G:/Project-Workspace/zynq-7020-video-pipe-3/hw/video-pipe-hw-v4/hw_011223.runs/bd_4177_csc_0_synth_1/prj/sol/.autopilot/db/v_csc.cpp:623]   --->   Operation 11 'call' 'cols' <Predicate = true> <Delay = 0.00> <CoreType = "Generic">   --->   Core 0 '' <Latency = 0> <II = 1> <Delay = 1.00> <Generic> <Opcode : >
ST_1 : Operation 12 [1/1] (1.58ns)   --->   "%store_ln662 = store i9 0, i9 %i" [G:/Project-Workspace/zynq-7020-video-pipe-3/hw/video-pipe-hw-v4/hw_011223.runs/bd_4177_csc_0_synth_1/prj/sol/.autopilot/db/v_csc.cpp:662]   --->   Operation 12 'store' 'store_ln662' <Predicate = true> <Delay = 1.58>

State 2 <SV = 1> <Delay = 2.55>
ST_2 : Operation 13 [1/1] (0.00ns)   --->   "%specinterface_ln0 = specinterface void @_ssdm_op_SpecInterface, i9 %Height, void @ap_fifo_str, i32 0, i32 0, void @p_str, i32 0, i32 0, void @p_str, void @p_str, void @p_str, i32 2, i32 2, i32 16, i32 16, void @p_str, void @ScalarProp_str, i32 4294967295, i32 0"   --->   Operation 13 'specinterface' 'specinterface_ln0' <Predicate = true> <Delay = 0.00>
ST_2 : Operation 14 [1/1] (2.55ns)   --->   "%p_read_10 = read i8 @_ssdm_op_Read.ap_auto.i8, i8 %p_read"   --->   Operation 14 'read' 'p_read_10' <Predicate = true> <Delay = 2.55> <CoreInst = "FIFO_SRL">   --->   Core 81 'FIFO_SRL' <Latency = 0> <II = 1> <Delay = 3.63> <Storage> <Opcode : 'read' 'write' 'nbread' 'nbwrite'> <Ports = 0> <Width = -1> <Depth = -1> <FIFO>
ST_2 : Operation 15 [1/1] (0.00ns)   --->   "%specinterface_ln0 = specinterface void @_ssdm_op_SpecInterface, i9 %WidthOut, void @ap_fifo_str, i32 0, i32 0, void @p_str, i32 0, i32 0, void @p_str, void @p_str, void @p_str, i32 2, i32 2, i32 16, i32 16, void @p_str, void @ScalarProp_str, i32 4294967295, i32 0"   --->   Operation 15 'specinterface' 'specinterface_ln0' <Predicate = true> <Delay = 0.00>
ST_2 : Operation 16 [1/1] (0.00ns)   --->   "%specaxissidechannel_ln0 = specaxissidechannel void @_ssdm_op_SpecAXISSideChannel, i24 %m_axis_video_V_data_V, i3 %m_axis_video_V_keep_V, i3 %m_axis_video_V_strb_V, i1 %m_axis_video_V_user_V, i1 %m_axis_video_V_last_V, i1 %m_axis_video_V_id_V, i1 %m_axis_video_V_dest_V, void @empty_1"   --->   Operation 16 'specaxissidechannel' 'specaxissidechannel_ln0' <Predicate = true> <Delay = 0.00>
ST_2 : Operation 17 [1/1] (0.00ns)   --->   "%specinterface_ln0 = specinterface void @_ssdm_op_SpecInterface, i24 %stream_out_vresampled, void @empty_0, i32 0, i32 0, void @empty_18, i32 0, i32 0, void @empty_18, void @empty_18, void @empty_18, i32 0, i32 0, i32 0, i32 0, void @empty_18, void @empty_18, i32 4294967295, i32 0"   --->   Operation 17 'specinterface' 'specinterface_ln0' <Predicate = true> <Delay = 0.00>
ST_2 : Operation 18 [1/1] (0.00ns)   --->   "%specinterface_ln0 = specinterface void @_ssdm_op_SpecInterface, i1 %m_axis_video_V_dest_V, i1 %m_axis_video_V_id_V, i1 %m_axis_video_V_last_V, i1 %m_axis_video_V_user_V, i3 %m_axis_video_V_strb_V, i3 %m_axis_video_V_keep_V, i24 %m_axis_video_V_data_V, void @empty_16, i32 1, i32 1, void @empty_17, i32 0, i32 0, void @empty_18, void @empty_18, void @empty_18, i32 0, i32 0, i32 0, i32 0, void @empty_18, void @empty_18, i32 4294967295, i32 0"   --->   Operation 18 'specinterface' 'specinterface_ln0' <Predicate = true> <Delay = 0.00>
ST_2 : Operation 19 [1/2] (0.00ns)   --->   "%rows = call i9 @reg<unsigned short>, i9 %Height_read" [G:/Project-Workspace/zynq-7020-video-pipe-3/hw/video-pipe-hw-v4/hw_011223.runs/bd_4177_csc_0_synth_1/prj/sol/.autopilot/db/v_csc.cpp:622]   --->   Operation 19 'call' 'rows' <Predicate = true> <Delay = 0.00> <CoreType = "Generic">   --->   Core 0 '' <Latency = 0> <II = 1> <Delay = 1.00> <Generic> <Opcode : >
ST_2 : Operation 20 [1/2] (0.00ns)   --->   "%cols = call i9 @reg<unsigned short>, i9 %WidthOut_read" [G:/Project-Workspace/zynq-7020-video-pipe-3/hw/video-pipe-hw-v4/hw_011223.runs/bd_4177_csc_0_synth_1/prj/sol/.autopilot/db/v_csc.cpp:623]   --->   Operation 20 'call' 'cols' <Predicate = true> <Delay = 0.00> <CoreType = "Generic">   --->   Core 0 '' <Latency = 0> <II = 1> <Delay = 1.00> <Generic> <Opcode : >
ST_2 : Operation 21 [1/1] (1.82ns)   --->   "%sub = add i9 %cols, i9 511" [G:/Project-Workspace/zynq-7020-video-pipe-3/hw/video-pipe-hw-v4/hw_011223.runs/bd_4177_csc_0_synth_1/prj/sol/.autopilot/db/v_csc.cpp:623]   --->   Operation 21 'add' 'sub' <Predicate = true> <Delay = 1.82> <CoreInst = "Adder">   --->   Core 1 'Adder' <Latency = 0> <II = 1> <Delay = 1.82> <FuncUnit> <Opcode : 'add' 'sub'> <InPorts = 2> <OutPorts = 1>
ST_2 : Operation 22 [1/1] (1.58ns)   --->   "%br_ln662 = br void %VITIS_LOOP_664_2" [G:/Project-Workspace/zynq-7020-video-pipe-3/hw/video-pipe-hw-v4/hw_011223.runs/bd_4177_csc_0_synth_1/prj/sol/.autopilot/db/v_csc.cpp:662]   --->   Operation 22 'br' 'br_ln662' <Predicate = true> <Delay = 1.58>

State 3 <SV = 2> <Delay = 3.41>
ST_3 : Operation 23 [1/1] (0.00ns)   --->   "%sof = phi i1 1, void %for.body.lr.ph, i1 0, void %VITIS_LOOP_664_2.split"   --->   Operation 23 'phi' 'sof' <Predicate = true> <Delay = 0.00>
ST_3 : Operation 24 [1/1] (0.00ns)   --->   "%i_1 = load i9 %i" [G:/Project-Workspace/zynq-7020-video-pipe-3/hw/video-pipe-hw-v4/hw_011223.runs/bd_4177_csc_0_synth_1/prj/sol/.autopilot/db/v_csc.cpp:662]   --->   Operation 24 'load' 'i_1' <Predicate = true> <Delay = 0.00>
ST_3 : Operation 25 [1/1] (1.82ns)   --->   "%icmp_ln662 = icmp_eq  i9 %i_1, i9 %rows" [G:/Project-Workspace/zynq-7020-video-pipe-3/hw/video-pipe-hw-v4/hw_011223.runs/bd_4177_csc_0_synth_1/prj/sol/.autopilot/db/v_csc.cpp:662]   --->   Operation 25 'icmp' 'icmp_ln662' <Predicate = true> <Delay = 1.82> <CoreInst = "Cmp">   --->   Core 9 'Cmp' <Latency = 0> <II = 1> <Delay = 1.82> <FuncUnit> <Opcode : 'icmp'> <InPorts = 2> <OutPorts = 1>
ST_3 : Operation 26 [1/1] (0.00ns)   --->   "%speclooptripcount_ln0 = speclooptripcount void @_ssdm_op_SpecLoopTripCount, i64 64, i64 400, i64 0"   --->   Operation 26 'speclooptripcount' 'speclooptripcount_ln0' <Predicate = true> <Delay = 0.00>
ST_3 : Operation 27 [1/1] (1.82ns)   --->   "%i_2 = add i9 %i_1, i9 1" [G:/Project-Workspace/zynq-7020-video-pipe-3/hw/video-pipe-hw-v4/hw_011223.runs/bd_4177_csc_0_synth_1/prj/sol/.autopilot/db/v_csc.cpp:662]   --->   Operation 27 'add' 'i_2' <Predicate = true> <Delay = 1.82> <CoreInst = "Adder">   --->   Core 1 'Adder' <Latency = 0> <II = 1> <Delay = 1.82> <FuncUnit> <Opcode : 'add' 'sub'> <InPorts = 2> <OutPorts = 1>
ST_3 : Operation 28 [1/1] (0.00ns)   --->   "%br_ln662 = br i1 %icmp_ln662, void %VITIS_LOOP_664_2.split, void %for.end92" [G:/Project-Workspace/zynq-7020-video-pipe-3/hw/video-pipe-hw-v4/hw_011223.runs/bd_4177_csc_0_synth_1/prj/sol/.autopilot/db/v_csc.cpp:662]   --->   Operation 28 'br' 'br_ln662' <Predicate = true> <Delay = 0.00>
ST_3 : Operation 29 [1/1] (0.00ns)   --->   "%empty = wait i32 @_ssdm_op_Wait"   --->   Operation 29 'wait' 'empty' <Predicate = (!icmp_ln662)> <Delay = 0.00>
ST_3 : Operation 30 [1/1] (1.58ns)   --->   "%store_ln662 = store i9 %i_2, i9 %i" [G:/Project-Workspace/zynq-7020-video-pipe-3/hw/video-pipe-hw-v4/hw_011223.runs/bd_4177_csc_0_synth_1/prj/sol/.autopilot/db/v_csc.cpp:662]   --->   Operation 30 'store' 'store_ln662' <Predicate = (!icmp_ln662)> <Delay = 1.58>

State 4 <SV = 3> <Delay = 3.41>
ST_4 : Operation 31 [2/2] (3.41ns)   --->   "%call_ln623 = call void @MultiPixStream2AXIvideo_Pipeline_VITIS_LOOP_664_2, i1 %sof, i9 %cols, i24 %m_axis_video_V_data_V, i3 %m_axis_video_V_keep_V, i3 %m_axis_video_V_strb_V, i1 %m_axis_video_V_user_V, i1 %m_axis_video_V_last_V, i1 %m_axis_video_V_id_V, i1 %m_axis_video_V_dest_V, i8 %p_read_10, i9 %sub, i24 %stream_out_vresampled" [G:/Project-Workspace/zynq-7020-video-pipe-3/hw/video-pipe-hw-v4/hw_011223.runs/bd_4177_csc_0_synth_1/prj/sol/.autopilot/db/v_csc.cpp:623]   --->   Operation 31 'call' 'call_ln623' <Predicate = true> <Delay = 3.41> <CoreType = "Generic">   --->   Core 0 '' <Latency = 0> <II = 1> <Delay = 1.00> <Generic> <Opcode : >

State 5 <SV = 4> <Delay = 4.41>
ST_5 : Operation 32 [1/1] (0.00ns)   --->   "%specloopname_ln662 = specloopname void @_ssdm_op_SpecLoopName, void @empty_15" [G:/Project-Workspace/zynq-7020-video-pipe-3/hw/video-pipe-hw-v4/hw_011223.runs/bd_4177_csc_0_synth_1/prj/sol/.autopilot/db/v_csc.cpp:662]   --->   Operation 32 'specloopname' 'specloopname_ln662' <Predicate = true> <Delay = 0.00>
ST_5 : Operation 33 [1/2] (4.41ns)   --->   "%call_ln623 = call void @MultiPixStream2AXIvideo_Pipeline_VITIS_LOOP_664_2, i1 %sof, i9 %cols, i24 %m_axis_video_V_data_V, i3 %m_axis_video_V_keep_V, i3 %m_axis_video_V_strb_V, i1 %m_axis_video_V_user_V, i1 %m_axis_video_V_last_V, i1 %m_axis_video_V_id_V, i1 %m_axis_video_V_dest_V, i8 %p_read_10, i9 %sub, i24 %stream_out_vresampled" [G:/Project-Workspace/zynq-7020-video-pipe-3/hw/video-pipe-hw-v4/hw_011223.runs/bd_4177_csc_0_synth_1/prj/sol/.autopilot/db/v_csc.cpp:623]   --->   Operation 33 'call' 'call_ln623' <Predicate = true> <Delay = 4.41> <CoreType = "Generic">   --->   Core 0 '' <Latency = 0> <II = 1> <Delay = 1.00> <Generic> <Opcode : >
ST_5 : Operation 34 [1/1] (0.00ns)   --->   "%br_ln662 = br void %VITIS_LOOP_664_2" [G:/Project-Workspace/zynq-7020-video-pipe-3/hw/video-pipe-hw-v4/hw_011223.runs/bd_4177_csc_0_synth_1/prj/sol/.autopilot/db/v_csc.cpp:662]   --->   Operation 34 'br' 'br_ln662' <Predicate = true> <Delay = 0.00>

State 6 <SV = 5> <Delay = 0.00>
ST_6 : Operation 35 [1/1] (0.00ns)   --->   "%ret_ln0 = ret"   --->   Operation 35 'ret' 'ret_ln0' <Predicate = true> <Delay = 0.00>


============================================================
+ Verbose Summary: Timing violations
============================================================
Target clock period: 7.000ns, clock uncertainty: 1.890ns.

 <State 1>: 2.555ns
The critical path consists of the following:
	fifo read operation ('Height_read') on port 'Height' [15]  (2.555 ns)

 <State 2>: 2.555ns
The critical path consists of the following:
	wire read operation ('p_read_10') on port 'p_read' [14]  (2.555 ns)

 <State 3>: 3.411ns
The critical path consists of the following:
	'load' operation 9 bit ('i', G:/Project-Workspace/zynq-7020-video-pipe-3/hw/video-pipe-hw-v4/hw_011223.runs/bd_4177_csc_0_synth_1/prj/sol/.autopilot/db/v_csc.cpp:662) on local variable 'i', G:/Project-Workspace/zynq-7020-video-pipe-3/hw/video-pipe-hw-v4/hw_011223.runs/bd_4177_csc_0_synth_1/prj/sol/.autopilot/db/v_csc.cpp:662 [28]  (0.000 ns)
	'icmp' operation 1 bit ('icmp_ln662', G:/Project-Workspace/zynq-7020-video-pipe-3/hw/video-pipe-hw-v4/hw_011223.runs/bd_4177_csc_0_synth_1/prj/sol/.autopilot/db/v_csc.cpp:662) [29]  (1.823 ns)
	'store' operation 0 bit ('store_ln662', G:/Project-Workspace/zynq-7020-video-pipe-3/hw/video-pipe-hw-v4/hw_011223.runs/bd_4177_csc_0_synth_1/prj/sol/.autopilot/db/v_csc.cpp:662) of variable 'i', G:/Project-Workspace/zynq-7020-video-pipe-3/hw/video-pipe-hw-v4/hw_011223.runs/bd_4177_csc_0_synth_1/prj/sol/.autopilot/db/v_csc.cpp:662 on local variable 'i', G:/Project-Workspace/zynq-7020-video-pipe-3/hw/video-pipe-hw-v4/hw_011223.runs/bd_4177_csc_0_synth_1/prj/sol/.autopilot/db/v_csc.cpp:662 [37]  (1.588 ns)

 <State 4>: 3.411ns
The critical path consists of the following:
	'call' operation 0 bit ('call_ln623', G:/Project-Workspace/zynq-7020-video-pipe-3/hw/video-pipe-hw-v4/hw_011223.runs/bd_4177_csc_0_synth_1/prj/sol/.autopilot/db/v_csc.cpp:623) to 'MultiPixStream2AXIvideo_Pipeline_VITIS_LOOP_664_2' [36]  (3.411 ns)

 <State 5>: 4.415ns
The critical path consists of the following:
	'call' operation 0 bit ('call_ln623', G:/Project-Workspace/zynq-7020-video-pipe-3/hw/video-pipe-hw-v4/hw_011223.runs/bd_4177_csc_0_synth_1/prj/sol/.autopilot/db/v_csc.cpp:623) to 'MultiPixStream2AXIvideo_Pipeline_VITIS_LOOP_664_2' [36]  (4.415 ns)

 <State 6>: 0.000ns
The critical path consists of the following:


============================================================
+ Verbose Summary: Binding
============================================================
N/A
* FSMD analyzer results:
  - Output states:
 - Input state : 
  - Chain level:
	State 1
	State 2
	State 3
	State 4
	State 5
	State 6


============================================================
+ Verbose Summary: Datapath Resource usage 
============================================================
N/A
