

================================================================
== Vitis HLS Report for 'v_hcresampler_core_Pipeline_VITIS_LOOP_769_2'
================================================================
* Date:           Fri Dec 22 10:23:06 2023

* Version:        2023.2 (Build 4023990 on Oct 11 2023)
* Project:        prj
* Solution:       sol (Vivado IP Flow Target)
* Product family: zynq
* Target device:  xc7z020-clg484-1


================================================================
== Performance Estimates
================================================================
+ Timing: 
    * Summary: 
    +--------+---------+----------+------------+
    |  Clock |  Target | Estimated| Uncertainty|
    +--------+---------+----------+------------+
    |ap_clk  |  7.00 ns|  4.907 ns|     1.89 ns|
    +--------+---------+----------+------------+

+ Latency: 
    * Summary: 
    +---------+---------+-----------+----------+-----+-------+---------+
    |  Latency (cycles) |  Latency (absolute)  |   Interval  | Pipeline|
    |   min   |   max   |    min    |    max   | min |  max  |   Type  |
    +---------+---------+-----------+----------+-----+-------+---------+
    |        4|    32772|  28.000 ns|  0.229 ms|    4|  32772|       no|
    +---------+---------+-----------+----------+-----+-------+---------+

    + Detail: 
        * Instance: 
        N/A

        * Loop: 
        +--------------------+---------+---------+----------+-----------+-----------+-----------+----------+
        |                    |  Latency (cycles) | Iteration|  Initiation Interval  |    Trip   |          |
        |      Loop Name     |   min   |   max   |  Latency |  achieved |   target  |   Count   | Pipelined|
        +--------------------+---------+---------+----------+-----------+-----------+-----------+----------+
        |- VITIS_LOOP_769_2  |        2|    32770|         5|          1|          1|  0 ~ 32767|       yes|
        +--------------------+---------+---------+----------+-----------+-----------+-----------+----------+

============================================================
+ Verbose Summary: Synthesis Manager
============================================================
InlineROM: 1
ExposeGlobal: 0
============================================================
+ Verbose Summary: CDFG Model
============================================================
IsTopModel: 0
ResetActiveHigh: 1
IsCombinational: 0
IsDatapathOnly: 0
HasWiredReturn: 1
HasMFsm: 2
HasVarLatency: 1
IsPipeline: 0
IsRtlPipelined: 0
IsInstanceOverlapped: 0
IsDontTouch: 0
HasImplIP: 0
IsGatedGlobalClock: 0

+ Individual pipeline summary: 
  * Pipeline-0: initiation interval (II) = 1, depth = 5


============================================================
+ Verbose Summary: Schedule
============================================================
* Number of FSM states : 5
* Pipeline : 1
  Pipeline-0 : II = 1, D = 5, States = { 1 2 3 4 5 }
* Dataflow Pipeline: 0

* FSM state transitions: 
1 --> 2 
2 --> 3 
3 --> 4 
4 --> 5 
5 --> 

* FSM state operations: 

State 1 <SV = 0> <Delay = 4.90>
ST_1 : Operation 8 [1/1] (0.00ns)   --->   "%p_0_1_0_0_0692714_i = alloca i32 1"   --->   Operation 8 'alloca' 'p_0_1_0_0_0692714_i' <Predicate = true> <Delay = 0.00>
ST_1 : Operation 9 [1/1] (0.00ns)   --->   "%p_0_2_0_0_0696718_i = alloca i32 1"   --->   Operation 9 'alloca' 'p_0_2_0_0_0696718_i' <Predicate = true> <Delay = 0.00>
ST_1 : Operation 10 [1/1] (0.00ns)   --->   "%x = alloca i32 1" [G:/Project-Workspace/zynq-7020-video-pipe-3/hw/video-pipe-hw-v4/hw_011223.runs/bd_4177_csc_0_synth_1/prj/sol/.autopilot/db/v_csc.cpp:725->G:/Project-Workspace/zynq-7020-video-pipe-3/hw/video-pipe-hw-v4/hw_011223.runs/bd_4177_csc_0_synth_1/prj/sol/.autopilot/db/v_csc.cpp:483]   --->   Operation 10 'alloca' 'x' <Predicate = true> <Delay = 0.00>
ST_1 : Operation 11 [1/1] (0.00ns)   --->   "%p_0_0_0_0_0499688_i = alloca i32 1"   --->   Operation 11 'alloca' 'p_0_0_0_0_0499688_i' <Predicate = true> <Delay = 0.00>
ST_1 : Operation 12 [1/1] (0.00ns)   --->   "%p_0_1_0_0_0691_i = alloca i32 1"   --->   Operation 12 'alloca' 'p_0_1_0_0_0691_i' <Predicate = true> <Delay = 0.00>
ST_1 : Operation 13 [1/1] (0.00ns)   --->   "%p_0_2_0_0_0695_i = alloca i32 1"   --->   Operation 13 'alloca' 'p_0_2_0_0_0695_i' <Predicate = true> <Delay = 0.00>
ST_1 : Operation 14 [1/1] (0.00ns)   --->   "%pixbuf_y = alloca i32 1" [G:/Project-Workspace/zynq-7020-video-pipe-3/hw/video-pipe-hw-v4/hw_011223.runs/bd_4177_csc_0_synth_1/prj/sol/.autopilot/db/v_csc.cpp:745->G:/Project-Workspace/zynq-7020-video-pipe-3/hw/video-pipe-hw-v4/hw_011223.runs/bd_4177_csc_0_synth_1/prj/sol/.autopilot/db/v_csc.cpp:483]   --->   Operation 14 'alloca' 'pixbuf_y' <Predicate = true> <Delay = 0.00>
ST_1 : Operation 15 [1/1] (0.00ns)   --->   "%pixbuf_y_1 = alloca i32 1" [G:/Project-Workspace/zynq-7020-video-pipe-3/hw/video-pipe-hw-v4/hw_011223.runs/bd_4177_csc_0_synth_1/prj/sol/.autopilot/db/v_csc.cpp:745->G:/Project-Workspace/zynq-7020-video-pipe-3/hw/video-pipe-hw-v4/hw_011223.runs/bd_4177_csc_0_synth_1/prj/sol/.autopilot/db/v_csc.cpp:483]   --->   Operation 15 'alloca' 'pixbuf_y_1' <Predicate = true> <Delay = 0.00>
ST_1 : Operation 16 [1/1] (0.00ns)   --->   "%pixbuf_y_2 = alloca i32 1" [G:/Project-Workspace/zynq-7020-video-pipe-3/hw/video-pipe-hw-v4/hw_011223.runs/bd_4177_csc_0_synth_1/prj/sol/.autopilot/db/v_csc.cpp:745->G:/Project-Workspace/zynq-7020-video-pipe-3/hw/video-pipe-hw-v4/hw_011223.runs/bd_4177_csc_0_synth_1/prj/sol/.autopilot/db/v_csc.cpp:483]   --->   Operation 16 'alloca' 'pixbuf_y_2' <Predicate = true> <Delay = 0.00>
ST_1 : Operation 17 [1/1] (0.00ns)   --->   "%pixbuf_y_3 = alloca i32 1" [G:/Project-Workspace/zynq-7020-video-pipe-3/hw/video-pipe-hw-v4/hw_011223.runs/bd_4177_csc_0_synth_1/prj/sol/.autopilot/db/v_csc.cpp:745->G:/Project-Workspace/zynq-7020-video-pipe-3/hw/video-pipe-hw-v4/hw_011223.runs/bd_4177_csc_0_synth_1/prj/sol/.autopilot/db/v_csc.cpp:483]   --->   Operation 17 'alloca' 'pixbuf_y_3' <Predicate = true> <Delay = 0.00>
ST_1 : Operation 18 [1/1] (0.00ns)   --->   "%zext_ln765_read = read i9 @_ssdm_op_Read.ap_auto.i9, i9 %zext_ln765"   --->   Operation 18 'read' 'zext_ln765_read' <Predicate = true> <Delay = 0.00>
ST_1 : Operation 19 [1/1] (0.00ns)   --->   "%select_ln765_read = read i2 @_ssdm_op_Read.ap_auto.i2, i2 %select_ln765"   --->   Operation 19 'read' 'select_ln765_read' <Predicate = true> <Delay = 0.00>
ST_1 : Operation 20 [1/1] (0.00ns)   --->   "%p_cast19_i_read = read i1 @_ssdm_op_Read.ap_auto.i1, i1 %p_cast19_i"   --->   Operation 20 'read' 'p_cast19_i_read' <Predicate = true> <Delay = 0.00>
ST_1 : Operation 21 [1/1] (0.00ns)   --->   "%p_read_5 = read i1 @_ssdm_op_Read.ap_auto.i1, i1 %p_read"   --->   Operation 21 'read' 'p_read_5' <Predicate = true> <Delay = 0.00>
ST_1 : Operation 22 [1/1] (0.00ns)   --->   "%add_ln767_read = read i10 @_ssdm_op_Read.ap_auto.i10, i10 %add_ln767"   --->   Operation 22 'read' 'add_ln767_read' <Predicate = true> <Delay = 0.00>
ST_1 : Operation 23 [1/1] (0.00ns)   --->   "%p_0_0_0_0_0499689_lcssa735_i_read = read i8 @_ssdm_op_Read.ap_auto.i8, i8 %p_0_0_0_0_0499689_lcssa735_i"   --->   Operation 23 'read' 'p_0_0_0_0_0499689_lcssa735_i_read' <Predicate = true> <Delay = 0.00>
ST_1 : Operation 24 [1/1] (0.00ns)   --->   "%p_0_1_0_0_0692_lcssa738_i_read = read i8 @_ssdm_op_Read.ap_auto.i8, i8 %p_0_1_0_0_0692_lcssa738_i"   --->   Operation 24 'read' 'p_0_1_0_0_0692_lcssa738_i_read' <Predicate = true> <Delay = 0.00>
ST_1 : Operation 25 [1/1] (0.00ns)   --->   "%p_0_2_0_0_0696_lcssa741_i_read = read i8 @_ssdm_op_Read.ap_auto.i8, i8 %p_0_2_0_0_0696_lcssa741_i"   --->   Operation 25 'read' 'p_0_2_0_0_0696_lcssa741_i_read' <Predicate = true> <Delay = 0.00>
ST_1 : Operation 26 [1/1] (0.00ns)   --->   "%p_0_1_0_0_0692712_lcssa761_i_read = read i8 @_ssdm_op_Read.ap_auto.i8, i8 %p_0_1_0_0_0692712_lcssa761_i"   --->   Operation 26 'read' 'p_0_1_0_0_0692712_lcssa761_i_read' <Predicate = true> <Delay = 0.00>
ST_1 : Operation 27 [1/1] (0.00ns)   --->   "%p_0_2_0_0_0696716_lcssa764_i_read = read i8 @_ssdm_op_Read.ap_auto.i8, i8 %p_0_2_0_0_0696716_lcssa764_i"   --->   Operation 27 'read' 'p_0_2_0_0_0696716_lcssa764_i_read' <Predicate = true> <Delay = 0.00>
ST_1 : Operation 28 [1/1] (0.00ns)   --->   "%pixbuf_y_11_read = read i8 @_ssdm_op_Read.ap_auto.i8, i8 %pixbuf_y_11"   --->   Operation 28 'read' 'pixbuf_y_11_read' <Predicate = true> <Delay = 0.00>
ST_1 : Operation 29 [1/1] (0.00ns)   --->   "%pixbuf_y_12_read = read i8 @_ssdm_op_Read.ap_auto.i8, i8 %pixbuf_y_12"   --->   Operation 29 'read' 'pixbuf_y_12_read' <Predicate = true> <Delay = 0.00>
ST_1 : Operation 30 [1/1] (0.00ns)   --->   "%pixbuf_y_13_read = read i8 @_ssdm_op_Read.ap_auto.i8, i8 %pixbuf_y_13"   --->   Operation 30 'read' 'pixbuf_y_13_read' <Predicate = true> <Delay = 0.00>
ST_1 : Operation 31 [1/1] (0.00ns)   --->   "%pixbuf_y_14_read = read i8 @_ssdm_op_Read.ap_auto.i8, i8 %pixbuf_y_14"   --->   Operation 31 'read' 'pixbuf_y_14_read' <Predicate = true> <Delay = 0.00>
ST_1 : Operation 32 [1/1] (0.00ns)   --->   "%zext_ln765_cast = zext i9 %zext_ln765_read"   --->   Operation 32 'zext' 'zext_ln765_cast' <Predicate = true> <Delay = 0.00>
ST_1 : Operation 33 [1/1] (0.00ns)   --->   "%select_ln765_cast = zext i2 %select_ln765_read"   --->   Operation 33 'zext' 'select_ln765_cast' <Predicate = true> <Delay = 0.00>
ST_1 : Operation 34 [1/1] (0.99ns)   --->   "%p_cast19_i_cast = select i1 %p_cast19_i_read, i2 3, i2 0"   --->   Operation 34 'select' 'p_cast19_i_cast' <Predicate = true> <Delay = 0.99> <CoreInst = "Sel">   --->   Core 73 'Sel' <Latency = 0> <II = 1> <Delay = 0.99> <FuncUnit> <Opcode : 'select'> <InPorts = 3> <OutPorts = 1>
ST_1 : Operation 35 [1/1] (0.00ns)   --->   "%specinterface_ln0 = specinterface void @_ssdm_op_SpecInterface, i24 %stream_out_hresampled, void @empty_0, i32 0, i32 0, void @empty_18, i32 0, i32 0, void @empty_18, void @empty_18, void @empty_18, i32 0, i32 0, i32 0, i32 0, void @empty_18, void @empty_18, i32 4294967295, i32 0"   --->   Operation 35 'specinterface' 'specinterface_ln0' <Predicate = true> <Delay = 0.00>
ST_1 : Operation 36 [1/1] (0.00ns)   --->   "%specinterface_ln0 = specinterface void @_ssdm_op_SpecInterface, i24 %stream_csc, void @empty_0, i32 0, i32 0, void @empty_18, i32 0, i32 0, void @empty_18, void @empty_18, void @empty_18, i32 0, i32 0, i32 0, i32 0, void @empty_18, void @empty_18, i32 4294967295, i32 0"   --->   Operation 36 'specinterface' 'specinterface_ln0' <Predicate = true> <Delay = 0.00>
ST_1 : Operation 37 [1/1] (1.58ns)   --->   "%store_ln745 = store i8 %pixbuf_y_14_read, i8 %pixbuf_y_3" [G:/Project-Workspace/zynq-7020-video-pipe-3/hw/video-pipe-hw-v4/hw_011223.runs/bd_4177_csc_0_synth_1/prj/sol/.autopilot/db/v_csc.cpp:745->G:/Project-Workspace/zynq-7020-video-pipe-3/hw/video-pipe-hw-v4/hw_011223.runs/bd_4177_csc_0_synth_1/prj/sol/.autopilot/db/v_csc.cpp:483]   --->   Operation 37 'store' 'store_ln745' <Predicate = true> <Delay = 1.58>
ST_1 : Operation 38 [1/1] (1.58ns)   --->   "%store_ln745 = store i8 %pixbuf_y_13_read, i8 %pixbuf_y_2" [G:/Project-Workspace/zynq-7020-video-pipe-3/hw/video-pipe-hw-v4/hw_011223.runs/bd_4177_csc_0_synth_1/prj/sol/.autopilot/db/v_csc.cpp:745->G:/Project-Workspace/zynq-7020-video-pipe-3/hw/video-pipe-hw-v4/hw_011223.runs/bd_4177_csc_0_synth_1/prj/sol/.autopilot/db/v_csc.cpp:483]   --->   Operation 38 'store' 'store_ln745' <Predicate = true> <Delay = 1.58>
ST_1 : Operation 39 [1/1] (1.58ns)   --->   "%store_ln745 = store i8 %pixbuf_y_12_read, i8 %pixbuf_y_1" [G:/Project-Workspace/zynq-7020-video-pipe-3/hw/video-pipe-hw-v4/hw_011223.runs/bd_4177_csc_0_synth_1/prj/sol/.autopilot/db/v_csc.cpp:745->G:/Project-Workspace/zynq-7020-video-pipe-3/hw/video-pipe-hw-v4/hw_011223.runs/bd_4177_csc_0_synth_1/prj/sol/.autopilot/db/v_csc.cpp:483]   --->   Operation 39 'store' 'store_ln745' <Predicate = true> <Delay = 1.58>
ST_1 : Operation 40 [1/1] (1.58ns)   --->   "%store_ln745 = store i8 %pixbuf_y_11_read, i8 %pixbuf_y" [G:/Project-Workspace/zynq-7020-video-pipe-3/hw/video-pipe-hw-v4/hw_011223.runs/bd_4177_csc_0_synth_1/prj/sol/.autopilot/db/v_csc.cpp:745->G:/Project-Workspace/zynq-7020-video-pipe-3/hw/video-pipe-hw-v4/hw_011223.runs/bd_4177_csc_0_synth_1/prj/sol/.autopilot/db/v_csc.cpp:483]   --->   Operation 40 'store' 'store_ln745' <Predicate = true> <Delay = 1.58>
ST_1 : Operation 41 [1/1] (1.58ns)   --->   "%store_ln0 = store i8 %p_0_2_0_0_0696_lcssa741_i_read, i8 %p_0_2_0_0_0695_i"   --->   Operation 41 'store' 'store_ln0' <Predicate = true> <Delay = 1.58>
ST_1 : Operation 42 [1/1] (1.58ns)   --->   "%store_ln0 = store i8 %p_0_1_0_0_0692_lcssa738_i_read, i8 %p_0_1_0_0_0691_i"   --->   Operation 42 'store' 'store_ln0' <Predicate = true> <Delay = 1.58>
ST_1 : Operation 43 [1/1] (1.58ns)   --->   "%store_ln0 = store i8 %p_0_0_0_0_0499689_lcssa735_i_read, i8 %p_0_0_0_0_0499688_i"   --->   Operation 43 'store' 'store_ln0' <Predicate = true> <Delay = 1.58>
ST_1 : Operation 44 [1/1] (1.58ns)   --->   "%store_ln725 = store i10 0, i10 %x" [G:/Project-Workspace/zynq-7020-video-pipe-3/hw/video-pipe-hw-v4/hw_011223.runs/bd_4177_csc_0_synth_1/prj/sol/.autopilot/db/v_csc.cpp:725->G:/Project-Workspace/zynq-7020-video-pipe-3/hw/video-pipe-hw-v4/hw_011223.runs/bd_4177_csc_0_synth_1/prj/sol/.autopilot/db/v_csc.cpp:483]   --->   Operation 44 'store' 'store_ln725' <Predicate = true> <Delay = 1.58>
ST_1 : Operation 45 [1/1] (1.58ns)   --->   "%store_ln0 = store i8 %p_0_2_0_0_0696716_lcssa764_i_read, i8 %p_0_2_0_0_0696718_i"   --->   Operation 45 'store' 'store_ln0' <Predicate = true> <Delay = 1.58>
ST_1 : Operation 46 [1/1] (1.58ns)   --->   "%store_ln0 = store i8 %p_0_1_0_0_0692712_lcssa761_i_read, i8 %p_0_1_0_0_0692714_i"   --->   Operation 46 'store' 'store_ln0' <Predicate = true> <Delay = 1.58>
ST_1 : Operation 47 [1/1] (0.00ns)   --->   "%br_ln0 = br void %for.body37.i"   --->   Operation 47 'br' 'br_ln0' <Predicate = true> <Delay = 0.00>
ST_1 : Operation 48 [1/1] (0.00ns)   --->   "%x_4 = load i10 %x" [G:/Project-Workspace/zynq-7020-video-pipe-3/hw/video-pipe-hw-v4/hw_011223.runs/bd_4177_csc_0_synth_1/prj/sol/.autopilot/db/v_csc.cpp:769->G:/Project-Workspace/zynq-7020-video-pipe-3/hw/video-pipe-hw-v4/hw_011223.runs/bd_4177_csc_0_synth_1/prj/sol/.autopilot/db/v_csc.cpp:483]   --->   Operation 48 'load' 'x_4' <Predicate = true> <Delay = 0.00>
ST_1 : Operation 49 [1/1] (1.73ns)   --->   "%icmp_ln769 = icmp_eq  i10 %x_4, i10 %add_ln767_read" [G:/Project-Workspace/zynq-7020-video-pipe-3/hw/video-pipe-hw-v4/hw_011223.runs/bd_4177_csc_0_synth_1/prj/sol/.autopilot/db/v_csc.cpp:769->G:/Project-Workspace/zynq-7020-video-pipe-3/hw/video-pipe-hw-v4/hw_011223.runs/bd_4177_csc_0_synth_1/prj/sol/.autopilot/db/v_csc.cpp:483]   --->   Operation 49 'icmp' 'icmp_ln769' <Predicate = true> <Delay = 1.73> <CoreInst = "Cmp">   --->   Core 9 'Cmp' <Latency = 0> <II = 1> <Delay = 1.73> <FuncUnit> <Opcode : 'icmp'> <InPorts = 2> <OutPorts = 1>
ST_1 : Operation 50 [1/1] (1.73ns)   --->   "%add_ln769 = add i10 %x_4, i10 1" [G:/Project-Workspace/zynq-7020-video-pipe-3/hw/video-pipe-hw-v4/hw_011223.runs/bd_4177_csc_0_synth_1/prj/sol/.autopilot/db/v_csc.cpp:769->G:/Project-Workspace/zynq-7020-video-pipe-3/hw/video-pipe-hw-v4/hw_011223.runs/bd_4177_csc_0_synth_1/prj/sol/.autopilot/db/v_csc.cpp:483]   --->   Operation 50 'add' 'add_ln769' <Predicate = true> <Delay = 1.73> <CoreInst = "Adder">   --->   Core 1 'Adder' <Latency = 0> <II = 1> <Delay = 1.73> <FuncUnit> <Opcode : 'add' 'sub'> <InPorts = 2> <OutPorts = 1>
ST_1 : Operation 51 [1/1] (0.00ns)   --->   "%br_ln769 = br i1 %icmp_ln769, void %for.body37.split.i, void %for.inc476.loopexit.i.exitStub" [G:/Project-Workspace/zynq-7020-video-pipe-3/hw/video-pipe-hw-v4/hw_011223.runs/bd_4177_csc_0_synth_1/prj/sol/.autopilot/db/v_csc.cpp:769->G:/Project-Workspace/zynq-7020-video-pipe-3/hw/video-pipe-hw-v4/hw_011223.runs/bd_4177_csc_0_synth_1/prj/sol/.autopilot/db/v_csc.cpp:483]   --->   Operation 51 'br' 'br_ln769' <Predicate = true> <Delay = 0.00>
ST_1 : Operation 52 [1/1] (0.00ns)   --->   "%zext_ln775 = zext i10 %x_4" [G:/Project-Workspace/zynq-7020-video-pipe-3/hw/video-pipe-hw-v4/hw_011223.runs/bd_4177_csc_0_synth_1/prj/sol/.autopilot/db/v_csc.cpp:775->G:/Project-Workspace/zynq-7020-video-pipe-3/hw/video-pipe-hw-v4/hw_011223.runs/bd_4177_csc_0_synth_1/prj/sol/.autopilot/db/v_csc.cpp:483]   --->   Operation 52 'zext' 'zext_ln775' <Predicate = (!icmp_ln769)> <Delay = 0.00>
ST_1 : Operation 53 [1/1] (1.73ns)   --->   "%out_x = sub i11 %zext_ln775, i11 %select_ln765_cast" [G:/Project-Workspace/zynq-7020-video-pipe-3/hw/video-pipe-hw-v4/hw_011223.runs/bd_4177_csc_0_synth_1/prj/sol/.autopilot/db/v_csc.cpp:775->G:/Project-Workspace/zynq-7020-video-pipe-3/hw/video-pipe-hw-v4/hw_011223.runs/bd_4177_csc_0_synth_1/prj/sol/.autopilot/db/v_csc.cpp:483]   --->   Operation 53 'sub' 'out_x' <Predicate = (!icmp_ln769)> <Delay = 1.73> <CoreInst = "Adder">   --->   Core 1 'Adder' <Latency = 0> <II = 1> <Delay = 1.73> <FuncUnit> <Opcode : 'add' 'sub'> <InPorts = 2> <OutPorts = 1>
ST_1 : Operation 54 [1/1] (0.00ns)   --->   "%odd_col = trunc i11 %out_x" [G:/Project-Workspace/zynq-7020-video-pipe-3/hw/video-pipe-hw-v4/hw_011223.runs/bd_4177_csc_0_synth_1/prj/sol/.autopilot/db/v_csc.cpp:733->G:/Project-Workspace/zynq-7020-video-pipe-3/hw/video-pipe-hw-v4/hw_011223.runs/bd_4177_csc_0_synth_1/prj/sol/.autopilot/db/v_csc.cpp:483]   --->   Operation 54 'trunc' 'odd_col' <Predicate = (!icmp_ln769)> <Delay = 0.00>
ST_1 : Operation 55 [1/1] (1.73ns)   --->   "%icmp_ln777 = icmp_ult  i10 %x_4, i10 %zext_ln765_cast" [G:/Project-Workspace/zynq-7020-video-pipe-3/hw/video-pipe-hw-v4/hw_011223.runs/bd_4177_csc_0_synth_1/prj/sol/.autopilot/db/v_csc.cpp:777->G:/Project-Workspace/zynq-7020-video-pipe-3/hw/video-pipe-hw-v4/hw_011223.runs/bd_4177_csc_0_synth_1/prj/sol/.autopilot/db/v_csc.cpp:483]   --->   Operation 55 'icmp' 'icmp_ln777' <Predicate = (!icmp_ln769)> <Delay = 1.73> <CoreInst = "Cmp">   --->   Core 9 'Cmp' <Latency = 0> <II = 1> <Delay = 1.73> <FuncUnit> <Opcode : 'icmp'> <InPorts = 2> <OutPorts = 1>
ST_1 : Operation 56 [1/1] (0.00ns)   --->   "%br_ln777 = br i1 %icmp_ln777, void %VITIS_LOOP_805_4.i_ifconv, void %VITIS_LOOP_781_3.i" [G:/Project-Workspace/zynq-7020-video-pipe-3/hw/video-pipe-hw-v4/hw_011223.runs/bd_4177_csc_0_synth_1/prj/sol/.autopilot/db/v_csc.cpp:777->G:/Project-Workspace/zynq-7020-video-pipe-3/hw/video-pipe-hw-v4/hw_011223.runs/bd_4177_csc_0_synth_1/prj/sol/.autopilot/db/v_csc.cpp:483]   --->   Operation 56 'br' 'br_ln777' <Predicate = (!icmp_ln769)> <Delay = 0.00>
ST_1 : Operation 57 [1/1] (1.73ns)   --->   "%cmp148_i = icmp_eq  i10 %x_4, i10 0" [G:/Project-Workspace/zynq-7020-video-pipe-3/hw/video-pipe-hw-v4/hw_011223.runs/bd_4177_csc_0_synth_1/prj/sol/.autopilot/db/v_csc.cpp:769->G:/Project-Workspace/zynq-7020-video-pipe-3/hw/video-pipe-hw-v4/hw_011223.runs/bd_4177_csc_0_synth_1/prj/sol/.autopilot/db/v_csc.cpp:483]   --->   Operation 57 'icmp' 'cmp148_i' <Predicate = (!icmp_ln769)> <Delay = 1.73> <CoreInst = "Cmp">   --->   Core 9 'Cmp' <Latency = 0> <II = 1> <Delay = 1.73> <FuncUnit> <Opcode : 'icmp'> <InPorts = 2> <OutPorts = 1>
ST_1 : Operation 58 [1/1] (0.00ns)   --->   "%tmp = bitselect i1 @_ssdm_op_BitSelect.i1.i11.i32, i11 %out_x, i32 10" [G:/Project-Workspace/zynq-7020-video-pipe-3/hw/video-pipe-hw-v4/hw_011223.runs/bd_4177_csc_0_synth_1/prj/sol/.autopilot/db/v_csc.cpp:922->G:/Project-Workspace/zynq-7020-video-pipe-3/hw/video-pipe-hw-v4/hw_011223.runs/bd_4177_csc_0_synth_1/prj/sol/.autopilot/db/v_csc.cpp:483]   --->   Operation 58 'bitselect' 'tmp' <Predicate = (!icmp_ln769)> <Delay = 0.00>
ST_1 : Operation 59 [1/1] (0.00ns)   --->   "%br_ln922 = br i1 %tmp, void %if.then468.i, void %for.inc473.i" [G:/Project-Workspace/zynq-7020-video-pipe-3/hw/video-pipe-hw-v4/hw_011223.runs/bd_4177_csc_0_synth_1/prj/sol/.autopilot/db/v_csc.cpp:922->G:/Project-Workspace/zynq-7020-video-pipe-3/hw/video-pipe-hw-v4/hw_011223.runs/bd_4177_csc_0_synth_1/prj/sol/.autopilot/db/v_csc.cpp:483]   --->   Operation 59 'br' 'br_ln922' <Predicate = (!icmp_ln769)> <Delay = 0.00>
ST_1 : Operation 60 [1/1] (0.00ns)   --->   "%br_ln924 = br i1 %p_read_5, void %if.else470.i, void %if.then469.i" [G:/Project-Workspace/zynq-7020-video-pipe-3/hw/video-pipe-hw-v4/hw_011223.runs/bd_4177_csc_0_synth_1/prj/sol/.autopilot/db/v_csc.cpp:924->G:/Project-Workspace/zynq-7020-video-pipe-3/hw/video-pipe-hw-v4/hw_011223.runs/bd_4177_csc_0_synth_1/prj/sol/.autopilot/db/v_csc.cpp:483]   --->   Operation 60 'br' 'br_ln924' <Predicate = (!icmp_ln769 & !tmp)> <Delay = 0.00>
ST_1 : Operation 61 [1/1] (0.00ns)   --->   "%br_ln928 = br void %for.inc473.i" [G:/Project-Workspace/zynq-7020-video-pipe-3/hw/video-pipe-hw-v4/hw_011223.runs/bd_4177_csc_0_synth_1/prj/sol/.autopilot/db/v_csc.cpp:928->G:/Project-Workspace/zynq-7020-video-pipe-3/hw/video-pipe-hw-v4/hw_011223.runs/bd_4177_csc_0_synth_1/prj/sol/.autopilot/db/v_csc.cpp:483]   --->   Operation 61 'br' 'br_ln928' <Predicate = (!icmp_ln769 & !tmp)> <Delay = 0.00>
ST_1 : Operation 62 [1/1] (1.58ns)   --->   "%store_ln725 = store i10 %add_ln769, i10 %x" [G:/Project-Workspace/zynq-7020-video-pipe-3/hw/video-pipe-hw-v4/hw_011223.runs/bd_4177_csc_0_synth_1/prj/sol/.autopilot/db/v_csc.cpp:725->G:/Project-Workspace/zynq-7020-video-pipe-3/hw/video-pipe-hw-v4/hw_011223.runs/bd_4177_csc_0_synth_1/prj/sol/.autopilot/db/v_csc.cpp:483]   --->   Operation 62 'store' 'store_ln725' <Predicate = (!icmp_ln769)> <Delay = 1.58>

State 2 <SV = 1> <Delay = 4.14>
ST_2 : Operation 63 [1/1] (2.55ns)   --->   "%stream_csc_read = read i24 @_ssdm_op_Read.ap_fifo.volatile.i24P0A, i24 %stream_csc" [G:/Project-Workspace/zynq-7020-video-pipe-3/hw/video-pipe-hw-v4/hw_011223.runs/bd_4177_csc_0_synth_1/prj/sol/.autopilot/db/v_csc.cpp:779->G:/Project-Workspace/zynq-7020-video-pipe-3/hw/video-pipe-hw-v4/hw_011223.runs/bd_4177_csc_0_synth_1/prj/sol/.autopilot/db/v_csc.cpp:483]   --->   Operation 63 'read' 'stream_csc_read' <Predicate = (!icmp_ln769 & icmp_ln777)> <Delay = 2.55> <CoreInst = "FIFO_SRL">   --->   Core 81 'FIFO_SRL' <Latency = 0> <II = 1> <Delay = 3.80> <Storage> <Opcode : 'read' 'write' 'nbread' 'nbwrite'> <Ports = 0> <Width = 24> <Depth = 16> <FIFO>
ST_2 : Operation 64 [1/1] (0.00ns)   --->   "%trunc_ln779 = trunc i24 %stream_csc_read" [G:/Project-Workspace/zynq-7020-video-pipe-3/hw/video-pipe-hw-v4/hw_011223.runs/bd_4177_csc_0_synth_1/prj/sol/.autopilot/db/v_csc.cpp:779->G:/Project-Workspace/zynq-7020-video-pipe-3/hw/video-pipe-hw-v4/hw_011223.runs/bd_4177_csc_0_synth_1/prj/sol/.autopilot/db/v_csc.cpp:483]   --->   Operation 64 'trunc' 'trunc_ln779' <Predicate = (!icmp_ln769 & icmp_ln777)> <Delay = 0.00>
ST_2 : Operation 65 [1/1] (0.00ns)   --->   "%trunc_ln779_5 = partselect i8 @_ssdm_op_PartSelect.i8.i24.i32.i32, i24 %stream_csc_read, i32 8, i32 15" [G:/Project-Workspace/zynq-7020-video-pipe-3/hw/video-pipe-hw-v4/hw_011223.runs/bd_4177_csc_0_synth_1/prj/sol/.autopilot/db/v_csc.cpp:779->G:/Project-Workspace/zynq-7020-video-pipe-3/hw/video-pipe-hw-v4/hw_011223.runs/bd_4177_csc_0_synth_1/prj/sol/.autopilot/db/v_csc.cpp:483]   --->   Operation 65 'partselect' 'trunc_ln779_5' <Predicate = (!icmp_ln769 & icmp_ln777)> <Delay = 0.00>
ST_2 : Operation 66 [1/1] (0.00ns)   --->   "%trunc_ln779_6 = partselect i8 @_ssdm_op_PartSelect.i8.i24.i32.i32, i24 %stream_csc_read, i32 16, i32 23" [G:/Project-Workspace/zynq-7020-video-pipe-3/hw/video-pipe-hw-v4/hw_011223.runs/bd_4177_csc_0_synth_1/prj/sol/.autopilot/db/v_csc.cpp:779->G:/Project-Workspace/zynq-7020-video-pipe-3/hw/video-pipe-hw-v4/hw_011223.runs/bd_4177_csc_0_synth_1/prj/sol/.autopilot/db/v_csc.cpp:483]   --->   Operation 66 'partselect' 'trunc_ln779_6' <Predicate = (!icmp_ln769 & icmp_ln777)> <Delay = 0.00>
ST_2 : Operation 67 [1/1] (1.58ns)   --->   "%store_ln779 = store i8 %trunc_ln779_6, i8 %p_0_2_0_0_0695_i" [G:/Project-Workspace/zynq-7020-video-pipe-3/hw/video-pipe-hw-v4/hw_011223.runs/bd_4177_csc_0_synth_1/prj/sol/.autopilot/db/v_csc.cpp:779->G:/Project-Workspace/zynq-7020-video-pipe-3/hw/video-pipe-hw-v4/hw_011223.runs/bd_4177_csc_0_synth_1/prj/sol/.autopilot/db/v_csc.cpp:483]   --->   Operation 67 'store' 'store_ln779' <Predicate = (!icmp_ln769 & icmp_ln777)> <Delay = 1.58>
ST_2 : Operation 68 [1/1] (1.58ns)   --->   "%store_ln779 = store i8 %trunc_ln779_5, i8 %p_0_1_0_0_0691_i" [G:/Project-Workspace/zynq-7020-video-pipe-3/hw/video-pipe-hw-v4/hw_011223.runs/bd_4177_csc_0_synth_1/prj/sol/.autopilot/db/v_csc.cpp:779->G:/Project-Workspace/zynq-7020-video-pipe-3/hw/video-pipe-hw-v4/hw_011223.runs/bd_4177_csc_0_synth_1/prj/sol/.autopilot/db/v_csc.cpp:483]   --->   Operation 68 'store' 'store_ln779' <Predicate = (!icmp_ln769 & icmp_ln777)> <Delay = 1.58>
ST_2 : Operation 69 [1/1] (1.58ns)   --->   "%store_ln779 = store i8 %trunc_ln779, i8 %p_0_0_0_0_0499688_i" [G:/Project-Workspace/zynq-7020-video-pipe-3/hw/video-pipe-hw-v4/hw_011223.runs/bd_4177_csc_0_synth_1/prj/sol/.autopilot/db/v_csc.cpp:779->G:/Project-Workspace/zynq-7020-video-pipe-3/hw/video-pipe-hw-v4/hw_011223.runs/bd_4177_csc_0_synth_1/prj/sol/.autopilot/db/v_csc.cpp:483]   --->   Operation 69 'store' 'store_ln779' <Predicate = (!icmp_ln769 & icmp_ln777)> <Delay = 1.58>
ST_2 : Operation 70 [1/1] (0.00ns)   --->   "%store_ln779 = store i8 %trunc_ln779_6, i8 %inpix_0_2_0_0_0_load686_i_out" [G:/Project-Workspace/zynq-7020-video-pipe-3/hw/video-pipe-hw-v4/hw_011223.runs/bd_4177_csc_0_synth_1/prj/sol/.autopilot/db/v_csc.cpp:779->G:/Project-Workspace/zynq-7020-video-pipe-3/hw/video-pipe-hw-v4/hw_011223.runs/bd_4177_csc_0_synth_1/prj/sol/.autopilot/db/v_csc.cpp:483]   --->   Operation 70 'store' 'store_ln779' <Predicate = (!icmp_ln769 & icmp_ln777)> <Delay = 0.00>
ST_2 : Operation 71 [1/1] (0.00ns)   --->   "%store_ln779 = store i8 %trunc_ln779_5, i8 %inpix_0_1_0_0_0_load684_i_out" [G:/Project-Workspace/zynq-7020-video-pipe-3/hw/video-pipe-hw-v4/hw_011223.runs/bd_4177_csc_0_synth_1/prj/sol/.autopilot/db/v_csc.cpp:779->G:/Project-Workspace/zynq-7020-video-pipe-3/hw/video-pipe-hw-v4/hw_011223.runs/bd_4177_csc_0_synth_1/prj/sol/.autopilot/db/v_csc.cpp:483]   --->   Operation 71 'store' 'store_ln779' <Predicate = (!icmp_ln769 & icmp_ln777)> <Delay = 0.00>
ST_2 : Operation 72 [1/1] (0.00ns)   --->   "%store_ln779 = store i8 %trunc_ln779, i8 %inpix_0_0_0_0_0_load682_i_out" [G:/Project-Workspace/zynq-7020-video-pipe-3/hw/video-pipe-hw-v4/hw_011223.runs/bd_4177_csc_0_synth_1/prj/sol/.autopilot/db/v_csc.cpp:779->G:/Project-Workspace/zynq-7020-video-pipe-3/hw/video-pipe-hw-v4/hw_011223.runs/bd_4177_csc_0_synth_1/prj/sol/.autopilot/db/v_csc.cpp:483]   --->   Operation 72 'store' 'store_ln779' <Predicate = (!icmp_ln769 & icmp_ln777)> <Delay = 0.00>
ST_2 : Operation 73 [1/1] (0.00ns)   --->   "%br_ln784 = br void %VITIS_LOOP_805_4.i_ifconv" [G:/Project-Workspace/zynq-7020-video-pipe-3/hw/video-pipe-hw-v4/hw_011223.runs/bd_4177_csc_0_synth_1/prj/sol/.autopilot/db/v_csc.cpp:784->G:/Project-Workspace/zynq-7020-video-pipe-3/hw/video-pipe-hw-v4/hw_011223.runs/bd_4177_csc_0_synth_1/prj/sol/.autopilot/db/v_csc.cpp:483]   --->   Operation 73 'br' 'br_ln784' <Predicate = (!icmp_ln769 & icmp_ln777)> <Delay = 0.00>

State 3 <SV = 2> <Delay = 3.16>
ST_3 : Operation 74 [1/1] (0.00ns)   --->   "%pixbuf_y_4 = load i8 %pixbuf_y"   --->   Operation 74 'load' 'pixbuf_y_4' <Predicate = true> <Delay = 0.00>
ST_3 : Operation 75 [1/1] (0.00ns)   --->   "%pixbuf_y_5 = load i8 %pixbuf_y_1"   --->   Operation 75 'load' 'pixbuf_y_5' <Predicate = true> <Delay = 0.00>
ST_3 : Operation 76 [1/1] (0.00ns)   --->   "%pixbuf_y_6 = load i8 %pixbuf_y_2"   --->   Operation 76 'load' 'pixbuf_y_6' <Predicate = true> <Delay = 0.00>
ST_3 : Operation 77 [1/1] (0.00ns)   --->   "%pixbuf_y_7 = load i8 %pixbuf_y_3"   --->   Operation 77 'load' 'pixbuf_y_7' <Predicate = true> <Delay = 0.00>
ST_3 : Operation 78 [1/1] (0.00ns)   --->   "%speclooptripcount_ln0 = speclooptripcount void @_ssdm_op_SpecLoopTripCount, i64 0, i64 32767, i64 32767"   --->   Operation 78 'speclooptripcount' 'speclooptripcount_ln0' <Predicate = true> <Delay = 0.00>
ST_3 : Operation 79 [1/1] (0.00ns)   --->   "%p_0_0_0_0_0491_1700_i_out_load = load i8 %p_0_0_0_0_0491_1700_i_out" [G:/Project-Workspace/zynq-7020-video-pipe-3/hw/video-pipe-hw-v4/hw_011223.runs/bd_4177_csc_0_synth_1/prj/sol/.autopilot/db/v_csc.cpp:859->G:/Project-Workspace/zynq-7020-video-pipe-3/hw/video-pipe-hw-v4/hw_011223.runs/bd_4177_csc_0_synth_1/prj/sol/.autopilot/db/v_csc.cpp:483]   --->   Operation 79 'load' 'p_0_0_0_0_0491_1700_i_out_load' <Predicate = (!icmp_ln769 & !cmp148_i & !odd_col)> <Delay = 0.00>
ST_3 : Operation 80 [1/1] (0.00ns)   --->   "%p_0_0_0_0_0_1703_i_out_load = load i8 %p_0_0_0_0_0_1703_i_out" [G:/Project-Workspace/zynq-7020-video-pipe-3/hw/video-pipe-hw-v4/hw_011223.runs/bd_4177_csc_0_synth_1/prj/sol/.autopilot/db/v_csc.cpp:859->G:/Project-Workspace/zynq-7020-video-pipe-3/hw/video-pipe-hw-v4/hw_011223.runs/bd_4177_csc_0_synth_1/prj/sol/.autopilot/db/v_csc.cpp:483]   --->   Operation 80 'load' 'p_0_0_0_0_0_1703_i_out_load' <Predicate = (!icmp_ln769 & !cmp148_i & !odd_col)> <Delay = 0.00>
ST_3 : Operation 81 [1/1] (0.00ns)   --->   "%p_0_0_0_0_0491_2708_i_out_load = load i8 %p_0_0_0_0_0491_2708_i_out" [G:/Project-Workspace/zynq-7020-video-pipe-3/hw/video-pipe-hw-v4/hw_011223.runs/bd_4177_csc_0_synth_1/prj/sol/.autopilot/db/v_csc.cpp:859->G:/Project-Workspace/zynq-7020-video-pipe-3/hw/video-pipe-hw-v4/hw_011223.runs/bd_4177_csc_0_synth_1/prj/sol/.autopilot/db/v_csc.cpp:483]   --->   Operation 81 'load' 'p_0_0_0_0_0491_2708_i_out_load' <Predicate = (!icmp_ln769 & !cmp148_i)> <Delay = 0.00>
ST_3 : Operation 82 [1/1] (0.00ns)   --->   "%p_0_0_0_0_0_2711_i_out_load = load i8 %p_0_0_0_0_0_2711_i_out" [G:/Project-Workspace/zynq-7020-video-pipe-3/hw/video-pipe-hw-v4/hw_011223.runs/bd_4177_csc_0_synth_1/prj/sol/.autopilot/db/v_csc.cpp:859->G:/Project-Workspace/zynq-7020-video-pipe-3/hw/video-pipe-hw-v4/hw_011223.runs/bd_4177_csc_0_synth_1/prj/sol/.autopilot/db/v_csc.cpp:483]   --->   Operation 82 'load' 'p_0_0_0_0_0_2711_i_out_load' <Predicate = (!icmp_ln769 & !cmp148_i)> <Delay = 0.00>
ST_3 : Operation 83 [1/1] (0.00ns)   --->   "%p_0_1_0_0_0692714_i_load_1 = load i8 %p_0_1_0_0_0692714_i" [G:/Project-Workspace/zynq-7020-video-pipe-3/hw/video-pipe-hw-v4/hw_011223.runs/bd_4177_csc_0_synth_1/prj/sol/.autopilot/db/v_csc.cpp:859->G:/Project-Workspace/zynq-7020-video-pipe-3/hw/video-pipe-hw-v4/hw_011223.runs/bd_4177_csc_0_synth_1/prj/sol/.autopilot/db/v_csc.cpp:483]   --->   Operation 83 'load' 'p_0_1_0_0_0692714_i_load_1' <Predicate = (!icmp_ln769 & !cmp148_i)> <Delay = 0.00>
ST_3 : Operation 84 [1/1] (0.00ns)   --->   "%p_0_2_0_0_0696718_i_load_1 = load i8 %p_0_2_0_0_0696718_i" [G:/Project-Workspace/zynq-7020-video-pipe-3/hw/video-pipe-hw-v4/hw_011223.runs/bd_4177_csc_0_synth_1/prj/sol/.autopilot/db/v_csc.cpp:859->G:/Project-Workspace/zynq-7020-video-pipe-3/hw/video-pipe-hw-v4/hw_011223.runs/bd_4177_csc_0_synth_1/prj/sol/.autopilot/db/v_csc.cpp:483]   --->   Operation 84 'load' 'p_0_2_0_0_0696718_i_load_1' <Predicate = (!icmp_ln769 & !cmp148_i)> <Delay = 0.00>
ST_3 : Operation 85 [1/1] (0.00ns)   --->   "%p_0_1_0_0_0691_i_load = load i8 %p_0_1_0_0_0691_i" [G:/Project-Workspace/zynq-7020-video-pipe-3/hw/video-pipe-hw-v4/hw_011223.runs/bd_4177_csc_0_synth_1/prj/sol/.autopilot/db/v_csc.cpp:859->G:/Project-Workspace/zynq-7020-video-pipe-3/hw/video-pipe-hw-v4/hw_011223.runs/bd_4177_csc_0_synth_1/prj/sol/.autopilot/db/v_csc.cpp:483]   --->   Operation 85 'load' 'p_0_1_0_0_0691_i_load' <Predicate = (!icmp_ln769)> <Delay = 0.00>
ST_3 : Operation 86 [1/1] (0.00ns)   --->   "%p_0_2_0_0_0695_i_load = load i8 %p_0_2_0_0_0695_i" [G:/Project-Workspace/zynq-7020-video-pipe-3/hw/video-pipe-hw-v4/hw_011223.runs/bd_4177_csc_0_synth_1/prj/sol/.autopilot/db/v_csc.cpp:859->G:/Project-Workspace/zynq-7020-video-pipe-3/hw/video-pipe-hw-v4/hw_011223.runs/bd_4177_csc_0_synth_1/prj/sol/.autopilot/db/v_csc.cpp:483]   --->   Operation 86 'load' 'p_0_2_0_0_0695_i_load' <Predicate = (!icmp_ln769)> <Delay = 0.00>
ST_3 : Operation 87 [1/1] (1.24ns)   --->   "%select_ln859 = select i1 %cmp148_i, i8 %p_0_2_0_0_0695_i_load, i8 %p_0_2_0_0_0696718_i_load_1" [G:/Project-Workspace/zynq-7020-video-pipe-3/hw/video-pipe-hw-v4/hw_011223.runs/bd_4177_csc_0_synth_1/prj/sol/.autopilot/db/v_csc.cpp:859->G:/Project-Workspace/zynq-7020-video-pipe-3/hw/video-pipe-hw-v4/hw_011223.runs/bd_4177_csc_0_synth_1/prj/sol/.autopilot/db/v_csc.cpp:483]   --->   Operation 87 'select' 'select_ln859' <Predicate = (!icmp_ln769)> <Delay = 1.24> <CoreInst = "Sel">   --->   Core 73 'Sel' <Latency = 0> <II = 1> <Delay = 1.24> <FuncUnit> <Opcode : 'select'> <InPorts = 3> <OutPorts = 1>
ST_3 : Operation 88 [1/1] (1.24ns)   --->   "%select_ln859_1 = select i1 %cmp148_i, i8 %p_0_1_0_0_0691_i_load, i8 %p_0_1_0_0_0692714_i_load_1" [G:/Project-Workspace/zynq-7020-video-pipe-3/hw/video-pipe-hw-v4/hw_011223.runs/bd_4177_csc_0_synth_1/prj/sol/.autopilot/db/v_csc.cpp:859->G:/Project-Workspace/zynq-7020-video-pipe-3/hw/video-pipe-hw-v4/hw_011223.runs/bd_4177_csc_0_synth_1/prj/sol/.autopilot/db/v_csc.cpp:483]   --->   Operation 88 'select' 'select_ln859_1' <Predicate = (!icmp_ln769)> <Delay = 1.24> <CoreInst = "Sel">   --->   Core 73 'Sel' <Latency = 0> <II = 1> <Delay = 1.24> <FuncUnit> <Opcode : 'select'> <InPorts = 3> <OutPorts = 1>
ST_3 : Operation 89 [1/1] (1.24ns)   --->   "%select_ln859_2 = select i1 %cmp148_i, i8 %p_0_2_0_0_0695_i_load, i8 %p_0_0_0_0_0_1703_i_out_load" [G:/Project-Workspace/zynq-7020-video-pipe-3/hw/video-pipe-hw-v4/hw_011223.runs/bd_4177_csc_0_synth_1/prj/sol/.autopilot/db/v_csc.cpp:859->G:/Project-Workspace/zynq-7020-video-pipe-3/hw/video-pipe-hw-v4/hw_011223.runs/bd_4177_csc_0_synth_1/prj/sol/.autopilot/db/v_csc.cpp:483]   --->   Operation 89 'select' 'select_ln859_2' <Predicate = (!icmp_ln769 & !odd_col)> <Delay = 1.24> <CoreInst = "Sel">   --->   Core 73 'Sel' <Latency = 0> <II = 1> <Delay = 1.24> <FuncUnit> <Opcode : 'select'> <InPorts = 3> <OutPorts = 1>
ST_3 : Operation 90 [1/1] (1.24ns)   --->   "%select_ln859_3 = select i1 %cmp148_i, i8 %p_0_2_0_0_0695_i_load, i8 %p_0_0_0_0_0_2711_i_out_load" [G:/Project-Workspace/zynq-7020-video-pipe-3/hw/video-pipe-hw-v4/hw_011223.runs/bd_4177_csc_0_synth_1/prj/sol/.autopilot/db/v_csc.cpp:859->G:/Project-Workspace/zynq-7020-video-pipe-3/hw/video-pipe-hw-v4/hw_011223.runs/bd_4177_csc_0_synth_1/prj/sol/.autopilot/db/v_csc.cpp:483]   --->   Operation 90 'select' 'select_ln859_3' <Predicate = (!icmp_ln769)> <Delay = 1.24> <CoreInst = "Sel">   --->   Core 73 'Sel' <Latency = 0> <II = 1> <Delay = 1.24> <FuncUnit> <Opcode : 'select'> <InPorts = 3> <OutPorts = 1>
ST_3 : Operation 91 [1/1] (1.24ns)   --->   "%select_ln859_4 = select i1 %cmp148_i, i8 %p_0_1_0_0_0691_i_load, i8 %p_0_0_0_0_0491_1700_i_out_load" [G:/Project-Workspace/zynq-7020-video-pipe-3/hw/video-pipe-hw-v4/hw_011223.runs/bd_4177_csc_0_synth_1/prj/sol/.autopilot/db/v_csc.cpp:859->G:/Project-Workspace/zynq-7020-video-pipe-3/hw/video-pipe-hw-v4/hw_011223.runs/bd_4177_csc_0_synth_1/prj/sol/.autopilot/db/v_csc.cpp:483]   --->   Operation 91 'select' 'select_ln859_4' <Predicate = (!icmp_ln769 & !odd_col)> <Delay = 1.24> <CoreInst = "Sel">   --->   Core 73 'Sel' <Latency = 0> <II = 1> <Delay = 1.24> <FuncUnit> <Opcode : 'select'> <InPorts = 3> <OutPorts = 1>
ST_3 : Operation 92 [1/1] (1.24ns)   --->   "%select_ln859_5 = select i1 %cmp148_i, i8 %p_0_1_0_0_0691_i_load, i8 %p_0_0_0_0_0491_2708_i_out_load" [G:/Project-Workspace/zynq-7020-video-pipe-3/hw/video-pipe-hw-v4/hw_011223.runs/bd_4177_csc_0_synth_1/prj/sol/.autopilot/db/v_csc.cpp:859->G:/Project-Workspace/zynq-7020-video-pipe-3/hw/video-pipe-hw-v4/hw_011223.runs/bd_4177_csc_0_synth_1/prj/sol/.autopilot/db/v_csc.cpp:483]   --->   Operation 92 'select' 'select_ln859_5' <Predicate = (!icmp_ln769)> <Delay = 1.24> <CoreInst = "Sel">   --->   Core 73 'Sel' <Latency = 0> <II = 1> <Delay = 1.24> <FuncUnit> <Opcode : 'select'> <InPorts = 3> <OutPorts = 1>
ST_3 : Operation 93 [1/1] (0.00ns)   --->   "%zext_ln891 = zext i8 %select_ln859_1" [G:/Project-Workspace/zynq-7020-video-pipe-3/hw/video-pipe-hw-v4/hw_011223.runs/bd_4177_csc_0_synth_1/prj/sol/.autopilot/db/v_csc.cpp:891->G:/Project-Workspace/zynq-7020-video-pipe-3/hw/video-pipe-hw-v4/hw_011223.runs/bd_4177_csc_0_synth_1/prj/sol/.autopilot/db/v_csc.cpp:483]   --->   Operation 93 'zext' 'zext_ln891' <Predicate = (!icmp_ln769 & !odd_col)> <Delay = 0.00>
ST_3 : Operation 94 [1/1] (1.91ns)   --->   "%add_ln891 = add i9 %zext_ln891, i9 2" [G:/Project-Workspace/zynq-7020-video-pipe-3/hw/video-pipe-hw-v4/hw_011223.runs/bd_4177_csc_0_synth_1/prj/sol/.autopilot/db/v_csc.cpp:891->G:/Project-Workspace/zynq-7020-video-pipe-3/hw/video-pipe-hw-v4/hw_011223.runs/bd_4177_csc_0_synth_1/prj/sol/.autopilot/db/v_csc.cpp:483]   --->   Operation 94 'add' 'add_ln891' <Predicate = (!icmp_ln769 & !odd_col)> <Delay = 1.91> <CoreInst = "Adder">   --->   Core 1 'Adder' <Latency = 0> <II = 1> <Delay = 1.91> <FuncUnit> <Opcode : 'add' 'sub'> <InPorts = 2> <OutPorts = 1>
ST_3 : Operation 95 [1/1] (0.00ns)   --->   "%zext_ln894 = zext i8 %select_ln859" [G:/Project-Workspace/zynq-7020-video-pipe-3/hw/video-pipe-hw-v4/hw_011223.runs/bd_4177_csc_0_synth_1/prj/sol/.autopilot/db/v_csc.cpp:894->G:/Project-Workspace/zynq-7020-video-pipe-3/hw/video-pipe-hw-v4/hw_011223.runs/bd_4177_csc_0_synth_1/prj/sol/.autopilot/db/v_csc.cpp:483]   --->   Operation 95 'zext' 'zext_ln894' <Predicate = (!icmp_ln769 & !odd_col)> <Delay = 0.00>
ST_3 : Operation 96 [1/1] (1.91ns)   --->   "%add_ln894 = add i9 %zext_ln894, i9 2" [G:/Project-Workspace/zynq-7020-video-pipe-3/hw/video-pipe-hw-v4/hw_011223.runs/bd_4177_csc_0_synth_1/prj/sol/.autopilot/db/v_csc.cpp:894->G:/Project-Workspace/zynq-7020-video-pipe-3/hw/video-pipe-hw-v4/hw_011223.runs/bd_4177_csc_0_synth_1/prj/sol/.autopilot/db/v_csc.cpp:483]   --->   Operation 96 'add' 'add_ln894' <Predicate = (!icmp_ln769 & !odd_col)> <Delay = 1.91> <CoreInst = "Adder">   --->   Core 1 'Adder' <Latency = 0> <II = 1> <Delay = 1.91> <FuncUnit> <Opcode : 'add' 'sub'> <InPorts = 2> <OutPorts = 1>
ST_3 : Operation 97 [1/1] (0.00ns)   --->   "%inpix_0_0_0_0_0_load = load i8 %inpix_0_0_0_0_0_load682_i_out" [G:/Project-Workspace/zynq-7020-video-pipe-3/hw/video-pipe-hw-v4/hw_011223.runs/bd_4177_csc_0_synth_1/prj/sol/.autopilot/db/v_csc.cpp:925->G:/Project-Workspace/zynq-7020-video-pipe-3/hw/video-pipe-hw-v4/hw_011223.runs/bd_4177_csc_0_synth_1/prj/sol/.autopilot/db/v_csc.cpp:483]   --->   Operation 97 'load' 'inpix_0_0_0_0_0_load' <Predicate = (!icmp_ln769 & !tmp & p_read_5)> <Delay = 0.00>
ST_3 : Operation 98 [1/1] (0.00ns)   --->   "%inpix_0_1_0_0_0_load = load i8 %inpix_0_1_0_0_0_load684_i_out" [G:/Project-Workspace/zynq-7020-video-pipe-3/hw/video-pipe-hw-v4/hw_011223.runs/bd_4177_csc_0_synth_1/prj/sol/.autopilot/db/v_csc.cpp:925->G:/Project-Workspace/zynq-7020-video-pipe-3/hw/video-pipe-hw-v4/hw_011223.runs/bd_4177_csc_0_synth_1/prj/sol/.autopilot/db/v_csc.cpp:483]   --->   Operation 98 'load' 'inpix_0_1_0_0_0_load' <Predicate = (!icmp_ln769 & !tmp & p_read_5)> <Delay = 0.00>
ST_3 : Operation 99 [1/1] (0.00ns)   --->   "%inpix_0_2_0_0_0_load = load i8 %inpix_0_2_0_0_0_load686_i_out" [G:/Project-Workspace/zynq-7020-video-pipe-3/hw/video-pipe-hw-v4/hw_011223.runs/bd_4177_csc_0_synth_1/prj/sol/.autopilot/db/v_csc.cpp:925->G:/Project-Workspace/zynq-7020-video-pipe-3/hw/video-pipe-hw-v4/hw_011223.runs/bd_4177_csc_0_synth_1/prj/sol/.autopilot/db/v_csc.cpp:483]   --->   Operation 99 'load' 'inpix_0_2_0_0_0_load' <Predicate = (!icmp_ln769 & !tmp & p_read_5)> <Delay = 0.00>
ST_3 : Operation 100 [1/1] (0.00ns)   --->   "%p_0 = bitconcatenate i24 @_ssdm_op_BitConcatenate.i24.i8.i8.i8, i8 %inpix_0_2_0_0_0_load, i8 %inpix_0_1_0_0_0_load, i8 %inpix_0_0_0_0_0_load" [G:/Project-Workspace/zynq-7020-video-pipe-3/hw/video-pipe-hw-v4/hw_011223.runs/bd_4177_csc_0_synth_1/prj/sol/.autopilot/db/v_csc.cpp:925->G:/Project-Workspace/zynq-7020-video-pipe-3/hw/video-pipe-hw-v4/hw_011223.runs/bd_4177_csc_0_synth_1/prj/sol/.autopilot/db/v_csc.cpp:483]   --->   Operation 100 'bitconcatenate' 'p_0' <Predicate = (!icmp_ln769 & !tmp & p_read_5)> <Delay = 0.00>
ST_3 : Operation 101 [1/1] (2.55ns)   --->   "%write_ln925 = write void @_ssdm_op_Write.ap_fifo.volatile.i24P0A, i24 %stream_out_hresampled, i24 %p_0" [G:/Project-Workspace/zynq-7020-video-pipe-3/hw/video-pipe-hw-v4/hw_011223.runs/bd_4177_csc_0_synth_1/prj/sol/.autopilot/db/v_csc.cpp:925->G:/Project-Workspace/zynq-7020-video-pipe-3/hw/video-pipe-hw-v4/hw_011223.runs/bd_4177_csc_0_synth_1/prj/sol/.autopilot/db/v_csc.cpp:483]   --->   Operation 101 'write' 'write_ln925' <Predicate = (!icmp_ln769 & !tmp & p_read_5)> <Delay = 2.55> <CoreInst = "FIFO_SRL">   --->   Core 81 'FIFO_SRL' <Latency = 0> <II = 1> <Delay = 3.80> <Storage> <Opcode : 'read' 'write' 'nbread' 'nbwrite'> <Ports = 0> <Width = 24> <Depth = 16> <FIFO>
ST_3 : Operation 102 [1/1] (0.00ns)   --->   "%br_ln925 = br void %if.end471.i" [G:/Project-Workspace/zynq-7020-video-pipe-3/hw/video-pipe-hw-v4/hw_011223.runs/bd_4177_csc_0_synth_1/prj/sol/.autopilot/db/v_csc.cpp:925->G:/Project-Workspace/zynq-7020-video-pipe-3/hw/video-pipe-hw-v4/hw_011223.runs/bd_4177_csc_0_synth_1/prj/sol/.autopilot/db/v_csc.cpp:483]   --->   Operation 102 'br' 'br_ln925' <Predicate = (!icmp_ln769 & !tmp & p_read_5)> <Delay = 0.00>
ST_3 : Operation 103 [1/1] (0.00ns)   --->   "%p_0_0_0_0_0499688_i_load = load i8 %p_0_0_0_0_0499688_i" [G:/Project-Workspace/zynq-7020-video-pipe-3/hw/video-pipe-hw-v4/hw_011223.runs/bd_4177_csc_0_synth_1/prj/sol/.autopilot/db/v_csc.cpp:745->G:/Project-Workspace/zynq-7020-video-pipe-3/hw/video-pipe-hw-v4/hw_011223.runs/bd_4177_csc_0_synth_1/prj/sol/.autopilot/db/v_csc.cpp:483]   --->   Operation 103 'load' 'p_0_0_0_0_0499688_i_load' <Predicate = (!icmp_ln769)> <Delay = 0.00>
ST_3 : Operation 104 [1/1] (1.58ns)   --->   "%store_ln745 = store i8 %p_0_0_0_0_0499688_i_load, i8 %pixbuf_y_3" [G:/Project-Workspace/zynq-7020-video-pipe-3/hw/video-pipe-hw-v4/hw_011223.runs/bd_4177_csc_0_synth_1/prj/sol/.autopilot/db/v_csc.cpp:745->G:/Project-Workspace/zynq-7020-video-pipe-3/hw/video-pipe-hw-v4/hw_011223.runs/bd_4177_csc_0_synth_1/prj/sol/.autopilot/db/v_csc.cpp:483]   --->   Operation 104 'store' 'store_ln745' <Predicate = (!icmp_ln769)> <Delay = 1.58>
ST_3 : Operation 105 [1/1] (1.58ns)   --->   "%store_ln745 = store i8 %pixbuf_y_7, i8 %pixbuf_y_2" [G:/Project-Workspace/zynq-7020-video-pipe-3/hw/video-pipe-hw-v4/hw_011223.runs/bd_4177_csc_0_synth_1/prj/sol/.autopilot/db/v_csc.cpp:745->G:/Project-Workspace/zynq-7020-video-pipe-3/hw/video-pipe-hw-v4/hw_011223.runs/bd_4177_csc_0_synth_1/prj/sol/.autopilot/db/v_csc.cpp:483]   --->   Operation 105 'store' 'store_ln745' <Predicate = (!icmp_ln769)> <Delay = 1.58>
ST_3 : Operation 106 [1/1] (1.58ns)   --->   "%store_ln745 = store i8 %pixbuf_y_6, i8 %pixbuf_y_1" [G:/Project-Workspace/zynq-7020-video-pipe-3/hw/video-pipe-hw-v4/hw_011223.runs/bd_4177_csc_0_synth_1/prj/sol/.autopilot/db/v_csc.cpp:745->G:/Project-Workspace/zynq-7020-video-pipe-3/hw/video-pipe-hw-v4/hw_011223.runs/bd_4177_csc_0_synth_1/prj/sol/.autopilot/db/v_csc.cpp:483]   --->   Operation 106 'store' 'store_ln745' <Predicate = (!icmp_ln769)> <Delay = 1.58>
ST_3 : Operation 107 [1/1] (1.58ns)   --->   "%store_ln745 = store i8 %pixbuf_y_5, i8 %pixbuf_y" [G:/Project-Workspace/zynq-7020-video-pipe-3/hw/video-pipe-hw-v4/hw_011223.runs/bd_4177_csc_0_synth_1/prj/sol/.autopilot/db/v_csc.cpp:745->G:/Project-Workspace/zynq-7020-video-pipe-3/hw/video-pipe-hw-v4/hw_011223.runs/bd_4177_csc_0_synth_1/prj/sol/.autopilot/db/v_csc.cpp:483]   --->   Operation 107 'store' 'store_ln745' <Predicate = (!icmp_ln769)> <Delay = 1.58>
ST_3 : Operation 108 [1/1] (1.58ns)   --->   "%store_ln859 = store i8 %p_0_2_0_0_0695_i_load, i8 %p_0_2_0_0_0696718_i" [G:/Project-Workspace/zynq-7020-video-pipe-3/hw/video-pipe-hw-v4/hw_011223.runs/bd_4177_csc_0_synth_1/prj/sol/.autopilot/db/v_csc.cpp:859->G:/Project-Workspace/zynq-7020-video-pipe-3/hw/video-pipe-hw-v4/hw_011223.runs/bd_4177_csc_0_synth_1/prj/sol/.autopilot/db/v_csc.cpp:483]   --->   Operation 108 'store' 'store_ln859' <Predicate = (!icmp_ln769)> <Delay = 1.58>
ST_3 : Operation 109 [1/1] (1.58ns)   --->   "%store_ln859 = store i8 %p_0_1_0_0_0691_i_load, i8 %p_0_1_0_0_0692714_i" [G:/Project-Workspace/zynq-7020-video-pipe-3/hw/video-pipe-hw-v4/hw_011223.runs/bd_4177_csc_0_synth_1/prj/sol/.autopilot/db/v_csc.cpp:859->G:/Project-Workspace/zynq-7020-video-pipe-3/hw/video-pipe-hw-v4/hw_011223.runs/bd_4177_csc_0_synth_1/prj/sol/.autopilot/db/v_csc.cpp:483]   --->   Operation 109 'store' 'store_ln859' <Predicate = (!icmp_ln769)> <Delay = 1.58>
ST_3 : Operation 110 [1/1] (0.00ns)   --->   "%store_ln859 = store i8 %select_ln859, i8 %p_0_0_0_0_0_2711_i_out" [G:/Project-Workspace/zynq-7020-video-pipe-3/hw/video-pipe-hw-v4/hw_011223.runs/bd_4177_csc_0_synth_1/prj/sol/.autopilot/db/v_csc.cpp:859->G:/Project-Workspace/zynq-7020-video-pipe-3/hw/video-pipe-hw-v4/hw_011223.runs/bd_4177_csc_0_synth_1/prj/sol/.autopilot/db/v_csc.cpp:483]   --->   Operation 110 'store' 'store_ln859' <Predicate = (!icmp_ln769)> <Delay = 0.00>
ST_3 : Operation 111 [1/1] (0.00ns)   --->   "%store_ln859 = store i8 %select_ln859_1, i8 %p_0_0_0_0_0491_2708_i_out" [G:/Project-Workspace/zynq-7020-video-pipe-3/hw/video-pipe-hw-v4/hw_011223.runs/bd_4177_csc_0_synth_1/prj/sol/.autopilot/db/v_csc.cpp:859->G:/Project-Workspace/zynq-7020-video-pipe-3/hw/video-pipe-hw-v4/hw_011223.runs/bd_4177_csc_0_synth_1/prj/sol/.autopilot/db/v_csc.cpp:483]   --->   Operation 111 'store' 'store_ln859' <Predicate = (!icmp_ln769)> <Delay = 0.00>
ST_3 : Operation 112 [1/1] (0.00ns)   --->   "%store_ln859 = store i8 %select_ln859_3, i8 %p_0_0_0_0_0_1703_i_out" [G:/Project-Workspace/zynq-7020-video-pipe-3/hw/video-pipe-hw-v4/hw_011223.runs/bd_4177_csc_0_synth_1/prj/sol/.autopilot/db/v_csc.cpp:859->G:/Project-Workspace/zynq-7020-video-pipe-3/hw/video-pipe-hw-v4/hw_011223.runs/bd_4177_csc_0_synth_1/prj/sol/.autopilot/db/v_csc.cpp:483]   --->   Operation 112 'store' 'store_ln859' <Predicate = (!icmp_ln769)> <Delay = 0.00>
ST_3 : Operation 113 [1/1] (0.00ns)   --->   "%store_ln859 = store i8 %select_ln859_5, i8 %p_0_0_0_0_0491_1700_i_out" [G:/Project-Workspace/zynq-7020-video-pipe-3/hw/video-pipe-hw-v4/hw_011223.runs/bd_4177_csc_0_synth_1/prj/sol/.autopilot/db/v_csc.cpp:859->G:/Project-Workspace/zynq-7020-video-pipe-3/hw/video-pipe-hw-v4/hw_011223.runs/bd_4177_csc_0_synth_1/prj/sol/.autopilot/db/v_csc.cpp:483]   --->   Operation 113 'store' 'store_ln859' <Predicate = (!icmp_ln769)> <Delay = 0.00>

State 4 <SV = 3> <Delay = 3.72>
ST_4 : Operation 114 [1/1] (0.00ns)   --->   "%pixbuf_y_15_out_load = load i8 %pixbuf_y_15_out" [G:/Project-Workspace/zynq-7020-video-pipe-3/hw/video-pipe-hw-v4/hw_011223.runs/bd_4177_csc_0_synth_1/prj/sol/.autopilot/db/v_csc.cpp:884->G:/Project-Workspace/zynq-7020-video-pipe-3/hw/video-pipe-hw-v4/hw_011223.runs/bd_4177_csc_0_synth_1/prj/sol/.autopilot/db/v_csc.cpp:483]   --->   Operation 114 'load' 'pixbuf_y_15_out_load' <Predicate = (p_cast19_i_cast == 0)> <Delay = 0.00>
ST_4 : Operation 115 [1/1] (1.82ns)   --->   "%tmp_i = sparsemux i8 @_ssdm_op_SparseMux.ap_auto.4i8.i8.i2, i2 0, i8 %pixbuf_y_15_out_load, i2 1, i8 %pixbuf_y_4, i2 2, i8 %pixbuf_y_5, i2 3, i8 %pixbuf_y_6, i8 0, i2 %p_cast19_i_cast" [G:/Project-Workspace/zynq-7020-video-pipe-3/hw/video-pipe-hw-v4/hw_011223.runs/bd_4177_csc_0_synth_1/prj/sol/.autopilot/db/v_csc.cpp:884->G:/Project-Workspace/zynq-7020-video-pipe-3/hw/video-pipe-hw-v4/hw_011223.runs/bd_4177_csc_0_synth_1/prj/sol/.autopilot/db/v_csc.cpp:483]   --->   Operation 115 'sparsemux' 'tmp_i' <Predicate = true> <Delay = 1.82> <CoreInst = "SparseMux">   --->   Core 135 'SparseMux' <Latency = 0> <II = 1> <Delay = 1.82> <FuncUnit> <Opcode : 'sparsemux'> <InPorts = 2> <OutPorts = 1>
ST_4 : Operation 116 [1/1] (0.00ns)   --->   "%shl_ln = bitconcatenate i9 @_ssdm_op_BitConcatenate.i9.i8.i1, i8 %select_ln859_5, i1 0" [G:/Project-Workspace/zynq-7020-video-pipe-3/hw/video-pipe-hw-v4/hw_011223.runs/bd_4177_csc_0_synth_1/prj/sol/.autopilot/db/v_csc.cpp:890->G:/Project-Workspace/zynq-7020-video-pipe-3/hw/video-pipe-hw-v4/hw_011223.runs/bd_4177_csc_0_synth_1/prj/sol/.autopilot/db/v_csc.cpp:483]   --->   Operation 116 'bitconcatenate' 'shl_ln' <Predicate = (!odd_col)> <Delay = 0.00>
ST_4 : Operation 117 [1/1] (0.00ns)   --->   "%zext_ln890 = zext i8 %select_ln859_4" [G:/Project-Workspace/zynq-7020-video-pipe-3/hw/video-pipe-hw-v4/hw_011223.runs/bd_4177_csc_0_synth_1/prj/sol/.autopilot/db/v_csc.cpp:890->G:/Project-Workspace/zynq-7020-video-pipe-3/hw/video-pipe-hw-v4/hw_011223.runs/bd_4177_csc_0_synth_1/prj/sol/.autopilot/db/v_csc.cpp:483]   --->   Operation 117 'zext' 'zext_ln890' <Predicate = (!odd_col)> <Delay = 0.00>
ST_4 : Operation 118 [1/1] (0.00ns)   --->   "%zext_ln890_1 = zext i9 %shl_ln" [G:/Project-Workspace/zynq-7020-video-pipe-3/hw/video-pipe-hw-v4/hw_011223.runs/bd_4177_csc_0_synth_1/prj/sol/.autopilot/db/v_csc.cpp:890->G:/Project-Workspace/zynq-7020-video-pipe-3/hw/video-pipe-hw-v4/hw_011223.runs/bd_4177_csc_0_synth_1/prj/sol/.autopilot/db/v_csc.cpp:483]   --->   Operation 118 'zext' 'zext_ln890_1' <Predicate = (!odd_col)> <Delay = 0.00>
ST_4 : Operation 119 [1/1] (0.00ns)   --->   "%zext_ln891_1 = zext i9 %add_ln891" [G:/Project-Workspace/zynq-7020-video-pipe-3/hw/video-pipe-hw-v4/hw_011223.runs/bd_4177_csc_0_synth_1/prj/sol/.autopilot/db/v_csc.cpp:891->G:/Project-Workspace/zynq-7020-video-pipe-3/hw/video-pipe-hw-v4/hw_011223.runs/bd_4177_csc_0_synth_1/prj/sol/.autopilot/db/v_csc.cpp:483]   --->   Operation 119 'zext' 'zext_ln891_1' <Predicate = (!odd_col)> <Delay = 0.00>
ST_4 : Operation 120 [1/1] (0.00ns) (grouped into TernaryAdder)   --->   "%add_ln891_2 = add i10 %zext_ln891_1, i10 %zext_ln890" [G:/Project-Workspace/zynq-7020-video-pipe-3/hw/video-pipe-hw-v4/hw_011223.runs/bd_4177_csc_0_synth_1/prj/sol/.autopilot/db/v_csc.cpp:891->G:/Project-Workspace/zynq-7020-video-pipe-3/hw/video-pipe-hw-v4/hw_011223.runs/bd_4177_csc_0_synth_1/prj/sol/.autopilot/db/v_csc.cpp:483]   --->   Operation 120 'add' 'add_ln891_2' <Predicate = (!odd_col)> <Delay = 0.00> <CoreInst = "TAddSub">   --->   Core 10 'TAddSub' <Latency = 0> <II = 1> <Delay = 1.86> <IPBlock> <Opcode : '' 'add' 'sub'> <InPorts = 3> <OutPorts = 1> <Sync> <CReg>
ST_4 : Operation 121 [1/1] (3.72ns) (root node of TernaryAdder)   --->   "%add_ln891_1 = add i10 %add_ln891_2, i10 %zext_ln890_1" [G:/Project-Workspace/zynq-7020-video-pipe-3/hw/video-pipe-hw-v4/hw_011223.runs/bd_4177_csc_0_synth_1/prj/sol/.autopilot/db/v_csc.cpp:891->G:/Project-Workspace/zynq-7020-video-pipe-3/hw/video-pipe-hw-v4/hw_011223.runs/bd_4177_csc_0_synth_1/prj/sol/.autopilot/db/v_csc.cpp:483]   --->   Operation 121 'add' 'add_ln891_1' <Predicate = (!odd_col)> <Delay = 3.72> <CoreInst = "TAddSub">   --->   Core 10 'TAddSub' <Latency = 0> <II = 1> <Delay = 1.86> <IPBlock> <Opcode : '' 'add' 'sub'> <InPorts = 3> <OutPorts = 1> <Sync> <CReg>
ST_4 : Operation 122 [1/1] (0.00ns)   --->   "%trunc_ln = partselect i8 @_ssdm_op_PartSelect.i8.i10.i32.i32, i10 %add_ln891_1, i32 2, i32 9" [G:/Project-Workspace/zynq-7020-video-pipe-3/hw/video-pipe-hw-v4/hw_011223.runs/bd_4177_csc_0_synth_1/prj/sol/.autopilot/db/v_csc.cpp:747->G:/Project-Workspace/zynq-7020-video-pipe-3/hw/video-pipe-hw-v4/hw_011223.runs/bd_4177_csc_0_synth_1/prj/sol/.autopilot/db/v_csc.cpp:483]   --->   Operation 122 'partselect' 'trunc_ln' <Predicate = (!odd_col)> <Delay = 0.00>
ST_4 : Operation 123 [1/1] (0.00ns)   --->   "%shl_ln1 = bitconcatenate i9 @_ssdm_op_BitConcatenate.i9.i8.i1, i8 %select_ln859_3, i1 0" [G:/Project-Workspace/zynq-7020-video-pipe-3/hw/video-pipe-hw-v4/hw_011223.runs/bd_4177_csc_0_synth_1/prj/sol/.autopilot/db/v_csc.cpp:893->G:/Project-Workspace/zynq-7020-video-pipe-3/hw/video-pipe-hw-v4/hw_011223.runs/bd_4177_csc_0_synth_1/prj/sol/.autopilot/db/v_csc.cpp:483]   --->   Operation 123 'bitconcatenate' 'shl_ln1' <Predicate = (!odd_col)> <Delay = 0.00>
ST_4 : Operation 124 [1/1] (0.00ns)   --->   "%zext_ln893 = zext i8 %select_ln859_2" [G:/Project-Workspace/zynq-7020-video-pipe-3/hw/video-pipe-hw-v4/hw_011223.runs/bd_4177_csc_0_synth_1/prj/sol/.autopilot/db/v_csc.cpp:893->G:/Project-Workspace/zynq-7020-video-pipe-3/hw/video-pipe-hw-v4/hw_011223.runs/bd_4177_csc_0_synth_1/prj/sol/.autopilot/db/v_csc.cpp:483]   --->   Operation 124 'zext' 'zext_ln893' <Predicate = (!odd_col)> <Delay = 0.00>
ST_4 : Operation 125 [1/1] (0.00ns)   --->   "%zext_ln893_1 = zext i9 %shl_ln1" [G:/Project-Workspace/zynq-7020-video-pipe-3/hw/video-pipe-hw-v4/hw_011223.runs/bd_4177_csc_0_synth_1/prj/sol/.autopilot/db/v_csc.cpp:893->G:/Project-Workspace/zynq-7020-video-pipe-3/hw/video-pipe-hw-v4/hw_011223.runs/bd_4177_csc_0_synth_1/prj/sol/.autopilot/db/v_csc.cpp:483]   --->   Operation 125 'zext' 'zext_ln893_1' <Predicate = (!odd_col)> <Delay = 0.00>
ST_4 : Operation 126 [1/1] (0.00ns)   --->   "%zext_ln894_1 = zext i9 %add_ln894" [G:/Project-Workspace/zynq-7020-video-pipe-3/hw/video-pipe-hw-v4/hw_011223.runs/bd_4177_csc_0_synth_1/prj/sol/.autopilot/db/v_csc.cpp:894->G:/Project-Workspace/zynq-7020-video-pipe-3/hw/video-pipe-hw-v4/hw_011223.runs/bd_4177_csc_0_synth_1/prj/sol/.autopilot/db/v_csc.cpp:483]   --->   Operation 126 'zext' 'zext_ln894_1' <Predicate = (!odd_col)> <Delay = 0.00>
ST_4 : Operation 127 [1/1] (0.00ns) (grouped into TernaryAdder)   --->   "%add_ln894_2 = add i10 %zext_ln893_1, i10 %zext_ln893" [G:/Project-Workspace/zynq-7020-video-pipe-3/hw/video-pipe-hw-v4/hw_011223.runs/bd_4177_csc_0_synth_1/prj/sol/.autopilot/db/v_csc.cpp:894->G:/Project-Workspace/zynq-7020-video-pipe-3/hw/video-pipe-hw-v4/hw_011223.runs/bd_4177_csc_0_synth_1/prj/sol/.autopilot/db/v_csc.cpp:483]   --->   Operation 127 'add' 'add_ln894_2' <Predicate = (!odd_col)> <Delay = 0.00> <CoreInst = "TAddSub">   --->   Core 10 'TAddSub' <Latency = 0> <II = 1> <Delay = 1.86> <IPBlock> <Opcode : '' 'add' 'sub'> <InPorts = 3> <OutPorts = 1> <Sync> <CReg>
ST_4 : Operation 128 [1/1] (3.72ns) (root node of TernaryAdder)   --->   "%add_ln894_1 = add i10 %add_ln894_2, i10 %zext_ln894_1" [G:/Project-Workspace/zynq-7020-video-pipe-3/hw/video-pipe-hw-v4/hw_011223.runs/bd_4177_csc_0_synth_1/prj/sol/.autopilot/db/v_csc.cpp:894->G:/Project-Workspace/zynq-7020-video-pipe-3/hw/video-pipe-hw-v4/hw_011223.runs/bd_4177_csc_0_synth_1/prj/sol/.autopilot/db/v_csc.cpp:483]   --->   Operation 128 'add' 'add_ln894_1' <Predicate = (!odd_col)> <Delay = 3.72> <CoreInst = "TAddSub">   --->   Core 10 'TAddSub' <Latency = 0> <II = 1> <Delay = 1.86> <IPBlock> <Opcode : '' 'add' 'sub'> <InPorts = 3> <OutPorts = 1> <Sync> <CReg>
ST_4 : Operation 129 [1/1] (0.00ns)   --->   "%filt_res1_2 = partselect i8 @_ssdm_op_PartSelect.i8.i10.i32.i32, i10 %add_ln894_1, i32 2, i32 9" [G:/Project-Workspace/zynq-7020-video-pipe-3/hw/video-pipe-hw-v4/hw_011223.runs/bd_4177_csc_0_synth_1/prj/sol/.autopilot/db/v_csc.cpp:894->G:/Project-Workspace/zynq-7020-video-pipe-3/hw/video-pipe-hw-v4/hw_011223.runs/bd_4177_csc_0_synth_1/prj/sol/.autopilot/db/v_csc.cpp:483]   --->   Operation 129 'partselect' 'filt_res1_2' <Predicate = (!odd_col)> <Delay = 0.00>
ST_4 : Operation 130 [1/1] (0.00ns)   --->   "%store_ln745 = store i8 %pixbuf_y_4, i8 %pixbuf_y_15_out" [G:/Project-Workspace/zynq-7020-video-pipe-3/hw/video-pipe-hw-v4/hw_011223.runs/bd_4177_csc_0_synth_1/prj/sol/.autopilot/db/v_csc.cpp:745->G:/Project-Workspace/zynq-7020-video-pipe-3/hw/video-pipe-hw-v4/hw_011223.runs/bd_4177_csc_0_synth_1/prj/sol/.autopilot/db/v_csc.cpp:483]   --->   Operation 130 'store' 'store_ln745' <Predicate = true> <Delay = 0.00>
ST_4 : Operation 145 [1/1] (0.00ns)   --->   "%p_0_1_0_0_0692714_i_load = load i8 %p_0_1_0_0_0692714_i"   --->   Operation 145 'load' 'p_0_1_0_0_0692714_i_load' <Predicate = (icmp_ln769)> <Delay = 0.00>
ST_4 : Operation 146 [1/1] (0.00ns)   --->   "%p_0_2_0_0_0696718_i_load = load i8 %p_0_2_0_0_0696718_i"   --->   Operation 146 'load' 'p_0_2_0_0_0696718_i_load' <Predicate = (icmp_ln769)> <Delay = 0.00>
ST_4 : Operation 147 [1/1] (0.00ns)   --->   "%write_ln0 = write void @_ssdm_op_Write.ap_auto.i8P0A, i8 %pixbuf_y_19_out, i8 %pixbuf_y_7"   --->   Operation 147 'write' 'write_ln0' <Predicate = (icmp_ln769)> <Delay = 0.00>
ST_4 : Operation 148 [1/1] (0.00ns)   --->   "%store_ln0 = store i8 %pixbuf_y_6, i8 %pixbuf_y_18_out"   --->   Operation 148 'store' 'store_ln0' <Predicate = (icmp_ln769)> <Delay = 0.00>
ST_4 : Operation 149 [1/1] (0.00ns)   --->   "%store_ln0 = store i8 %pixbuf_y_5, i8 %pixbuf_y_17_out"   --->   Operation 149 'store' 'store_ln0' <Predicate = (icmp_ln769)> <Delay = 0.00>
ST_4 : Operation 150 [1/1] (0.00ns)   --->   "%store_ln0 = store i8 %pixbuf_y_4, i8 %pixbuf_y_16_out"   --->   Operation 150 'store' 'store_ln0' <Predicate = (icmp_ln769)> <Delay = 0.00>
ST_4 : Operation 151 [1/1] (0.00ns)   --->   "%write_ln0 = write void @_ssdm_op_Write.ap_auto.i8P0A, i8 %p_0_2_0_0_0696718_i_out, i8 %p_0_2_0_0_0696718_i_load"   --->   Operation 151 'write' 'write_ln0' <Predicate = (icmp_ln769)> <Delay = 0.00>
ST_4 : Operation 152 [1/1] (0.00ns)   --->   "%write_ln0 = write void @_ssdm_op_Write.ap_auto.i8P0A, i8 %p_0_1_0_0_0692714_i_out, i8 %p_0_1_0_0_0692714_i_load"   --->   Operation 152 'write' 'write_ln0' <Predicate = (icmp_ln769)> <Delay = 0.00>
ST_4 : Operation 153 [1/1] (0.00ns)   --->   "%ret_ln0 = ret"   --->   Operation 153 'ret' 'ret_ln0' <Predicate = (icmp_ln769)> <Delay = 0.00>

State 5 <SV = 4> <Delay = 3.80>
ST_5 : Operation 131 [1/1] (0.00ns)   --->   "%filt_res1_1_out_load = load i64 %filt_res1_1_out"   --->   Operation 131 'load' 'filt_res1_1_out_load' <Predicate = (odd_col)> <Delay = 0.00>
ST_5 : Operation 132 [1/1] (0.00ns)   --->   "%empty = trunc i64 %filt_res1_1_out_load"   --->   Operation 132 'trunc' 'empty' <Predicate = (odd_col)> <Delay = 0.00>
ST_5 : Operation 133 [1/1] (0.00ns)   --->   "%specpipeline_ln772 = specpipeline void @_ssdm_op_SpecPipeline, i32 1, i32 0, i32 0, i32 0, void @empty_18" [G:/Project-Workspace/zynq-7020-video-pipe-3/hw/video-pipe-hw-v4/hw_011223.runs/bd_4177_csc_0_synth_1/prj/sol/.autopilot/db/v_csc.cpp:772->G:/Project-Workspace/zynq-7020-video-pipe-3/hw/video-pipe-hw-v4/hw_011223.runs/bd_4177_csc_0_synth_1/prj/sol/.autopilot/db/v_csc.cpp:483]   --->   Operation 133 'specpipeline' 'specpipeline_ln772' <Predicate = true> <Delay = 0.00>
ST_5 : Operation 134 [1/1] (0.00ns)   --->   "%specloopname_ln769 = specloopname void @_ssdm_op_SpecLoopName, void @empty_10" [G:/Project-Workspace/zynq-7020-video-pipe-3/hw/video-pipe-hw-v4/hw_011223.runs/bd_4177_csc_0_synth_1/prj/sol/.autopilot/db/v_csc.cpp:769->G:/Project-Workspace/zynq-7020-video-pipe-3/hw/video-pipe-hw-v4/hw_011223.runs/bd_4177_csc_0_synth_1/prj/sol/.autopilot/db/v_csc.cpp:483]   --->   Operation 134 'specloopname' 'specloopname_ln769' <Predicate = true> <Delay = 0.00>
ST_5 : Operation 135 [1/1] (0.00ns)   --->   "%filt_res1_1_out_load_1 = load i64 %filt_res1_1_out" [G:/Project-Workspace/zynq-7020-video-pipe-3/hw/video-pipe-hw-v4/hw_011223.runs/bd_4177_csc_0_synth_1/prj/sol/.autopilot/db/v_csc.cpp:733->G:/Project-Workspace/zynq-7020-video-pipe-3/hw/video-pipe-hw-v4/hw_011223.runs/bd_4177_csc_0_synth_1/prj/sol/.autopilot/db/v_csc.cpp:483]   --->   Operation 135 'load' 'filt_res1_1_out_load_1' <Predicate = (odd_col)> <Delay = 0.00>
ST_5 : Operation 136 [1/1] (0.00ns)   --->   "%zext_ln892 = zext i8 %filt_res1_2" [G:/Project-Workspace/zynq-7020-video-pipe-3/hw/video-pipe-hw-v4/hw_011223.runs/bd_4177_csc_0_synth_1/prj/sol/.autopilot/db/v_csc.cpp:892->G:/Project-Workspace/zynq-7020-video-pipe-3/hw/video-pipe-hw-v4/hw_011223.runs/bd_4177_csc_0_synth_1/prj/sol/.autopilot/db/v_csc.cpp:483]   --->   Operation 136 'zext' 'zext_ln892' <Predicate = (!odd_col)> <Delay = 0.00>
ST_5 : Operation 137 [1/1] (1.48ns)   --->   "%filt_res1 = select i1 %odd_col, i64 %filt_res1_1_out_load_1, i64 %zext_ln892" [G:/Project-Workspace/zynq-7020-video-pipe-3/hw/video-pipe-hw-v4/hw_011223.runs/bd_4177_csc_0_synth_1/prj/sol/.autopilot/db/v_csc.cpp:733->G:/Project-Workspace/zynq-7020-video-pipe-3/hw/video-pipe-hw-v4/hw_011223.runs/bd_4177_csc_0_synth_1/prj/sol/.autopilot/db/v_csc.cpp:483]   --->   Operation 137 'select' 'filt_res1' <Predicate = true> <Delay = 1.48> <CoreInst = "Sel">   --->   Core 73 'Sel' <Latency = 0> <II = 1> <Delay = 1.48> <FuncUnit> <Opcode : 'select'> <InPorts = 3> <OutPorts = 1>
ST_5 : Operation 138 [1/1] (1.24ns)   --->   "%select_ln896 = select i1 %odd_col, i8 %empty, i8 %trunc_ln" [G:/Project-Workspace/zynq-7020-video-pipe-3/hw/video-pipe-hw-v4/hw_011223.runs/bd_4177_csc_0_synth_1/prj/sol/.autopilot/db/v_csc.cpp:896->G:/Project-Workspace/zynq-7020-video-pipe-3/hw/video-pipe-hw-v4/hw_011223.runs/bd_4177_csc_0_synth_1/prj/sol/.autopilot/db/v_csc.cpp:483]   --->   Operation 138 'select' 'select_ln896' <Predicate = true> <Delay = 1.24> <CoreInst = "Sel">   --->   Core 73 'Sel' <Latency = 0> <II = 1> <Delay = 1.24> <FuncUnit> <Opcode : 'select'> <InPorts = 3> <OutPorts = 1>
ST_5 : Operation 139 [1/1] (0.00ns)   --->   "%tmp_3_i = bitconcatenate i16 @_ssdm_op_BitConcatenate.i16.i8.i8, i8 %select_ln896, i8 %tmp_i" [G:/Project-Workspace/zynq-7020-video-pipe-3/hw/video-pipe-hw-v4/hw_011223.runs/bd_4177_csc_0_synth_1/prj/sol/.autopilot/db/v_csc.cpp:927->G:/Project-Workspace/zynq-7020-video-pipe-3/hw/video-pipe-hw-v4/hw_011223.runs/bd_4177_csc_0_synth_1/prj/sol/.autopilot/db/v_csc.cpp:483]   --->   Operation 139 'bitconcatenate' 'tmp_3_i' <Predicate = (!tmp & !p_read_5)> <Delay = 0.00>
ST_5 : Operation 140 [1/1] (0.00ns)   --->   "%zext_ln927 = zext i16 %tmp_3_i" [G:/Project-Workspace/zynq-7020-video-pipe-3/hw/video-pipe-hw-v4/hw_011223.runs/bd_4177_csc_0_synth_1/prj/sol/.autopilot/db/v_csc.cpp:927->G:/Project-Workspace/zynq-7020-video-pipe-3/hw/video-pipe-hw-v4/hw_011223.runs/bd_4177_csc_0_synth_1/prj/sol/.autopilot/db/v_csc.cpp:483]   --->   Operation 140 'zext' 'zext_ln927' <Predicate = (!tmp & !p_read_5)> <Delay = 0.00>
ST_5 : Operation 141 [1/1] (2.55ns)   --->   "%write_ln927 = write void @_ssdm_op_Write.ap_fifo.volatile.i24P0A, i24 %stream_out_hresampled, i24 %zext_ln927" [G:/Project-Workspace/zynq-7020-video-pipe-3/hw/video-pipe-hw-v4/hw_011223.runs/bd_4177_csc_0_synth_1/prj/sol/.autopilot/db/v_csc.cpp:927->G:/Project-Workspace/zynq-7020-video-pipe-3/hw/video-pipe-hw-v4/hw_011223.runs/bd_4177_csc_0_synth_1/prj/sol/.autopilot/db/v_csc.cpp:483]   --->   Operation 141 'write' 'write_ln927' <Predicate = (!tmp & !p_read_5)> <Delay = 2.55> <CoreInst = "FIFO_SRL">   --->   Core 81 'FIFO_SRL' <Latency = 0> <II = 1> <Delay = 3.80> <Storage> <Opcode : 'read' 'write' 'nbread' 'nbwrite'> <Ports = 0> <Width = 24> <Depth = 16> <FIFO>
ST_5 : Operation 142 [1/1] (0.00ns)   --->   "%br_ln0 = br void %if.end471.i"   --->   Operation 142 'br' 'br_ln0' <Predicate = (!tmp & !p_read_5)> <Delay = 0.00>
ST_5 : Operation 143 [1/1] (0.00ns)   --->   "%store_ln747 = store i64 %filt_res1, i64 %filt_res1_1_out" [G:/Project-Workspace/zynq-7020-video-pipe-3/hw/video-pipe-hw-v4/hw_011223.runs/bd_4177_csc_0_synth_1/prj/sol/.autopilot/db/v_csc.cpp:747->G:/Project-Workspace/zynq-7020-video-pipe-3/hw/video-pipe-hw-v4/hw_011223.runs/bd_4177_csc_0_synth_1/prj/sol/.autopilot/db/v_csc.cpp:483]   --->   Operation 143 'store' 'store_ln747' <Predicate = true> <Delay = 0.00>
ST_5 : Operation 144 [1/1] (0.00ns)   --->   "%br_ln769 = br void %for.body37.i" [G:/Project-Workspace/zynq-7020-video-pipe-3/hw/video-pipe-hw-v4/hw_011223.runs/bd_4177_csc_0_synth_1/prj/sol/.autopilot/db/v_csc.cpp:769->G:/Project-Workspace/zynq-7020-video-pipe-3/hw/video-pipe-hw-v4/hw_011223.runs/bd_4177_csc_0_synth_1/prj/sol/.autopilot/db/v_csc.cpp:483]   --->   Operation 144 'br' 'br_ln769' <Predicate = true> <Delay = 0.00>


============================================================
+ Verbose Summary: Timing violations
============================================================
Target clock period: 7.000ns, clock uncertainty: 1.890ns.

 <State 1>: 4.907ns
The critical path consists of the following:
	'store' operation 0 bit ('store_ln725', G:/Project-Workspace/zynq-7020-video-pipe-3/hw/video-pipe-hw-v4/hw_011223.runs/bd_4177_csc_0_synth_1/prj/sol/.autopilot/db/v_csc.cpp:725->G:/Project-Workspace/zynq-7020-video-pipe-3/hw/video-pipe-hw-v4/hw_011223.runs/bd_4177_csc_0_synth_1/prj/sol/.autopilot/db/v_csc.cpp:483) of constant 0 on local variable 'x', G:/Project-Workspace/zynq-7020-video-pipe-3/hw/video-pipe-hw-v4/hw_011223.runs/bd_4177_csc_0_synth_1/prj/sol/.autopilot/db/v_csc.cpp:725->G:/Project-Workspace/zynq-7020-video-pipe-3/hw/video-pipe-hw-v4/hw_011223.runs/bd_4177_csc_0_synth_1/prj/sol/.autopilot/db/v_csc.cpp:483 [68]  (1.588 ns)
	'load' operation 10 bit ('x', G:/Project-Workspace/zynq-7020-video-pipe-3/hw/video-pipe-hw-v4/hw_011223.runs/bd_4177_csc_0_synth_1/prj/sol/.autopilot/db/v_csc.cpp:769->G:/Project-Workspace/zynq-7020-video-pipe-3/hw/video-pipe-hw-v4/hw_011223.runs/bd_4177_csc_0_synth_1/prj/sol/.autopilot/db/v_csc.cpp:483) on local variable 'x', G:/Project-Workspace/zynq-7020-video-pipe-3/hw/video-pipe-hw-v4/hw_011223.runs/bd_4177_csc_0_synth_1/prj/sol/.autopilot/db/v_csc.cpp:725->G:/Project-Workspace/zynq-7020-video-pipe-3/hw/video-pipe-hw-v4/hw_011223.runs/bd_4177_csc_0_synth_1/prj/sol/.autopilot/db/v_csc.cpp:483 [73]  (0.000 ns)
	'icmp' operation 1 bit ('icmp_ln769', G:/Project-Workspace/zynq-7020-video-pipe-3/hw/video-pipe-hw-v4/hw_011223.runs/bd_4177_csc_0_synth_1/prj/sol/.autopilot/db/v_csc.cpp:769->G:/Project-Workspace/zynq-7020-video-pipe-3/hw/video-pipe-hw-v4/hw_011223.runs/bd_4177_csc_0_synth_1/prj/sol/.autopilot/db/v_csc.cpp:483) [79]  (1.731 ns)
	'store' operation 0 bit ('store_ln725', G:/Project-Workspace/zynq-7020-video-pipe-3/hw/video-pipe-hw-v4/hw_011223.runs/bd_4177_csc_0_synth_1/prj/sol/.autopilot/db/v_csc.cpp:725->G:/Project-Workspace/zynq-7020-video-pipe-3/hw/video-pipe-hw-v4/hw_011223.runs/bd_4177_csc_0_synth_1/prj/sol/.autopilot/db/v_csc.cpp:483) of variable 'add_ln769', G:/Project-Workspace/zynq-7020-video-pipe-3/hw/video-pipe-hw-v4/hw_011223.runs/bd_4177_csc_0_synth_1/prj/sol/.autopilot/db/v_csc.cpp:769->G:/Project-Workspace/zynq-7020-video-pipe-3/hw/video-pipe-hw-v4/hw_011223.runs/bd_4177_csc_0_synth_1/prj/sol/.autopilot/db/v_csc.cpp:483 on local variable 'x', G:/Project-Workspace/zynq-7020-video-pipe-3/hw/video-pipe-hw-v4/hw_011223.runs/bd_4177_csc_0_synth_1/prj/sol/.autopilot/db/v_csc.cpp:725->G:/Project-Workspace/zynq-7020-video-pipe-3/hw/video-pipe-hw-v4/hw_011223.runs/bd_4177_csc_0_synth_1/prj/sol/.autopilot/db/v_csc.cpp:483 [169]  (1.588 ns)

 <State 2>: 4.143ns
The critical path consists of the following:
	fifo read operation ('stream_csc_read', G:/Project-Workspace/zynq-7020-video-pipe-3/hw/video-pipe-hw-v4/hw_011223.runs/bd_4177_csc_0_synth_1/prj/sol/.autopilot/db/v_csc.cpp:779->G:/Project-Workspace/zynq-7020-video-pipe-3/hw/video-pipe-hw-v4/hw_011223.runs/bd_4177_csc_0_synth_1/prj/sol/.autopilot/db/v_csc.cpp:483) on port 'stream_csc' (G:/Project-Workspace/zynq-7020-video-pipe-3/hw/video-pipe-hw-v4/hw_011223.runs/bd_4177_csc_0_synth_1/prj/sol/.autopilot/db/v_csc.cpp:779->G:/Project-Workspace/zynq-7020-video-pipe-3/hw/video-pipe-hw-v4/hw_011223.runs/bd_4177_csc_0_synth_1/prj/sol/.autopilot/db/v_csc.cpp:483) [93]  (2.555 ns)
	'store' operation 0 bit ('store_ln779', G:/Project-Workspace/zynq-7020-video-pipe-3/hw/video-pipe-hw-v4/hw_011223.runs/bd_4177_csc_0_synth_1/prj/sol/.autopilot/db/v_csc.cpp:779->G:/Project-Workspace/zynq-7020-video-pipe-3/hw/video-pipe-hw-v4/hw_011223.runs/bd_4177_csc_0_synth_1/prj/sol/.autopilot/db/v_csc.cpp:483) of variable 'trunc_ln779_6', G:/Project-Workspace/zynq-7020-video-pipe-3/hw/video-pipe-hw-v4/hw_011223.runs/bd_4177_csc_0_synth_1/prj/sol/.autopilot/db/v_csc.cpp:779->G:/Project-Workspace/zynq-7020-video-pipe-3/hw/video-pipe-hw-v4/hw_011223.runs/bd_4177_csc_0_synth_1/prj/sol/.autopilot/db/v_csc.cpp:483 on local variable 'p_0_2_0_0_0695_i' [97]  (1.588 ns)

 <State 3>: 3.163ns
The critical path consists of the following:
	'load' operation 8 bit ('p_0_1_0_0_0692714_i_load_1', G:/Project-Workspace/zynq-7020-video-pipe-3/hw/video-pipe-hw-v4/hw_011223.runs/bd_4177_csc_0_synth_1/prj/sol/.autopilot/db/v_csc.cpp:859->G:/Project-Workspace/zynq-7020-video-pipe-3/hw/video-pipe-hw-v4/hw_011223.runs/bd_4177_csc_0_synth_1/prj/sol/.autopilot/db/v_csc.cpp:483) on local variable 'p_0_1_0_0_0692714_i' [110]  (0.000 ns)
	'select' operation 8 bit ('select_ln859_1', G:/Project-Workspace/zynq-7020-video-pipe-3/hw/video-pipe-hw-v4/hw_011223.runs/bd_4177_csc_0_synth_1/prj/sol/.autopilot/db/v_csc.cpp:859->G:/Project-Workspace/zynq-7020-video-pipe-3/hw/video-pipe-hw-v4/hw_011223.runs/bd_4177_csc_0_synth_1/prj/sol/.autopilot/db/v_csc.cpp:483) [117]  (1.248 ns)
	'add' operation 9 bit ('add_ln891', G:/Project-Workspace/zynq-7020-video-pipe-3/hw/video-pipe-hw-v4/hw_011223.runs/bd_4177_csc_0_synth_1/prj/sol/.autopilot/db/v_csc.cpp:891->G:/Project-Workspace/zynq-7020-video-pipe-3/hw/video-pipe-hw-v4/hw_011223.runs/bd_4177_csc_0_synth_1/prj/sol/.autopilot/db/v_csc.cpp:483) [127]  (1.915 ns)

 <State 4>: 3.728ns
The critical path consists of the following:
	'add' operation 10 bit ('add_ln891_1', G:/Project-Workspace/zynq-7020-video-pipe-3/hw/video-pipe-hw-v4/hw_011223.runs/bd_4177_csc_0_synth_1/prj/sol/.autopilot/db/v_csc.cpp:891->G:/Project-Workspace/zynq-7020-video-pipe-3/hw/video-pipe-hw-v4/hw_011223.runs/bd_4177_csc_0_synth_1/prj/sol/.autopilot/db/v_csc.cpp:483) [130]  (3.728 ns)

 <State 5>: 3.803ns
The critical path consists of the following:
	'load' operation 64 bit ('filt_res1_1_out_load') on local variable 'filt_res1_1_out' [83]  (0.000 ns)
	'select' operation 8 bit ('select_ln896', G:/Project-Workspace/zynq-7020-video-pipe-3/hw/video-pipe-hw-v4/hw_011223.runs/bd_4177_csc_0_synth_1/prj/sol/.autopilot/db/v_csc.cpp:896->G:/Project-Workspace/zynq-7020-video-pipe-3/hw/video-pipe-hw-v4/hw_011223.runs/bd_4177_csc_0_synth_1/prj/sol/.autopilot/db/v_csc.cpp:483) [143]  (1.248 ns)
	fifo write operation ('write_ln927', G:/Project-Workspace/zynq-7020-video-pipe-3/hw/video-pipe-hw-v4/hw_011223.runs/bd_4177_csc_0_synth_1/prj/sol/.autopilot/db/v_csc.cpp:927->G:/Project-Workspace/zynq-7020-video-pipe-3/hw/video-pipe-hw-v4/hw_011223.runs/bd_4177_csc_0_synth_1/prj/sol/.autopilot/db/v_csc.cpp:483) on port 'stream_out_hresampled' (G:/Project-Workspace/zynq-7020-video-pipe-3/hw/video-pipe-hw-v4/hw_011223.runs/bd_4177_csc_0_synth_1/prj/sol/.autopilot/db/v_csc.cpp:927->G:/Project-Workspace/zynq-7020-video-pipe-3/hw/video-pipe-hw-v4/hw_011223.runs/bd_4177_csc_0_synth_1/prj/sol/.autopilot/db/v_csc.cpp:483) [151]  (2.555 ns)


============================================================
+ Verbose Summary: Binding
============================================================
N/A
* FSMD analyzer results:
  - Output states:
 - Input state : 
  - Chain level:
	State 1
	State 2
	State 3
	State 4
	State 5


============================================================
+ Verbose Summary: Datapath Resource usage 
============================================================
N/A
