

================================================================
== Vitis HLS Report for 'v_vcresampler_core'
================================================================
* Date:           Fri Dec 22 10:23:08 2023

* Version:        2023.2 (Build 4023990 on Oct 11 2023)
* Project:        prj
* Solution:       sol (Vivado IP Flow Target)
* Product family: zynq
* Target device:  xc7z020-clg484-1


================================================================
== Performance Estimates
================================================================
+ Timing: 
    * Summary: 
    +--------+---------+----------+------------+
    |  Clock |  Target | Estimated| Uncertainty|
    +--------+---------+----------+------------+
    |ap_clk  |  7.00 ns|  5.110 ns|     1.89 ns|
    +--------+---------+----------+------------+

+ Latency: 
    * Summary: 
    +---------+------------+-----------+-----------+-----+------------+---------+
    |   Latency (cycles)   |   Latency (absolute)  |     Interval     | Pipeline|
    |   min   |     max    |    min    |    max    | min |     max    |   Type  |
    +---------+------------+-----------+-----------+-----+------------+---------+
    |        2|  1073938427|  14.000 ns|  7.518 sec|    2|  1073938427|       no|
    +---------+------------+-----------+-----------+-----+------------+---------+

    + Detail: 
        * Instance: 
        +----------------------------------------------------------+-----------------------------------------------+---------+---------+-----------+----------+-----+-------+---------+
        |                                                          |                                               |  Latency (cycles) |  Latency (absolute)  |   Interval  | Pipeline|
        |                         Instance                         |                     Module                    |   min   |   max   |    min    |    max   | min |  max  |   Type  |
        +----------------------------------------------------------+-----------------------------------------------+---------+---------+-----------+----------+-----+-------+---------+
        |grp_v_vcresampler_core_Pipeline_VITIS_LOOP_1000_2_fu_138  |v_vcresampler_core_Pipeline_VITIS_LOOP_1000_2  |        2|    32772|  14.000 ns|  0.229 ms|    2|  32772|       no|
        +----------------------------------------------------------+-----------------------------------------------+---------+---------+-----------+----------+-----+-------+---------+

        * Loop: 
        +--------------------+---------+------------+-----------+-----------+-----------+-----------+----------+
        |                    |   Latency (cycles)   | Iteration |  Initiation Interval  |    Trip   |          |
        |      Loop Name     |   min   |     max    |  Latency  |  achieved |   target  |   Count   | Pipelined|
        +--------------------+---------+------------+-----------+-----------+-----------+-----------+----------+
        |- VITIS_LOOP_998_1  |        0|  1073938425|  5 ~ 32775|          -|          -|  0 ~ 32767|        no|
        +--------------------+---------+------------+-----------+-----------+-----------+-----------+----------+

============================================================
+ Verbose Summary: Synthesis Manager
============================================================
InlineROM: 1
ExposeGlobal: 0
============================================================
+ Verbose Summary: CDFG Model
============================================================
IsTopModel: 0
ResetActiveHigh: 1
IsCombinational: 2
IsDatapathOnly: 0
HasWiredReturn: 1
HasMFsm: 0
HasVarLatency: 1
IsPipeline: 0
IsRtlPipelined: 0
IsInstanceOverlapped: 0
IsDontTouch: 0
HasImplIP: 0
IsGatedGlobalClock: 0


============================================================
+ Verbose Summary: Schedule
============================================================
* Number of FSM states : 5
* Pipeline : 0
* Dataflow Pipeline: 0

* FSM state transitions: 
1 --> 2 
2 --> 3 
3 --> 4 
4 --> 5 
5 --> 3 

* FSM state operations: 

State 1 <SV = 0> <Delay = 3.25>
ST_1 : Operation 6 [1/1] (0.00ns)   --->   "%pix_0_0_0_0_0_load551_lcssa574_i = alloca i32 1"   --->   Operation 6 'alloca' 'pix_0_0_0_0_0_load551_lcssa574_i' <Predicate = true> <Delay = 0.00>
ST_1 : Operation 7 [1/1] (0.00ns)   --->   "%pix_0_1_0_0_0_load553_lcssa577_i = alloca i32 1"   --->   Operation 7 'alloca' 'pix_0_1_0_0_0_load553_lcssa577_i' <Predicate = true> <Delay = 0.00>
ST_1 : Operation 8 [1/1] (0.00ns)   --->   "%pix_0_2_0_0_0_load555_lcssa580_i = alloca i32 1"   --->   Operation 8 'alloca' 'pix_0_2_0_0_0_load555_lcssa580_i' <Predicate = true> <Delay = 0.00>
ST_1 : Operation 9 [1/1] (0.00ns)   --->   "%p_0_0374557_lcssa583_i = alloca i32 1"   --->   Operation 9 'alloca' 'p_0_0374557_lcssa583_i' <Predicate = true> <Delay = 0.00>
ST_1 : Operation 10 [1/1] (0.00ns)   --->   "%p_0_0352559_lcssa586_i = alloca i32 1"   --->   Operation 10 'alloca' 'p_0_0352559_lcssa586_i' <Predicate = true> <Delay = 0.00>
ST_1 : Operation 11 [1/1] (0.00ns)   --->   "%y = alloca i32 1" [G:/Project-Workspace/zynq-7020-video-pipe-3/hw/video-pipe-hw-v4/hw_011223.runs/bd_4177_csc_0_synth_1/prj/sol/.autopilot/db/v_csc.cpp:951->G:/Project-Workspace/zynq-7020-video-pipe-3/hw/video-pipe-hw-v4/hw_011223.runs/bd_4177_csc_0_synth_1/prj/sol/.autopilot/db/v_csc.cpp:492]   --->   Operation 11 'alloca' 'y' <Predicate = true> <Delay = 0.00>
ST_1 : Operation 12 [1/1] (2.55ns)   --->   "%p_read_4 = read i1 @_ssdm_op_Read.ap_auto.i1, i1 %p_read"   --->   Operation 12 'read' 'p_read_4' <Predicate = true> <Delay = 2.55> <CoreInst = "FIFO_SRL">   --->   Core 81 'FIFO_SRL' <Latency = 0> <II = 1> <Delay = 3.63> <Storage> <Opcode : 'read' 'write' 'nbread' 'nbwrite'> <Ports = 0> <Width = -1> <Depth = -1> <FIFO>
ST_1 : Operation 13 [1/1] (3.25ns)   --->   "%linebuf_y = alloca i64 1" [G:/Project-Workspace/zynq-7020-video-pipe-3/hw/video-pipe-hw-v4/hw_011223.runs/bd_4177_csc_0_synth_1/prj/sol/.autopilot/db/v_csc.cpp:959->G:/Project-Workspace/zynq-7020-video-pipe-3/hw/video-pipe-hw-v4/hw_011223.runs/bd_4177_csc_0_synth_1/prj/sol/.autopilot/db/v_csc.cpp:492]   --->   Operation 13 'alloca' 'linebuf_y' <Predicate = true> <Delay = 3.25>
ST_1 : Operation 14 [1/1] (3.25ns)   --->   "%linebuf_c = alloca i64 1" [G:/Project-Workspace/zynq-7020-video-pipe-3/hw/video-pipe-hw-v4/hw_011223.runs/bd_4177_csc_0_synth_1/prj/sol/.autopilot/db/v_csc.cpp:960->G:/Project-Workspace/zynq-7020-video-pipe-3/hw/video-pipe-hw-v4/hw_011223.runs/bd_4177_csc_0_synth_1/prj/sol/.autopilot/db/v_csc.cpp:492]   --->   Operation 14 'alloca' 'linebuf_c' <Predicate = true> <Delay = 3.25>
ST_1 : Operation 15 [1/1] (3.25ns)   --->   "%linebuf_c_2 = alloca i64 1" [G:/Project-Workspace/zynq-7020-video-pipe-3/hw/video-pipe-hw-v4/hw_011223.runs/bd_4177_csc_0_synth_1/prj/sol/.autopilot/db/v_csc.cpp:960->G:/Project-Workspace/zynq-7020-video-pipe-3/hw/video-pipe-hw-v4/hw_011223.runs/bd_4177_csc_0_synth_1/prj/sol/.autopilot/db/v_csc.cpp:492]   --->   Operation 15 'alloca' 'linebuf_c_2' <Predicate = true> <Delay = 3.25>
ST_1 : Operation 16 [1/1] (1.58ns)   --->   "%store_ln951 = store i10 0, i10 %y" [G:/Project-Workspace/zynq-7020-video-pipe-3/hw/video-pipe-hw-v4/hw_011223.runs/bd_4177_csc_0_synth_1/prj/sol/.autopilot/db/v_csc.cpp:951->G:/Project-Workspace/zynq-7020-video-pipe-3/hw/video-pipe-hw-v4/hw_011223.runs/bd_4177_csc_0_synth_1/prj/sol/.autopilot/db/v_csc.cpp:492]   --->   Operation 16 'store' 'store_ln951' <Predicate = true> <Delay = 1.58>

State 2 <SV = 1> <Delay = 5.11>
ST_2 : Operation 17 [1/1] (0.00ns)   --->   "%specinterface_ln0 = specinterface void @_ssdm_op_SpecInterface, i9 %HwReg_height, void @ap_fifo_str, i32 0, i32 0, void @p_str, i32 0, i32 0, void @p_str, void @p_str, void @p_str, i32 2, i32 2, i32 16, i32 16, void @p_str, void @ScalarProp_str, i32 4294967295, i32 0"   --->   Operation 17 'specinterface' 'specinterface_ln0' <Predicate = true> <Delay = 0.00>
ST_2 : Operation 18 [1/1] (2.55ns)   --->   "%HwReg_height_read = read i9 @_ssdm_op_Read.ap_fifo.i9P0A, i9 %HwReg_height"   --->   Operation 18 'read' 'HwReg_height_read' <Predicate = true> <Delay = 2.55> <CoreInst = "FIFO_SRL">   --->   Core 81 'FIFO_SRL' <Latency = 0> <II = 1> <Delay = 3.63> <Storage> <Opcode : 'read' 'write' 'nbread' 'nbwrite'> <Ports = 0> <Width = 9> <Depth = 2> <FIFO>
ST_2 : Operation 19 [1/1] (0.00ns)   --->   "%specinterface_ln0 = specinterface void @_ssdm_op_SpecInterface, i9 %HwReg_height_c, void @ap_fifo_str, i32 0, i32 0, void @p_str, i32 0, i32 0, void @p_str, void @p_str, void @p_str, i32 2, i32 2, i32 16, i32 16, void @p_str, void @ScalarProp_str, i32 4294967295, i32 0"   --->   Operation 19 'specinterface' 'specinterface_ln0' <Predicate = true> <Delay = 0.00>
ST_2 : Operation 20 [1/1] (2.55ns)   --->   "%write_ln0 = write void @_ssdm_op_Write.ap_fifo.i9P0A, i9 %HwReg_height_c, i9 %HwReg_height_read"   --->   Operation 20 'write' 'write_ln0' <Predicate = true> <Delay = 2.55> <CoreInst = "FIFO_SRL">   --->   Core 81 'FIFO_SRL' <Latency = 0> <II = 1> <Delay = 3.63> <Storage> <Opcode : 'read' 'write' 'nbread' 'nbwrite'> <Ports = 0> <Width = 9> <Depth = 2> <FIFO>
ST_2 : Operation 21 [1/1] (0.00ns)   --->   "%specinterface_ln0 = specinterface void @_ssdm_op_SpecInterface, i9 %HwReg_width, void @ap_fifo_str, i32 0, i32 0, void @p_str, i32 0, i32 0, void @p_str, void @p_str, void @p_str, i32 2, i32 2, i32 16, i32 16, void @p_str, void @ScalarProp_str, i32 4294967295, i32 0"   --->   Operation 21 'specinterface' 'specinterface_ln0' <Predicate = true> <Delay = 0.00>
ST_2 : Operation 22 [1/1] (2.55ns)   --->   "%loopWidth = read i9 @_ssdm_op_Read.ap_fifo.i9P0A, i9 %HwReg_width"   --->   Operation 22 'read' 'loopWidth' <Predicate = true> <Delay = 2.55> <CoreInst = "FIFO_SRL">   --->   Core 81 'FIFO_SRL' <Latency = 0> <II = 1> <Delay = 3.63> <Storage> <Opcode : 'read' 'write' 'nbread' 'nbwrite'> <Ports = 0> <Width = 9> <Depth = 2> <FIFO>
ST_2 : Operation 23 [1/1] (0.00ns)   --->   "%specinterface_ln0 = specinterface void @_ssdm_op_SpecInterface, i9 %HwReg_width_c, void @ap_fifo_str, i32 0, i32 0, void @p_str, i32 0, i32 0, void @p_str, void @p_str, void @p_str, i32 2, i32 2, i32 16, i32 16, void @p_str, void @ScalarProp_str, i32 4294967295, i32 0"   --->   Operation 23 'specinterface' 'specinterface_ln0' <Predicate = true> <Delay = 0.00>
ST_2 : Operation 24 [1/1] (2.55ns)   --->   "%write_ln0 = write void @_ssdm_op_Write.ap_fifo.i9P0A, i9 %HwReg_width_c, i9 %loopWidth"   --->   Operation 24 'write' 'write_ln0' <Predicate = true> <Delay = 2.55> <CoreInst = "FIFO_SRL">   --->   Core 81 'FIFO_SRL' <Latency = 0> <II = 1> <Delay = 3.63> <Storage> <Opcode : 'read' 'write' 'nbread' 'nbwrite'> <Ports = 0> <Width = 9> <Depth = 2> <FIFO>
ST_2 : Operation 25 [1/1] (0.00ns)   --->   "%specinterface_ln0 = specinterface void @_ssdm_op_SpecInterface, i24 %stream_out_hresampled, void @empty_0, i32 0, i32 0, void @empty_18, i32 0, i32 0, void @empty_18, void @empty_18, void @empty_18, i32 0, i32 0, i32 0, i32 0, void @empty_18, void @empty_18, i32 4294967295, i32 0"   --->   Operation 25 'specinterface' 'specinterface_ln0' <Predicate = true> <Delay = 0.00>
ST_2 : Operation 26 [1/1] (0.00ns)   --->   "%specinterface_ln0 = specinterface void @_ssdm_op_SpecInterface, i24 %stream_out_vresampled, void @empty_0, i32 0, i32 0, void @empty_18, i32 0, i32 0, void @empty_18, void @empty_18, void @empty_18, i32 0, i32 0, i32 0, i32 0, void @empty_18, void @empty_18, i32 4294967295, i32 0"   --->   Operation 26 'specinterface' 'specinterface_ln0' <Predicate = true> <Delay = 0.00>
ST_2 : Operation 27 [1/1] (0.97ns)   --->   "%yOffset = xor i1 %p_read_4, i1 1" [G:/Project-Workspace/zynq-7020-video-pipe-3/hw/video-pipe-hw-v4/hw_011223.runs/bd_4177_csc_0_synth_1/prj/sol/.autopilot/db/v_csc.cpp:983->G:/Project-Workspace/zynq-7020-video-pipe-3/hw/video-pipe-hw-v4/hw_011223.runs/bd_4177_csc_0_synth_1/prj/sol/.autopilot/db/v_csc.cpp:492]   --->   Operation 27 'xor' 'yOffset' <Predicate = true> <Delay = 0.97> <CoreInst = "LogicGate">   --->   Core 74 'LogicGate' <Latency = 0> <II = 1> <Delay = 0.97> <FuncUnit> <Opcode : 'and' 'or' 'xor'> <InPorts = 2> <OutPorts = 1>
ST_2 : Operation 28 [1/1] (0.00ns)   --->   "%zext_ln952 = zext i1 %yOffset" [G:/Project-Workspace/zynq-7020-video-pipe-3/hw/video-pipe-hw-v4/hw_011223.runs/bd_4177_csc_0_synth_1/prj/sol/.autopilot/db/v_csc.cpp:952->G:/Project-Workspace/zynq-7020-video-pipe-3/hw/video-pipe-hw-v4/hw_011223.runs/bd_4177_csc_0_synth_1/prj/sol/.autopilot/db/v_csc.cpp:492]   --->   Operation 28 'zext' 'zext_ln952' <Predicate = true> <Delay = 0.00>
ST_2 : Operation 29 [1/1] (0.00ns)   --->   "%zext_ln996 = zext i9 %HwReg_height_read" [G:/Project-Workspace/zynq-7020-video-pipe-3/hw/video-pipe-hw-v4/hw_011223.runs/bd_4177_csc_0_synth_1/prj/sol/.autopilot/db/v_csc.cpp:996->G:/Project-Workspace/zynq-7020-video-pipe-3/hw/video-pipe-hw-v4/hw_011223.runs/bd_4177_csc_0_synth_1/prj/sol/.autopilot/db/v_csc.cpp:492]   --->   Operation 29 'zext' 'zext_ln996' <Predicate = true> <Delay = 0.00>
ST_2 : Operation 30 [1/1] (1.82ns)   --->   "%add_ln998 = add i10 %zext_ln996, i10 %zext_ln952" [G:/Project-Workspace/zynq-7020-video-pipe-3/hw/video-pipe-hw-v4/hw_011223.runs/bd_4177_csc_0_synth_1/prj/sol/.autopilot/db/v_csc.cpp:998->G:/Project-Workspace/zynq-7020-video-pipe-3/hw/video-pipe-hw-v4/hw_011223.runs/bd_4177_csc_0_synth_1/prj/sol/.autopilot/db/v_csc.cpp:492]   --->   Operation 30 'add' 'add_ln998' <Predicate = true> <Delay = 1.82> <CoreInst = "Adder">   --->   Core 1 'Adder' <Latency = 0> <II = 1> <Delay = 1.82> <FuncUnit> <Opcode : 'add' 'sub'> <InPorts = 2> <OutPorts = 1>
ST_2 : Operation 31 [1/1] (0.00ns)   --->   "%br_ln998 = br void %VITIS_LOOP_1000_2.i" [G:/Project-Workspace/zynq-7020-video-pipe-3/hw/video-pipe-hw-v4/hw_011223.runs/bd_4177_csc_0_synth_1/prj/sol/.autopilot/db/v_csc.cpp:998->G:/Project-Workspace/zynq-7020-video-pipe-3/hw/video-pipe-hw-v4/hw_011223.runs/bd_4177_csc_0_synth_1/prj/sol/.autopilot/db/v_csc.cpp:492]   --->   Operation 31 'br' 'br_ln998' <Predicate = true> <Delay = 0.00>

State 3 <SV = 2> <Delay = 3.31>
ST_3 : Operation 32 [1/1] (0.00ns)   --->   "%y_2 = load i10 %y" [G:/Project-Workspace/zynq-7020-video-pipe-3/hw/video-pipe-hw-v4/hw_011223.runs/bd_4177_csc_0_synth_1/prj/sol/.autopilot/db/v_csc.cpp:998->G:/Project-Workspace/zynq-7020-video-pipe-3/hw/video-pipe-hw-v4/hw_011223.runs/bd_4177_csc_0_synth_1/prj/sol/.autopilot/db/v_csc.cpp:492]   --->   Operation 32 'load' 'y_2' <Predicate = true> <Delay = 0.00>
ST_3 : Operation 33 [1/1] (0.00ns)   --->   "%speclooptripcount_ln0 = speclooptripcount void @_ssdm_op_SpecLoopTripCount, i64 0, i64 32767, i64 32767"   --->   Operation 33 'speclooptripcount' 'speclooptripcount_ln0' <Predicate = true> <Delay = 0.00>
ST_3 : Operation 34 [1/1] (1.73ns)   --->   "%icmp_ln998 = icmp_eq  i10 %y_2, i10 %add_ln998" [G:/Project-Workspace/zynq-7020-video-pipe-3/hw/video-pipe-hw-v4/hw_011223.runs/bd_4177_csc_0_synth_1/prj/sol/.autopilot/db/v_csc.cpp:998->G:/Project-Workspace/zynq-7020-video-pipe-3/hw/video-pipe-hw-v4/hw_011223.runs/bd_4177_csc_0_synth_1/prj/sol/.autopilot/db/v_csc.cpp:492]   --->   Operation 34 'icmp' 'icmp_ln998' <Predicate = true> <Delay = 1.73> <CoreInst = "Cmp">   --->   Core 9 'Cmp' <Latency = 0> <II = 1> <Delay = 1.73> <FuncUnit> <Opcode : 'icmp'> <InPorts = 2> <OutPorts = 1>
ST_3 : Operation 35 [1/1] (1.73ns)   --->   "%add_ln998_2 = add i10 %y_2, i10 1" [G:/Project-Workspace/zynq-7020-video-pipe-3/hw/video-pipe-hw-v4/hw_011223.runs/bd_4177_csc_0_synth_1/prj/sol/.autopilot/db/v_csc.cpp:998->G:/Project-Workspace/zynq-7020-video-pipe-3/hw/video-pipe-hw-v4/hw_011223.runs/bd_4177_csc_0_synth_1/prj/sol/.autopilot/db/v_csc.cpp:492]   --->   Operation 35 'add' 'add_ln998_2' <Predicate = true> <Delay = 1.73> <CoreInst = "Adder">   --->   Core 1 'Adder' <Latency = 0> <II = 1> <Delay = 1.73> <FuncUnit> <Opcode : 'add' 'sub'> <InPorts = 2> <OutPorts = 1>
ST_3 : Operation 36 [1/1] (0.00ns)   --->   "%br_ln998 = br i1 %icmp_ln998, void %VITIS_LOOP_1000_2.split.i, void %v_vcresampler_core.exit" [G:/Project-Workspace/zynq-7020-video-pipe-3/hw/video-pipe-hw-v4/hw_011223.runs/bd_4177_csc_0_synth_1/prj/sol/.autopilot/db/v_csc.cpp:998->G:/Project-Workspace/zynq-7020-video-pipe-3/hw/video-pipe-hw-v4/hw_011223.runs/bd_4177_csc_0_synth_1/prj/sol/.autopilot/db/v_csc.cpp:492]   --->   Operation 36 'br' 'br_ln998' <Predicate = true> <Delay = 0.00>
ST_3 : Operation 37 [1/1] (1.73ns)   --->   "%out_y = sub i10 %y_2, i10 %zext_ln952" [G:/Project-Workspace/zynq-7020-video-pipe-3/hw/video-pipe-hw-v4/hw_011223.runs/bd_4177_csc_0_synth_1/prj/sol/.autopilot/db/v_csc.cpp:998->G:/Project-Workspace/zynq-7020-video-pipe-3/hw/video-pipe-hw-v4/hw_011223.runs/bd_4177_csc_0_synth_1/prj/sol/.autopilot/db/v_csc.cpp:492]   --->   Operation 37 'sub' 'out_y' <Predicate = (!icmp_ln998)> <Delay = 1.73> <CoreInst = "Adder">   --->   Core 1 'Adder' <Latency = 0> <II = 1> <Delay = 1.73> <FuncUnit> <Opcode : 'add' 'sub'> <InPorts = 2> <OutPorts = 1>
ST_3 : Operation 38 [1/1] (0.00ns)   --->   "%empty = trunc i10 %out_y" [G:/Project-Workspace/zynq-7020-video-pipe-3/hw/video-pipe-hw-v4/hw_011223.runs/bd_4177_csc_0_synth_1/prj/sol/.autopilot/db/v_csc.cpp:998->G:/Project-Workspace/zynq-7020-video-pipe-3/hw/video-pipe-hw-v4/hw_011223.runs/bd_4177_csc_0_synth_1/prj/sol/.autopilot/db/v_csc.cpp:492]   --->   Operation 38 'trunc' 'empty' <Predicate = (!icmp_ln998)> <Delay = 0.00>
ST_3 : Operation 39 [1/1] (1.73ns)   --->   "%cmp33_i = icmp_ult  i10 %y_2, i10 %zext_ln996" [G:/Project-Workspace/zynq-7020-video-pipe-3/hw/video-pipe-hw-v4/hw_011223.runs/bd_4177_csc_0_synth_1/prj/sol/.autopilot/db/v_csc.cpp:998->G:/Project-Workspace/zynq-7020-video-pipe-3/hw/video-pipe-hw-v4/hw_011223.runs/bd_4177_csc_0_synth_1/prj/sol/.autopilot/db/v_csc.cpp:492]   --->   Operation 39 'icmp' 'cmp33_i' <Predicate = (!icmp_ln998)> <Delay = 1.73> <CoreInst = "Cmp">   --->   Core 9 'Cmp' <Latency = 0> <II = 1> <Delay = 1.73> <FuncUnit> <Opcode : 'icmp'> <InPorts = 2> <OutPorts = 1>
ST_3 : Operation 40 [1/1] (1.73ns)   --->   "%cmp105_i = icmp_ne  i10 %y_2, i10 0" [G:/Project-Workspace/zynq-7020-video-pipe-3/hw/video-pipe-hw-v4/hw_011223.runs/bd_4177_csc_0_synth_1/prj/sol/.autopilot/db/v_csc.cpp:998->G:/Project-Workspace/zynq-7020-video-pipe-3/hw/video-pipe-hw-v4/hw_011223.runs/bd_4177_csc_0_synth_1/prj/sol/.autopilot/db/v_csc.cpp:492]   --->   Operation 40 'icmp' 'cmp105_i' <Predicate = (!icmp_ln998)> <Delay = 1.73> <CoreInst = "Cmp">   --->   Core 9 'Cmp' <Latency = 0> <II = 1> <Delay = 1.73> <FuncUnit> <Opcode : 'icmp'> <InPorts = 2> <OutPorts = 1>
ST_3 : Operation 41 [1/1] (0.00ns)   --->   "%tmp = bitselect i1 @_ssdm_op_BitSelect.i1.i10.i32, i10 %out_y, i32 9" [G:/Project-Workspace/zynq-7020-video-pipe-3/hw/video-pipe-hw-v4/hw_011223.runs/bd_4177_csc_0_synth_1/prj/sol/.autopilot/db/v_csc.cpp:998->G:/Project-Workspace/zynq-7020-video-pipe-3/hw/video-pipe-hw-v4/hw_011223.runs/bd_4177_csc_0_synth_1/prj/sol/.autopilot/db/v_csc.cpp:492]   --->   Operation 41 'bitselect' 'tmp' <Predicate = (!icmp_ln998)> <Delay = 0.00>
ST_3 : Operation 42 [1/1] (0.00ns)   --->   "%empty_65 = wait i32 @_ssdm_op_Wait"   --->   Operation 42 'wait' 'empty_65' <Predicate = (!icmp_ln998)> <Delay = 0.00>
ST_3 : Operation 43 [1/1] (1.58ns)   --->   "%store_ln951 = store i10 %add_ln998_2, i10 %y" [G:/Project-Workspace/zynq-7020-video-pipe-3/hw/video-pipe-hw-v4/hw_011223.runs/bd_4177_csc_0_synth_1/prj/sol/.autopilot/db/v_csc.cpp:951->G:/Project-Workspace/zynq-7020-video-pipe-3/hw/video-pipe-hw-v4/hw_011223.runs/bd_4177_csc_0_synth_1/prj/sol/.autopilot/db/v_csc.cpp:492]   --->   Operation 43 'store' 'store_ln951' <Predicate = (!icmp_ln998)> <Delay = 1.58>
ST_3 : Operation 44 [1/1] (0.00ns)   --->   "%ret_ln492 = ret" [G:/Project-Workspace/zynq-7020-video-pipe-3/hw/video-pipe-hw-v4/hw_011223.runs/bd_4177_csc_0_synth_1/prj/sol/.autopilot/db/v_csc.cpp:492]   --->   Operation 44 'ret' 'ret_ln492' <Predicate = (icmp_ln998)> <Delay = 0.00>

State 4 <SV = 3> <Delay = 3.41>
ST_4 : Operation 45 [2/2] (3.41ns)   --->   "%call_ln998 = call void @v_vcresampler_core_Pipeline_VITIS_LOOP_1000_2, i9 %loopWidth, i24 %stream_out_vresampled, i1 %p_read_4, i1 %cmp33_i, i1 %cmp105_i, i1 %empty, i1 %tmp, i8 %linebuf_c_2, i8 %linebuf_y, i8 %linebuf_c, i24 %stream_out_hresampled, i8 %p_0_0352559_lcssa586_i, i8 %p_0_0374557_lcssa583_i, i8 %pix_0_2_0_0_0_load555_lcssa580_i, i8 %pix_0_1_0_0_0_load553_lcssa577_i, i8 %pix_0_0_0_0_0_load551_lcssa574_i" [G:/Project-Workspace/zynq-7020-video-pipe-3/hw/video-pipe-hw-v4/hw_011223.runs/bd_4177_csc_0_synth_1/prj/sol/.autopilot/db/v_csc.cpp:998->G:/Project-Workspace/zynq-7020-video-pipe-3/hw/video-pipe-hw-v4/hw_011223.runs/bd_4177_csc_0_synth_1/prj/sol/.autopilot/db/v_csc.cpp:492]   --->   Operation 45 'call' 'call_ln998' <Predicate = true> <Delay = 3.41> <CoreType = "Generic">   --->   Core 0 '' <Latency = 0> <II = 1> <Delay = 1.00> <Generic> <Opcode : >

State 5 <SV = 4> <Delay = 0.00>
ST_5 : Operation 46 [1/1] (0.00ns)   --->   "%specloopname_ln998 = specloopname void @_ssdm_op_SpecLoopName, void @empty_9" [G:/Project-Workspace/zynq-7020-video-pipe-3/hw/video-pipe-hw-v4/hw_011223.runs/bd_4177_csc_0_synth_1/prj/sol/.autopilot/db/v_csc.cpp:998->G:/Project-Workspace/zynq-7020-video-pipe-3/hw/video-pipe-hw-v4/hw_011223.runs/bd_4177_csc_0_synth_1/prj/sol/.autopilot/db/v_csc.cpp:492]   --->   Operation 46 'specloopname' 'specloopname_ln998' <Predicate = true> <Delay = 0.00>
ST_5 : Operation 47 [1/2] (0.00ns)   --->   "%call_ln998 = call void @v_vcresampler_core_Pipeline_VITIS_LOOP_1000_2, i9 %loopWidth, i24 %stream_out_vresampled, i1 %p_read_4, i1 %cmp33_i, i1 %cmp105_i, i1 %empty, i1 %tmp, i8 %linebuf_c_2, i8 %linebuf_y, i8 %linebuf_c, i24 %stream_out_hresampled, i8 %p_0_0352559_lcssa586_i, i8 %p_0_0374557_lcssa583_i, i8 %pix_0_2_0_0_0_load555_lcssa580_i, i8 %pix_0_1_0_0_0_load553_lcssa577_i, i8 %pix_0_0_0_0_0_load551_lcssa574_i" [G:/Project-Workspace/zynq-7020-video-pipe-3/hw/video-pipe-hw-v4/hw_011223.runs/bd_4177_csc_0_synth_1/prj/sol/.autopilot/db/v_csc.cpp:998->G:/Project-Workspace/zynq-7020-video-pipe-3/hw/video-pipe-hw-v4/hw_011223.runs/bd_4177_csc_0_synth_1/prj/sol/.autopilot/db/v_csc.cpp:492]   --->   Operation 47 'call' 'call_ln998' <Predicate = true> <Delay = 0.00> <CoreType = "Generic">   --->   Core 0 '' <Latency = 0> <II = 1> <Delay = 1.00> <Generic> <Opcode : >
ST_5 : Operation 48 [1/1] (0.00ns)   --->   "%br_ln998 = br void %VITIS_LOOP_1000_2.i" [G:/Project-Workspace/zynq-7020-video-pipe-3/hw/video-pipe-hw-v4/hw_011223.runs/bd_4177_csc_0_synth_1/prj/sol/.autopilot/db/v_csc.cpp:998->G:/Project-Workspace/zynq-7020-video-pipe-3/hw/video-pipe-hw-v4/hw_011223.runs/bd_4177_csc_0_synth_1/prj/sol/.autopilot/db/v_csc.cpp:492]   --->   Operation 48 'br' 'br_ln998' <Predicate = true> <Delay = 0.00>


============================================================
+ Verbose Summary: Binding
============================================================
STG Binding: 
---------------- STG Properties BEGIN ----------------
- Is combinational: 0
- Is one-state seq: 0
- Is datapath-only: 0
- Is pipelined: 0
- Is top level: 0
Port [ Return ] is wired: 1; IO mode=ap_ctrl_hs:ce=0
Port [ stream_out_hresampled]:  wired=1; compound=1; hidden=0; nouse=0; global=0; static=0; extern=0; dir=0; type=3; pingpong=0; private_global=0; IO mode=ap_fifo:ce=0
Port [ HwReg_height]:  wired=1; compound=1; hidden=0; nouse=0; global=0; static=0; extern=0; dir=0; type=3; pingpong=0; private_global=0; IO mode=ap_fifo:ce=0
Port [ HwReg_width]:  wired=1; compound=1; hidden=0; nouse=0; global=0; static=0; extern=0; dir=0; type=3; pingpong=0; private_global=0; IO mode=ap_fifo:ce=0
Port [ p_read]:  wired=1; compound=0; hidden=0; nouse=0; global=0; static=0; extern=0; dir=0; type=0; pingpong=0; private_global=0; IO mode=ap_none:ce=0
Port [ stream_out_vresampled]:  wired=1; compound=1; hidden=0; nouse=0; global=0; static=0; extern=0; dir=1; type=3; pingpong=0; private_global=0; IO mode=ap_fifo:ce=0
Port [ HwReg_width_c]:  wired=1; compound=1; hidden=0; nouse=0; global=0; static=0; extern=0; dir=1; type=3; pingpong=0; private_global=0; IO mode=ap_fifo:ce=0
Port [ HwReg_height_c]:  wired=1; compound=1; hidden=0; nouse=0; global=0; static=0; extern=0; dir=1; type=3; pingpong=0; private_global=0; IO mode=ap_fifo:ce=0
---------------- STG Properties END ------------------

---------------- Datapath Model BEGIN ----------------

<LifeTime>
<method=bitvector/>
pix_0_0_0_0_0_load551_lcssa574_i (alloca           ) [ 001111]
pix_0_1_0_0_0_load553_lcssa577_i (alloca           ) [ 001111]
pix_0_2_0_0_0_load555_lcssa580_i (alloca           ) [ 001111]
p_0_0374557_lcssa583_i           (alloca           ) [ 001111]
p_0_0352559_lcssa586_i           (alloca           ) [ 001111]
y                                (alloca           ) [ 011111]
p_read_4                         (read             ) [ 001111]
linebuf_y                        (alloca           ) [ 001111]
linebuf_c                        (alloca           ) [ 001111]
linebuf_c_2                      (alloca           ) [ 001111]
store_ln951                      (store            ) [ 000000]
specinterface_ln0                (specinterface    ) [ 000000]
HwReg_height_read                (read             ) [ 000000]
specinterface_ln0                (specinterface    ) [ 000000]
write_ln0                        (write            ) [ 000000]
specinterface_ln0                (specinterface    ) [ 000000]
loopWidth                        (read             ) [ 000111]
specinterface_ln0                (specinterface    ) [ 000000]
write_ln0                        (write            ) [ 000000]
specinterface_ln0                (specinterface    ) [ 000000]
specinterface_ln0                (specinterface    ) [ 000000]
yOffset                          (xor              ) [ 000000]
zext_ln952                       (zext             ) [ 000111]
zext_ln996                       (zext             ) [ 000111]
add_ln998                        (add              ) [ 000111]
br_ln998                         (br               ) [ 000000]
y_2                              (load             ) [ 000000]
speclooptripcount_ln0            (speclooptripcount) [ 000000]
icmp_ln998                       (icmp             ) [ 000111]
add_ln998_2                      (add              ) [ 000000]
br_ln998                         (br               ) [ 000000]
out_y                            (sub              ) [ 000000]
empty                            (trunc            ) [ 000011]
cmp33_i                          (icmp             ) [ 000011]
cmp105_i                         (icmp             ) [ 000011]
tmp                              (bitselect        ) [ 000011]
empty_65                         (wait             ) [ 000000]
store_ln951                      (store            ) [ 000000]
ret_ln492                        (ret              ) [ 000000]
specloopname_ln998               (specloopname     ) [ 000000]
call_ln998                       (call             ) [ 000000]
br_ln998                         (br               ) [ 000000]
</LifeTime>

<model>

<comp_list>
<comp id="0" class="1000" name="stream_out_hresampled">
<pin_list>
<pin id="1" dir="1" index="0" bw="1" slack="0"/>
</pin_list>
<bind>
<StgValue><ssdm name="stream_out_hresampled"/></StgValue>
</bind>
</comp>

<comp id="2" class="1000" name="HwReg_height">
<pin_list>
<pin id="3" dir="1" index="0" bw="1" slack="0"/>
</pin_list>
<bind>
<StgValue><ssdm name="HwReg_height"/></StgValue>
</bind>
</comp>

<comp id="4" class="1000" name="HwReg_width">
<pin_list>
<pin id="5" dir="1" index="0" bw="1" slack="0"/>
</pin_list>
<bind>
<StgValue><ssdm name="HwReg_width"/></StgValue>
</bind>
</comp>

<comp id="6" class="1000" name="p_read">
<pin_list>
<pin id="7" dir="1" index="0" bw="1" slack="0"/>
</pin_list>
<bind>
<StgValue><ssdm name="p_read"/></StgValue>
</bind>
</comp>

<comp id="8" class="1000" name="stream_out_vresampled">
<pin_list>
<pin id="9" dir="1" index="0" bw="1" slack="0"/>
</pin_list>
<bind>
<StgValue><ssdm name="stream_out_vresampled"/></StgValue>
</bind>
</comp>

<comp id="10" class="1000" name="HwReg_width_c">
<pin_list>
<pin id="11" dir="1" index="0" bw="1" slack="0"/>
</pin_list>
<bind>
<StgValue><ssdm name="HwReg_width_c"/></StgValue>
</bind>
</comp>

<comp id="12" class="1000" name="HwReg_height_c">
<pin_list>
<pin id="13" dir="1" index="0" bw="1" slack="0"/>
</pin_list>
<bind>
<StgValue><ssdm name="HwReg_height_c"/></StgValue>
</bind>
</comp>

<comp id="14" class="1001" name="const_14">
<pin_list>
<pin id="15" dir="1" index="0" bw="1" slack="0"/>
</pin_list>
<bind>
<StgValue><ssdm name=""/></StgValue>
</bind>
</comp>

<comp id="16" class="1001" name="const_16">
<pin_list>
<pin id="17" dir="1" index="0" bw="1" slack="0"/>
</pin_list>
<bind>
<StgValue><ssdm name="_ssdm_op_Read.ap_auto.i1"/></StgValue>
</bind>
</comp>

<comp id="18" class="1001" name="const_18">
<pin_list>
<pin id="19" dir="1" index="0" bw="1" slack="0"/>
</pin_list>
<bind>
<StgValue><ssdm name=""/></StgValue>
</bind>
</comp>

<comp id="20" class="1001" name="const_20">
<pin_list>
<pin id="21" dir="1" index="0" bw="1" slack="0"/>
</pin_list>
<bind>
<StgValue><ssdm name=""/></StgValue>
</bind>
</comp>

<comp id="22" class="1001" name="const_22">
<pin_list>
<pin id="23" dir="1" index="0" bw="1" slack="2147483647"/>
</pin_list>
<bind>
<StgValue><ssdm name="_ssdm_op_SpecInterface"/></StgValue>
</bind>
</comp>

<comp id="24" class="1001" name="const_24">
<pin_list>
<pin id="25" dir="1" index="0" bw="1" slack="2147483647"/>
</pin_list>
<bind>
<StgValue><ssdm name="ap_fifo_str"/></StgValue>
</bind>
</comp>

<comp id="26" class="1001" name="const_26">
<pin_list>
<pin id="27" dir="1" index="0" bw="1" slack="2147483647"/>
</pin_list>
<bind>
<StgValue><ssdm name=""/></StgValue>
</bind>
</comp>

<comp id="28" class="1001" name="const_28">
<pin_list>
<pin id="29" dir="1" index="0" bw="1" slack="2147483647"/>
</pin_list>
<bind>
<StgValue><ssdm name="p_str"/></StgValue>
</bind>
</comp>

<comp id="30" class="1001" name="const_30">
<pin_list>
<pin id="31" dir="1" index="0" bw="1" slack="2147483647"/>
</pin_list>
<bind>
<StgValue><ssdm name=""/></StgValue>
</bind>
</comp>

<comp id="32" class="1001" name="const_32">
<pin_list>
<pin id="33" dir="1" index="0" bw="1" slack="2147483647"/>
</pin_list>
<bind>
<StgValue><ssdm name=""/></StgValue>
</bind>
</comp>

<comp id="34" class="1001" name="const_34">
<pin_list>
<pin id="35" dir="1" index="0" bw="1" slack="2147483647"/>
</pin_list>
<bind>
<StgValue><ssdm name="ScalarProp_str"/></StgValue>
</bind>
</comp>

<comp id="36" class="1001" name="const_36">
<pin_list>
<pin id="37" dir="1" index="0" bw="1" slack="2147483647"/>
</pin_list>
<bind>
<StgValue><ssdm name=""/></StgValue>
</bind>
</comp>

<comp id="38" class="1001" name="const_38">
<pin_list>
<pin id="39" dir="1" index="0" bw="1" slack="0"/>
</pin_list>
<bind>
<StgValue><ssdm name="_ssdm_op_Read.ap_fifo.i9P0A"/></StgValue>
</bind>
</comp>

<comp id="40" class="1001" name="const_40">
<pin_list>
<pin id="41" dir="1" index="0" bw="1" slack="0"/>
</pin_list>
<bind>
<StgValue><ssdm name="_ssdm_op_Write.ap_fifo.i9P0A"/></StgValue>
</bind>
</comp>

<comp id="42" class="1001" name="const_42">
<pin_list>
<pin id="43" dir="1" index="0" bw="1" slack="2147483647"/>
</pin_list>
<bind>
<StgValue><ssdm name="empty_0"/></StgValue>
</bind>
</comp>

<comp id="44" class="1001" name="const_44">
<pin_list>
<pin id="45" dir="1" index="0" bw="1" slack="2147483647"/>
</pin_list>
<bind>
<StgValue><ssdm name="empty_18"/></StgValue>
</bind>
</comp>

<comp id="46" class="1001" name="const_46">
<pin_list>
<pin id="47" dir="1" index="0" bw="1" slack="0"/>
</pin_list>
<bind>
<StgValue><ssdm name=""/></StgValue>
</bind>
</comp>

<comp id="48" class="1001" name="const_48">
<pin_list>
<pin id="49" dir="1" index="0" bw="1" slack="2147483647"/>
</pin_list>
<bind>
<StgValue><ssdm name="_ssdm_op_SpecLoopTripCount"/></StgValue>
</bind>
</comp>

<comp id="50" class="1001" name="const_50">
<pin_list>
<pin id="51" dir="1" index="0" bw="1" slack="2147483647"/>
</pin_list>
<bind>
<StgValue><ssdm name=""/></StgValue>
</bind>
</comp>

<comp id="52" class="1001" name="const_52">
<pin_list>
<pin id="53" dir="1" index="0" bw="1" slack="2147483647"/>
</pin_list>
<bind>
<StgValue><ssdm name=""/></StgValue>
</bind>
</comp>

<comp id="54" class="1001" name="const_54">
<pin_list>
<pin id="55" dir="1" index="0" bw="1" slack="0"/>
</pin_list>
<bind>
<StgValue><ssdm name=""/></StgValue>
</bind>
</comp>

<comp id="56" class="1001" name="const_56">
<pin_list>
<pin id="57" dir="1" index="0" bw="1" slack="0"/>
</pin_list>
<bind>
<StgValue><ssdm name="_ssdm_op_BitSelect.i1.i10.i32"/></StgValue>
</bind>
</comp>

<comp id="58" class="1001" name="const_58">
<pin_list>
<pin id="59" dir="1" index="0" bw="1" slack="0"/>
</pin_list>
<bind>
<StgValue><ssdm name=""/></StgValue>
</bind>
</comp>

<comp id="60" class="1001" name="const_60">
<pin_list>
<pin id="61" dir="1" index="0" bw="1" slack="2147483647"/>
</pin_list>
<bind>
<StgValue><ssdm name="_ssdm_op_Wait"/></StgValue>
</bind>
</comp>

<comp id="62" class="1001" name="const_62">
<pin_list>
<pin id="63" dir="1" index="0" bw="1" slack="0"/>
</pin_list>
<bind>
<StgValue><ssdm name="v_vcresampler_core_Pipeline_VITIS_LOOP_1000_2"/></StgValue>
</bind>
</comp>

<comp id="64" class="1001" name="const_64">
<pin_list>
<pin id="65" dir="1" index="0" bw="1" slack="2147483647"/>
</pin_list>
<bind>
<StgValue><ssdm name="_ssdm_op_SpecLoopName"/></StgValue>
</bind>
</comp>

<comp id="66" class="1001" name="const_66">
<pin_list>
<pin id="67" dir="1" index="0" bw="1" slack="2147483647"/>
</pin_list>
<bind>
<StgValue><ssdm name="empty_9"/></StgValue>
</bind>
</comp>

<comp id="68" class="1004" name="pix_0_0_0_0_0_load551_lcssa574_i_fu_68">
<pin_list>
<pin id="69" dir="0" index="0" bw="1" slack="0"/>
<pin id="70" dir="1" index="1" bw="8" slack="3"/>
</pin_list>
<bind>
<opcode="alloca(26) " fcode="alloca"/>
<opset="pix_0_0_0_0_0_load551_lcssa574_i/1 "/>
</bind>
</comp>

<comp id="72" class="1004" name="pix_0_1_0_0_0_load553_lcssa577_i_fu_72">
<pin_list>
<pin id="73" dir="0" index="0" bw="1" slack="0"/>
<pin id="74" dir="1" index="1" bw="8" slack="3"/>
</pin_list>
<bind>
<opcode="alloca(26) " fcode="alloca"/>
<opset="pix_0_1_0_0_0_load553_lcssa577_i/1 "/>
</bind>
</comp>

<comp id="76" class="1004" name="pix_0_2_0_0_0_load555_lcssa580_i_fu_76">
<pin_list>
<pin id="77" dir="0" index="0" bw="1" slack="0"/>
<pin id="78" dir="1" index="1" bw="8" slack="3"/>
</pin_list>
<bind>
<opcode="alloca(26) " fcode="alloca"/>
<opset="pix_0_2_0_0_0_load555_lcssa580_i/1 "/>
</bind>
</comp>

<comp id="80" class="1004" name="p_0_0374557_lcssa583_i_fu_80">
<pin_list>
<pin id="81" dir="0" index="0" bw="1" slack="0"/>
<pin id="82" dir="1" index="1" bw="8" slack="3"/>
</pin_list>
<bind>
<opcode="alloca(26) " fcode="alloca"/>
<opset="p_0_0374557_lcssa583_i/1 "/>
</bind>
</comp>

<comp id="84" class="1004" name="p_0_0352559_lcssa586_i_fu_84">
<pin_list>
<pin id="85" dir="0" index="0" bw="1" slack="0"/>
<pin id="86" dir="1" index="1" bw="8" slack="3"/>
</pin_list>
<bind>
<opcode="alloca(26) " fcode="alloca"/>
<opset="p_0_0352559_lcssa586_i/1 "/>
</bind>
</comp>

<comp id="88" class="1004" name="y_fu_88">
<pin_list>
<pin id="89" dir="0" index="0" bw="1" slack="0"/>
<pin id="90" dir="1" index="1" bw="10" slack="0"/>
</pin_list>
<bind>
<opcode="alloca(26) " fcode="alloca"/>
<opset="y/1 "/>
</bind>
</comp>

<comp id="92" class="1004" name="linebuf_y_alloca_fu_92">
<pin_list>
<pin id="93" dir="0" index="0" bw="1" slack="0"/>
<pin id="94" dir="1" index="1" bw="8" slack="2147483647"/>
</pin_list>
<bind>
<opcode="alloca(26) " fcode="alloca"/>
<opset="linebuf_y/1 "/>
</bind>
</comp>

<comp id="96" class="1004" name="linebuf_c_alloca_fu_96">
<pin_list>
<pin id="97" dir="0" index="0" bw="1" slack="0"/>
<pin id="98" dir="1" index="1" bw="8" slack="2147483647"/>
</pin_list>
<bind>
<opcode="alloca(26) " fcode="alloca"/>
<opset="linebuf_c/1 "/>
</bind>
</comp>

<comp id="100" class="1004" name="linebuf_c_2_alloca_fu_100">
<pin_list>
<pin id="101" dir="0" index="0" bw="1" slack="0"/>
<pin id="102" dir="1" index="1" bw="8" slack="2147483647"/>
</pin_list>
<bind>
<opcode="alloca(26) " fcode="alloca"/>
<opset="linebuf_c_2/1 "/>
</bind>
</comp>

<comp id="104" class="1004" name="p_read_4_read_fu_104">
<pin_list>
<pin id="105" dir="0" index="0" bw="1" slack="0"/>
<pin id="106" dir="0" index="1" bw="1" slack="0"/>
<pin id="107" dir="1" index="2" bw="1" slack="1"/>
</pin_list>
<bind>
<opcode="read(1150) " fcode="read"/>
<opset="p_read_4/1 "/>
</bind>
</comp>

<comp id="110" class="1004" name="HwReg_height_read_read_fu_110">
<pin_list>
<pin id="111" dir="0" index="0" bw="9" slack="0"/>
<pin id="112" dir="0" index="1" bw="9" slack="0"/>
<pin id="113" dir="1" index="2" bw="9" slack="0"/>
</pin_list>
<bind>
<opcode="read(1150) " fcode="read"/>
<opset="HwReg_height_read/2 "/>
</bind>
</comp>

<comp id="116" class="1004" name="write_ln0_write_fu_116">
<pin_list>
<pin id="117" dir="0" index="0" bw="0" slack="0"/>
<pin id="118" dir="0" index="1" bw="9" slack="0"/>
<pin id="119" dir="0" index="2" bw="9" slack="0"/>
<pin id="120" dir="1" index="3" bw="0" slack="2147483647"/>
</pin_list>
<bind>
<opcode="write(1151) " fcode="write"/>
<opset="write_ln0/2 "/>
</bind>
</comp>

<comp id="124" class="1004" name="loopWidth_read_fu_124">
<pin_list>
<pin id="125" dir="0" index="0" bw="9" slack="0"/>
<pin id="126" dir="0" index="1" bw="9" slack="0"/>
<pin id="127" dir="1" index="2" bw="9" slack="0"/>
</pin_list>
<bind>
<opcode="read(1150) " fcode="read"/>
<opset="loopWidth/2 "/>
</bind>
</comp>

<comp id="130" class="1004" name="write_ln0_write_fu_130">
<pin_list>
<pin id="131" dir="0" index="0" bw="0" slack="0"/>
<pin id="132" dir="0" index="1" bw="9" slack="0"/>
<pin id="133" dir="0" index="2" bw="9" slack="0"/>
<pin id="134" dir="1" index="3" bw="0" slack="2147483647"/>
</pin_list>
<bind>
<opcode="write(1151) " fcode="write"/>
<opset="write_ln0/2 "/>
</bind>
</comp>

<comp id="138" class="1004" name="grp_v_vcresampler_core_Pipeline_VITIS_LOOP_1000_2_fu_138">
<pin_list>
<pin id="139" dir="0" index="0" bw="0" slack="0"/>
<pin id="140" dir="0" index="1" bw="9" slack="2"/>
<pin id="141" dir="0" index="2" bw="24" slack="0"/>
<pin id="142" dir="0" index="3" bw="1" slack="3"/>
<pin id="143" dir="0" index="4" bw="1" slack="1"/>
<pin id="144" dir="0" index="5" bw="1" slack="1"/>
<pin id="145" dir="0" index="6" bw="1" slack="1"/>
<pin id="146" dir="0" index="7" bw="1" slack="1"/>
<pin id="147" dir="0" index="8" bw="8" slack="2147483647"/>
<pin id="148" dir="0" index="9" bw="8" slack="2147483647"/>
<pin id="149" dir="0" index="10" bw="8" slack="2147483647"/>
<pin id="150" dir="0" index="11" bw="24" slack="0"/>
<pin id="151" dir="0" index="12" bw="8" slack="3"/>
<pin id="152" dir="0" index="13" bw="8" slack="3"/>
<pin id="153" dir="0" index="14" bw="8" slack="3"/>
<pin id="154" dir="0" index="15" bw="8" slack="3"/>
<pin id="155" dir="0" index="16" bw="8" slack="3"/>
<pin id="156" dir="1" index="17" bw="0" slack="2147483647"/>
</pin_list>
<bind>
<opcode="call(48) " fcode="call"/>
<opset="call_ln998/4 "/>
</bind>
</comp>

<comp id="160" class="1004" name="store_ln951_store_fu_160">
<pin_list>
<pin id="161" dir="0" index="0" bw="1" slack="0"/>
<pin id="162" dir="0" index="1" bw="10" slack="0"/>
<pin id="163" dir="1" index="2" bw="0" slack="2147483647"/>
</pin_list>
<bind>
<opcode="store(28) " fcode="store"/>
<opset="store_ln951/1 "/>
</bind>
</comp>

<comp id="165" class="1004" name="yOffset_fu_165">
<pin_list>
<pin id="166" dir="0" index="0" bw="1" slack="1"/>
<pin id="167" dir="0" index="1" bw="1" slack="0"/>
<pin id="168" dir="1" index="2" bw="1" slack="0"/>
</pin_list>
<bind>
<opcode="xor(25) " fcode="xor"/>
<opset="yOffset/2 "/>
</bind>
</comp>

<comp id="170" class="1004" name="zext_ln952_fu_170">
<pin_list>
<pin id="171" dir="0" index="0" bw="1" slack="0"/>
<pin id="172" dir="1" index="1" bw="10" slack="0"/>
</pin_list>
<bind>
<opcode="zext(34) " fcode="zext"/>
<opset="zext_ln952/2 "/>
</bind>
</comp>

<comp id="174" class="1004" name="zext_ln996_fu_174">
<pin_list>
<pin id="175" dir="0" index="0" bw="9" slack="0"/>
<pin id="176" dir="1" index="1" bw="10" slack="0"/>
</pin_list>
<bind>
<opcode="zext(34) " fcode="zext"/>
<opset="zext_ln996/2 "/>
</bind>
</comp>

<comp id="178" class="1004" name="add_ln998_fu_178">
<pin_list>
<pin id="179" dir="0" index="0" bw="9" slack="0"/>
<pin id="180" dir="0" index="1" bw="1" slack="0"/>
<pin id="181" dir="1" index="2" bw="10" slack="1"/>
</pin_list>
<bind>
<opcode="add(8) " fcode="add"/>
<opset="add_ln998/2 "/>
</bind>
</comp>

<comp id="184" class="1004" name="y_2_load_fu_184">
<pin_list>
<pin id="185" dir="0" index="0" bw="10" slack="2"/>
<pin id="186" dir="1" index="1" bw="10" slack="0"/>
</pin_list>
<bind>
<opcode="load(27) " fcode="load"/>
<opset="y_2/3 "/>
</bind>
</comp>

<comp id="187" class="1004" name="icmp_ln998_fu_187">
<pin_list>
<pin id="188" dir="0" index="0" bw="10" slack="0"/>
<pin id="189" dir="0" index="1" bw="10" slack="1"/>
<pin id="190" dir="1" index="2" bw="1" slack="2147483647"/>
</pin_list>
<bind>
<opcode="icmp(45) " fcode="icmp"/>
<opset="icmp_ln998/3 "/>
</bind>
</comp>

<comp id="192" class="1004" name="add_ln998_2_fu_192">
<pin_list>
<pin id="193" dir="0" index="0" bw="10" slack="0"/>
<pin id="194" dir="0" index="1" bw="1" slack="0"/>
<pin id="195" dir="1" index="2" bw="10" slack="0"/>
</pin_list>
<bind>
<opcode="add(8) " fcode="add"/>
<opset="add_ln998_2/3 "/>
</bind>
</comp>

<comp id="198" class="1004" name="out_y_fu_198">
<pin_list>
<pin id="199" dir="0" index="0" bw="10" slack="0"/>
<pin id="200" dir="0" index="1" bw="1" slack="1"/>
<pin id="201" dir="1" index="2" bw="10" slack="0"/>
</pin_list>
<bind>
<opcode="sub(10) " fcode="sub"/>
<opset="out_y/3 "/>
</bind>
</comp>

<comp id="203" class="1004" name="empty_fu_203">
<pin_list>
<pin id="204" dir="0" index="0" bw="10" slack="0"/>
<pin id="205" dir="1" index="1" bw="1" slack="1"/>
</pin_list>
<bind>
<opcode="trunc(33) " fcode="trunc"/>
<opset="empty/3 "/>
</bind>
</comp>

<comp id="207" class="1004" name="cmp33_i_fu_207">
<pin_list>
<pin id="208" dir="0" index="0" bw="10" slack="0"/>
<pin id="209" dir="0" index="1" bw="9" slack="1"/>
<pin id="210" dir="1" index="2" bw="1" slack="1"/>
</pin_list>
<bind>
<opcode="icmp(45) " fcode="icmp"/>
<opset="cmp33_i/3 "/>
</bind>
</comp>

<comp id="212" class="1004" name="cmp105_i_fu_212">
<pin_list>
<pin id="213" dir="0" index="0" bw="10" slack="0"/>
<pin id="214" dir="0" index="1" bw="1" slack="0"/>
<pin id="215" dir="1" index="2" bw="1" slack="1"/>
</pin_list>
<bind>
<opcode="icmp(45) " fcode="icmp"/>
<opset="cmp105_i/3 "/>
</bind>
</comp>

<comp id="218" class="1004" name="tmp_fu_218">
<pin_list>
<pin id="219" dir="0" index="0" bw="1" slack="0"/>
<pin id="220" dir="0" index="1" bw="10" slack="0"/>
<pin id="221" dir="0" index="2" bw="5" slack="0"/>
<pin id="222" dir="1" index="3" bw="1" slack="1"/>
</pin_list>
<bind>
<opcode="bitselect(1000) " fcode="bitselect"/>
<opset="tmp/3 "/>
</bind>
</comp>

<comp id="226" class="1004" name="store_ln951_store_fu_226">
<pin_list>
<pin id="227" dir="0" index="0" bw="10" slack="0"/>
<pin id="228" dir="0" index="1" bw="10" slack="2"/>
<pin id="229" dir="1" index="2" bw="0" slack="2147483647"/>
</pin_list>
<bind>
<opcode="store(28) " fcode="store"/>
<opset="store_ln951/3 "/>
</bind>
</comp>

<comp id="231" class="1005" name="pix_0_0_0_0_0_load551_lcssa574_i_reg_231">
<pin_list>
<pin id="232" dir="0" index="0" bw="8" slack="3"/>
<pin id="233" dir="1" index="1" bw="8" slack="3"/>
</pin_list>
<bind>
<opset="pix_0_0_0_0_0_load551_lcssa574_i "/>
</bind>
</comp>

<comp id="236" class="1005" name="pix_0_1_0_0_0_load553_lcssa577_i_reg_236">
<pin_list>
<pin id="237" dir="0" index="0" bw="8" slack="3"/>
<pin id="238" dir="1" index="1" bw="8" slack="3"/>
</pin_list>
<bind>
<opset="pix_0_1_0_0_0_load553_lcssa577_i "/>
</bind>
</comp>

<comp id="241" class="1005" name="pix_0_2_0_0_0_load555_lcssa580_i_reg_241">
<pin_list>
<pin id="242" dir="0" index="0" bw="8" slack="3"/>
<pin id="243" dir="1" index="1" bw="8" slack="3"/>
</pin_list>
<bind>
<opset="pix_0_2_0_0_0_load555_lcssa580_i "/>
</bind>
</comp>

<comp id="246" class="1005" name="p_0_0374557_lcssa583_i_reg_246">
<pin_list>
<pin id="247" dir="0" index="0" bw="8" slack="3"/>
<pin id="248" dir="1" index="1" bw="8" slack="3"/>
</pin_list>
<bind>
<opset="p_0_0374557_lcssa583_i "/>
</bind>
</comp>

<comp id="251" class="1005" name="p_0_0352559_lcssa586_i_reg_251">
<pin_list>
<pin id="252" dir="0" index="0" bw="8" slack="3"/>
<pin id="253" dir="1" index="1" bw="8" slack="3"/>
</pin_list>
<bind>
<opset="p_0_0352559_lcssa586_i "/>
</bind>
</comp>

<comp id="256" class="1005" name="y_reg_256">
<pin_list>
<pin id="257" dir="0" index="0" bw="10" slack="0"/>
<pin id="258" dir="1" index="1" bw="10" slack="0"/>
</pin_list>
<bind>
<opset="y "/>
</bind>
</comp>

<comp id="263" class="1005" name="p_read_4_reg_263">
<pin_list>
<pin id="264" dir="0" index="0" bw="1" slack="1"/>
<pin id="265" dir="1" index="1" bw="1" slack="1"/>
</pin_list>
<bind>
<opset="p_read_4 "/>
</bind>
</comp>

<comp id="269" class="1005" name="loopWidth_reg_269">
<pin_list>
<pin id="270" dir="0" index="0" bw="9" slack="2"/>
<pin id="271" dir="1" index="1" bw="9" slack="2"/>
</pin_list>
<bind>
<opset="loopWidth "/>
</bind>
</comp>

<comp id="274" class="1005" name="zext_ln952_reg_274">
<pin_list>
<pin id="275" dir="0" index="0" bw="10" slack="1"/>
<pin id="276" dir="1" index="1" bw="10" slack="1"/>
</pin_list>
<bind>
<opset="zext_ln952 "/>
</bind>
</comp>

<comp id="279" class="1005" name="zext_ln996_reg_279">
<pin_list>
<pin id="280" dir="0" index="0" bw="10" slack="1"/>
<pin id="281" dir="1" index="1" bw="10" slack="1"/>
</pin_list>
<bind>
<opset="zext_ln996 "/>
</bind>
</comp>

<comp id="284" class="1005" name="add_ln998_reg_284">
<pin_list>
<pin id="285" dir="0" index="0" bw="10" slack="1"/>
<pin id="286" dir="1" index="1" bw="10" slack="1"/>
</pin_list>
<bind>
<opset="add_ln998 "/>
</bind>
</comp>

<comp id="292" class="1005" name="empty_reg_292">
<pin_list>
<pin id="293" dir="0" index="0" bw="1" slack="1"/>
<pin id="294" dir="1" index="1" bw="1" slack="1"/>
</pin_list>
<bind>
<opset="empty "/>
</bind>
</comp>

<comp id="297" class="1005" name="cmp33_i_reg_297">
<pin_list>
<pin id="298" dir="0" index="0" bw="1" slack="1"/>
<pin id="299" dir="1" index="1" bw="1" slack="1"/>
</pin_list>
<bind>
<opset="cmp33_i "/>
</bind>
</comp>

<comp id="302" class="1005" name="cmp105_i_reg_302">
<pin_list>
<pin id="303" dir="0" index="0" bw="1" slack="1"/>
<pin id="304" dir="1" index="1" bw="1" slack="1"/>
</pin_list>
<bind>
<opset="cmp105_i "/>
</bind>
</comp>

<comp id="307" class="1005" name="tmp_reg_307">
<pin_list>
<pin id="308" dir="0" index="0" bw="1" slack="1"/>
<pin id="309" dir="1" index="1" bw="1" slack="1"/>
</pin_list>
<bind>
<opset="tmp "/>
</bind>
</comp>

</comp_list>

<net_list>
<net id="71"><net_src comp="14" pin="0"/><net_sink comp="68" pin=0"/></net>

<net id="75"><net_src comp="14" pin="0"/><net_sink comp="72" pin=0"/></net>

<net id="79"><net_src comp="14" pin="0"/><net_sink comp="76" pin=0"/></net>

<net id="83"><net_src comp="14" pin="0"/><net_sink comp="80" pin=0"/></net>

<net id="87"><net_src comp="14" pin="0"/><net_sink comp="84" pin=0"/></net>

<net id="91"><net_src comp="14" pin="0"/><net_sink comp="88" pin=0"/></net>

<net id="95"><net_src comp="18" pin="0"/><net_sink comp="92" pin=0"/></net>

<net id="99"><net_src comp="18" pin="0"/><net_sink comp="96" pin=0"/></net>

<net id="103"><net_src comp="18" pin="0"/><net_sink comp="100" pin=0"/></net>

<net id="108"><net_src comp="16" pin="0"/><net_sink comp="104" pin=0"/></net>

<net id="109"><net_src comp="6" pin="0"/><net_sink comp="104" pin=1"/></net>

<net id="114"><net_src comp="38" pin="0"/><net_sink comp="110" pin=0"/></net>

<net id="115"><net_src comp="2" pin="0"/><net_sink comp="110" pin=1"/></net>

<net id="121"><net_src comp="40" pin="0"/><net_sink comp="116" pin=0"/></net>

<net id="122"><net_src comp="12" pin="0"/><net_sink comp="116" pin=1"/></net>

<net id="123"><net_src comp="110" pin="2"/><net_sink comp="116" pin=2"/></net>

<net id="128"><net_src comp="38" pin="0"/><net_sink comp="124" pin=0"/></net>

<net id="129"><net_src comp="4" pin="0"/><net_sink comp="124" pin=1"/></net>

<net id="135"><net_src comp="40" pin="0"/><net_sink comp="130" pin=0"/></net>

<net id="136"><net_src comp="10" pin="0"/><net_sink comp="130" pin=1"/></net>

<net id="137"><net_src comp="124" pin="2"/><net_sink comp="130" pin=2"/></net>

<net id="157"><net_src comp="62" pin="0"/><net_sink comp="138" pin=0"/></net>

<net id="158"><net_src comp="8" pin="0"/><net_sink comp="138" pin=2"/></net>

<net id="159"><net_src comp="0" pin="0"/><net_sink comp="138" pin=11"/></net>

<net id="164"><net_src comp="20" pin="0"/><net_sink comp="160" pin=0"/></net>

<net id="169"><net_src comp="46" pin="0"/><net_sink comp="165" pin=1"/></net>

<net id="173"><net_src comp="165" pin="2"/><net_sink comp="170" pin=0"/></net>

<net id="177"><net_src comp="110" pin="2"/><net_sink comp="174" pin=0"/></net>

<net id="182"><net_src comp="174" pin="1"/><net_sink comp="178" pin=0"/></net>

<net id="183"><net_src comp="170" pin="1"/><net_sink comp="178" pin=1"/></net>

<net id="191"><net_src comp="184" pin="1"/><net_sink comp="187" pin=0"/></net>

<net id="196"><net_src comp="184" pin="1"/><net_sink comp="192" pin=0"/></net>

<net id="197"><net_src comp="54" pin="0"/><net_sink comp="192" pin=1"/></net>

<net id="202"><net_src comp="184" pin="1"/><net_sink comp="198" pin=0"/></net>

<net id="206"><net_src comp="198" pin="2"/><net_sink comp="203" pin=0"/></net>

<net id="211"><net_src comp="184" pin="1"/><net_sink comp="207" pin=0"/></net>

<net id="216"><net_src comp="184" pin="1"/><net_sink comp="212" pin=0"/></net>

<net id="217"><net_src comp="20" pin="0"/><net_sink comp="212" pin=1"/></net>

<net id="223"><net_src comp="56" pin="0"/><net_sink comp="218" pin=0"/></net>

<net id="224"><net_src comp="198" pin="2"/><net_sink comp="218" pin=1"/></net>

<net id="225"><net_src comp="58" pin="0"/><net_sink comp="218" pin=2"/></net>

<net id="230"><net_src comp="192" pin="2"/><net_sink comp="226" pin=0"/></net>

<net id="234"><net_src comp="68" pin="1"/><net_sink comp="231" pin=0"/></net>

<net id="235"><net_src comp="231" pin="1"/><net_sink comp="138" pin=16"/></net>

<net id="239"><net_src comp="72" pin="1"/><net_sink comp="236" pin=0"/></net>

<net id="240"><net_src comp="236" pin="1"/><net_sink comp="138" pin=15"/></net>

<net id="244"><net_src comp="76" pin="1"/><net_sink comp="241" pin=0"/></net>

<net id="245"><net_src comp="241" pin="1"/><net_sink comp="138" pin=14"/></net>

<net id="249"><net_src comp="80" pin="1"/><net_sink comp="246" pin=0"/></net>

<net id="250"><net_src comp="246" pin="1"/><net_sink comp="138" pin=13"/></net>

<net id="254"><net_src comp="84" pin="1"/><net_sink comp="251" pin=0"/></net>

<net id="255"><net_src comp="251" pin="1"/><net_sink comp="138" pin=12"/></net>

<net id="259"><net_src comp="88" pin="1"/><net_sink comp="256" pin=0"/></net>

<net id="260"><net_src comp="256" pin="1"/><net_sink comp="160" pin=1"/></net>

<net id="261"><net_src comp="256" pin="1"/><net_sink comp="184" pin=0"/></net>

<net id="262"><net_src comp="256" pin="1"/><net_sink comp="226" pin=1"/></net>

<net id="266"><net_src comp="104" pin="2"/><net_sink comp="263" pin=0"/></net>

<net id="267"><net_src comp="263" pin="1"/><net_sink comp="165" pin=0"/></net>

<net id="268"><net_src comp="263" pin="1"/><net_sink comp="138" pin=3"/></net>

<net id="272"><net_src comp="124" pin="2"/><net_sink comp="269" pin=0"/></net>

<net id="273"><net_src comp="269" pin="1"/><net_sink comp="138" pin=1"/></net>

<net id="277"><net_src comp="170" pin="1"/><net_sink comp="274" pin=0"/></net>

<net id="278"><net_src comp="274" pin="1"/><net_sink comp="198" pin=1"/></net>

<net id="282"><net_src comp="174" pin="1"/><net_sink comp="279" pin=0"/></net>

<net id="283"><net_src comp="279" pin="1"/><net_sink comp="207" pin=1"/></net>

<net id="287"><net_src comp="178" pin="2"/><net_sink comp="284" pin=0"/></net>

<net id="288"><net_src comp="284" pin="1"/><net_sink comp="187" pin=1"/></net>

<net id="295"><net_src comp="203" pin="1"/><net_sink comp="292" pin=0"/></net>

<net id="296"><net_src comp="292" pin="1"/><net_sink comp="138" pin=6"/></net>

<net id="300"><net_src comp="207" pin="2"/><net_sink comp="297" pin=0"/></net>

<net id="301"><net_src comp="297" pin="1"/><net_sink comp="138" pin=4"/></net>

<net id="305"><net_src comp="212" pin="2"/><net_sink comp="302" pin=0"/></net>

<net id="306"><net_src comp="302" pin="1"/><net_sink comp="138" pin=5"/></net>

<net id="310"><net_src comp="218" pin="3"/><net_sink comp="307" pin=0"/></net>

<net id="311"><net_src comp="307" pin="1"/><net_sink comp="138" pin=7"/></net>

</net_list>

</model> 
---------------- Datapath Model END ------------------

* FSMD analyzer results:
  - Output states:
	Port: stream_out_vresampled | {4 5 }
	Port: HwReg_width_c | {2 }
	Port: HwReg_height_c | {2 }
 - Input state : 
	Port: v_vcresampler_core : stream_out_hresampled | {4 5 }
	Port: v_vcresampler_core : HwReg_height | {2 }
	Port: v_vcresampler_core : HwReg_width | {2 }
	Port: v_vcresampler_core : p_read | {1 }
  - Chain level:
	State 1
		store_ln951 : 1
	State 2
		add_ln998 : 1
	State 3
		icmp_ln998 : 1
		add_ln998_2 : 1
		br_ln998 : 2
		out_y : 1
		empty : 2
		cmp33_i : 1
		cmp105_i : 1
		tmp : 2
		store_ln951 : 2
	State 4
	State 5


============================================================
+ Verbose Summary: Datapath Resource usage 
============================================================

* Functional unit list:
|----------|----------------------------------------------------------|---------|---------|---------|
| Operation|                      Functional Unit                     |  Delay  |    FF   |   LUT   |
|----------|----------------------------------------------------------|---------|---------|---------|
|   call   | grp_v_vcresampler_core_Pipeline_VITIS_LOOP_1000_2_fu_138 |  3.176  |    99   |   104   |
|----------|----------------------------------------------------------|---------|---------|---------|
|          |                     icmp_ln998_fu_187                    |    0    |    0    |    13   |
|   icmp   |                      cmp33_i_fu_207                      |    0    |    0    |    13   |
|          |                      cmp105_i_fu_212                     |    0    |    0    |    13   |
|----------|----------------------------------------------------------|---------|---------|---------|
|    add   |                     add_ln998_fu_178                     |    0    |    0    |    14   |
|          |                    add_ln998_2_fu_192                    |    0    |    0    |    13   |
|----------|----------------------------------------------------------|---------|---------|---------|
|    sub   |                       out_y_fu_198                       |    0    |    0    |    13   |
|----------|----------------------------------------------------------|---------|---------|---------|
|    xor   |                      yOffset_fu_165                      |    0    |    0    |    2    |
|----------|----------------------------------------------------------|---------|---------|---------|
|          |                   p_read_4_read_fu_104                   |    0    |    0    |    0    |
|   read   |               HwReg_height_read_read_fu_110              |    0    |    0    |    0    |
|          |                   loopWidth_read_fu_124                  |    0    |    0    |    0    |
|----------|----------------------------------------------------------|---------|---------|---------|
|   write  |                  write_ln0_write_fu_116                  |    0    |    0    |    0    |
|          |                  write_ln0_write_fu_130                  |    0    |    0    |    0    |
|----------|----------------------------------------------------------|---------|---------|---------|
|   zext   |                     zext_ln952_fu_170                    |    0    |    0    |    0    |
|          |                     zext_ln996_fu_174                    |    0    |    0    |    0    |
|----------|----------------------------------------------------------|---------|---------|---------|
|   trunc  |                       empty_fu_203                       |    0    |    0    |    0    |
|----------|----------------------------------------------------------|---------|---------|---------|
| bitselect|                        tmp_fu_218                        |    0    |    0    |    0    |
|----------|----------------------------------------------------------|---------|---------|---------|
|   Total  |                                                          |  3.176  |    99   |   185   |
|----------|----------------------------------------------------------|---------|---------|---------|

Memories:
+-----------+--------+--------+--------+--------+
|           |  BRAM  |   FF   |   LUT  |  URAM  |
+-----------+--------+--------+--------+--------+
| linebuf_c |    1   |    0   |    0   |    0   |
|linebuf_c_2|    1   |    0   |    0   |    0   |
| linebuf_y |    1   |    0   |    0   |    0   |
+-----------+--------+--------+--------+--------+
|   Total   |    3   |    0   |    0   |    0   |
+-----------+--------+--------+--------+--------+

* Register list:
+----------------------------------------+--------+
|                                        |   FF   |
+----------------------------------------+--------+
|            add_ln998_reg_284           |   10   |
|            cmp105_i_reg_302            |    1   |
|             cmp33_i_reg_297            |    1   |
|              empty_reg_292             |    1   |
|            loopWidth_reg_269           |    9   |
|     p_0_0352559_lcssa586_i_reg_251     |    8   |
|     p_0_0374557_lcssa583_i_reg_246     |    8   |
|            p_read_4_reg_263            |    1   |
|pix_0_0_0_0_0_load551_lcssa574_i_reg_231|    8   |
|pix_0_1_0_0_0_load553_lcssa577_i_reg_236|    8   |
|pix_0_2_0_0_0_load555_lcssa580_i_reg_241|    8   |
|               tmp_reg_307              |    1   |
|                y_reg_256               |   10   |
|           zext_ln952_reg_274           |   10   |
|           zext_ln996_reg_279           |   10   |
+----------------------------------------+--------+
|                  Total                 |   94   |
+----------------------------------------+--------+

* Multiplexer (MUX) list: 
|--------|------|------|------|--------|
|  Comp  |  Pin | Size |  BW  | S x BW |
|--------|------|------|------|--------|
|  Total |      |      |      |    0   |
|--------|------|------|------|--------|



* Summary:
+-----------+--------+--------+--------+--------+--------+
|           |  BRAM  |  Delay |   FF   |   LUT  |  URAM  |
+-----------+--------+--------+--------+--------+--------+
|  Function |    -   |    3   |   99   |   185  |    -   |
|   Memory  |    3   |    -   |    0   |    0   |    0   |
|Multiplexer|    -   |    -   |    -   |    -   |    -   |
|  Register |    -   |    -   |   94   |    -   |    -   |
+-----------+--------+--------+--------+--------+--------+
|   Total   |    3   |    3   |   193  |   185  |    0   |
+-----------+--------+--------+--------+--------+--------+
