

================================================================
== Vitis HLS Report for 'AWBChannelGainKernel_Pipeline_VITIS_LOOP_216_3'
================================================================
* Date:           Thu Oct  1 01:57:28 2026

* Version:        2025.2 (Build 6295257 on Nov 14 2025)
* Project:        autowhitebalance_accel
* Solution:       hls (Vivado IP Flow Target)
* Product family: zynquplus
* Target device:  xck26-sfvc784-2LV-c


================================================================
== Performance Estimates
================================================================
+ Timing: 
    * Summary: 
    +--------+----------+----------+------------+
    |  Clock |  Target  | Estimated| Uncertainty|
    +--------+----------+----------+------------+
    |ap_clk  |  10.00 ns|  1.888 ns|     2.70 ns|
    +--------+----------+----------+------------+

+ Latency: 
    * Summary: 
    +---------+---------+-----------+-----------+-----+-----+-------------------+
    |  Latency (cycles) |   Latency (absolute)  |  Interval |      Pipeline     |
    |   min   |   max   |    min    |    max    | min | max |        Type       |
    +---------+---------+-----------+-----------+-----+-----+-------------------+
    |        5|        5|  50.000 ns|  50.000 ns|    0|    0|  loop pipeline stp|
    +---------+---------+-----------+-----------+-----+-----+-------------------+

    + Detail: 
        * Instance: 
        N/A

        * Loop: 
        +--------------------+---------+---------+----------+-----------+-----------+------+----------+
        |                    |  Latency (cycles) | Iteration|  Initiation Interval  | Trip |          |
        |      Loop Name     |   min   |   max   |  Latency |  achieved |   target  | Count| Pipelined|
        +--------------------+---------+---------+----------+-----------+-----------+------+----------+
        |- VITIS_LOOP_216_3  |        3|        3|         1|          1|          1|     3|       yes|
        +--------------------+---------+---------+----------+-----------+-----------+------+----------+



================================================================
== Utilization Estimates
================================================================
* Summary: 
+-----------------+---------+------+--------+--------+-----+
|       Name      | BRAM_18K|  DSP |   FF   |   LUT  | URAM|
+-----------------+---------+------+--------+--------+-----+
|DSP              |        -|     -|       -|       -|    -|
|Expression       |        -|     -|       0|      73|    -|
|FIFO             |        -|     -|       -|       -|    -|
|Instance         |        -|     -|       0|      18|    -|
|Memory           |        -|     -|       -|       -|    -|
|Multiplexer      |        -|     -|       0|      54|    -|
|Register         |        -|     -|     125|       -|    -|
+-----------------+---------+------+--------+--------+-----+
|Total            |        0|     0|     125|     145|    0|
+-----------------+---------+------+--------+--------+-----+
|Available        |      288|  1248|  234240|  117120|   64|
+-----------------+---------+------+--------+--------+-----+
|Utilization (%)  |        0|     0|      ~0|      ~0|    0|
+-----------------+---------+------+--------+--------+-----+

+ Detail: 
    * Instance: 
    +--------------------------+----------------------+---------+----+---+----+-----+
    |         Instance         |        Module        | BRAM_18K| DSP| FF| LUT| URAM|
    +--------------------------+----------------------+---------+----+---+----+-----+
    |sparsemux_7_2_40_1_1_U58  |sparsemux_7_2_40_1_1  |        0|   0|  0|   9|    0|
    |sparsemux_7_2_40_1_1_U59  |sparsemux_7_2_40_1_1  |        0|   0|  0|   9|    0|
    +--------------------------+----------------------+---------+----+---+----+-----+
    |Total                     |                      |        0|   0|  0|  18|    0|
    +--------------------------+----------------------+---------+----+---+----+-----+

    * DSP: 
    N/A

    * Memory: 
    N/A

    * FIFO: 
    N/A

    * Expression: 
    +----------------------+----------+----+---+----+------------+------------+
    |     Variable Name    | Operation| DSP| FF| LUT| Bitwidth P0| Bitwidth P1|
    +----------------------+----------+----+---+----+------------+------------+
    |add_ln216_fu_132_p2   |         +|   0|  0|   9|           2|           1|
    |add_ln221_fu_184_p2   |         +|   0|  0|  47|          40|          40|
    |ap_condition_188      |       and|   0|  0|   2|           1|           1|
    |ap_condition_191      |       and|   0|  0|   2|           1|           1|
    |ap_condition_195      |       and|   0|  0|   2|           1|           1|
    |icmp_ln216_fu_126_p2  |      icmp|   0|  0|   9|           2|           2|
    |ap_enable_pp0         |       xor|   0|  0|   2|           1|           2|
    +----------------------+----------+----+---+----+------------+------------+
    |Total                 |          |   0|  0|  73|          48|          48|
    +----------------------+----------+----+---+----+------------+------------+

    * Multiplexer: 
    +-------------------------+----+-----------+-----+-----------+
    |           Name          | LUT| Input Size| Bits| Total Bits|
    +-------------------------+----+-----------+-----+-----------+
    |ap_done_int              |   9|          2|    1|          2|
    |ap_enable_reg_pp0_iter1  |   9|          2|    1|          2|
    |c_fu_48                  |   9|          2|    2|          4|
    |mux_case_02_fu_52        |   9|          2|   40|         80|
    |mux_case_14_fu_56        |   9|          2|   40|         80|
    |mux_case_26_fu_60        |   9|          2|   40|         80|
    +-------------------------+----+-----------+-----+-----------+
    |Total                    |  54|         12|  124|        248|
    +-------------------------+----+-----------+-----+-----------+

    * Register: 
    +-------------------------+----+----+-----+-----------+
    |           Name          | FF | LUT| Bits| Const Bits|
    +-------------------------+----+----+-----+-----------+
    |ap_CS_fsm                |   1|   0|    1|          0|
    |ap_done_reg              |   1|   0|    1|          0|
    |ap_enable_reg_pp0_iter1  |   1|   0|    1|          0|
    |c_fu_48                  |   2|   0|    2|          0|
    |mux_case_02_fu_52        |  40|   0|   40|          0|
    |mux_case_14_fu_56        |  40|   0|   40|          0|
    |mux_case_26_fu_60        |  40|   0|   40|          0|
    +-------------------------+----+----+-----+-----------+
    |Total                    | 125|   0|  125|          0|
    +-------------------------+----+----+-----+-----------+



================================================================
== Interface
================================================================
* Summary: 
+------------------------+-----+-----+------------+------------------------------------------------+--------------+
|        RTL Ports       | Dir | Bits|  Protocol  |                  Source Object                 |    C Type    |
+------------------------+-----+-----+------------+------------------------------------------------+--------------+
|ap_clk                  |   in|    1|  ap_ctrl_hs|  AWBChannelGainKernel_Pipeline_VITIS_LOOP_216_3|  return value|
|ap_rst                  |   in|    1|  ap_ctrl_hs|  AWBChannelGainKernel_Pipeline_VITIS_LOOP_216_3|  return value|
|ap_start                |   in|    1|  ap_ctrl_hs|  AWBChannelGainKernel_Pipeline_VITIS_LOOP_216_3|  return value|
|ap_done                 |  out|    1|  ap_ctrl_hs|  AWBChannelGainKernel_Pipeline_VITIS_LOOP_216_3|  return value|
|ap_idle                 |  out|    1|  ap_ctrl_hs|  AWBChannelGainKernel_Pipeline_VITIS_LOOP_216_3|  return value|
|ap_ready                |  out|    1|  ap_ctrl_hs|  AWBChannelGainKernel_Pipeline_VITIS_LOOP_216_3|  return value|
|tmpsum_vals_2           |   in|   40|     ap_none|                                   tmpsum_vals_2|        scalar|
|tmpsum_vals_1           |   in|   40|     ap_none|                                   tmpsum_vals_1|        scalar|
|tmpsum_vals             |   in|   40|     ap_none|                                     tmpsum_vals|        scalar|
|mux_case_26_out         |  out|   40|      ap_vld|                                 mux_case_26_out|       pointer|
|mux_case_26_out_ap_vld  |  out|    1|      ap_vld|                                 mux_case_26_out|       pointer|
|mux_case_14_out         |  out|   40|      ap_vld|                                 mux_case_14_out|       pointer|
|mux_case_14_out_ap_vld  |  out|    1|      ap_vld|                                 mux_case_14_out|       pointer|
|mux_case_02_out         |  out|   40|      ap_vld|                                 mux_case_02_out|       pointer|
|mux_case_02_out_ap_vld  |  out|    1|      ap_vld|                                 mux_case_02_out|       pointer|
+------------------------+-----+-----+------------+------------------------------------------------+--------------+

