

================================================================
== Vitis HLS Report for 'AXIvideo2xfMat_32_20_2160_3840_1_2_Pipeline_loop_col_zxi2mat'
================================================================
* Date:           Sun Oct  4 18:41:38 2026

* Version:        2025.2 (Build 6295257 on Nov 14 2025)
* Project:        autowhitebalance_accel
* Solution:       hls (Vivado IP Flow Target)
* Product family: zynquplus
* Target device:  xck26-sfvc784-2LV-c


================================================================
== Performance Estimates
================================================================
+ Timing: 
    * Summary: 
    +--------+----------+----------+------------+
    |  Clock |  Target  | Estimated| Uncertainty|
    +--------+----------+----------+------------+
    |ap_clk  |  10.00 ns|  1.838 ns|     2.70 ns|
    +--------+----------+----------+------------+

+ Latency: 
    * Summary: 
    +---------+---------+-----------+-----------+-----+-----+-------------------+
    |  Latency (cycles) |   Latency (absolute)  |  Interval |      Pipeline     |
    |   min   |   max   |    min    |    max    | min | max |        Type       |
    +---------+---------+-----------+-----------+-----+-----+-------------------+
    |        4|     3843|  40.000 ns|  38.430 us|    0|    0|  loop pipeline stp|
    +---------+---------+-----------+-----------+-----+-----+-------------------+

    + Detail: 
        * Instance: 
        N/A

        * Loop: 
        +--------------------+---------+---------+----------+-----------+-----------+----------+----------+
        |                    |  Latency (cycles) | Iteration|  Initiation Interval  |   Trip   |          |
        |      Loop Name     |   min   |   max   |  Latency |  achieved |   target  |   Count  | Pipelined|
        +--------------------+---------+---------+----------+-----------+-----------+----------+----------+
        |- loop_col_zxi2mat  |        2|     3841|         3|          1|          1|  1 ~ 3840|       yes|
        +--------------------+---------+---------+----------+-----------+-----------+----------+----------+



================================================================
== Utilization Estimates
================================================================
* Summary: 
+-----------------+---------+------+--------+--------+-----+
|       Name      | BRAM_18K|  DSP |   FF   |   LUT  | URAM|
+-----------------+---------+------+--------+--------+-----+
|DSP              |        -|     -|       -|       -|    -|
|Expression       |        -|     -|       0|      52|    -|
|FIFO             |        -|     -|       -|       -|    -|
|Instance         |        -|     -|       -|       -|    -|
|Memory           |        -|     -|       -|       -|    -|
|Multiplexer      |        -|     -|       0|     108|    -|
|Register         |        -|     -|      54|       -|    -|
+-----------------+---------+------+--------+--------+-----+
|Total            |        0|     0|      54|     160|    0|
+-----------------+---------+------+--------+--------+-----+
|Available        |      288|  1248|  234240|  117120|   64|
+-----------------+---------+------+--------+--------+-----+
|Utilization (%)  |        0|     0|      ~0|      ~0|    0|
+-----------------+---------+------+--------+--------+-----+

+ Detail: 
    * Instance: 
    N/A

    * DSP: 
    N/A

    * Memory: 
    N/A

    * FIFO: 
    N/A

    * Expression: 
    +----------------------------------+----------+----+---+----+------------+------------+
    |           Variable Name          | Operation| DSP| FF| LUT| Bitwidth P0| Bitwidth P1|
    +----------------------------------+----------+----+---+----+------------+------------+
    |j_4_fu_209_p2                     |         +|   0|  0|  19|          12|           1|
    |ap_block_state2_pp0_stage0_iter1  |       and|   0|  0|   2|           1|           1|
    |ap_block_state3_pp0_stage0_iter2  |       and|   0|  0|   2|           1|           1|
    |ap_condition_260                  |       and|   0|  0|   2|           1|           1|
    |ap_predicate_op40_read_state2     |       and|   0|  0|   2|           1|           1|
    |icmp_ln134_fu_203_p2              |      icmp|   0|  0|  19|          12|          12|
    |ap_block_pp0_stage0_01001         |        or|   0|  0|   2|           1|           1|
    |or_ln140_fu_220_p2                |        or|   0|  0|   2|           1|           1|
    |ap_enable_pp0                     |       xor|   0|  0|   2|           1|           2|
    +----------------------------------+----------+----+---+----+------------+------------+
    |Total                             |          |   0|  0|  52|          31|          21|
    +----------------------------------+----------+----+---+----+------------+------------+

    * Multiplexer: 
    +--------------------------------+----+-----------+-----+-----------+
    |              Name              | LUT| Input Size| Bits| Total Bits|
    +--------------------------------+----+-----------+-----+-----------+
    |ap_done_int                     |   9|          2|    1|          2|
    |ap_enable_reg_pp0_iter2         |   9|          2|    1|          2|
    |ap_phi_mux_last_phi_fu_167_p4   |   9|          2|    1|          2|
    |ap_phi_mux_start_phi_fu_178_p4  |   9|          2|    1|          2|
    |ap_sig_allocacmp_j_3            |   9|          2|   12|         24|
    |in_mat_data_blk_n               |   9|          2|    1|          2|
    |j_fu_88                         |   9|          2|   12|         24|
    |last_reg_163                    |   9|          2|    1|          2|
    |p_0_0_0_07815_fu_92             |   9|          2|   32|         64|
    |p_4_0_0_08623_fu_96             |   9|          2|    1|          2|
    |s_axis_video_TDATA_blk_n        |   9|          2|    1|          2|
    |start_reg_174                   |   9|          2|    1|          2|
    +--------------------------------+----+-----------+-----+-----------+
    |Total                           | 108|         24|   65|        130|
    +--------------------------------+----+-----------+-----+-----------+

    * Register: 
    +----------------------------------+----+----+-----+-----------+
    |               Name               | FF | LUT| Bits| Const Bits|
    +----------------------------------+----+----+-----+-----------+
    |ap_CS_fsm                         |   1|   0|    1|          0|
    |ap_done_reg                       |   1|   0|    1|          0|
    |ap_enable_reg_pp0_iter1           |   1|   0|    1|          0|
    |ap_enable_reg_pp0_iter2           |   1|   0|    1|          0|
    |ap_loop_exit_ready_pp0_iter1_reg  |   1|   0|    1|          0|
    |icmp_ln134_reg_291                |   1|   0|    1|          0|
    |icmp_ln134_reg_291_pp0_iter1_reg  |   1|   0|    1|          0|
    |j_fu_88                           |  12|   0|   12|          0|
    |last_reg_163                      |   1|   0|    1|          0|
    |p_0_0_0_07815_fu_92               |  32|   0|   32|          0|
    |p_4_0_0_08623_fu_96               |   1|   0|    1|          0|
    |start_reg_174                     |   1|   0|    1|          0|
    +----------------------------------+----+----+-----+-----------+
    |Total                             |  54|   0|   54|          0|
    +----------------------------------+----+----+-----+-----------+



================================================================
== Interface
================================================================
* Summary: 
+----------------------------+-----+-----+------------+--------------------------------------------------------------------+--------------+
|          RTL Ports         | Dir | Bits|  Protocol  |                            Source Object                           |    C Type    |
+----------------------------+-----+-----+------------+--------------------------------------------------------------------+--------------+
|ap_clk                      |   in|    1|  ap_ctrl_hs|  AXIvideo2xfMat<32, 20, 2160, 3840, 1, 2>_Pipeline_loop_col_zxi2mat|  return value|
|ap_rst                      |   in|    1|  ap_ctrl_hs|  AXIvideo2xfMat<32, 20, 2160, 3840, 1, 2>_Pipeline_loop_col_zxi2mat|  return value|
|ap_start                    |   in|    1|  ap_ctrl_hs|  AXIvideo2xfMat<32, 20, 2160, 3840, 1, 2>_Pipeline_loop_col_zxi2mat|  return value|
|ap_done                     |  out|    1|  ap_ctrl_hs|  AXIvideo2xfMat<32, 20, 2160, 3840, 1, 2>_Pipeline_loop_col_zxi2mat|  return value|
|ap_idle                     |  out|    1|  ap_ctrl_hs|  AXIvideo2xfMat<32, 20, 2160, 3840, 1, 2>_Pipeline_loop_col_zxi2mat|  return value|
|ap_ready                    |  out|    1|  ap_ctrl_hs|  AXIvideo2xfMat<32, 20, 2160, 3840, 1, 2>_Pipeline_loop_col_zxi2mat|  return value|
|s_axis_video_TVALID         |   in|    1|        axis|                                               s_axis_video_V_data_V|       pointer|
|s_axis_video_TDATA          |   in|   32|        axis|                                               s_axis_video_V_data_V|       pointer|
|in_mat_data_din             |  out|   30|     ap_fifo|                                                         in_mat_data|       pointer|
|in_mat_data_full_n          |   in|    1|     ap_fifo|                                                         in_mat_data|       pointer|
|in_mat_data_write           |  out|    1|     ap_fifo|                                                         in_mat_data|       pointer|
|in_mat_data_num_data_valid  |   in|    3|     ap_fifo|                                                         in_mat_data|       pointer|
|in_mat_data_fifo_cap        |   in|    3|     ap_fifo|                                                         in_mat_data|       pointer|
|p_4_0_0_08624_lcssa48       |   in|    1|     ap_none|                                               p_4_0_0_08624_lcssa48|        scalar|
|p_0_0_0_07816_lcssa32       |   in|   32|     ap_none|                                               p_0_0_0_07816_lcssa32|        scalar|
|start_2                     |   in|    1|     ap_none|                                                             start_2|        scalar|
|img_cols_val                |   in|   12|   ap_stable|                                                        img_cols_val|        scalar|
|s_axis_video_TREADY         |  out|    1|        axis|                                               s_axis_video_V_dest_V|       pointer|
|s_axis_video_TDEST          |   in|    1|        axis|                                               s_axis_video_V_dest_V|       pointer|
|s_axis_video_TKEEP          |   in|    4|        axis|                                               s_axis_video_V_keep_V|       pointer|
|s_axis_video_TSTRB          |   in|    4|        axis|                                               s_axis_video_V_strb_V|       pointer|
|s_axis_video_TUSER          |   in|    1|        axis|                                               s_axis_video_V_user_V|       pointer|
|s_axis_video_TLAST          |   in|    1|        axis|                                               s_axis_video_V_last_V|       pointer|
|s_axis_video_TID            |   in|    1|        axis|                                                 s_axis_video_V_id_V|       pointer|
|p_4_0_0_08623_out           |  out|    1|      ap_vld|                                                   p_4_0_0_08623_out|       pointer|
|p_4_0_0_08623_out_ap_vld    |  out|    1|      ap_vld|                                                   p_4_0_0_08623_out|       pointer|
|p_0_0_0_07815_out           |  out|   32|      ap_vld|                                                   p_0_0_0_07815_out|       pointer|
|p_0_0_0_07815_out_ap_vld    |  out|    1|      ap_vld|                                                   p_0_0_0_07815_out|       pointer|
+----------------------------+-----+-----+------------+--------------------------------------------------------------------+--------------+

