

================================================================
== Vitis HLS Report for 'AXIvideo2xfMat_30_20_2160_3840_1_2_s'
================================================================
* Date:           Thu Oct  1 01:57:28 2026

* Version:        2025.2 (Build 6295257 on Nov 14 2025)
* Project:        autowhitebalance_accel
* Solution:       hls (Vivado IP Flow Target)
* Product family: zynquplus
* Target device:  xck26-sfvc784-2LV-c


================================================================
== Performance Estimates
================================================================
+ Timing: 
    * Summary: 
    +--------+----------+----------+------------+
    |  Clock |  Target  | Estimated| Uncertainty|
    +--------+----------+----------+------------+
    |ap_clk  |  10.00 ns|  2.045 ns|     2.70 ns|
    +--------+----------+----------+------------+

+ Latency: 
    * Summary: 
    +---------+---------+----------+-----------+-----+---------+---------+
    |  Latency (cycles) |  Latency (absolute)  |    Interval   | Pipeline|
    |   min   |   max   |    min   |    max    | min |   max   |   Type  |
    +---------+---------+----------+-----------+-----+---------+---------+
    |       15|  8316006|  0.150 us|  83.160 ms|   15|  8316006|       no|
    +---------+---------+----------+-----------+-----+---------+---------+

    + Detail: 
        * Instance: 
        +-------------------------------------------------------------------------+--------------------------------------------------------------+---------+---------+-----------+-----------+-----+-----+-------------------+
        |                                                                         |                                                              |  Latency (cycles) |   Latency (absolute)  |  Interval |      Pipeline     |
        |                                 Instance                                |                            Module                            |   min   |   max   |    min    |    max    | min | max |        Type       |
        +-------------------------------------------------------------------------+--------------------------------------------------------------+---------+---------+-----------+-----------+-----+-----+-------------------+
        |grp_AXIvideo2xfMat_30_20_2160_3840_1_2_Pipeline_loop_start_hunt_fu_132   |AXIvideo2xfMat_30_20_2160_3840_1_2_Pipeline_loop_start_hunt   |        2|        3|  20.000 ns|  30.000 ns|    0|    0|  loop pipeline stp|
        |grp_AXIvideo2xfMat_30_20_2160_3840_1_2_Pipeline_loop_col_zxi2mat_fu_152  |AXIvideo2xfMat_30_20_2160_3840_1_2_Pipeline_loop_col_zxi2mat  |        4|     3843|  40.000 ns|  38.430 us|    0|    0|  loop pipeline stp|
        |grp_AXIvideo2xfMat_30_20_2160_3840_1_2_Pipeline_loop_last_hunt_fu_180    |AXIvideo2xfMat_30_20_2160_3840_1_2_Pipeline_loop_last_hunt    |        2|        3|  20.000 ns|  30.000 ns|    0|    0|  loop pipeline stp|
        +-------------------------------------------------------------------------+--------------------------------------------------------------+---------+---------+-----------+-----------+-----+-----+-------------------+

        * Loop: 
        +--------------------+---------+---------+-----------+-----------+-----------+----------+----------+
        |                    |  Latency (cycles) | Iteration |  Initiation Interval  |   Trip   |          |
        |      Loop Name     |   min   |   max   |  Latency  |  achieved |   target  |   Count  | Pipelined|
        +--------------------+---------+---------+-----------+-----------+-----------+----------+----------+
        |- loop_row_axi2mat  |       10|  8316000|  10 ~ 3850|          -|          -|  1 ~ 2160|        no|
        +--------------------+---------+---------+-----------+-----------+-----------+----------+----------+



================================================================
== Utilization Estimates
================================================================
* Summary: 
+-----------------+---------+------+--------+--------+-----+
|       Name      | BRAM_18K|  DSP |   FF   |   LUT  | URAM|
+-----------------+---------+------+--------+--------+-----+
|DSP              |        -|     -|       -|       -|    -|
|Expression       |        -|     -|       0|      40|    -|
|FIFO             |        -|     -|       -|       -|    -|
|Instance         |        -|     -|      59|     250|    -|
|Memory           |        -|     -|       -|       -|    -|
|Multiplexer      |        -|     -|       0|      99|    -|
|Register         |        -|     -|      80|       -|    -|
+-----------------+---------+------+--------+--------+-----+
|Total            |        0|     0|     139|     389|    0|
+-----------------+---------+------+--------+--------+-----+
|Available        |      288|  1248|  234240|  117120|   64|
+-----------------+---------+------+--------+--------+-----+
|Utilization (%)  |        0|     0|      ~0|      ~0|    0|
+-----------------+---------+------+--------+--------+-----+

+ Detail: 
    * Instance: 
    +-------------------------------------------------------------------------+--------------------------------------------------------------+---------+----+----+-----+-----+
    |                                 Instance                                |                            Module                            | BRAM_18K| DSP| FF | LUT | URAM|
    +-------------------------------------------------------------------------+--------------------------------------------------------------+---------+----+----+-----+-----+
    |grp_AXIvideo2xfMat_30_20_2160_3840_1_2_Pipeline_loop_col_zxi2mat_fu_152  |AXIvideo2xfMat_30_20_2160_3840_1_2_Pipeline_loop_col_zxi2mat  |        0|   0|  52|  160|    0|
    |grp_AXIvideo2xfMat_30_20_2160_3840_1_2_Pipeline_loop_last_hunt_fu_180    |AXIvideo2xfMat_30_20_2160_3840_1_2_Pipeline_loop_last_hunt    |        0|   0|   3|   43|    0|
    |grp_AXIvideo2xfMat_30_20_2160_3840_1_2_Pipeline_loop_start_hunt_fu_132   |AXIvideo2xfMat_30_20_2160_3840_1_2_Pipeline_loop_start_hunt   |        0|   0|   4|   47|    0|
    +-------------------------------------------------------------------------+--------------------------------------------------------------+---------+----+----+-----+-----+
    |Total                                                                    |                                                              |        0|   0|  59|  250|    0|
    +-------------------------------------------------------------------------+--------------------------------------------------------------+---------+----+----+-----+-----+

    * DSP: 
    N/A

    * Memory: 
    N/A

    * FIFO: 
    N/A

    * Expression: 
    +----------------------+----------+----+---+----+------------+------------+
    |     Variable Name    | Operation| DSP| FF| LUT| Bitwidth P0| Bitwidth P1|
    +----------------------+----------+----+---+----+------------+------------+
    |i_4_fu_255_p2         |         +|   0|  0|  19|          12|           1|
    |icmp_ln130_fu_250_p2  |      icmp|   0|  0|  19|          12|          12|
    |ap_block_state1       |        or|   0|  0|   2|           1|           1|
    +----------------------+----------+----+---+----+------------+------------+
    |Total                 |          |   0|  0|  40|          25|          14|
    +----------------------+----------+----+---+----+------------+------------+

    * Multiplexer: 
    +-------------------------------+----+-----------+-----+-----------+
    |              Name             | LUT| Input Size| Bits| Total Bits|
    +-------------------------------+----+-----------+-----+-----------+
    |ap_NS_fsm                      |  43|          8|    1|          8|
    |ap_done                        |   9|          2|    1|          2|
    |i_fu_74                        |   9|          2|   12|         24|
    |p_0_0_0_07816_lcssa32_fu_78    |   9|          2|   30|         60|
    |p_4_0_0_08624_lcssa48_reg_106  |   9|          2|    1|          2|
    |s_axis_video_TREADY            |  20|          4|    1|          4|
    +-------------------------------+----+-----------+-----+-----------+
    |Total                          |  99|         20|   46|        100|
    +-------------------------------+----+-----------+-----+-----------+

    * Register: 
    +--------------------------------------------------------------------------------------+----+----+-----+-----------+
    |                                         Name                                         | FF | LUT| Bits| Const Bits|
    +--------------------------------------------------------------------------------------+----+----+-----+-----------+
    |ap_CS_fsm                                                                             |   7|   0|    7|          0|
    |ap_done_reg                                                                           |   1|   0|    1|          0|
    |axi_last_loc_fu_90                                                                    |   1|   0|    1|          0|
    |grp_AXIvideo2xfMat_30_20_2160_3840_1_2_Pipeline_loop_col_zxi2mat_fu_152_ap_start_reg  |   1|   0|    1|          0|
    |grp_AXIvideo2xfMat_30_20_2160_3840_1_2_Pipeline_loop_last_hunt_fu_180_ap_start_reg    |   1|   0|    1|          0|
    |grp_AXIvideo2xfMat_30_20_2160_3840_1_2_Pipeline_loop_start_hunt_fu_132_ap_start_reg   |   1|   0|    1|          0|
    |i_fu_74                                                                               |  12|   0|   12|          0|
    |img_cols_val_read_reg_386                                                             |  12|   0|   12|          0|
    |img_rows_val_read_reg_391                                                             |  12|   0|   12|          0|
    |p_0_0_0_07816_lcssa32_fu_78                                                           |  30|   0|   30|          0|
    |p_4_0_0_08624_lcssa48_reg_106                                                         |   1|   0|    1|          0|
    |start_reg_118                                                                         |   1|   0|    1|          0|
    +--------------------------------------------------------------------------------------+----+----+-----+-----------+
    |Total                                                                                 |  80|   0|   80|          0|
    +--------------------------------------------------------------------------------------+----+----+-----+-----------+



================================================================
== Interface
================================================================
* Summary: 
+----------------------------+-----+-----+------------+------------------------------------------+--------------+
|          RTL Ports         | Dir | Bits|  Protocol  |               Source Object              |    C Type    |
+----------------------------+-----+-----+------------+------------------------------------------+--------------+
|ap_clk                      |   in|    1|  ap_ctrl_hs|  AXIvideo2xfMat<30, 20, 2160, 3840, 1, 2>|  return value|
|ap_rst                      |   in|    1|  ap_ctrl_hs|  AXIvideo2xfMat<30, 20, 2160, 3840, 1, 2>|  return value|
|ap_start                    |   in|    1|  ap_ctrl_hs|  AXIvideo2xfMat<30, 20, 2160, 3840, 1, 2>|  return value|
|ap_done                     |  out|    1|  ap_ctrl_hs|  AXIvideo2xfMat<30, 20, 2160, 3840, 1, 2>|  return value|
|ap_continue                 |   in|    1|  ap_ctrl_hs|  AXIvideo2xfMat<30, 20, 2160, 3840, 1, 2>|  return value|
|ap_idle                     |  out|    1|  ap_ctrl_hs|  AXIvideo2xfMat<30, 20, 2160, 3840, 1, 2>|  return value|
|ap_ready                    |  out|    1|  ap_ctrl_hs|  AXIvideo2xfMat<30, 20, 2160, 3840, 1, 2>|  return value|
|s_axis_video_TDATA          |   in|   30|        axis|                     s_axis_video_V_data_V|       pointer|
|s_axis_video_TVALID         |   in|    1|        axis|                     s_axis_video_V_dest_V|       pointer|
|s_axis_video_TREADY         |  out|    1|        axis|                     s_axis_video_V_dest_V|       pointer|
|s_axis_video_TDEST          |   in|    1|        axis|                     s_axis_video_V_dest_V|       pointer|
|s_axis_video_TKEEP          |   in|    4|        axis|                     s_axis_video_V_keep_V|       pointer|
|s_axis_video_TSTRB          |   in|    4|        axis|                     s_axis_video_V_strb_V|       pointer|
|s_axis_video_TUSER          |   in|    1|        axis|                     s_axis_video_V_user_V|       pointer|
|s_axis_video_TLAST          |   in|    1|        axis|                     s_axis_video_V_last_V|       pointer|
|s_axis_video_TID            |   in|    1|        axis|                       s_axis_video_V_id_V|       pointer|
|img_rows_val                |   in|   12|   ap_stable|                              img_rows_val|        scalar|
|img_cols_val                |   in|   12|   ap_stable|                              img_cols_val|        scalar|
|in_mat_data_din             |  out|   30|     ap_fifo|                               in_mat_data|       pointer|
|in_mat_data_full_n          |   in|    1|     ap_fifo|                               in_mat_data|       pointer|
|in_mat_data_write           |  out|    1|     ap_fifo|                               in_mat_data|       pointer|
|in_mat_data_num_data_valid  |   in|    3|     ap_fifo|                               in_mat_data|       pointer|
|in_mat_data_fifo_cap        |   in|    3|     ap_fifo|                               in_mat_data|       pointer|
+----------------------------+-----+-----+------------+------------------------------------------+--------------+

