

================================================================
== Vitis HLS Report for 'p_hls_fptosi_float_i32_2'
================================================================
* Date:           Mon Sep 28 23:10:26 2026

* Version:        2025.2 (Build 6295257 on Nov 14 2025)
* Project:        autowhitebalance_accel
* Solution:       hls (Vivado IP Flow Target)
* Product family: zynquplus
* Target device:  xck26-sfvc784-2LV-c


================================================================
== Performance Estimates
================================================================
+ Timing: 
    * Summary: 
    +--------+----------+----------+------------+
    |  Clock |  Target  | Estimated| Uncertainty|
    +--------+----------+----------+------------+
    |ap_clk  |  10.00 ns|  6.303 ns|     2.70 ns|
    +--------+----------+----------+------------+

+ Latency: 
    * Summary: 
    +---------+---------+-----------+-----------+-----+-----+---------+
    |  Latency (cycles) |   Latency (absolute)  |  Interval | Pipeline|
    |   min   |   max   |    min    |    max    | min | max |   Type  |
    +---------+---------+-----------+-----------+-----+-----+---------+
    |        1|        1|  10.000 ns|  10.000 ns|    1|    1|       no|
    +---------+---------+-----------+-----------+-----+-----+---------+

    + Detail: 
        * Instance: 
        N/A

        * Loop: 
        N/A



================================================================
== Utilization Estimates
================================================================
* Summary: 
+-----------------+---------+------+--------+--------+-----+
|       Name      | BRAM_18K|  DSP |   FF   |   LUT  | URAM|
+-----------------+---------+------+--------+--------+-----+
|DSP              |        -|     -|       -|       -|    -|
|Expression       |        -|     -|       0|     625|    -|
|FIFO             |        -|     -|       -|       -|    -|
|Instance         |        -|     -|       -|       -|    -|
|Memory           |        -|     -|       -|       -|    -|
|Multiplexer      |        -|     -|       0|      32|    -|
|Register         |        -|     -|      67|       -|    -|
+-----------------+---------+------+--------+--------+-----+
|Total            |        0|     0|      67|     657|    0|
+-----------------+---------+------+--------+--------+-----+
|Available        |      288|  1248|  234240|  117120|   64|
+-----------------+---------+------+--------+--------+-----+
|Utilization (%)  |        0|     0|      ~0|      ~0|    0|
+-----------------+---------+------+--------+--------+-----+

+ Detail: 
    * Instance: 
    N/A

    * DSP: 
    N/A

    * Memory: 
    N/A

    * FIFO: 
    N/A

    * Expression: 
    +-----------------------+----------+----+---+-----+------------+------------+
    |     Variable Name     | Operation| DSP| FF| LUT | Bitwidth P0| Bitwidth P1|
    +-----------------------+----------+----+---+-----+------------+------------+
    |add_ln317_fu_92_p2     |         +|   0|  0|   16|           9|           8|
    |result_1_fu_172_p2     |         -|   0|  0|   39|           1|          32|
    |sub_ln18_fu_106_p2     |         -|   0|  0|   15|           7|           8|
    |lshr_ln18_fu_132_p2    |      lshr|   0|  0|  240|          79|          79|
    |ap_block_state1        |        or|   0|  0|    2|           1|           1|
    |result_2_fu_178_p3     |    select|   0|  0|   32|           1|          32|
    |select_ln18_fu_116_p3  |    select|   0|  0|    9|           1|           9|
    |val_fu_164_p3          |    select|   0|  0|   32|           1|          32|
    |shl_ln18_fu_138_p2     |       shl|   0|  0|  240|          79|          79|
    +-----------------------+----------+----+---+-----+------------+------------+
    |Total                  |          |   0|  0|  625|         179|         280|
    +-----------------------+----------+----+---+-----+------------+------------+

    * Multiplexer: 
    +-----------+----+-----------+-----+-----------+
    |    Name   | LUT| Input Size| Bits| Total Bits|
    +-----------+----+-----------+-----+-----------+
    |ap_NS_fsm  |  14|          3|    1|          3|
    |ap_done    |   9|          2|    1|          2|
    |return_r   |   9|          2|   32|         64|
    +-----------+----+-----------+-----+-----------+
    |Total      |  32|          7|   34|         69|
    +-----------+----+-----------+-----+-----------+

    * Register: 
    +----------------+----+----+-----+-----------+
    |      Name      | FF | LUT| Bits| Const Bits|
    +----------------+----+----+-----+-----------+
    |ap_CS_fsm       |   2|   0|    2|          0|
    |ap_done_reg     |   1|   0|    1|          0|
    |return_r_preg   |  32|   0|   32|          0|
    |x_read_reg_187  |  32|   0|   32|          0|
    +----------------+----+----+-----+-----------+
    |Total           |  67|   0|   67|          0|
    +----------------+----+----+-----+-----------+



================================================================
== Interface
================================================================
* Summary: 
+-------------+-----+-----+------------+--------------------------+--------------+
|  RTL Ports  | Dir | Bits|  Protocol  |       Source Object      |    C Type    |
+-------------+-----+-----+------------+--------------------------+--------------+
|ap_clk       |   in|    1|  ap_ctrl_hs|  __hls_fptosi_float_i32.2|  return value|
|ap_rst       |   in|    1|  ap_ctrl_hs|  __hls_fptosi_float_i32.2|  return value|
|ap_start     |   in|    1|  ap_ctrl_hs|  __hls_fptosi_float_i32.2|  return value|
|ap_done      |  out|    1|  ap_ctrl_hs|  __hls_fptosi_float_i32.2|  return value|
|ap_continue  |   in|    1|  ap_ctrl_hs|  __hls_fptosi_float_i32.2|  return value|
|ap_idle      |  out|    1|  ap_ctrl_hs|  __hls_fptosi_float_i32.2|  return value|
|ap_ready     |  out|    1|  ap_ctrl_hs|  __hls_fptosi_float_i32.2|  return value|
|return_r     |  out|   32|     ap_none|                  return_r|       pointer|
|x            |   in|   32|     ap_none|                         x|        scalar|
+-------------+-----+-----+------------+--------------------------+--------------+

