

================================================================
== Vitis HLS Report for 'xfMat2AXIvideo_30_20_2160_3840_1_2_0_Pipeline_loop_col_mat2axi'
================================================================
* Date:           Mon Sep 28 23:10:28 2026

* Version:        2025.2 (Build 6295257 on Nov 14 2025)
* Project:        autowhitebalance_accel
* Solution:       hls (Vivado IP Flow Target)
* Product family: zynquplus
* Target device:  xck26-sfvc784-2LV-c


================================================================
== Performance Estimates
================================================================
+ Timing: 
    * Summary: 
    +--------+----------+----------+------------+
    |  Clock |  Target  | Estimated| Uncertainty|
    +--------+----------+----------+------------+
    |ap_clk  |  10.00 ns|  2.329 ns|     2.70 ns|
    +--------+----------+----------+------------+

+ Latency: 
    * Summary: 
    +---------+---------+-----------+-----------+-----+-----+-------------------+
    |  Latency (cycles) |   Latency (absolute)  |  Interval |      Pipeline     |
    |   min   |   max   |    min    |    max    | min | max |        Type       |
    +---------+---------+-----------+-----------+-----+-----+-------------------+
    |        4|     3843|  40.000 ns|  38.430 us|    0|    0|  loop pipeline stp|
    +---------+---------+-----------+-----------+-----+-----+-------------------+

    + Detail: 
        * Instance: 
        N/A

        * Loop: 
        +--------------------+---------+---------+----------+-----------+-----------+----------+----------+
        |                    |  Latency (cycles) | Iteration|  Initiation Interval  |   Trip   |          |
        |      Loop Name     |   min   |   max   |  Latency |  achieved |   target  |   Count  | Pipelined|
        +--------------------+---------+---------+----------+-----------+-----------+----------+----------+
        |- loop_col_mat2axi  |        2|     3841|         2|          1|          1|  1 ~ 3840|       yes|
        +--------------------+---------+---------+----------+-----------+-----------+----------+----------+



================================================================
== Utilization Estimates
================================================================
* Summary: 
+-----------------+---------+------+--------+--------+-----+
|       Name      | BRAM_18K|  DSP |   FF   |   LUT  | URAM|
+-----------------+---------+------+--------+--------+-----+
|DSP              |        -|     -|       -|       -|    -|
|Expression       |        -|     -|       0|      65|    -|
|FIFO             |        -|     -|       -|       -|    -|
|Instance         |        -|     -|       -|       -|    -|
|Memory           |        -|     -|       -|       -|    -|
|Multiplexer      |        -|     -|       0|      63|    -|
|Register         |        -|     -|      19|       -|    -|
+-----------------+---------+------+--------+--------+-----+
|Total            |        0|     0|      19|     128|    0|
+-----------------+---------+------+--------+--------+-----+
|Available        |      288|  1248|  234240|  117120|   64|
+-----------------+---------+------+--------+--------+-----+
|Utilization (%)  |        0|     0|      ~0|      ~0|    0|
+-----------------+---------+------+--------+--------+-----+

+ Detail: 
    * Instance: 
    N/A

    * DSP: 
    N/A

    * Memory: 
    N/A

    * FIFO: 
    N/A

    * Expression: 
    +---------------------------------------+----------+----+---+----+------------+------------+
    |             Variable Name             | Operation| DSP| FF| LUT| Bitwidth P0| Bitwidth P1|
    +---------------------------------------+----------+----+---+----+------------+------------+
    |j_2_fu_162_p2                          |         +|   0|  0|  19|          12|           1|
    |ap_block_pp0_stage0_01001_grp1         |       and|   0|  0|   2|           1|           1|
    |ap_condition_177                       |       and|   0|  0|   2|           1|           1|
    |icmp_ln204_fu_156_p2                   |      icmp|   0|  0|  19|          12|          12|
    |icmp_ln216_fu_168_p2                   |      icmp|   0|  0|  19|          12|          12|
    |ap_block_state2_pp0_stage0_iter1_grp1  |        or|   0|  0|   2|           1|           1|
    |ap_enable_pp0                          |       xor|   0|  0|   2|           1|           2|
    +---------------------------------------+----------+----+---+----+------------+------------+
    |Total                                  |          |   0|  0|  65|          40|          30|
    +---------------------------------------+----------+----+---+----+------------+------------+

    * Multiplexer: 
    +----------------------------------+----+-----------+-----+-----------+
    |               Name               | LUT| Input Size| Bits| Total Bits|
    +----------------------------------+----+-----------+-----+-----------+
    |ap_done_int                       |   9|          2|    1|          2|
    |ap_loop_exit_ready_pp0_iter1_reg  |   9|          2|    1|          2|
    |ap_sig_allocacmp_j_1              |   9|          2|   12|         24|
    |j_fu_78                           |   9|          2|   12|         24|
    |m_axis_video_TDATA_blk_n          |   9|          2|    1|          2|
    |out_mat_data_blk_n                |   9|          2|    1|          2|
    |sof_1_reg_136                     |   9|          2|    1|          2|
    +----------------------------------+----+-----------+-----+-----------+
    |Total                             |  63|         14|   29|         58|
    +----------------------------------+----+-----------+-----+-----------+

    * Register: 
    +----------------------------------+----+----+-----+-----------+
    |               Name               | FF | LUT| Bits| Const Bits|
    +----------------------------------+----+----+-----+-----------+
    |ap_CS_fsm                         |   1|   0|    1|          0|
    |ap_done_reg                       |   1|   0|    1|          0|
    |ap_enable_reg_pp0_iter1           |   1|   0|    1|          0|
    |ap_loop_exit_ready_pp0_iter1_reg  |   1|   0|    1|          0|
    |icmp_ln204_reg_191                |   1|   0|    1|          0|
    |icmp_ln216_reg_195                |   1|   0|    1|          0|
    |j_fu_78                           |  12|   0|   12|          0|
    |sof_1_reg_136                     |   1|   0|    1|          0|
    +----------------------------------+----+----+-----+-----------+
    |Total                             |  19|   0|   19|          0|
    +----------------------------------+----+----+-----+-----------+



================================================================
== Interface
================================================================
* Summary: 
+-----------------------------+-----+-----+------------+-----------------------------------------------------------------------+--------------+
|          RTL Ports          | Dir | Bits|  Protocol  |                             Source Object                             |    C Type    |
+-----------------------------+-----+-----+------------+-----------------------------------------------------------------------+--------------+
|ap_clk                       |   in|    1|  ap_ctrl_hs|  xfMat2AXIvideo<30, 20, 2160, 3840, 1, 2, 0>_Pipeline_loop_col_mat2axi|  return value|
|ap_rst                       |   in|    1|  ap_ctrl_hs|  xfMat2AXIvideo<30, 20, 2160, 3840, 1, 2, 0>_Pipeline_loop_col_mat2axi|  return value|
|ap_start                     |   in|    1|  ap_ctrl_hs|  xfMat2AXIvideo<30, 20, 2160, 3840, 1, 2, 0>_Pipeline_loop_col_mat2axi|  return value|
|ap_done                      |  out|    1|  ap_ctrl_hs|  xfMat2AXIvideo<30, 20, 2160, 3840, 1, 2, 0>_Pipeline_loop_col_mat2axi|  return value|
|ap_idle                      |  out|    1|  ap_ctrl_hs|  xfMat2AXIvideo<30, 20, 2160, 3840, 1, 2, 0>_Pipeline_loop_col_mat2axi|  return value|
|ap_ready                     |  out|    1|  ap_ctrl_hs|  xfMat2AXIvideo<30, 20, 2160, 3840, 1, 2, 0>_Pipeline_loop_col_mat2axi|  return value|
|out_mat_data_dout            |   in|   30|     ap_fifo|                                                           out_mat_data|       pointer|
|out_mat_data_empty_n         |   in|    1|     ap_fifo|                                                           out_mat_data|       pointer|
|out_mat_data_read            |  out|    1|     ap_fifo|                                                           out_mat_data|       pointer|
|out_mat_data_num_data_valid  |   in|    3|     ap_fifo|                                                           out_mat_data|       pointer|
|out_mat_data_fifo_cap        |   in|    3|     ap_fifo|                                                           out_mat_data|       pointer|
|m_axis_video_TREADY          |   in|    1|        axis|                                                  m_axis_video_V_data_V|       pointer|
|m_axis_video_TDATA           |  out|   30|        axis|                                                  m_axis_video_V_data_V|       pointer|
|sof                          |   in|    1|     ap_none|                                                                    sof|        scalar|
|img_cols_val                 |   in|   12|   ap_stable|                                                           img_cols_val|        scalar|
|add_ln216                    |   in|   12|   ap_stable|                                                              add_ln216|        scalar|
|m_axis_video_TVALID          |  out|    1|        axis|                                                  m_axis_video_V_dest_V|       pointer|
|m_axis_video_TDEST           |  out|    1|        axis|                                                  m_axis_video_V_dest_V|       pointer|
|m_axis_video_TKEEP           |  out|    4|        axis|                                                  m_axis_video_V_keep_V|       pointer|
|m_axis_video_TSTRB           |  out|    4|        axis|                                                  m_axis_video_V_strb_V|       pointer|
|m_axis_video_TUSER           |  out|    1|        axis|                                                  m_axis_video_V_user_V|       pointer|
|m_axis_video_TLAST           |  out|    1|        axis|                                                  m_axis_video_V_last_V|       pointer|
|m_axis_video_TID             |  out|    1|        axis|                                                    m_axis_video_V_id_V|       pointer|
+-----------------------------+-----+-----+------------+-----------------------------------------------------------------------+--------------+

