

Implementation tool: Xilinx Vivado v.2025.2
Project:             autowhitebalance_accel
Solution:            hls
Device target:       xck26-sfvc784-2LV-c
Report date:         Mon Sep 28 23:20:04 BST 2026

#=== Post-Implementation Resource usage ===
SLICE:            0
LUT:           3731
FF:            5158
DSP:             11
BRAM:             0
URAM:             0
LATCH:            0
SRL:             10
CLB:            871

#=== Final timing ===
CP required:                     10.000
CP achieved post-synthesis:      5.910
CP achieved post-implementation: 7.213
Timing met
