#-----------------------------------------------------------
# Vivado v2023.2 (64-bit)
# SW Build 4029153 on Fri Oct 13 20:13:54 MDT 2023
# IP Build 4028589 on Sat Oct 14 00:45:43 MDT 2023
# SharedData Build 4025554 on Tue Oct 10 17:18:54 MDT 2023
# Start of session at: Wed Dec 27 16:33:15 2023
# Process ID: 322457
# Current directory: /home/alen/repo/zynq-7020-video-pipe-3/hw/video-pipe-hw-v5/hw_011223.runs/broncho_video_axi_vdma_0_0_synth_1
# Command line: vivado -log broncho_video_axi_vdma_0_0.vds -product Vivado -mode batch -messageDb vivado.pb -notrace -source broncho_video_axi_vdma_0_0.tcl
# Log file: /home/alen/repo/zynq-7020-video-pipe-3/hw/video-pipe-hw-v5/hw_011223.runs/broncho_video_axi_vdma_0_0_synth_1/broncho_video_axi_vdma_0_0.vds
# Journal file: /home/alen/repo/zynq-7020-video-pipe-3/hw/video-pipe-hw-v5/hw_011223.runs/broncho_video_axi_vdma_0_0_synth_1/vivado.jou
# Running On: hp-HP-Pavilion-Laptop-14-ec0xxx, OS: Linux, CPU Frequency: 1396.361 MHz, CPU Physical cores: 12, Host memory: 7600 MB
#-----------------------------------------------------------
source broncho_video_axi_vdma_0_0.tcl -notrace
