

================================================================
== Vitis HLS Report for 'v_csc_core_Pipeline_VITIS_LOOP_136_2'
================================================================
* Date:           Fri Dec 22 10:23:17 2023

* Version:        2023.2 (Build 4023990 on Oct 11 2023)
* Project:        prj
* Solution:       sol (Vivado IP Flow Target)
* Product family: zynq
* Target device:  xc7z020-clg484-1


================================================================
== Performance Estimates
================================================================
+ Timing: 
    * Summary: 
    +--------+---------+----------+------------+
    |  Clock |  Target | Estimated| Uncertainty|
    +--------+---------+----------+------------+
    |ap_clk  |  7.00 ns|  4.907 ns|     1.89 ns|
    +--------+---------+----------+------------+

+ Latency: 
    * Summary: 
    +---------+---------+-----------+----------+-----+-----+---------+
    |  Latency (cycles) |  Latency (absolute)  |  Interval | Pipeline|
    |   min   |   max   |    min    |    max   | min | max |   Type  |
    +---------+---------+-----------+----------+-----+-----+---------+
    |        2|      518|  14.000 ns|  3.626 us|    2|  518|       no|
    +---------+---------+-----------+----------+-----+-----+---------+

    + Detail: 
        * Instance: 
        N/A

        * Loop: 
        +--------------------+---------+---------+----------+-----------+-----------+---------+----------+
        |                    |  Latency (cycles) | Iteration|  Initiation Interval  |   Trip  |          |
        |      Loop Name     |   min   |   max   |  Latency |  achieved |   target  |  Count  | Pipelined|
        +--------------------+---------+---------+----------+-----------+-----------+---------+----------+
        |- VITIS_LOOP_136_2  |        0|      516|         7|          1|          1|  0 ~ 511|       yes|
        +--------------------+---------+---------+----------+-----------+-----------+---------+----------+



================================================================
== Utilization Estimates
================================================================
* Summary: 
+-----------------+---------+-----+--------+-------+-----+
|       Name      | BRAM_18K| DSP |   FF   |  LUT  | URAM|
+-----------------+---------+-----+--------+-------+-----+
|DSP              |        -|    3|       -|      -|    -|
|Expression       |        -|    -|       0|    615|    -|
|FIFO             |        -|    -|       -|      -|    -|
|Instance         |        -|    6|     402|     12|    -|
|Memory           |        -|    -|       -|      -|    -|
|Multiplexer      |        -|    -|       -|     54|    -|
|Register         |        -|    -|     601|      -|    -|
+-----------------+---------+-----+--------+-------+-----+
|Total            |        0|    9|    1003|    681|    0|
+-----------------+---------+-----+--------+-------+-----+
|Available        |      280|  220|  106400|  53200|    0|
+-----------------+---------+-----+--------+-------+-----+
|Utilization (%)  |        0|    4|      ~0|      1|    0|
+-----------------+---------+-----+--------+-------+-----+

+ Detail: 
    * Instance: 
    +-------------------------+--------------------+---------+----+----+----+-----+
    |         Instance        |       Module       | BRAM_18K| DSP| FF | LUT| URAM|
    +-------------------------+--------------------+---------+----+----+----+-----+
    |mul_8ns_16s_24_2_1_U135  |mul_8ns_16s_24_2_1  |        0|   1|  67|   2|    0|
    |mul_8ns_16s_24_2_1_U136  |mul_8ns_16s_24_2_1  |        0|   1|  67|   2|    0|
    |mul_8ns_16s_24_2_1_U137  |mul_8ns_16s_24_2_1  |        0|   1|  67|   2|    0|
    |mul_8ns_16s_24_2_1_U138  |mul_8ns_16s_24_2_1  |        0|   1|  67|   2|    0|
    |mul_8ns_16s_24_2_1_U139  |mul_8ns_16s_24_2_1  |        0|   1|  67|   2|    0|
    |mul_8ns_16s_24_2_1_U140  |mul_8ns_16s_24_2_1  |        0|   1|  67|   2|    0|
    +-------------------------+--------------------+---------+----+----+----+-----+
    |Total                    |                    |        0|   6| 402|  12|    0|
    +-------------------------+--------------------+---------+----+----+----+-----+

    * DSP: 
    +------------------------------------+-------------------------------+--------------+
    |              Instance              |             Module            |  Expression  |
    +------------------------------------+-------------------------------+--------------+
    |mac_muladd_16s_8ns_22s_25_4_1_U141  |mac_muladd_16s_8ns_22s_25_4_1  |  i0 * i1 + i2|
    |mac_muladd_16s_8ns_22s_25_4_1_U142  |mac_muladd_16s_8ns_22s_25_4_1  |  i0 * i1 + i2|
    |mac_muladd_16s_8ns_22s_25_4_1_U143  |mac_muladd_16s_8ns_22s_25_4_1  |  i0 * i1 + i2|
    +------------------------------------+-------------------------------+--------------+

    * Memory: 
    N/A

    * FIFO: 
    N/A

    * Expression: 
    +---------------------------+----------+----+---+----+------------+------------+
    |       Variable Name       | Operation| DSP| FF| LUT| Bitwidth P0| Bitwidth P1|
    +---------------------------+----------+----+---+----+------------+------------+
    |add_ln192_1_fu_395_p2      |         +|   0|  0|  32|          25|          25|
    |add_ln192_2_fu_409_p2      |         +|   0|  0|  33|          26|          26|
    |add_ln192_3_fu_517_p2      |         +|   0|  0|  27|          20|          20|
    |add_ln192_4_fu_391_p2      |         +|   0|  0|  31|          24|          24|
    |add_ln194_1_fu_441_p2      |         +|   0|  0|  32|          25|          25|
    |add_ln194_2_fu_455_p2      |         +|   0|  0|  33|          26|          26|
    |add_ln194_3_fu_521_p2      |         +|   0|  0|  27|          20|          20|
    |add_ln194_4_fu_437_p2      |         +|   0|  0|  31|          24|          24|
    |add_ln196_1_fu_487_p2      |         +|   0|  0|  32|          25|          25|
    |add_ln196_2_fu_501_p2      |         +|   0|  0|  33|          26|          26|
    |add_ln196_3_fu_525_p2      |         +|   0|  0|  27|          20|          20|
    |add_ln196_4_fu_483_p2      |         +|   0|  0|  31|          24|          24|
    |x_7_fu_277_p2              |         +|   0|  0|  13|          10|           1|
    |icmp_ln136_fu_271_p2       |      icmp|   0|  0|  13|          10|          10|
    |icmp_ln198_1_fu_533_p2     |      icmp|   0|  0|  17|          14|          14|
    |icmp_ln198_fu_529_p2       |      icmp|   0|  0|  17|          14|          14|
    |icmp_ln199_1_fu_565_p2     |      icmp|   0|  0|  17|          14|          14|
    |icmp_ln199_fu_561_p2       |      icmp|   0|  0|  17|          14|          14|
    |icmp_ln200_1_fu_583_p2     |      icmp|   0|  0|  17|          14|          14|
    |icmp_ln200_fu_579_p2       |      icmp|   0|  0|  17|          14|          14|
    |ap_block_pp0_stage0_01001  |        or|   0|  0|   2|           1|           1|
    |or_ln192_fu_352_p2         |        or|   0|  0|  22|          22|          12|
    |or_ln194_fu_361_p2         |        or|   0|  0|  22|          22|          12|
    |or_ln196_fu_370_p2         |        or|   0|  0|  22|          22|          12|
    |select_ln198_1_fu_554_p3   |    select|   0|  0|   8|           1|           8|
    |select_ln198_fu_547_p3     |    select|   0|  0|   8|           1|           8|
    |select_ln199_1_fu_618_p3   |    select|   0|  0|   8|           1|           8|
    |select_ln199_fu_611_p3     |    select|   0|  0|   8|           1|           8|
    |select_ln200_1_fu_604_p3   |    select|   0|  0|   8|           1|           8|
    |select_ln200_fu_597_p3     |    select|   0|  0|   8|           1|           8|
    |ap_enable_pp0              |       xor|   0|  0|   2|           1|           2|
    +---------------------------+----------+----+---+----+------------+------------+
    |Total                      |          |   0|  0| 615|         463|         467|
    +---------------------------+----------+----+---+----+------------+------------+

    * Multiplexer: 
    +----------------------------+----+-----------+-----+-----------+
    |            Name            | LUT| Input Size| Bits| Total Bits|
    +----------------------------+----+-----------+-----+-----------+
    |ap_done_int                 |   9|          2|    1|          2|
    |ap_enable_reg_pp0_iter1     |   9|          2|    1|          2|
    |ap_sig_allocacmp_x_6        |   9|          2|   10|         20|
    |stream_csc_blk_n            |   9|          2|    1|          2|
    |stream_in_hresampled_blk_n  |   9|          2|    1|          2|
    |x_fu_100                    |   9|          2|   10|         20|
    +----------------------------+----+-----------+-----+-----------+
    |Total                       |  54|         12|   24|         48|
    +----------------------------+----+-----------+-----+-----------+

    * Register: 
    +----------------------------------+----+----+-----+-----------+
    |               Name               | FF | LUT| Bits| Const Bits|
    +----------------------------------+----+----+-----+-----------+
    |Bpix_reg_764                      |   8|   0|    8|          0|
    |Bres_reg_883                      |  14|   0|   14|          0|
    |Gpix_reg_759                      |   8|   0|    8|          0|
    |Gres_reg_867                      |  14|   0|   14|          0|
    |K11_load_cast_cast_reg_750        |  24|   0|   24|          0|
    |K12_load_cast_cast_reg_745        |  24|   0|   24|          0|
    |K13_load_cast_cast_reg_740        |  24|   0|   24|          0|
    |K21_load_cast_cast_reg_735        |  24|   0|   24|          0|
    |K22_load_cast_cast_reg_730        |  24|   0|   24|          0|
    |K23_load_cast_cast_reg_725        |  24|   0|   24|          0|
    |K31_load_cast_cast_reg_720        |  24|   0|   24|          0|
    |K32_load_cast_cast_reg_715        |  24|   0|   24|          0|
    |K33_load_cast_cast_reg_710        |  24|   0|   24|          0|
    |Rres_reg_851                      |  14|   0|   14|          0|
    |ap_CS_fsm                         |   1|   0|    1|          0|
    |ap_done_reg                       |   1|   0|    1|          0|
    |ap_enable_reg_pp0_iter1           |   1|   0|    1|          0|
    |ap_enable_reg_pp0_iter2           |   1|   0|    1|          0|
    |ap_enable_reg_pp0_iter3           |   1|   0|    1|          0|
    |ap_enable_reg_pp0_iter4           |   1|   0|    1|          0|
    |ap_enable_reg_pp0_iter5           |   1|   0|    1|          0|
    |ap_enable_reg_pp0_iter6           |   1|   0|    1|          0|
    |ap_loop_exit_ready_pp0_iter1_reg  |   1|   0|    1|          0|
    |ap_loop_exit_ready_pp0_iter2_reg  |   1|   0|    1|          0|
    |ap_loop_exit_ready_pp0_iter3_reg  |   1|   0|    1|          0|
    |ap_loop_exit_ready_pp0_iter4_reg  |   1|   0|    1|          0|
    |ap_loop_exit_ready_pp0_iter5_reg  |   1|   0|    1|          0|
    |mul_ln192_1_reg_795               |  24|   0|   24|          0|
    |mul_ln192_2_reg_801               |  24|   0|   24|          0|
    |mul_ln194_1_reg_812               |  24|   0|   24|          0|
    |mul_ln194_2_reg_818               |  24|   0|   24|          0|
    |mul_ln196_1_reg_829               |  24|   0|   24|          0|
    |mul_ln196_2_reg_835               |  24|   0|   24|          0|
    |select_ln198_1_reg_889            |   8|   0|    8|          0|
    |select_ln199_1_reg_899            |   8|   0|    8|          0|
    |select_ln200_1_reg_894            |   8|   0|    8|          0|
    |trunc_ln192_1_reg_846             |  20|   0|   20|          0|
    |trunc_ln192_reg_841               |  20|   0|   20|          0|
    |trunc_ln194_1_reg_862             |  20|   0|   20|          0|
    |trunc_ln194_reg_857               |  20|   0|   20|          0|
    |trunc_ln196_1_reg_878             |  20|   0|   20|          0|
    |trunc_ln196_reg_873               |  20|   0|   20|          0|
    |x_fu_100                          |  10|   0|   10|          0|
    |zext_ln134_1_cast_reg_703         |   8|   0|   14|          6|
    |zext_ln134_cast_reg_696           |   8|   0|   14|          6|
    +----------------------------------+----+----+-----+-----------+
    |Total                             | 601|   0|  613|         12|
    +----------------------------------+----+----+-----+-----------+



================================================================
== Interface
================================================================
* Summary: 
+-------------------------------------+-----+-----+------------+--------------------------------------+--------------+
|              RTL Ports              | Dir | Bits|  Protocol  |             Source Object            |    C Type    |
+-------------------------------------+-----+-----+------------+--------------------------------------+--------------+
|ap_clk                               |   in|    1|  ap_ctrl_hs|  v_csc_core_Pipeline_VITIS_LOOP_136_2|  return value|
|ap_rst                               |   in|    1|  ap_ctrl_hs|  v_csc_core_Pipeline_VITIS_LOOP_136_2|  return value|
|ap_start                             |   in|    1|  ap_ctrl_hs|  v_csc_core_Pipeline_VITIS_LOOP_136_2|  return value|
|ap_done                              |  out|    1|  ap_ctrl_hs|  v_csc_core_Pipeline_VITIS_LOOP_136_2|  return value|
|ap_idle                              |  out|    1|  ap_ctrl_hs|  v_csc_core_Pipeline_VITIS_LOOP_136_2|  return value|
|ap_ready                             |  out|    1|  ap_ctrl_hs|  v_csc_core_Pipeline_VITIS_LOOP_136_2|  return value|
|stream_in_hresampled_dout            |   in|   24|     ap_fifo|                  stream_in_hresampled|       pointer|
|stream_in_hresampled_num_data_valid  |   in|    5|     ap_fifo|                  stream_in_hresampled|       pointer|
|stream_in_hresampled_fifo_cap        |   in|    5|     ap_fifo|                  stream_in_hresampled|       pointer|
|stream_in_hresampled_empty_n         |   in|    1|     ap_fifo|                  stream_in_hresampled|       pointer|
|stream_in_hresampled_read            |  out|    1|     ap_fifo|                  stream_in_hresampled|       pointer|
|stream_csc_din                       |  out|   24|     ap_fifo|                            stream_csc|       pointer|
|stream_csc_num_data_valid            |   in|    5|     ap_fifo|                            stream_csc|       pointer|
|stream_csc_fifo_cap                  |   in|    5|     ap_fifo|                            stream_csc|       pointer|
|stream_csc_full_n                    |   in|    1|     ap_fifo|                            stream_csc|       pointer|
|stream_csc_write                     |  out|    1|     ap_fifo|                            stream_csc|       pointer|
|add_ln134                            |   in|   10|     ap_none|                             add_ln134|        scalar|
|offsetR                              |   in|   22|     ap_none|                               offsetR|        scalar|
|K11_load_cast                        |   in|   16|     ap_none|                         K11_load_cast|        scalar|
|K12_load_cast                        |   in|   16|     ap_none|                         K12_load_cast|        scalar|
|K13_load_cast                        |   in|   16|     ap_none|                         K13_load_cast|        scalar|
|offsetG                              |   in|   22|     ap_none|                               offsetG|        scalar|
|K21_load_cast                        |   in|   16|     ap_none|                         K21_load_cast|        scalar|
|K22_load_cast                        |   in|   16|     ap_none|                         K22_load_cast|        scalar|
|K23_load_cast                        |   in|   16|     ap_none|                         K23_load_cast|        scalar|
|offsetB                              |   in|   22|     ap_none|                               offsetB|        scalar|
|K31_load_cast                        |   in|   16|     ap_none|                         K31_load_cast|        scalar|
|K32_load_cast                        |   in|   16|     ap_none|                         K32_load_cast|        scalar|
|K33_load_cast                        |   in|   16|     ap_none|                         K33_load_cast|        scalar|
|zext_ln134_1                         |   in|    8|     ap_none|                          zext_ln134_1|        scalar|
|zext_ln134                           |   in|    8|     ap_none|                            zext_ln134|        scalar|
|ClipMax_read                         |   in|    8|     ap_none|                          ClipMax_read|        scalar|
|ClampMin_read                        |   in|    8|     ap_none|                         ClampMin_read|        scalar|
+-------------------------------------+-----+-----+------------+--------------------------------------+--------------+

