

================================================================
== Vitis HLS Report for 'v_hcresampler_core'
================================================================
* Date:           Fri Dec 22 10:23:19 2023

* Version:        2023.2 (Build 4023990 on Oct 11 2023)
* Project:        prj
* Solution:       sol (Vivado IP Flow Target)
* Product family: zynq
* Target device:  xc7z020-clg484-1


================================================================
== Performance Estimates
================================================================
+ Timing: 
    * Summary: 
    +--------+---------+----------+------------+
    |  Clock |  Target | Estimated| Uncertainty|
    +--------+---------+----------+------------+
    |ap_clk  |  7.00 ns|  5.110 ns|     1.89 ns|
    +--------+---------+----------+------------+

+ Latency: 
    * Summary: 
    +---------+------------+----------+-----------+-----+------------+---------+
    |   Latency (cycles)   |  Latency (absolute)  |     Interval     | Pipeline|
    |   min   |     max    |    min   |    max    | min |     max    |   Type  |
    +---------+------------+----------+-----------+-----+------------+---------+
    |        1|  1073971193|  7.000 ns|  7.518 sec|    1|  1073971193|       no|
    +---------+------------+----------+-----------+-----+------------+---------+

    + Detail: 
        * Instance: 
        +---------------------------------------------------------+----------------------------------------------+---------+---------+-----------+----------+-----+-------+---------+
        |                                                         |                                              |  Latency (cycles) |  Latency (absolute)  |   Interval  | Pipeline|
        |                         Instance                        |                    Module                    |   min   |   max   |    min    |    max   | min |  max  |   Type  |
        +---------------------------------------------------------+----------------------------------------------+---------+---------+-----------+----------+-----+-------+---------+
        |grp_v_hcresampler_core_Pipeline_VITIS_LOOP_769_2_fu_196  |v_hcresampler_core_Pipeline_VITIS_LOOP_769_2  |        4|    32772|  28.000 ns|  0.229 ms|    4|  32772|       no|
        +---------------------------------------------------------+----------------------------------------------+---------+---------+-----------+----------+-----+-------+---------+

        * Loop: 
        +--------------------+---------+------------+-----------+-----------+-----------+-----------+----------+
        |                    |   Latency (cycles)   | Iteration |  Initiation Interval  |    Trip   |          |
        |      Loop Name     |   min   |     max    |  Latency  |  achieved |   target  |   Count   | Pipelined|
        +--------------------+---------+------------+-----------+-----------+-----------+-----------+----------+
        |- VITIS_LOOP_767_1  |        0|  1073971192|  8 ~ 32776|          -|          -|  0 ~ 32767|        no|
        +--------------------+---------+------------+-----------+-----------+-----------+-----------+----------+



================================================================
== Utilization Estimates
================================================================
* Summary: 
+-----------------+---------+-----+--------+-------+-----+
|       Name      | BRAM_18K| DSP |   FF   |  LUT  | URAM|
+-----------------+---------+-----+--------+-------+-----+
|DSP              |        -|    -|       -|      -|    -|
|Expression       |        -|    -|       0|     90|    -|
|FIFO             |        -|    -|       -|      -|    -|
|Instance         |        -|    -|     397|    618|    -|
|Memory           |        -|    -|       -|      -|    -|
|Multiplexer      |        -|    -|       -|    103|    -|
|Register         |        -|    -|     271|      -|    -|
+-----------------+---------+-----+--------+-------+-----+
|Total            |        0|    0|     668|    811|    0|
+-----------------+---------+-----+--------+-------+-----+
|Available        |      280|  220|  106400|  53200|    0|
+-----------------+---------+-----+--------+-------+-----+
|Utilization (%)  |        0|    0|      ~0|      1|    0|
+-----------------+---------+-----+--------+-------+-----+

+ Detail: 
    * Instance: 
    +---------------------------------------------------------+----------------------------------------------+---------+----+-----+-----+-----+
    |                         Instance                        |                    Module                    | BRAM_18K| DSP|  FF | LUT | URAM|
    +---------------------------------------------------------+----------------------------------------------+---------+----+-----+-----+-----+
    |grp_v_hcresampler_core_Pipeline_VITIS_LOOP_769_2_fu_196  |v_hcresampler_core_Pipeline_VITIS_LOOP_769_2  |        0|   0|  397|  618|    0|
    +---------------------------------------------------------+----------------------------------------------+---------+----+-----+-----+-----+
    |Total                                                    |                                              |        0|   0|  397|  618|    0|
    +---------------------------------------------------------+----------------------------------------------+---------+----+-----+-----+-----+

    * DSP: 
    N/A

    * Memory: 
    N/A

    * FIFO: 
    N/A

    * Expression: 
    +----------------------------------+----------+----+---+----+------------+------------+
    |           Variable Name          | Operation| DSP| FF| LUT| Bitwidth P0| Bitwidth P1|
    +----------------------------------+----------+----+---+----+------------+------------+
    |add_ln767_fu_273_p2               |         +|   0|  0|  13|          10|          10|
    |y_6_fu_292_p2                     |         +|   0|  0|  14|           9|           1|
    |cmp36673_i_fu_259_p2              |      icmp|   0|  0|  13|          10|          10|
    |icmp_ln767_fu_287_p2              |      icmp|   0|  0|  14|           9|           9|
    |ap_block_state1                   |        or|   0|  0|   2|           1|           1|
    |select_ln745_1_fu_351_p3          |    select|   0|  0|   8|           1|           8|
    |select_ln745_2_fu_357_p3          |    select|   0|  0|   8|           1|           8|
    |select_ln745_fu_345_p3            |    select|   0|  0|   8|           1|           8|
    |select_ln765_fu_233_p3            |    select|   0|  0|   3|           1|           1|
    |select_ln767_fu_265_p3            |    select|   0|  0|   2|           1|           1|
    |sext_ln767_i_cast_cast_fu_251_p3  |    select|   0|  0|   3|           1|           1|
    |not_bPassThru_i_fu_245_p2         |       xor|   0|  0|   2|           1|           2|
    +----------------------------------+----------+----+---+----+------------+------------+
    |Total                             |          |   0|  0|  90|          46|          60|
    +----------------------------------+----------+----+---+----+------------+------------+

    * Multiplexer: 
    +-----------------------------+----+-----------+-----+-----------+
    |             Name            | LUT| Input Size| Bits| Total Bits|
    +-----------------------------+----+-----------+-----+-----------+
    |HwReg_height_blk_n           |   9|          2|    1|          2|
    |HwReg_height_c25_blk_n       |   9|          2|    1|          2|
    |HwReg_width_blk_n            |   9|          2|    1|          2|
    |HwReg_width_c19_blk_n        |   9|          2|    1|          2|
    |ap_NS_fsm                    |  31|          6|    1|          6|
    |ap_done                      |   9|          2|    1|          2|
    |stream_csc_read              |   9|          2|    1|          2|
    |stream_out_hresampled_write  |   9|          2|    1|          2|
    |y_fu_74                      |   9|          2|    9|         18|
    +-----------------------------+----+-----------+-----+-----------+
    |Total                        | 103|         22|   17|         38|
    +-----------------------------+----+-----------+-----+-----------+

    * Register: 
    +----------------------------------------------------------------------+----+----+-----+-----------+
    |                                 Name                                 | FF | LUT| Bits| Const Bits|
    +----------------------------------------------------------------------+----+----+-----+-----------+
    |HwReg_width_read_reg_527                                              |   9|   0|    9|          0|
    |add_ln767_reg_549                                                     |  10|   0|   10|          0|
    |ap_CS_fsm                                                             |   5|   0|    5|          0|
    |ap_done_reg                                                           |   1|   0|    1|          0|
    |cmp36673_i_reg_542                                                    |   1|   0|    1|          0|
    |filt_res1_fu_78                                                       |  64|   0|   64|          0|
    |grp_v_hcresampler_core_Pipeline_VITIS_LOOP_769_2_fu_196_ap_start_reg  |   1|   0|    1|          0|
    |inpix_0_0_0_0_0_load683_lcssa726_i_fu_82                              |   8|   0|    8|          0|
    |inpix_0_1_0_0_0_load685_lcssa729_i_fu_86                              |   8|   0|    8|          0|
    |inpix_0_2_0_0_0_load687_lcssa732_i_fu_90                              |   8|   0|    8|          0|
    |loopHeight_reg_522                                                    |   9|   0|    9|          0|
    |not_bPassThru_i_reg_537                                               |   1|   0|    1|          0|
    |p_0_0_0_0_0491_1698_lcssa744_i_fu_106                                 |   8|   0|    8|          0|
    |p_0_0_0_0_0491_2706_lcssa755_i_fu_114                                 |   8|   0|    8|          0|
    |p_0_0_0_0_0499689_lcssa735_i_fu_94                                    |   8|   0|    8|          0|
    |p_0_0_0_0_0_1701_lcssa750_i_fu_110                                    |   8|   0|    8|          0|
    |p_0_0_0_0_0_2709_lcssa758_i_fu_118                                    |   8|   0|    8|          0|
    |p_0_1_0_0_0692712_lcssa761_i_fu_122                                   |   8|   0|    8|          0|
    |p_0_1_0_0_0692_lcssa738_i_fu_98                                       |   8|   0|    8|          0|
    |p_0_2_0_0_0696716_lcssa764_i_fu_126                                   |   8|   0|    8|          0|
    |p_0_2_0_0_0696_lcssa741_i_fu_102                                      |   8|   0|    8|          0|
    |pixbuf_y_11_fu_134                                                    |   8|   0|    8|          0|
    |pixbuf_y_11_load_reg_557                                              |   8|   0|    8|          0|
    |pixbuf_y_12_fu_138                                                    |   8|   0|    8|          0|
    |pixbuf_y_12_load_reg_562                                              |   8|   0|    8|          0|
    |pixbuf_y_13_fu_142                                                    |   8|   0|    8|          0|
    |pixbuf_y_13_load_reg_567                                              |   8|   0|    8|          0|
    |pixbuf_y_14_fu_146                                                    |   8|   0|    8|          0|
    |pixbuf_y_fu_130                                                       |   8|   0|    8|          0|
    |select_ln765_reg_532                                                  |   1|   0|    2|          1|
    |y_fu_74                                                               |   9|   0|    9|          0|
    +----------------------------------------------------------------------+----+----+-----+-----------+
    |Total                                                                 | 271|   0|  272|          1|
    +----------------------------------------------------------------------+----+----+-----+-----------+



================================================================
== Interface
================================================================
* Summary: 
+--------------------------------------+-----+-----+------------+-----------------------+--------------+
|               RTL Ports              | Dir | Bits|  Protocol  |     Source Object     |    C Type    |
+--------------------------------------+-----+-----+------------+-----------------------+--------------+
|ap_clk                                |   in|    1|  ap_ctrl_hs|     v_hcresampler_core|  return value|
|ap_rst                                |   in|    1|  ap_ctrl_hs|     v_hcresampler_core|  return value|
|ap_start                              |   in|    1|  ap_ctrl_hs|     v_hcresampler_core|  return value|
|ap_done                               |  out|    1|  ap_ctrl_hs|     v_hcresampler_core|  return value|
|ap_continue                           |   in|    1|  ap_ctrl_hs|     v_hcresampler_core|  return value|
|ap_idle                               |  out|    1|  ap_ctrl_hs|     v_hcresampler_core|  return value|
|ap_ready                              |  out|    1|  ap_ctrl_hs|     v_hcresampler_core|  return value|
|stream_csc_dout                       |   in|   24|     ap_fifo|             stream_csc|       pointer|
|stream_csc_num_data_valid             |   in|    5|     ap_fifo|             stream_csc|       pointer|
|stream_csc_fifo_cap                   |   in|    5|     ap_fifo|             stream_csc|       pointer|
|stream_csc_empty_n                    |   in|    1|     ap_fifo|             stream_csc|       pointer|
|stream_csc_read                       |  out|    1|     ap_fifo|             stream_csc|       pointer|
|HwReg_height_dout                     |   in|    9|     ap_fifo|           HwReg_height|       pointer|
|HwReg_height_num_data_valid           |   in|    3|     ap_fifo|           HwReg_height|       pointer|
|HwReg_height_fifo_cap                 |   in|    3|     ap_fifo|           HwReg_height|       pointer|
|HwReg_height_empty_n                  |   in|    1|     ap_fifo|           HwReg_height|       pointer|
|HwReg_height_read                     |  out|    1|     ap_fifo|           HwReg_height|       pointer|
|HwReg_width_dout                      |   in|    9|     ap_fifo|            HwReg_width|       pointer|
|HwReg_width_num_data_valid            |   in|    3|     ap_fifo|            HwReg_width|       pointer|
|HwReg_width_fifo_cap                  |   in|    3|     ap_fifo|            HwReg_width|       pointer|
|HwReg_width_empty_n                   |   in|    1|     ap_fifo|            HwReg_width|       pointer|
|HwReg_width_read                      |  out|    1|     ap_fifo|            HwReg_width|       pointer|
|p_read                                |   in|    1|     ap_none|                 p_read|        scalar|
|stream_out_hresampled_din             |  out|   24|     ap_fifo|  stream_out_hresampled|       pointer|
|stream_out_hresampled_num_data_valid  |   in|    5|     ap_fifo|  stream_out_hresampled|       pointer|
|stream_out_hresampled_fifo_cap        |   in|    5|     ap_fifo|  stream_out_hresampled|       pointer|
|stream_out_hresampled_full_n          |   in|    1|     ap_fifo|  stream_out_hresampled|       pointer|
|stream_out_hresampled_write           |  out|    1|     ap_fifo|  stream_out_hresampled|       pointer|
|HwReg_width_c19_din                   |  out|    9|     ap_fifo|        HwReg_width_c19|       pointer|
|HwReg_width_c19_num_data_valid        |   in|    3|     ap_fifo|        HwReg_width_c19|       pointer|
|HwReg_width_c19_fifo_cap              |   in|    3|     ap_fifo|        HwReg_width_c19|       pointer|
|HwReg_width_c19_full_n                |   in|    1|     ap_fifo|        HwReg_width_c19|       pointer|
|HwReg_width_c19_write                 |  out|    1|     ap_fifo|        HwReg_width_c19|       pointer|
|HwReg_height_c25_din                  |  out|    9|     ap_fifo|       HwReg_height_c25|       pointer|
|HwReg_height_c25_num_data_valid       |   in|    3|     ap_fifo|       HwReg_height_c25|       pointer|
|HwReg_height_c25_fifo_cap             |   in|    3|     ap_fifo|       HwReg_height_c25|       pointer|
|HwReg_height_c25_full_n               |   in|    1|     ap_fifo|       HwReg_height_c25|       pointer|
|HwReg_height_c25_write                |  out|    1|     ap_fifo|       HwReg_height_c25|       pointer|
+--------------------------------------+-----+-----+------------+-----------------------+--------------+

