

================================================================
== Vitis HLS Report for 'v_hcresampler_core_2_Pipeline_VITIS_LOOP_769_2'
================================================================
* Date:           Fri Dec 22 10:23:15 2023

* Version:        2023.2 (Build 4023990 on Oct 11 2023)
* Project:        prj
* Solution:       sol (Vivado IP Flow Target)
* Product family: zynq
* Target device:  xc7z020-clg484-1


================================================================
== Performance Estimates
================================================================
+ Timing: 
    * Summary: 
    +--------+---------+----------+------------+
    |  Clock |  Target | Estimated| Uncertainty|
    +--------+---------+----------+------------+
    |ap_clk  |  7.00 ns|  4.946 ns|     1.89 ns|
    +--------+---------+----------+------------+

+ Latency: 
    * Summary: 
    +---------+---------+-----------+----------+-----+-------+---------+
    |  Latency (cycles) |  Latency (absolute)  |   Interval  | Pipeline|
    |   min   |   max   |    min    |    max   | min |  max  |   Type  |
    +---------+---------+-----------+----------+-----+-------+---------+
    |        4|    32771|  28.000 ns|  0.229 ms|    4|  32771|       no|
    +---------+---------+-----------+----------+-----+-------+---------+

    + Detail: 
        * Instance: 
        N/A

        * Loop: 
        +--------------------+---------+---------+----------+-----------+-----------+-----------+----------+
        |                    |  Latency (cycles) | Iteration|  Initiation Interval  |    Trip   |          |
        |      Loop Name     |   min   |   max   |  Latency |  achieved |   target  |   Count   | Pipelined|
        +--------------------+---------+---------+----------+-----------+-----------+-----------+----------+
        |- VITIS_LOOP_769_2  |        2|    32769|         4|          1|          1|  0 ~ 32767|       yes|
        +--------------------+---------+---------+----------+-----------+-----------+-----------+----------+



================================================================
== Utilization Estimates
================================================================
* Summary: 
+-----------------+---------+-----+--------+-------+-----+
|       Name      | BRAM_18K| DSP |   FF   |  LUT  | URAM|
+-----------------+---------+-----+--------+-------+-----+
|DSP              |        -|    -|       -|      -|    -|
|Expression       |        -|    -|       0|    246|    -|
|FIFO             |        -|    -|       -|      -|    -|
|Instance         |        -|    -|       -|      -|    -|
|Memory           |        -|    -|       -|      -|    -|
|Multiplexer      |        -|    -|       -|    221|    -|
|Register         |        -|    -|     234|     64|    -|
+-----------------+---------+-----+--------+-------+-----+
|Total            |        0|    0|     234|    531|    0|
+-----------------+---------+-----+--------+-------+-----+
|Available        |      280|  220|  106400|  53200|    0|
+-----------------+---------+-----+--------+-------+-----+
|Utilization (%)  |        0|    0|      ~0|     ~0|    0|
+-----------------+---------+-----+--------+-------+-----+

+ Detail: 
    * Instance: 
    N/A

    * DSP: 
    N/A

    * Memory: 
    N/A

    * FIFO: 
    N/A

    * Expression: 
    +----------------------------------+----------+----+---+----+------------+------------+
    |           Variable Name          | Operation| DSP| FF| LUT| Bitwidth P0| Bitwidth P1|
    +----------------------------------+----------+----+---+----+------------+------------+
    |add_ln769_fu_263_p2               |         +|   0|  0|  13|          10|           1|
    |add_ln908_1_fu_536_p2             |         +|   0|  0|   9|           9|           9|
    |add_ln908_fu_530_p2               |         +|   0|  0|   9|           9|           1|
    |add_ln910_1_fu_566_p2             |         +|   0|  0|   9|           9|           9|
    |add_ln910_fu_560_p2               |         +|   0|  0|   9|           9|           1|
    |out_x_fu_277_p2                   |         -|   0|  0|  12|          11|          11|
    |ap_block_state2_pp0_stage0_iter1  |       and|   0|  0|   2|           1|           1|
    |ap_block_state3_pp0_stage0_iter2  |       and|   0|  0|   2|           1|           1|
    |ap_block_state4_pp0_stage0_iter3  |       and|   0|  0|   2|           1|           1|
    |ap_condition_563                  |       and|   0|  0|   2|           1|           1|
    |ap_predicate_op105_write_state3   |       and|   0|  0|   2|           1|           1|
    |ap_predicate_op122_write_state4   |       and|   0|  0|   2|           1|           1|
    |ap_predicate_op53_read_state2     |       and|   0|  0|   2|           1|           1|
    |cmp150_i_fu_293_p2                |      icmp|   0|  0|  13|          10|           1|
    |icmp_ln769_fu_257_p2              |      icmp|   0|  0|  13|          10|          10|
    |icmp_ln777_fu_287_p2              |      icmp|   0|  0|  13|          10|          10|
    |ap_block_pp0_stage0_01001         |        or|   0|  0|   2|           1|           1|
    |select_ln733_1_fu_669_p3          |    select|   0|  0|   8|           1|           8|
    |select_ln733_fu_664_p3            |    select|   0|  0|   8|           1|           8|
    |select_ln791_1_fu_351_p3          |    select|   0|  0|   8|           1|           8|
    |select_ln791_fu_344_p3            |    select|   0|  0|   8|           1|           8|
    |select_ln837_1_fu_445_p3          |    select|   0|  0|   8|           1|           8|
    |select_ln837_2_fu_452_p3          |    select|   0|  0|   8|           1|           8|
    |select_ln837_3_fu_459_p3          |    select|   0|  0|   8|           1|           8|
    |select_ln837_4_fu_466_p3          |    select|   0|  0|   8|           1|           8|
    |select_ln837_5_fu_473_p3          |    select|   0|  0|   8|           1|           8|
    |select_ln837_fu_438_p3            |    select|   0|  0|   8|           1|           8|
    |select_ln859_1_fu_487_p3          |    select|   0|  0|   8|           1|           8|
    |select_ln859_2_fu_494_p3          |    select|   0|  0|   8|           1|           8|
    |select_ln859_3_fu_501_p3          |    select|   0|  0|   8|           1|           8|
    |select_ln859_4_fu_508_p3          |    select|   0|  0|   8|           1|           8|
    |select_ln859_5_fu_515_p3          |    select|   0|  0|   8|           1|           8|
    |select_ln859_fu_480_p3            |    select|   0|  0|   8|           1|           8|
    |ap_enable_pp0                     |       xor|   0|  0|   2|           1|           2|
    +----------------------------------+----------+----+---+----+------------+------------+
    |Total                             |          |   0|  0| 246|         112|         191|
    +----------------------------------+----------+----+---+----+------------+------------+

    * Multiplexer: 
    +---------------------------------+----+-----------+-----+-----------+
    |               Name              | LUT| Input Size| Bits| Total Bits|
    +---------------------------------+----+-----------+-----+-----------+
    |ap_done_int                      |   9|          2|    1|          2|
    |ap_enable_reg_pp0_iter3          |   9|          2|    1|          2|
    |ap_sig_allocacmp_x_5             |   9|          2|   10|         20|
    |inpix_0_0_0_0_0_load682_i_out_o  |   9|          2|    8|         16|
    |inpix_0_1_0_0_0_load684_i_out_o  |   9|          2|    8|         16|
    |inpix_0_2_0_0_0_load686_i_out_o  |   9|          2|    8|         16|
    |p_0_0_0_0_0491_1700_i_out_o      |   9|          2|    8|         16|
    |p_0_0_0_0_0491_2708_i_out_o      |   9|          2|    8|         16|
    |p_0_0_0_0_0499688_i_fu_122       |   9|          2|    8|         16|
    |p_0_0_0_0_0_1703_i_out_o         |   9|          2|    8|         16|
    |p_0_0_0_0_0_2711_i_out_o         |   9|          2|    8|         16|
    |p_0_1_0_0_0691_i_out_o           |   9|          2|    8|         16|
    |p_0_1_0_0_0692714_i_out_o        |   9|          2|    8|         16|
    |p_0_2_0_0_0695_i_out_o           |   9|          2|    8|         16|
    |p_0_2_0_0_0696718_i_out_o        |   9|          2|    8|         16|
    |pixbuf_y_5_out_o                 |   9|          2|    8|         16|
    |pixbuf_y_6_fu_126                |   9|          2|    8|         16|
    |pixbuf_y_7_fu_130                |   9|          2|    8|         16|
    |pixbuf_y_8_fu_138                |   9|          2|    8|         16|
    |pixbuf_y_fu_134                  |   9|          2|    8|         16|
    |stream_in_hresampled_blk_n       |   9|          2|    1|          2|
    |stream_in_hresampled_din         |  14|          3|   24|         72|
    |stream_in_vresampled_blk_n       |   9|          2|    1|          2|
    |x_fu_118                         |   9|          2|   10|         20|
    +---------------------------------+----+-----------+-----+-----------+
    |Total                            | 221|         49|  184|        392|
    +---------------------------------+----+-----------+-----+-----------+

    * Register: 
    +----------------------------------+----+----+-----+-----------+
    |               Name               | FF | LUT| Bits| Const Bits|
    +----------------------------------+----+----+-----+-----------+
    |CRpix_reg_762                     |   1|   0|    1|          0|
    |CRpix_reg_762_pp0_iter1_reg       |   1|   0|    1|          0|
    |ap_CS_fsm                         |   1|   0|    1|          0|
    |ap_done_reg                       |   1|   0|    1|          0|
    |ap_enable_reg_pp0_iter1           |   1|   0|    1|          0|
    |ap_enable_reg_pp0_iter2           |   1|   0|    1|          0|
    |ap_enable_reg_pp0_iter3           |   1|   0|    1|          0|
    |ap_loop_exit_ready_pp0_iter1_reg  |   1|   0|    1|          0|
    |ap_loop_exit_ready_pp0_iter2_reg  |   1|   0|    1|          0|
    |cmp150_i_reg_784                  |   1|   0|    1|          0|
    |cmp150_i_reg_784_pp0_iter1_reg    |   1|   0|    1|          0|
    |icmp_ln769_reg_758                |   1|   0|    1|          0|
    |icmp_ln769_reg_758_pp0_iter1_reg  |   1|   0|    1|          0|
    |icmp_ln777_reg_780                |   1|   0|    1|          0|
    |odd_col_reg_774                   |   1|   0|    1|          0|
    |p_0_0_0_0_0499688_i_fu_122        |   8|   0|    8|          0|
    |pixbuf_y_6_fu_126                 |   8|   0|    8|          0|
    |pixbuf_y_7_fu_130                 |   8|   0|    8|          0|
    |pixbuf_y_8_fu_138                 |   8|   0|    8|          0|
    |pixbuf_y_9_reg_798                |   8|   0|    8|          0|
    |pixbuf_y_fu_134                   |   8|   0|    8|          0|
    |select_ln859_4_reg_803            |   8|   0|    8|          0|
    |select_ln859_5_reg_808            |   8|   0|    8|          0|
    |tmp_reg_794                       |   1|   0|    1|          0|
    |trunc_ln1_reg_818                 |   8|   0|    8|          0|
    |trunc_ln_reg_813                  |   8|   0|    8|          0|
    |x_fu_118                          |  10|   0|   10|          0|
    |odd_col_reg_774                   |  64|  32|    1|          0|
    |tmp_reg_794                       |  64|  32|    1|          0|
    +----------------------------------+----+----+-----+-----------+
    |Total                             | 234|  64|  108|          0|
    +----------------------------------+----+----+-----+-----------+



================================================================
== Interface
================================================================
* Summary: 
+----------------------------------------+-----+-----+------------+------------------------------------------------+--------------+
|                RTL Ports               | Dir | Bits|  Protocol  |                  Source Object                 |    C Type    |
+----------------------------------------+-----+-----+------------+------------------------------------------------+--------------+
|ap_clk                                  |   in|    1|  ap_ctrl_hs|  v_hcresampler_core.2_Pipeline_VITIS_LOOP_769_2|  return value|
|ap_rst                                  |   in|    1|  ap_ctrl_hs|  v_hcresampler_core.2_Pipeline_VITIS_LOOP_769_2|  return value|
|ap_start                                |   in|    1|  ap_ctrl_hs|  v_hcresampler_core.2_Pipeline_VITIS_LOOP_769_2|  return value|
|ap_done                                 |  out|    1|  ap_ctrl_hs|  v_hcresampler_core.2_Pipeline_VITIS_LOOP_769_2|  return value|
|ap_idle                                 |  out|    1|  ap_ctrl_hs|  v_hcresampler_core.2_Pipeline_VITIS_LOOP_769_2|  return value|
|ap_ready                                |  out|    1|  ap_ctrl_hs|  v_hcresampler_core.2_Pipeline_VITIS_LOOP_769_2|  return value|
|stream_in_vresampled_dout               |   in|   24|     ap_fifo|                            stream_in_vresampled|       pointer|
|stream_in_vresampled_num_data_valid     |   in|    5|     ap_fifo|                            stream_in_vresampled|       pointer|
|stream_in_vresampled_fifo_cap           |   in|    5|     ap_fifo|                            stream_in_vresampled|       pointer|
|stream_in_vresampled_empty_n            |   in|    1|     ap_fifo|                            stream_in_vresampled|       pointer|
|stream_in_vresampled_read               |  out|    1|     ap_fifo|                            stream_in_vresampled|       pointer|
|stream_in_hresampled_din                |  out|   24|     ap_fifo|                            stream_in_hresampled|       pointer|
|stream_in_hresampled_num_data_valid     |   in|    5|     ap_fifo|                            stream_in_hresampled|       pointer|
|stream_in_hresampled_fifo_cap           |   in|    5|     ap_fifo|                            stream_in_hresampled|       pointer|
|stream_in_hresampled_full_n             |   in|    1|     ap_fifo|                            stream_in_hresampled|       pointer|
|stream_in_hresampled_write              |  out|    1|     ap_fifo|                            stream_in_hresampled|       pointer|
|pixbuf_y_4                              |   in|    8|     ap_none|                                      pixbuf_y_4|        scalar|
|pixbuf_y_3                              |   in|    8|     ap_none|                                      pixbuf_y_3|        scalar|
|pixbuf_y_2                              |   in|    8|     ap_none|                                      pixbuf_y_2|        scalar|
|pixbuf_y_1                              |   in|    8|     ap_none|                                      pixbuf_y_1|        scalar|
|p_0_0_0_0_0499689_lcssa735_i            |   in|    8|     ap_none|                    p_0_0_0_0_0499689_lcssa735_i|        scalar|
|add_ln767                               |   in|   10|     ap_none|                                       add_ln767|        scalar|
|p_read                                  |   in|    1|     ap_none|                                          p_read|        scalar|
|select_ln765                            |   in|    3|     ap_none|                                    select_ln765|        scalar|
|zext_ln765                              |   in|    9|     ap_none|                                      zext_ln765|        scalar|
|pixbuf_y_9_out                          |  out|    8|      ap_vld|                                  pixbuf_y_9_out|       pointer|
|pixbuf_y_9_out_ap_vld                   |  out|    1|      ap_vld|                                  pixbuf_y_9_out|       pointer|
|pixbuf_y_8_out                          |  out|    8|      ap_vld|                                  pixbuf_y_8_out|       pointer|
|pixbuf_y_8_out_ap_vld                   |  out|    1|      ap_vld|                                  pixbuf_y_8_out|       pointer|
|pixbuf_y_7_out                          |  out|    8|      ap_vld|                                  pixbuf_y_7_out|       pointer|
|pixbuf_y_7_out_ap_vld                   |  out|    1|      ap_vld|                                  pixbuf_y_7_out|       pointer|
|pixbuf_y_6_out                          |  out|    8|      ap_vld|                                  pixbuf_y_6_out|       pointer|
|pixbuf_y_6_out_ap_vld                   |  out|    1|      ap_vld|                                  pixbuf_y_6_out|       pointer|
|pixbuf_y_5_out_i                        |   in|    8|     ap_ovld|                                  pixbuf_y_5_out|       pointer|
|pixbuf_y_5_out_o                        |  out|    8|     ap_ovld|                                  pixbuf_y_5_out|       pointer|
|pixbuf_y_5_out_o_ap_vld                 |  out|    1|     ap_ovld|                                  pixbuf_y_5_out|       pointer|
|p_0_2_0_0_0696718_i_out_i               |   in|    8|     ap_ovld|                         p_0_2_0_0_0696718_i_out|       pointer|
|p_0_2_0_0_0696718_i_out_o               |  out|    8|     ap_ovld|                         p_0_2_0_0_0696718_i_out|       pointer|
|p_0_2_0_0_0696718_i_out_o_ap_vld        |  out|    1|     ap_ovld|                         p_0_2_0_0_0696718_i_out|       pointer|
|p_0_1_0_0_0692714_i_out_i               |   in|    8|     ap_ovld|                         p_0_1_0_0_0692714_i_out|       pointer|
|p_0_1_0_0_0692714_i_out_o               |  out|    8|     ap_ovld|                         p_0_1_0_0_0692714_i_out|       pointer|
|p_0_1_0_0_0692714_i_out_o_ap_vld        |  out|    1|     ap_ovld|                         p_0_1_0_0_0692714_i_out|       pointer|
|p_0_0_0_0_0_2711_i_out_i                |   in|    8|     ap_ovld|                          p_0_0_0_0_0_2711_i_out|       pointer|
|p_0_0_0_0_0_2711_i_out_o                |  out|    8|     ap_ovld|                          p_0_0_0_0_0_2711_i_out|       pointer|
|p_0_0_0_0_0_2711_i_out_o_ap_vld         |  out|    1|     ap_ovld|                          p_0_0_0_0_0_2711_i_out|       pointer|
|p_0_0_0_0_0491_2708_i_out_i             |   in|    8|     ap_ovld|                       p_0_0_0_0_0491_2708_i_out|       pointer|
|p_0_0_0_0_0491_2708_i_out_o             |  out|    8|     ap_ovld|                       p_0_0_0_0_0491_2708_i_out|       pointer|
|p_0_0_0_0_0491_2708_i_out_o_ap_vld      |  out|    1|     ap_ovld|                       p_0_0_0_0_0491_2708_i_out|       pointer|
|p_0_0_0_0_0_1703_i_out_i                |   in|    8|     ap_ovld|                          p_0_0_0_0_0_1703_i_out|       pointer|
|p_0_0_0_0_0_1703_i_out_o                |  out|    8|     ap_ovld|                          p_0_0_0_0_0_1703_i_out|       pointer|
|p_0_0_0_0_0_1703_i_out_o_ap_vld         |  out|    1|     ap_ovld|                          p_0_0_0_0_0_1703_i_out|       pointer|
|p_0_0_0_0_0491_1700_i_out_i             |   in|    8|     ap_ovld|                       p_0_0_0_0_0491_1700_i_out|       pointer|
|p_0_0_0_0_0491_1700_i_out_o             |  out|    8|     ap_ovld|                       p_0_0_0_0_0491_1700_i_out|       pointer|
|p_0_0_0_0_0491_1700_i_out_o_ap_vld      |  out|    1|     ap_ovld|                       p_0_0_0_0_0491_1700_i_out|       pointer|
|p_0_2_0_0_0695_i_out_i                  |   in|    8|     ap_ovld|                            p_0_2_0_0_0695_i_out|       pointer|
|p_0_2_0_0_0695_i_out_o                  |  out|    8|     ap_ovld|                            p_0_2_0_0_0695_i_out|       pointer|
|p_0_2_0_0_0695_i_out_o_ap_vld           |  out|    1|     ap_ovld|                            p_0_2_0_0_0695_i_out|       pointer|
|p_0_1_0_0_0691_i_out_i                  |   in|    8|     ap_ovld|                            p_0_1_0_0_0691_i_out|       pointer|
|p_0_1_0_0_0691_i_out_o                  |  out|    8|     ap_ovld|                            p_0_1_0_0_0691_i_out|       pointer|
|p_0_1_0_0_0691_i_out_o_ap_vld           |  out|    1|     ap_ovld|                            p_0_1_0_0_0691_i_out|       pointer|
|inpix_0_2_0_0_0_load686_i_out_i         |   in|    8|     ap_ovld|                   inpix_0_2_0_0_0_load686_i_out|       pointer|
|inpix_0_2_0_0_0_load686_i_out_o         |  out|    8|     ap_ovld|                   inpix_0_2_0_0_0_load686_i_out|       pointer|
|inpix_0_2_0_0_0_load686_i_out_o_ap_vld  |  out|    1|     ap_ovld|                   inpix_0_2_0_0_0_load686_i_out|       pointer|
|inpix_0_1_0_0_0_load684_i_out_i         |   in|    8|     ap_ovld|                   inpix_0_1_0_0_0_load684_i_out|       pointer|
|inpix_0_1_0_0_0_load684_i_out_o         |  out|    8|     ap_ovld|                   inpix_0_1_0_0_0_load684_i_out|       pointer|
|inpix_0_1_0_0_0_load684_i_out_o_ap_vld  |  out|    1|     ap_ovld|                   inpix_0_1_0_0_0_load684_i_out|       pointer|
|inpix_0_0_0_0_0_load682_i_out_i         |   in|    8|     ap_ovld|                   inpix_0_0_0_0_0_load682_i_out|       pointer|
|inpix_0_0_0_0_0_load682_i_out_o         |  out|    8|     ap_ovld|                   inpix_0_0_0_0_0_load682_i_out|       pointer|
|inpix_0_0_0_0_0_load682_i_out_o_ap_vld  |  out|    1|     ap_ovld|                   inpix_0_0_0_0_0_load682_i_out|       pointer|
+----------------------------------------+-----+-----+------------+------------------------------------------------+--------------+

