

================================================================
== Vitis HLS Report for 'v_vcresampler_core_Pipeline_VITIS_LOOP_1000_2'
================================================================
* Date:           Fri Dec 22 10:23:19 2023

* Version:        2023.2 (Build 4023990 on Oct 11 2023)
* Project:        prj
* Solution:       sol (Vivado IP Flow Target)
* Product family: zynq
* Target device:  xc7z020-clg484-1


================================================================
== Performance Estimates
================================================================
+ Timing: 
    * Summary: 
    +--------+---------+----------+------------+
    |  Clock |  Target | Estimated| Uncertainty|
    +--------+---------+----------+------------+
    |ap_clk  |  7.00 ns|  4.999 ns|     1.89 ns|
    +--------+---------+----------+------------+

+ Latency: 
    * Summary: 
    +---------+---------+-----------+----------+-----+-------+---------+
    |  Latency (cycles) |  Latency (absolute)  |   Interval  | Pipeline|
    |   min   |   max   |    min    |    max   | min |  max  |   Type  |
    +---------+---------+-----------+----------+-----+-------+---------+
    |        2|    32772|  14.000 ns|  0.229 ms|    2|  32772|       no|
    +---------+---------+-----------+----------+-----+-------+---------+

    + Detail: 
        * Instance: 
        N/A

        * Loop: 
        +---------------------+---------+---------+----------+-----------+-----------+-----------+----------+
        |                     |  Latency (cycles) | Iteration|  Initiation Interval  |    Trip   |          |
        |      Loop Name      |   min   |   max   |  Latency |  achieved |   target  |   Count   | Pipelined|
        +---------------------+---------+---------+----------+-----------+-----------+-----------+----------+
        |- VITIS_LOOP_1000_2  |        0|    32770|         5|          1|          1|  0 ~ 32767|       yes|
        +---------------------+---------+---------+----------+-----------+-----------+-----------+----------+



================================================================
== Utilization Estimates
================================================================
* Summary: 
+-----------------+---------+-----+--------+-------+-----+
|       Name      | BRAM_18K| DSP |   FF   |  LUT  | URAM|
+-----------------+---------+-----+--------+-------+-----+
|DSP              |        -|    -|       -|      -|    -|
|Expression       |        -|    -|       0|    110|    -|
|FIFO             |        -|    -|       -|      -|    -|
|Instance         |        -|    -|       -|      -|    -|
|Memory           |        -|    -|       -|      -|    -|
|Multiplexer      |        -|    -|       -|    113|    -|
|Register         |        -|    -|     247|     64|    -|
+-----------------+---------+-----+--------+-------+-----+
|Total            |        0|    0|     247|    287|    0|
+-----------------+---------+-----+--------+-------+-----+
|Available        |      280|  220|  106400|  53200|    0|
+-----------------+---------+-----+--------+-------+-----+
|Utilization (%)  |        0|    0|      ~0|     ~0|    0|
+-----------------+---------+-----+--------+-------+-----+

+ Detail: 
    * Instance: 
    N/A

    * DSP: 
    N/A

    * Memory: 
    N/A

    * FIFO: 
    N/A

    * Expression: 
    +-----------------------------------+----------+----+---+----+------------+------------+
    |           Variable Name           | Operation| DSP| FF| LUT| Bitwidth P0| Bitwidth P1|
    +-----------------------------------+----------+----+---+----+------------+------------+
    |add_ln1000_fu_208_p2               |         +|   0|  0|  14|           9|           1|
    |add_ln1143_1_fu_305_p2             |         +|   0|  0|  14|           9|           2|
    |add_ln1143_2_fu_357_p2             |         +|   0|  0|  10|          10|          10|
    |add_ln1143_fu_348_p2               |         +|   0|  0|  10|          10|          10|
    |ap_block_pp0                       |       and|   0|  0|   2|           1|           1|
    |ap_block_state2_pp0_stage0_iter1   |       and|   0|  0|   2|           1|           1|
    |ap_block_state3_pp0_stage0_iter2   |       and|   0|  0|   2|           1|           1|
    |ap_block_state5_pp0_stage0_iter4   |       and|   0|  0|   2|           1|           1|
    |ap_enable_state1_pp0_iter0_stage0  |       and|   0|  0|   2|           1|           1|
    |ap_enable_state2_pp0_iter1_stage0  |       and|   0|  0|   2|           1|           1|
    |ap_enable_state3_pp0_iter2_stage0  |       and|   0|  0|   2|           1|           1|
    |ap_enable_state4_pp0_iter3_stage0  |       and|   0|  0|   2|           1|           1|
    |ap_predicate_op61_write_state3     |       and|   0|  0|   2|           1|           1|
    |ap_predicate_op77_write_state5     |       and|   0|  0|   2|           1|           1|
    |icmp_ln1000_fu_202_p2              |      icmp|   0|  0|  14|           9|           9|
    |ap_block_pp0_stage0_01001          |        or|   0|  0|   2|           1|           1|
    |LineBufVal_3_fu_295_p3             |    select|   0|  0|   8|           1|           8|
    |empty_60_fu_373_p3                 |    select|   0|  0|   8|           1|           1|
    |select_ln1081_fu_289_p3            |    select|   0|  0|   8|           1|           8|
    |ap_enable_pp0                      |       xor|   0|  0|   2|           1|           2|
    +-----------------------------------+----------+----+---+----+------------+------------+
    |Total                              |          |   0|  0| 110|          62|          62|
    +-----------------------------------+----------+----+---+----+------------+------------+

    * Multiplexer: 
    +-------------------------------+----+-----------+-----+-----------+
    |              Name             | LUT| Input Size| Bits| Total Bits|
    +-------------------------------+----+-----------+-----+-----------+
    |ap_done_int                    |   9|          2|    1|          2|
    |ap_enable_reg_pp0_iter1        |   9|          2|    1|          2|
    |ap_sig_allocacmp_x_2           |   9|          2|    9|         18|
    |p_0_0352558_i_out_o            |   9|          2|    8|         16|
    |p_0_0374556_i_out_o            |   9|          2|    8|         16|
    |pix_0_0_0_0_0_load550_i_out_o  |   9|          2|    8|         16|
    |pix_0_1_0_0_0_load552_i_out_o  |   9|          2|    8|         16|
    |pix_0_2_0_0_0_load554_i_out_o  |   9|          2|    8|         16|
    |stream_out_hresampled_blk_n    |   9|          2|    1|          2|
    |stream_out_vresampled_blk_n    |   9|          2|    1|          2|
    |stream_out_vresampled_din      |  14|          3|   24|         72|
    |x_fu_96                        |   9|          2|    9|         18|
    +-------------------------------+----+-----------+-----+-----------+
    |Total                          | 113|         25|   86|        196|
    +-------------------------------+----+-----------+-----+-----------+

    * Register: 
    +--------------------------------------+----+----+-----+-----------+
    |                 Name                 | FF | LUT| Bits| Const Bits|
    +--------------------------------------+----+----+-----+-----------+
    |LineBufVal_1_reg_442                  |   8|   0|    8|          0|
    |LineBufVal_1_reg_442_pp0_iter2_reg    |   8|   0|    8|          0|
    |LineBufVal_2_reg_454                  |   8|   0|    8|          0|
    |LineBufVal_3_reg_459                  |   8|   0|    8|          0|
    |LineBufVal_reg_469                    |   8|   0|    8|          0|
    |add_ln1143_1_reg_464                  |   9|   0|    9|          0|
    |ap_CS_fsm                             |   1|   0|    1|          0|
    |ap_done_reg                           |   1|   0|    1|          0|
    |ap_enable_reg_pp0_iter1               |   1|   0|    1|          0|
    |ap_enable_reg_pp0_iter2               |   1|   0|    1|          0|
    |ap_enable_reg_pp0_iter3               |   1|   0|    1|          0|
    |ap_enable_reg_pp0_iter4               |   1|   0|    1|          0|
    |ap_loop_exit_ready_pp0_iter1_reg      |   1|   0|    1|          0|
    |ap_loop_exit_ready_pp0_iter2_reg      |   1|   0|    1|          0|
    |ap_loop_exit_ready_pp0_iter3_reg      |   1|   0|    1|          0|
    |empty_60_reg_474                      |   8|   0|    8|          0|
    |linebuf_c_2_addr_reg_436              |   9|   0|    9|          0|
    |linebuf_c_addr_reg_430                |   9|   0|    9|          0|
    |linebuf_c_addr_reg_430_pp0_iter1_reg  |   9|   0|    9|          0|
    |linebuf_y_addr_reg_425                |   9|   0|    9|          0|
    |trunc_ln1010_5_reg_449                |   8|   0|    8|          0|
    |x_fu_96                               |   9|   0|    9|          0|
    |linebuf_c_2_addr_reg_436              |  64|  32|    9|          0|
    |linebuf_y_addr_reg_425                |  64|  32|    9|          0|
    +--------------------------------------+----+----+-----+-----------+
    |Total                                 | 247|  64|  137|          0|
    +--------------------------------------+----+----+-----+-----------+



================================================================
== Interface
================================================================
* Summary: 
+--------------------------------------+-----+-----+------------+-----------------------------------------------+--------------+
|               RTL Ports              | Dir | Bits|  Protocol  |                 Source Object                 |    C Type    |
+--------------------------------------+-----+-----+------------+-----------------------------------------------+--------------+
|ap_clk                                |   in|    1|  ap_ctrl_hs|  v_vcresampler_core_Pipeline_VITIS_LOOP_1000_2|  return value|
|ap_rst                                |   in|    1|  ap_ctrl_hs|  v_vcresampler_core_Pipeline_VITIS_LOOP_1000_2|  return value|
|ap_start                              |   in|    1|  ap_ctrl_hs|  v_vcresampler_core_Pipeline_VITIS_LOOP_1000_2|  return value|
|ap_done                               |  out|    1|  ap_ctrl_hs|  v_vcresampler_core_Pipeline_VITIS_LOOP_1000_2|  return value|
|ap_idle                               |  out|    1|  ap_ctrl_hs|  v_vcresampler_core_Pipeline_VITIS_LOOP_1000_2|  return value|
|ap_ready                              |  out|    1|  ap_ctrl_hs|  v_vcresampler_core_Pipeline_VITIS_LOOP_1000_2|  return value|
|stream_out_hresampled_dout            |   in|   24|     ap_fifo|                          stream_out_hresampled|       pointer|
|stream_out_hresampled_num_data_valid  |   in|    5|     ap_fifo|                          stream_out_hresampled|       pointer|
|stream_out_hresampled_fifo_cap        |   in|    5|     ap_fifo|                          stream_out_hresampled|       pointer|
|stream_out_hresampled_empty_n         |   in|    1|     ap_fifo|                          stream_out_hresampled|       pointer|
|stream_out_hresampled_read            |  out|    1|     ap_fifo|                          stream_out_hresampled|       pointer|
|stream_out_vresampled_din             |  out|   24|     ap_fifo|                          stream_out_vresampled|       pointer|
|stream_out_vresampled_num_data_valid  |   in|    5|     ap_fifo|                          stream_out_vresampled|       pointer|
|stream_out_vresampled_fifo_cap        |   in|    5|     ap_fifo|                          stream_out_vresampled|       pointer|
|stream_out_vresampled_full_n          |   in|    1|     ap_fifo|                          stream_out_vresampled|       pointer|
|stream_out_vresampled_write           |  out|    1|     ap_fifo|                          stream_out_vresampled|       pointer|
|loopWidth                             |   in|    9|     ap_none|                                      loopWidth|        scalar|
|p_read                                |   in|    1|     ap_none|                                         p_read|        scalar|
|cmp33_i                               |   in|    1|     ap_none|                                        cmp33_i|        scalar|
|cmp105_i                              |   in|    1|     ap_none|                                       cmp105_i|        scalar|
|empty_39                              |   in|    1|     ap_none|                                       empty_39|        scalar|
|empty                                 |   in|    1|     ap_none|                                          empty|        scalar|
|linebuf_c_2_address0                  |  out|    9|   ap_memory|                                    linebuf_c_2|         array|
|linebuf_c_2_ce0                       |  out|    1|   ap_memory|                                    linebuf_c_2|         array|
|linebuf_c_2_we0                       |  out|    1|   ap_memory|                                    linebuf_c_2|         array|
|linebuf_c_2_d0                        |  out|    8|   ap_memory|                                    linebuf_c_2|         array|
|linebuf_c_2_address1                  |  out|    9|   ap_memory|                                    linebuf_c_2|         array|
|linebuf_c_2_ce1                       |  out|    1|   ap_memory|                                    linebuf_c_2|         array|
|linebuf_c_2_q1                        |   in|    8|   ap_memory|                                    linebuf_c_2|         array|
|linebuf_y_address0                    |  out|    9|   ap_memory|                                      linebuf_y|         array|
|linebuf_y_ce0                         |  out|    1|   ap_memory|                                      linebuf_y|         array|
|linebuf_y_we0                         |  out|    1|   ap_memory|                                      linebuf_y|         array|
|linebuf_y_d0                          |  out|    8|   ap_memory|                                      linebuf_y|         array|
|linebuf_y_q0                          |   in|    8|   ap_memory|                                      linebuf_y|         array|
|linebuf_c_address0                    |  out|    9|   ap_memory|                                      linebuf_c|         array|
|linebuf_c_ce0                         |  out|    1|   ap_memory|                                      linebuf_c|         array|
|linebuf_c_we0                         |  out|    1|   ap_memory|                                      linebuf_c|         array|
|linebuf_c_d0                          |  out|    8|   ap_memory|                                      linebuf_c|         array|
|linebuf_c_address1                    |  out|    9|   ap_memory|                                      linebuf_c|         array|
|linebuf_c_ce1                         |  out|    1|   ap_memory|                                      linebuf_c|         array|
|linebuf_c_q1                          |   in|    8|   ap_memory|                                      linebuf_c|         array|
|p_0_0352558_i_out_i                   |   in|    8|     ap_ovld|                              p_0_0352558_i_out|       pointer|
|p_0_0352558_i_out_o                   |  out|    8|     ap_ovld|                              p_0_0352558_i_out|       pointer|
|p_0_0352558_i_out_o_ap_vld            |  out|    1|     ap_ovld|                              p_0_0352558_i_out|       pointer|
|p_0_0374556_i_out_i                   |   in|    8|     ap_ovld|                              p_0_0374556_i_out|       pointer|
|p_0_0374556_i_out_o                   |  out|    8|     ap_ovld|                              p_0_0374556_i_out|       pointer|
|p_0_0374556_i_out_o_ap_vld            |  out|    1|     ap_ovld|                              p_0_0374556_i_out|       pointer|
|pix_0_2_0_0_0_load554_i_out_i         |   in|    8|     ap_ovld|                    pix_0_2_0_0_0_load554_i_out|       pointer|
|pix_0_2_0_0_0_load554_i_out_o         |  out|    8|     ap_ovld|                    pix_0_2_0_0_0_load554_i_out|       pointer|
|pix_0_2_0_0_0_load554_i_out_o_ap_vld  |  out|    1|     ap_ovld|                    pix_0_2_0_0_0_load554_i_out|       pointer|
|pix_0_1_0_0_0_load552_i_out_i         |   in|    8|     ap_ovld|                    pix_0_1_0_0_0_load552_i_out|       pointer|
|pix_0_1_0_0_0_load552_i_out_o         |  out|    8|     ap_ovld|                    pix_0_1_0_0_0_load552_i_out|       pointer|
|pix_0_1_0_0_0_load552_i_out_o_ap_vld  |  out|    1|     ap_ovld|                    pix_0_1_0_0_0_load552_i_out|       pointer|
|pix_0_0_0_0_0_load550_i_out_i         |   in|    8|     ap_ovld|                    pix_0_0_0_0_0_load550_i_out|       pointer|
|pix_0_0_0_0_0_load550_i_out_o         |  out|    8|     ap_ovld|                    pix_0_0_0_0_0_load550_i_out|       pointer|
|pix_0_0_0_0_0_load550_i_out_o_ap_vld  |  out|    1|     ap_ovld|                    pix_0_0_0_0_0_load550_i_out|       pointer|
+--------------------------------------+-----+-----+------------+-----------------------------------------------+--------------+

