Copyright 1986-2022 Xilinx, Inc. All Rights Reserved. Copyright 2022-2023 Advanced Micro Devices, Inc. All Rights Reserved.
------------------------------------------------------------------------------------------------------------------------------------------------------
| Tool Version : Vivado v.2023.2 (win64) Build 4029153 Fri Oct 13 20:14:34 MDT 2023
| Date         : Fri Dec 22 11:49:17 2023
| Host         : DESKTOP-1T2E61L running 64-bit major release  (build 9200)
| Command      : report_drc -file broncho_video_wrapper_drc_opted.rpt -pb broncho_video_wrapper_drc_opted.pb -rpx broncho_video_wrapper_drc_opted.rpx
| Design       : broncho_video_wrapper
| Device       : xc7z020clg484-1
| Speed File   : -1
| Design State : Synthesized
------------------------------------------------------------------------------------------------------------------------------------------------------

Report DRC

Table of Contents
-----------------
1. REPORT SUMMARY
2. REPORT DETAILS

1. REPORT SUMMARY
-----------------
            Netlist: netlist
          Floorplan: design_1
      Design limits: <entire design considered>
           Ruledeck: default
             Max violations: <unlimited>
             Violations found: 15
+----------+----------+------------------------+------------+
| Rule     | Severity | Description            | Violations |
+----------+----------+------------------------+------------+
| DPIP-1   | Warning  | Input pipelining       | 5          |
| DPOP-1   | Warning  | PREG Output pipelining | 2          |
| DPOP-2   | Warning  | MREG Output pipelining | 6          |
| REQP-181 | Advisory | writefirst             | 2          |
+----------+----------+------------------------+------------+

2. REPORT DETAILS
-----------------
DPIP-1#1 Warning
Input pipelining  
DSP broncho_video_i/v_demosaic_0/inst/Debayer_U0/DebayerG_U0/grp_DebayerG_Pipeline_VITIS_LOOP_318_4_fu_202/mac_muladd_14s_10ns_24s_25_4_1_U61/broncho_video_v_demosaic_0_0_mac_muladd_14s_10ns_24s_25_4_1_DSP48_0_U/p_reg_reg input broncho_video_i/v_demosaic_0/inst/Debayer_U0/DebayerG_U0/grp_DebayerG_Pipeline_VITIS_LOOP_318_4_fu_202/mac_muladd_14s_10ns_24s_25_4_1_U61/broncho_video_v_demosaic_0_0_mac_muladd_14s_10ns_24s_25_4_1_DSP48_0_U/p_reg_reg/C[47:0] is not pipelined. Pipelining DSP48 input will improve performance.
Related violations: <none>

DPIP-1#2 Warning
Input pipelining  
DSP broncho_video_i/v_demosaic_0/inst/Debayer_U0/DebayerG_U0/grp_DebayerG_Pipeline_VITIS_LOOP_318_4_fu_202/mac_muladd_14s_10ns_24s_25_4_1_U62/broncho_video_v_demosaic_0_0_mac_muladd_14s_10ns_24s_25_4_1_DSP48_0_U/p_reg_reg input broncho_video_i/v_demosaic_0/inst/Debayer_U0/DebayerG_U0/grp_DebayerG_Pipeline_VITIS_LOOP_318_4_fu_202/mac_muladd_14s_10ns_24s_25_4_1_U62/broncho_video_v_demosaic_0_0_mac_muladd_14s_10ns_24s_25_4_1_DSP48_0_U/p_reg_reg/C[47:0] is not pipelined. Pipelining DSP48 input will improve performance.
Related violations: <none>

DPIP-1#3 Warning
Input pipelining  
DSP broncho_video_i/v_proc_ss_1/inst/csc/inst/v_csc_core_U0/grp_v_csc_core_Pipeline_VITIS_LOOP_136_2_fu_208/mac_muladd_16s_8ns_22s_25_4_1_U141/bd_4177_csc_0_mac_muladd_16s_8ns_22s_25_4_1_DSP48_0_U/p_reg_reg input broncho_video_i/v_proc_ss_1/inst/csc/inst/v_csc_core_U0/grp_v_csc_core_Pipeline_VITIS_LOOP_136_2_fu_208/mac_muladd_16s_8ns_22s_25_4_1_U141/bd_4177_csc_0_mac_muladd_16s_8ns_22s_25_4_1_DSP48_0_U/p_reg_reg/C[47:0] is not pipelined. Pipelining DSP48 input will improve performance.
Related violations: <none>

DPIP-1#4 Warning
Input pipelining  
DSP broncho_video_i/v_proc_ss_1/inst/csc/inst/v_csc_core_U0/grp_v_csc_core_Pipeline_VITIS_LOOP_136_2_fu_208/mac_muladd_16s_8ns_22s_25_4_1_U142/bd_4177_csc_0_mac_muladd_16s_8ns_22s_25_4_1_DSP48_0_U/p_reg_reg input broncho_video_i/v_proc_ss_1/inst/csc/inst/v_csc_core_U0/grp_v_csc_core_Pipeline_VITIS_LOOP_136_2_fu_208/mac_muladd_16s_8ns_22s_25_4_1_U142/bd_4177_csc_0_mac_muladd_16s_8ns_22s_25_4_1_DSP48_0_U/p_reg_reg/C[47:0] is not pipelined. Pipelining DSP48 input will improve performance.
Related violations: <none>

DPIP-1#5 Warning
Input pipelining  
DSP broncho_video_i/v_proc_ss_1/inst/csc/inst/v_csc_core_U0/grp_v_csc_core_Pipeline_VITIS_LOOP_136_2_fu_208/mac_muladd_16s_8ns_22s_25_4_1_U143/bd_4177_csc_0_mac_muladd_16s_8ns_22s_25_4_1_DSP48_0_U/p_reg_reg input broncho_video_i/v_proc_ss_1/inst/csc/inst/v_csc_core_U0/grp_v_csc_core_Pipeline_VITIS_LOOP_136_2_fu_208/mac_muladd_16s_8ns_22s_25_4_1_U143/bd_4177_csc_0_mac_muladd_16s_8ns_22s_25_4_1_DSP48_0_U/p_reg_reg/C[47:0] is not pipelined. Pipelining DSP48 input will improve performance.
Related violations: <none>

DPOP-1#1 Warning
PREG Output pipelining  
DSP broncho_video_i/clahe_ip_0/inst/u_clahe_ip_dut_inst/u_clahe_ip_src_CLAHE/u_CLAHEHDLAlgorithm/u_bilinearInterpolation/u_equation/Gain4_mul_temp output broncho_video_i/clahe_ip_0/inst/u_clahe_ip_dut_inst/u_clahe_ip_src_CLAHE/u_CLAHEHDLAlgorithm/u_bilinearInterpolation/u_equation/Gain4_mul_temp/P[47:0] is not pipelined (PREG=0). Pipelining the DSP48 output will improve performance and often saves power so it is suggested whenever possible to fully pipeline this function.  If this DSP48 function was inferred, it is suggested to describe an additional register stage after this function.  If the DSP48 was instantiated in the design, it is suggested to set the PREG attribute to 1.
Related violations: <none>

DPOP-1#2 Warning
PREG Output pipelining  
DSP broncho_video_i/clahe_ip_0/inst/u_clahe_ip_dut_inst/u_clahe_ip_src_CLAHE/u_CLAHEHDLAlgorithm/u_bilinearInterpolation/u_equation/Product6_mul_temp__0 output broncho_video_i/clahe_ip_0/inst/u_clahe_ip_dut_inst/u_clahe_ip_src_CLAHE/u_CLAHEHDLAlgorithm/u_bilinearInterpolation/u_equation/Product6_mul_temp__0/P[47:0] is not pipelined (PREG=0). Pipelining the DSP48 output will improve performance and often saves power so it is suggested whenever possible to fully pipeline this function.  If this DSP48 function was inferred, it is suggested to describe an additional register stage after this function.  If the DSP48 was instantiated in the design, it is suggested to set the PREG attribute to 1.
Related violations: <none>

DPOP-2#1 Warning
MREG Output pipelining  
DSP broncho_video_i/clahe_ip_0/inst/u_clahe_ip_dut_inst/u_clahe_ip_src_CLAHE/u_CLAHEHDLAlgorithm/u_bilinearInterpolation/u_equation/Gain4_mul_temp multiplier stage broncho_video_i/clahe_ip_0/inst/u_clahe_ip_dut_inst/u_clahe_ip_src_CLAHE/u_CLAHEHDLAlgorithm/u_bilinearInterpolation/u_equation/Gain4_mul_temp/P[47:0] is not pipelined (MREG=0). Pipelining the multiplier function will improve performance and will save significant power so it is suggested whenever possible to fully pipeline this function.  If this multiplier was inferred, it is suggested to describe an additional register stage after this function.  If there is no registered adder/accumulator following the multiply function, two pipeline stages are suggested to allow both the MREG and PREG registers to be used.  If the DSP48 was instantiated in the design, it is suggested to set both the MREG and PREG attributes to 1 when performing multiply functions.
Related violations: <none>

DPOP-2#2 Warning
MREG Output pipelining  
DSP broncho_video_i/clahe_ip_0/inst/u_clahe_ip_dut_inst/u_clahe_ip_src_CLAHE/u_CLAHEHDLAlgorithm/u_bilinearInterpolation/u_equation/Product6_mul_temp__0 multiplier stage broncho_video_i/clahe_ip_0/inst/u_clahe_ip_dut_inst/u_clahe_ip_src_CLAHE/u_CLAHEHDLAlgorithm/u_bilinearInterpolation/u_equation/Product6_mul_temp__0/P[47:0] is not pipelined (MREG=0). Pipelining the multiplier function will improve performance and will save significant power so it is suggested whenever possible to fully pipeline this function.  If this multiplier was inferred, it is suggested to describe an additional register stage after this function.  If there is no registered adder/accumulator following the multiply function, two pipeline stages are suggested to allow both the MREG and PREG registers to be used.  If the DSP48 was instantiated in the design, it is suggested to set both the MREG and PREG attributes to 1 when performing multiply functions.
Related violations: <none>

DPOP-2#3 Warning
MREG Output pipelining  
DSP broncho_video_i/v_demosaic_0/inst/Debayer_U0/DebayerG_U0/grp_DebayerG_Pipeline_VITIS_LOOP_318_4_fu_202/mul_18s_8ns_18_2_1_U56/buff0_reg multiplier stage broncho_video_i/v_demosaic_0/inst/Debayer_U0/DebayerG_U0/grp_DebayerG_Pipeline_VITIS_LOOP_318_4_fu_202/mul_18s_8ns_18_2_1_U56/buff0_reg/P[47:0] is not pipelined (MREG=0). Pipelining the multiplier function will improve performance and will save significant power so it is suggested whenever possible to fully pipeline this function.  If this multiplier was inferred, it is suggested to describe an additional register stage after this function.  If there is no registered adder/accumulator following the multiply function, two pipeline stages are suggested to allow both the MREG and PREG registers to be used.  If the DSP48 was instantiated in the design, it is suggested to set both the MREG and PREG attributes to 1 when performing multiply functions.
Related violations: <none>

DPOP-2#4 Warning
MREG Output pipelining  
DSP broncho_video_i/v_demosaic_0/inst/Debayer_U0/DebayerG_U0/grp_DebayerG_Pipeline_VITIS_LOOP_318_4_fu_202/mul_18s_8ns_18_2_1_U57/buff0_reg multiplier stage broncho_video_i/v_demosaic_0/inst/Debayer_U0/DebayerG_U0/grp_DebayerG_Pipeline_VITIS_LOOP_318_4_fu_202/mul_18s_8ns_18_2_1_U57/buff0_reg/P[47:0] is not pipelined (MREG=0). Pipelining the multiplier function will improve performance and will save significant power so it is suggested whenever possible to fully pipeline this function.  If this multiplier was inferred, it is suggested to describe an additional register stage after this function.  If there is no registered adder/accumulator following the multiply function, two pipeline stages are suggested to allow both the MREG and PREG registers to be used.  If the DSP48 was instantiated in the design, it is suggested to set both the MREG and PREG attributes to 1 when performing multiply functions.
Related violations: <none>

DPOP-2#5 Warning
MREG Output pipelining  
DSP broncho_video_i/v_demosaic_0/inst/Debayer_U0/DebayerG_U0/grp_DebayerG_Pipeline_VITIS_LOOP_318_4_fu_202/mul_18s_9ns_18_2_1_U55/buff0_reg multiplier stage broncho_video_i/v_demosaic_0/inst/Debayer_U0/DebayerG_U0/grp_DebayerG_Pipeline_VITIS_LOOP_318_4_fu_202/mul_18s_9ns_18_2_1_U55/buff0_reg/P[47:0] is not pipelined (MREG=0). Pipelining the multiplier function will improve performance and will save significant power so it is suggested whenever possible to fully pipeline this function.  If this multiplier was inferred, it is suggested to describe an additional register stage after this function.  If there is no registered adder/accumulator following the multiply function, two pipeline stages are suggested to allow both the MREG and PREG registers to be used.  If the DSP48 was instantiated in the design, it is suggested to set both the MREG and PREG attributes to 1 when performing multiply functions.
Related violations: <none>

DPOP-2#6 Warning
MREG Output pipelining  
DSP broncho_video_i/v_demosaic_0/inst/Debayer_U0/DebayerG_U0/grp_DebayerG_Pipeline_VITIS_LOOP_318_4_fu_202/mul_18s_9ns_18_2_1_U58/buff0_reg multiplier stage broncho_video_i/v_demosaic_0/inst/Debayer_U0/DebayerG_U0/grp_DebayerG_Pipeline_VITIS_LOOP_318_4_fu_202/mul_18s_9ns_18_2_1_U58/buff0_reg/P[47:0] is not pipelined (MREG=0). Pipelining the multiplier function will improve performance and will save significant power so it is suggested whenever possible to fully pipeline this function.  If this multiplier was inferred, it is suggested to describe an additional register stage after this function.  If there is no registered adder/accumulator following the multiply function, two pipeline stages are suggested to allow both the MREG and PREG registers to be used.  If the DSP48 was instantiated in the design, it is suggested to set both the MREG and PREG attributes to 1 when performing multiply functions.
Related violations: <none>

REQP-181#1 Advisory
writefirst  
Synchronous clocking is detected for BRAM (broncho_video_i/axi_vdma_0/U0/I_PRMRY_DATAMOVER/GEN_MM2S_FULL.I_MM2S_FULL_WRAPPER/GEN_INCLUDE_MM2S_SF.I_RD_SF/I_DATA_FIFO/BLK_MEM.I_SYNC_FIFOGEN_FIFO/xpm_fifo_instance.xpm_fifo_sync_inst/xpm_fifo_base_inst/gen_sdpram.xpm_memory_base_inst/gen_wr_a.gen_word_narrow.mem_reg) in SDP mode with WRITE_FIRST write-mode. This is the preferred mode for best power characteristics, however it may exhibit address collisions if the same address appears on both read and write ports resulting in unknown or corrupted read data. It is suggested to confirm via simulation that an address collision never occurs and if so it is suggested to try and avoid this situation. If address collisions cannot be avoided, the write-mode may be set to READ_FIRST which guarantees that the read data is the prior contents of the memory at the cost of additional power in the design. See the FPGA Memory Resources User Guide for additional information.
Related violations: <none>

REQP-181#2 Advisory
writefirst  
Synchronous clocking is detected for BRAM (broncho_video_i/axi_vdma_0/U0/I_PRMRY_DATAMOVER/GEN_S2MM_FULL.I_S2MM_FULL_WRAPPER/GEN_ENABLE_INDET_BTT_SF.I_INDET_BTT/I_DATA_FIFO/BLK_MEM.I_SYNC_FIFOGEN_FIFO/xpm_fifo_instance.xpm_fifo_sync_inst/xpm_fifo_base_inst/gen_sdpram.xpm_memory_base_inst/gen_wr_a.gen_word_narrow.mem_reg) in SDP mode with WRITE_FIRST write-mode. This is the preferred mode for best power characteristics, however it may exhibit address collisions if the same address appears on both read and write ports resulting in unknown or corrupted read data. It is suggested to confirm via simulation that an address collision never occurs and if so it is suggested to try and avoid this situation. If address collisions cannot be avoided, the write-mode may be set to READ_FIRST which guarantees that the read data is the prior contents of the memory at the cost of additional power in the design. See the FPGA Memory Resources User Guide for additional information.
Related violations: <none>


