
*** Running vivado
    with args -log video_pipe_hw_axis_subset_converter_0_1.vds -m64 -product Vivado -mode batch -messageDb vivado.pb -notrace -source video_pipe_hw_axis_subset_converter_0_1.tcl


****** Vivado v2025.2 (64-bit)
  **** SW Build 6299465 on Fri Nov 14 12:34:56 MST 2025
  **** IP Build 6300035 on Fri Nov 14 10:48:45 MST 2025
  **** SharedData Build 6298862 on Thu Nov 13 04:50:51 MST 2025
  **** Start of session at: Sat Sep 26 16:23:41 2026
    ** Copyright 1986-2022 Xilinx, Inc. All Rights Reserved.
    ** Copyright 2022-2025 Advanced Micro Devices, Inc. All Rights Reserved.

source video_pipe_hw_axis_subset_converter_0_1.tcl -notrace
create_project: Time (s): cpu = 00:00:57 ; elapsed = 00:00:25 . Memory (MB): peak = 1884.086 ; gain = 403.059 ; free physical = 18393 ; free virtual = 29858
INFO: [IP_Flow 19-234] Refreshing IP repositories
INFO: [IP_Flow 19-1700] Loaded user IP repository '/home/alen/git/vivado-library/ip'.
INFO: [IP_Flow 19-2313] Loaded Vivado IP repository '/home/alen/AMD-Xilinx/2025.2/data/ip'.
Command: synth_design -top video_pipe_hw_axis_subset_converter_0_1 -part xck26-sfvc784-2LV-c -incremental_mode off -mode out_of_context
Starting synth_design
Attempting to get a license for feature 'Synthesis' and/or device 'xck26'
INFO: [Common 17-349] Got license for feature 'Synthesis' and/or device 'xck26'
INFO: [Device 21-403] Loading part xck26-sfvc784-2LV-c
INFO: [Synth 8-7079] Multithreading enabled for synth_design using a maximum of 7 processes.
INFO: [Synth 8-7078] Launching helper process for spawning children vivado processes
INFO: [Synth 8-7075] Helper process launched with PID 13981
---------------------------------------------------------------------------------
Starting RTL Elaboration : Time (s): cpu = 00:00:07 ; elapsed = 00:00:07 . Memory (MB): peak = 3608.383 ; gain = 142.688 ; free physical = 8233 ; free virtual = 19736
---------------------------------------------------------------------------------
INFO: [Synth 8-6157] synthesizing module 'video_pipe_hw_axis_subset_converter_0_1' [/home/alen/git/AMD-FPGA-Practice/kv260-imx219-video/hw/video-pipe-hw-v3/video_pipe_hw.gen/sources_1/bd/video_pipe_hw/ip/video_pipe_hw_axis_subset_converter_0_1/synth/video_pipe_hw_axis_subset_converter_0_1.v:53]
INFO: [Synth 8-6157] synthesizing module 'top_video_pipe_hw_axis_subset_converter_0_1' [/home/alen/git/AMD-FPGA-Practice/kv260-imx219-video/hw/video-pipe-hw-v3/video_pipe_hw.gen/sources_1/bd/video_pipe_hw/ip/video_pipe_hw_axis_subset_converter_0_1/hdl/top_video_pipe_hw_axis_subset_converter_0_1.v:60]
INFO: [Synth 8-6157] synthesizing module 'axis_subset_converter_v1_1_36_core' [/home/alen/git/AMD-FPGA-Practice/kv260-imx219-video/hw/video-pipe-hw-v3/video_pipe_hw.gen/sources_1/bd/video_pipe_hw/ipshared/5e96/hdl/axis_subset_converter_v1_1_vl_rfs.v:61]
INFO: [Synth 8-6155] done synthesizing module 'axis_subset_converter_v1_1_36_core' (0#1) [/home/alen/git/AMD-FPGA-Practice/kv260-imx219-video/hw/video-pipe-hw-v3/video_pipe_hw.gen/sources_1/bd/video_pipe_hw/ipshared/5e96/hdl/axis_subset_converter_v1_1_vl_rfs.v:61]
INFO: [Synth 8-6157] synthesizing module 'tdata_video_pipe_hw_axis_subset_converter_0_1' [/home/alen/git/AMD-FPGA-Practice/kv260-imx219-video/hw/video-pipe-hw-v3/video_pipe_hw.gen/sources_1/bd/video_pipe_hw/ip/video_pipe_hw_axis_subset_converter_0_1/hdl/tdata_video_pipe_hw_axis_subset_converter_0_1.v:48]
INFO: [Synth 8-6155] done synthesizing module 'tdata_video_pipe_hw_axis_subset_converter_0_1' (0#1) [/home/alen/git/AMD-FPGA-Practice/kv260-imx219-video/hw/video-pipe-hw-v3/video_pipe_hw.gen/sources_1/bd/video_pipe_hw/ip/video_pipe_hw_axis_subset_converter_0_1/hdl/tdata_video_pipe_hw_axis_subset_converter_0_1.v:48]
INFO: [Synth 8-6157] synthesizing module 'tuser_video_pipe_hw_axis_subset_converter_0_1' [/home/alen/git/AMD-FPGA-Practice/kv260-imx219-video/hw/video-pipe-hw-v3/video_pipe_hw.gen/sources_1/bd/video_pipe_hw/ip/video_pipe_hw_axis_subset_converter_0_1/hdl/tuser_video_pipe_hw_axis_subset_converter_0_1.v:48]
INFO: [Synth 8-6155] done synthesizing module 'tuser_video_pipe_hw_axis_subset_converter_0_1' (0#1) [/home/alen/git/AMD-FPGA-Practice/kv260-imx219-video/hw/video-pipe-hw-v3/video_pipe_hw.gen/sources_1/bd/video_pipe_hw/ip/video_pipe_hw_axis_subset_converter_0_1/hdl/tuser_video_pipe_hw_axis_subset_converter_0_1.v:48]
INFO: [Synth 8-6157] synthesizing module 'tid_video_pipe_hw_axis_subset_converter_0_1' [/home/alen/git/AMD-FPGA-Practice/kv260-imx219-video/hw/video-pipe-hw-v3/video_pipe_hw.gen/sources_1/bd/video_pipe_hw/ip/video_pipe_hw_axis_subset_converter_0_1/hdl/tid_video_pipe_hw_axis_subset_converter_0_1.v:48]
INFO: [Synth 8-6155] done synthesizing module 'tid_video_pipe_hw_axis_subset_converter_0_1' (0#1) [/home/alen/git/AMD-FPGA-Practice/kv260-imx219-video/hw/video-pipe-hw-v3/video_pipe_hw.gen/sources_1/bd/video_pipe_hw/ip/video_pipe_hw_axis_subset_converter_0_1/hdl/tid_video_pipe_hw_axis_subset_converter_0_1.v:48]
INFO: [Synth 8-6157] synthesizing module 'tdest_video_pipe_hw_axis_subset_converter_0_1' [/home/alen/git/AMD-FPGA-Practice/kv260-imx219-video/hw/video-pipe-hw-v3/video_pipe_hw.gen/sources_1/bd/video_pipe_hw/ip/video_pipe_hw_axis_subset_converter_0_1/hdl/tdest_video_pipe_hw_axis_subset_converter_0_1.v:48]
INFO: [Synth 8-6155] done synthesizing module 'tdest_video_pipe_hw_axis_subset_converter_0_1' (0#1) [/home/alen/git/AMD-FPGA-Practice/kv260-imx219-video/hw/video-pipe-hw-v3/video_pipe_hw.gen/sources_1/bd/video_pipe_hw/ip/video_pipe_hw_axis_subset_converter_0_1/hdl/tdest_video_pipe_hw_axis_subset_converter_0_1.v:48]
INFO: [Synth 8-6157] synthesizing module 'tstrb_video_pipe_hw_axis_subset_converter_0_1' [/home/alen/git/AMD-FPGA-Practice/kv260-imx219-video/hw/video-pipe-hw-v3/video_pipe_hw.gen/sources_1/bd/video_pipe_hw/ip/video_pipe_hw_axis_subset_converter_0_1/hdl/tstrb_video_pipe_hw_axis_subset_converter_0_1.v:48]
INFO: [Synth 8-6155] done synthesizing module 'tstrb_video_pipe_hw_axis_subset_converter_0_1' (0#1) [/home/alen/git/AMD-FPGA-Practice/kv260-imx219-video/hw/video-pipe-hw-v3/video_pipe_hw.gen/sources_1/bd/video_pipe_hw/ip/video_pipe_hw_axis_subset_converter_0_1/hdl/tstrb_video_pipe_hw_axis_subset_converter_0_1.v:48]
INFO: [Synth 8-6157] synthesizing module 'tkeep_video_pipe_hw_axis_subset_converter_0_1' [/home/alen/git/AMD-FPGA-Practice/kv260-imx219-video/hw/video-pipe-hw-v3/video_pipe_hw.gen/sources_1/bd/video_pipe_hw/ip/video_pipe_hw_axis_subset_converter_0_1/hdl/tkeep_video_pipe_hw_axis_subset_converter_0_1.v:48]
INFO: [Synth 8-6155] done synthesizing module 'tkeep_video_pipe_hw_axis_subset_converter_0_1' (0#1) [/home/alen/git/AMD-FPGA-Practice/kv260-imx219-video/hw/video-pipe-hw-v3/video_pipe_hw.gen/sources_1/bd/video_pipe_hw/ip/video_pipe_hw_axis_subset_converter_0_1/hdl/tkeep_video_pipe_hw_axis_subset_converter_0_1.v:48]
INFO: [Synth 8-6157] synthesizing module 'tlast_video_pipe_hw_axis_subset_converter_0_1' [/home/alen/git/AMD-FPGA-Practice/kv260-imx219-video/hw/video-pipe-hw-v3/video_pipe_hw.gen/sources_1/bd/video_pipe_hw/ip/video_pipe_hw_axis_subset_converter_0_1/hdl/tlast_video_pipe_hw_axis_subset_converter_0_1.v:48]
INFO: [Synth 8-6155] done synthesizing module 'tlast_video_pipe_hw_axis_subset_converter_0_1' (0#1) [/home/alen/git/AMD-FPGA-Practice/kv260-imx219-video/hw/video-pipe-hw-v3/video_pipe_hw.gen/sources_1/bd/video_pipe_hw/ip/video_pipe_hw_axis_subset_converter_0_1/hdl/tlast_video_pipe_hw_axis_subset_converter_0_1.v:48]
INFO: [Synth 8-6155] done synthesizing module 'top_video_pipe_hw_axis_subset_converter_0_1' (0#1) [/home/alen/git/AMD-FPGA-Practice/kv260-imx219-video/hw/video-pipe-hw-v3/video_pipe_hw.gen/sources_1/bd/video_pipe_hw/ip/video_pipe_hw_axis_subset_converter_0_1/hdl/top_video_pipe_hw_axis_subset_converter_0_1.v:60]
INFO: [Synth 8-6155] done synthesizing module 'video_pipe_hw_axis_subset_converter_0_1' (0#1) [/home/alen/git/AMD-FPGA-Practice/kv260-imx219-video/hw/video-pipe-hw-v3/video_pipe_hw.gen/sources_1/bd/video_pipe_hw/ip/video_pipe_hw_axis_subset_converter_0_1/synth/video_pipe_hw_axis_subset_converter_0_1.v:53]
INFO: [Synth 8-7129] Port tid[0] in module tlast_video_pipe_hw_axis_subset_converter_0_1 is either unconnected or has no load
INFO: [Synth 8-7129] Port tdata[31] in module tlast_video_pipe_hw_axis_subset_converter_0_1 is either unconnected or has no load
INFO: [Synth 8-7129] Port tdata[30] in module tlast_video_pipe_hw_axis_subset_converter_0_1 is either unconnected or has no load
INFO: [Synth 8-7129] Port tdata[29] in module tlast_video_pipe_hw_axis_subset_converter_0_1 is either unconnected or has no load
INFO: [Synth 8-7129] Port tdata[28] in module tlast_video_pipe_hw_axis_subset_converter_0_1 is either unconnected or has no load
INFO: [Synth 8-7129] Port tdata[27] in module tlast_video_pipe_hw_axis_subset_converter_0_1 is either unconnected or has no load
INFO: [Synth 8-7129] Port tdata[26] in module tlast_video_pipe_hw_axis_subset_converter_0_1 is either unconnected or has no load
INFO: [Synth 8-7129] Port tdata[25] in module tlast_video_pipe_hw_axis_subset_converter_0_1 is either unconnected or has no load
INFO: [Synth 8-7129] Port tdata[24] in module tlast_video_pipe_hw_axis_subset_converter_0_1 is either unconnected or has no load
INFO: [Synth 8-7129] Port tdata[23] in module tlast_video_pipe_hw_axis_subset_converter_0_1 is either unconnected or has no load
INFO: [Synth 8-7129] Port tdata[22] in module tlast_video_pipe_hw_axis_subset_converter_0_1 is either unconnected or has no load
INFO: [Synth 8-7129] Port tdata[21] in module tlast_video_pipe_hw_axis_subset_converter_0_1 is either unconnected or has no load
INFO: [Synth 8-7129] Port tdata[20] in module tlast_video_pipe_hw_axis_subset_converter_0_1 is either unconnected or has no load
INFO: [Synth 8-7129] Port tdata[19] in module tlast_video_pipe_hw_axis_subset_converter_0_1 is either unconnected or has no load
INFO: [Synth 8-7129] Port tdata[18] in module tlast_video_pipe_hw_axis_subset_converter_0_1 is either unconnected or has no load
INFO: [Synth 8-7129] Port tdata[17] in module tlast_video_pipe_hw_axis_subset_converter_0_1 is either unconnected or has no load
INFO: [Synth 8-7129] Port tdata[16] in module tlast_video_pipe_hw_axis_subset_converter_0_1 is either unconnected or has no load
INFO: [Synth 8-7129] Port tdata[15] in module tlast_video_pipe_hw_axis_subset_converter_0_1 is either unconnected or has no load
INFO: [Synth 8-7129] Port tdata[14] in module tlast_video_pipe_hw_axis_subset_converter_0_1 is either unconnected or has no load
INFO: [Synth 8-7129] Port tdata[13] in module tlast_video_pipe_hw_axis_subset_converter_0_1 is either unconnected or has no load
INFO: [Synth 8-7129] Port tdata[12] in module tlast_video_pipe_hw_axis_subset_converter_0_1 is either unconnected or has no load
INFO: [Synth 8-7129] Port tdata[11] in module tlast_video_pipe_hw_axis_subset_converter_0_1 is either unconnected or has no load
INFO: [Synth 8-7129] Port tdata[10] in module tlast_video_pipe_hw_axis_subset_converter_0_1 is either unconnected or has no load
INFO: [Synth 8-7129] Port tdata[9] in module tlast_video_pipe_hw_axis_subset_converter_0_1 is either unconnected or has no load
INFO: [Synth 8-7129] Port tdata[8] in module tlast_video_pipe_hw_axis_subset_converter_0_1 is either unconnected or has no load
INFO: [Synth 8-7129] Port tdata[7] in module tlast_video_pipe_hw_axis_subset_converter_0_1 is either unconnected or has no load
INFO: [Synth 8-7129] Port tdata[6] in module tlast_video_pipe_hw_axis_subset_converter_0_1 is either unconnected or has no load
INFO: [Synth 8-7129] Port tdata[5] in module tlast_video_pipe_hw_axis_subset_converter_0_1 is either unconnected or has no load
INFO: [Synth 8-7129] Port tdata[4] in module tlast_video_pipe_hw_axis_subset_converter_0_1 is either unconnected or has no load
INFO: [Synth 8-7129] Port tdata[3] in module tlast_video_pipe_hw_axis_subset_converter_0_1 is either unconnected or has no load
INFO: [Synth 8-7129] Port tdata[2] in module tlast_video_pipe_hw_axis_subset_converter_0_1 is either unconnected or has no load
INFO: [Synth 8-7129] Port tdata[1] in module tlast_video_pipe_hw_axis_subset_converter_0_1 is either unconnected or has no load
INFO: [Synth 8-7129] Port tdata[0] in module tlast_video_pipe_hw_axis_subset_converter_0_1 is either unconnected or has no load
INFO: [Synth 8-7129] Port tuser[1] in module tlast_video_pipe_hw_axis_subset_converter_0_1 is either unconnected or has no load
INFO: [Synth 8-7129] Port tuser[0] in module tlast_video_pipe_hw_axis_subset_converter_0_1 is either unconnected or has no load
INFO: [Synth 8-7129] Port tdest[0] in module tlast_video_pipe_hw_axis_subset_converter_0_1 is either unconnected or has no load
INFO: [Synth 8-7129] Port tkeep[3] in module tlast_video_pipe_hw_axis_subset_converter_0_1 is either unconnected or has no load
INFO: [Synth 8-7129] Port tkeep[2] in module tlast_video_pipe_hw_axis_subset_converter_0_1 is either unconnected or has no load
INFO: [Synth 8-7129] Port tkeep[1] in module tlast_video_pipe_hw_axis_subset_converter_0_1 is either unconnected or has no load
INFO: [Synth 8-7129] Port tkeep[0] in module tlast_video_pipe_hw_axis_subset_converter_0_1 is either unconnected or has no load
INFO: [Synth 8-7129] Port tstrb[3] in module tlast_video_pipe_hw_axis_subset_converter_0_1 is either unconnected or has no load
INFO: [Synth 8-7129] Port tstrb[2] in module tlast_video_pipe_hw_axis_subset_converter_0_1 is either unconnected or has no load
INFO: [Synth 8-7129] Port tstrb[1] in module tlast_video_pipe_hw_axis_subset_converter_0_1 is either unconnected or has no load
INFO: [Synth 8-7129] Port tstrb[0] in module tlast_video_pipe_hw_axis_subset_converter_0_1 is either unconnected or has no load
INFO: [Synth 8-7129] Port tdata[31] in module tkeep_video_pipe_hw_axis_subset_converter_0_1 is either unconnected or has no load
INFO: [Synth 8-7129] Port tdata[30] in module tkeep_video_pipe_hw_axis_subset_converter_0_1 is either unconnected or has no load
INFO: [Synth 8-7129] Port tdata[29] in module tkeep_video_pipe_hw_axis_subset_converter_0_1 is either unconnected or has no load
INFO: [Synth 8-7129] Port tdata[28] in module tkeep_video_pipe_hw_axis_subset_converter_0_1 is either unconnected or has no load
INFO: [Synth 8-7129] Port tdata[27] in module tkeep_video_pipe_hw_axis_subset_converter_0_1 is either unconnected or has no load
INFO: [Synth 8-7129] Port tdata[26] in module tkeep_video_pipe_hw_axis_subset_converter_0_1 is either unconnected or has no load
INFO: [Synth 8-7129] Port tdata[25] in module tkeep_video_pipe_hw_axis_subset_converter_0_1 is either unconnected or has no load
INFO: [Synth 8-7129] Port tdata[24] in module tkeep_video_pipe_hw_axis_subset_converter_0_1 is either unconnected or has no load
INFO: [Synth 8-7129] Port tdata[23] in module tkeep_video_pipe_hw_axis_subset_converter_0_1 is either unconnected or has no load
INFO: [Synth 8-7129] Port tdata[22] in module tkeep_video_pipe_hw_axis_subset_converter_0_1 is either unconnected or has no load
INFO: [Synth 8-7129] Port tdata[21] in module tkeep_video_pipe_hw_axis_subset_converter_0_1 is either unconnected or has no load
INFO: [Synth 8-7129] Port tdata[20] in module tkeep_video_pipe_hw_axis_subset_converter_0_1 is either unconnected or has no load
INFO: [Synth 8-7129] Port tdata[19] in module tkeep_video_pipe_hw_axis_subset_converter_0_1 is either unconnected or has no load
INFO: [Synth 8-7129] Port tdata[18] in module tkeep_video_pipe_hw_axis_subset_converter_0_1 is either unconnected or has no load
INFO: [Synth 8-7129] Port tdata[17] in module tkeep_video_pipe_hw_axis_subset_converter_0_1 is either unconnected or has no load
INFO: [Synth 8-7129] Port tdata[16] in module tkeep_video_pipe_hw_axis_subset_converter_0_1 is either unconnected or has no load
INFO: [Synth 8-7129] Port tdata[15] in module tkeep_video_pipe_hw_axis_subset_converter_0_1 is either unconnected or has no load
INFO: [Synth 8-7129] Port tdata[14] in module tkeep_video_pipe_hw_axis_subset_converter_0_1 is either unconnected or has no load
INFO: [Synth 8-7129] Port tdata[13] in module tkeep_video_pipe_hw_axis_subset_converter_0_1 is either unconnected or has no load
INFO: [Synth 8-7129] Port tdata[12] in module tkeep_video_pipe_hw_axis_subset_converter_0_1 is either unconnected or has no load
INFO: [Synth 8-7129] Port tdata[11] in module tkeep_video_pipe_hw_axis_subset_converter_0_1 is either unconnected or has no load
INFO: [Synth 8-7129] Port tdata[10] in module tkeep_video_pipe_hw_axis_subset_converter_0_1 is either unconnected or has no load
INFO: [Synth 8-7129] Port tdata[9] in module tkeep_video_pipe_hw_axis_subset_converter_0_1 is either unconnected or has no load
INFO: [Synth 8-7129] Port tdata[8] in module tkeep_video_pipe_hw_axis_subset_converter_0_1 is either unconnected or has no load
INFO: [Synth 8-7129] Port tdata[7] in module tkeep_video_pipe_hw_axis_subset_converter_0_1 is either unconnected or has no load
INFO: [Synth 8-7129] Port tdata[6] in module tkeep_video_pipe_hw_axis_subset_converter_0_1 is either unconnected or has no load
INFO: [Synth 8-7129] Port tdata[5] in module tkeep_video_pipe_hw_axis_subset_converter_0_1 is either unconnected or has no load
INFO: [Synth 8-7129] Port tdata[4] in module tkeep_video_pipe_hw_axis_subset_converter_0_1 is either unconnected or has no load
INFO: [Synth 8-7129] Port tdata[3] in module tkeep_video_pipe_hw_axis_subset_converter_0_1 is either unconnected or has no load
INFO: [Synth 8-7129] Port tdata[2] in module tkeep_video_pipe_hw_axis_subset_converter_0_1 is either unconnected or has no load
INFO: [Synth 8-7129] Port tdata[1] in module tkeep_video_pipe_hw_axis_subset_converter_0_1 is either unconnected or has no load
INFO: [Synth 8-7129] Port tdata[0] in module tkeep_video_pipe_hw_axis_subset_converter_0_1 is either unconnected or has no load
INFO: [Synth 8-7129] Port tuser[1] in module tkeep_video_pipe_hw_axis_subset_converter_0_1 is either unconnected or has no load
INFO: [Synth 8-7129] Port tuser[0] in module tkeep_video_pipe_hw_axis_subset_converter_0_1 is either unconnected or has no load
INFO: [Synth 8-7129] Port tid[0] in module tkeep_video_pipe_hw_axis_subset_converter_0_1 is either unconnected or has no load
INFO: [Synth 8-7129] Port tdest[0] in module tkeep_video_pipe_hw_axis_subset_converter_0_1 is either unconnected or has no load
INFO: [Synth 8-7129] Port tstrb[3] in module tkeep_video_pipe_hw_axis_subset_converter_0_1 is either unconnected or has no load
INFO: [Synth 8-7129] Port tstrb[2] in module tkeep_video_pipe_hw_axis_subset_converter_0_1 is either unconnected or has no load
INFO: [Synth 8-7129] Port tstrb[1] in module tkeep_video_pipe_hw_axis_subset_converter_0_1 is either unconnected or has no load
INFO: [Synth 8-7129] Port tstrb[0] in module tkeep_video_pipe_hw_axis_subset_converter_0_1 is either unconnected or has no load
INFO: [Synth 8-7129] Port tlast in module tkeep_video_pipe_hw_axis_subset_converter_0_1 is either unconnected or has no load
INFO: [Synth 8-7129] Port tdata[31] in module tstrb_video_pipe_hw_axis_subset_converter_0_1 is either unconnected or has no load
INFO: [Synth 8-7129] Port tdata[30] in module tstrb_video_pipe_hw_axis_subset_converter_0_1 is either unconnected or has no load
INFO: [Synth 8-7129] Port tdata[29] in module tstrb_video_pipe_hw_axis_subset_converter_0_1 is either unconnected or has no load
INFO: [Synth 8-7129] Port tdata[28] in module tstrb_video_pipe_hw_axis_subset_converter_0_1 is either unconnected or has no load
INFO: [Synth 8-7129] Port tdata[27] in module tstrb_video_pipe_hw_axis_subset_converter_0_1 is either unconnected or has no load
INFO: [Synth 8-7129] Port tdata[26] in module tstrb_video_pipe_hw_axis_subset_converter_0_1 is either unconnected or has no load
INFO: [Synth 8-7129] Port tdata[25] in module tstrb_video_pipe_hw_axis_subset_converter_0_1 is either unconnected or has no load
INFO: [Synth 8-7129] Port tdata[24] in module tstrb_video_pipe_hw_axis_subset_converter_0_1 is either unconnected or has no load
INFO: [Synth 8-7129] Port tdata[23] in module tstrb_video_pipe_hw_axis_subset_converter_0_1 is either unconnected or has no load
INFO: [Synth 8-7129] Port tdata[22] in module tstrb_video_pipe_hw_axis_subset_converter_0_1 is either unconnected or has no load
INFO: [Synth 8-7129] Port tdata[21] in module tstrb_video_pipe_hw_axis_subset_converter_0_1 is either unconnected or has no load
INFO: [Synth 8-7129] Port tdata[20] in module tstrb_video_pipe_hw_axis_subset_converter_0_1 is either unconnected or has no load
INFO: [Synth 8-7129] Port tdata[19] in module tstrb_video_pipe_hw_axis_subset_converter_0_1 is either unconnected or has no load
INFO: [Synth 8-7129] Port tdata[18] in module tstrb_video_pipe_hw_axis_subset_converter_0_1 is either unconnected or has no load
INFO: [Synth 8-7129] Port tdata[17] in module tstrb_video_pipe_hw_axis_subset_converter_0_1 is either unconnected or has no load
INFO: [Common 17-14] Message 'Synth 8-7129' appears 100 times and further instances of the messages will be disabled. Use the Tcl command set_msg_config to change the current settings.
---------------------------------------------------------------------------------
Finished RTL Elaboration : Time (s): cpu = 00:00:09 ; elapsed = 00:00:09 . Memory (MB): peak = 3709.352 ; gain = 243.656 ; free physical = 7869 ; free virtual = 19381
---------------------------------------------------------------------------------
---------------------------------------------------------------------------------
Start Handling Custom Attributes
---------------------------------------------------------------------------------
---------------------------------------------------------------------------------
Finished Handling Custom Attributes : Time (s): cpu = 00:00:09 ; elapsed = 00:00:09 . Memory (MB): peak = 3709.352 ; gain = 243.656 ; free physical = 7869 ; free virtual = 19381
---------------------------------------------------------------------------------
---------------------------------------------------------------------------------
Finished RTL Optimization Phase 1 : Time (s): cpu = 00:00:09 ; elapsed = 00:00:09 . Memory (MB): peak = 3709.352 ; gain = 243.656 ; free physical = 7869 ; free virtual = 19381
---------------------------------------------------------------------------------
Netlist sorting complete. Time (s): cpu = 00:00:00 ; elapsed = 00:00:00 . Memory (MB): peak = 3709.352 ; gain = 0.000 ; free physical = 7869 ; free virtual = 19381
INFO: [Project 1-570] Preparing netlist for logic optimization

Processing XDC Constraints
Initializing timing engine
Parsing XDC File [/home/alen/git/AMD-FPGA-Practice/kv260-imx219-video/hw/video-pipe-hw-v3/video_pipe_hw.gen/sources_1/bd/video_pipe_hw/ip/video_pipe_hw_axis_subset_converter_0_1/video_pipe_hw_axis_subset_converter_0_1_ooc.xdc] for cell 'inst'
create_clock: Time (s): cpu = 00:00:07 ; elapsed = 00:00:07 . Memory (MB): peak = 3749.371 ; gain = 0.000 ; free physical = 7533 ; free virtual = 19059
Finished Parsing XDC File [/home/alen/git/AMD-FPGA-Practice/kv260-imx219-video/hw/video-pipe-hw-v3/video_pipe_hw.gen/sources_1/bd/video_pipe_hw/ip/video_pipe_hw_axis_subset_converter_0_1/video_pipe_hw_axis_subset_converter_0_1_ooc.xdc] for cell 'inst'
Parsing XDC File [/home/alen/git/AMD-FPGA-Practice/kv260-imx219-video/hw/video-pipe-hw-v3/video_pipe_hw.runs/video_pipe_hw_axis_subset_converter_0_1_synth_1/dont_touch.xdc]
Finished Parsing XDC File [/home/alen/git/AMD-FPGA-Practice/kv260-imx219-video/hw/video-pipe-hw-v3/video_pipe_hw.runs/video_pipe_hw_axis_subset_converter_0_1_synth_1/dont_touch.xdc]
Completed Processing XDC Constraints

Netlist sorting complete. Time (s): cpu = 00:00:00 ; elapsed = 00:00:00 . Memory (MB): peak = 3749.371 ; gain = 0.000 ; free physical = 7533 ; free virtual = 19059
INFO: [Project 1-111] Unisim Transformation Summary:
No Unisim elements were transformed.

Constraint Validation Runtime : Time (s): cpu = 00:00:00.02 ; elapsed = 00:00:00.01 . Memory (MB): peak = 3749.406 ; gain = 0.000 ; free physical = 7533 ; free virtual = 19062
INFO: [Designutils 20-5008] Incremental synthesis strategy off
---------------------------------------------------------------------------------
Finished Constraint Validation : Time (s): cpu = 00:00:23 ; elapsed = 00:00:24 . Memory (MB): peak = 3749.406 ; gain = 283.711 ; free physical = 7595 ; free virtual = 19128
---------------------------------------------------------------------------------
---------------------------------------------------------------------------------
Start Loading Part and Timing Information
---------------------------------------------------------------------------------
Loading part: xck26-sfvc784-2LV-c
INFO: [Synth 8-6742] Reading net delay rules and data
---------------------------------------------------------------------------------
Finished Loading Part and Timing Information : Time (s): cpu = 00:00:23 ; elapsed = 00:00:24 . Memory (MB): peak = 3757.375 ; gain = 291.680 ; free physical = 7595 ; free virtual = 19128
---------------------------------------------------------------------------------
---------------------------------------------------------------------------------
Start Applying 'set_property' XDC Constraints
---------------------------------------------------------------------------------
---------------------------------------------------------------------------------
Finished applying 'set_property' XDC Constraints : Time (s): cpu = 00:00:23 ; elapsed = 00:00:24 . Memory (MB): peak = 3757.375 ; gain = 291.680 ; free physical = 7595 ; free virtual = 19128
---------------------------------------------------------------------------------
---------------------------------------------------------------------------------
Finished RTL Optimization Phase 2 : Time (s): cpu = 00:00:23 ; elapsed = 00:00:24 . Memory (MB): peak = 3757.375 ; gain = 291.680 ; free physical = 7596 ; free virtual = 19129
---------------------------------------------------------------------------------
---------------------------------------------------------------------------------
Start RTL Component Statistics 
---------------------------------------------------------------------------------
Detailed RTL Component Info : 
---------------------------------------------------------------------------------
Finished RTL Component Statistics 
---------------------------------------------------------------------------------
---------------------------------------------------------------------------------
Start Part Resource Summary
---------------------------------------------------------------------------------
Part Resources:
DSPs: 1248 (col length:96)
BRAMs: 288 (col length: RAMB18 96 RAMB36 48)
---------------------------------------------------------------------------------
Finished Part Resource Summary
---------------------------------------------------------------------------------
---------------------------------------------------------------------------------
Start Cross Boundary and Area Optimization
---------------------------------------------------------------------------------
---------------------------------------------------------------------------------
Finished Cross Boundary and Area Optimization : Time (s): cpu = 00:00:25 ; elapsed = 00:00:26 . Memory (MB): peak = 3757.375 ; gain = 291.680 ; free physical = 7616 ; free virtual = 19150
---------------------------------------------------------------------------------
---------------------------------------------------------------------------------
Start Applying XDC Timing Constraints
---------------------------------------------------------------------------------
---------------------------------------------------------------------------------
Finished Applying XDC Timing Constraints : Time (s): cpu = 00:00:34 ; elapsed = 00:00:34 . Memory (MB): peak = 4403.930 ; gain = 938.234 ; free physical = 5718 ; free virtual = 17308
---------------------------------------------------------------------------------
---------------------------------------------------------------------------------
Start Timing Optimization
---------------------------------------------------------------------------------
---------------------------------------------------------------------------------
Finished Timing Optimization : Time (s): cpu = 00:00:34 ; elapsed = 00:00:34 . Memory (MB): peak = 4403.930 ; gain = 938.234 ; free physical = 5718 ; free virtual = 17308
---------------------------------------------------------------------------------
---------------------------------------------------------------------------------
Start Technology Mapping
---------------------------------------------------------------------------------
---------------------------------------------------------------------------------
Finished Technology Mapping : Time (s): cpu = 00:00:34 ; elapsed = 00:00:34 . Memory (MB): peak = 4413.945 ; gain = 948.250 ; free physical = 5710 ; free virtual = 17300
---------------------------------------------------------------------------------
---------------------------------------------------------------------------------
Start IO Insertion
---------------------------------------------------------------------------------
---------------------------------------------------------------------------------
Start Flattening Before IO Insertion
---------------------------------------------------------------------------------
---------------------------------------------------------------------------------
Finished Flattening Before IO Insertion
---------------------------------------------------------------------------------
---------------------------------------------------------------------------------
Start Final Netlist Cleanup
---------------------------------------------------------------------------------
---------------------------------------------------------------------------------
Finished Final Netlist Cleanup
---------------------------------------------------------------------------------
---------------------------------------------------------------------------------
Finished IO Insertion : Time (s): cpu = 00:00:39 ; elapsed = 00:00:40 . Memory (MB): peak = 4600.758 ; gain = 1135.062 ; free physical = 5082 ; free virtual = 16675
---------------------------------------------------------------------------------
---------------------------------------------------------------------------------
Start Renaming Generated Instances
---------------------------------------------------------------------------------
---------------------------------------------------------------------------------
Finished Renaming Generated Instances : Time (s): cpu = 00:00:39 ; elapsed = 00:00:40 . Memory (MB): peak = 4600.758 ; gain = 1135.062 ; free physical = 5082 ; free virtual = 16675
---------------------------------------------------------------------------------
---------------------------------------------------------------------------------
Start Rebuilding User Hierarchy
---------------------------------------------------------------------------------
---------------------------------------------------------------------------------
Finished Rebuilding User Hierarchy : Time (s): cpu = 00:00:39 ; elapsed = 00:00:40 . Memory (MB): peak = 4600.758 ; gain = 1135.062 ; free physical = 5082 ; free virtual = 16675
---------------------------------------------------------------------------------
---------------------------------------------------------------------------------
Start Renaming Generated Ports
---------------------------------------------------------------------------------
---------------------------------------------------------------------------------
Finished Renaming Generated Ports : Time (s): cpu = 00:00:39 ; elapsed = 00:00:40 . Memory (MB): peak = 4600.758 ; gain = 1135.062 ; free physical = 5082 ; free virtual = 16675
---------------------------------------------------------------------------------
---------------------------------------------------------------------------------
Start Handling Custom Attributes
---------------------------------------------------------------------------------
---------------------------------------------------------------------------------
Finished Handling Custom Attributes : Time (s): cpu = 00:00:39 ; elapsed = 00:00:40 . Memory (MB): peak = 4600.758 ; gain = 1135.062 ; free physical = 5082 ; free virtual = 16675
---------------------------------------------------------------------------------
---------------------------------------------------------------------------------
Start Renaming Generated Nets
---------------------------------------------------------------------------------
---------------------------------------------------------------------------------
Finished Renaming Generated Nets : Time (s): cpu = 00:00:39 ; elapsed = 00:00:40 . Memory (MB): peak = 4600.758 ; gain = 1135.062 ; free physical = 5082 ; free virtual = 16675
---------------------------------------------------------------------------------
---------------------------------------------------------------------------------
Start Writing Synthesis Report
---------------------------------------------------------------------------------

Report BlackBoxes: 
+-+--------------+----------+
| |BlackBox name |Instances |
+-+--------------+----------+
+-+--------------+----------+

Report Cell Usage: 
+-+-----+------+
| |Cell |Count |
+-+-----+------+
+-+-----+------+
---------------------------------------------------------------------------------
Finished Writing Synthesis Report : Time (s): cpu = 00:00:39 ; elapsed = 00:00:40 . Memory (MB): peak = 4600.758 ; gain = 1135.062 ; free physical = 5082 ; free virtual = 16675
---------------------------------------------------------------------------------
Synthesis finished with 0 errors, 0 critical warnings and 0 warnings.
Synthesis Optimization Runtime : Time (s): cpu = 00:00:31 ; elapsed = 00:00:32 . Memory (MB): peak = 4600.758 ; gain = 1095.008 ; free physical = 5074 ; free virtual = 16667
Synthesis Optimization Complete : Time (s): cpu = 00:00:39 ; elapsed = 00:00:40 . Memory (MB): peak = 4600.758 ; gain = 1135.062 ; free physical = 5074 ; free virtual = 16667
INFO: [Project 1-571] Translating synthesized netlist
Netlist sorting complete. Time (s): cpu = 00:00:00.01 ; elapsed = 00:00:00 . Memory (MB): peak = 4600.758 ; gain = 0.000 ; free physical = 5074 ; free virtual = 16668
INFO: [Project 1-570] Preparing netlist for logic optimization
INFO: [Opt 31-138] Pushed 0 inverter(s) to 0 load pin(s).
Netlist sorting complete. Time (s): cpu = 00:00:00 ; elapsed = 00:00:00 . Memory (MB): peak = 4600.758 ; gain = 0.000 ; free physical = 5397 ; free virtual = 16993
INFO: [Project 1-111] Unisim Transformation Summary:
No Unisim elements were transformed.

Synth Design complete | Checksum: 13d94f26
INFO: [Common 17-83] Releasing license: Synthesis
138 Infos, 0 Warnings, 0 Critical Warnings and 0 Errors encountered.
synth_design completed successfully
synth_design: Time (s): cpu = 00:00:52 ; elapsed = 00:00:49 . Memory (MB): peak = 4600.758 ; gain = 2132.492 ; free physical = 5396 ; free virtual = 16992
INFO: [Common 17-2834] synth_design peak Physical Memory [PSS] (MB): overall = 3446.338; main = 3446.338; forked = 198.312
INFO: [Common 17-2834] synth_design peak Virtual Memory [VSS] (MB): overall = 5129.828; main = 4527.074; forked = 994.230
INFO: [Common 17-1381] The checkpoint '/home/alen/git/AMD-FPGA-Practice/kv260-imx219-video/hw/video-pipe-hw-v3/video_pipe_hw.runs/video_pipe_hw_axis_subset_converter_0_1_synth_1/video_pipe_hw_axis_subset_converter_0_1.dcp' has been generated.
INFO: [Coretcl 2-1648] Added synthesis output to IP cache for IP video_pipe_hw_axis_subset_converter_0_1, cache-ID = 7d7db336dc5fe860
INFO: [Common 17-1381] The checkpoint '/home/alen/git/AMD-FPGA-Practice/kv260-imx219-video/hw/video-pipe-hw-v3/video_pipe_hw.runs/video_pipe_hw_axis_subset_converter_0_1_synth_1/video_pipe_hw_axis_subset_converter_0_1.dcp' has been generated.
INFO: [Vivado 12-24828] Executing command : report_utilization -file video_pipe_hw_axis_subset_converter_0_1_utilization_synth.rpt -pb video_pipe_hw_axis_subset_converter_0_1_utilization_synth.pb
INFO: [Common 17-206] Exiting Vivado at Sat Sep 26 16:25:42 2026...
