

================================================================
== Vitis HLS Report for 'hscale_core_polyphase_Pipeline_loop_width'
================================================================
* Date:           Wed Dec 20 19:01:36 2023

* Version:        2023.2 (Build 4023990 on Oct 11 2023)
* Project:        prj
* Solution:       sol (Vivado IP Flow Target)
* Product family: zynq
* Target device:  xc7z020-clg484-1


================================================================
== Performance Estimates
================================================================
+ Timing: 
    * Summary: 
    +--------+---------+----------+------------+
    |  Clock |  Target | Estimated| Uncertainty|
    +--------+---------+----------+------------+
    |ap_clk  |  7.00 ns|  6.481 ns|     1.89 ns|
    +--------+---------+----------+------------+

+ Latency: 
    * Summary: 
    +---------+---------+----------+-----------+-----+------+---------+
    |  Latency (cycles) |  Latency (absolute)  |  Interval  | Pipeline|
    |   min   |   max   |    min   |    max    | min |  max |   Type  |
    +---------+---------+----------+-----------+-----+------+---------+
    |       36|     1940|  0.252 us|  13.580 us|   36|  1940|       no|
    +---------+---------+----------+-----------+-----+------+---------+

    + Detail: 
        * Instance: 
        +-----------------------------+------------------+---------+---------+-----------+-----------+-----+-----+---------+
        |                             |                  |  Latency (cycles) |   Latency (absolute)  |  Interval | Pipeline|
        |           Instance          |      Module      |   min   |   max   |    min    |    max    | min | max |   Type  |
        +-----------------------------+------------------+---------+---------+-----------+-----------+-----+-----+---------+
        |grp_hscale_polyphase_fu_228  |hscale_polyphase  |       10|       10|  70.000 ns|  70.000 ns|    1|    1|      yes|
        |grp_reg_ap_uint_9_s_fu_336   |reg_ap_uint_9_s   |        1|        1|   7.000 ns|   7.000 ns|    1|    1|      yes|
        +-----------------------------+------------------+---------+---------+-----------+-----------+-----+-----+---------+

        * Loop: 
        +--------------+---------+---------+----------+-----------+-----------+-----------+----------+
        |              |  Latency (cycles) | Iteration|  Initiation Interval  |    Trip   |          |
        |   Loop Name  |   min   |   max   |  Latency |  achieved |   target  |   Count   | Pipelined|
        +--------------+---------+---------+----------+-----------+-----------+-----------+----------+
        |- loop_width  |       34|     1938|        15|          1|          1|  21 ~ 1925|       yes|
        +--------------+---------+---------+----------+-----------+-----------+-----------+----------+



================================================================
== Utilization Estimates
================================================================
* Summary: 
+-----------------+---------+-----+--------+-------+-----+
|       Name      | BRAM_18K| DSP |   FF   |  LUT  | URAM|
+-----------------+---------+-----+--------+-------+-----+
|DSP              |        -|    -|       -|      -|    -|
|Expression       |        -|    -|       0|    393|    -|
|FIFO             |        -|    -|       -|      -|    -|
|Instance         |        -|   18|    1123|    887|    -|
|Memory           |        -|    -|       -|      -|    -|
|Multiplexer      |        -|    -|       -|    288|    -|
|Register         |        -|    -|     321|     96|    -|
+-----------------+---------+-----+--------+-------+-----+
|Total            |        0|   18|    1444|   1664|    0|
+-----------------+---------+-----+--------+-------+-----+
|Available        |      280|  220|  106400|  53200|    0|
+-----------------+---------+-----+--------+-------+-----+
|Utilization (%)  |        0|    8|       1|      3|    0|
+-----------------+---------+-----+--------+-------+-----+

+ Detail: 
    * Instance: 
    +-----------------------------+------------------+---------+----+------+-----+-----+
    |           Instance          |      Module      | BRAM_18K| DSP|  FF  | LUT | URAM|
    +-----------------------------+------------------+---------+----+------+-----+-----+
    |grp_hscale_polyphase_fu_228  |hscale_polyphase  |        0|  18|  1104|  873|    0|
    |grp_reg_ap_uint_9_s_fu_336   |reg_ap_uint_9_s   |        0|   0|    19|   14|    0|
    +-----------------------------+------------------+---------+----+------+-----+-----+
    |Total                        |                  |        0|  18|  1123|  887|    0|
    +-----------------------------+------------------+---------+----+------+-----+-----+

    * DSP: 
    N/A

    * Memory: 
    N/A

    * FIFO: 
    N/A

    * Expression: 
    +-------------------------------------------+----------+----+---+----+------------+------------+
    |               Variable Name               | Operation| DSP| FF| LUT| Bitwidth P0| Bitwidth P1|
    +-------------------------------------------+----------+----+---+----+------------+------------+
    |add_ln698_fu_298_p2                        |         +|   0|  0|  12|          11|           1|
    |add_ln721_fu_373_p2                        |         +|   0|  0|  24|          17|           3|
    |xReadPos_4_fu_416_p2                       |         +|   0|  0|  23|          16|           1|
    |xbySamples_fu_320_p2                       |         +|   0|  0|  12|          11|           4|
    |and_ln802_fu_434_p2                        |       and|   0|  0|   2|           1|           1|
    |ap_block_state15_pp0_stage0_iter14         |       and|   0|  0|   2|           1|           1|
    |ap_block_state4_pp0_stage0_iter3           |       and|   0|  0|   2|           1|           1|
    |ap_condition_970                           |       and|   0|  0|   2|           1|           1|
    |ap_predicate_op141_read_state4             |       and|   0|  0|   2|           1|           1|
    |ap_predicate_op173_call_state5             |       and|   0|  0|   2|           1|           1|
    |ap_predicate_op173_call_state5_state4      |       and|   0|  0|   2|           1|           1|
    |ap_predicate_op174_call_state6             |       and|   0|  0|   2|           1|           1|
    |ap_predicate_op175_call_state7             |       and|   0|  0|   2|           1|           1|
    |ap_predicate_op176_call_state8             |       and|   0|  0|   2|           1|           1|
    |ap_predicate_op177_call_state9             |       and|   0|  0|   2|           1|           1|
    |ap_predicate_op178_call_state10            |       and|   0|  0|   2|           1|           1|
    |ap_predicate_op179_call_state11            |       and|   0|  0|   2|           1|           1|
    |ap_predicate_op188_write_state15           |       and|   0|  0|   2|           1|           1|
    |ap_predicate_op53_call_state2              |       and|   0|  0|   2|           1|           1|
    |ReadEn_1_fu_406_p2                         |      icmp|   0|  0|  10|           2|           1|
    |icmp_fu_363_p2                             |      icmp|   0|  0|  13|          10|           1|
    |icmp_ln698_fu_292_p2                       |      icmp|   0|  0|  12|          11|          11|
    |icmp_ln708_fu_348_p2                       |      icmp|   0|  0|  39|          32|           1|
    |icmp_ln721_fu_379_p2                       |      icmp|   0|  0|  24|          17|          17|
    |icmp_ln760_fu_314_p2                       |      icmp|   0|  0|  14|           9|           1|
    |icmp_ln802_fu_430_p2                       |      icmp|   0|  0|  12|          11|          11|
    |ap_block_pp0_stage0_01001                  |        or|   0|  0|   2|           1|           1|
    |ap_block_pp0_stage0_11001_ignoreCallOp173  |        or|   0|  0|   2|           1|           1|
    |ap_block_pp0_stage0_11001_ignoreCallOp53   |        or|   0|  0|   2|           1|           1|
    |PixArray_10_fu_583_p3                      |    select|   0|  0|   8|           1|           8|
    |PixArray_11_fu_576_p3                      |    select|   0|  0|   8|           1|           8|
    |PixArray_12_fu_569_p3                      |    select|   0|  0|   8|           1|           8|
    |PixArray_13_fu_562_p3                      |    select|   0|  0|   8|           1|           8|
    |PixArray_14_fu_555_p3                      |    select|   0|  0|   8|           1|           8|
    |PixArray_15_fu_548_p3                      |    select|   0|  0|   8|           1|           8|
    |PixArray_16_fu_541_p3                      |    select|   0|  0|   8|           1|           8|
    |PixArray_17_fu_534_p3                      |    select|   0|  0|   8|           1|           8|
    |PixArray_1_fu_646_p3                       |    select|   0|  0|   8|           1|           8|
    |PixArray_2_fu_639_p3                       |    select|   0|  0|   8|           1|           8|
    |PixArray_3_fu_632_p3                       |    select|   0|  0|   8|           1|           8|
    |PixArray_4_fu_625_p3                       |    select|   0|  0|   8|           1|           8|
    |PixArray_5_fu_618_p3                       |    select|   0|  0|   8|           1|           8|
    |PixArray_6_fu_611_p3                       |    select|   0|  0|   8|           1|           8|
    |PixArray_7_fu_604_p3                       |    select|   0|  0|   8|           1|           8|
    |PixArray_8_fu_597_p3                       |    select|   0|  0|   8|           1|           8|
    |PixArray_9_fu_590_p3                       |    select|   0|  0|   8|           1|           8|
    |PixArray_fu_653_p3                         |    select|   0|  0|   8|           1|           8|
    |xReadPos_5_fu_422_p3                       |    select|   0|  0|  16|           1|          16|
    |ap_enable_pp0                              |       xor|   0|  0|   2|           1|           2|
    +-------------------------------------------+----------+----+---+----+------------+------------+
    |Total                                      |          |   0|  0| 393|         185|         232|
    +-------------------------------------------+----------+----+---+----+------------+------------+

    * Multiplexer: 
    +-------------------------+----+-----------+-----+-----------+
    |           Name          | LUT| Input Size| Bits| Total Bits|
    +-------------------------+----+-----------+-----+-----------+
    |PixArray_24_out_o        |   9|          2|    8|         16|
    |PixArray_25_out_o        |   9|          2|    8|         16|
    |PixArray_26_out_o        |   9|          2|    8|         16|
    |PixArray_27_out_o        |   9|          2|    8|         16|
    |PixArray_28_out_o        |   9|          2|    8|         16|
    |PixArray_29_out_o        |   9|          2|    8|         16|
    |PixArray_30_out_o        |   9|          2|    8|         16|
    |PixArray_31_out_o        |   9|          2|    8|         16|
    |PixArray_32_out_o        |   9|          2|    8|         16|
    |PixArray_33_out_o        |   9|          2|    8|         16|
    |PixArray_34_out_o        |   9|          2|    8|         16|
    |PixArray_35_out_o        |   9|          2|    8|         16|
    |PixArray_36_out_o        |   9|          2|    8|         16|
    |PixArray_37_out_o        |   9|          2|    8|         16|
    |PixArray_38_out_o        |   9|          2|    8|         16|
    |PixArray_39_out_o        |   9|          2|    8|         16|
    |PixArray_40_out_o        |   9|          2|    8|         16|
    |PixArray_41_out_o        |   9|          2|    8|         16|
    |PixArray_42_out_o        |   9|          2|    8|         16|
    |PixArray_43_out_o        |   9|          2|    8|         16|
    |PixArray_44_out_o        |   9|          2|    8|         16|
    |PixArray_45_out_o        |   9|          2|    8|         16|
    |PixArray_46_out_o        |   9|          2|    8|         16|
    |PixArray_47_out_o        |   9|          2|    8|         16|
    |ReadEn_fu_180            |   9|          2|    1|          2|
    |ap_done_int              |   9|          2|    1|          2|
    |ap_enable_reg_pp0_iter3  |   9|          2|    1|          2|
    |ap_sig_allocacmp_x_5     |   9|          2|   11|         22|
    |stream_scaled_blk_n      |   9|          2|    1|          2|
    |stream_upsampled_blk_n   |   9|          2|    1|          2|
    |xReadPos_fu_176          |   9|          2|   16|         32|
    |x_fu_172                 |   9|          2|   11|         22|
    +-------------------------+----+-----------+-----+-----------+
    |Total                    | 288|         64|  235|        470|
    +-------------------------+----+-----------+-----+-----------+

    * Register: 
    +------------------------------------------+----+----+-----+-----------+
    |                   Name                   | FF | LUT| Bits| Const Bits|
    +------------------------------------------+----+----+-----+-----------+
    |ArrayLoc_reg_1056                         |   2|   0|    2|          0|
    |ArrayLoc_reg_1056_pp0_iter3_reg           |   2|   0|    2|          0|
    |LoopSize_read_reg_992                     |  11|   0|   11|          0|
    |ReadEn_fu_180                             |   1|   0|   32|         31|
    |and_ln802_reg_1061                        |   1|   0|    1|          0|
    |ap_CS_fsm                                 |   1|   0|    1|          0|
    |ap_done_reg                               |   1|   0|    1|          0|
    |ap_enable_reg_pp0_iter1                   |   1|   0|    1|          0|
    |ap_enable_reg_pp0_iter10                  |   1|   0|    1|          0|
    |ap_enable_reg_pp0_iter11                  |   1|   0|    1|          0|
    |ap_enable_reg_pp0_iter12                  |   1|   0|    1|          0|
    |ap_enable_reg_pp0_iter13                  |   1|   0|    1|          0|
    |ap_enable_reg_pp0_iter14                  |   1|   0|    1|          0|
    |ap_enable_reg_pp0_iter2                   |   1|   0|    1|          0|
    |ap_enable_reg_pp0_iter3                   |   1|   0|    1|          0|
    |ap_enable_reg_pp0_iter4                   |   1|   0|    1|          0|
    |ap_enable_reg_pp0_iter5                   |   1|   0|    1|          0|
    |ap_enable_reg_pp0_iter6                   |   1|   0|    1|          0|
    |ap_enable_reg_pp0_iter7                   |   1|   0|    1|          0|
    |ap_enable_reg_pp0_iter8                   |   1|   0|    1|          0|
    |ap_enable_reg_pp0_iter9                   |   1|   0|    1|          0|
    |ap_loop_exit_ready_pp0_iter10_reg         |   1|   0|    1|          0|
    |ap_loop_exit_ready_pp0_iter11_reg         |   1|   0|    1|          0|
    |ap_loop_exit_ready_pp0_iter12_reg         |   1|   0|    1|          0|
    |ap_loop_exit_ready_pp0_iter13_reg         |   1|   0|    1|          0|
    |ap_loop_exit_ready_pp0_iter1_reg          |   1|   0|    1|          0|
    |ap_loop_exit_ready_pp0_iter2_reg          |   1|   0|    1|          0|
    |ap_loop_exit_ready_pp0_iter3_reg          |   1|   0|    1|          0|
    |ap_loop_exit_ready_pp0_iter4_reg          |   1|   0|    1|          0|
    |ap_loop_exit_ready_pp0_iter5_reg          |   1|   0|    1|          0|
    |ap_loop_exit_ready_pp0_iter6_reg          |   1|   0|    1|          0|
    |ap_loop_exit_ready_pp0_iter7_reg          |   1|   0|    1|          0|
    |ap_loop_exit_ready_pp0_iter8_reg          |   1|   0|    1|          0|
    |ap_loop_exit_ready_pp0_iter9_reg          |   1|   0|    1|          0|
    |grp_hscale_polyphase_fu_228_ap_start_reg  |   1|   0|    1|          0|
    |icmp_ln698_reg_1008                       |   1|   0|    1|          0|
    |icmp_ln708_reg_1021                       |   1|   0|    1|          0|
    |icmp_ln721_reg_1047                       |   1|   0|    1|          0|
    |icmp_ln760_reg_1012                       |   1|   0|    1|          0|
    |icmp_reg_1025                             |   1|   0|    1|          0|
    |trunc_ln776_reg_1051                      |   6|   0|    6|          0|
    |trunc_ln776_reg_1051_pp0_iter3_reg        |   6|   0|    6|          0|
    |xReadPos_fu_176                           |  16|   0|   16|          0|
    |x_5_reg_1002                              |  11|   0|   11|          0|
    |x_5_reg_1002_pp0_iter1_reg                |  11|   0|   11|          0|
    |x_fu_172                                  |  11|   0|   11|          0|
    |zext_ln682_cast_reg_997                   |  16|   0|   17|          1|
    |and_ln802_reg_1061                        |  64|  32|    1|          0|
    |icmp_ln698_reg_1008                       |  64|  32|    1|          0|
    |icmp_ln760_reg_1012                       |  64|  32|    1|          0|
    +------------------------------------------+----+----+-----+-----------+
    |Total                                     | 321|  96|  164|         32|
    +------------------------------------------+----+----+-----+-----------+



================================================================
== Interface
================================================================
* Summary: 
+---------------------------------+-----+-----+------------+-------------------------------------------+--------------+
|            RTL Ports            | Dir | Bits|  Protocol  |               Source Object               |    C Type    |
+---------------------------------+-----+-----+------------+-------------------------------------------+--------------+
|ap_clk                           |   in|    1|  ap_ctrl_hs|  hscale_core_polyphase_Pipeline_loop_width|  return value|
|ap_rst                           |   in|    1|  ap_ctrl_hs|  hscale_core_polyphase_Pipeline_loop_width|  return value|
|ap_start                         |   in|    1|  ap_ctrl_hs|  hscale_core_polyphase_Pipeline_loop_width|  return value|
|ap_done                          |  out|    1|  ap_ctrl_hs|  hscale_core_polyphase_Pipeline_loop_width|  return value|
|ap_idle                          |  out|    1|  ap_ctrl_hs|  hscale_core_polyphase_Pipeline_loop_width|  return value|
|ap_ready                         |  out|    1|  ap_ctrl_hs|  hscale_core_polyphase_Pipeline_loop_width|  return value|
|stream_upsampled_dout            |   in|   24|     ap_fifo|                           stream_upsampled|       pointer|
|stream_upsampled_num_data_valid  |   in|    5|     ap_fifo|                           stream_upsampled|       pointer|
|stream_upsampled_fifo_cap        |   in|    5|     ap_fifo|                           stream_upsampled|       pointer|
|stream_upsampled_empty_n         |   in|    1|     ap_fifo|                           stream_upsampled|       pointer|
|stream_upsampled_read            |  out|    1|     ap_fifo|                           stream_upsampled|       pointer|
|stream_scaled_din                |  out|   24|     ap_fifo|                              stream_scaled|       pointer|
|stream_scaled_num_data_valid     |   in|    5|     ap_fifo|                              stream_scaled|       pointer|
|stream_scaled_fifo_cap           |   in|    5|     ap_fifo|                              stream_scaled|       pointer|
|stream_scaled_full_n             |   in|    1|     ap_fifo|                              stream_scaled|       pointer|
|stream_scaled_write              |  out|    1|     ap_fifo|                              stream_scaled|       pointer|
|add_ln682                        |   in|   11|   ap_stable|                                  add_ln682|        scalar|
|phasesH_address0                 |  out|   11|   ap_memory|                                    phasesH|         array|
|phasesH_ce0                      |  out|    1|   ap_memory|                                    phasesH|         array|
|phasesH_q0                       |   in|    9|   ap_memory|                                    phasesH|         array|
|FiltCoeff_address0               |  out|    6|   ap_memory|                                  FiltCoeff|         array|
|FiltCoeff_ce0                    |  out|    1|   ap_memory|                                  FiltCoeff|         array|
|FiltCoeff_q0                     |   in|   16|   ap_memory|                                  FiltCoeff|         array|
|FiltCoeff_1_address0             |  out|    6|   ap_memory|                                FiltCoeff_1|         array|
|FiltCoeff_1_ce0                  |  out|    1|   ap_memory|                                FiltCoeff_1|         array|
|FiltCoeff_1_q0                   |   in|   16|   ap_memory|                                FiltCoeff_1|         array|
|FiltCoeff_2_address0             |  out|    6|   ap_memory|                                FiltCoeff_2|         array|
|FiltCoeff_2_ce0                  |  out|    1|   ap_memory|                                FiltCoeff_2|         array|
|FiltCoeff_2_q0                   |   in|   16|   ap_memory|                                FiltCoeff_2|         array|
|FiltCoeff_3_address0             |  out|    6|   ap_memory|                                FiltCoeff_3|         array|
|FiltCoeff_3_ce0                  |  out|    1|   ap_memory|                                FiltCoeff_3|         array|
|FiltCoeff_3_q0                   |   in|   16|   ap_memory|                                FiltCoeff_3|         array|
|FiltCoeff_4_address0             |  out|    6|   ap_memory|                                FiltCoeff_4|         array|
|FiltCoeff_4_ce0                  |  out|    1|   ap_memory|                                FiltCoeff_4|         array|
|FiltCoeff_4_q0                   |   in|   16|   ap_memory|                                FiltCoeff_4|         array|
|FiltCoeff_5_address0             |  out|    6|   ap_memory|                                FiltCoeff_5|         array|
|FiltCoeff_5_ce0                  |  out|    1|   ap_memory|                                FiltCoeff_5|         array|
|FiltCoeff_5_q0                   |   in|   16|   ap_memory|                                FiltCoeff_5|         array|
|LoopSize                         |   in|   11|   ap_stable|                                   LoopSize|        scalar|
|zext_ln682                       |   in|   16|   ap_stable|                                 zext_ln682|        scalar|
|PixArray_47_out_i                |   in|    8|     ap_ovld|                            PixArray_47_out|       pointer|
|PixArray_47_out_o                |  out|    8|     ap_ovld|                            PixArray_47_out|       pointer|
|PixArray_47_out_o_ap_vld         |  out|    1|     ap_ovld|                            PixArray_47_out|       pointer|
|PixArray_46_out_i                |   in|    8|     ap_ovld|                            PixArray_46_out|       pointer|
|PixArray_46_out_o                |  out|    8|     ap_ovld|                            PixArray_46_out|       pointer|
|PixArray_46_out_o_ap_vld         |  out|    1|     ap_ovld|                            PixArray_46_out|       pointer|
|PixArray_45_out_i                |   in|    8|     ap_ovld|                            PixArray_45_out|       pointer|
|PixArray_45_out_o                |  out|    8|     ap_ovld|                            PixArray_45_out|       pointer|
|PixArray_45_out_o_ap_vld         |  out|    1|     ap_ovld|                            PixArray_45_out|       pointer|
|PixArray_44_out_i                |   in|    8|     ap_ovld|                            PixArray_44_out|       pointer|
|PixArray_44_out_o                |  out|    8|     ap_ovld|                            PixArray_44_out|       pointer|
|PixArray_44_out_o_ap_vld         |  out|    1|     ap_ovld|                            PixArray_44_out|       pointer|
|PixArray_43_out_i                |   in|    8|     ap_ovld|                            PixArray_43_out|       pointer|
|PixArray_43_out_o                |  out|    8|     ap_ovld|                            PixArray_43_out|       pointer|
|PixArray_43_out_o_ap_vld         |  out|    1|     ap_ovld|                            PixArray_43_out|       pointer|
|PixArray_42_out_i                |   in|    8|     ap_ovld|                            PixArray_42_out|       pointer|
|PixArray_42_out_o                |  out|    8|     ap_ovld|                            PixArray_42_out|       pointer|
|PixArray_42_out_o_ap_vld         |  out|    1|     ap_ovld|                            PixArray_42_out|       pointer|
|PixArray_41_out_i                |   in|    8|     ap_ovld|                            PixArray_41_out|       pointer|
|PixArray_41_out_o                |  out|    8|     ap_ovld|                            PixArray_41_out|       pointer|
|PixArray_41_out_o_ap_vld         |  out|    1|     ap_ovld|                            PixArray_41_out|       pointer|
|PixArray_40_out_i                |   in|    8|     ap_ovld|                            PixArray_40_out|       pointer|
|PixArray_40_out_o                |  out|    8|     ap_ovld|                            PixArray_40_out|       pointer|
|PixArray_40_out_o_ap_vld         |  out|    1|     ap_ovld|                            PixArray_40_out|       pointer|
|PixArray_39_out_i                |   in|    8|     ap_ovld|                            PixArray_39_out|       pointer|
|PixArray_39_out_o                |  out|    8|     ap_ovld|                            PixArray_39_out|       pointer|
|PixArray_39_out_o_ap_vld         |  out|    1|     ap_ovld|                            PixArray_39_out|       pointer|
|PixArray_38_out_i                |   in|    8|     ap_ovld|                            PixArray_38_out|       pointer|
|PixArray_38_out_o                |  out|    8|     ap_ovld|                            PixArray_38_out|       pointer|
|PixArray_38_out_o_ap_vld         |  out|    1|     ap_ovld|                            PixArray_38_out|       pointer|
|PixArray_37_out_i                |   in|    8|     ap_ovld|                            PixArray_37_out|       pointer|
|PixArray_37_out_o                |  out|    8|     ap_ovld|                            PixArray_37_out|       pointer|
|PixArray_37_out_o_ap_vld         |  out|    1|     ap_ovld|                            PixArray_37_out|       pointer|
|PixArray_36_out_i                |   in|    8|     ap_ovld|                            PixArray_36_out|       pointer|
|PixArray_36_out_o                |  out|    8|     ap_ovld|                            PixArray_36_out|       pointer|
|PixArray_36_out_o_ap_vld         |  out|    1|     ap_ovld|                            PixArray_36_out|       pointer|
|PixArray_35_out_i                |   in|    8|     ap_ovld|                            PixArray_35_out|       pointer|
|PixArray_35_out_o                |  out|    8|     ap_ovld|                            PixArray_35_out|       pointer|
|PixArray_35_out_o_ap_vld         |  out|    1|     ap_ovld|                            PixArray_35_out|       pointer|
|PixArray_34_out_i                |   in|    8|     ap_ovld|                            PixArray_34_out|       pointer|
|PixArray_34_out_o                |  out|    8|     ap_ovld|                            PixArray_34_out|       pointer|
|PixArray_34_out_o_ap_vld         |  out|    1|     ap_ovld|                            PixArray_34_out|       pointer|
|PixArray_33_out_i                |   in|    8|     ap_ovld|                            PixArray_33_out|       pointer|
|PixArray_33_out_o                |  out|    8|     ap_ovld|                            PixArray_33_out|       pointer|
|PixArray_33_out_o_ap_vld         |  out|    1|     ap_ovld|                            PixArray_33_out|       pointer|
|PixArray_32_out_i                |   in|    8|     ap_ovld|                            PixArray_32_out|       pointer|
|PixArray_32_out_o                |  out|    8|     ap_ovld|                            PixArray_32_out|       pointer|
|PixArray_32_out_o_ap_vld         |  out|    1|     ap_ovld|                            PixArray_32_out|       pointer|
|PixArray_31_out_i                |   in|    8|     ap_ovld|                            PixArray_31_out|       pointer|
|PixArray_31_out_o                |  out|    8|     ap_ovld|                            PixArray_31_out|       pointer|
|PixArray_31_out_o_ap_vld         |  out|    1|     ap_ovld|                            PixArray_31_out|       pointer|
|PixArray_30_out_i                |   in|    8|     ap_ovld|                            PixArray_30_out|       pointer|
|PixArray_30_out_o                |  out|    8|     ap_ovld|                            PixArray_30_out|       pointer|
|PixArray_30_out_o_ap_vld         |  out|    1|     ap_ovld|                            PixArray_30_out|       pointer|
|PixArray_29_out_i                |   in|    8|     ap_ovld|                            PixArray_29_out|       pointer|
|PixArray_29_out_o                |  out|    8|     ap_ovld|                            PixArray_29_out|       pointer|
|PixArray_29_out_o_ap_vld         |  out|    1|     ap_ovld|                            PixArray_29_out|       pointer|
|PixArray_28_out_i                |   in|    8|     ap_ovld|                            PixArray_28_out|       pointer|
|PixArray_28_out_o                |  out|    8|     ap_ovld|                            PixArray_28_out|       pointer|
|PixArray_28_out_o_ap_vld         |  out|    1|     ap_ovld|                            PixArray_28_out|       pointer|
|PixArray_27_out_i                |   in|    8|     ap_ovld|                            PixArray_27_out|       pointer|
|PixArray_27_out_o                |  out|    8|     ap_ovld|                            PixArray_27_out|       pointer|
|PixArray_27_out_o_ap_vld         |  out|    1|     ap_ovld|                            PixArray_27_out|       pointer|
|PixArray_26_out_i                |   in|    8|     ap_ovld|                            PixArray_26_out|       pointer|
|PixArray_26_out_o                |  out|    8|     ap_ovld|                            PixArray_26_out|       pointer|
|PixArray_26_out_o_ap_vld         |  out|    1|     ap_ovld|                            PixArray_26_out|       pointer|
|PixArray_25_out_i                |   in|    8|     ap_ovld|                            PixArray_25_out|       pointer|
|PixArray_25_out_o                |  out|    8|     ap_ovld|                            PixArray_25_out|       pointer|
|PixArray_25_out_o_ap_vld         |  out|    1|     ap_ovld|                            PixArray_25_out|       pointer|
|PixArray_24_out_i                |   in|    8|     ap_ovld|                            PixArray_24_out|       pointer|
|PixArray_24_out_o                |  out|    8|     ap_ovld|                            PixArray_24_out|       pointer|
|PixArray_24_out_o_ap_vld         |  out|    1|     ap_ovld|                            PixArray_24_out|       pointer|
+---------------------------------+-----+-----+------------+-------------------------------------------+--------------+

