

================================================================
== Vitis HLS Report for 'MultiPixStream2AXIvideo_Pipeline_VITIS_LOOP_1581_1'
================================================================
* Date:           Thu Dec 28 17:23:06 2023

* Version:        2023.2 (Build 4023990 on Oct 11 2023)
* Project:        prj
* Solution:       sol (Vivado IP Flow Target)
* Product family: zynq
* Target device:  xc7z020-clg484-1


================================================================
== Performance Estimates
================================================================
+ Timing: 
    * Summary: 
    +--------+---------+----------+------------+
    |  Clock |  Target | Estimated| Uncertainty|
    +--------+---------+----------+------------+
    |ap_clk  |  7.00 ns|  5.645 ns|     1.89 ns|
    +--------+---------+----------+------------+

+ Latency: 
    * Summary: 
    +---------+---------+-----------+-----------+-----+-----+---------+
    |  Latency (cycles) |   Latency (absolute)  |  Interval | Pipeline|
    |   min   |   max   |    min    |    max    | min | max |   Type  |
    +---------+---------+-----------+-----------+-----+-----+---------+
    |        6|        6|  42.000 ns|  42.000 ns|    6|    6|       no|
    +---------+---------+-----------+-----------+-----+-----+---------+

    + Detail: 
        * Instance: 
        N/A

        * Loop: 
        +---------------------+---------+---------+----------+-----------+-----------+------+----------+
        |                     |  Latency (cycles) | Iteration|  Initiation Interval  | Trip |          |
        |      Loop Name      |   min   |   max   |  Latency |  achieved |   target  | Count| Pipelined|
        +---------------------+---------+---------+----------+-----------+-----------+------+----------+
        |- VITIS_LOOP_1581_1  |        4|        4|         2|          1|          1|     3|       yes|
        +---------------------+---------+---------+----------+-----------+-----------+------+----------+

============================================================
+ Verbose Summary: Synthesis Manager
============================================================
InlineROM: 1
ExposeGlobal: 0
============================================================
+ Verbose Summary: CDFG Model
============================================================
IsTopModel: 0
ResetActiveHigh: 1
IsCombinational: 0
IsDatapathOnly: 0
HasWiredReturn: 1
HasMFsm: 2
HasVarLatency: 1
IsPipeline: 0
IsRtlPipelined: 0
IsInstanceOverlapped: 0
IsDontTouch: 0
HasImplIP: 0
IsGatedGlobalClock: 0

+ Individual pipeline summary: 
  * Pipeline-0: initiation interval (II) = 1, depth = 2


============================================================
+ Verbose Summary: Schedule
============================================================
* Number of FSM states : 2
* Pipeline : 1
  Pipeline-0 : II = 1, D = 2, States = { 1 2 }
* Dataflow Pipeline: 0

* FSM state transitions: 
1 --> 2 
2 --> 

* FSM state operations: 

State 1 <SV = 0> <Delay = 5.64>
ST_1 : Operation 5 [1/1] (0.00ns)   --->   "%i = alloca i32 1" [/home/alen/repo/zynq-7020-video-pipe-3/hw/video-pipe-hw-v5/hw_011223.runs/bd_41e7_hsc_0_synth_1/prj/sol/.autopilot/db/v_hscaler.cpp:1581]   --->   Operation 5 'alloca' 'i' <Predicate = true> <Delay = 0.00>
ST_1 : Operation 6 [1/1] (0.00ns)   --->   "%p_0_0_0131 = alloca i32 1"   --->   Operation 6 'alloca' 'p_0_0_0131' <Predicate = true> <Delay = 0.00>
ST_1 : Operation 7 [1/1] (0.00ns)   --->   "%p_0_0_0_1133 = alloca i32 1"   --->   Operation 7 'alloca' 'p_0_0_0_1133' <Predicate = true> <Delay = 0.00>
ST_1 : Operation 8 [1/1] (0.00ns)   --->   "%p_0_0_0_2135 = alloca i32 1"   --->   Operation 8 'alloca' 'p_0_0_0_2135' <Predicate = true> <Delay = 0.00>
ST_1 : Operation 9 [1/1] (0.00ns)   --->   "%sub_ln1583_read = read i4 @_ssdm_op_Read.ap_auto.i4, i4 %sub_ln1583"   --->   Operation 9 'read' 'sub_ln1583_read' <Predicate = true> <Delay = 0.00>
ST_1 : Operation 10 [1/1] (1.58ns)   --->   "%store_ln1581 = store i2 0, i2 %i" [/home/alen/repo/zynq-7020-video-pipe-3/hw/video-pipe-hw-v5/hw_011223.runs/bd_41e7_hsc_0_synth_1/prj/sol/.autopilot/db/v_hscaler.cpp:1581]   --->   Operation 10 'store' 'store_ln1581' <Predicate = true> <Delay = 1.58>
ST_1 : Operation 11 [1/1] (0.00ns)   --->   "%br_ln0 = br void %for.inc"   --->   Operation 11 'br' 'br_ln0' <Predicate = true> <Delay = 0.00>
ST_1 : Operation 12 [1/1] (0.00ns)   --->   "%i_1 = load i2 %i" [/home/alen/repo/zynq-7020-video-pipe-3/hw/video-pipe-hw-v5/hw_011223.runs/bd_41e7_hsc_0_synth_1/prj/sol/.autopilot/db/v_hscaler.cpp:1581]   --->   Operation 12 'load' 'i_1' <Predicate = true> <Delay = 0.00>
ST_1 : Operation 13 [1/1] (1.56ns)   --->   "%icmp_ln1581 = icmp_eq  i2 %i_1, i2 3" [/home/alen/repo/zynq-7020-video-pipe-3/hw/video-pipe-hw-v5/hw_011223.runs/bd_41e7_hsc_0_synth_1/prj/sol/.autopilot/db/v_hscaler.cpp:1581]   --->   Operation 13 'icmp' 'icmp_ln1581' <Predicate = true> <Delay = 1.56> <CoreInst = "Cmp">   --->   Core 9 'Cmp' <Latency = 0> <II = 1> <Delay = 1.56> <FuncUnit> <Opcode : 'icmp'> <InPorts = 2> <OutPorts = 1>
ST_1 : Operation 14 [1/1] (1.56ns)   --->   "%add_ln1581 = add i2 %i_1, i2 1" [/home/alen/repo/zynq-7020-video-pipe-3/hw/video-pipe-hw-v5/hw_011223.runs/bd_41e7_hsc_0_synth_1/prj/sol/.autopilot/db/v_hscaler.cpp:1581]   --->   Operation 14 'add' 'add_ln1581' <Predicate = true> <Delay = 1.56> <CoreInst = "Adder">   --->   Core 1 'Adder' <Latency = 0> <II = 1> <Delay = 1.56> <FuncUnit> <Opcode : 'add' 'sub'> <InPorts = 2> <OutPorts = 1>
ST_1 : Operation 15 [1/1] (0.00ns)   --->   "%br_ln1581 = br i1 %icmp_ln1581, void %for.inc.split, void %for.body33.lr.ph.exitStub" [/home/alen/repo/zynq-7020-video-pipe-3/hw/video-pipe-hw-v5/hw_011223.runs/bd_41e7_hsc_0_synth_1/prj/sol/.autopilot/db/v_hscaler.cpp:1581]   --->   Operation 15 'br' 'br_ln1581' <Predicate = true> <Delay = 0.00>
ST_1 : Operation 16 [1/1] (0.00ns)   --->   "%zext_ln1583 = zext i2 %i_1" [/home/alen/repo/zynq-7020-video-pipe-3/hw/video-pipe-hw-v5/hw_011223.runs/bd_41e7_hsc_0_synth_1/prj/sol/.autopilot/db/v_hscaler.cpp:1583]   --->   Operation 16 'zext' 'zext_ln1583' <Predicate = (!icmp_ln1581)> <Delay = 0.00>
ST_1 : Operation 17 [1/1] (1.73ns)   --->   "%add_ln1583 = add i4 %sub_ln1583_read, i4 %zext_ln1583" [/home/alen/repo/zynq-7020-video-pipe-3/hw/video-pipe-hw-v5/hw_011223.runs/bd_41e7_hsc_0_synth_1/prj/sol/.autopilot/db/v_hscaler.cpp:1583]   --->   Operation 17 'add' 'add_ln1583' <Predicate = (!icmp_ln1581)> <Delay = 1.73> <CoreInst = "Adder">   --->   Core 1 'Adder' <Latency = 0> <II = 1> <Delay = 1.73> <FuncUnit> <Opcode : 'add' 'sub'> <InPorts = 2> <OutPorts = 1>
ST_1 : Operation 18 [1/1] (0.00ns)   --->   "%zext_ln1583_1 = zext i4 %add_ln1583" [/home/alen/repo/zynq-7020-video-pipe-3/hw/video-pipe-hw-v5/hw_011223.runs/bd_41e7_hsc_0_synth_1/prj/sol/.autopilot/db/v_hscaler.cpp:1583]   --->   Operation 18 'zext' 'zext_ln1583_1' <Predicate = (!icmp_ln1581)> <Delay = 0.00>
ST_1 : Operation 19 [1/1] (0.00ns)   --->   "%mapComp_addr = getelementptr i2 %mapComp, i64 0, i64 %zext_ln1583_1" [/home/alen/repo/zynq-7020-video-pipe-3/hw/video-pipe-hw-v5/hw_011223.runs/bd_41e7_hsc_0_synth_1/prj/sol/.autopilot/db/v_hscaler.cpp:1583]   --->   Operation 19 'getelementptr' 'mapComp_addr' <Predicate = (!icmp_ln1581)> <Delay = 0.00>
ST_1 : Operation 20 [2/2] (2.32ns)   --->   "%map = load i4 %mapComp_addr" [/home/alen/repo/zynq-7020-video-pipe-3/hw/video-pipe-hw-v5/hw_011223.runs/bd_41e7_hsc_0_synth_1/prj/sol/.autopilot/db/v_hscaler.cpp:1583]   --->   Operation 20 'load' 'map' <Predicate = (!icmp_ln1581)> <Delay = 2.32> <CoreInst = "ROM">   --->   Core 95 'ROM' <Latency = 1> <II = 1> <Delay = 2.32> <Storage> <Opcode : 'load'> <Ports = 0> <Width = 2> <Depth = 12> <ROM>
ST_1 : Operation 21 [1/1] (1.86ns)   --->   "%switch_ln1583 = switch i2 %i_1, void %arrayidx28.case.2, i2 0, void %for.inc.split.arrayidx28.exit_crit_edge, i2 1, void %for.inc.split.arrayidx28.exit_crit_edge9" [/home/alen/repo/zynq-7020-video-pipe-3/hw/video-pipe-hw-v5/hw_011223.runs/bd_41e7_hsc_0_synth_1/prj/sol/.autopilot/db/v_hscaler.cpp:1583]   --->   Operation 21 'switch' 'switch_ln1583' <Predicate = (!icmp_ln1581)> <Delay = 1.86>
ST_1 : Operation 22 [1/1] (1.58ns)   --->   "%store_ln1581 = store i2 %add_ln1581, i2 %i" [/home/alen/repo/zynq-7020-video-pipe-3/hw/video-pipe-hw-v5/hw_011223.runs/bd_41e7_hsc_0_synth_1/prj/sol/.autopilot/db/v_hscaler.cpp:1581]   --->   Operation 22 'store' 'store_ln1581' <Predicate = (!icmp_ln1581)> <Delay = 1.58>
ST_1 : Operation 23 [1/1] (0.00ns)   --->   "%br_ln1581 = br void %for.inc" [/home/alen/repo/zynq-7020-video-pipe-3/hw/video-pipe-hw-v5/hw_011223.runs/bd_41e7_hsc_0_synth_1/prj/sol/.autopilot/db/v_hscaler.cpp:1581]   --->   Operation 23 'br' 'br_ln1581' <Predicate = (!icmp_ln1581)> <Delay = 0.00>

State 2 <SV = 1> <Delay = 2.32>
ST_2 : Operation 24 [1/1] (0.00ns)   --->   "%p_0_0_0131_load = load i5 %p_0_0_0131" [/home/alen/repo/zynq-7020-video-pipe-3/hw/video-pipe-hw-v5/hw_011223.runs/bd_41e7_hsc_0_synth_1/prj/sol/.autopilot/db/v_hscaler.cpp:1581]   --->   Operation 24 'load' 'p_0_0_0131_load' <Predicate = true> <Delay = 0.00>
ST_2 : Operation 25 [1/1] (0.00ns)   --->   "%p_0_0_0_1133_load = load i5 %p_0_0_0_1133" [/home/alen/repo/zynq-7020-video-pipe-3/hw/video-pipe-hw-v5/hw_011223.runs/bd_41e7_hsc_0_synth_1/prj/sol/.autopilot/db/v_hscaler.cpp:1581]   --->   Operation 25 'load' 'p_0_0_0_1133_load' <Predicate = true> <Delay = 0.00>
ST_2 : Operation 26 [1/1] (0.00ns)   --->   "%p_0_0_0_2135_load = load i5 %p_0_0_0_2135" [/home/alen/repo/zynq-7020-video-pipe-3/hw/video-pipe-hw-v5/hw_011223.runs/bd_41e7_hsc_0_synth_1/prj/sol/.autopilot/db/v_hscaler.cpp:1581]   --->   Operation 26 'load' 'p_0_0_0_2135_load' <Predicate = true> <Delay = 0.00>
ST_2 : Operation 27 [1/1] (0.00ns)   --->   "%trunc_ln1581 = trunc i5 %p_0_0_0131_load" [/home/alen/repo/zynq-7020-video-pipe-3/hw/video-pipe-hw-v5/hw_011223.runs/bd_41e7_hsc_0_synth_1/prj/sol/.autopilot/db/v_hscaler.cpp:1581]   --->   Operation 27 'trunc' 'trunc_ln1581' <Predicate = true> <Delay = 0.00>
ST_2 : Operation 28 [1/1] (0.00ns)   --->   "%trunc_ln1581_1 = trunc i5 %p_0_0_0_1133_load" [/home/alen/repo/zynq-7020-video-pipe-3/hw/video-pipe-hw-v5/hw_011223.runs/bd_41e7_hsc_0_synth_1/prj/sol/.autopilot/db/v_hscaler.cpp:1581]   --->   Operation 28 'trunc' 'trunc_ln1581_1' <Predicate = true> <Delay = 0.00>
ST_2 : Operation 29 [1/1] (0.00ns)   --->   "%trunc_ln1581_2 = trunc i5 %p_0_0_0_2135_load" [/home/alen/repo/zynq-7020-video-pipe-3/hw/video-pipe-hw-v5/hw_011223.runs/bd_41e7_hsc_0_synth_1/prj/sol/.autopilot/db/v_hscaler.cpp:1581]   --->   Operation 29 'trunc' 'trunc_ln1581_2' <Predicate = true> <Delay = 0.00>
ST_2 : Operation 30 [1/1] (0.00ns)   --->   "%specpipeline_ln1581 = specpipeline void @_ssdm_op_SpecPipeline, i32 4294967295, i32 0, i32 0, i32 0, void @empty_25" [/home/alen/repo/zynq-7020-video-pipe-3/hw/video-pipe-hw-v5/hw_011223.runs/bd_41e7_hsc_0_synth_1/prj/sol/.autopilot/db/v_hscaler.cpp:1581]   --->   Operation 30 'specpipeline' 'specpipeline_ln1581' <Predicate = (!icmp_ln1581)> <Delay = 0.00>
ST_2 : Operation 31 [1/1] (0.00ns)   --->   "%speclooptripcount_ln1581 = speclooptripcount void @_ssdm_op_SpecLoopTripCount, i64 3, i64 3, i64 3" [/home/alen/repo/zynq-7020-video-pipe-3/hw/video-pipe-hw-v5/hw_011223.runs/bd_41e7_hsc_0_synth_1/prj/sol/.autopilot/db/v_hscaler.cpp:1581]   --->   Operation 31 'speclooptripcount' 'speclooptripcount_ln1581' <Predicate = (!icmp_ln1581)> <Delay = 0.00>
ST_2 : Operation 32 [1/1] (0.00ns)   --->   "%specloopname_ln1581 = specloopname void @_ssdm_op_SpecLoopName, void @empty_2" [/home/alen/repo/zynq-7020-video-pipe-3/hw/video-pipe-hw-v5/hw_011223.runs/bd_41e7_hsc_0_synth_1/prj/sol/.autopilot/db/v_hscaler.cpp:1581]   --->   Operation 32 'specloopname' 'specloopname_ln1581' <Predicate = (!icmp_ln1581)> <Delay = 0.00>
ST_2 : Operation 33 [1/2] (2.32ns)   --->   "%map = load i4 %mapComp_addr" [/home/alen/repo/zynq-7020-video-pipe-3/hw/video-pipe-hw-v5/hw_011223.runs/bd_41e7_hsc_0_synth_1/prj/sol/.autopilot/db/v_hscaler.cpp:1583]   --->   Operation 33 'load' 'map' <Predicate = (!icmp_ln1581)> <Delay = 2.32> <CoreInst = "ROM">   --->   Core 95 'ROM' <Latency = 1> <II = 1> <Delay = 2.32> <Storage> <Opcode : 'load'> <Ports = 0> <Width = 2> <Depth = 12> <ROM>
ST_2 : Operation 34 [1/1] (0.00ns)   --->   "%map_cast = zext i2 %map" [/home/alen/repo/zynq-7020-video-pipe-3/hw/video-pipe-hw-v5/hw_011223.runs/bd_41e7_hsc_0_synth_1/prj/sol/.autopilot/db/v_hscaler.cpp:1583]   --->   Operation 34 'zext' 'map_cast' <Predicate = (!icmp_ln1581)> <Delay = 0.00>
ST_2 : Operation 35 [1/1] (0.00ns)   --->   "%store_ln1583 = store i5 %map_cast, i5 %p_0_0_0_1133" [/home/alen/repo/zynq-7020-video-pipe-3/hw/video-pipe-hw-v5/hw_011223.runs/bd_41e7_hsc_0_synth_1/prj/sol/.autopilot/db/v_hscaler.cpp:1583]   --->   Operation 35 'store' 'store_ln1583' <Predicate = (!icmp_ln1581 & i_1 == 1)> <Delay = 0.00>
ST_2 : Operation 36 [1/1] (0.00ns)   --->   "%br_ln1583 = br void %arrayidx28.exit" [/home/alen/repo/zynq-7020-video-pipe-3/hw/video-pipe-hw-v5/hw_011223.runs/bd_41e7_hsc_0_synth_1/prj/sol/.autopilot/db/v_hscaler.cpp:1583]   --->   Operation 36 'br' 'br_ln1583' <Predicate = (!icmp_ln1581 & i_1 == 1)> <Delay = 0.00>
ST_2 : Operation 37 [1/1] (0.00ns)   --->   "%store_ln1583 = store i5 %map_cast, i5 %p_0_0_0131" [/home/alen/repo/zynq-7020-video-pipe-3/hw/video-pipe-hw-v5/hw_011223.runs/bd_41e7_hsc_0_synth_1/prj/sol/.autopilot/db/v_hscaler.cpp:1583]   --->   Operation 37 'store' 'store_ln1583' <Predicate = (!icmp_ln1581 & i_1 == 0)> <Delay = 0.00>
ST_2 : Operation 38 [1/1] (0.00ns)   --->   "%br_ln1583 = br void %arrayidx28.exit" [/home/alen/repo/zynq-7020-video-pipe-3/hw/video-pipe-hw-v5/hw_011223.runs/bd_41e7_hsc_0_synth_1/prj/sol/.autopilot/db/v_hscaler.cpp:1583]   --->   Operation 38 'br' 'br_ln1583' <Predicate = (!icmp_ln1581 & i_1 == 0)> <Delay = 0.00>
ST_2 : Operation 39 [1/1] (0.00ns)   --->   "%store_ln1583 = store i5 %map_cast, i5 %p_0_0_0_2135" [/home/alen/repo/zynq-7020-video-pipe-3/hw/video-pipe-hw-v5/hw_011223.runs/bd_41e7_hsc_0_synth_1/prj/sol/.autopilot/db/v_hscaler.cpp:1583]   --->   Operation 39 'store' 'store_ln1583' <Predicate = (!icmp_ln1581 & i_1 != 0 & i_1 != 1)> <Delay = 0.00>
ST_2 : Operation 40 [1/1] (0.00ns)   --->   "%br_ln1583 = br void %arrayidx28.exit" [/home/alen/repo/zynq-7020-video-pipe-3/hw/video-pipe-hw-v5/hw_011223.runs/bd_41e7_hsc_0_synth_1/prj/sol/.autopilot/db/v_hscaler.cpp:1583]   --->   Operation 40 'br' 'br_ln1583' <Predicate = (!icmp_ln1581 & i_1 != 0 & i_1 != 1)> <Delay = 0.00>
ST_2 : Operation 41 [1/1] (0.00ns)   --->   "%write_ln1581 = write void @_ssdm_op_Write.ap_auto.i2P0A, i2 %p_0_0_0_2135_out, i2 %trunc_ln1581_2" [/home/alen/repo/zynq-7020-video-pipe-3/hw/video-pipe-hw-v5/hw_011223.runs/bd_41e7_hsc_0_synth_1/prj/sol/.autopilot/db/v_hscaler.cpp:1581]   --->   Operation 41 'write' 'write_ln1581' <Predicate = (icmp_ln1581)> <Delay = 0.00>
ST_2 : Operation 42 [1/1] (0.00ns)   --->   "%write_ln1581 = write void @_ssdm_op_Write.ap_auto.i2P0A, i2 %p_0_0_0_1133_out, i2 %trunc_ln1581_1" [/home/alen/repo/zynq-7020-video-pipe-3/hw/video-pipe-hw-v5/hw_011223.runs/bd_41e7_hsc_0_synth_1/prj/sol/.autopilot/db/v_hscaler.cpp:1581]   --->   Operation 42 'write' 'write_ln1581' <Predicate = (icmp_ln1581)> <Delay = 0.00>
ST_2 : Operation 43 [1/1] (0.00ns)   --->   "%write_ln1581 = write void @_ssdm_op_Write.ap_auto.i2P0A, i2 %p_0_0_0131_out, i2 %trunc_ln1581" [/home/alen/repo/zynq-7020-video-pipe-3/hw/video-pipe-hw-v5/hw_011223.runs/bd_41e7_hsc_0_synth_1/prj/sol/.autopilot/db/v_hscaler.cpp:1581]   --->   Operation 43 'write' 'write_ln1581' <Predicate = (icmp_ln1581)> <Delay = 0.00>
ST_2 : Operation 44 [1/1] (0.00ns)   --->   "%ret_ln0 = ret"   --->   Operation 44 'ret' 'ret_ln0' <Predicate = (icmp_ln1581)> <Delay = 0.00>


============================================================
+ Verbose Summary: Timing violations
============================================================
Target clock period: 7.000ns, clock uncertainty: 1.890ns.

 <State 1>: 5.645ns
The critical path consists of the following:
	'store' operation 0 bit ('store_ln1581', /home/alen/repo/zynq-7020-video-pipe-3/hw/video-pipe-hw-v5/hw_011223.runs/bd_41e7_hsc_0_synth_1/prj/sol/.autopilot/db/v_hscaler.cpp:1581) of constant 0 on local variable 'i', /home/alen/repo/zynq-7020-video-pipe-3/hw/video-pipe-hw-v5/hw_011223.runs/bd_41e7_hsc_0_synth_1/prj/sol/.autopilot/db/v_hscaler.cpp:1581 [11]  (1.588 ns)
	'load' operation 2 bit ('i', /home/alen/repo/zynq-7020-video-pipe-3/hw/video-pipe-hw-v5/hw_011223.runs/bd_41e7_hsc_0_synth_1/prj/sol/.autopilot/db/v_hscaler.cpp:1581) on local variable 'i', /home/alen/repo/zynq-7020-video-pipe-3/hw/video-pipe-hw-v5/hw_011223.runs/bd_41e7_hsc_0_synth_1/prj/sol/.autopilot/db/v_hscaler.cpp:1581 [14]  (0.000 ns)
	'add' operation 4 bit ('add_ln1583', /home/alen/repo/zynq-7020-video-pipe-3/hw/video-pipe-hw-v5/hw_011223.runs/bd_41e7_hsc_0_synth_1/prj/sol/.autopilot/db/v_hscaler.cpp:1583) [26]  (1.735 ns)
	'getelementptr' operation 4 bit ('mapComp_addr', /home/alen/repo/zynq-7020-video-pipe-3/hw/video-pipe-hw-v5/hw_011223.runs/bd_41e7_hsc_0_synth_1/prj/sol/.autopilot/db/v_hscaler.cpp:1583) [28]  (0.000 ns)
	'load' operation 2 bit ('map', /home/alen/repo/zynq-7020-video-pipe-3/hw/video-pipe-hw-v5/hw_011223.runs/bd_41e7_hsc_0_synth_1/prj/sol/.autopilot/db/v_hscaler.cpp:1583) on array 'mapComp' [32]  (2.322 ns)

 <State 2>: 2.322ns
The critical path consists of the following:
	'load' operation 2 bit ('map', /home/alen/repo/zynq-7020-video-pipe-3/hw/video-pipe-hw-v5/hw_011223.runs/bd_41e7_hsc_0_synth_1/prj/sol/.autopilot/db/v_hscaler.cpp:1583) on array 'mapComp' [32]  (2.322 ns)
	'store' operation 0 bit ('store_ln1583', /home/alen/repo/zynq-7020-video-pipe-3/hw/video-pipe-hw-v5/hw_011223.runs/bd_41e7_hsc_0_synth_1/prj/sol/.autopilot/db/v_hscaler.cpp:1583) of variable 'map_cast', /home/alen/repo/zynq-7020-video-pipe-3/hw/video-pipe-hw-v5/hw_011223.runs/bd_41e7_hsc_0_synth_1/prj/sol/.autopilot/db/v_hscaler.cpp:1583 on local variable 'p_0_0_0131' [39]  (0.000 ns)


============================================================
+ Verbose Summary: Binding
============================================================
N/A
* FSMD analyzer results:
  - Output states:
 - Input state : 
  - Chain level:
	State 1
	State 2


============================================================
+ Verbose Summary: Datapath Resource usage 
============================================================
N/A
