

================================================================
== Vitis HLS Report for 'hscale_core_polyphase'
================================================================
* Date:           Wed Dec 20 16:40:42 2023

* Version:        2023.2 (Build 4023990 on Oct 11 2023)
* Project:        prj
* Solution:       sol (Vivado IP Flow Target)
* Product family: zynq
* Target device:  xc7z020-clg484-1


================================================================
== Performance Estimates
================================================================
+ Timing: 
    * Summary: 
    +--------+---------+----------+------------+
    |  Clock |  Target | Estimated| Uncertainty|
    +--------+---------+----------+------------+
    |ap_clk  |  7.00 ns|  6.481 ns|     1.89 ns|
    +--------+---------+----------+------------+

+ Latency: 
    * Summary: 
    +---------+---------+----------+-----------+-----+---------+---------+
    |  Latency (cycles) |  Latency (absolute)  |    Interval   | Pipeline|
    |   min   |   max   |    min   |    max    | min |   max   |   Type  |
    +---------+---------+----------+-----------+-----+---------+---------+
    |      999|  2097751|  6.993 us|  14.684 ms|  999|  2097751|       no|
    +---------+---------+----------+-----------+-----+---------+---------+

    + Detail: 
        * Instance: 
        N/A

        * Loop: 
        +---------------+---------+---------+-----------+-----------+-----------+-----------+----------+
        |               |  Latency (cycles) | Iteration |  Initiation Interval  |    Trip   |          |
        |   Loop Name   |   min   |   max   |  Latency  |  achieved |   target  |   Count   | Pipelined|
        +---------------+---------+---------+-----------+-----------+-----------+-----------+----------+
        |- loop_height  |      608|  2097360|  38 ~ 1942|          -|          -|  16 ~ 1080|        no|
        +---------------+---------+---------+-----------+-----------+-----------+-----------+----------+

============================================================
+ Verbose Summary: Synthesis Manager
============================================================
InlineROM: 1
ExposeGlobal: 0
============================================================
+ Verbose Summary: CDFG Model
============================================================
IsTopModel: 0
ResetActiveHigh: 1
IsCombinational: 2
IsDatapathOnly: 0
HasWiredReturn: 1
HasMFsm: 0
HasVarLatency: 1
IsPipeline: 0
IsRtlPipelined: 0
IsInstanceOverlapped: 0
IsDontTouch: 0
HasImplIP: 0
IsGatedGlobalClock: 0


============================================================
+ Verbose Summary: Schedule
============================================================
* Number of FSM states : 4
* Pipeline : 0
* Dataflow Pipeline: 0

* FSM state transitions: 
1 --> 2 
2 --> 3 
3 --> 4 
4 --> 3 

* FSM state operations: 

State 1 <SV = 0> <Delay = 1.58>
ST_1 : Operation 5 [1/1] (0.00ns)   --->   "%y = alloca i32 1" [G:/Project-Workspace/zynq-7020-video-pipe-3/hw/video-pipe-hw-v2/hw_011223.runs/bd_8126_hsc_0_synth_1/prj/sol/.autopilot/db/v_hscaler.cpp:632]   --->   Operation 5 'alloca' 'y' <Predicate = true> <Delay = 0.00>
ST_1 : Operation 6 [1/1] (0.00ns)   --->   "%PixArray = alloca i32 1" [G:/Project-Workspace/zynq-7020-video-pipe-3/hw/video-pipe-hw-v2/hw_011223.runs/bd_8126_hsc_0_synth_1/prj/sol/.autopilot/db/v_hscaler.cpp:639]   --->   Operation 6 'alloca' 'PixArray' <Predicate = true> <Delay = 0.00>
ST_1 : Operation 7 [1/1] (0.00ns)   --->   "%PixArray_1 = alloca i32 1" [G:/Project-Workspace/zynq-7020-video-pipe-3/hw/video-pipe-hw-v2/hw_011223.runs/bd_8126_hsc_0_synth_1/prj/sol/.autopilot/db/v_hscaler.cpp:639]   --->   Operation 7 'alloca' 'PixArray_1' <Predicate = true> <Delay = 0.00>
ST_1 : Operation 8 [1/1] (0.00ns)   --->   "%PixArray_2 = alloca i32 1" [G:/Project-Workspace/zynq-7020-video-pipe-3/hw/video-pipe-hw-v2/hw_011223.runs/bd_8126_hsc_0_synth_1/prj/sol/.autopilot/db/v_hscaler.cpp:639]   --->   Operation 8 'alloca' 'PixArray_2' <Predicate = true> <Delay = 0.00>
ST_1 : Operation 9 [1/1] (0.00ns)   --->   "%PixArray_3 = alloca i32 1" [G:/Project-Workspace/zynq-7020-video-pipe-3/hw/video-pipe-hw-v2/hw_011223.runs/bd_8126_hsc_0_synth_1/prj/sol/.autopilot/db/v_hscaler.cpp:639]   --->   Operation 9 'alloca' 'PixArray_3' <Predicate = true> <Delay = 0.00>
ST_1 : Operation 10 [1/1] (0.00ns)   --->   "%PixArray_4 = alloca i32 1" [G:/Project-Workspace/zynq-7020-video-pipe-3/hw/video-pipe-hw-v2/hw_011223.runs/bd_8126_hsc_0_synth_1/prj/sol/.autopilot/db/v_hscaler.cpp:639]   --->   Operation 10 'alloca' 'PixArray_4' <Predicate = true> <Delay = 0.00>
ST_1 : Operation 11 [1/1] (0.00ns)   --->   "%PixArray_5 = alloca i32 1" [G:/Project-Workspace/zynq-7020-video-pipe-3/hw/video-pipe-hw-v2/hw_011223.runs/bd_8126_hsc_0_synth_1/prj/sol/.autopilot/db/v_hscaler.cpp:639]   --->   Operation 11 'alloca' 'PixArray_5' <Predicate = true> <Delay = 0.00>
ST_1 : Operation 12 [1/1] (0.00ns)   --->   "%PixArray_6 = alloca i32 1" [G:/Project-Workspace/zynq-7020-video-pipe-3/hw/video-pipe-hw-v2/hw_011223.runs/bd_8126_hsc_0_synth_1/prj/sol/.autopilot/db/v_hscaler.cpp:639]   --->   Operation 12 'alloca' 'PixArray_6' <Predicate = true> <Delay = 0.00>
ST_1 : Operation 13 [1/1] (0.00ns)   --->   "%PixArray_7 = alloca i32 1" [G:/Project-Workspace/zynq-7020-video-pipe-3/hw/video-pipe-hw-v2/hw_011223.runs/bd_8126_hsc_0_synth_1/prj/sol/.autopilot/db/v_hscaler.cpp:639]   --->   Operation 13 'alloca' 'PixArray_7' <Predicate = true> <Delay = 0.00>
ST_1 : Operation 14 [1/1] (0.00ns)   --->   "%PixArray_8 = alloca i32 1" [G:/Project-Workspace/zynq-7020-video-pipe-3/hw/video-pipe-hw-v2/hw_011223.runs/bd_8126_hsc_0_synth_1/prj/sol/.autopilot/db/v_hscaler.cpp:639]   --->   Operation 14 'alloca' 'PixArray_8' <Predicate = true> <Delay = 0.00>
ST_1 : Operation 15 [1/1] (0.00ns)   --->   "%PixArray_9 = alloca i32 1" [G:/Project-Workspace/zynq-7020-video-pipe-3/hw/video-pipe-hw-v2/hw_011223.runs/bd_8126_hsc_0_synth_1/prj/sol/.autopilot/db/v_hscaler.cpp:639]   --->   Operation 15 'alloca' 'PixArray_9' <Predicate = true> <Delay = 0.00>
ST_1 : Operation 16 [1/1] (0.00ns)   --->   "%PixArray_10 = alloca i32 1" [G:/Project-Workspace/zynq-7020-video-pipe-3/hw/video-pipe-hw-v2/hw_011223.runs/bd_8126_hsc_0_synth_1/prj/sol/.autopilot/db/v_hscaler.cpp:639]   --->   Operation 16 'alloca' 'PixArray_10' <Predicate = true> <Delay = 0.00>
ST_1 : Operation 17 [1/1] (0.00ns)   --->   "%PixArray_11 = alloca i32 1" [G:/Project-Workspace/zynq-7020-video-pipe-3/hw/video-pipe-hw-v2/hw_011223.runs/bd_8126_hsc_0_synth_1/prj/sol/.autopilot/db/v_hscaler.cpp:639]   --->   Operation 17 'alloca' 'PixArray_11' <Predicate = true> <Delay = 0.00>
ST_1 : Operation 18 [1/1] (0.00ns)   --->   "%PixArray_12 = alloca i32 1" [G:/Project-Workspace/zynq-7020-video-pipe-3/hw/video-pipe-hw-v2/hw_011223.runs/bd_8126_hsc_0_synth_1/prj/sol/.autopilot/db/v_hscaler.cpp:639]   --->   Operation 18 'alloca' 'PixArray_12' <Predicate = true> <Delay = 0.00>
ST_1 : Operation 19 [1/1] (0.00ns)   --->   "%PixArray_13 = alloca i32 1" [G:/Project-Workspace/zynq-7020-video-pipe-3/hw/video-pipe-hw-v2/hw_011223.runs/bd_8126_hsc_0_synth_1/prj/sol/.autopilot/db/v_hscaler.cpp:639]   --->   Operation 19 'alloca' 'PixArray_13' <Predicate = true> <Delay = 0.00>
ST_1 : Operation 20 [1/1] (0.00ns)   --->   "%PixArray_14 = alloca i32 1" [G:/Project-Workspace/zynq-7020-video-pipe-3/hw/video-pipe-hw-v2/hw_011223.runs/bd_8126_hsc_0_synth_1/prj/sol/.autopilot/db/v_hscaler.cpp:639]   --->   Operation 20 'alloca' 'PixArray_14' <Predicate = true> <Delay = 0.00>
ST_1 : Operation 21 [1/1] (0.00ns)   --->   "%PixArray_15 = alloca i32 1" [G:/Project-Workspace/zynq-7020-video-pipe-3/hw/video-pipe-hw-v2/hw_011223.runs/bd_8126_hsc_0_synth_1/prj/sol/.autopilot/db/v_hscaler.cpp:639]   --->   Operation 21 'alloca' 'PixArray_15' <Predicate = true> <Delay = 0.00>
ST_1 : Operation 22 [1/1] (0.00ns)   --->   "%PixArray_16 = alloca i32 1" [G:/Project-Workspace/zynq-7020-video-pipe-3/hw/video-pipe-hw-v2/hw_011223.runs/bd_8126_hsc_0_synth_1/prj/sol/.autopilot/db/v_hscaler.cpp:639]   --->   Operation 22 'alloca' 'PixArray_16' <Predicate = true> <Delay = 0.00>
ST_1 : Operation 23 [1/1] (0.00ns)   --->   "%PixArray_17 = alloca i32 1" [G:/Project-Workspace/zynq-7020-video-pipe-3/hw/video-pipe-hw-v2/hw_011223.runs/bd_8126_hsc_0_synth_1/prj/sol/.autopilot/db/v_hscaler.cpp:639]   --->   Operation 23 'alloca' 'PixArray_17' <Predicate = true> <Delay = 0.00>
ST_1 : Operation 24 [1/1] (0.00ns)   --->   "%PixArray_18 = alloca i32 1" [G:/Project-Workspace/zynq-7020-video-pipe-3/hw/video-pipe-hw-v2/hw_011223.runs/bd_8126_hsc_0_synth_1/prj/sol/.autopilot/db/v_hscaler.cpp:639]   --->   Operation 24 'alloca' 'PixArray_18' <Predicate = true> <Delay = 0.00>
ST_1 : Operation 25 [1/1] (0.00ns)   --->   "%PixArray_19 = alloca i32 1" [G:/Project-Workspace/zynq-7020-video-pipe-3/hw/video-pipe-hw-v2/hw_011223.runs/bd_8126_hsc_0_synth_1/prj/sol/.autopilot/db/v_hscaler.cpp:639]   --->   Operation 25 'alloca' 'PixArray_19' <Predicate = true> <Delay = 0.00>
ST_1 : Operation 26 [1/1] (0.00ns)   --->   "%PixArray_20 = alloca i32 1" [G:/Project-Workspace/zynq-7020-video-pipe-3/hw/video-pipe-hw-v2/hw_011223.runs/bd_8126_hsc_0_synth_1/prj/sol/.autopilot/db/v_hscaler.cpp:639]   --->   Operation 26 'alloca' 'PixArray_20' <Predicate = true> <Delay = 0.00>
ST_1 : Operation 27 [1/1] (0.00ns)   --->   "%PixArray_21 = alloca i32 1" [G:/Project-Workspace/zynq-7020-video-pipe-3/hw/video-pipe-hw-v2/hw_011223.runs/bd_8126_hsc_0_synth_1/prj/sol/.autopilot/db/v_hscaler.cpp:639]   --->   Operation 27 'alloca' 'PixArray_21' <Predicate = true> <Delay = 0.00>
ST_1 : Operation 28 [1/1] (0.00ns)   --->   "%PixArray_22 = alloca i32 1" [G:/Project-Workspace/zynq-7020-video-pipe-3/hw/video-pipe-hw-v2/hw_011223.runs/bd_8126_hsc_0_synth_1/prj/sol/.autopilot/db/v_hscaler.cpp:639]   --->   Operation 28 'alloca' 'PixArray_22' <Predicate = true> <Delay = 0.00>
ST_1 : Operation 29 [1/1] (0.00ns)   --->   "%PixArray_23 = alloca i32 1" [G:/Project-Workspace/zynq-7020-video-pipe-3/hw/video-pipe-hw-v2/hw_011223.runs/bd_8126_hsc_0_synth_1/prj/sol/.autopilot/db/v_hscaler.cpp:639]   --->   Operation 29 'alloca' 'PixArray_23' <Predicate = true> <Delay = 0.00>
ST_1 : Operation 30 [1/1] (0.00ns)   --->   "%FiltCoeff = alloca i64 1" [G:/Project-Workspace/zynq-7020-video-pipe-3/hw/video-pipe-hw-v2/hw_011223.runs/bd_8126_hsc_0_synth_1/prj/sol/.autopilot/db/v_hscaler.cpp:640]   --->   Operation 30 'alloca' 'FiltCoeff' <Predicate = true> <Delay = 0.00> <CoreInst = "RAM_1P_LUTRAM">   --->   Core 87 'RAM_1P_LUTRAM' <Latency = 1> <II = 1> <Delay = 2.32> <Storage> <Opcode : 'load' 'store'> <Ports = 1> <Width = 16> <Depth = 64> <RAM>
ST_1 : Operation 31 [1/1] (0.00ns)   --->   "%FiltCoeff_1 = alloca i64 1" [G:/Project-Workspace/zynq-7020-video-pipe-3/hw/video-pipe-hw-v2/hw_011223.runs/bd_8126_hsc_0_synth_1/prj/sol/.autopilot/db/v_hscaler.cpp:640]   --->   Operation 31 'alloca' 'FiltCoeff_1' <Predicate = true> <Delay = 0.00> <CoreInst = "RAM_1P_LUTRAM">   --->   Core 87 'RAM_1P_LUTRAM' <Latency = 1> <II = 1> <Delay = 2.32> <Storage> <Opcode : 'load' 'store'> <Ports = 1> <Width = 16> <Depth = 64> <RAM>
ST_1 : Operation 32 [1/1] (0.00ns)   --->   "%FiltCoeff_2 = alloca i64 1" [G:/Project-Workspace/zynq-7020-video-pipe-3/hw/video-pipe-hw-v2/hw_011223.runs/bd_8126_hsc_0_synth_1/prj/sol/.autopilot/db/v_hscaler.cpp:640]   --->   Operation 32 'alloca' 'FiltCoeff_2' <Predicate = true> <Delay = 0.00> <CoreInst = "RAM_1P_LUTRAM">   --->   Core 87 'RAM_1P_LUTRAM' <Latency = 1> <II = 1> <Delay = 2.32> <Storage> <Opcode : 'load' 'store'> <Ports = 1> <Width = 16> <Depth = 64> <RAM>
ST_1 : Operation 33 [1/1] (0.00ns)   --->   "%FiltCoeff_3 = alloca i64 1" [G:/Project-Workspace/zynq-7020-video-pipe-3/hw/video-pipe-hw-v2/hw_011223.runs/bd_8126_hsc_0_synth_1/prj/sol/.autopilot/db/v_hscaler.cpp:640]   --->   Operation 33 'alloca' 'FiltCoeff_3' <Predicate = true> <Delay = 0.00> <CoreInst = "RAM_1P_LUTRAM">   --->   Core 87 'RAM_1P_LUTRAM' <Latency = 1> <II = 1> <Delay = 2.32> <Storage> <Opcode : 'load' 'store'> <Ports = 1> <Width = 16> <Depth = 64> <RAM>
ST_1 : Operation 34 [1/1] (0.00ns)   --->   "%FiltCoeff_4 = alloca i64 1" [G:/Project-Workspace/zynq-7020-video-pipe-3/hw/video-pipe-hw-v2/hw_011223.runs/bd_8126_hsc_0_synth_1/prj/sol/.autopilot/db/v_hscaler.cpp:640]   --->   Operation 34 'alloca' 'FiltCoeff_4' <Predicate = true> <Delay = 0.00> <CoreInst = "RAM_1P_LUTRAM">   --->   Core 87 'RAM_1P_LUTRAM' <Latency = 1> <II = 1> <Delay = 2.32> <Storage> <Opcode : 'load' 'store'> <Ports = 1> <Width = 16> <Depth = 64> <RAM>
ST_1 : Operation 35 [1/1] (0.00ns)   --->   "%FiltCoeff_5 = alloca i64 1" [G:/Project-Workspace/zynq-7020-video-pipe-3/hw/video-pipe-hw-v2/hw_011223.runs/bd_8126_hsc_0_synth_1/prj/sol/.autopilot/db/v_hscaler.cpp:640]   --->   Operation 35 'alloca' 'FiltCoeff_5' <Predicate = true> <Delay = 0.00> <CoreInst = "RAM_1P_LUTRAM">   --->   Core 87 'RAM_1P_LUTRAM' <Latency = 1> <II = 1> <Delay = 2.32> <Storage> <Opcode : 'load' 'store'> <Ports = 1> <Width = 16> <Depth = 64> <RAM>
ST_1 : Operation 36 [2/2] (0.00ns)   --->   "%call_ln0 = call void @hscale_core_polyphase_Pipeline_loop_init_coeff_phase_loop_init_coeff_tap, i16 %FiltCoeff, i16 %FiltCoeff_1, i16 %FiltCoeff_2, i16 %FiltCoeff_3, i16 %FiltCoeff_4, i16 %FiltCoeff_5, i16 %hfltCoeff"   --->   Operation 36 'call' 'call_ln0' <Predicate = true> <Delay = 0.00> <CoreType = "Generic">   --->   Core 0 '' <Latency = 0> <II = 1> <Delay = 1.00> <Generic> <Opcode : >
ST_1 : Operation 37 [1/1] (1.58ns)   --->   "%store_ln632 = store i11 0, i11 %y" [G:/Project-Workspace/zynq-7020-video-pipe-3/hw/video-pipe-hw-v2/hw_011223.runs/bd_8126_hsc_0_synth_1/prj/sol/.autopilot/db/v_hscaler.cpp:632]   --->   Operation 37 'store' 'store_ln632' <Predicate = true> <Delay = 1.58>

State 2 <SV = 1> <Delay = 4.40>
ST_2 : Operation 38 [1/1] (0.00ns)   --->   "%specinterface_ln0 = specinterface void @_ssdm_op_SpecInterface, i16 %WidthOut_c23, void @ap_fifo_str, i32 0, i32 0, void @p_str, i32 0, i32 0, void @p_str, void @p_str, void @p_str, i32 2, i32 2, i32 16, i32 16, void @p_str, void @ScalarProp_str, i32 4294967295, i32 0"   --->   Operation 38 'specinterface' 'specinterface_ln0' <Predicate = true> <Delay = 0.00>
ST_2 : Operation 39 [1/1] (0.00ns)   --->   "%WidthOut_read = read i16 @_ssdm_op_Read.ap_auto.i16P0A, i16 %WidthOut"   --->   Operation 39 'read' 'WidthOut_read' <Predicate = true> <Delay = 0.00>
ST_2 : Operation 40 [1/1] (2.55ns)   --->   "%write_ln0 = write void @_ssdm_op_Write.ap_fifo.i16P0A, i16 %WidthOut_c23, i16 %WidthOut_read"   --->   Operation 40 'write' 'write_ln0' <Predicate = true> <Delay = 2.55> <CoreInst = "FIFO_SRL">   --->   Core 81 'FIFO_SRL' <Latency = 0> <II = 1> <Delay = 3.63> <Storage> <Opcode : 'read' 'write' 'nbread' 'nbwrite'> <Ports = 0> <Width = 16> <Depth = 2> <FIFO>
ST_2 : Operation 41 [1/1] (0.00ns)   --->   "%specinterface_ln0 = specinterface void @_ssdm_op_SpecInterface, i16 %Height_c19, void @ap_fifo_str, i32 0, i32 0, void @p_str, i32 0, i32 0, void @p_str, void @p_str, void @p_str, i32 2, i32 2, i32 16, i32 16, void @p_str, void @ScalarProp_str, i32 4294967295, i32 0"   --->   Operation 41 'specinterface' 'specinterface_ln0' <Predicate = true> <Delay = 0.00>
ST_2 : Operation 42 [1/1] (0.00ns)   --->   "%Height_read = read i16 @_ssdm_op_Read.ap_auto.i16P0A, i16 %Height"   --->   Operation 42 'read' 'Height_read' <Predicate = true> <Delay = 0.00>
ST_2 : Operation 43 [1/1] (2.55ns)   --->   "%write_ln0 = write void @_ssdm_op_Write.ap_fifo.i16P0A, i16 %Height_c19, i16 %Height_read"   --->   Operation 43 'write' 'write_ln0' <Predicate = true> <Delay = 2.55> <CoreInst = "FIFO_SRL">   --->   Core 81 'FIFO_SRL' <Latency = 0> <II = 1> <Delay = 3.63> <Storage> <Opcode : 'read' 'write' 'nbread' 'nbwrite'> <Ports = 0> <Width = 16> <Depth = 2> <FIFO>
ST_2 : Operation 44 [1/1] (0.00ns)   --->   "%specstablecontent_ln0 = specstablecontent void @_ssdm_op_SpecStableContent, i16 %WidthOut, void "   --->   Operation 44 'specstablecontent' 'specstablecontent_ln0' <Predicate = true> <Delay = 0.00>
ST_2 : Operation 45 [1/1] (0.00ns)   --->   "%specstablecontent_ln0 = specstablecontent void @_ssdm_op_SpecStableContent, i16 %WidthIn, void "   --->   Operation 45 'specstablecontent' 'specstablecontent_ln0' <Predicate = true> <Delay = 0.00>
ST_2 : Operation 46 [1/1] (0.00ns)   --->   "%specstablecontent_ln0 = specstablecontent void @_ssdm_op_SpecStableContent, i16 %Height, void "   --->   Operation 46 'specstablecontent' 'specstablecontent_ln0' <Predicate = true> <Delay = 0.00>
ST_2 : Operation 47 [1/1] (0.00ns)   --->   "%specmemcore_ln0 = specmemcore void @_ssdm_op_SpecMemCore, i9 %phasesH, i64 666, i64 207, i64 1"   --->   Operation 47 'specmemcore' 'specmemcore_ln0' <Predicate = true> <Delay = 0.00>
ST_2 : Operation 48 [1/1] (0.00ns)   --->   "%specmemcore_ln0 = specmemcore void @_ssdm_op_SpecMemCore, i16 %hfltCoeff, i64 666, i64 207, i64 1"   --->   Operation 48 'specmemcore' 'specmemcore_ln0' <Predicate = true> <Delay = 0.00>
ST_2 : Operation 49 [1/1] (0.00ns)   --->   "%specinterface_ln0 = specinterface void @_ssdm_op_SpecInterface, i30 %stream_scaled, void @empty_23, i32 0, i32 0, void @empty_10, i32 0, i32 0, void @empty_10, void @empty_10, void @empty_10, i32 0, i32 0, i32 0, i32 0, void @empty_10, void @empty_10, i32 4294967295, i32 0"   --->   Operation 49 'specinterface' 'specinterface_ln0' <Predicate = true> <Delay = 0.00>
ST_2 : Operation 50 [1/1] (0.00ns)   --->   "%specinterface_ln0 = specinterface void @_ssdm_op_SpecInterface, i30 %stream_upsampled, void @empty_23, i32 0, i32 0, void @empty_10, i32 0, i32 0, void @empty_10, void @empty_10, void @empty_10, i32 0, i32 0, i32 0, i32 0, void @empty_10, void @empty_10, i32 4294967295, i32 0"   --->   Operation 50 'specinterface' 'specinterface_ln0' <Predicate = true> <Delay = 0.00>
ST_2 : Operation 51 [1/1] (0.00ns)   --->   "%specinterface_ln0 = specinterface void @_ssdm_op_SpecInterface, i9 %phasesH, void @empty_1, i32 0, i32 0, void @empty_10, i32 1, i32 0, void @empty_10, void @empty_10, void @empty_10, i32 0, i32 0, i32 0, i32 0, void @empty_10, void @empty_10, i32 4294967295, i32 0"   --->   Operation 51 'specinterface' 'specinterface_ln0' <Predicate = true> <Delay = 0.00>
ST_2 : Operation 52 [1/1] (0.00ns)   --->   "%specinterface_ln0 = specinterface void @_ssdm_op_SpecInterface, i16 %hfltCoeff, void @empty_1, i32 0, i32 0, void @empty_10, i32 1, i32 0, void @empty_10, void @empty_10, void @empty_10, i32 0, i32 0, i32 0, i32 0, void @empty_10, void @empty_10, i32 4294967295, i32 0"   --->   Operation 52 'specinterface' 'specinterface_ln0' <Predicate = true> <Delay = 0.00>
ST_2 : Operation 53 [1/1] (0.00ns)   --->   "%empty = trunc i16 %Height_read"   --->   Operation 53 'trunc' 'empty' <Predicate = true> <Delay = 0.00>
ST_2 : Operation 54 [1/1] (0.00ns)   --->   "%WidthIn_read = read i16 @_ssdm_op_Read.ap_auto.i16P0A, i16 %WidthIn" [E:/Xilinx/Vitis_HLS/2023.2/tps/mingw/8.3.0/win64.o/nt\lib\gcc\x86_64-w64-mingw32\8.3.0\include\c++\bits/stl_algobase.h:224->G:/Project-Workspace/zynq-7020-video-pipe-3/hw/video-pipe-hw-v2/hw_011223.runs/bd_8126_hsc_0_synth_1/prj/sol/.autopilot/db/v_hscaler.cpp:645]   --->   Operation 54 'read' 'WidthIn_read' <Predicate = true> <Delay = 0.00>
ST_2 : Operation 55 [1/1] (2.07ns)   --->   "%icmp_ln224 = icmp_ult  i16 %WidthOut_read, i16 %WidthIn_read" [E:/Xilinx/Vitis_HLS/2023.2/tps/mingw/8.3.0/win64.o/nt\lib\gcc\x86_64-w64-mingw32\8.3.0\include\c++\bits/stl_algobase.h:224->G:/Project-Workspace/zynq-7020-video-pipe-3/hw/video-pipe-hw-v2/hw_011223.runs/bd_8126_hsc_0_synth_1/prj/sol/.autopilot/db/v_hscaler.cpp:645]   --->   Operation 55 'icmp' 'icmp_ln224' <Predicate = true> <Delay = 2.07> <CoreInst = "Cmp">   --->   Core 9 'Cmp' <Latency = 0> <II = 1> <Delay = 2.07> <FuncUnit> <Opcode : 'icmp'> <InPorts = 2> <OutPorts = 1>
ST_2 : Operation 56 [1/1] (0.00ns)   --->   "%trunc_ln645 = trunc i16 %WidthIn_read" [G:/Project-Workspace/zynq-7020-video-pipe-3/hw/video-pipe-hw-v2/hw_011223.runs/bd_8126_hsc_0_synth_1/prj/sol/.autopilot/db/v_hscaler.cpp:645]   --->   Operation 56 'trunc' 'trunc_ln645' <Predicate = true> <Delay = 0.00>
ST_2 : Operation 57 [1/1] (0.00ns)   --->   "%trunc_ln645_1 = trunc i16 %WidthOut_read" [G:/Project-Workspace/zynq-7020-video-pipe-3/hw/video-pipe-hw-v2/hw_011223.runs/bd_8126_hsc_0_synth_1/prj/sol/.autopilot/db/v_hscaler.cpp:645]   --->   Operation 57 'trunc' 'trunc_ln645_1' <Predicate = true> <Delay = 0.00>
ST_2 : Operation 58 [1/1] (0.69ns)   --->   "%TotalPixels = select i1 %icmp_ln224, i11 %trunc_ln645, i11 %trunc_ln645_1" [G:/Project-Workspace/zynq-7020-video-pipe-3/hw/video-pipe-hw-v2/hw_011223.runs/bd_8126_hsc_0_synth_1/prj/sol/.autopilot/db/v_hscaler.cpp:645]   --->   Operation 58 'select' 'TotalPixels' <Predicate = true> <Delay = 0.69> <CoreInst = "Sel">   --->   Core 73 'Sel' <Latency = 0> <II = 1> <Delay = 0.69> <FuncUnit> <Opcode : 'select'> <InPorts = 3> <OutPorts = 1>
ST_2 : Operation 59 [1/1] (0.00ns)   --->   "%specmemcore_ln666 = specmemcore void @_ssdm_op_SpecMemCore, i16 %FiltCoeff_5, i64 666, i64 19, i64 18446744073709551615" [G:/Project-Workspace/zynq-7020-video-pipe-3/hw/video-pipe-hw-v2/hw_011223.runs/bd_8126_hsc_0_synth_1/prj/sol/.autopilot/db/v_hscaler.cpp:666]   --->   Operation 59 'specmemcore' 'specmemcore_ln666' <Predicate = true> <Delay = 0.00>
ST_2 : Operation 60 [1/1] (0.00ns)   --->   "%specmemcore_ln666 = specmemcore void @_ssdm_op_SpecMemCore, i16 %FiltCoeff_4, i64 666, i64 19, i64 18446744073709551615" [G:/Project-Workspace/zynq-7020-video-pipe-3/hw/video-pipe-hw-v2/hw_011223.runs/bd_8126_hsc_0_synth_1/prj/sol/.autopilot/db/v_hscaler.cpp:666]   --->   Operation 60 'specmemcore' 'specmemcore_ln666' <Predicate = true> <Delay = 0.00>
ST_2 : Operation 61 [1/1] (0.00ns)   --->   "%specmemcore_ln666 = specmemcore void @_ssdm_op_SpecMemCore, i16 %FiltCoeff_3, i64 666, i64 19, i64 18446744073709551615" [G:/Project-Workspace/zynq-7020-video-pipe-3/hw/video-pipe-hw-v2/hw_011223.runs/bd_8126_hsc_0_synth_1/prj/sol/.autopilot/db/v_hscaler.cpp:666]   --->   Operation 61 'specmemcore' 'specmemcore_ln666' <Predicate = true> <Delay = 0.00>
ST_2 : Operation 62 [1/1] (0.00ns)   --->   "%specmemcore_ln666 = specmemcore void @_ssdm_op_SpecMemCore, i16 %FiltCoeff_2, i64 666, i64 19, i64 18446744073709551615" [G:/Project-Workspace/zynq-7020-video-pipe-3/hw/video-pipe-hw-v2/hw_011223.runs/bd_8126_hsc_0_synth_1/prj/sol/.autopilot/db/v_hscaler.cpp:666]   --->   Operation 62 'specmemcore' 'specmemcore_ln666' <Predicate = true> <Delay = 0.00>
ST_2 : Operation 63 [1/1] (0.00ns)   --->   "%specmemcore_ln666 = specmemcore void @_ssdm_op_SpecMemCore, i16 %FiltCoeff_1, i64 666, i64 19, i64 18446744073709551615" [G:/Project-Workspace/zynq-7020-video-pipe-3/hw/video-pipe-hw-v2/hw_011223.runs/bd_8126_hsc_0_synth_1/prj/sol/.autopilot/db/v_hscaler.cpp:666]   --->   Operation 63 'specmemcore' 'specmemcore_ln666' <Predicate = true> <Delay = 0.00>
ST_2 : Operation 64 [1/1] (0.00ns)   --->   "%specmemcore_ln666 = specmemcore void @_ssdm_op_SpecMemCore, i16 %FiltCoeff, i64 666, i64 19, i64 18446744073709551615" [G:/Project-Workspace/zynq-7020-video-pipe-3/hw/video-pipe-hw-v2/hw_011223.runs/bd_8126_hsc_0_synth_1/prj/sol/.autopilot/db/v_hscaler.cpp:666]   --->   Operation 64 'specmemcore' 'specmemcore_ln666' <Predicate = true> <Delay = 0.00>
ST_2 : Operation 65 [1/2] (0.00ns)   --->   "%call_ln0 = call void @hscale_core_polyphase_Pipeline_loop_init_coeff_phase_loop_init_coeff_tap, i16 %FiltCoeff, i16 %FiltCoeff_1, i16 %FiltCoeff_2, i16 %FiltCoeff_3, i16 %FiltCoeff_4, i16 %FiltCoeff_5, i16 %hfltCoeff"   --->   Operation 65 'call' 'call_ln0' <Predicate = true> <Delay = 0.00> <CoreType = "Generic">   --->   Core 0 '' <Latency = 0> <II = 1> <Delay = 1.00> <Generic> <Opcode : >
ST_2 : Operation 66 [1/1] (1.63ns)   --->   "%LoopSize = add i11 %TotalPixels, i11 4" [G:/Project-Workspace/zynq-7020-video-pipe-3/hw/video-pipe-hw-v2/hw_011223.runs/bd_8126_hsc_0_synth_1/prj/sol/.autopilot/db/v_hscaler.cpp:649]   --->   Operation 66 'add' 'LoopSize' <Predicate = true> <Delay = 1.63> <CoreInst = "Adder">   --->   Core 1 'Adder' <Latency = 0> <II = 1> <Delay = 1.63> <FuncUnit> <Opcode : 'add' 'sub'> <InPorts = 2> <OutPorts = 1>
ST_2 : Operation 67 [1/1] (1.63ns)   --->   "%add_ln682 = add i11 %TotalPixels, i11 5" [G:/Project-Workspace/zynq-7020-video-pipe-3/hw/video-pipe-hw-v2/hw_011223.runs/bd_8126_hsc_0_synth_1/prj/sol/.autopilot/db/v_hscaler.cpp:682]   --->   Operation 67 'add' 'add_ln682' <Predicate = true> <Delay = 1.63> <CoreInst = "Adder">   --->   Core 1 'Adder' <Latency = 0> <II = 1> <Delay = 1.63> <FuncUnit> <Opcode : 'add' 'sub'> <InPorts = 2> <OutPorts = 1>
ST_2 : Operation 68 [1/1] (0.00ns)   --->   "%br_ln682 = br void %loop_width" [G:/Project-Workspace/zynq-7020-video-pipe-3/hw/video-pipe-hw-v2/hw_011223.runs/bd_8126_hsc_0_synth_1/prj/sol/.autopilot/db/v_hscaler.cpp:682]   --->   Operation 68 'br' 'br_ln682' <Predicate = true> <Delay = 0.00>

State 3 <SV = 2> <Delay = 4.86>
ST_3 : Operation 69 [1/1] (0.00ns)   --->   "%y_4 = load i11 %y" [G:/Project-Workspace/zynq-7020-video-pipe-3/hw/video-pipe-hw-v2/hw_011223.runs/bd_8126_hsc_0_synth_1/prj/sol/.autopilot/db/v_hscaler.cpp:682]   --->   Operation 69 'load' 'y_4' <Predicate = true> <Delay = 0.00>
ST_3 : Operation 70 [1/1] (1.63ns)   --->   "%icmp_ln682 = icmp_eq  i11 %y_4, i11 %empty" [G:/Project-Workspace/zynq-7020-video-pipe-3/hw/video-pipe-hw-v2/hw_011223.runs/bd_8126_hsc_0_synth_1/prj/sol/.autopilot/db/v_hscaler.cpp:682]   --->   Operation 70 'icmp' 'icmp_ln682' <Predicate = true> <Delay = 1.63> <CoreInst = "Cmp">   --->   Core 9 'Cmp' <Latency = 0> <II = 1> <Delay = 1.63> <FuncUnit> <Opcode : 'icmp'> <InPorts = 2> <OutPorts = 1>
ST_3 : Operation 71 [1/1] (0.00ns)   --->   "%speclooptripcount_ln0 = speclooptripcount void @_ssdm_op_SpecLoopTripCount, i64 16, i64 1080, i64 0"   --->   Operation 71 'speclooptripcount' 'speclooptripcount_ln0' <Predicate = true> <Delay = 0.00>
ST_3 : Operation 72 [1/1] (1.63ns)   --->   "%y_5 = add i11 %y_4, i11 1" [G:/Project-Workspace/zynq-7020-video-pipe-3/hw/video-pipe-hw-v2/hw_011223.runs/bd_8126_hsc_0_synth_1/prj/sol/.autopilot/db/v_hscaler.cpp:682]   --->   Operation 72 'add' 'y_5' <Predicate = true> <Delay = 1.63> <CoreInst = "Adder">   --->   Core 1 'Adder' <Latency = 0> <II = 1> <Delay = 1.63> <FuncUnit> <Opcode : 'add' 'sub'> <InPorts = 2> <OutPorts = 1>
ST_3 : Operation 73 [1/1] (0.00ns)   --->   "%br_ln682 = br i1 %icmp_ln682, void %loop_width.split, void %for.end192" [G:/Project-Workspace/zynq-7020-video-pipe-3/hw/video-pipe-hw-v2/hw_011223.runs/bd_8126_hsc_0_synth_1/prj/sol/.autopilot/db/v_hscaler.cpp:682]   --->   Operation 73 'br' 'br_ln682' <Predicate = true> <Delay = 0.00>
ST_3 : Operation 74 [1/1] (0.00ns)   --->   "%empty_82 = wait i32 @_ssdm_op_Wait"   --->   Operation 74 'wait' 'empty_82' <Predicate = (!icmp_ln682)> <Delay = 0.00>
ST_3 : Operation 75 [2/2] (3.22ns)   --->   "%call_ln682 = call void @hscale_core_polyphase_Pipeline_loop_width, i11 %add_ln682, i9 %phasesH, i16 %FiltCoeff, i16 %FiltCoeff_1, i16 %FiltCoeff_2, i16 %FiltCoeff_3, i16 %FiltCoeff_4, i16 %FiltCoeff_5, i11 %LoopSize, i16 %WidthIn_read, i30 %stream_upsampled, i30 %stream_scaled, i10 %PixArray_23, i10 %PixArray_22, i10 %PixArray_21, i10 %PixArray_20, i10 %PixArray_19, i10 %PixArray_18, i10 %PixArray_17, i10 %PixArray_16, i10 %PixArray_15, i10 %PixArray_14, i10 %PixArray_13, i10 %PixArray_12, i10 %PixArray_11, i10 %PixArray_10, i10 %PixArray_9, i10 %PixArray_8, i10 %PixArray_7, i10 %PixArray_6, i10 %PixArray_5, i10 %PixArray_4, i10 %PixArray_3, i10 %PixArray_2, i10 %PixArray_1, i10 %PixArray" [G:/Project-Workspace/zynq-7020-video-pipe-3/hw/video-pipe-hw-v2/hw_011223.runs/bd_8126_hsc_0_synth_1/prj/sol/.autopilot/db/v_hscaler.cpp:682]   --->   Operation 75 'call' 'call_ln682' <Predicate = (!icmp_ln682)> <Delay = 3.22> <CoreType = "Generic">   --->   Core 0 '' <Latency = 0> <II = 1> <Delay = 1.00> <Generic> <Opcode : >
ST_3 : Operation 76 [1/1] (1.58ns)   --->   "%store_ln632 = store i11 %y_5, i11 %y" [G:/Project-Workspace/zynq-7020-video-pipe-3/hw/video-pipe-hw-v2/hw_011223.runs/bd_8126_hsc_0_synth_1/prj/sol/.autopilot/db/v_hscaler.cpp:632]   --->   Operation 76 'store' 'store_ln632' <Predicate = (!icmp_ln682)> <Delay = 1.58>
ST_3 : Operation 77 [1/1] (0.00ns)   --->   "%ret_ln981 = ret" [G:/Project-Workspace/zynq-7020-video-pipe-3/hw/video-pipe-hw-v2/hw_011223.runs/bd_8126_hsc_0_synth_1/prj/sol/.autopilot/db/v_hscaler.cpp:981]   --->   Operation 77 'ret' 'ret_ln981' <Predicate = (icmp_ln682)> <Delay = 0.00>

State 4 <SV = 3> <Delay = 0.00>
ST_4 : Operation 78 [1/1] (0.00ns)   --->   "%specloopname_ln682 = specloopname void @_ssdm_op_SpecLoopName, void @empty_24" [G:/Project-Workspace/zynq-7020-video-pipe-3/hw/video-pipe-hw-v2/hw_011223.runs/bd_8126_hsc_0_synth_1/prj/sol/.autopilot/db/v_hscaler.cpp:682]   --->   Operation 78 'specloopname' 'specloopname_ln682' <Predicate = true> <Delay = 0.00>
ST_4 : Operation 79 [1/2] (0.00ns)   --->   "%call_ln682 = call void @hscale_core_polyphase_Pipeline_loop_width, i11 %add_ln682, i9 %phasesH, i16 %FiltCoeff, i16 %FiltCoeff_1, i16 %FiltCoeff_2, i16 %FiltCoeff_3, i16 %FiltCoeff_4, i16 %FiltCoeff_5, i11 %LoopSize, i16 %WidthIn_read, i30 %stream_upsampled, i30 %stream_scaled, i10 %PixArray_23, i10 %PixArray_22, i10 %PixArray_21, i10 %PixArray_20, i10 %PixArray_19, i10 %PixArray_18, i10 %PixArray_17, i10 %PixArray_16, i10 %PixArray_15, i10 %PixArray_14, i10 %PixArray_13, i10 %PixArray_12, i10 %PixArray_11, i10 %PixArray_10, i10 %PixArray_9, i10 %PixArray_8, i10 %PixArray_7, i10 %PixArray_6, i10 %PixArray_5, i10 %PixArray_4, i10 %PixArray_3, i10 %PixArray_2, i10 %PixArray_1, i10 %PixArray" [G:/Project-Workspace/zynq-7020-video-pipe-3/hw/video-pipe-hw-v2/hw_011223.runs/bd_8126_hsc_0_synth_1/prj/sol/.autopilot/db/v_hscaler.cpp:682]   --->   Operation 79 'call' 'call_ln682' <Predicate = true> <Delay = 0.00> <CoreType = "Generic">   --->   Core 0 '' <Latency = 0> <II = 1> <Delay = 1.00> <Generic> <Opcode : >
ST_4 : Operation 80 [1/1] (0.00ns)   --->   "%br_ln682 = br void %loop_width" [G:/Project-Workspace/zynq-7020-video-pipe-3/hw/video-pipe-hw-v2/hw_011223.runs/bd_8126_hsc_0_synth_1/prj/sol/.autopilot/db/v_hscaler.cpp:682]   --->   Operation 80 'br' 'br_ln682' <Predicate = true> <Delay = 0.00>


============================================================
+ Verbose Summary: Timing violations
============================================================
Target clock period: 7.000ns, clock uncertainty: 1.890ns.

 <State 1>: 1.588ns
The critical path consists of the following:
	'alloca' operation 11 bit ('y', G:/Project-Workspace/zynq-7020-video-pipe-3/hw/video-pipe-hw-v2/hw_011223.runs/bd_8126_hsc_0_synth_1/prj/sol/.autopilot/db/v_hscaler.cpp:632) [10]  (0.000 ns)
	'store' operation 0 bit ('store_ln632', G:/Project-Workspace/zynq-7020-video-pipe-3/hw/video-pipe-hw-v2/hw_011223.runs/bd_8126_hsc_0_synth_1/prj/sol/.autopilot/db/v_hscaler.cpp:632) of constant 0 on local variable 'y', G:/Project-Workspace/zynq-7020-video-pipe-3/hw/video-pipe-hw-v2/hw_011223.runs/bd_8126_hsc_0_synth_1/prj/sol/.autopilot/db/v_hscaler.cpp:632 [71]  (1.588 ns)

 <State 2>: 4.408ns
The critical path consists of the following:
	wire read operation ('WidthOut_read') on port 'WidthOut' [36]  (0.000 ns)
	'icmp' operation 1 bit ('icmp_ln224', E:/Xilinx/Vitis_HLS/2023.2/tps/mingw/8.3.0/win64.o/nt\lib\gcc\x86_64-w64-mingw32\8.3.0\include\c++\bits/stl_algobase.h:224->G:/Project-Workspace/zynq-7020-video-pipe-3/hw/video-pipe-hw-v2/hw_011223.runs/bd_8126_hsc_0_synth_1/prj/sol/.autopilot/db/v_hscaler.cpp:645) [58]  (2.077 ns)
	'select' operation 11 bit ('TotalPixels', G:/Project-Workspace/zynq-7020-video-pipe-3/hw/video-pipe-hw-v2/hw_011223.runs/bd_8126_hsc_0_synth_1/prj/sol/.autopilot/db/v_hscaler.cpp:645) [61]  (0.692 ns)
	'add' operation 11 bit ('LoopSize', G:/Project-Workspace/zynq-7020-video-pipe-3/hw/video-pipe-hw-v2/hw_011223.runs/bd_8126_hsc_0_synth_1/prj/sol/.autopilot/db/v_hscaler.cpp:649) [69]  (1.639 ns)

 <State 3>: 4.866ns
The critical path consists of the following:
	'load' operation 11 bit ('y', G:/Project-Workspace/zynq-7020-video-pipe-3/hw/video-pipe-hw-v2/hw_011223.runs/bd_8126_hsc_0_synth_1/prj/sol/.autopilot/db/v_hscaler.cpp:682) on local variable 'y', G:/Project-Workspace/zynq-7020-video-pipe-3/hw/video-pipe-hw-v2/hw_011223.runs/bd_8126_hsc_0_synth_1/prj/sol/.autopilot/db/v_hscaler.cpp:632 [74]  (0.000 ns)
	'icmp' operation 1 bit ('icmp_ln682', G:/Project-Workspace/zynq-7020-video-pipe-3/hw/video-pipe-hw-v2/hw_011223.runs/bd_8126_hsc_0_synth_1/prj/sol/.autopilot/db/v_hscaler.cpp:682) [75]  (1.639 ns)
	'call' operation 0 bit ('call_ln682', G:/Project-Workspace/zynq-7020-video-pipe-3/hw/video-pipe-hw-v2/hw_011223.runs/bd_8126_hsc_0_synth_1/prj/sol/.autopilot/db/v_hscaler.cpp:682) to 'hscale_core_polyphase_Pipeline_loop_width' [82]  (3.227 ns)

 <State 4>: 0.000ns
The critical path consists of the following:


============================================================
+ Verbose Summary: Binding
============================================================
N/A
* FSMD analyzer results:
  - Output states:
 - Input state : 
  - Chain level:
	State 1
	State 2
	State 3
	State 4


============================================================
+ Verbose Summary: Datapath Resource usage 
============================================================
N/A
