

================================================================
== Vitis HLS Report for 'v_vcresampler_core'
================================================================
* Date:           Wed Dec 20 16:40:50 2023

* Version:        2023.2 (Build 4023990 on Oct 11 2023)
* Project:        prj
* Solution:       sol (Vivado IP Flow Target)
* Product family: zynq
* Target device:  xc7z020-clg484-1


================================================================
== Performance Estimates
================================================================
+ Timing: 
    * Summary: 
    +--------+---------+----------+------------+
    |  Clock |  Target | Estimated| Uncertainty|
    +--------+---------+----------+------------+
    |ap_clk  |  7.00 ns|  5.253 ns|     1.89 ns|
    +--------+---------+----------+------------+

+ Latency: 
    * Summary: 
    +---------+------------+-----------+-----------+-----+------------+---------+
    |   Latency (cycles)   |   Latency (absolute)  |     Interval     | Pipeline|
    |   min   |     max    |    min    |    max    | min |     max    |   Type  |
    +---------+------------+-----------+-----------+-----+------------+---------+
    |        2|  1073938427|  14.000 ns|  7.518 sec|    2|  1073938427|       no|
    +---------+------------+-----------+-----------+-----+------------+---------+

    + Detail: 
        * Instance: 
        N/A

        * Loop: 
        +---------------------+---------+------------+-----------+-----------+-----------+-----------+----------+
        |                     |   Latency (cycles)   | Iteration |  Initiation Interval  |    Trip   |          |
        |      Loop Name      |   min   |     max    |  Latency  |  achieved |   target  |   Count   | Pipelined|
        +---------------------+---------+------------+-----------+-----------+-----------+-----------+----------+
        |- VITIS_LOOP_1896_1  |        0|  1073938425|  5 ~ 32775|          -|          -|  0 ~ 32767|        no|
        +---------------------+---------+------------+-----------+-----------+-----------+-----------+----------+

============================================================
+ Verbose Summary: Synthesis Manager
============================================================
InlineROM: 1
ExposeGlobal: 0
============================================================
+ Verbose Summary: CDFG Model
============================================================
IsTopModel: 0
ResetActiveHigh: 1
IsCombinational: 2
IsDatapathOnly: 0
HasWiredReturn: 1
HasMFsm: 0
HasVarLatency: 1
IsPipeline: 0
IsRtlPipelined: 0
IsInstanceOverlapped: 0
IsDontTouch: 0
HasImplIP: 0
IsGatedGlobalClock: 0


============================================================
+ Verbose Summary: Schedule
============================================================
* Number of FSM states : 5
* Pipeline : 0
* Dataflow Pipeline: 0

* FSM state transitions: 
1 --> 2 
2 --> 3 
3 --> 4 
4 --> 5 
5 --> 3 

* FSM state operations: 

State 1 <SV = 0> <Delay = 2.55>
ST_1 : Operation 6 [1/1] (0.00ns)   --->   "%pix_0_0_0_0_0_load499_lcssa521 = alloca i32 1"   --->   Operation 6 'alloca' 'pix_0_0_0_0_0_load499_lcssa521' <Predicate = true> <Delay = 0.00>
ST_1 : Operation 7 [1/1] (0.00ns)   --->   "%pix_0_1_0_0_0_load501_lcssa524 = alloca i32 1"   --->   Operation 7 'alloca' 'pix_0_1_0_0_0_load501_lcssa524' <Predicate = true> <Delay = 0.00>
ST_1 : Operation 8 [1/1] (0.00ns)   --->   "%pix_0_2_0_0_0_load503_lcssa527 = alloca i32 1"   --->   Operation 8 'alloca' 'pix_0_2_0_0_0_load503_lcssa527' <Predicate = true> <Delay = 0.00>
ST_1 : Operation 9 [1/1] (0.00ns)   --->   "%p_0_0344505_lcssa530 = alloca i32 1"   --->   Operation 9 'alloca' 'p_0_0344505_lcssa530' <Predicate = true> <Delay = 0.00>
ST_1 : Operation 10 [1/1] (0.00ns)   --->   "%y = alloca i32 1" [G:/Project-Workspace/zynq-7020-video-pipe-3/hw/video-pipe-hw-v2/hw_011223.runs/bd_8126_hsc_0_synth_1/prj/sol/.autopilot/db/v_hscaler.cpp:1858]   --->   Operation 10 'alloca' 'y' <Predicate = true> <Delay = 0.00>
ST_1 : Operation 11 [1/1] (2.55ns)   --->   "%p_read_2 = read i1 @_ssdm_op_Read.ap_auto.i1, i1 %p_read"   --->   Operation 11 'read' 'p_read_2' <Predicate = true> <Delay = 2.55> <CoreInst = "FIFO_SRL">   --->   Core 81 'FIFO_SRL' <Latency = 0> <II = 1> <Delay = 3.63> <Storage> <Opcode : 'read' 'write' 'nbread' 'nbwrite'> <Ports = 0> <Width = -1> <Depth = -1> <FIFO>
ST_1 : Operation 12 [1/1] (0.00ns)   --->   "%linebuf_y = alloca i64 1" [G:/Project-Workspace/zynq-7020-video-pipe-3/hw/video-pipe-hw-v2/hw_011223.runs/bd_8126_hsc_0_synth_1/prj/sol/.autopilot/db/v_hscaler.cpp:1866]   --->   Operation 12 'alloca' 'linebuf_y' <Predicate = true> <Delay = 0.00>
ST_1 : Operation 13 [1/1] (0.00ns)   --->   "%linebuf_c = alloca i64 1" [G:/Project-Workspace/zynq-7020-video-pipe-3/hw/video-pipe-hw-v2/hw_011223.runs/bd_8126_hsc_0_synth_1/prj/sol/.autopilot/db/v_hscaler.cpp:1867]   --->   Operation 13 'alloca' 'linebuf_c' <Predicate = true> <Delay = 0.00>
ST_1 : Operation 14 [1/1] (0.00ns)   --->   "%linebuf_c_1 = alloca i64 1" [G:/Project-Workspace/zynq-7020-video-pipe-3/hw/video-pipe-hw-v2/hw_011223.runs/bd_8126_hsc_0_synth_1/prj/sol/.autopilot/db/v_hscaler.cpp:1867]   --->   Operation 14 'alloca' 'linebuf_c_1' <Predicate = true> <Delay = 0.00>
ST_1 : Operation 15 [1/1] (1.58ns)   --->   "%store_ln1858 = store i15 0, i15 %y" [G:/Project-Workspace/zynq-7020-video-pipe-3/hw/video-pipe-hw-v2/hw_011223.runs/bd_8126_hsc_0_synth_1/prj/sol/.autopilot/db/v_hscaler.cpp:1858]   --->   Operation 15 'store' 'store_ln1858' <Predicate = true> <Delay = 1.58>

State 2 <SV = 1> <Delay = 5.11>
ST_2 : Operation 16 [1/1] (0.00ns)   --->   "%specinterface_ln0 = specinterface void @_ssdm_op_SpecInterface, i16 %WidthOut, void @ap_fifo_str, i32 0, i32 0, void @p_str, i32 0, i32 0, void @p_str, void @p_str, void @p_str, i32 2, i32 2, i32 16, i32 16, void @p_str, void @ScalarProp_str, i32 4294967295, i32 0"   --->   Operation 16 'specinterface' 'specinterface_ln0' <Predicate = true> <Delay = 0.00>
ST_2 : Operation 17 [1/1] (2.55ns)   --->   "%loopWidth = read i16 @_ssdm_op_Read.ap_fifo.i16P0A, i16 %WidthOut"   --->   Operation 17 'read' 'loopWidth' <Predicate = true> <Delay = 2.55> <CoreInst = "FIFO_SRL">   --->   Core 81 'FIFO_SRL' <Latency = 0> <II = 1> <Delay = 3.63> <Storage> <Opcode : 'read' 'write' 'nbread' 'nbwrite'> <Ports = 0> <Width = 16> <Depth = 2> <FIFO>
ST_2 : Operation 18 [1/1] (0.00ns)   --->   "%specinterface_ln0 = specinterface void @_ssdm_op_SpecInterface, i16 %WidthOut_c, void @ap_fifo_str, i32 0, i32 0, void @p_str, i32 0, i32 0, void @p_str, void @p_str, void @p_str, i32 2, i32 2, i32 16, i32 16, void @p_str, void @ScalarProp_str, i32 4294967295, i32 0"   --->   Operation 18 'specinterface' 'specinterface_ln0' <Predicate = true> <Delay = 0.00>
ST_2 : Operation 19 [1/1] (2.55ns)   --->   "%write_ln0 = write void @_ssdm_op_Write.ap_fifo.i16P0A, i16 %WidthOut_c, i16 %loopWidth"   --->   Operation 19 'write' 'write_ln0' <Predicate = true> <Delay = 2.55> <CoreInst = "FIFO_SRL">   --->   Core 81 'FIFO_SRL' <Latency = 0> <II = 1> <Delay = 3.63> <Storage> <Opcode : 'read' 'write' 'nbread' 'nbwrite'> <Ports = 0> <Width = 16> <Depth = 2> <FIFO>
ST_2 : Operation 20 [1/1] (0.00ns)   --->   "%specinterface_ln0 = specinterface void @_ssdm_op_SpecInterface, i16 %Height, void @ap_fifo_str, i32 0, i32 0, void @p_str, i32 0, i32 0, void @p_str, void @p_str, void @p_str, i32 2, i32 2, i32 16, i32 16, void @p_str, void @ScalarProp_str, i32 4294967295, i32 0"   --->   Operation 20 'specinterface' 'specinterface_ln0' <Predicate = true> <Delay = 0.00>
ST_2 : Operation 21 [1/1] (2.55ns)   --->   "%Height_read = read i16 @_ssdm_op_Read.ap_fifo.i16P0A, i16 %Height"   --->   Operation 21 'read' 'Height_read' <Predicate = true> <Delay = 2.55> <CoreInst = "FIFO_SRL">   --->   Core 81 'FIFO_SRL' <Latency = 0> <II = 1> <Delay = 3.63> <Storage> <Opcode : 'read' 'write' 'nbread' 'nbwrite'> <Ports = 0> <Width = 16> <Depth = 2> <FIFO>
ST_2 : Operation 22 [1/1] (0.00ns)   --->   "%specinterface_ln0 = specinterface void @_ssdm_op_SpecInterface, i16 %Height_c, void @ap_fifo_str, i32 0, i32 0, void @p_str, i32 0, i32 0, void @p_str, void @p_str, void @p_str, i32 2, i32 2, i32 16, i32 16, void @p_str, void @ScalarProp_str, i32 4294967295, i32 0"   --->   Operation 22 'specinterface' 'specinterface_ln0' <Predicate = true> <Delay = 0.00>
ST_2 : Operation 23 [1/1] (2.55ns)   --->   "%write_ln0 = write void @_ssdm_op_Write.ap_fifo.i16P0A, i16 %Height_c, i16 %Height_read"   --->   Operation 23 'write' 'write_ln0' <Predicate = true> <Delay = 2.55> <CoreInst = "FIFO_SRL">   --->   Core 81 'FIFO_SRL' <Latency = 0> <II = 1> <Delay = 3.63> <Storage> <Opcode : 'read' 'write' 'nbread' 'nbwrite'> <Ports = 0> <Width = 16> <Depth = 2> <FIFO>
ST_2 : Operation 24 [1/1] (0.00ns)   --->   "%specstablecontent_ln0 = specstablecontent void @_ssdm_op_SpecStableContent, i16 %WidthOut, void "   --->   Operation 24 'specstablecontent' 'specstablecontent_ln0' <Predicate = true> <Delay = 0.00>
ST_2 : Operation 25 [1/1] (0.00ns)   --->   "%specstablecontent_ln0 = specstablecontent void @_ssdm_op_SpecStableContent, i16 %Height, void "   --->   Operation 25 'specstablecontent' 'specstablecontent_ln0' <Predicate = true> <Delay = 0.00>
ST_2 : Operation 26 [1/1] (0.00ns)   --->   "%specinterface_ln0 = specinterface void @_ssdm_op_SpecInterface, i30 %stream_out_420, void @empty_23, i32 0, i32 0, void @empty_10, i32 0, i32 0, void @empty_10, void @empty_10, void @empty_10, i32 0, i32 0, i32 0, i32 0, void @empty_10, void @empty_10, i32 4294967295, i32 0"   --->   Operation 26 'specinterface' 'specinterface_ln0' <Predicate = true> <Delay = 0.00>
ST_2 : Operation 27 [1/1] (0.00ns)   --->   "%specinterface_ln0 = specinterface void @_ssdm_op_SpecInterface, i30 %stream_out_422, void @empty_23, i32 0, i32 0, void @empty_10, i32 0, i32 0, void @empty_10, void @empty_10, void @empty_10, i32 0, i32 0, i32 0, i32 0, void @empty_10, void @empty_10, i32 4294967295, i32 0"   --->   Operation 27 'specinterface' 'specinterface_ln0' <Predicate = true> <Delay = 0.00>
ST_2 : Operation 28 [1/1] (0.97ns)   --->   "%yOffset = xor i1 %p_read_2, i1 1" [G:/Project-Workspace/zynq-7020-video-pipe-3/hw/video-pipe-hw-v2/hw_011223.runs/bd_8126_hsc_0_synth_1/prj/sol/.autopilot/db/v_hscaler.cpp:1881]   --->   Operation 28 'xor' 'yOffset' <Predicate = true> <Delay = 0.97> <CoreInst = "LogicGate">   --->   Core 74 'LogicGate' <Latency = 0> <II = 1> <Delay = 0.97> <FuncUnit> <Opcode : 'and' 'or' 'xor'> <InPorts = 2> <OutPorts = 1>
ST_2 : Operation 29 [1/1] (0.00ns)   --->   "%zext_ln1859 = zext i1 %yOffset" [G:/Project-Workspace/zynq-7020-video-pipe-3/hw/video-pipe-hw-v2/hw_011223.runs/bd_8126_hsc_0_synth_1/prj/sol/.autopilot/db/v_hscaler.cpp:1859]   --->   Operation 29 'zext' 'zext_ln1859' <Predicate = true> <Delay = 0.00>
ST_2 : Operation 30 [1/1] (2.07ns)   --->   "%loopHeight = add i16 %Height_read, i16 %zext_ln1859" [G:/Project-Workspace/zynq-7020-video-pipe-3/hw/video-pipe-hw-v2/hw_011223.runs/bd_8126_hsc_0_synth_1/prj/sol/.autopilot/db/v_hscaler.cpp:1894]   --->   Operation 30 'add' 'loopHeight' <Predicate = true> <Delay = 2.07> <CoreInst = "Adder">   --->   Core 1 'Adder' <Latency = 0> <II = 1> <Delay = 2.07> <FuncUnit> <Opcode : 'add' 'sub'> <InPorts = 2> <OutPorts = 1>
ST_2 : Operation 31 [1/1] (0.00ns)   --->   "%br_ln1896 = br void %VITIS_LOOP_1898_2" [G:/Project-Workspace/zynq-7020-video-pipe-3/hw/video-pipe-hw-v2/hw_011223.runs/bd_8126_hsc_0_synth_1/prj/sol/.autopilot/db/v_hscaler.cpp:1896]   --->   Operation 31 'br' 'br_ln1896' <Predicate = true> <Delay = 0.00>

State 3 <SV = 2> <Delay = 3.66>
ST_3 : Operation 32 [1/1] (0.00ns)   --->   "%y_1 = load i15 %y" [G:/Project-Workspace/zynq-7020-video-pipe-3/hw/video-pipe-hw-v2/hw_011223.runs/bd_8126_hsc_0_synth_1/prj/sol/.autopilot/db/v_hscaler.cpp:1896]   --->   Operation 32 'load' 'y_1' <Predicate = true> <Delay = 0.00>
ST_3 : Operation 33 [1/1] (0.00ns)   --->   "%zext_ln1896 = zext i15 %y_1" [G:/Project-Workspace/zynq-7020-video-pipe-3/hw/video-pipe-hw-v2/hw_011223.runs/bd_8126_hsc_0_synth_1/prj/sol/.autopilot/db/v_hscaler.cpp:1896]   --->   Operation 33 'zext' 'zext_ln1896' <Predicate = true> <Delay = 0.00>
ST_3 : Operation 34 [1/1] (2.07ns)   --->   "%icmp_ln1896 = icmp_slt  i16 %zext_ln1896, i16 %loopHeight" [G:/Project-Workspace/zynq-7020-video-pipe-3/hw/video-pipe-hw-v2/hw_011223.runs/bd_8126_hsc_0_synth_1/prj/sol/.autopilot/db/v_hscaler.cpp:1896]   --->   Operation 34 'icmp' 'icmp_ln1896' <Predicate = true> <Delay = 2.07> <CoreInst = "Cmp">   --->   Core 9 'Cmp' <Latency = 0> <II = 1> <Delay = 2.07> <FuncUnit> <Opcode : 'icmp'> <InPorts = 2> <OutPorts = 1>
ST_3 : Operation 35 [1/1] (0.00ns)   --->   "%speclooptripcount_ln0 = speclooptripcount void @_ssdm_op_SpecLoopTripCount, i64 0, i64 32767, i64 32767"   --->   Operation 35 'speclooptripcount' 'speclooptripcount_ln0' <Predicate = true> <Delay = 0.00>
ST_3 : Operation 36 [1/1] (1.94ns)   --->   "%add_ln1896 = add i15 %y_1, i15 1" [G:/Project-Workspace/zynq-7020-video-pipe-3/hw/video-pipe-hw-v2/hw_011223.runs/bd_8126_hsc_0_synth_1/prj/sol/.autopilot/db/v_hscaler.cpp:1896]   --->   Operation 36 'add' 'add_ln1896' <Predicate = true> <Delay = 1.94> <CoreInst = "Adder">   --->   Core 1 'Adder' <Latency = 0> <II = 1> <Delay = 1.94> <FuncUnit> <Opcode : 'add' 'sub'> <InPorts = 2> <OutPorts = 1>
ST_3 : Operation 37 [1/1] (0.00ns)   --->   "%br_ln1896 = br i1 %icmp_ln1896, void %for.end397.loopexit, void %VITIS_LOOP_1898_2.split" [G:/Project-Workspace/zynq-7020-video-pipe-3/hw/video-pipe-hw-v2/hw_011223.runs/bd_8126_hsc_0_synth_1/prj/sol/.autopilot/db/v_hscaler.cpp:1896]   --->   Operation 37 'br' 'br_ln1896' <Predicate = true> <Delay = 0.00>
ST_3 : Operation 38 [1/1] (1.94ns)   --->   "%out_y = sub i16 %zext_ln1896, i16 %zext_ln1859" [G:/Project-Workspace/zynq-7020-video-pipe-3/hw/video-pipe-hw-v2/hw_011223.runs/bd_8126_hsc_0_synth_1/prj/sol/.autopilot/db/v_hscaler.cpp:1896]   --->   Operation 38 'sub' 'out_y' <Predicate = (icmp_ln1896)> <Delay = 1.94> <CoreInst = "Adder">   --->   Core 1 'Adder' <Latency = 0> <II = 1> <Delay = 1.94> <FuncUnit> <Opcode : 'add' 'sub'> <InPorts = 2> <OutPorts = 1>
ST_3 : Operation 39 [1/1] (0.00ns)   --->   "%empty = trunc i16 %out_y" [G:/Project-Workspace/zynq-7020-video-pipe-3/hw/video-pipe-hw-v2/hw_011223.runs/bd_8126_hsc_0_synth_1/prj/sol/.autopilot/db/v_hscaler.cpp:1896]   --->   Operation 39 'trunc' 'empty' <Predicate = (icmp_ln1896)> <Delay = 0.00>
ST_3 : Operation 40 [1/1] (2.07ns)   --->   "%cmp33 = icmp_ult  i16 %zext_ln1896, i16 %Height_read" [G:/Project-Workspace/zynq-7020-video-pipe-3/hw/video-pipe-hw-v2/hw_011223.runs/bd_8126_hsc_0_synth_1/prj/sol/.autopilot/db/v_hscaler.cpp:1896]   --->   Operation 40 'icmp' 'cmp33' <Predicate = (icmp_ln1896)> <Delay = 2.07> <CoreInst = "Cmp">   --->   Core 9 'Cmp' <Latency = 0> <II = 1> <Delay = 2.07> <FuncUnit> <Opcode : 'icmp'> <InPorts = 2> <OutPorts = 1>
ST_3 : Operation 41 [1/1] (1.94ns)   --->   "%cmp100 = icmp_ne  i15 %y_1, i15 0" [G:/Project-Workspace/zynq-7020-video-pipe-3/hw/video-pipe-hw-v2/hw_011223.runs/bd_8126_hsc_0_synth_1/prj/sol/.autopilot/db/v_hscaler.cpp:1896]   --->   Operation 41 'icmp' 'cmp100' <Predicate = (icmp_ln1896)> <Delay = 1.94> <CoreInst = "Cmp">   --->   Core 9 'Cmp' <Latency = 0> <II = 1> <Delay = 1.94> <FuncUnit> <Opcode : 'icmp'> <InPorts = 2> <OutPorts = 1>
ST_3 : Operation 42 [1/1] (0.00ns)   --->   "%tmp = bitselect i1 @_ssdm_op_BitSelect.i1.i16.i32, i16 %out_y, i32 15" [G:/Project-Workspace/zynq-7020-video-pipe-3/hw/video-pipe-hw-v2/hw_011223.runs/bd_8126_hsc_0_synth_1/prj/sol/.autopilot/db/v_hscaler.cpp:1896]   --->   Operation 42 'bitselect' 'tmp' <Predicate = (icmp_ln1896)> <Delay = 0.00>
ST_3 : Operation 43 [1/1] (0.00ns)   --->   "%empty_61 = wait i32 @_ssdm_op_Wait"   --->   Operation 43 'wait' 'empty_61' <Predicate = (icmp_ln1896)> <Delay = 0.00>
ST_3 : Operation 44 [1/1] (1.58ns)   --->   "%store_ln1858 = store i15 %add_ln1896, i15 %y" [G:/Project-Workspace/zynq-7020-video-pipe-3/hw/video-pipe-hw-v2/hw_011223.runs/bd_8126_hsc_0_synth_1/prj/sol/.autopilot/db/v_hscaler.cpp:1858]   --->   Operation 44 'store' 'store_ln1858' <Predicate = (icmp_ln1896)> <Delay = 1.58>
ST_3 : Operation 45 [1/1] (0.00ns)   --->   "%ret_ln2064 = ret" [G:/Project-Workspace/zynq-7020-video-pipe-3/hw/video-pipe-hw-v2/hw_011223.runs/bd_8126_hsc_0_synth_1/prj/sol/.autopilot/db/v_hscaler.cpp:2064]   --->   Operation 45 'ret' 'ret_ln2064' <Predicate = (!icmp_ln1896)> <Delay = 0.00>

State 4 <SV = 3> <Delay = 3.66>
ST_4 : Operation 46 [2/2] (3.66ns)   --->   "%call_ln1896 = call void @v_vcresampler_core_Pipeline_VITIS_LOOP_1898_2, i16 %loopWidth, i30 %stream_out_420, i1 %p_read_2, i1 %cmp100, i10 %linebuf_c_1, i1 %empty, i1 %tmp, i10 %linebuf_y, i10 %linebuf_c, i1 %cmp33, i30 %stream_out_422, i10 %p_0_0344505_lcssa530, i10 %pix_0_2_0_0_0_load503_lcssa527, i10 %pix_0_1_0_0_0_load501_lcssa524, i10 %pix_0_0_0_0_0_load499_lcssa521" [G:/Project-Workspace/zynq-7020-video-pipe-3/hw/video-pipe-hw-v2/hw_011223.runs/bd_8126_hsc_0_synth_1/prj/sol/.autopilot/db/v_hscaler.cpp:1896]   --->   Operation 46 'call' 'call_ln1896' <Predicate = true> <Delay = 3.66> <CoreType = "Generic">   --->   Core 0 '' <Latency = 0> <II = 1> <Delay = 1.00> <Generic> <Opcode : >

State 5 <SV = 4> <Delay = 0.00>
ST_5 : Operation 47 [1/1] (0.00ns)   --->   "%specloopname_ln1896 = specloopname void @_ssdm_op_SpecLoopName, void @empty_7" [G:/Project-Workspace/zynq-7020-video-pipe-3/hw/video-pipe-hw-v2/hw_011223.runs/bd_8126_hsc_0_synth_1/prj/sol/.autopilot/db/v_hscaler.cpp:1896]   --->   Operation 47 'specloopname' 'specloopname_ln1896' <Predicate = true> <Delay = 0.00>
ST_5 : Operation 48 [1/2] (0.00ns)   --->   "%call_ln1896 = call void @v_vcresampler_core_Pipeline_VITIS_LOOP_1898_2, i16 %loopWidth, i30 %stream_out_420, i1 %p_read_2, i1 %cmp100, i10 %linebuf_c_1, i1 %empty, i1 %tmp, i10 %linebuf_y, i10 %linebuf_c, i1 %cmp33, i30 %stream_out_422, i10 %p_0_0344505_lcssa530, i10 %pix_0_2_0_0_0_load503_lcssa527, i10 %pix_0_1_0_0_0_load501_lcssa524, i10 %pix_0_0_0_0_0_load499_lcssa521" [G:/Project-Workspace/zynq-7020-video-pipe-3/hw/video-pipe-hw-v2/hw_011223.runs/bd_8126_hsc_0_synth_1/prj/sol/.autopilot/db/v_hscaler.cpp:1896]   --->   Operation 48 'call' 'call_ln1896' <Predicate = true> <Delay = 0.00> <CoreType = "Generic">   --->   Core 0 '' <Latency = 0> <II = 1> <Delay = 1.00> <Generic> <Opcode : >
ST_5 : Operation 49 [1/1] (0.00ns)   --->   "%br_ln1896 = br void %VITIS_LOOP_1898_2" [G:/Project-Workspace/zynq-7020-video-pipe-3/hw/video-pipe-hw-v2/hw_011223.runs/bd_8126_hsc_0_synth_1/prj/sol/.autopilot/db/v_hscaler.cpp:1896]   --->   Operation 49 'br' 'br_ln1896' <Predicate = true> <Delay = 0.00>


============================================================
+ Verbose Summary: Timing violations
============================================================
Target clock period: 7.000ns, clock uncertainty: 1.890ns.

 <State 1>: 2.555ns
The critical path consists of the following:
	wire read operation ('p_read_2') on port 'p_read' [13]  (2.555 ns)

 <State 2>: 5.110ns
The critical path consists of the following:
	fifo read operation ('loopWidth') on port 'WidthOut' [15]  (2.555 ns)
	fifo write operation ('write_ln0') on port 'WidthOut_c' [17]  (2.555 ns)

 <State 3>: 3.665ns
The critical path consists of the following:
	'load' operation 15 bit ('y', G:/Project-Workspace/zynq-7020-video-pipe-3/hw/video-pipe-hw-v2/hw_011223.runs/bd_8126_hsc_0_synth_1/prj/sol/.autopilot/db/v_hscaler.cpp:1896) on local variable 'y', G:/Project-Workspace/zynq-7020-video-pipe-3/hw/video-pipe-hw-v2/hw_011223.runs/bd_8126_hsc_0_synth_1/prj/sol/.autopilot/db/v_hscaler.cpp:1858 [35]  (0.000 ns)
	'icmp' operation 1 bit ('icmp_ln1896', G:/Project-Workspace/zynq-7020-video-pipe-3/hw/video-pipe-hw-v2/hw_011223.runs/bd_8126_hsc_0_synth_1/prj/sol/.autopilot/db/v_hscaler.cpp:1896) [37]  (2.077 ns)
	'store' operation 0 bit ('store_ln1858', G:/Project-Workspace/zynq-7020-video-pipe-3/hw/video-pipe-hw-v2/hw_011223.runs/bd_8126_hsc_0_synth_1/prj/sol/.autopilot/db/v_hscaler.cpp:1858) of variable 'add_ln1896', G:/Project-Workspace/zynq-7020-video-pipe-3/hw/video-pipe-hw-v2/hw_011223.runs/bd_8126_hsc_0_synth_1/prj/sol/.autopilot/db/v_hscaler.cpp:1896 on local variable 'y', G:/Project-Workspace/zynq-7020-video-pipe-3/hw/video-pipe-hw-v2/hw_011223.runs/bd_8126_hsc_0_synth_1/prj/sol/.autopilot/db/v_hscaler.cpp:1858 [50]  (1.588 ns)

 <State 4>: 3.665ns
The critical path consists of the following:
	'call' operation 0 bit ('call_ln1896', G:/Project-Workspace/zynq-7020-video-pipe-3/hw/video-pipe-hw-v2/hw_011223.runs/bd_8126_hsc_0_synth_1/prj/sol/.autopilot/db/v_hscaler.cpp:1896) to 'v_vcresampler_core_Pipeline_VITIS_LOOP_1898_2' [49]  (3.665 ns)

 <State 5>: 0.000ns
The critical path consists of the following:


============================================================
+ Verbose Summary: Binding
============================================================
N/A
* FSMD analyzer results:
  - Output states:
 - Input state : 
  - Chain level:
	State 1
	State 2
	State 3
	State 4
	State 5


============================================================
+ Verbose Summary: Datapath Resource usage 
============================================================
N/A
