================================================================
== Vivado Place & Route Results
================================================================
+ General Information:
    * Date:            Sat Oct 03 01:41:04 BST 2026
    * Version:         2025.2 (Build 6295257 on Nov 14 2025)
    * Project:         autowhitebalance_accel
    * Solution:        hls (Vivado IP Flow Target)
    * Product family:  zynquplus
    * Target device:   xck26-sfvc784-2LV-c


================================================================
== Run Constraints & Options
================================================================
+ Design Constraints & Options:
    * Place & Route target clock:  10 ns
    * C-Synthesis uncertainty:     27%

+ RTL Synthesis Options:
    * config_export -vivado_synth_strategy:     default
    * config_export -vivado_synth_design_args:  -directive sdx_optimization_effort_high

+ Place & Route Options:
    * config_export -vivado_impl_strategy:  default
    * config_export -vivado_phys_opt:       auto

+ Reporting Options:
    * config_export -vivado_report_level:      2
    * config_export -vivado_max_timing_paths:  10


================================================================
== Place & Route Resource Summary
================================================================
LUT:              3731
FF:               5158
DSP:              11
BRAM:             0
URAM:             0
SRL:              10


================================================================
== Place & Route Timing Summary
================================================================
* Timing was met
+----------------+-------------+
| Timing         | Period (ns) |
+----------------+-------------+
| Target         | 10.000      |
| Post-Synthesis | 5.910       |
| Post-Route     | 7.213       |
+----------------+-------------+


================================================================
== Place & Route Resources
================================================================
+-------------------------------------------------------------------------------------+-----+----+-----+------+------+-----+--------+------+---------+----------+--------+
| Name                                                                                | LUT | FF | DSP | BRAM | URAM | SRL | Pragma | Impl | Latency | Variable | Source |
+-------------------------------------------------------------------------------------+-----+----+-----+------+------+-----+--------+------+---------+----------+--------+
| inst                                                                                |     |    |     |      |      | 10  |        |      |         |          |        |
|   (inst)                                                                            |     |    |     |      |      |     |        |      |         |          |        |
|   control_s_axi_U                                                                   |     |    |     |      |      |     |        |      |         |          |        |
|   grp_AWBKernel_fu_167                                                              |     |    |     |      |      | 10  |        |      |         |          |        |
|     AWBChannelGain_20_20_2160_3840_1_0_2_2_U0                                       |     |    |     |      |      | 10  |        |      |         |          |        |
|       (AWBChannelGain_20_20_2160_3840_1_0_2_2_U0)                                   |     |    |     |      |      |     |        |      |         |          |        |
|       grp_AWBChannelGainKernel_20_20_2160_3840_1_2_2_3_23_23_13_13_3840_s_fu_79     |     |    |     |      |      | 10  |        |      |         |          |        |
|         (grp_AWBChannelGainKernel_20_20_2160_3840_1_2_2_3_23_23_13_13_3840_s_fu_79) |     |    |     |      |      |     |        |      |         |          |        |
|         fpext_32ns_64_2_no_dsp_1_U68                                                |     |    |     |      |      |     |        |      |         |          |        |
|           (fpext_32ns_64_2_no_dsp_1_U68)                                            |     |    |     |      |      |     |        |      |         |          |        |
|         grp_AWBChannelGainKernel_Pipeline_Col_Loop_fu_258                           |     |    |     |      |      |     |        |      |         |          |        |
|           (grp_AWBChannelGainKernel_Pipeline_Col_Loop_fu_258)                       |     |    |     |      |      |     |        |      |         |          |        |
|           flow_control_loop_pipe_sequential_init_U                                  |     |    |     |      |      |     |        |      |         |          |        |
|           mul_32ns_10ns_42_1_1_U49                                                  |     |    |     |      |      |     |        |      |         |          |        |
|         grp_AWBChannelGainKernel_Pipeline_VITIS_LOOP_216_3_fu_271                   |     |    |     |      |      |     |        |      |         |          |        |
|           (grp_AWBChannelGainKernel_Pipeline_VITIS_LOOP_216_3_fu_271)               |     |    |     |      |      |     |        |      |         |          |        |
|           flow_control_loop_pipe_sequential_init_U                                  |     |    |     |      |      |     |        |      |         |          |        |
|         sitofp_32ns_32_4_no_dsp_1_U67                                               |     |    |     |      |      |     |        |      |         |          |        |
|         udiv_102ns_56ns_56_106_seq_1_U74                                            |     |    |     |      |      |     |        |      |         |          |        |
|           (udiv_102ns_56ns_56_106_seq_1_U74)                                        |     |    |     |      |      |     |        |      |         |          |        |
|         udiv_102ns_56ns_56_106_seq_1_U75                                            |     |    |     |      |      |     |        |      |         |          |        |
|           (udiv_102ns_56ns_56_106_seq_1_U75)                                        |     |    |     |      |      |     |        |      |         |          |        |
|         udiv_102ns_56ns_56_106_seq_1_U76                                            |     |    |     |      |      | 4   |        |      |         |          |        |
|           (udiv_102ns_56ns_56_106_seq_1_U76)                                        |     |    |     |      |      |     |        |      |         |          |        |
|         udiv_56ns_40ns_56_60_seq_1_U71                                              |     |    |     |      |      | 2   |        |      |         |          |        |
|         udiv_56ns_40ns_56_60_seq_1_U72                                              |     |    |     |      |      | 2   |        |      |         |          |        |
|         udiv_56ns_40ns_56_60_seq_1_U73                                              |     |    |     |      |      | 2   |        |      |         |          |        |
|           (udiv_56ns_40ns_56_60_seq_1_U73)                                          |     |    |     |      |      |     |        |      |         |          |        |
|     AWBGainUpdate_20_20_2160_3840_1_0_2_2_U0                                        |     |    |     |      |      |     |        |      |         |          |        |
|       grp_AWBGainUpdate_20_20_2160_3840_1_0_2_2_Pipeline_ColLoop1_fu_84             |     |    |     |      |      |     |        |      |         |          |        |
|         flow_control_loop_pipe_sequential_init_U                                    |     |    |     |      |      |     |        |      |         |          |        |
|         mul_32s_10ns_42_1_1_U96                                                     |     |    |     |      |      |     |        |      |         |          |        |
|         mul_32s_10ns_42_1_1_U97                                                     |     |    |     |      |      |     |        |      |         |          |        |
|         mul_32s_10ns_42_1_1_U98                                                     |     |    |     |      |      |     |        |      |         |          |        |
|     AWBKernel_Block_entry_proc_U0                                                   |     |    |     |      |      |     |        |      |         |          |        |
|       fmul_32ns_32ns_32_3_max_dsp_1_U1                                              |     |    |     |      |      |     |        |      |         |          |        |
|         (fmul_32ns_32ns_32_3_max_dsp_1_U1)                                          |     |    |     |      |      |     |        |      |         |          |        |
|     AXIvideo2xfMat_30_20_2160_3840_1_2_U0                                           |     |    |     |      |      |     |        |      |         |          |        |
|       (AXIvideo2xfMat_30_20_2160_3840_1_2_U0)                                       |     |    |     |      |      |     |        |      |         |          |        |
|       grp_AXIvideo2xfMat_30_20_2160_3840_1_2_Pipeline_loop_col_zxi2mat_fu_152       |     |    |     |      |      |     |        |      |         |          |        |
|         (grp_AXIvideo2xfMat_30_20_2160_3840_1_2_Pipeline_loop_col_zxi2mat_fu_152)   |     |    |     |      |      |     |        |      |         |          |        |
|         flow_control_loop_pipe_sequential_init_U                                    |     |    |     |      |      |     |        |      |         |          |        |
|       grp_AXIvideo2xfMat_30_20_2160_3840_1_2_Pipeline_loop_last_hunt_fu_180         |     |    |     |      |      |     |        |      |         |          |        |
|         flow_control_loop_pipe_sequential_init_U                                    |     |    |     |      |      |     |        |      |         |          |        |
|       grp_AXIvideo2xfMat_30_20_2160_3840_1_2_Pipeline_loop_start_hunt_fu_132        |     |    |     |      |      |     |        |      |         |          |        |
|         flow_control_loop_pipe_sequential_init_U                                    |     |    |     |      |      |     |        |      |         |          |        |
|     impop_data_U                                                                    |     |    |     |      |      |     |        |      |         |          |        |
|     in_mat_data_U                                                                   |     |    |     |      |      |     |        |      |         |          |        |
|     mul_loc_channel_U                                                               |     |    |     |      |      |     |        |      |         |          |        |
|     out_mat_data_U                                                                  |     |    |     |      |      |     |        |      |         |          |        |
|     p_hls_fptosi_float_i32_2_U0                                                     |     |    |     |      |      |     |        |      |         |          |        |
|     start_for_AWBGainUpdate_20_20_2160_3840_1_0_2_2_U0_U                            |     |    |     |      |      |     |        |      |         |          |        |
|     start_for_xfMat2AXIvideo_30_20_2160_3840_1_2_0_U0_U                             |     |    |     |      |      |     |        |      |         |          |        |
|     tmp_channel_U                                                                   |     |    |     |      |      |     |        |      |         |          |        |
|     xfMat2AXIvideo_30_20_2160_3840_1_2_0_U0                                         |     |    |     |      |      |     |        |      |         |          |        |
|       (xfMat2AXIvideo_30_20_2160_3840_1_2_0_U0)                                     |     |    |     |      |      |     |        |      |         |          |        |
|       grp_xfMat2AXIvideo_30_20_2160_3840_1_2_0_Pipeline_loop_col_mat2axi_fu_100     |     |    |     |      |      |     |        |      |         |          |        |
|         (grp_xfMat2AXIvideo_30_20_2160_3840_1_2_0_Pipeline_loop_col_mat2axi_fu_100) |     |    |     |      |      |     |        |      |         |          |        |
|         flow_control_loop_pipe_sequential_init_U                                    |     |    |     |      |      |     |        |      |         |          |        |
|   regslice_both_m_axis_video_V_data_V_U                                             |     |    |     |      |      |     |        |      |         |          |        |
|   regslice_both_m_axis_video_V_dest_V_U                                             |     |    |     |      |      |     |        |      |         |          |        |
|   regslice_both_m_axis_video_V_id_V_U                                               |     |    |     |      |      |     |        |      |         |          |        |
|   regslice_both_m_axis_video_V_keep_V_U                                             |     |    |     |      |      |     |        |      |         |          |        |
|   regslice_both_m_axis_video_V_last_V_U                                             |     |    |     |      |      |     |        |      |         |          |        |
|   regslice_both_m_axis_video_V_strb_V_U                                             |     |    |     |      |      |     |        |      |         |          |        |
|   regslice_both_m_axis_video_V_user_V_U                                             |     |    |     |      |      |     |        |      |         |          |        |
|   regslice_both_s_axis_video_V_data_V_U                                             |     |    |     |      |      |     |        |      |         |          |        |
|   regslice_both_s_axis_video_V_last_V_U                                             |     |    |     |      |      |     |        |      |         |          |        |
|   regslice_both_s_axis_video_V_user_V_U                                             |     |    |     |      |      |     |        |      |         |          |        |
+-------------------------------------------------------------------------------------+-----+----+-----+------+------+-----+--------+------+---------+----------+--------+


================================================================
== Place & Route Fail Fast
================================================================
+-----------------------------------------------------------+-----------+--------+--------+
| Criteria                                                  | Guideline | Actual | Status |
+-----------------------------------------------------------+-----------+--------+--------+
| LUT                                                       | 70%       | 3.19%  | OK     |
| FD                                                        | 50%       | 2.20%  | OK     |
| LUTRAM+SRL                                                | 25%       | 0.02%  | OK     |
| CARRY8                                                    | 25%       | 1.20%  | OK     |
| MUXF7                                                     | 15%       | 0.05%  | OK     |
| DSP                                                       | 80%       | 0.88%  | OK     |
| RAMB/FIFO                                                 | 80%       | 0.00%  | OK     |
| URAM                                                      | 80%       | 0.00%  | OK     |
| DSP+RAMB+URAM (Avg)                                       | 70%       | 0.88%  | OK     |
| BUFGCE* + BUFGCTRL                                        | 24        | 0      | OK     |
| DONT_TOUCH (cells/nets)                                   | 0         | 0      | OK     |
| MARK_DEBUG (nets)                                         | 0         | 0      | OK     |
| Control Sets                                              | 2196      | 91     | OK     |
| Average Fanout for modules > 100k cells                   | 4         | 1.69   | OK     |
| Max Average Fanout for modules > 100k cells               | 4         | 0      | OK     |
| Non-FD high fanout nets > 10k loads                       | 0         | 0      | OK     |
+-----------------------------------------------------------+-----------+--------+--------+
| TIMING-6 (No common primary clock between related clocks) | 0         | 0      | OK     |
| TIMING-7 (No common node between related clocks)          | 0         | 0      | OK     |
| TIMING-8 (No common period between related clocks)        | 0         | 0      | OK     |
| TIMING-14 (LUT on the clock tree)                         | 0         | 0      | OK     |
| TIMING-35 (No common node in paths with the same clock)   | 0         | 0      | OK     |
+-----------------------------------------------------------+-----------+--------+--------+
| Number of paths above max LUT budgeting (0.391ns)         | 0         | 0      | OK     |
| Number of paths above max Net budgeting (0.263ns)         | 0         | 0      | OK     |
+-----------------------------------------------------------+-----------+--------+--------+


================================================================
== Place & Route Timing Paths
================================================================
* Timing was met
+-------+---------------------+-------------------------------------------------+----------------------------------------------------------------------------------------------------------------------------------------------------------------+--------------+------------+---------------------+---------------------+---------------------+
| Path  |               SLACK | STARTPOINT PIN                                  | ENDPOINT PIN                                                                                                                                                   | LOGIC LEVELS | MAX FANOUT |      DATAPATH DELAY |      DATAPATH LOGIC |        DATAPATH NET |
|       |                     |                                                 |                                                                                                                                                                |              |            |                     |               DELAY |               DELAY |
+-------+---------------------+-------------------------------------------------+----------------------------------------------------------------------------------------------------------------------------------------------------------------+--------------+------------+---------------------+---------------------+---------------------+
| Path1 | 2.78729176521301270 | grp_AWBKernel_fu_167/impop_data_U/addr_reg[0]/C | grp_AWBKernel_fu_167/AWBGainUpdate_20_20_2160_3840_1_0_2_2_U0/grp_AWBGainUpdate_20_20_2160_3840_1_0_2_2_Pipeline_ColLoop1_fu_84/select_ln45_1_reg_338_reg[9]/S |           13 |         31 | 7.04635238647460938 | 3.75200009346008301 | 3.29435157775878906 |
| Path2 | 2.80728292465209961 | grp_AWBKernel_fu_167/impop_data_U/addr_reg[0]/C | grp_AWBKernel_fu_167/AWBGainUpdate_20_20_2160_3840_1_0_2_2_U0/grp_AWBGainUpdate_20_20_2160_3840_1_0_2_2_Pipeline_ColLoop1_fu_84/select_ln45_1_reg_338_reg[1]/S |           13 |         31 | 7.02836132049560547 | 3.75200009346008301 | 3.27636098861694336 |
| Path3 | 2.80728292465209961 | grp_AWBKernel_fu_167/impop_data_U/addr_reg[0]/C | grp_AWBKernel_fu_167/AWBGainUpdate_20_20_2160_3840_1_0_2_2_U0/grp_AWBGainUpdate_20_20_2160_3840_1_0_2_2_Pipeline_ColLoop1_fu_84/select_ln45_1_reg_338_reg[2]/S |           13 |         31 | 7.02836132049560547 | 3.75200009346008301 | 3.27636098861694336 |
| Path4 | 2.80728292465209961 | grp_AWBKernel_fu_167/impop_data_U/addr_reg[0]/C | grp_AWBKernel_fu_167/AWBGainUpdate_20_20_2160_3840_1_0_2_2_U0/grp_AWBGainUpdate_20_20_2160_3840_1_0_2_2_Pipeline_ColLoop1_fu_84/select_ln45_1_reg_338_reg[3]/S |           13 |         31 | 7.02836132049560547 | 3.75200009346008301 | 3.27636098861694336 |
| Path5 | 2.80728292465209961 | grp_AWBKernel_fu_167/impop_data_U/addr_reg[0]/C | grp_AWBKernel_fu_167/AWBGainUpdate_20_20_2160_3840_1_0_2_2_U0/grp_AWBGainUpdate_20_20_2160_3840_1_0_2_2_Pipeline_ColLoop1_fu_84/select_ln45_1_reg_338_reg[4]/S |           13 |         31 | 7.02836132049560547 | 3.75200009346008301 | 3.27636098861694336 |
+-------+---------------------+-------------------------------------------------+----------------------------------------------------------------------------------------------------------------------------------------------------------------+--------------+------------+---------------------+---------------------+---------------------+

    +------------------------------------------------------------------------------------------------------------------------------------------------------------------------------------------+------------------------+
    | Path1 Cells                                                                                                                                                                              | Primitive Type         |
    +------------------------------------------------------------------------------------------------------------------------------------------------------------------------------------------+------------------------+
    | grp_AWBKernel_fu_167/impop_data_U/addr_reg[0]                                                                                                                                            | REGISTER.SDR.FDRE      |
    | grp_AWBKernel_fu_167/impop_data_U/U_autowhitebalance_accel_fifo_w30_d2_S_ShiftReg/tmp_product_i_4__0                                                                                     | CLB.LUT.LUT3           |
    | grp_AWBKernel_fu_167/AWBGainUpdate_20_20_2160_3840_1_0_2_2_U0/grp_AWBGainUpdate_20_20_2160_3840_1_0_2_2_Pipeline_ColLoop1_fu_84/mul_32s_10ns_42_1_1_U97/tmp_product/DSP_A_B_DATA_INST    | ARITHMETIC.DSP.DSP48E2 |
    | grp_AWBKernel_fu_167/AWBGainUpdate_20_20_2160_3840_1_0_2_2_U0/grp_AWBGainUpdate_20_20_2160_3840_1_0_2_2_Pipeline_ColLoop1_fu_84/mul_32s_10ns_42_1_1_U97/tmp_product/DSP_PREADD_DATA_INST | ARITHMETIC.DSP.DSP48E2 |
    | grp_AWBKernel_fu_167/AWBGainUpdate_20_20_2160_3840_1_0_2_2_U0/grp_AWBGainUpdate_20_20_2160_3840_1_0_2_2_Pipeline_ColLoop1_fu_84/mul_32s_10ns_42_1_1_U97/tmp_product/DSP_MULTIPLIER_INST  | ARITHMETIC.DSP.DSP48E2 |
    | grp_AWBKernel_fu_167/AWBGainUpdate_20_20_2160_3840_1_0_2_2_U0/grp_AWBGainUpdate_20_20_2160_3840_1_0_2_2_Pipeline_ColLoop1_fu_84/mul_32s_10ns_42_1_1_U97/tmp_product/DSP_M_DATA_INST      | ARITHMETIC.DSP.DSP48E2 |
    | grp_AWBKernel_fu_167/AWBGainUpdate_20_20_2160_3840_1_0_2_2_U0/grp_AWBGainUpdate_20_20_2160_3840_1_0_2_2_Pipeline_ColLoop1_fu_84/mul_32s_10ns_42_1_1_U97/tmp_product/DSP_ALU_INST         | ARITHMETIC.DSP.DSP48E2 |
    | grp_AWBKernel_fu_167/AWBGainUpdate_20_20_2160_3840_1_0_2_2_U0/grp_AWBGainUpdate_20_20_2160_3840_1_0_2_2_Pipeline_ColLoop1_fu_84/mul_32s_10ns_42_1_1_U97/tmp_product/DSP_OUTPUT_INST      | ARITHMETIC.DSP.DSP48E2 |
    | grp_AWBKernel_fu_167/AWBGainUpdate_20_20_2160_3840_1_0_2_2_U0/grp_AWBGainUpdate_20_20_2160_3840_1_0_2_2_Pipeline_ColLoop1_fu_84/mul_32s_10ns_42_1_1_U97/tmp_product__0/DSP_ALU_INST      | ARITHMETIC.DSP.DSP48E2 |
    | grp_AWBKernel_fu_167/AWBGainUpdate_20_20_2160_3840_1_0_2_2_U0/grp_AWBGainUpdate_20_20_2160_3840_1_0_2_2_Pipeline_ColLoop1_fu_84/mul_32s_10ns_42_1_1_U97/tmp_product__0/DSP_OUTPUT_INST   | ARITHMETIC.DSP.DSP48E2 |
    | grp_AWBKernel_fu_167/AWBGainUpdate_20_20_2160_3840_1_0_2_2_U0/grp_AWBGainUpdate_20_20_2160_3840_1_0_2_2_Pipeline_ColLoop1_fu_84/mul_32s_10ns_42_1_1_U97/icmp_ln45_1_fu_228_p2_carry_i_1  | CLB.LUT.LUT2           |
    | grp_AWBKernel_fu_167/AWBGainUpdate_20_20_2160_3840_1_0_2_2_U0/grp_AWBGainUpdate_20_20_2160_3840_1_0_2_2_Pipeline_ColLoop1_fu_84/icmp_ln45_1_fu_228_p2_carry                              | CLB.CARRY.CARRY8       |
    | grp_AWBKernel_fu_167/AWBGainUpdate_20_20_2160_3840_1_0_2_2_U0/grp_AWBGainUpdate_20_20_2160_3840_1_0_2_2_Pipeline_ColLoop1_fu_84/icmp_ln45_1_fu_228_p2_carry__0                           | CLB.CARRY.CARRY8       |
    | grp_AWBKernel_fu_167/AWBGainUpdate_20_20_2160_3840_1_0_2_2_U0/grp_AWBGainUpdate_20_20_2160_3840_1_0_2_2_Pipeline_ColLoop1_fu_84/mul_32s_10ns_42_1_1_U97/select_ln45_1_reg_338[9]_i_1     | CLB.LUT.LUT5           |
    | grp_AWBKernel_fu_167/AWBGainUpdate_20_20_2160_3840_1_0_2_2_U0/grp_AWBGainUpdate_20_20_2160_3840_1_0_2_2_Pipeline_ColLoop1_fu_84/select_ln45_1_reg_338_reg[9]                             | REGISTER.SDR.FDSE      |
    +------------------------------------------------------------------------------------------------------------------------------------------------------------------------------------------+------------------------+

    +------------------------------------------------------------------------------------------------------------------------------------------------------------------------------------------+------------------------+
    | Path2 Cells                                                                                                                                                                              | Primitive Type         |
    +------------------------------------------------------------------------------------------------------------------------------------------------------------------------------------------+------------------------+
    | grp_AWBKernel_fu_167/impop_data_U/addr_reg[0]                                                                                                                                            | REGISTER.SDR.FDRE      |
    | grp_AWBKernel_fu_167/impop_data_U/U_autowhitebalance_accel_fifo_w30_d2_S_ShiftReg/tmp_product_i_4__0                                                                                     | CLB.LUT.LUT3           |
    | grp_AWBKernel_fu_167/AWBGainUpdate_20_20_2160_3840_1_0_2_2_U0/grp_AWBGainUpdate_20_20_2160_3840_1_0_2_2_Pipeline_ColLoop1_fu_84/mul_32s_10ns_42_1_1_U97/tmp_product/DSP_A_B_DATA_INST    | ARITHMETIC.DSP.DSP48E2 |
    | grp_AWBKernel_fu_167/AWBGainUpdate_20_20_2160_3840_1_0_2_2_U0/grp_AWBGainUpdate_20_20_2160_3840_1_0_2_2_Pipeline_ColLoop1_fu_84/mul_32s_10ns_42_1_1_U97/tmp_product/DSP_PREADD_DATA_INST | ARITHMETIC.DSP.DSP48E2 |
    | grp_AWBKernel_fu_167/AWBGainUpdate_20_20_2160_3840_1_0_2_2_U0/grp_AWBGainUpdate_20_20_2160_3840_1_0_2_2_Pipeline_ColLoop1_fu_84/mul_32s_10ns_42_1_1_U97/tmp_product/DSP_MULTIPLIER_INST  | ARITHMETIC.DSP.DSP48E2 |
    | grp_AWBKernel_fu_167/AWBGainUpdate_20_20_2160_3840_1_0_2_2_U0/grp_AWBGainUpdate_20_20_2160_3840_1_0_2_2_Pipeline_ColLoop1_fu_84/mul_32s_10ns_42_1_1_U97/tmp_product/DSP_M_DATA_INST      | ARITHMETIC.DSP.DSP48E2 |
    | grp_AWBKernel_fu_167/AWBGainUpdate_20_20_2160_3840_1_0_2_2_U0/grp_AWBGainUpdate_20_20_2160_3840_1_0_2_2_Pipeline_ColLoop1_fu_84/mul_32s_10ns_42_1_1_U97/tmp_product/DSP_ALU_INST         | ARITHMETIC.DSP.DSP48E2 |
    | grp_AWBKernel_fu_167/AWBGainUpdate_20_20_2160_3840_1_0_2_2_U0/grp_AWBGainUpdate_20_20_2160_3840_1_0_2_2_Pipeline_ColLoop1_fu_84/mul_32s_10ns_42_1_1_U97/tmp_product/DSP_OUTPUT_INST      | ARITHMETIC.DSP.DSP48E2 |
    | grp_AWBKernel_fu_167/AWBGainUpdate_20_20_2160_3840_1_0_2_2_U0/grp_AWBGainUpdate_20_20_2160_3840_1_0_2_2_Pipeline_ColLoop1_fu_84/mul_32s_10ns_42_1_1_U97/tmp_product__0/DSP_ALU_INST      | ARITHMETIC.DSP.DSP48E2 |
    | grp_AWBKernel_fu_167/AWBGainUpdate_20_20_2160_3840_1_0_2_2_U0/grp_AWBGainUpdate_20_20_2160_3840_1_0_2_2_Pipeline_ColLoop1_fu_84/mul_32s_10ns_42_1_1_U97/tmp_product__0/DSP_OUTPUT_INST   | ARITHMETIC.DSP.DSP48E2 |
    | grp_AWBKernel_fu_167/AWBGainUpdate_20_20_2160_3840_1_0_2_2_U0/grp_AWBGainUpdate_20_20_2160_3840_1_0_2_2_Pipeline_ColLoop1_fu_84/mul_32s_10ns_42_1_1_U97/icmp_ln45_1_fu_228_p2_carry_i_1  | CLB.LUT.LUT2           |
    | grp_AWBKernel_fu_167/AWBGainUpdate_20_20_2160_3840_1_0_2_2_U0/grp_AWBGainUpdate_20_20_2160_3840_1_0_2_2_Pipeline_ColLoop1_fu_84/icmp_ln45_1_fu_228_p2_carry                              | CLB.CARRY.CARRY8       |
    | grp_AWBKernel_fu_167/AWBGainUpdate_20_20_2160_3840_1_0_2_2_U0/grp_AWBGainUpdate_20_20_2160_3840_1_0_2_2_Pipeline_ColLoop1_fu_84/icmp_ln45_1_fu_228_p2_carry__0                           | CLB.CARRY.CARRY8       |
    | grp_AWBKernel_fu_167/AWBGainUpdate_20_20_2160_3840_1_0_2_2_U0/grp_AWBGainUpdate_20_20_2160_3840_1_0_2_2_Pipeline_ColLoop1_fu_84/mul_32s_10ns_42_1_1_U97/select_ln45_1_reg_338[9]_i_1     | CLB.LUT.LUT5           |
    | grp_AWBKernel_fu_167/AWBGainUpdate_20_20_2160_3840_1_0_2_2_U0/grp_AWBGainUpdate_20_20_2160_3840_1_0_2_2_Pipeline_ColLoop1_fu_84/select_ln45_1_reg_338_reg[1]                             | REGISTER.SDR.FDSE      |
    +------------------------------------------------------------------------------------------------------------------------------------------------------------------------------------------+------------------------+

    +------------------------------------------------------------------------------------------------------------------------------------------------------------------------------------------+------------------------+
    | Path3 Cells                                                                                                                                                                              | Primitive Type         |
    +------------------------------------------------------------------------------------------------------------------------------------------------------------------------------------------+------------------------+
    | grp_AWBKernel_fu_167/impop_data_U/addr_reg[0]                                                                                                                                            | REGISTER.SDR.FDRE      |
    | grp_AWBKernel_fu_167/impop_data_U/U_autowhitebalance_accel_fifo_w30_d2_S_ShiftReg/tmp_product_i_4__0                                                                                     | CLB.LUT.LUT3           |
    | grp_AWBKernel_fu_167/AWBGainUpdate_20_20_2160_3840_1_0_2_2_U0/grp_AWBGainUpdate_20_20_2160_3840_1_0_2_2_Pipeline_ColLoop1_fu_84/mul_32s_10ns_42_1_1_U97/tmp_product/DSP_A_B_DATA_INST    | ARITHMETIC.DSP.DSP48E2 |
    | grp_AWBKernel_fu_167/AWBGainUpdate_20_20_2160_3840_1_0_2_2_U0/grp_AWBGainUpdate_20_20_2160_3840_1_0_2_2_Pipeline_ColLoop1_fu_84/mul_32s_10ns_42_1_1_U97/tmp_product/DSP_PREADD_DATA_INST | ARITHMETIC.DSP.DSP48E2 |
    | grp_AWBKernel_fu_167/AWBGainUpdate_20_20_2160_3840_1_0_2_2_U0/grp_AWBGainUpdate_20_20_2160_3840_1_0_2_2_Pipeline_ColLoop1_fu_84/mul_32s_10ns_42_1_1_U97/tmp_product/DSP_MULTIPLIER_INST  | ARITHMETIC.DSP.DSP48E2 |
    | grp_AWBKernel_fu_167/AWBGainUpdate_20_20_2160_3840_1_0_2_2_U0/grp_AWBGainUpdate_20_20_2160_3840_1_0_2_2_Pipeline_ColLoop1_fu_84/mul_32s_10ns_42_1_1_U97/tmp_product/DSP_M_DATA_INST      | ARITHMETIC.DSP.DSP48E2 |
    | grp_AWBKernel_fu_167/AWBGainUpdate_20_20_2160_3840_1_0_2_2_U0/grp_AWBGainUpdate_20_20_2160_3840_1_0_2_2_Pipeline_ColLoop1_fu_84/mul_32s_10ns_42_1_1_U97/tmp_product/DSP_ALU_INST         | ARITHMETIC.DSP.DSP48E2 |
    | grp_AWBKernel_fu_167/AWBGainUpdate_20_20_2160_3840_1_0_2_2_U0/grp_AWBGainUpdate_20_20_2160_3840_1_0_2_2_Pipeline_ColLoop1_fu_84/mul_32s_10ns_42_1_1_U97/tmp_product/DSP_OUTPUT_INST      | ARITHMETIC.DSP.DSP48E2 |
    | grp_AWBKernel_fu_167/AWBGainUpdate_20_20_2160_3840_1_0_2_2_U0/grp_AWBGainUpdate_20_20_2160_3840_1_0_2_2_Pipeline_ColLoop1_fu_84/mul_32s_10ns_42_1_1_U97/tmp_product__0/DSP_ALU_INST      | ARITHMETIC.DSP.DSP48E2 |
    | grp_AWBKernel_fu_167/AWBGainUpdate_20_20_2160_3840_1_0_2_2_U0/grp_AWBGainUpdate_20_20_2160_3840_1_0_2_2_Pipeline_ColLoop1_fu_84/mul_32s_10ns_42_1_1_U97/tmp_product__0/DSP_OUTPUT_INST   | ARITHMETIC.DSP.DSP48E2 |
    | grp_AWBKernel_fu_167/AWBGainUpdate_20_20_2160_3840_1_0_2_2_U0/grp_AWBGainUpdate_20_20_2160_3840_1_0_2_2_Pipeline_ColLoop1_fu_84/mul_32s_10ns_42_1_1_U97/icmp_ln45_1_fu_228_p2_carry_i_1  | CLB.LUT.LUT2           |
    | grp_AWBKernel_fu_167/AWBGainUpdate_20_20_2160_3840_1_0_2_2_U0/grp_AWBGainUpdate_20_20_2160_3840_1_0_2_2_Pipeline_ColLoop1_fu_84/icmp_ln45_1_fu_228_p2_carry                              | CLB.CARRY.CARRY8       |
    | grp_AWBKernel_fu_167/AWBGainUpdate_20_20_2160_3840_1_0_2_2_U0/grp_AWBGainUpdate_20_20_2160_3840_1_0_2_2_Pipeline_ColLoop1_fu_84/icmp_ln45_1_fu_228_p2_carry__0                           | CLB.CARRY.CARRY8       |
    | grp_AWBKernel_fu_167/AWBGainUpdate_20_20_2160_3840_1_0_2_2_U0/grp_AWBGainUpdate_20_20_2160_3840_1_0_2_2_Pipeline_ColLoop1_fu_84/mul_32s_10ns_42_1_1_U97/select_ln45_1_reg_338[9]_i_1     | CLB.LUT.LUT5           |
    | grp_AWBKernel_fu_167/AWBGainUpdate_20_20_2160_3840_1_0_2_2_U0/grp_AWBGainUpdate_20_20_2160_3840_1_0_2_2_Pipeline_ColLoop1_fu_84/select_ln45_1_reg_338_reg[2]                             | REGISTER.SDR.FDSE      |
    +------------------------------------------------------------------------------------------------------------------------------------------------------------------------------------------+------------------------+

    +------------------------------------------------------------------------------------------------------------------------------------------------------------------------------------------+------------------------+
    | Path4 Cells                                                                                                                                                                              | Primitive Type         |
    +------------------------------------------------------------------------------------------------------------------------------------------------------------------------------------------+------------------------+
    | grp_AWBKernel_fu_167/impop_data_U/addr_reg[0]                                                                                                                                            | REGISTER.SDR.FDRE      |
    | grp_AWBKernel_fu_167/impop_data_U/U_autowhitebalance_accel_fifo_w30_d2_S_ShiftReg/tmp_product_i_4__0                                                                                     | CLB.LUT.LUT3           |
    | grp_AWBKernel_fu_167/AWBGainUpdate_20_20_2160_3840_1_0_2_2_U0/grp_AWBGainUpdate_20_20_2160_3840_1_0_2_2_Pipeline_ColLoop1_fu_84/mul_32s_10ns_42_1_1_U97/tmp_product/DSP_A_B_DATA_INST    | ARITHMETIC.DSP.DSP48E2 |
    | grp_AWBKernel_fu_167/AWBGainUpdate_20_20_2160_3840_1_0_2_2_U0/grp_AWBGainUpdate_20_20_2160_3840_1_0_2_2_Pipeline_ColLoop1_fu_84/mul_32s_10ns_42_1_1_U97/tmp_product/DSP_PREADD_DATA_INST | ARITHMETIC.DSP.DSP48E2 |
    | grp_AWBKernel_fu_167/AWBGainUpdate_20_20_2160_3840_1_0_2_2_U0/grp_AWBGainUpdate_20_20_2160_3840_1_0_2_2_Pipeline_ColLoop1_fu_84/mul_32s_10ns_42_1_1_U97/tmp_product/DSP_MULTIPLIER_INST  | ARITHMETIC.DSP.DSP48E2 |
    | grp_AWBKernel_fu_167/AWBGainUpdate_20_20_2160_3840_1_0_2_2_U0/grp_AWBGainUpdate_20_20_2160_3840_1_0_2_2_Pipeline_ColLoop1_fu_84/mul_32s_10ns_42_1_1_U97/tmp_product/DSP_M_DATA_INST      | ARITHMETIC.DSP.DSP48E2 |
    | grp_AWBKernel_fu_167/AWBGainUpdate_20_20_2160_3840_1_0_2_2_U0/grp_AWBGainUpdate_20_20_2160_3840_1_0_2_2_Pipeline_ColLoop1_fu_84/mul_32s_10ns_42_1_1_U97/tmp_product/DSP_ALU_INST         | ARITHMETIC.DSP.DSP48E2 |
    | grp_AWBKernel_fu_167/AWBGainUpdate_20_20_2160_3840_1_0_2_2_U0/grp_AWBGainUpdate_20_20_2160_3840_1_0_2_2_Pipeline_ColLoop1_fu_84/mul_32s_10ns_42_1_1_U97/tmp_product/DSP_OUTPUT_INST      | ARITHMETIC.DSP.DSP48E2 |
    | grp_AWBKernel_fu_167/AWBGainUpdate_20_20_2160_3840_1_0_2_2_U0/grp_AWBGainUpdate_20_20_2160_3840_1_0_2_2_Pipeline_ColLoop1_fu_84/mul_32s_10ns_42_1_1_U97/tmp_product__0/DSP_ALU_INST      | ARITHMETIC.DSP.DSP48E2 |
    | grp_AWBKernel_fu_167/AWBGainUpdate_20_20_2160_3840_1_0_2_2_U0/grp_AWBGainUpdate_20_20_2160_3840_1_0_2_2_Pipeline_ColLoop1_fu_84/mul_32s_10ns_42_1_1_U97/tmp_product__0/DSP_OUTPUT_INST   | ARITHMETIC.DSP.DSP48E2 |
    | grp_AWBKernel_fu_167/AWBGainUpdate_20_20_2160_3840_1_0_2_2_U0/grp_AWBGainUpdate_20_20_2160_3840_1_0_2_2_Pipeline_ColLoop1_fu_84/mul_32s_10ns_42_1_1_U97/icmp_ln45_1_fu_228_p2_carry_i_1  | CLB.LUT.LUT2           |
    | grp_AWBKernel_fu_167/AWBGainUpdate_20_20_2160_3840_1_0_2_2_U0/grp_AWBGainUpdate_20_20_2160_3840_1_0_2_2_Pipeline_ColLoop1_fu_84/icmp_ln45_1_fu_228_p2_carry                              | CLB.CARRY.CARRY8       |
    | grp_AWBKernel_fu_167/AWBGainUpdate_20_20_2160_3840_1_0_2_2_U0/grp_AWBGainUpdate_20_20_2160_3840_1_0_2_2_Pipeline_ColLoop1_fu_84/icmp_ln45_1_fu_228_p2_carry__0                           | CLB.CARRY.CARRY8       |
    | grp_AWBKernel_fu_167/AWBGainUpdate_20_20_2160_3840_1_0_2_2_U0/grp_AWBGainUpdate_20_20_2160_3840_1_0_2_2_Pipeline_ColLoop1_fu_84/mul_32s_10ns_42_1_1_U97/select_ln45_1_reg_338[9]_i_1     | CLB.LUT.LUT5           |
    | grp_AWBKernel_fu_167/AWBGainUpdate_20_20_2160_3840_1_0_2_2_U0/grp_AWBGainUpdate_20_20_2160_3840_1_0_2_2_Pipeline_ColLoop1_fu_84/select_ln45_1_reg_338_reg[3]                             | REGISTER.SDR.FDSE      |
    +------------------------------------------------------------------------------------------------------------------------------------------------------------------------------------------+------------------------+

    +------------------------------------------------------------------------------------------------------------------------------------------------------------------------------------------+------------------------+
    | Path5 Cells                                                                                                                                                                              | Primitive Type         |
    +------------------------------------------------------------------------------------------------------------------------------------------------------------------------------------------+------------------------+
    | grp_AWBKernel_fu_167/impop_data_U/addr_reg[0]                                                                                                                                            | REGISTER.SDR.FDRE      |
    | grp_AWBKernel_fu_167/impop_data_U/U_autowhitebalance_accel_fifo_w30_d2_S_ShiftReg/tmp_product_i_4__0                                                                                     | CLB.LUT.LUT3           |
    | grp_AWBKernel_fu_167/AWBGainUpdate_20_20_2160_3840_1_0_2_2_U0/grp_AWBGainUpdate_20_20_2160_3840_1_0_2_2_Pipeline_ColLoop1_fu_84/mul_32s_10ns_42_1_1_U97/tmp_product/DSP_A_B_DATA_INST    | ARITHMETIC.DSP.DSP48E2 |
    | grp_AWBKernel_fu_167/AWBGainUpdate_20_20_2160_3840_1_0_2_2_U0/grp_AWBGainUpdate_20_20_2160_3840_1_0_2_2_Pipeline_ColLoop1_fu_84/mul_32s_10ns_42_1_1_U97/tmp_product/DSP_PREADD_DATA_INST | ARITHMETIC.DSP.DSP48E2 |
    | grp_AWBKernel_fu_167/AWBGainUpdate_20_20_2160_3840_1_0_2_2_U0/grp_AWBGainUpdate_20_20_2160_3840_1_0_2_2_Pipeline_ColLoop1_fu_84/mul_32s_10ns_42_1_1_U97/tmp_product/DSP_MULTIPLIER_INST  | ARITHMETIC.DSP.DSP48E2 |
    | grp_AWBKernel_fu_167/AWBGainUpdate_20_20_2160_3840_1_0_2_2_U0/grp_AWBGainUpdate_20_20_2160_3840_1_0_2_2_Pipeline_ColLoop1_fu_84/mul_32s_10ns_42_1_1_U97/tmp_product/DSP_M_DATA_INST      | ARITHMETIC.DSP.DSP48E2 |
    | grp_AWBKernel_fu_167/AWBGainUpdate_20_20_2160_3840_1_0_2_2_U0/grp_AWBGainUpdate_20_20_2160_3840_1_0_2_2_Pipeline_ColLoop1_fu_84/mul_32s_10ns_42_1_1_U97/tmp_product/DSP_ALU_INST         | ARITHMETIC.DSP.DSP48E2 |
    | grp_AWBKernel_fu_167/AWBGainUpdate_20_20_2160_3840_1_0_2_2_U0/grp_AWBGainUpdate_20_20_2160_3840_1_0_2_2_Pipeline_ColLoop1_fu_84/mul_32s_10ns_42_1_1_U97/tmp_product/DSP_OUTPUT_INST      | ARITHMETIC.DSP.DSP48E2 |
    | grp_AWBKernel_fu_167/AWBGainUpdate_20_20_2160_3840_1_0_2_2_U0/grp_AWBGainUpdate_20_20_2160_3840_1_0_2_2_Pipeline_ColLoop1_fu_84/mul_32s_10ns_42_1_1_U97/tmp_product__0/DSP_ALU_INST      | ARITHMETIC.DSP.DSP48E2 |
    | grp_AWBKernel_fu_167/AWBGainUpdate_20_20_2160_3840_1_0_2_2_U0/grp_AWBGainUpdate_20_20_2160_3840_1_0_2_2_Pipeline_ColLoop1_fu_84/mul_32s_10ns_42_1_1_U97/tmp_product__0/DSP_OUTPUT_INST   | ARITHMETIC.DSP.DSP48E2 |
    | grp_AWBKernel_fu_167/AWBGainUpdate_20_20_2160_3840_1_0_2_2_U0/grp_AWBGainUpdate_20_20_2160_3840_1_0_2_2_Pipeline_ColLoop1_fu_84/mul_32s_10ns_42_1_1_U97/icmp_ln45_1_fu_228_p2_carry_i_1  | CLB.LUT.LUT2           |
    | grp_AWBKernel_fu_167/AWBGainUpdate_20_20_2160_3840_1_0_2_2_U0/grp_AWBGainUpdate_20_20_2160_3840_1_0_2_2_Pipeline_ColLoop1_fu_84/icmp_ln45_1_fu_228_p2_carry                              | CLB.CARRY.CARRY8       |
    | grp_AWBKernel_fu_167/AWBGainUpdate_20_20_2160_3840_1_0_2_2_U0/grp_AWBGainUpdate_20_20_2160_3840_1_0_2_2_Pipeline_ColLoop1_fu_84/icmp_ln45_1_fu_228_p2_carry__0                           | CLB.CARRY.CARRY8       |
    | grp_AWBKernel_fu_167/AWBGainUpdate_20_20_2160_3840_1_0_2_2_U0/grp_AWBGainUpdate_20_20_2160_3840_1_0_2_2_Pipeline_ColLoop1_fu_84/mul_32s_10ns_42_1_1_U97/select_ln45_1_reg_338[9]_i_1     | CLB.LUT.LUT5           |
    | grp_AWBKernel_fu_167/AWBGainUpdate_20_20_2160_3840_1_0_2_2_U0/grp_AWBGainUpdate_20_20_2160_3840_1_0_2_2_Pipeline_ColLoop1_fu_84/select_ln45_1_reg_338_reg[4]                             | REGISTER.SDR.FDSE      |
    +------------------------------------------------------------------------------------------------------------------------------------------------------------------------------------------+------------------------+


================================================================
== Place & Route Vivado Reports
================================================================
+--------------------------+--------------------------------------------------------------------------------+
| Report Type              | Report Location                                                                |
+--------------------------+--------------------------------------------------------------------------------+
| design_analysis          | impl/verilog/report/autowhitebalance_accel_design_analysis_routed.rpt          |
| failfast                 | impl/verilog/report/autowhitebalance_accel_failfast_routed.rpt                 |
| power                    | impl/verilog/report/autowhitebalance_accel_power_routed.rpt                    |
| status                   | impl/verilog/report/autowhitebalance_accel_status_routed.rpt                   |
| timing                   | impl/verilog/report/autowhitebalance_accel_timing_routed.rpt                   |
| timing_paths             | impl/verilog/report/autowhitebalance_accel_timing_paths_routed.rpt             |
| utilization              | impl/verilog/report/autowhitebalance_accel_utilization_routed.rpt              |
| utilization_hierarchical | impl/verilog/report/autowhitebalance_accel_utilization_hierarchical_routed.rpt |
+--------------------------+--------------------------------------------------------------------------------+


