11:23:08 DEBUG : Logs will be stored at '/home/alen/repo/zynq-7020-video-pipe-3/sw/video-pipe-sw-v5/IDE.log'.
11:23:08 INFO  : Launching XSCT server: xsct -n  -interactive /home/alen/repo/zynq-7020-video-pipe-3/sw/video-pipe-sw-v5/temp_xsdb_launch_script.tcl
11:23:11 INFO  : XSCT server has started successfully.
11:23:11 INFO  : Successfully done setting XSCT server connection channel  
11:23:11 INFO  : plnx-install-location is set to ''
11:23:11 INFO  : Successfully done setting workspace for the tool. 
11:23:13 INFO  : Successfully done query RDI_DATADIR 
11:23:13 INFO  : Platform repository initialization has completed.
11:23:13 INFO  : Registering command handlers for Vitis TCF services
11:34:04 DEBUG : Logs will be stored at '/home/alen/repo/zynq-7020-video-pipe-3/sw/video-pipe-sw-v5/IDE.log'.
11:34:05 INFO  : Launching XSCT server: xsct -n  -interactive /home/alen/repo/zynq-7020-video-pipe-3/sw/video-pipe-sw-v5/temp_xsdb_launch_script.tcl
11:34:07 INFO  : XSCT server has started successfully.
11:34:07 INFO  : plnx-install-location is set to ''
11:34:07 INFO  : Successfully done setting XSCT server connection channel  
11:34:07 INFO  : Successfully done setting workspace for the tool. 
11:34:08 INFO  : Registering command handlers for Vitis TCF services
11:34:08 INFO  : Platform repository initialization has completed.
11:34:08 INFO  : Successfully done query RDI_DATADIR 
11:50:51 DEBUG : Logs will be stored at '/home/alen/repo/zynq-7020-video-pipe-3/sw/video-pipe-sw-v5/IDE.log'.
11:50:52 INFO  : Launching XSCT server: xsct -n  -interactive /home/alen/repo/zynq-7020-video-pipe-3/sw/video-pipe-sw-v5/temp_xsdb_launch_script.tcl
11:50:54 INFO  : XSCT server has started successfully.
11:50:54 INFO  : Successfully done setting XSCT server connection channel  
11:50:54 INFO  : plnx-install-location is set to ''
11:50:54 INFO  : Successfully done setting workspace for the tool. 
11:50:55 INFO  : Registering command handlers for Vitis TCF services
11:50:55 INFO  : Platform repository initialization has completed.
11:50:55 INFO  : Successfully done query RDI_DATADIR 
14:25:48 DEBUG : Logs will be stored at '/home/alen/repo/zynq-7020-video-pipe-3/sw/video-pipe-sw-v5/IDE.log'.
14:25:49 INFO  : Launching XSCT server: xsct -n  -interactive /home/alen/repo/zynq-7020-video-pipe-3/sw/video-pipe-sw-v5/temp_xsdb_launch_script.tcl
14:25:52 INFO  : XSCT server has started successfully.
14:25:52 INFO  : plnx-install-location is set to ''
14:25:52 INFO  : Successfully done setting XSCT server connection channel  
14:25:52 INFO  : Successfully done setting workspace for the tool. 
14:25:52 INFO  : Registering command handlers for Vitis TCF services
14:25:52 INFO  : Platform repository initialization has completed.
14:25:52 INFO  : Successfully done query RDI_DATADIR 
14:26:18 ERROR : Error from executing command 'removePlatformRepo': ERROR: No valid directory exists at given path.
14:28:02 INFO  : Hardware specification for platform project 'broncho_video' is updated.
14:28:36 INFO  : Result from executing command 'getProjects': broncho_video
14:28:36 INFO  : Result from executing command 'getPlatforms': xilinx_zcu102_base_202320_1|/home/alen/Xilinx/Vitis/2023.2/base_platforms/xilinx_zcu102_base_202320_1/xilinx_zcu102_base_202320_1.xpfm;xilinx_zcu102_base_dfx_202320_1|/home/alen/Xilinx/Vitis/2023.2/base_platforms/xilinx_zcu102_base_dfx_202320_1/xilinx_zcu102_base_dfx_202320_1.xpfm;xilinx_zcu104_base_202320_1|/home/alen/Xilinx/Vitis/2023.2/base_platforms/xilinx_zcu104_base_202320_1/xilinx_zcu104_base_202320_1.xpfm
14:28:48 INFO  : Result from executing command 'removePlatformRepo': 
14:29:08 INFO  : Result from executing command 'getProjects': broncho_video
14:29:08 INFO  : Result from executing command 'getPlatforms': xilinx_zcu102_base_202320_1|/home/alen/Xilinx/Vitis/2023.2/base_platforms/xilinx_zcu102_base_202320_1/xilinx_zcu102_base_202320_1.xpfm;xilinx_zcu102_base_dfx_202320_1|/home/alen/Xilinx/Vitis/2023.2/base_platforms/xilinx_zcu102_base_dfx_202320_1/xilinx_zcu102_base_dfx_202320_1.xpfm;xilinx_zcu104_base_202320_1|/home/alen/Xilinx/Vitis/2023.2/base_platforms/xilinx_zcu104_base_202320_1/xilinx_zcu104_base_202320_1.xpfm
14:29:11 INFO  : Checking for BSP changes to sync application flags for project 'setup_video_pipe'...
14:29:22 INFO  : Updating application flags with new BSP settings...
14:29:23 INFO  : Successfully updated application flags for project setup_video_pipe.
14:39:47 INFO  : Checking for BSP changes to sync application flags for project 'setup_video_pipe'...
14:46:28 INFO  : The hardware specification used by project 'setup_video_pipe' is out of sync with the platform. Resource files extracted from the hardware specification will be updated.
14:46:28 INFO  : The file '/home/alen/repo/zynq-7020-video-pipe-3/sw/video-pipe-sw-v5/setup_video_pipe/_ide/bitstream/broncho_video_wrapper.bit' stored in project is removed.
14:46:28 INFO  : The updated bitstream files are copied from platform to folder '/home/alen/repo/zynq-7020-video-pipe-3/sw/video-pipe-sw-v5/setup_video_pipe/_ide/bitstream' in project 'setup_video_pipe'.
14:46:28 INFO  : The file '/home/alen/repo/zynq-7020-video-pipe-3/sw/video-pipe-sw-v5/setup_video_pipe/_ide/psinit/ps7_init.tcl' stored in project is removed.
14:46:35 INFO  : The updated ps init files are copied from platform to folder '/home/alen/repo/zynq-7020-video-pipe-3/sw/video-pipe-sw-v5/setup_video_pipe/_ide/psinit' in project 'setup_video_pipe'.
14:46:36 INFO  : Connected to target on host '127.0.0.1' and port '3121'.
14:46:45 INFO  : ----------------XSDB Script----------------
connect -url tcp:127.0.0.1:3121
----------------End of Script----------------

14:46:45 ERROR : Could not find ARM device on the board for connection 'Local'.
Check if the target is in:
1. Split JTAG - No operations are possible with ARM DAP.
2. Non JTAG bootmode - Bootrom may need time to enable DAP.
Please try again.


Troubleshooting hints:
1. Check whether board is connected to system properly.
2. In case of zynq board, check whether Digilent/Xilinx cable switch settings are correct.
3. If you are using Xilinx Platform Cable USB, ensure that status LED is green.
14:46:55 INFO  : Connected to target on host '127.0.0.1' and port '3121'.
14:46:56 INFO  : Jtag cable 'Platform Cable USB II 000018dd489601' is selected.
14:46:56 INFO  : 'jtag frequency' command is executed.
14:46:56 INFO  : Context for 'APU' is selected.
14:46:56 INFO  : System reset is completed.
14:46:59 INFO  : 'after 3000' command is executed.
14:46:59 INFO  : 'targets -set -filter {jtag_cable_name =~ "Platform Cable USB II 000018dd489601" && level==0 && jtag_device_ctx=="jsn-DLC10-000018dd489601-23727093-0"}' command is executed.
14:47:10 INFO  : Device configured successfully with "/home/alen/repo/zynq-7020-video-pipe-3/sw/video-pipe-sw-v5/BIT/broncho_video_wrapper.bit"
14:47:10 INFO  : Context for 'APU' is selected.
14:47:11 INFO  : Hardware design and registers information is loaded from '/home/alen/repo/zynq-7020-video-pipe-3/sw/video-pipe-sw-v5/broncho_video/export/broncho_video/hw/broncho_video_wrapper.xsa'.
14:47:11 INFO  : 'configparams force-mem-access 1' command is executed.
14:47:11 INFO  : Context for 'APU' is selected.
14:47:11 INFO  : Sourcing of '/home/alen/repo/zynq-7020-video-pipe-3/sw/video-pipe-sw-v5/setup_video_pipe/_ide/psinit/ps7_init.tcl' is done.
14:47:13 INFO  : 'ps7_init' command is executed.
14:47:13 INFO  : 'ps7_post_config' command is executed.
14:47:13 INFO  : Context for processor 'ps7_cortexa9_0' is selected.
14:47:17 INFO  : The application '/home/alen/repo/zynq-7020-video-pipe-3/sw/video-pipe-sw-v5/setup_video_pipe/Debug/setup_video_pipe.elf' is downloaded to processor 'ps7_cortexa9_0'.
14:47:17 INFO  : 'configparams force-mem-access 0' command is executed.
14:47:17 INFO  : ----------------XSDB Script----------------
connect -url tcp:127.0.0.1:3121
targets -set -nocase -filter {name =~"APU*"}
rst -system
after 3000
targets -set -filter {jtag_cable_name =~ "Platform Cable USB II 000018dd489601" && level==0 && jtag_device_ctx=="jsn-DLC10-000018dd489601-23727093-0"}
fpga -file /home/alen/repo/zynq-7020-video-pipe-3/sw/video-pipe-sw-v5/BIT/broncho_video_wrapper.bit
targets -set -nocase -filter {name =~"APU*"}
loadhw -hw /home/alen/repo/zynq-7020-video-pipe-3/sw/video-pipe-sw-v5/broncho_video/export/broncho_video/hw/broncho_video_wrapper.xsa -mem-ranges [list {0x40000000 0xbfffffff}] -regs
configparams force-mem-access 1
targets -set -nocase -filter {name =~"APU*"}
source /home/alen/repo/zynq-7020-video-pipe-3/sw/video-pipe-sw-v5/setup_video_pipe/_ide/psinit/ps7_init.tcl
ps7_init
ps7_post_config
targets -set -nocase -filter {name =~ "*A9*#0"}
dow /home/alen/repo/zynq-7020-video-pipe-3/sw/video-pipe-sw-v5/setup_video_pipe/Debug/setup_video_pipe.elf
configparams force-mem-access 0
----------------End of Script----------------

14:47:17 INFO  : Context for processor 'ps7_cortexa9_0' is selected.
14:47:17 INFO  : 'con' command is executed.
14:47:17 INFO  : ----------------XSDB Script (After Launch)----------------
targets -set -nocase -filter {name =~ "*A9*#0"}
con
----------------End of Script----------------

14:47:17 INFO  : Launch script is exported to file '/home/alen/repo/zynq-7020-video-pipe-3/sw/video-pipe-sw-v5/setup_video_pipe_system/_ide/scripts/debugger_setup_video_pipe-default.tcl'
15:35:43 INFO  : Checking for BSP changes to sync application flags for project 'setup_video_pipe'...
15:36:31 INFO  : Checking for BSP changes to sync application flags for project 'setup_video_pipe'...
15:38:34 INFO  : Checking for BSP changes to sync application flags for project 'setup_video_pipe'...
15:38:41 INFO  : Checking for BSP changes to sync application flags for project 'setup_video_pipe'...
15:41:30 INFO  : Disconnected from the channel tcfchan#5.
15:41:31 INFO  : Connected to target on host '127.0.0.1' and port '3121'.
15:41:41 INFO  : ----------------XSDB Script----------------
connect -url tcp:127.0.0.1:3121
----------------End of Script----------------

15:41:41 ERROR : Could not find ARM device on the board for connection 'Local'.
Check if the target is in:
1. Split JTAG - No operations are possible with ARM DAP.
2. Non JTAG bootmode - Bootrom may need time to enable DAP.
Please try again.


Troubleshooting hints:
1. Check whether board is connected to system properly.
2. In case of zynq board, check whether Digilent/Xilinx cable switch settings are correct.
3. If you are using Xilinx Platform Cable USB, ensure that status LED is green.
15:41:46 INFO  : Connected to target on host '127.0.0.1' and port '3121'.
15:41:46 INFO  : Jtag cable 'Platform Cable USB II 000018dd489601' is selected.
15:41:46 INFO  : 'jtag frequency' command is executed.
15:41:46 INFO  : Context for 'APU' is selected.
15:41:46 INFO  : System reset is completed.
15:41:49 INFO  : 'after 3000' command is executed.
15:41:49 INFO  : 'targets -set -filter {jtag_cable_name =~ "Platform Cable USB II 000018dd489601" && level==0 && jtag_device_ctx=="jsn-DLC10-000018dd489601-23727093-0"}' command is executed.
15:42:00 INFO  : Device configured successfully with "/home/alen/repo/zynq-7020-video-pipe-3/sw/video-pipe-sw-v5/BIT/broncho_video_wrapper.bit"
15:42:00 INFO  : Context for 'APU' is selected.
15:42:00 INFO  : Hardware design and registers information is loaded from '/home/alen/repo/zynq-7020-video-pipe-3/sw/video-pipe-sw-v5/broncho_video/export/broncho_video/hw/broncho_video_wrapper.xsa'.
15:42:00 INFO  : 'configparams force-mem-access 1' command is executed.
15:42:00 INFO  : Context for 'APU' is selected.
15:42:00 INFO  : Sourcing of '/home/alen/repo/zynq-7020-video-pipe-3/sw/video-pipe-sw-v5/setup_video_pipe/_ide/psinit/ps7_init.tcl' is done.
15:42:03 INFO  : 'ps7_init' command is executed.
15:42:03 INFO  : 'ps7_post_config' command is executed.
15:42:03 INFO  : Context for processor 'ps7_cortexa9_0' is selected.
15:42:06 INFO  : The application '/home/alen/repo/zynq-7020-video-pipe-3/sw/video-pipe-sw-v5/setup_video_pipe/Debug/setup_video_pipe.elf' is downloaded to processor 'ps7_cortexa9_0'.
15:42:06 INFO  : 'configparams force-mem-access 0' command is executed.
15:42:06 INFO  : ----------------XSDB Script----------------
connect -url tcp:127.0.0.1:3121
targets -set -nocase -filter {name =~"APU*"}
rst -system
after 3000
targets -set -filter {jtag_cable_name =~ "Platform Cable USB II 000018dd489601" && level==0 && jtag_device_ctx=="jsn-DLC10-000018dd489601-23727093-0"}
fpga -file /home/alen/repo/zynq-7020-video-pipe-3/sw/video-pipe-sw-v5/BIT/broncho_video_wrapper.bit
targets -set -nocase -filter {name =~"APU*"}
loadhw -hw /home/alen/repo/zynq-7020-video-pipe-3/sw/video-pipe-sw-v5/broncho_video/export/broncho_video/hw/broncho_video_wrapper.xsa -mem-ranges [list {0x40000000 0xbfffffff}] -regs
configparams force-mem-access 1
targets -set -nocase -filter {name =~"APU*"}
source /home/alen/repo/zynq-7020-video-pipe-3/sw/video-pipe-sw-v5/setup_video_pipe/_ide/psinit/ps7_init.tcl
ps7_init
ps7_post_config
targets -set -nocase -filter {name =~ "*A9*#0"}
dow /home/alen/repo/zynq-7020-video-pipe-3/sw/video-pipe-sw-v5/setup_video_pipe/Debug/setup_video_pipe.elf
configparams force-mem-access 0
----------------End of Script----------------

15:42:06 INFO  : Context for processor 'ps7_cortexa9_0' is selected.
15:42:06 INFO  : 'con' command is executed.
15:42:06 INFO  : ----------------XSDB Script (After Launch)----------------
targets -set -nocase -filter {name =~ "*A9*#0"}
con
----------------End of Script----------------

15:42:06 INFO  : Launch script is exported to file '/home/alen/repo/zynq-7020-video-pipe-3/sw/video-pipe-sw-v5/setup_video_pipe_system/_ide/scripts/debugger_setup_video_pipe-default.tcl'
16:02:32 INFO  : Checking for BSP changes to sync application flags for project 'setup_video_pipe'...
16:04:09 INFO  : Checking for BSP changes to sync application flags for project 'setup_video_pipe'...
16:04:25 INFO  : Disconnected from the channel tcfchan#6.
16:04:26 INFO  : Connected to target on host '127.0.0.1' and port '3121'.
16:04:26 INFO  : Jtag cable 'Platform Cable USB II 000018dd489601' is selected.
16:04:26 INFO  : 'jtag frequency' command is executed.
16:04:26 INFO  : Context for 'APU' is selected.
16:04:26 INFO  : System reset is completed.
16:04:29 INFO  : 'after 3000' command is executed.
16:04:29 INFO  : 'targets -set -filter {jtag_cable_name =~ "Platform Cable USB II 000018dd489601" && level==0 && jtag_device_ctx=="jsn-DLC10-000018dd489601-23727093-0"}' command is executed.
16:04:41 INFO  : Device configured successfully with "/home/alen/repo/zynq-7020-video-pipe-3/sw/video-pipe-sw-v5/BIT/broncho_video_wrapper.bit"
16:04:41 INFO  : Context for 'APU' is selected.
16:04:41 INFO  : Hardware design and registers information is loaded from '/home/alen/repo/zynq-7020-video-pipe-3/sw/video-pipe-sw-v5/broncho_video/export/broncho_video/hw/broncho_video_wrapper.xsa'.
16:04:41 INFO  : 'configparams force-mem-access 1' command is executed.
16:04:41 INFO  : Context for 'APU' is selected.
16:04:41 INFO  : Sourcing of '/home/alen/repo/zynq-7020-video-pipe-3/sw/video-pipe-sw-v5/setup_video_pipe/_ide/psinit/ps7_init.tcl' is done.
16:04:43 INFO  : 'ps7_init' command is executed.
16:04:43 INFO  : 'ps7_post_config' command is executed.
16:04:43 INFO  : Context for processor 'ps7_cortexa9_0' is selected.
16:04:46 INFO  : The application '/home/alen/repo/zynq-7020-video-pipe-3/sw/video-pipe-sw-v5/setup_video_pipe/Debug/setup_video_pipe.elf' is downloaded to processor 'ps7_cortexa9_0'.
16:04:46 INFO  : 'configparams force-mem-access 0' command is executed.
16:04:46 INFO  : ----------------XSDB Script----------------
connect -url tcp:127.0.0.1:3121
targets -set -nocase -filter {name =~"APU*"}
rst -system
after 3000
targets -set -filter {jtag_cable_name =~ "Platform Cable USB II 000018dd489601" && level==0 && jtag_device_ctx=="jsn-DLC10-000018dd489601-23727093-0"}
fpga -file /home/alen/repo/zynq-7020-video-pipe-3/sw/video-pipe-sw-v5/BIT/broncho_video_wrapper.bit
targets -set -nocase -filter {name =~"APU*"}
loadhw -hw /home/alen/repo/zynq-7020-video-pipe-3/sw/video-pipe-sw-v5/broncho_video/export/broncho_video/hw/broncho_video_wrapper.xsa -mem-ranges [list {0x40000000 0xbfffffff}] -regs
configparams force-mem-access 1
targets -set -nocase -filter {name =~"APU*"}
source /home/alen/repo/zynq-7020-video-pipe-3/sw/video-pipe-sw-v5/setup_video_pipe/_ide/psinit/ps7_init.tcl
ps7_init
ps7_post_config
targets -set -nocase -filter {name =~ "*A9*#0"}
dow /home/alen/repo/zynq-7020-video-pipe-3/sw/video-pipe-sw-v5/setup_video_pipe/Debug/setup_video_pipe.elf
configparams force-mem-access 0
----------------End of Script----------------

16:04:46 INFO  : Context for processor 'ps7_cortexa9_0' is selected.
16:04:47 INFO  : 'con' command is executed.
16:04:47 INFO  : ----------------XSDB Script (After Launch)----------------
targets -set -nocase -filter {name =~ "*A9*#0"}
con
----------------End of Script----------------

16:04:47 INFO  : Launch script is exported to file '/home/alen/repo/zynq-7020-video-pipe-3/sw/video-pipe-sw-v5/setup_video_pipe_system/_ide/scripts/debugger_setup_video_pipe-default.tcl'
16:48:53 DEBUG : Logs will be stored at '/home/alen/repo/zynq-7020-video-pipe-3/sw/video-pipe-sw-v5/IDE.log'.
16:48:54 INFO  : Launching XSCT server: xsct -n  -interactive /home/alen/repo/zynq-7020-video-pipe-3/sw/video-pipe-sw-v5/temp_xsdb_launch_script.tcl
16:48:57 INFO  : XSCT server has started successfully.
16:48:57 INFO  : plnx-install-location is set to ''
16:48:57 INFO  : Successfully done setting XSCT server connection channel  
16:48:57 INFO  : Platform repository initialization has completed.
16:48:57 INFO  : Registering command handlers for Vitis TCF services
16:48:58 INFO  : Successfully done setting workspace for the tool. 
16:48:58 INFO  : Successfully done query RDI_DATADIR 
17:37:21 INFO  : Result from executing command 'getProjects': broncho_video
17:37:21 INFO  : Result from executing command 'getPlatforms': broncho_video|/home/alen/repo/zynq-7020-video-pipe-3/sw/video-pipe-sw-v5/broncho_video/export/broncho_video/broncho_video.xpfm;xilinx_zcu102_base_202320_1|/home/alen/Xilinx/Vitis/2023.2/base_platforms/xilinx_zcu102_base_202320_1/xilinx_zcu102_base_202320_1.xpfm;xilinx_zcu102_base_dfx_202320_1|/home/alen/Xilinx/Vitis/2023.2/base_platforms/xilinx_zcu102_base_dfx_202320_1/xilinx_zcu102_base_dfx_202320_1.xpfm;xilinx_zcu104_base_202320_1|/home/alen/Xilinx/Vitis/2023.2/base_platforms/xilinx_zcu104_base_202320_1/xilinx_zcu104_base_202320_1.xpfm
17:37:25 INFO  : Checking for BSP changes to sync application flags for project 'setup_video_pipe'...
17:39:14 INFO  : Connected to target on host '127.0.0.1' and port '3121'.
17:39:32 INFO  : ----------------XSDB Script----------------
connect -url tcp:127.0.0.1:3121
----------------End of Script----------------

17:39:32 ERROR : Could not find ARM device on the board for connection 'Local'.
Check if the target is in:
1. Split JTAG - No operations are possible with ARM DAP.
2. Non JTAG bootmode - Bootrom may need time to enable DAP.
Please try again.


Troubleshooting hints:
1. Check whether board is connected to system properly.
2. In case of zynq board, check whether Digilent/Xilinx cable switch settings are correct.
3. If you are using Xilinx Platform Cable USB, ensure that status LED is green.
17:39:40 INFO  : Connected to target on host '127.0.0.1' and port '3121'.
17:39:58 INFO  : ----------------XSDB Script----------------
connect -url tcp:127.0.0.1:3121
----------------End of Script----------------

17:39:58 ERROR : Could not find ARM device on the board for connection 'Local'.
Check if the target is in:
1. Split JTAG - No operations are possible with ARM DAP.
2. Non JTAG bootmode - Bootrom may need time to enable DAP.
Please try again.


Troubleshooting hints:
1. Check whether board is connected to system properly.
2. In case of zynq board, check whether Digilent/Xilinx cable switch settings are correct.
3. If you are using Xilinx Platform Cable USB, ensure that status LED is green.
17:40:02 INFO  : Connected to target on host '127.0.0.1' and port '3121'.
17:40:20 INFO  : ----------------XSDB Script----------------
connect -url tcp:127.0.0.1:3121
----------------End of Script----------------

17:40:20 ERROR : Could not find ARM device on the board for connection 'Local'.
Check if the target is in:
1. Split JTAG - No operations are possible with ARM DAP.
2. Non JTAG bootmode - Bootrom may need time to enable DAP.
Please try again.


Troubleshooting hints:
1. Check whether board is connected to system properly.
2. In case of zynq board, check whether Digilent/Xilinx cable switch settings are correct.
3. If you are using Xilinx Platform Cable USB, ensure that status LED is green.
17:40:32 INFO  : Connected to target on host '127.0.0.1' and port '3121'.
17:40:41 INFO  : ----------------XSDB Script----------------
connect -url tcp:127.0.0.1:3121
----------------End of Script----------------

17:40:41 ERROR : Could not find ARM device on the board for connection 'Local'.
Check if the target is in:
1. Split JTAG - No operations are possible with ARM DAP.
2. Non JTAG bootmode - Bootrom may need time to enable DAP.
Please try again.


Troubleshooting hints:
1. Check whether board is connected to system properly.
2. In case of zynq board, check whether Digilent/Xilinx cable switch settings are correct.
3. If you are using Xilinx Platform Cable USB, ensure that status LED is green.
17:40:57 INFO  : Connected to target on host '127.0.0.1' and port '3121'.
17:40:57 INFO  : Jtag cable 'Platform Cable USB II 000018dd489601' is selected.
17:40:57 INFO  : 'jtag frequency' command is executed.
17:40:57 INFO  : Context for 'APU' is selected.
17:40:57 INFO  : System reset is completed.
17:41:00 INFO  : 'after 3000' command is executed.
17:41:00 INFO  : 'targets -set -filter {jtag_cable_name =~ "Platform Cable USB II 000018dd489601" && level==0 && jtag_device_ctx=="jsn-DLC10-000018dd489601-23727093-0"}' command is executed.
17:41:12 INFO  : Device configured successfully with "/home/alen/repo/zynq-7020-video-pipe-3/sw/video-pipe-sw-v5/BIT/broncho_video_wrapper.bit"
17:41:12 INFO  : Context for 'APU' is selected.
17:41:12 INFO  : Hardware design and registers information is loaded from '/home/alen/repo/zynq-7020-video-pipe-3/sw/video-pipe-sw-v5/broncho_video/export/broncho_video/hw/broncho_video_wrapper.xsa'.
17:41:12 INFO  : 'configparams force-mem-access 1' command is executed.
17:41:12 INFO  : Context for 'APU' is selected.
17:41:12 INFO  : Sourcing of '/home/alen/repo/zynq-7020-video-pipe-3/sw/video-pipe-sw-v5/setup_video_pipe/_ide/psinit/ps7_init.tcl' is done.
17:41:14 INFO  : 'ps7_init' command is executed.
17:41:14 INFO  : 'ps7_post_config' command is executed.
17:41:14 INFO  : Context for processor 'ps7_cortexa9_0' is selected.
17:41:18 INFO  : The application '/home/alen/repo/zynq-7020-video-pipe-3/sw/video-pipe-sw-v5/setup_video_pipe/Debug/setup_video_pipe.elf' is downloaded to processor 'ps7_cortexa9_0'.
17:41:18 INFO  : 'configparams force-mem-access 0' command is executed.
17:41:18 INFO  : ----------------XSDB Script----------------
connect -url tcp:127.0.0.1:3121
targets -set -nocase -filter {name =~"APU*"}
rst -system
after 3000
targets -set -filter {jtag_cable_name =~ "Platform Cable USB II 000018dd489601" && level==0 && jtag_device_ctx=="jsn-DLC10-000018dd489601-23727093-0"}
fpga -file /home/alen/repo/zynq-7020-video-pipe-3/sw/video-pipe-sw-v5/BIT/broncho_video_wrapper.bit
targets -set -nocase -filter {name =~"APU*"}
loadhw -hw /home/alen/repo/zynq-7020-video-pipe-3/sw/video-pipe-sw-v5/broncho_video/export/broncho_video/hw/broncho_video_wrapper.xsa -mem-ranges [list {0x40000000 0xbfffffff}] -regs
configparams force-mem-access 1
targets -set -nocase -filter {name =~"APU*"}
source /home/alen/repo/zynq-7020-video-pipe-3/sw/video-pipe-sw-v5/setup_video_pipe/_ide/psinit/ps7_init.tcl
ps7_init
ps7_post_config
targets -set -nocase -filter {name =~ "*A9*#0"}
dow /home/alen/repo/zynq-7020-video-pipe-3/sw/video-pipe-sw-v5/setup_video_pipe/Debug/setup_video_pipe.elf
configparams force-mem-access 0
----------------End of Script----------------

17:41:18 INFO  : Context for processor 'ps7_cortexa9_0' is selected.
17:41:18 INFO  : 'con' command is executed.
17:41:18 INFO  : ----------------XSDB Script (After Launch)----------------
targets -set -nocase -filter {name =~ "*A9*#0"}
con
----------------End of Script----------------

17:41:18 INFO  : Launch script is exported to file '/home/alen/repo/zynq-7020-video-pipe-3/sw/video-pipe-sw-v5/setup_video_pipe_system/_ide/scripts/debugger_setup_video_pipe-default.tcl'
17:44:14 INFO  : Checking for BSP changes to sync application flags for project 'setup_video_pipe'...
17:44:25 INFO  : Disconnected from the channel tcfchan#2.
17:44:26 INFO  : Connected to target on host '127.0.0.1' and port '3121'.
17:44:36 INFO  : ----------------XSDB Script----------------
connect -url tcp:127.0.0.1:3121
----------------End of Script----------------

17:44:36 ERROR : Could not find ARM device on the board for connection 'Local'.
Check if the target is in:
1. Split JTAG - No operations are possible with ARM DAP.
2. Non JTAG bootmode - Bootrom may need time to enable DAP.
Please try again.


Troubleshooting hints:
1. Check whether board is connected to system properly.
2. In case of zynq board, check whether Digilent/Xilinx cable switch settings are correct.
3. If you are using Xilinx Platform Cable USB, ensure that status LED is green.
17:44:47 INFO  : Connected to target on host '127.0.0.1' and port '3121'.
17:44:56 INFO  : ----------------XSDB Script----------------
connect -url tcp:127.0.0.1:3121
----------------End of Script----------------

17:44:56 ERROR : Could not find ARM device on the board for connection 'Local'.
Check if the target is in:
1. Split JTAG - No operations are possible with ARM DAP.
2. Non JTAG bootmode - Bootrom may need time to enable DAP.
Please try again.


Troubleshooting hints:
1. Check whether board is connected to system properly.
2. In case of zynq board, check whether Digilent/Xilinx cable switch settings are correct.
3. If you are using Xilinx Platform Cable USB, ensure that status LED is green.
17:45:09 INFO  : Connected to target on host '127.0.0.1' and port '3121'.
17:45:27 INFO  : ----------------XSDB Script----------------
connect -url tcp:127.0.0.1:3121
----------------End of Script----------------

17:45:27 ERROR : Could not find ARM device on the board for connection 'Local'.
Check if the target is in:
1. Split JTAG - No operations are possible with ARM DAP.
2. Non JTAG bootmode - Bootrom may need time to enable DAP.
Please try again.


Troubleshooting hints:
1. Check whether board is connected to system properly.
2. In case of zynq board, check whether Digilent/Xilinx cable switch settings are correct.
3. If you are using Xilinx Platform Cable USB, ensure that status LED is green.
17:45:44 INFO  : Connected to target on host '127.0.0.1' and port '3121'.
17:46:02 INFO  : ----------------XSDB Script----------------
connect -url tcp:127.0.0.1:3121
----------------End of Script----------------

17:46:02 ERROR : Could not find ARM device on the board for connection 'Local'.
Check if the target is in:
1. Split JTAG - No operations are possible with ARM DAP.
2. Non JTAG bootmode - Bootrom may need time to enable DAP.
Please try again.


Troubleshooting hints:
1. Check whether board is connected to system properly.
2. In case of zynq board, check whether Digilent/Xilinx cable switch settings are correct.
3. If you are using Xilinx Platform Cable USB, ensure that status LED is green.
17:46:14 INFO  : Connected to target on host '127.0.0.1' and port '3121'.
17:46:23 INFO  : ----------------XSDB Script----------------
connect -url tcp:127.0.0.1:3121
----------------End of Script----------------

17:46:23 ERROR : Could not find ARM device on the board for connection 'Local'.
Check if the target is in:
1. Split JTAG - No operations are possible with ARM DAP.
2. Non JTAG bootmode - Bootrom may need time to enable DAP.
Please try again.


Troubleshooting hints:
1. Check whether board is connected to system properly.
2. In case of zynq board, check whether Digilent/Xilinx cable switch settings are correct.
3. If you are using Xilinx Platform Cable USB, ensure that status LED is green.
17:46:37 INFO  : Connected to target on host '127.0.0.1' and port '3121'.
17:46:37 INFO  : Jtag cable 'Platform Cable USB II 000018dd489601' is selected.
17:46:37 INFO  : 'jtag frequency' command is executed.
17:46:37 INFO  : Context for 'APU' is selected.
17:46:37 INFO  : System reset is completed.
17:46:40 INFO  : 'after 3000' command is executed.
17:46:40 INFO  : 'targets -set -filter {jtag_cable_name =~ "Platform Cable USB II 000018dd489601" && level==0 && jtag_device_ctx=="jsn-DLC10-000018dd489601-23727093-0"}' command is executed.
17:46:52 INFO  : Device configured successfully with "/home/alen/repo/zynq-7020-video-pipe-3/sw/video-pipe-sw-v5/BIT/broncho_video_wrapper.bit"
17:46:52 INFO  : Context for 'APU' is selected.
17:46:52 INFO  : Hardware design and registers information is loaded from '/home/alen/repo/zynq-7020-video-pipe-3/sw/video-pipe-sw-v5/broncho_video/export/broncho_video/hw/broncho_video_wrapper.xsa'.
17:46:52 INFO  : 'configparams force-mem-access 1' command is executed.
17:46:52 INFO  : Context for 'APU' is selected.
17:46:52 INFO  : Sourcing of '/home/alen/repo/zynq-7020-video-pipe-3/sw/video-pipe-sw-v5/setup_video_pipe/_ide/psinit/ps7_init.tcl' is done.
17:46:54 INFO  : 'ps7_init' command is executed.
17:46:54 INFO  : 'ps7_post_config' command is executed.
17:46:54 INFO  : Context for processor 'ps7_cortexa9_0' is selected.
17:46:57 INFO  : The application '/home/alen/repo/zynq-7020-video-pipe-3/sw/video-pipe-sw-v5/setup_video_pipe/Debug/setup_video_pipe.elf' is downloaded to processor 'ps7_cortexa9_0'.
17:46:57 INFO  : 'configparams force-mem-access 0' command is executed.
17:46:57 INFO  : ----------------XSDB Script----------------
connect -url tcp:127.0.0.1:3121
targets -set -nocase -filter {name =~"APU*"}
rst -system
after 3000
targets -set -filter {jtag_cable_name =~ "Platform Cable USB II 000018dd489601" && level==0 && jtag_device_ctx=="jsn-DLC10-000018dd489601-23727093-0"}
fpga -file /home/alen/repo/zynq-7020-video-pipe-3/sw/video-pipe-sw-v5/BIT/broncho_video_wrapper.bit
targets -set -nocase -filter {name =~"APU*"}
loadhw -hw /home/alen/repo/zynq-7020-video-pipe-3/sw/video-pipe-sw-v5/broncho_video/export/broncho_video/hw/broncho_video_wrapper.xsa -mem-ranges [list {0x40000000 0xbfffffff}] -regs
configparams force-mem-access 1
targets -set -nocase -filter {name =~"APU*"}
source /home/alen/repo/zynq-7020-video-pipe-3/sw/video-pipe-sw-v5/setup_video_pipe/_ide/psinit/ps7_init.tcl
ps7_init
ps7_post_config
targets -set -nocase -filter {name =~ "*A9*#0"}
dow /home/alen/repo/zynq-7020-video-pipe-3/sw/video-pipe-sw-v5/setup_video_pipe/Debug/setup_video_pipe.elf
configparams force-mem-access 0
----------------End of Script----------------

17:46:57 INFO  : Context for processor 'ps7_cortexa9_0' is selected.
17:46:57 INFO  : 'con' command is executed.
17:46:57 INFO  : ----------------XSDB Script (After Launch)----------------
targets -set -nocase -filter {name =~ "*A9*#0"}
con
----------------End of Script----------------

17:46:57 INFO  : Launch script is exported to file '/home/alen/repo/zynq-7020-video-pipe-3/sw/video-pipe-sw-v5/setup_video_pipe_system/_ide/scripts/debugger_setup_video_pipe-default.tcl'
17:54:33 INFO  : Checking for BSP changes to sync application flags for project 'setup_video_pipe'...
17:54:52 INFO  : Disconnected from the channel tcfchan#3.
17:54:53 INFO  : Connected to target on host '127.0.0.1' and port '3121'.
17:55:03 INFO  : ----------------XSDB Script----------------
connect -url tcp:127.0.0.1:3121
----------------End of Script----------------

17:55:03 ERROR : Could not find FPGA device on the board for connection 'Local'.


Troubleshooting hints:
1. Check whether board is connected to system properly.
2. In case of zynq board, check whether Digilent/Xilinx cable switch settings are correct.
3. If you are using Xilinx Platform Cable USB, ensure that status LED is green.
17:55:12 INFO  : Connected to target on host '127.0.0.1' and port '3121'.
17:55:12 INFO  : Jtag cable 'Platform Cable USB II 000018dd489601' is selected.
17:55:12 INFO  : 'jtag frequency' command is executed.
17:55:12 INFO  : Context for 'APU' is selected.
17:55:12 INFO  : System reset is completed.
17:55:15 INFO  : 'after 3000' command is executed.
17:55:15 INFO  : 'targets -set -filter {jtag_cable_name =~ "Platform Cable USB II 000018dd489601" && level==0 && jtag_device_ctx=="jsn-DLC10-000018dd489601-23727093-0"}' command is executed.
17:55:26 INFO  : Device configured successfully with "/home/alen/repo/zynq-7020-video-pipe-3/sw/video-pipe-sw-v5/BIT/broncho_video_wrapper.bit"
17:55:27 INFO  : Context for 'APU' is selected.
17:55:27 INFO  : Hardware design and registers information is loaded from '/home/alen/repo/zynq-7020-video-pipe-3/sw/video-pipe-sw-v5/broncho_video/export/broncho_video/hw/broncho_video_wrapper.xsa'.
17:55:27 INFO  : 'configparams force-mem-access 1' command is executed.
17:55:27 INFO  : Context for 'APU' is selected.
17:55:27 INFO  : Sourcing of '/home/alen/repo/zynq-7020-video-pipe-3/sw/video-pipe-sw-v5/setup_video_pipe/_ide/psinit/ps7_init.tcl' is done.
17:55:28 INFO  : 'ps7_init' command is executed.
17:55:28 INFO  : 'ps7_post_config' command is executed.
17:55:28 INFO  : Context for processor 'ps7_cortexa9_0' is selected.
17:55:32 INFO  : The application '/home/alen/repo/zynq-7020-video-pipe-3/sw/video-pipe-sw-v5/setup_video_pipe/Debug/setup_video_pipe.elf' is downloaded to processor 'ps7_cortexa9_0'.
17:55:32 INFO  : 'configparams force-mem-access 0' command is executed.
17:55:32 INFO  : ----------------XSDB Script----------------
connect -url tcp:127.0.0.1:3121
targets -set -nocase -filter {name =~"APU*"}
rst -system
after 3000
targets -set -filter {jtag_cable_name =~ "Platform Cable USB II 000018dd489601" && level==0 && jtag_device_ctx=="jsn-DLC10-000018dd489601-23727093-0"}
fpga -file /home/alen/repo/zynq-7020-video-pipe-3/sw/video-pipe-sw-v5/BIT/broncho_video_wrapper.bit
targets -set -nocase -filter {name =~"APU*"}
loadhw -hw /home/alen/repo/zynq-7020-video-pipe-3/sw/video-pipe-sw-v5/broncho_video/export/broncho_video/hw/broncho_video_wrapper.xsa -mem-ranges [list {0x40000000 0xbfffffff}] -regs
configparams force-mem-access 1
targets -set -nocase -filter {name =~"APU*"}
source /home/alen/repo/zynq-7020-video-pipe-3/sw/video-pipe-sw-v5/setup_video_pipe/_ide/psinit/ps7_init.tcl
ps7_init
ps7_post_config
targets -set -nocase -filter {name =~ "*A9*#0"}
dow /home/alen/repo/zynq-7020-video-pipe-3/sw/video-pipe-sw-v5/setup_video_pipe/Debug/setup_video_pipe.elf
configparams force-mem-access 0
----------------End of Script----------------

17:55:32 INFO  : Context for processor 'ps7_cortexa9_0' is selected.
17:55:32 INFO  : 'con' command is executed.
17:55:32 INFO  : ----------------XSDB Script (After Launch)----------------
targets -set -nocase -filter {name =~ "*A9*#0"}
con
----------------End of Script----------------

17:55:32 INFO  : Launch script is exported to file '/home/alen/repo/zynq-7020-video-pipe-3/sw/video-pipe-sw-v5/setup_video_pipe_system/_ide/scripts/debugger_setup_video_pipe-default.tcl'
17:57:44 INFO  : Checking for BSP changes to sync application flags for project 'setup_video_pipe'...
17:57:50 INFO  : Disconnected from the channel tcfchan#4.
17:57:51 INFO  : Connected to target on host '127.0.0.1' and port '3121'.
17:58:00 INFO  : ----------------XSDB Script----------------
connect -url tcp:127.0.0.1:3121
----------------End of Script----------------

17:58:00 ERROR : Could not find FPGA device on the board for connection 'Local'.


Troubleshooting hints:
1. Check whether board is connected to system properly.
2. In case of zynq board, check whether Digilent/Xilinx cable switch settings are correct.
3. If you are using Xilinx Platform Cable USB, ensure that status LED is green.
17:58:07 INFO  : Connected to target on host '127.0.0.1' and port '3121'.
17:58:07 INFO  : Jtag cable 'Platform Cable USB II 000018dd489601' is selected.
17:58:07 INFO  : 'jtag frequency' command is executed.
17:58:07 INFO  : Context for 'APU' is selected.
17:58:07 INFO  : System reset is completed.
17:58:11 INFO  : 'after 3000' command is executed.
17:58:11 INFO  : 'targets -set -filter {jtag_cable_name =~ "Platform Cable USB II 000018dd489601" && level==0 && jtag_device_ctx=="jsn-DLC10-000018dd489601-23727093-0"}' command is executed.
17:58:22 INFO  : Device configured successfully with "/home/alen/repo/zynq-7020-video-pipe-3/sw/video-pipe-sw-v5/BIT/broncho_video_wrapper.bit"
17:58:22 INFO  : Context for 'APU' is selected.
17:58:22 INFO  : Hardware design and registers information is loaded from '/home/alen/repo/zynq-7020-video-pipe-3/sw/video-pipe-sw-v5/broncho_video/export/broncho_video/hw/broncho_video_wrapper.xsa'.
17:58:22 INFO  : 'configparams force-mem-access 1' command is executed.
17:58:22 INFO  : Context for 'APU' is selected.
17:58:22 INFO  : Sourcing of '/home/alen/repo/zynq-7020-video-pipe-3/sw/video-pipe-sw-v5/setup_video_pipe/_ide/psinit/ps7_init.tcl' is done.
17:58:24 INFO  : 'ps7_init' command is executed.
17:58:24 INFO  : 'ps7_post_config' command is executed.
17:58:24 INFO  : Context for processor 'ps7_cortexa9_0' is selected.
17:58:27 INFO  : The application '/home/alen/repo/zynq-7020-video-pipe-3/sw/video-pipe-sw-v5/setup_video_pipe/Debug/setup_video_pipe.elf' is downloaded to processor 'ps7_cortexa9_0'.
17:58:28 INFO  : 'configparams force-mem-access 0' command is executed.
17:58:28 INFO  : ----------------XSDB Script----------------
connect -url tcp:127.0.0.1:3121
targets -set -nocase -filter {name =~"APU*"}
rst -system
after 3000
targets -set -filter {jtag_cable_name =~ "Platform Cable USB II 000018dd489601" && level==0 && jtag_device_ctx=="jsn-DLC10-000018dd489601-23727093-0"}
fpga -file /home/alen/repo/zynq-7020-video-pipe-3/sw/video-pipe-sw-v5/BIT/broncho_video_wrapper.bit
targets -set -nocase -filter {name =~"APU*"}
loadhw -hw /home/alen/repo/zynq-7020-video-pipe-3/sw/video-pipe-sw-v5/broncho_video/export/broncho_video/hw/broncho_video_wrapper.xsa -mem-ranges [list {0x40000000 0xbfffffff}] -regs
configparams force-mem-access 1
targets -set -nocase -filter {name =~"APU*"}
source /home/alen/repo/zynq-7020-video-pipe-3/sw/video-pipe-sw-v5/setup_video_pipe/_ide/psinit/ps7_init.tcl
ps7_init
ps7_post_config
targets -set -nocase -filter {name =~ "*A9*#0"}
dow /home/alen/repo/zynq-7020-video-pipe-3/sw/video-pipe-sw-v5/setup_video_pipe/Debug/setup_video_pipe.elf
configparams force-mem-access 0
----------------End of Script----------------

17:58:28 INFO  : Context for processor 'ps7_cortexa9_0' is selected.
17:58:28 INFO  : 'con' command is executed.
17:58:28 INFO  : ----------------XSDB Script (After Launch)----------------
targets -set -nocase -filter {name =~ "*A9*#0"}
con
----------------End of Script----------------

17:58:28 INFO  : Launch script is exported to file '/home/alen/repo/zynq-7020-video-pipe-3/sw/video-pipe-sw-v5/setup_video_pipe_system/_ide/scripts/debugger_setup_video_pipe-default.tcl'
19:06:09 INFO  : Disconnected from the channel tcfchan#5.
09:45:55 DEBUG : Logs will be stored at '/home/alen/repo/zynq-7020-video-pipe-3/sw/video-pipe-sw-v5/IDE.log'.
09:45:55 INFO  : Launching XSCT server: xsct -n  -interactive /home/alen/repo/zynq-7020-video-pipe-3/sw/video-pipe-sw-v5/temp_xsdb_launch_script.tcl
09:45:58 INFO  : Registering command handlers for Vitis TCF services
09:45:58 INFO  : Platform repository initialization has completed.
09:45:59 INFO  : XSCT server has started successfully.
09:45:59 INFO  : plnx-install-location is set to ''
09:45:59 INFO  : Successfully done setting XSCT server connection channel  
09:45:59 INFO  : Successfully done setting workspace for the tool. 
09:45:59 INFO  : Successfully done query RDI_DATADIR 
17:01:27 DEBUG : Logs will be stored at '/home/alen/repo/zynq-7020-video-pipe-3/sw/video-pipe-sw-v5/IDE.log'.
17:01:28 INFO  : Launching XSCT server: xsct -n  -interactive /home/alen/repo/zynq-7020-video-pipe-3/sw/video-pipe-sw-v5/temp_xsdb_launch_script.tcl
17:01:31 INFO  : Platform repository initialization has completed.
17:01:31 INFO  : XSCT server has started successfully.
17:01:31 INFO  : Successfully done setting XSCT server connection channel  
17:01:31 INFO  : Registering command handlers for Vitis TCF services
17:01:31 INFO  : plnx-install-location is set to ''
17:01:31 INFO  : Successfully done setting workspace for the tool. 
17:01:31 INFO  : Successfully done query RDI_DATADIR 
17:02:16 INFO  : Result from executing command 'getProjects': broncho_video
17:02:16 INFO  : Result from executing command 'getPlatforms': broncho_video|/home/alen/repo/zynq-7020-video-pipe-3/sw/video-pipe-sw-v5/broncho_video/export/broncho_video/broncho_video.xpfm;xilinx_zcu102_base_202320_1|/home/alen/Xilinx/Vitis/2023.2/base_platforms/xilinx_zcu102_base_202320_1/xilinx_zcu102_base_202320_1.xpfm;xilinx_zcu102_base_dfx_202320_1|/home/alen/Xilinx/Vitis/2023.2/base_platforms/xilinx_zcu102_base_dfx_202320_1/xilinx_zcu102_base_dfx_202320_1.xpfm;xilinx_zcu104_base_202320_1|/home/alen/Xilinx/Vitis/2023.2/base_platforms/xilinx_zcu104_base_202320_1/xilinx_zcu104_base_202320_1.xpfm
17:02:20 INFO  : Checking for BSP changes to sync application flags for project 'setup_video_pipe'...
17:04:17 INFO  : Connected to target on host '127.0.0.1' and port '3121'.
17:04:27 INFO  : ----------------XSDB Script----------------
connect -url tcp:127.0.0.1:3121
----------------End of Script----------------

17:04:27 ERROR : Could not find ARM device on the board for connection 'Local'.
Check if the target is in:
1. Split JTAG - No operations are possible with ARM DAP.
2. Non JTAG bootmode - Bootrom may need time to enable DAP.
Please try again.


Troubleshooting hints:
1. Check whether board is connected to system properly.
2. In case of zynq board, check whether Digilent/Xilinx cable switch settings are correct.
3. If you are using Xilinx Platform Cable USB, ensure that status LED is green.
17:04:32 INFO  : Connected to target on host '127.0.0.1' and port '3121'.
17:04:32 INFO  : Jtag cable 'Platform Cable USB II 000018dd489601' is selected.
17:04:32 INFO  : 'jtag frequency' command is executed.
17:04:32 INFO  : Context for 'APU' is selected.
17:04:32 INFO  : System reset is completed.
17:04:35 INFO  : 'after 3000' command is executed.
17:04:35 INFO  : 'targets -set -filter {jtag_cable_name =~ "Platform Cable USB II 000018dd489601" && level==0 && jtag_device_ctx=="jsn-DLC10-000018dd489601-23727093-0"}' command is executed.
17:04:46 INFO  : Device configured successfully with "/home/alen/repo/zynq-7020-video-pipe-3/sw/video-pipe-sw-v5/BIT/broncho_video_wrapper.bit"
17:04:46 INFO  : Context for 'APU' is selected.
17:04:47 INFO  : Hardware design and registers information is loaded from '/home/alen/repo/zynq-7020-video-pipe-3/sw/video-pipe-sw-v5/broncho_video/export/broncho_video/hw/broncho_video_wrapper.xsa'.
17:04:47 INFO  : 'configparams force-mem-access 1' command is executed.
17:04:47 INFO  : Context for 'APU' is selected.
17:04:47 INFO  : Sourcing of '/home/alen/repo/zynq-7020-video-pipe-3/sw/video-pipe-sw-v5/setup_video_pipe/_ide/psinit/ps7_init.tcl' is done.
17:04:49 INFO  : 'ps7_init' command is executed.
17:04:49 INFO  : 'ps7_post_config' command is executed.
17:04:49 INFO  : Context for processor 'ps7_cortexa9_0' is selected.
17:04:53 INFO  : The application '/home/alen/repo/zynq-7020-video-pipe-3/sw/video-pipe-sw-v5/setup_video_pipe/Debug/setup_video_pipe.elf' is downloaded to processor 'ps7_cortexa9_0'.
17:04:53 INFO  : 'configparams force-mem-access 0' command is executed.
17:04:53 INFO  : ----------------XSDB Script----------------
connect -url tcp:127.0.0.1:3121
targets -set -nocase -filter {name =~"APU*"}
rst -system
after 3000
targets -set -filter {jtag_cable_name =~ "Platform Cable USB II 000018dd489601" && level==0 && jtag_device_ctx=="jsn-DLC10-000018dd489601-23727093-0"}
fpga -file /home/alen/repo/zynq-7020-video-pipe-3/sw/video-pipe-sw-v5/BIT/broncho_video_wrapper.bit
targets -set -nocase -filter {name =~"APU*"}
loadhw -hw /home/alen/repo/zynq-7020-video-pipe-3/sw/video-pipe-sw-v5/broncho_video/export/broncho_video/hw/broncho_video_wrapper.xsa -mem-ranges [list {0x40000000 0xbfffffff}] -regs
configparams force-mem-access 1
targets -set -nocase -filter {name =~"APU*"}
source /home/alen/repo/zynq-7020-video-pipe-3/sw/video-pipe-sw-v5/setup_video_pipe/_ide/psinit/ps7_init.tcl
ps7_init
ps7_post_config
targets -set -nocase -filter {name =~ "*A9*#0"}
dow /home/alen/repo/zynq-7020-video-pipe-3/sw/video-pipe-sw-v5/setup_video_pipe/Debug/setup_video_pipe.elf
configparams force-mem-access 0
----------------End of Script----------------

17:04:53 INFO  : Context for processor 'ps7_cortexa9_0' is selected.
17:04:53 INFO  : 'con' command is executed.
17:04:53 INFO  : ----------------XSDB Script (After Launch)----------------
targets -set -nocase -filter {name =~ "*A9*#0"}
con
----------------End of Script----------------

17:04:53 INFO  : Launch script is exported to file '/home/alen/repo/zynq-7020-video-pipe-3/sw/video-pipe-sw-v5/setup_video_pipe_system/_ide/scripts/debugger_setup_video_pipe-default.tcl'
17:40:53 DEBUG : Logs will be stored at '/home/alen/repo/zynq-7020-video-pipe-3/sw/video-pipe-sw-v5/IDE.log'.
17:40:54 INFO  : Launching XSCT server: xsct -n  -interactive /home/alen/repo/zynq-7020-video-pipe-3/sw/video-pipe-sw-v5/temp_xsdb_launch_script.tcl
17:40:56 INFO  : XSCT server has started successfully.
17:40:56 INFO  : plnx-install-location is set to ''
17:40:56 INFO  : Successfully done setting XSCT server connection channel  
17:40:56 INFO  : Successfully done setting workspace for the tool. 
17:40:56 INFO  : Platform repository initialization has completed.
17:40:56 INFO  : Successfully done query RDI_DATADIR 
17:40:56 INFO  : Registering command handlers for Vitis TCF services
17:42:08 INFO  : Connected to target on host '127.0.0.1' and port '3121'.
17:42:08 INFO  : Jtag cable 'Platform Cable USB II 000018dd489601' is selected.
17:42:08 INFO  : 'jtag frequency' command is executed.
17:42:08 INFO  : 'targets -set -filter {jtag_cable_name =~ "Platform Cable USB II 000018dd489601" && level==0 && jtag_device_ctx=="jsn-DLC10-000018dd489601-23727093-0"}' command is executed.
17:42:21 INFO  : Device configured successfully with "/home/alen/repo/zynq-7020-video-pipe-3/sw/video-pipe-sw-v5/BIT/broncho_video_wrapper.bit"
17:42:21 INFO  : Context for 'APU' is selected.
17:42:21 INFO  : Hardware design and registers information is loaded from '/home/alen/repo/zynq-7020-video-pipe-3/sw/video-pipe-sw-v5/broncho_video/export/broncho_video/hw/broncho_video_wrapper.xsa'.
17:42:21 INFO  : 'configparams force-mem-access 1' command is executed.
17:42:21 INFO  : Context for 'APU' is selected.
17:42:21 INFO  : 'stop' command is executed.
17:42:21 INFO  : Context for processor 'ps7_cortexa9_0' is selected.
17:42:21 INFO  : Processor reset is completed for 'ps7_cortexa9_0'.
17:42:23 INFO  : The application '/home/alen/repo/zynq-7020-video-pipe-3/sw/video-pipe-sw-v5/broncho_video/export/broncho_video/sw/broncho_video/boot/fsbl.elf' is downloaded to processor 'ps7_cortexa9_0'.
17:42:23 INFO  : 'set bp_42_23_fsbl_bp [bpadd -addr &XFsbl_Exit]' command is executed.
17:43:23 WARN  : Exit breakpoint of FSBL (XFsbl_Exit) is not hit within allocated wait time of '60' seconds.
Note: To wait for a fixed amount of time specify the FSBL function as empty in launch configuration. Use 'IDE_FSBL_BP_HIT_WAIT_TIME' environment variable in launch configuration to modify the wait time (seconds).
Reason: timeout: target has not halted
17:43:23 INFO  : 'bpremove $bp_42_23_fsbl_bp' command is executed.
17:43:35 INFO  : ----------------XSDB Script----------------
connect -url tcp:127.0.0.1:3121
targets -set -filter {jtag_cable_name =~ "Platform Cable USB II 000018dd489601" && level==0 && jtag_device_ctx=="jsn-DLC10-000018dd489601-23727093-0"}
fpga -file /home/alen/repo/zynq-7020-video-pipe-3/sw/video-pipe-sw-v5/BIT/broncho_video_wrapper.bit
targets -set -nocase -filter {name =~"APU*"}
loadhw -hw /home/alen/repo/zynq-7020-video-pipe-3/sw/video-pipe-sw-v5/broncho_video/export/broncho_video/hw/broncho_video_wrapper.xsa -mem-ranges [list {0x40000000 0xbfffffff}] -regs
configparams force-mem-access 1
targets -set -nocase -filter {name =~"APU*"}
stop
targets -set -nocase -filter {name =~ "*A9*#0"}
rst -processor
dow /home/alen/repo/zynq-7020-video-pipe-3/sw/video-pipe-sw-v5/broncho_video/export/broncho_video/sw/broncho_video/boot/fsbl.elf
set bp_42_23_fsbl_bp [bpadd -addr &XFsbl_Exit]
con -block -timeout 60
bpremove $bp_42_23_fsbl_bp
----------------End of Script----------------

17:43:44 INFO  : Connected to target on host '127.0.0.1' and port '3121'.
17:43:44 INFO  : Jtag cable 'Platform Cable USB II 000018dd489601' is selected.
17:43:44 INFO  : 'jtag frequency' command is executed.
17:43:44 INFO  : Context for 'APU' is selected.
17:43:45 INFO  : System reset is completed.
17:43:48 INFO  : 'after 3000' command is executed.
17:43:48 INFO  : 'targets -set -filter {jtag_cable_name =~ "Platform Cable USB II 000018dd489601" && level==0 && jtag_device_ctx=="jsn-DLC10-000018dd489601-23727093-0"}' command is executed.
17:43:59 INFO  : Device configured successfully with "/home/alen/repo/zynq-7020-video-pipe-3/sw/video-pipe-sw-v5/BIT/broncho_video_wrapper.bit"
17:43:59 INFO  : Context for 'APU' is selected.
17:43:59 INFO  : Hardware design and registers information is loaded from '/home/alen/repo/zynq-7020-video-pipe-3/sw/video-pipe-sw-v5/broncho_video/export/broncho_video/hw/broncho_video_wrapper.xsa'.
17:43:59 INFO  : 'configparams force-mem-access 1' command is executed.
17:43:59 INFO  : Context for 'APU' is selected.
17:43:59 INFO  : Sourcing of '/home/alen/repo/zynq-7020-video-pipe-3/sw/video-pipe-sw-v5/setup_video_pipe/_ide/psinit/ps7_init.tcl' is done.
17:44:02 INFO  : 'ps7_init' command is executed.
17:44:02 INFO  : 'ps7_post_config' command is executed.
17:44:02 INFO  : Context for processor 'ps7_cortexa9_0' is selected.
17:44:05 INFO  : The application '/home/alen/repo/zynq-7020-video-pipe-3/sw/video-pipe-sw-v5/setup_video_pipe/Debug/setup_video_pipe.elf' is downloaded to processor 'ps7_cortexa9_0'.
17:44:06 INFO  : 'configparams force-mem-access 0' command is executed.
17:44:06 INFO  : ----------------XSDB Script----------------
connect -url tcp:127.0.0.1:3121
targets -set -nocase -filter {name =~"APU*"}
rst -system
after 3000
targets -set -filter {jtag_cable_name =~ "Platform Cable USB II 000018dd489601" && level==0 && jtag_device_ctx=="jsn-DLC10-000018dd489601-23727093-0"}
fpga -file /home/alen/repo/zynq-7020-video-pipe-3/sw/video-pipe-sw-v5/BIT/broncho_video_wrapper.bit
targets -set -nocase -filter {name =~"APU*"}
loadhw -hw /home/alen/repo/zynq-7020-video-pipe-3/sw/video-pipe-sw-v5/broncho_video/export/broncho_video/hw/broncho_video_wrapper.xsa -mem-ranges [list {0x40000000 0xbfffffff}] -regs
configparams force-mem-access 1
targets -set -nocase -filter {name =~"APU*"}
source /home/alen/repo/zynq-7020-video-pipe-3/sw/video-pipe-sw-v5/setup_video_pipe/_ide/psinit/ps7_init.tcl
ps7_init
ps7_post_config
targets -set -nocase -filter {name =~ "*A9*#0"}
dow /home/alen/repo/zynq-7020-video-pipe-3/sw/video-pipe-sw-v5/setup_video_pipe/Debug/setup_video_pipe.elf
configparams force-mem-access 0
----------------End of Script----------------

17:44:06 INFO  : Context for processor 'ps7_cortexa9_0' is selected.
17:44:06 INFO  : 'con' command is executed.
17:44:06 INFO  : ----------------XSDB Script (After Launch)----------------
targets -set -nocase -filter {name =~ "*A9*#0"}
con
----------------End of Script----------------

17:44:06 INFO  : Launch script is exported to file '/home/alen/repo/zynq-7020-video-pipe-3/sw/video-pipe-sw-v5/setup_video_pipe_system/_ide/scripts/debugger_setup_video_pipe-default.tcl'
17:45:24 INFO  : Disconnected from the channel tcfchan#1.
