
*** Running vivado
    with args -log video_pipe_hw_clk_wiz_0_0.vds -m64 -product Vivado -mode batch -messageDb vivado.pb -notrace -source video_pipe_hw_clk_wiz_0_0.tcl


****** Vivado v2025.2 (64-bit)
  **** SW Build 6299465 on Fri Nov 14 12:34:56 MST 2025
  **** IP Build 6300035 on Fri Nov 14 10:48:45 MST 2025
  **** SharedData Build 6298862 on Thu Nov 13 04:50:51 MST 2025
  **** Start of session at: Sat Aug 29 16:03:43 2026
    ** Copyright 1986-2022 Xilinx, Inc. All Rights Reserved.
    ** Copyright 2022-2025 Advanced Micro Devices, Inc. All Rights Reserved.

source video_pipe_hw_clk_wiz_0_0.tcl -notrace
create_project: Time (s): cpu = 00:00:34 ; elapsed = 00:00:06 . Memory (MB): peak = 1592.980 ; gain = 107.055 ; free physical = 2499 ; free virtual = 4658
Command: synth_design -top video_pipe_hw_clk_wiz_0_0 -part xck26-sfvc784-2LV-c -incremental_mode off -mode out_of_context
Starting synth_design
Attempting to get a license for feature 'Synthesis' and/or device 'xck26'
INFO: [Common 17-349] Got license for feature 'Synthesis' and/or device 'xck26'
INFO: [Device 21-403] Loading part xck26-sfvc784-2LV-c
INFO: [Synth 8-7079] Multithreading enabled for synth_design using a maximum of 7 processes.
INFO: [Synth 8-7078] Launching helper process for spawning children vivado processes
INFO: [Synth 8-7075] Helper process launched with PID 222038
---------------------------------------------------------------------------------
Starting RTL Elaboration : Time (s): cpu = 00:00:11 ; elapsed = 00:00:11 . Memory (MB): peak = 2825.645 ; gain = 142.688 ; free physical = 1092 ; free virtual = 3251
---------------------------------------------------------------------------------
INFO: [Synth 8-6157] synthesizing module 'video_pipe_hw_clk_wiz_0_0' [/home/alen/git/AMD-FPGA-Practice/kv260-imx219-video/hw/video-pipe-hw-v0/video_pipe_hw.gen/sources_1/bd/video_pipe_hw/ip/video_pipe_hw_clk_wiz_0_0/video_pipe_hw_clk_wiz_0_0.v:65]
INFO: [Synth 8-6157] synthesizing module 'video_pipe_hw_clk_wiz_0_0_clk_wiz' [/home/alen/git/AMD-FPGA-Practice/kv260-imx219-video/hw/video-pipe-hw-v0/video_pipe_hw.gen/sources_1/bd/video_pipe_hw/ip/video_pipe_hw_clk_wiz_0_0/video_pipe_hw_clk_wiz_0_0_clk_wiz.v:65]
INFO: [Synth 8-6157] synthesizing module 'IBUF' [/home/alen/AMD-Xilinx/2025.2/Vivado/scripts/rt/data/unisim_comp.v:82804]
INFO: [Synth 8-6155] done synthesizing module 'IBUF' (0#1) [/home/alen/AMD-Xilinx/2025.2/Vivado/scripts/rt/data/unisim_comp.v:82804]
INFO: [Synth 8-6157] synthesizing module 'PLLE4_ADV' [/home/alen/AMD-Xilinx/2025.2/Vivado/scripts/rt/data/unisim_comp.v:134275]
	Parameter CLKFBOUT_MULT bound to: 4 - type: integer 
	Parameter CLKFBOUT_PHASE bound to: 0.000000e+00 - type: double 
	Parameter CLKIN_PERIOD bound to: 4.000000e+00 - type: double 
	Parameter CLKOUT0_DIVIDE bound to: 5 - type: integer 
	Parameter CLKOUT0_DUTY_CYCLE bound to: 5.000000e-01 - type: double 
	Parameter CLKOUT0_PHASE bound to: 0.000000e+00 - type: double 
	Parameter COMPENSATION bound to: AUTO - type: string 
	Parameter DIVCLK_DIVIDE bound to: 1 - type: integer 
	Parameter STARTUP_WAIT bound to: FALSE - type: string 
INFO: [Synth 8-6155] done synthesizing module 'PLLE4_ADV' (0#1) [/home/alen/AMD-Xilinx/2025.2/Vivado/scripts/rt/data/unisim_comp.v:134275]
INFO: [Synth 8-6157] synthesizing module 'BUFG' [/home/alen/AMD-Xilinx/2025.2/Vivado/scripts/rt/data/unisim_comp.v:2678]
INFO: [Synth 8-6155] done synthesizing module 'BUFG' (0#1) [/home/alen/AMD-Xilinx/2025.2/Vivado/scripts/rt/data/unisim_comp.v:2678]
INFO: [Synth 8-6155] done synthesizing module 'video_pipe_hw_clk_wiz_0_0_clk_wiz' (0#1) [/home/alen/git/AMD-FPGA-Practice/kv260-imx219-video/hw/video-pipe-hw-v0/video_pipe_hw.gen/sources_1/bd/video_pipe_hw/ip/video_pipe_hw_clk_wiz_0_0/video_pipe_hw_clk_wiz_0_0_clk_wiz.v:65]
INFO: [Synth 8-6155] done synthesizing module 'video_pipe_hw_clk_wiz_0_0' (0#1) [/home/alen/git/AMD-FPGA-Practice/kv260-imx219-video/hw/video-pipe-hw-v0/video_pipe_hw.gen/sources_1/bd/video_pipe_hw/ip/video_pipe_hw_clk_wiz_0_0/video_pipe_hw_clk_wiz_0_0.v:65]
---------------------------------------------------------------------------------
Finished RTL Elaboration : Time (s): cpu = 00:00:16 ; elapsed = 00:00:16 . Memory (MB): peak = 2915.613 ; gain = 232.656 ; free physical = 986 ; free virtual = 3146
---------------------------------------------------------------------------------
---------------------------------------------------------------------------------
Start Handling Custom Attributes
---------------------------------------------------------------------------------
---------------------------------------------------------------------------------
Finished Handling Custom Attributes : Time (s): cpu = 00:00:16 ; elapsed = 00:00:16 . Memory (MB): peak = 2915.613 ; gain = 232.656 ; free physical = 986 ; free virtual = 3146
---------------------------------------------------------------------------------
---------------------------------------------------------------------------------
Finished RTL Optimization Phase 1 : Time (s): cpu = 00:00:16 ; elapsed = 00:00:16 . Memory (MB): peak = 2915.613 ; gain = 232.656 ; free physical = 986 ; free virtual = 3146
---------------------------------------------------------------------------------
Netlist sorting complete. Time (s): cpu = 00:00:00 ; elapsed = 00:00:00 . Memory (MB): peak = 2915.613 ; gain = 0.000 ; free physical = 987 ; free virtual = 3147
INFO: [Netlist 29-17] Analyzing 3 Unisim elements for replacement
INFO: [Netlist 29-28] Unisim Transformation completed in 0 CPU seconds
INFO: [Project 1-570] Preparing netlist for logic optimization

Processing XDC Constraints
Initializing timing engine
Parsing XDC File [/home/alen/git/AMD-FPGA-Practice/kv260-imx219-video/hw/video-pipe-hw-v0/video_pipe_hw.gen/sources_1/bd/video_pipe_hw/ip/video_pipe_hw_clk_wiz_0_0/video_pipe_hw_clk_wiz_0_0_ooc.xdc] for cell 'inst'
Finished Parsing XDC File [/home/alen/git/AMD-FPGA-Practice/kv260-imx219-video/hw/video-pipe-hw-v0/video_pipe_hw.gen/sources_1/bd/video_pipe_hw/ip/video_pipe_hw_clk_wiz_0_0/video_pipe_hw_clk_wiz_0_0_ooc.xdc] for cell 'inst'
Parsing XDC File [/home/alen/git/AMD-FPGA-Practice/kv260-imx219-video/hw/video-pipe-hw-v0/video_pipe_hw.gen/sources_1/bd/video_pipe_hw/ip/video_pipe_hw_clk_wiz_0_0/video_pipe_hw_clk_wiz_0_0_board.xdc] for cell 'inst'
Finished Parsing XDC File [/home/alen/git/AMD-FPGA-Practice/kv260-imx219-video/hw/video-pipe-hw-v0/video_pipe_hw.gen/sources_1/bd/video_pipe_hw/ip/video_pipe_hw_clk_wiz_0_0/video_pipe_hw_clk_wiz_0_0_board.xdc] for cell 'inst'
Parsing XDC File [/home/alen/git/AMD-FPGA-Practice/kv260-imx219-video/hw/video-pipe-hw-v0/video_pipe_hw.gen/sources_1/bd/video_pipe_hw/ip/video_pipe_hw_clk_wiz_0_0/video_pipe_hw_clk_wiz_0_0.xdc] for cell 'inst'
create_clock: Time (s): cpu = 00:00:13 ; elapsed = 00:00:13 . Memory (MB): peak = 2955.633 ; gain = 0.000 ; free physical = 982 ; free virtual = 3143
Finished Parsing XDC File [/home/alen/git/AMD-FPGA-Practice/kv260-imx219-video/hw/video-pipe-hw-v0/video_pipe_hw.gen/sources_1/bd/video_pipe_hw/ip/video_pipe_hw_clk_wiz_0_0/video_pipe_hw_clk_wiz_0_0.xdc] for cell 'inst'
INFO: [Project 1-236] Implementation specific constraints were found while reading constraint file [/home/alen/git/AMD-FPGA-Practice/kv260-imx219-video/hw/video-pipe-hw-v0/video_pipe_hw.gen/sources_1/bd/video_pipe_hw/ip/video_pipe_hw_clk_wiz_0_0/video_pipe_hw_clk_wiz_0_0.xdc]. These constraints will be ignored for synthesis but will be used in implementation. Impacted constraints are listed in the file [.Xil/video_pipe_hw_clk_wiz_0_0_propImpl.xdc].
Resolution: To avoid this warning, move constraints listed in [.Xil/video_pipe_hw_clk_wiz_0_0_propImpl.xdc] to another XDC file and exclude this new file from synthesis with the used_in_synthesis property (File Properties dialog in GUI) and re-run elaboration/synthesis.
INFO: [Timing 38-2] Deriving generated clocks
Parsing XDC File [/home/alen/git/AMD-FPGA-Practice/kv260-imx219-video/hw/video-pipe-hw-v0/video_pipe_hw.runs/video_pipe_hw_clk_wiz_0_0_synth_1/dont_touch.xdc]
Finished Parsing XDC File [/home/alen/git/AMD-FPGA-Practice/kv260-imx219-video/hw/video-pipe-hw-v0/video_pipe_hw.runs/video_pipe_hw_clk_wiz_0_0_synth_1/dont_touch.xdc]
Completed Processing XDC Constraints

Netlist sorting complete. Time (s): cpu = 00:00:00 ; elapsed = 00:00:00 . Memory (MB): peak = 2955.633 ; gain = 0.000 ; free physical = 982 ; free virtual = 3143
INFO: [Project 1-111] Unisim Transformation Summary:
  A total of 2 instances were transformed.
  BUFG => BUFGCE: 1 instance 
  IBUF => IBUF (IBUFCTRL, INBUF): 1 instance 

Constraint Validation Runtime : Time (s): cpu = 00:00:00.02 ; elapsed = 00:00:00.02 . Memory (MB): peak = 2955.668 ; gain = 0.000 ; free physical = 982 ; free virtual = 3143
INFO: [Designutils 20-5008] Incremental synthesis strategy off
---------------------------------------------------------------------------------
Finished Constraint Validation : Time (s): cpu = 00:00:45 ; elapsed = 00:00:45 . Memory (MB): peak = 2955.668 ; gain = 272.711 ; free physical = 977 ; free virtual = 3138
---------------------------------------------------------------------------------
---------------------------------------------------------------------------------
Start Loading Part and Timing Information
---------------------------------------------------------------------------------
Loading part: xck26-sfvc784-2LV-c
INFO: [Synth 8-6742] Reading net delay rules and data
---------------------------------------------------------------------------------
Finished Loading Part and Timing Information : Time (s): cpu = 00:00:45 ; elapsed = 00:00:45 . Memory (MB): peak = 2963.637 ; gain = 280.680 ; free physical = 977 ; free virtual = 3138
---------------------------------------------------------------------------------
---------------------------------------------------------------------------------
Start Applying 'set_property' XDC Constraints
---------------------------------------------------------------------------------
---------------------------------------------------------------------------------
Finished applying 'set_property' XDC Constraints : Time (s): cpu = 00:00:45 ; elapsed = 00:00:45 . Memory (MB): peak = 2963.637 ; gain = 280.680 ; free physical = 977 ; free virtual = 3138
---------------------------------------------------------------------------------
---------------------------------------------------------------------------------
Finished RTL Optimization Phase 2 : Time (s): cpu = 00:00:46 ; elapsed = 00:00:46 . Memory (MB): peak = 2963.637 ; gain = 280.680 ; free physical = 976 ; free virtual = 3137
---------------------------------------------------------------------------------
---------------------------------------------------------------------------------
Start RTL Component Statistics 
---------------------------------------------------------------------------------
Detailed RTL Component Info : 
---------------------------------------------------------------------------------
Finished RTL Component Statistics 
---------------------------------------------------------------------------------
---------------------------------------------------------------------------------
Start Part Resource Summary
---------------------------------------------------------------------------------
Part Resources:
DSPs: 1248 (col length:96)
BRAMs: 288 (col length: RAMB18 96 RAMB36 48)
---------------------------------------------------------------------------------
Finished Part Resource Summary
---------------------------------------------------------------------------------
---------------------------------------------------------------------------------
Start Cross Boundary and Area Optimization
---------------------------------------------------------------------------------
---------------------------------------------------------------------------------
Finished Cross Boundary and Area Optimization : Time (s): cpu = 00:00:49 ; elapsed = 00:00:50 . Memory (MB): peak = 2963.637 ; gain = 280.680 ; free physical = 975 ; free virtual = 3137
---------------------------------------------------------------------------------
---------------------------------------------------------------------------------
Start Applying XDC Timing Constraints
---------------------------------------------------------------------------------
---------------------------------------------------------------------------------
Finished Applying XDC Timing Constraints : Time (s): cpu = 00:01:07 ; elapsed = 00:01:08 . Memory (MB): peak = 3614.129 ; gain = 931.172 ; free physical = 411 ; free virtual = 2572
---------------------------------------------------------------------------------
---------------------------------------------------------------------------------
Start Timing Optimization
---------------------------------------------------------------------------------
---------------------------------------------------------------------------------
Finished Timing Optimization : Time (s): cpu = 00:01:07 ; elapsed = 00:01:08 . Memory (MB): peak = 3614.129 ; gain = 931.172 ; free physical = 411 ; free virtual = 2572
---------------------------------------------------------------------------------
---------------------------------------------------------------------------------
Start Technology Mapping
---------------------------------------------------------------------------------
---------------------------------------------------------------------------------
Finished Technology Mapping : Time (s): cpu = 00:01:07 ; elapsed = 00:01:08 . Memory (MB): peak = 3624.145 ; gain = 941.188 ; free physical = 401 ; free virtual = 2563
---------------------------------------------------------------------------------
---------------------------------------------------------------------------------
Start IO Insertion
---------------------------------------------------------------------------------
---------------------------------------------------------------------------------
Start Flattening Before IO Insertion
---------------------------------------------------------------------------------
---------------------------------------------------------------------------------
Finished Flattening Before IO Insertion
---------------------------------------------------------------------------------
---------------------------------------------------------------------------------
Start Final Netlist Cleanup
---------------------------------------------------------------------------------
---------------------------------------------------------------------------------
Finished Final Netlist Cleanup
---------------------------------------------------------------------------------
---------------------------------------------------------------------------------
Finished IO Insertion : Time (s): cpu = 00:01:16 ; elapsed = 00:01:17 . Memory (MB): peak = 3818.957 ; gain = 1136.000 ; free physical = 231 ; free virtual = 2393
---------------------------------------------------------------------------------
---------------------------------------------------------------------------------
Start Renaming Generated Instances
---------------------------------------------------------------------------------
---------------------------------------------------------------------------------
Finished Renaming Generated Instances : Time (s): cpu = 00:01:16 ; elapsed = 00:01:17 . Memory (MB): peak = 3818.957 ; gain = 1136.000 ; free physical = 231 ; free virtual = 2393
---------------------------------------------------------------------------------
---------------------------------------------------------------------------------
Start Rebuilding User Hierarchy
---------------------------------------------------------------------------------
---------------------------------------------------------------------------------
Finished Rebuilding User Hierarchy : Time (s): cpu = 00:01:16 ; elapsed = 00:01:17 . Memory (MB): peak = 3818.957 ; gain = 1136.000 ; free physical = 231 ; free virtual = 2393
---------------------------------------------------------------------------------
---------------------------------------------------------------------------------
Start Renaming Generated Ports
---------------------------------------------------------------------------------
---------------------------------------------------------------------------------
Finished Renaming Generated Ports : Time (s): cpu = 00:01:16 ; elapsed = 00:01:17 . Memory (MB): peak = 3818.957 ; gain = 1136.000 ; free physical = 231 ; free virtual = 2393
---------------------------------------------------------------------------------
---------------------------------------------------------------------------------
Start Handling Custom Attributes
---------------------------------------------------------------------------------
---------------------------------------------------------------------------------
Finished Handling Custom Attributes : Time (s): cpu = 00:01:16 ; elapsed = 00:01:17 . Memory (MB): peak = 3818.957 ; gain = 1136.000 ; free physical = 231 ; free virtual = 2393
---------------------------------------------------------------------------------
---------------------------------------------------------------------------------
Start Renaming Generated Nets
---------------------------------------------------------------------------------
---------------------------------------------------------------------------------
Finished Renaming Generated Nets : Time (s): cpu = 00:01:16 ; elapsed = 00:01:17 . Memory (MB): peak = 3818.957 ; gain = 1136.000 ; free physical = 231 ; free virtual = 2393
---------------------------------------------------------------------------------
---------------------------------------------------------------------------------
Start Writing Synthesis Report
---------------------------------------------------------------------------------

Report BlackBoxes: 
+-+--------------+----------+
| |BlackBox name |Instances |
+-+--------------+----------+
+-+--------------+----------+

Report Cell Usage: 
+------+----------+------+
|      |Cell      |Count |
+------+----------+------+
|1     |BUFG      |     1|
|2     |PLLE4_ADV |     1|
|3     |IBUF      |     1|
+------+----------+------+
---------------------------------------------------------------------------------
Finished Writing Synthesis Report : Time (s): cpu = 00:01:16 ; elapsed = 00:01:17 . Memory (MB): peak = 3818.957 ; gain = 1136.000 ; free physical = 231 ; free virtual = 2393
---------------------------------------------------------------------------------
Synthesis finished with 0 errors, 0 critical warnings and 0 warnings.
Synthesis Optimization Runtime : Time (s): cpu = 00:01:01 ; elapsed = 00:01:02 . Memory (MB): peak = 3818.957 ; gain = 1095.945 ; free physical = 230 ; free virtual = 2392
Synthesis Optimization Complete : Time (s): cpu = 00:01:17 ; elapsed = 00:01:18 . Memory (MB): peak = 3818.957 ; gain = 1136.000 ; free physical = 230 ; free virtual = 2392
INFO: [Project 1-571] Translating synthesized netlist
Netlist sorting complete. Time (s): cpu = 00:00:00 ; elapsed = 00:00:00.01 . Memory (MB): peak = 3818.957 ; gain = 0.000 ; free physical = 229 ; free virtual = 2390
INFO: [Netlist 29-17] Analyzing 3 Unisim elements for replacement
INFO: [Netlist 29-28] Unisim Transformation completed in 0 CPU seconds
INFO: [Project 1-570] Preparing netlist for logic optimization
INFO: [Opt 31-138] Pushed 0 inverter(s) to 0 load pin(s).
INFO: [Opt 31-326] The CLKFBOUT to CLKFBIN net for instance inst/plle4_adv_inst with COMPENSATION=INTERNAL is optimized away to aid design routability
Netlist sorting complete. Time (s): cpu = 00:00:00 ; elapsed = 00:00:00 . Memory (MB): peak = 3818.957 ; gain = 0.000 ; free physical = 395 ; free virtual = 2556
INFO: [Project 1-111] Unisim Transformation Summary:
  A total of 2 instances were transformed.
  BUFG => BUFGCE: 1 instance 
  IBUF => IBUF (IBUFCTRL, INBUF): 1 instance 

Synth Design complete | Checksum: 5bf208e
INFO: [Common 17-83] Releasing license: Synthesis
31 Infos, 0 Warnings, 0 Critical Warnings and 0 Errors encountered.
synth_design completed successfully
synth_design: Time (s): cpu = 00:01:41 ; elapsed = 00:01:35 . Memory (MB): peak = 3818.957 ; gain = 2142.430 ; free physical = 395 ; free virtual = 2557
INFO: [Common 17-2834] synth_design peak Physical Memory [PSS] (MB): overall = 3178.358; main = 3091.387; forked = 331.007
INFO: [Common 17-2834] synth_design peak Virtual Memory [VSS] (MB): overall = 4674.129; main = 3745.273; forked = 993.980
Write ShapeDB Complete: Time (s): cpu = 00:00:00 ; elapsed = 00:00:00.01 . Memory (MB): peak = 3818.957 ; gain = 0.000 ; free physical = 395 ; free virtual = 2557
INFO: [Common 17-1381] The checkpoint '/home/alen/git/AMD-FPGA-Practice/kv260-imx219-video/hw/video-pipe-hw-v0/video_pipe_hw.runs/video_pipe_hw_clk_wiz_0_0_synth_1/video_pipe_hw_clk_wiz_0_0.dcp' has been generated.
INFO: [Coretcl 2-1648] Added synthesis output to IP cache for IP video_pipe_hw_clk_wiz_0_0, cache-ID = e2fdffeb3c5e36c2
Write ShapeDB Complete: Time (s): cpu = 00:00:00 ; elapsed = 00:00:00.01 . Memory (MB): peak = 3818.957 ; gain = 0.000 ; free physical = 406 ; free virtual = 2568
INFO: [Common 17-1381] The checkpoint '/home/alen/git/AMD-FPGA-Practice/kv260-imx219-video/hw/video-pipe-hw-v0/video_pipe_hw.runs/video_pipe_hw_clk_wiz_0_0_synth_1/video_pipe_hw_clk_wiz_0_0.dcp' has been generated.
INFO: [Vivado 12-24828] Executing command : report_utilization -file video_pipe_hw_clk_wiz_0_0_utilization_synth.rpt -pb video_pipe_hw_clk_wiz_0_0_utilization_synth.pb
INFO: [Common 17-206] Exiting Vivado at Sat Aug 29 16:05:45 2026...
